<?xml version="1.0" ?>

<verbosegc xmlns="http://www.ibm.com/j9/verbosegc" version="254af5a04_CMPRSS">

<initialized id="1" timestamp="2024-07-17T19:33:00.873">
  <attribute name="gcPolicy" value="-Xgcpolicy:gencon" />
  <attribute name="maxHeapSize" value="0xf7ac0000" />
  <attribute name="initialHeapSize" value="0x800000" />
  <attribute name="compressedRefs" value="true" />
  <attribute name="compressedRefsDisplacement" value="0x0" />
  <attribute name="compressedRefsShift" value="0x3" />
  <attribute name="pageSize" value="0x1000" />
  <attribute name="pageType" value="not used" />
  <attribute name="requestedPageSize" value="0x1000" />
  <attribute name="requestedPageType" value="not used" />
  <attribute name="gcthreads" value="12" />
  <attribute name="gcthreads Concurrent Mark" value="1" />
  <attribute name="packetListSplit" value="2" />
  <attribute name="cacheListSplit" value="2" />
  <attribute name="splitFreeListSplitAmount" value="2" />
  <attribute name="numaNodes" value="0" />
  <system>
    <attribute name="physicalMemory" value="16621170688" />
    <attribute name="addressablePhysicalMemory" value="16621170688" />
    <attribute name="container memory limit set" value="false" />
    <attribute name="numCPUs" value="12" />
    <attribute name="numCPUs active" value="12" />
    <attribute name="architecture" value="amd64" />
    <attribute name="os" value="Linux" />
    <attribute name="osVersion" value="5.15.153.1-microsoft-standard-WSL2" />
  </system>
  <vmargs>
    <vmarg name="-Xoptionsfile=/opt/java/openjdk/lib/options.default" />
    <vmarg name="-Xlockword:mode=default,noLockword=java/lang/String,noLockword=java/util/MapEntry,noLockword=java/util/HashMap$Entry,noLockword..." />
    <vmarg name="-XX:+EnsureHashed:java/lang/Class,java/lang/Thread" />
    <vmarg name="-Xjcl:jclse29" />
    <vmarg name="-Dcom.ibm.oti.vm.bootstrap.library.path=/opt/java/openjdk/lib/default:/opt/java/openjdk/lib" />
    <vmarg name="-Dsun.boot.library.path=/opt/java/openjdk/lib/default:/opt/java/openjdk/lib" />
    <vmarg name="-Djava.library.path=/opt/java/openjdk/lib/default:/opt/java/openjdk/lib:/usr/lib64:/usr/lib" />
    <vmarg name="-Djava.home=/opt/java/openjdk" />
    <vmarg name="-Duser.dir=/opt/ibm/wlp/output/defaultServer" />
    <vmarg name="-XX:+IgnoreUnrecognizedVMOptions" />
    <vmarg name="-XX:+PortableSharedCache" />
    <vmarg name="-XX:+IdleTuningGcOnIdle" />
    <vmarg name="-Xshareclasses:name=openj9_system_scc,cacheDir=/opt/java/.scc,readonly,nonFatal" />
    <vmarg name="-Xverbosegclog:/logs/verbosegc.%seq.log,10,1024" />
    <vmarg name="-XX:+IgnoreUnrecognizedVMOptions" />
    <vmarg name="-XX:+IdleTuningGcOnIdle" />
    <vmarg name="-Xshareclasses:name=openj9_system_scc,cacheDir=/opt/java/.scc,readonly,nonFatal" />
    <vmarg name="-Dosgi.checkConfiguration=false" />
    <vmarg name="-XX:+IgnoreUnrecognizedVMOptions" />
    <vmarg name="-XX:+IdleTuningGcOnIdle" />
    <vmarg name="-Xshareclasses:name=openj9_system_scc,cacheDir=/opt/java/.scc,readonly,nonFatal" />
    <vmarg name="-Dosgi.checkConfiguration=false" />
    <vmarg name="-javaagent:/opt/ibm/wlp/bin/tools/ws-javaagent.jar" />
    <vmarg name="-Djava.awt.headless=true" />
    <vmarg name="-Djdk.attach.allowAttachSelf=true" />
    <vmarg name="-Xbootclasspath/a:/opt/ibm/zosconnect/lib/icu4j-71.1.jar:/opt/ibm/zosconnect/lib/icu4j-charset-71.1.jar" />
    <vmarg name="--add-exports=java.base/sun.security.action=ALL-UNNAMED" />
    <vmarg name="--add-exports=java.naming/com.sun.jndi.ldap=ALL-UNNAMED" />
    <vmarg name="--add-exports=java.naming/com.sun.jndi.url.ldap=ALL-UNNAMED" />
    <vmarg name="--add-exports=jdk.naming.dns/com.sun.jndi.dns=ALL-UNNAMED" />
    <vmarg name="--add-exports=jdk.naming.dns/com.sun.jndi.url.dns=ALL-UNNAMED" />
    <vmarg name="--add-exports=java.security.jgss/sun.security.krb5.internal=ALL-UNNAMED" />
    <vmarg name="--add-exports=jdk.attach/sun.tools.attach=ALL-UNNAMED" />
    <vmarg name="--add-opens=java.base/java.util=ALL-UNNAMED" />
    <vmarg name="--add-opens=java.base/java.lang=ALL-UNNAMED" />
    <vmarg name="--add-opens=java.base/java.util.concurrent=ALL-UNNAMED" />
    <vmarg name="--add-opens=java.base/java.io=ALL-UNNAMED" />
    <vmarg name="--add-opens=java.base/java.nio=ALL-UNNAMED" />
    <vmarg name="--add-opens=java.base/sun.nio.ch=ALL-UNNAMED" />
    <vmarg name="--add-opens=java.naming/javax.naming.spi=ALL-UNNAMED" />
    <vmarg name="--add-opens=java.naming/com.sun.naming.internal=ALL-UNNAMED" />
    <vmarg name="--add-opens=jdk.naming.rmi/com.sun.jndi.url.rmi=ALL-UNNAMED" />
    <vmarg name="--add-opens=java.naming/javax.naming=ALL-UNNAMED" />
    <vmarg name="--add-opens=java.rmi/java.rmi=ALL-UNNAMED" />
    <vmarg name="--add-opens=java.sql/java.sql=ALL-UNNAMED" />
    <vmarg name="--add-opens=java.management/javax.management=ALL-UNNAMED" />
    <vmarg name="--add-opens=java.base/java.lang.reflect=ALL-UNNAMED" />
    <vmarg name="--add-opens=java.desktop/java.awt.image=ALL-UNNAMED" />
    <vmarg name="--add-opens=java.base/java.security=ALL-UNNAMED" />
    <vmarg name="--add-opens=java.base/java.net=ALL-UNNAMED" />
    <vmarg name="--add-opens=java.base/java.text=ALL-UNNAMED" />
    <vmarg name="--add-opens=java.base/sun.net.www.protocol.https=ALL-UNNAMED" />
    <vmarg name="--add-exports=jdk.management.agent/jdk.internal.agent=ALL-UNNAMED" />
    <vmarg name="--add-exports=java.base/jdk.internal.vm=ALL-UNNAMED" />
    <vmarg name="-Djava.class.path=/opt/ibm/wlp/bin/tools/ws-server.jar" />
    <vmarg name="-Dsun.java.command=/opt/ibm/wlp/bin/tools/ws-server.jar defaultServer --clean" />
    <vmarg name="-Dsun.java.launcher=SUN_STANDARD" />
  </vmargs>
</initialized>

<exclusive-start id="2" timestamp="2024-07-17T19:33:01.180" intervalms="306.677">
  <response-info timems="0.031" idlems="0.031" threads="0" lastid="000000000001E500" lastname="main" />
</exclusive-start>
<af-start id="3" threadId="000000000001EF38" totalBytesRequested="24" timestamp="2024-07-17T19:33:01.180" intervalms="306.930" type="nursery" />
<cycle-start id="4" type="scavenge" contextid="0" timestamp="2024-07-17T19:33:01.180" intervalms="307.208" />
<gc-start id="5" type="scavenge" contextid="4" timestamp="2024-07-17T19:33:01.180">
  <mem-info id="6" free="6075128" total="8388608" percent="72">
    <mem type="nursery" free="0" total="2097152" percent="0">
      <mem type="allocate" free="0" total="1048576" percent="0" />
      <mem type="survivor" free="0" total="1048576" percent="0" />
    </mem>
    <mem type="tenure" free="6075128" total="6291456" percent="96">
      <mem type="soa" free="5759736" total="5976064" percent="96" />
      <mem type="loa" free="315392" total="315392" percent="100" />
    </mem>
    <remembered-set count="3010" />
  </mem-info>
</gc-start>
<allocation-stats totalBytes="1264304" discardedBytes="600" >
  <allocated-bytes non-tlh="232720" tlh="1031584" />
  <largest-consumer threadName="main" threadId="000000000001E500" bytes="1211056" />
</allocation-stats>
<gc-op id="7" type="scavenge" timems="1.263" contextid="4" timestamp="2024-07-17T19:33:01.182">
  <scavenger-info tenureage="2" tenuremask="fffc" tiltratio="50" />
  <memory-copied type="nursery" objects="10138" bytes="480016" bytesdiscarded="39872" />
  <finalization candidates="170" enqueued="106" />
  <ownableSynchronizers candidates="1" cleared="0" />
  <references type="soft" candidates="20" cleared="0" enqueued="0" dynamicThreshold="32" maxThreshold="32" />
  <references type="weak" candidates="125" cleared="26" enqueued="26" />
  <references type="phantom" candidates="23" cleared="5" enqueued="5" />
  <object-monitors candidates="1" cleared="0"  />
</gc-op>
<gc-end id="8" type="scavenge" contextid="4" durationms="1.883" usertimems="2.254" systemtimems="0.839" stalltimems="2.201" timestamp="2024-07-17T19:33:01.182" activeThreads="4">
  <mem-info id="9" free="6602672" total="8388608" percent="78">
    <mem type="nursery" free="527544" total="2097152" percent="25">
      <mem type="allocate" free="527544" total="1048576" percent="50" />
      <mem type="survivor" free="0" total="1048576" percent="0" />
    </mem>
    <mem type="tenure" free="6075128" total="6291456" percent="96">
      <mem type="soa" free="5759736" total="5976064" percent="96" />
      <mem type="loa" free="315392" total="315392" percent="100" />
    </mem>
    <pending-finalizers system="106" default="0" reference="31" classloader="0" />
    <remembered-set count="3010" />
  </mem-info>
</gc-end>
<cycle-end id="10" type="scavenge" contextid="4" timestamp="2024-07-17T19:33:01.182" />
<allocation-satisfied id="11" threadId="000000000001E500" bytesRequested="24" />
<af-end id="12" timestamp="2024-07-17T19:33:01.183" threadId="000000000001EF38" success="true" from="nursery"/>
<exclusive-end id="13" timestamp="2024-07-17T19:33:01.183" durationms="3.348" />

<exclusive-start id="14" timestamp="2024-07-17T19:33:01.201" intervalms="21.704">
  <response-info timems="0.030" idlems="0.030" threads="0" lastid="000000000001E500" lastname="main" />
</exclusive-start>
<af-start id="15" threadId="000000000001EF38" totalBytesRequested="13408" timestamp="2024-07-17T19:33:01.202" intervalms="21.764" type="nursery" />
<cycle-start id="16" type="scavenge" contextid="0" timestamp="2024-07-17T19:33:01.202" intervalms="21.691" />
<gc-start id="17" type="scavenge" contextid="16" timestamp="2024-07-17T19:33:01.202">
  <mem-info id="18" free="6028952" total="8388608" percent="71">
    <mem type="nursery" free="0" total="2097152" percent="0">
      <mem type="allocate" free="0" total="1048576" percent="0" />
      <mem type="survivor" free="0" total="1048576" percent="0" />
    </mem>
    <mem type="tenure" free="6028952" total="6291456" percent="95">
      <mem type="soa" free="5713560" total="5976064" percent="95" />
      <mem type="loa" free="315392" total="315392" percent="100" />
    </mem>
    <remembered-set count="3817" />
  </mem-info>
</gc-start>
<allocation-stats totalBytes="510096" discardedBytes="63624" >
  <allocated-bytes non-tlh="46200" tlh="463896" />
  <largest-consumer threadName="main" threadId="000000000001E500" bytes="436248" />
</allocation-stats>
<gc-op id="19" type="scavenge" timems="1.258" contextid="16" timestamp="2024-07-17T19:33:01.204">
  <scavenger-info tenureage="5" tenuremask="7fe0" tiltratio="50" />
  <memory-copied type="nursery" objects="11340" bytes="535152" bytesdiscarded="167744" />
  <finalization candidates="119" enqueued="35" />
  <ownableSynchronizers candidates="1" cleared="0" />
  <references type="soft" candidates="39" cleared="0" enqueued="0" dynamicThreshold="32" maxThreshold="32" />
  <references type="weak" candidates="210" cleared="84" enqueued="84" />
  <references type="phantom" candidates="22" cleared="3" enqueued="3" />
  <object-monitors candidates="1" cleared="0"  />
</gc-op>
<gc-end id="20" type="scavenge" contextid="16" durationms="1.835" usertimems="3.120" systemtimems="0.000" stalltimems="0.953" timestamp="2024-07-17T19:33:01.204" activeThreads="3">
  <mem-info id="21" free="6373384" total="8388608" percent="75">
    <mem type="nursery" free="344432" total="2097152" percent="16">
      <mem type="allocate" free="344432" total="1048576" percent="32" />
      <mem type="survivor" free="0" total="1048576" percent="0" />
    </mem>
    <mem type="tenure" free="6028952" total="6291456" percent="95">
      <mem type="soa" free="5713560" total="5976064" percent="95" />
      <mem type="loa" free="315392" total="315392" percent="100" />
    </mem>
    <pending-finalizers system="35" default="0" reference="87" classloader="0" />
    <remembered-set count="3817" />
  </mem-info>
</gc-end>
<cycle-end id="22" type="scavenge" contextid="16" timestamp="2024-07-17T19:33:01.204" />
<allocation-satisfied id="23" threadId="000000000001E500" bytesRequested="13408" />
<af-end id="24" timestamp="2024-07-17T19:33:01.204" threadId="000000000001EF38" success="true" from="nursery"/>
<exclusive-end id="25" timestamp="2024-07-17T19:33:01.205" durationms="3.296" />

<exclusive-start id="26" timestamp="2024-07-17T19:33:01.217" intervalms="15.307">
  <response-info timems="0.028" idlems="0.028" threads="0" lastid="000000000001E500" lastname="main" />
</exclusive-start>
<af-start id="27" threadId="000000000001EF38" totalBytesRequested="8200" timestamp="2024-07-17T19:33:01.217" intervalms="15.256" type="nursery" />
<cycle-start id="28" type="scavenge" contextid="0" timestamp="2024-07-17T19:33:01.217" intervalms="15.327" />
<gc-start id="29" type="scavenge" contextid="28" timestamp="2024-07-17T19:33:01.217">
  <mem-info id="30" free="6020296" total="8388608" percent="71">
    <mem type="nursery" free="0" total="2097152" percent="0">
      <mem type="allocate" free="0" total="1048576" percent="0" />
      <mem type="survivor" free="0" total="1048576" percent="0" />
    </mem>
    <mem type="tenure" free="6020296" total="6291456" percent="95">
      <mem type="soa" free="5704904" total="5976064" percent="95" />
      <mem type="loa" free="315392" total="315392" percent="100" />
    </mem>
    <remembered-set count="3923" />
  </mem-info>
</gc-start>
<allocation-stats totalBytes="344736" discardedBytes="8352" >
  <allocated-bytes non-tlh="22064" tlh="322672" />
  <largest-consumer threadName="main" threadId="000000000001E500" bytes="344736" />
</allocation-stats>
<gc-op id="31" type="scavenge" timems="1.130" contextid="28" timestamp="2024-07-17T19:33:01.219">
  <scavenger-info tenureage="4" tenuremask="7ff0" tiltratio="50" />
  <memory-copied type="nursery" objects="11920" bytes="535904" bytesdiscarded="72464" />
  <finalization candidates="86" enqueued="1" />
  <ownableSynchronizers candidates="1" cleared="0" />
  <references type="soft" candidates="41" cleared="0" enqueued="0" dynamicThreshold="32" maxThreshold="32" />
  <references type="weak" candidates="175" cleared="50" enqueued="50" />
  <references type="phantom" candidates="20" cleared="1" enqueued="1" />
  <object-monitors candidates="1" cleared="0"  />
</gc-op>
<heap-resize id="32" type="expand" space="nursery" amount="262144" count="1" timems="0.085" reason="excessive time being spent scavenging" timestamp="2024-07-17T19:33:01.219" />
<gc-end id="33" type="scavenge" contextid="28" durationms="2.096" usertimems="2.746" systemtimems="0.000" stalltimems="0.868" timestamp="2024-07-17T19:33:01.219" activeThreads="3">
  <mem-info id="34" free="6590352" total="8650752" percent="76">
    <mem type="nursery" free="570056" total="2359296" percent="24">
      <mem type="allocate" free="570056" total="1179648" percent="48" />
      <mem type="survivor" free="0" total="1179648" percent="0" />
    </mem>
    <mem type="tenure" free="6020296" total="6291456" percent="95">
      <mem type="soa" free="5704904" total="5976064" percent="95" />
      <mem type="loa" free="315392" total="315392" percent="100" />
    </mem>
    <pending-finalizers system="1" default="0" reference="51" classloader="0" />
    <remembered-set count="1723" />
  </mem-info>
</gc-end>
<cycle-end id="35" type="scavenge" contextid="28" timestamp="2024-07-17T19:33:01.220" />
<allocation-satisfied id="36" threadId="000000000001E500" bytesRequested="8200" />
<af-end id="37" timestamp="2024-07-17T19:33:01.220" threadId="000000000001EF38" success="true" from="nursery"/>
<exclusive-end id="38" timestamp="2024-07-17T19:33:01.220" durationms="3.737" />

<exclusive-start id="39" timestamp="2024-07-17T19:33:01.287" intervalms="70.102">
  <response-info timems="0.027" idlems="0.027" threads="0" lastid="000000000001E500" lastname="main" />
</exclusive-start>
<af-start id="40" threadId="000000000001EF38" totalBytesRequested="312" timestamp="2024-07-17T19:33:01.287" intervalms="70.255" type="nursery" />
<cycle-start id="41" type="scavenge" contextid="0" timestamp="2024-07-17T19:33:01.288" intervalms="70.335" />
<gc-start id="42" type="scavenge" contextid="41" timestamp="2024-07-17T19:33:01.288">
  <mem-info id="43" free="6004704" total="8650752" percent="69">
    <mem type="nursery" free="0" total="2359296" percent="0">
      <mem type="allocate" free="0" total="1179648" percent="0" />
      <mem type="survivor" free="0" total="1179648" percent="0" />
    </mem>
    <mem type="tenure" free="6004704" total="6291456" percent="95">
      <mem type="soa" free="5689312" total="5976064" percent="95" />
      <mem type="loa" free="315392" total="315392" percent="100" />
    </mem>
    <remembered-set count="1934" />
  </mem-info>
</gc-start>
<allocation-stats totalBytes="584792" discardedBytes="856" >
  <allocated-bytes non-tlh="23792" tlh="561000" />
  <largest-consumer threadName="main" threadId="000000000001E500" bytes="584792" />
</allocation-stats>
<gc-op id="44" type="scavenge" timems="1.994" contextid="41" timestamp="2024-07-17T19:33:01.291">
  <scavenger-info tenureage="3" tenuremask="fff8" tiltratio="50" />
  <memory-copied type="nursery" objects="2278" bytes="79000" bytesdiscarded="36488" />
  <memory-copied type="tenure" objects="9895" bytes="465728" bytesdiscarded="640" />
  <finalization candidates="128" enqueued="26" />
  <ownableSynchronizers candidates="2" cleared="0" />
  <references type="soft" candidates="37" cleared="0" enqueued="0" dynamicThreshold="32" maxThreshold="32" />
  <references type="weak" candidates="101" cleared="55" enqueued="55" />
  <references type="phantom" candidates="4" cleared="3" enqueued="3" />
  <object-monitors candidates="1" cleared="0"  />
</gc-op>
<gc-end id="45" type="scavenge" contextid="41" durationms="3.044" usertimems="3.016" systemtimems="1.065" stalltimems="1.975" timestamp="2024-07-17T19:33:01.291" activeThreads="3">
  <mem-info id="46" free="6564056" total="8650752" percent="75">
    <mem type="nursery" free="1063944" total="2359296" percent="45">
      <mem type="allocate" free="1063944" total="1179648" percent="90" />
      <mem type="survivor" free="0" total="1179648" percent="0" />
    </mem>
    <mem type="tenure" free="5500112" total="6291456" percent="87">
      <mem type="soa" free="5184720" total="5976064" percent="86" />
      <mem type="loa" free="315392" total="315392" percent="100" />
    </mem>
    <pending-finalizers system="26" default="0" reference="58" classloader="0" />
    <remembered-set count="489" />
  </mem-info>
</gc-end>
<cycle-end id="47" type="scavenge" contextid="41" timestamp="2024-07-17T19:33:01.291" />
<allocation-satisfied id="48" threadId="000000000001E500" bytesRequested="312" />
<af-end id="49" timestamp="2024-07-17T19:33:01.292" threadId="000000000001EF38" success="true" from="nursery"/>
<exclusive-end id="50" timestamp="2024-07-17T19:33:01.292" durationms="5.482" />

<exclusive-start id="51" timestamp="2024-07-17T19:33:01.348" intervalms="61.456">
  <response-info timems="0.029" idlems="0.029" threads="0" lastid="000000000001E500" lastname="main" />
</exclusive-start>
<af-start id="52" threadId="000000000001EF38" totalBytesRequested="482208" timestamp="2024-07-17T19:33:01.349" intervalms="61.494" type="nursery" />
<cycle-start id="53" type="scavenge" contextid="0" timestamp="2024-07-17T19:33:01.349" intervalms="61.564" />
<gc-start id="54" type="scavenge" contextid="53" timestamp="2024-07-17T19:33:01.349">
  <mem-info id="55" free="5616904" total="8650752" percent="64">
    <mem type="nursery" free="178896" total="2359296" percent="7">
      <mem type="allocate" free="178896" total="1179648" percent="15" />
      <mem type="survivor" free="0" total="1179648" percent="0" />
    </mem>
    <mem type="tenure" free="5438008" total="6291456" percent="86">
      <mem type="soa" free="5122616" total="5976064" percent="85" />
      <mem type="loa" free="315392" total="315392" percent="100" />
    </mem>
    <remembered-set count="1520" />
  </mem-info>
</gc-start>
<allocation-stats totalBytes="946416" discardedBytes="736" >
  <allocated-bytes non-tlh="62416" tlh="884000" />
  <largest-consumer threadName="main" threadId="000000000001E500" bytes="946416" />
</allocation-stats>
<gc-op id="56" type="scavenge" timems="1.452" contextid="53" timestamp="2024-07-17T19:33:01.352">
  <scavenger-info tenureage="3" tenuremask="fff8" tiltratio="50" />
  <memory-copied type="nursery" objects="7561" bytes="345088" bytesdiscarded="160840" />
  <memory-copied type="tenure" objects="1081" bytes="36480" bytesdiscarded="8" />
  <finalization candidates="115" enqueued="46" />
  <ownableSynchronizers candidates="1" cleared="0" />
  <references type="soft" candidates="79" cleared="0" enqueued="0" dynamicThreshold="32" maxThreshold="32" />
  <references type="weak" candidates="89" cleared="34" enqueued="34" />
  <references type="phantom" candidates="12" cleared="7" enqueued="7" />
  <object-monitors candidates="1" cleared="0"  />
</gc-op>
<gc-end id="57" type="scavenge" contextid="53" durationms="2.562" usertimems="1.805" systemtimems="0.656" stalltimems="1.823" timestamp="2024-07-17T19:33:01.352" activeThreads="3">
  <mem-info id="58" free="5975168" total="8650752" percent="69">
    <mem type="nursery" free="673352" total="2359296" percent="28">
      <mem type="allocate" free="673352" total="1179648" percent="57" />
      <mem type="survivor" free="0" total="1179648" percent="0" />
    </mem>
    <mem type="tenure" free="5301816" total="6291456" percent="84">
      <mem type="soa" free="4986424" total="5976064" percent="83" />
      <mem type="loa" free="315392" total="315392" percent="100" />
    </mem>
    <pending-finalizers system="46" default="0" reference="41" classloader="0" />
    <remembered-set count="1379" />
  </mem-info>
</gc-end>
<cycle-end id="59" type="scavenge" contextid="53" timestamp="2024-07-17T19:33:01.352" />
<allocation-satisfied id="60" threadId="000000000001E500" bytesRequested="482208" />
<af-end id="61" timestamp="2024-07-17T19:33:01.353" threadId="000000000001EF38" success="true" from="nursery"/>
<exclusive-end id="62" timestamp="2024-07-17T19:33:01.353" durationms="5.157" />

<exclusive-start id="63" timestamp="2024-07-17T19:33:01.360" intervalms="11.670">
  <response-info timems="0.020" idlems="0.020" threads="0" lastid="000000000001E500" lastname="main" />
</exclusive-start>
<af-start id="64" threadId="000000000001EF38" totalBytesRequested="32" timestamp="2024-07-17T19:33:01.360" intervalms="11.618" type="nursery" />
<cycle-start id="65" type="scavenge" contextid="0" timestamp="2024-07-17T19:33:01.361" intervalms="11.593" />
<gc-start id="66" type="scavenge" contextid="65" timestamp="2024-07-17T19:33:01.361">
  <mem-info id="67" free="5255472" total="8650752" percent="60">
    <mem type="nursery" free="0" total="2359296" percent="0">
      <mem type="allocate" free="0" total="1179648" percent="0" />
      <mem type="survivor" free="0" total="1179648" percent="0" />
    </mem>
    <mem type="tenure" free="5255472" total="6291456" percent="83">
      <mem type="soa" free="4940080" total="5976064" percent="82" />
      <mem type="loa" free="315392" total="315392" percent="100" />
    </mem>
    <remembered-set count="2249" />
  </mem-info>
</gc-start>
<allocation-stats totalBytes="719512" discardedBytes="184" >
  <allocated-bytes non-tlh="592280" tlh="127232" />
  <largest-consumer threadName="main" threadId="000000000001E500" bytes="719512" />
</allocation-stats>
<gc-op id="68" type="scavenge" timems="1.418" contextid="65" timestamp="2024-07-17T19:33:01.363">
  <scavenger-info tenureage="3" tenuremask="fff8" tiltratio="50" />
  <memory-copied type="nursery" objects="7952" bytes="960552" bytesdiscarded="195744" />
  <memory-copied type="tenure" objects="411" bytes="14672" bytesdiscarded="0" />
  <finalization candidates="56" enqueued="4" />
  <ownableSynchronizers candidates="1" cleared="0" />
  <references type="soft" candidates="85" cleared="0" enqueued="0" dynamicThreshold="32" maxThreshold="32" />
  <references type="weak" candidates="59" cleared="1" enqueued="1" />
  <references type="phantom" candidates="11" cleared="1" enqueued="1" />
  <object-monitors candidates="1" cleared="0"  />
</gc-op>
<heap-resize id="69" type="expand" space="nursery" amount="393216" count="1" timems="0.020" reason="excessive time being spent scavenging" timestamp="2024-07-17T19:33:01.364" />
<gc-end id="70" type="scavenge" contextid="65" durationms="2.960" usertimems="0.000" systemtimems="2.374" stalltimems="2.097" timestamp="2024-07-17T19:33:01.364" activeThreads="3">
  <mem-info id="71" free="5456440" total="9043968" percent="60">
    <mem type="nursery" free="219656" total="2752512" percent="7">
      <mem type="allocate" free="219656" total="1376256" percent="15" />
      <mem type="survivor" free="0" total="1376256" percent="0" />
    </mem>
    <mem type="tenure" free="5236784" total="6291456" percent="83">
      <mem type="soa" free="4921392" total="5976064" percent="82" />
      <mem type="loa" free="315392" total="315392" percent="100" />
    </mem>
    <pending-finalizers system="4" default="0" reference="2" classloader="0" />
    <remembered-set count="2045" />
  </mem-info>
</gc-end>
<cycle-end id="72" type="scavenge" contextid="65" timestamp="2024-07-17T19:33:01.364" />
<allocation-satisfied id="73" threadId="000000000001E500" bytesRequested="32" />
<af-end id="74" timestamp="2024-07-17T19:33:01.365" threadId="000000000001EF38" success="true" from="nursery"/>
<exclusive-end id="75" timestamp="2024-07-17T19:33:01.365" durationms="5.500" />

<exclusive-start id="76" timestamp="2024-07-17T19:33:01.369" intervalms="9.137">
  <response-info timems="0.142" idlems="0.100" threads="1" lastid="0000000000022100" lastname="JIT Compilation Thread-000" />
</exclusive-start>
<af-start id="77" threadId="000000000001EF38" totalBytesRequested="16" timestamp="2024-07-17T19:33:01.369" intervalms="9.090" type="nursery" />
<cycle-start id="78" type="scavenge" contextid="0" timestamp="2024-07-17T19:33:01.370" intervalms="9.015" />
<gc-start id="79" type="scavenge" contextid="78" timestamp="2024-07-17T19:33:01.370">
  <mem-info id="80" free="5232760" total="9043968" percent="57">
    <mem type="nursery" free="0" total="2752512" percent="0">
      <mem type="allocate" free="0" total="1376256" percent="0" />
      <mem type="survivor" free="0" total="1376256" percent="0" />
    </mem>
    <mem type="tenure" free="5232760" total="6291456" percent="83">
      <mem type="soa" free="4917368" total="5976064" percent="82" />
      <mem type="loa" free="315392" total="315392" percent="100" />
    </mem>
    <remembered-set count="2091" />
  </mem-info>
</gc-start>
<allocation-stats totalBytes="223312" discardedBytes="368" >
  <allocated-bytes non-tlh="4056" tlh="219256" />
  <largest-consumer threadName="main" threadId="000000000001E500" bytes="223312" />
</allocation-stats>
<gc-op id="81" type="scavenge" timems="1.496" contextid="78" timestamp="2024-07-17T19:33:01.372">
  <scavenger-info tenureage="3" tenuremask="7ff8" tiltratio="50" />
  <memory-copied type="nursery" objects="11132" bytes="1121064" bytesdiscarded="127576" />
  <memory-copied type="tenure" objects="443" bytes="15048" bytesdiscarded="0" />
  <finalization candidates="51" enqueued="0" />
  <ownableSynchronizers candidates="1" cleared="0" />
  <references type="soft" candidates="72" cleared="0" enqueued="0" dynamicThreshold="32" maxThreshold="32" />
  <references type="weak" candidates="39" cleared="0" enqueued="0" />
  <references type="phantom" candidates="8" cleared="0" enqueued="0" />
  <object-monitors candidates="1" cleared="0"  />
</gc-op>
<heap-resize id="82" type="expand" space="nursery" amount="131072" count="1" timems="0.019" reason="excessive time being spent scavenging" timestamp="2024-07-17T19:33:01.372" />
<gc-end id="83" type="scavenge" contextid="78" durationms="2.693" usertimems="0.000" systemtimems="2.846" stalltimems="1.726" timestamp="2024-07-17T19:33:01.373" activeThreads="3">
  <mem-info id="84" free="5377672" total="9175040" percent="58">
    <mem type="nursery" free="192528" total="2883584" percent="6">
      <mem type="allocate" free="192528" total="1441792" percent="13" />
      <mem type="survivor" free="0" total="1441792" percent="0" />
    </mem>
    <mem type="tenure" free="5185144" total="6291456" percent="82">
      <mem type="soa" free="4869752" total="5976064" percent="81" />
      <mem type="loa" free="315392" total="315392" percent="100" />
    </mem>
    <remembered-set count="1101" />
  </mem-info>
</gc-end>
<cycle-end id="85" type="scavenge" contextid="78" timestamp="2024-07-17T19:33:01.373" />
<allocation-satisfied id="86" threadId="000000000001E500" bytesRequested="16" />
<af-end id="87" timestamp="2024-07-17T19:33:01.374" threadId="000000000001EF38" success="true" from="nursery"/>
<exclusive-end id="88" timestamp="2024-07-17T19:33:01.374" durationms="4.895" />

<exclusive-start id="89" timestamp="2024-07-17T19:33:01.377" intervalms="7.966">
  <response-info timems="0.020" idlems="0.020" threads="0" lastid="000000000001E500" lastname="main" />
</exclusive-start>
<af-start id="90" threadId="000000000001EF38" totalBytesRequested="16392" timestamp="2024-07-17T19:33:01.377" intervalms="7.906" type="nursery" />
<cycle-start id="91" type="scavenge" contextid="0" timestamp="2024-07-17T19:33:01.378" intervalms="7.895" />
<gc-start id="92" type="scavenge" contextid="91" timestamp="2024-07-17T19:33:01.378">
  <mem-info id="93" free="5179016" total="9175040" percent="56">
    <mem type="nursery" free="0" total="2883584" percent="0">
      <mem type="allocate" free="0" total="1441792" percent="0" />
      <mem type="survivor" free="0" total="1441792" percent="0" />
    </mem>
    <mem type="tenure" free="5179016" total="6291456" percent="82">
      <mem type="soa" free="4863624" total="5976064" percent="81" />
      <mem type="loa" free="315392" total="315392" percent="100" />
    </mem>
    <remembered-set count="1197" />
  </mem-info>
</gc-start>
<allocation-stats totalBytes="163632" discardedBytes="35024" >
  <allocated-bytes non-tlh="6144" tlh="157488" />
  <largest-consumer threadName="main" threadId="000000000001E500" bytes="163632" />
</allocation-stats>
<gc-op id="94" type="scavenge" timems="1.361" contextid="91" timestamp="2024-07-17T19:33:01.380">
  <scavenger-info tenureage="2" tenuremask="7ffc" tiltratio="50" />
  <memory-copied type="nursery" objects="3943" bytes="220848" bytesdiscarded="47056" />
  <memory-copied type="tenure" objects="7438" bytes="909936" bytesdiscarded="576" />
  <finalization candidates="34" enqueued="0" />
  <references type="soft" candidates="7" cleared="0" enqueued="0" dynamicThreshold="32" maxThreshold="32" />
  <references type="phantom" candidates="1" cleared="0" enqueued="0" />
  <object-monitors candidates="1" cleared="0"  />
</gc-op>
<heap-resize id="95" type="expand" space="nursery" amount="393216" count="1" timems="0.019" reason="excessive time being spent scavenging" timestamp="2024-07-17T19:33:01.380" />
<gc-end id="96" type="scavenge" contextid="91" durationms="2.257" usertimems="1.892" systemtimems="0.723" stalltimems="1.526" timestamp="2024-07-17T19:33:01.380" activeThreads="3">
  <mem-info id="97" free="5634360" total="9568256" percent="58">
    <mem type="nursery" free="1370104" total="3276800" percent="41">
      <mem type="allocate" free="1370104" total="1638400" percent="83" />
      <mem type="survivor" free="0" total="1638400" percent="0" />
    </mem>
    <mem type="tenure" free="4264256" total="6291456" percent="67">
      <mem type="soa" free="3948864" total="5976064" percent="66" />
      <mem type="loa" free="315392" total="315392" percent="100" />
    </mem>
    <remembered-set count="236" />
  </mem-info>
</gc-end>
<cycle-end id="98" type="scavenge" contextid="91" timestamp="2024-07-17T19:33:01.380" />
<allocation-satisfied id="99" threadId="000000000001E500" bytesRequested="16392" />
<af-end id="100" timestamp="2024-07-17T19:33:01.381" threadId="000000000001EF38" success="true" from="nursery"/>
<exclusive-end id="101" timestamp="2024-07-17T19:33:01.381" durationms="3.969" />

<exclusive-start id="102" timestamp="2024-07-17T19:33:01.406" intervalms="29.495">
  <response-info timems="0.075" idlems="0.040" threads="1" lastid="0000000000022100" lastname="JIT Compilation Thread-000" />
</exclusive-start>
<af-start id="103" threadId="000000000001EF38" totalBytesRequested="1032" timestamp="2024-07-17T19:33:01.407" intervalms="29.593" type="nursery" />
<cycle-start id="104" type="scavenge" contextid="0" timestamp="2024-07-17T19:33:01.407" intervalms="29.623" />
<gc-start id="105" type="scavenge" contextid="104" timestamp="2024-07-17T19:33:01.408">
  <mem-info id="106" free="4256848" total="9568256" percent="44">
    <mem type="nursery" free="0" total="3276800" percent="0">
      <mem type="allocate" free="0" total="1638400" percent="0" />
      <mem type="survivor" free="0" total="1638400" percent="0" />
    </mem>
    <mem type="tenure" free="4256848" total="6291456" percent="67">
      <mem type="soa" free="3941456" total="5976064" percent="65" />
      <mem type="loa" free="315392" total="315392" percent="100" />
    </mem>
    <remembered-set count="356" />
  </mem-info>
</gc-start>
<allocation-stats totalBytes="1375960" discardedBytes="1552" >
  <allocated-bytes non-tlh="114352" tlh="1261608" />
  <largest-consumer threadName="main" threadId="000000000001E500" bytes="1375960" />
</allocation-stats>
<gc-op id="107" type="scavenge" timems="0.866" contextid="104" timestamp="2024-07-17T19:33:01.409">
  <scavenger-info tenureage="2" tenuremask="fffc" tiltratio="50" />
  <memory-copied type="nursery" objects="666" bytes="29232" bytesdiscarded="47296" />
  <memory-copied type="tenure" objects="3628" bytes="184168" bytesdiscarded="144" />
  <references type="soft" candidates="6" cleared="0" enqueued="0" dynamicThreshold="32" maxThreshold="32" />
  <references type="weak" candidates="45" cleared="43" enqueued="43" />
  <references type="phantom" candidates="1" cleared="0" enqueued="0" />
  <object-monitors candidates="1" cleared="0"  />
</gc-op>
<gc-end id="108" type="scavenge" contextid="104" durationms="1.805" usertimems="0.959" systemtimems="0.353" stalltimems="1.041" timestamp="2024-07-17T19:33:01.409" activeThreads="3">
  <mem-info id="109" free="5958992" total="9568256" percent="62">
    <mem type="nursery" free="1889536" total="3276800" percent="57">
      <mem type="allocate" free="1889536" total="1966080" percent="96" />
      <mem type="survivor" free="0" total="1310720" percent="0" />
    </mem>
    <mem type="tenure" free="4069456" total="6291456" percent="64">
      <mem type="soa" free="3754064" total="5976064" percent="62" />
      <mem type="loa" free="315392" total="315392" percent="100" />
    </mem>
    <pending-finalizers system="0" default="0" reference="43" classloader="0" />
    <remembered-set count="296" />
  </mem-info>
</gc-end>
<cycle-end id="110" type="scavenge" contextid="104" timestamp="2024-07-17T19:33:01.410" />
<allocation-satisfied id="111" threadId="000000000001E500" bytesRequested="1032" />
<af-end id="112" timestamp="2024-07-17T19:33:01.410" threadId="000000000001EF38" success="true" from="nursery"/>
<exclusive-end id="113" timestamp="2024-07-17T19:33:01.411" durationms="4.155" />

<exclusive-start id="114" timestamp="2024-07-17T19:33:01.457" intervalms="50.543">
  <response-info timems="0.038" idlems="0.038" threads="0" lastid="000000000001E500" lastname="main" />
</exclusive-start>
<af-start id="115" threadId="000000000001EF38" totalBytesRequested="32" timestamp="2024-07-17T19:33:01.457" intervalms="50.590" type="nursery" />
<cycle-start id="116" type="scavenge" contextid="0" timestamp="2024-07-17T19:33:01.458" intervalms="50.644" />
<gc-start id="117" type="scavenge" contextid="116" timestamp="2024-07-17T19:33:01.458">
  <mem-info id="118" free="3951640" total="9568256" percent="41">
    <mem type="nursery" free="0" total="3276800" percent="0">
      <mem type="allocate" free="0" total="1966080" percent="0" />
      <mem type="survivor" free="0" total="1310720" percent="0" />
    </mem>
    <mem type="tenure" free="3951640" total="6291456" percent="62">
      <mem type="soa" free="3636248" total="5976064" percent="60" />
      <mem type="loa" free="315392" total="315392" percent="100" />
    </mem>
    <remembered-set count="1909" />
  </mem-info>
</gc-start>
<allocation-stats totalBytes="2005416" discardedBytes="1936" >
  <allocated-bytes non-tlh="209400" tlh="1796016" />
  <largest-consumer threadName="main" threadId="000000000001E500" bytes="2005416" />
</allocation-stats>
<gc-op id="119" type="scavenge" timems="1.164" contextid="116" timestamp="2024-07-17T19:33:01.460">
  <scavenger-info tenureage="3" tenuremask="fff8" tiltratio="60" />
  <memory-copied type="nursery" objects="5704" bytes="335048" bytesdiscarded="38400" />
  <finalization candidates="282" enqueued="182" />
  <ownableSynchronizers candidates="2" cleared="0" />
  <references type="soft" candidates="87" cleared="0" enqueued="0" dynamicThreshold="32" maxThreshold="32" />
  <references type="weak" candidates="392" cleared="270" enqueued="270" />
  <references type="phantom" candidates="24" cleared="13" enqueued="13" />
  <object-monitors candidates="1" cleared="0"  />
</gc-op>
<gc-end id="120" type="scavenge" contextid="116" durationms="2.292" usertimems="1.188" systemtimems="0.390" stalltimems="0.815" timestamp="2024-07-17T19:33:01.461" activeThreads="2">
  <mem-info id="121" free="5674856" total="9568256" percent="59">
    <mem type="nursery" free="1723216" total="3276800" percent="52">
      <mem type="allocate" free="1723216" total="2097152" percent="82" />
      <mem type="survivor" free="0" total="1179648" percent="0" />
    </mem>
    <mem type="tenure" free="3951640" total="6291456" percent="62">
      <mem type="soa" free="3636248" total="5976064" percent="60" />
      <mem type="loa" free="315392" total="315392" percent="100" />
    </mem>
    <pending-finalizers system="182" default="0" reference="283" classloader="0" />
    <remembered-set count="1814" />
  </mem-info>
</gc-end>
<cycle-end id="122" type="scavenge" contextid="116" timestamp="2024-07-17T19:33:01.461" />
<allocation-satisfied id="123" threadId="000000000001E500" bytesRequested="32" />
<af-end id="124" timestamp="2024-07-17T19:33:01.462" threadId="000000000001EF38" success="true" from="nursery"/>
<exclusive-end id="125" timestamp="2024-07-17T19:33:01.462" durationms="5.008" />

<exclusive-start id="126" timestamp="2024-07-17T19:33:01.522" intervalms="65.096">
  <response-info timems="0.025" idlems="0.025" threads="0" lastid="000000000001E500" lastname="main" />
</exclusive-start>
<af-start id="127" threadId="000000000001EF38" totalBytesRequested="24" timestamp="2024-07-17T19:33:01.522" intervalms="65.037" type="nursery" />
<cycle-start id="128" type="scavenge" contextid="0" timestamp="2024-07-17T19:33:01.523" intervalms="64.993" />
<gc-start id="129" type="scavenge" contextid="128" timestamp="2024-07-17T19:33:01.523">
  <mem-info id="130" free="3783104" total="9568256" percent="39">
    <mem type="nursery" free="0" total="3276800" percent="0">
      <mem type="allocate" free="0" total="2097152" percent="0" />
      <mem type="survivor" free="0" total="1179648" percent="0" />
    </mem>
    <mem type="tenure" free="3783104" total="6291456" percent="60">
      <mem type="soa" free="3467712" total="5976064" percent="58" />
      <mem type="loa" free="315392" total="315392" percent="100" />
    </mem>
    <remembered-set count="4132" />
  </mem-info>
</gc-start>
<allocation-stats totalBytes="1890728" discardedBytes="1024" >
  <allocated-bytes non-tlh="168568" tlh="1722160" />
  <largest-consumer threadName="main" threadId="000000000001E500" bytes="1886632" />
</allocation-stats>
<gc-op id="131" type="scavenge" timems="1.856" contextid="128" timestamp="2024-07-17T19:33:01.526">
  <scavenger-info tenureage="3" tenuremask="fff8" tiltratio="64" />
  <memory-copied type="nursery" objects="21113" bytes="907608" bytesdiscarded="21576" />
  <memory-copied type="tenure" objects="212" bytes="6968" bytesdiscarded="8" />
  <finalization candidates="333" enqueued="156" />
  <ownableSynchronizers candidates="9" cleared="0" />
  <references type="soft" candidates="2438" cleared="0" enqueued="0" dynamicThreshold="32" maxThreshold="32" />
  <references type="weak" candidates="522" cleared="283" enqueued="283" />
  <references type="phantom" candidates="46" cleared="32" enqueued="32" />
  <object-monitors candidates="5" cleared="0"  />
</gc-op>
<gc-end id="132" type="scavenge" contextid="128" durationms="2.784" usertimems="2.615" systemtimems="0.763" stalltimems="0.486" timestamp="2024-07-17T19:33:01.526" activeThreads="2">
  <mem-info id="133" free="4421280" total="9568256" percent="46">
    <mem type="nursery" free="708064" total="3276800" percent="21">
      <mem type="allocate" free="708064" total="1638400" percent="43" />
      <mem type="survivor" free="0" total="1638400" percent="0" />
    </mem>
    <mem type="tenure" free="3713216" total="6291456" percent="59">
      <mem type="soa" free="3397824" total="5976064" percent="56" />
      <mem type="loa" free="315392" total="315392" percent="100" />
    </mem>
    <pending-finalizers system="156" default="0" reference="315" classloader="0" />
    <remembered-set count="4000" />
  </mem-info>
</gc-end>
<cycle-end id="134" type="scavenge" contextid="128" timestamp="2024-07-17T19:33:01.526" />
<allocation-satisfied id="135" threadId="000000000001E500" bytesRequested="24" />
<af-end id="136" timestamp="2024-07-17T19:33:01.527" threadId="000000000001EF38" success="true" from="nursery"/>
<exclusive-end id="137" timestamp="2024-07-17T19:33:01.527" durationms="4.955" />

<exclusive-start id="138" timestamp="2024-07-17T19:33:01.543" intervalms="21.123">
  <response-info timems="0.029" idlems="0.029" threads="0" lastid="000000000001E500" lastname="main" />
</exclusive-start>
<af-start id="139" threadId="000000000001EF38" totalBytesRequested="16392" timestamp="2024-07-17T19:33:01.544" intervalms="21.047" type="nursery" />
<cycle-start id="140" type="scavenge" contextid="0" timestamp="2024-07-17T19:33:01.544" intervalms="20.963" />
<gc-start id="141" type="scavenge" contextid="140" timestamp="2024-07-17T19:33:01.544">
  <mem-info id="142" free="3700792" total="9568256" percent="38">
    <mem type="nursery" free="0" total="3276800" percent="0">
      <mem type="allocate" free="0" total="1638400" percent="0" />
      <mem type="survivor" free="0" total="1638400" percent="0" />
    </mem>
    <mem type="tenure" free="3700792" total="6291456" percent="58">
      <mem type="soa" free="3385400" total="5976064" percent="56" />
      <mem type="loa" free="315392" total="315392" percent="100" />
    </mem>
    <remembered-set count="4223" />
  </mem-info>
</gc-start>
<allocation-stats totalBytes="696392" discardedBytes="24096" >
  <allocated-bytes non-tlh="12448" tlh="683944" />
  <largest-consumer threadName="main" threadId="000000000001E500" bytes="692296" />
</allocation-stats>
<gc-op id="143" type="scavenge" timems="2.056" contextid="140" timestamp="2024-07-17T19:33:01.547">
  <scavenger-info tenureage="2" tenuremask="7ffc" tiltratio="50" />
  <memory-copied type="nursery" objects="20981" bytes="807264" bytesdiscarded="30024" />
  <memory-copied type="tenure" objects="4554" bytes="294320" bytesdiscarded="1056" />
  <finalization candidates="189" enqueued="6" />
  <ownableSynchronizers candidates="9" cleared="0" />
  <references type="soft" candidates="4192" cleared="0" enqueued="0" dynamicThreshold="32" maxThreshold="32" />
  <references type="weak" candidates="170" cleared="48" enqueued="48" />
  <references type="phantom" candidates="7" cleared="2" enqueued="2" />
  <object-monitors candidates="5" cleared="0"  />
</gc-op>
<heap-resize id="144" type="expand" space="nursery" amount="262144" count="1" timems="0.019" reason="excessive time being spent scavenging" timestamp="2024-07-17T19:33:01.547" />
<gc-end id="145" type="scavenge" contextid="140" durationms="3.284" usertimems="2.984" systemtimems="0.858" stalltimems="0.396" timestamp="2024-07-17T19:33:01.547" activeThreads="2">
  <mem-info id="146" free="4456504" total="9830400" percent="45">
    <mem type="nursery" free="1062736" total="3538944" percent="30">
      <mem type="allocate" free="1062736" total="1900544" percent="55" />
      <mem type="survivor" free="0" total="1638400" percent="0" />
    </mem>
    <mem type="tenure" free="3393768" total="6291456" percent="53">
      <mem type="soa" free="3078376" total="5976064" percent="51" />
      <mem type="loa" free="315392" total="315392" percent="100" />
    </mem>
    <pending-finalizers system="6" default="0" reference="50" classloader="0" />
    <remembered-set count="2682" />
  </mem-info>
</gc-end>
<cycle-end id="147" type="scavenge" contextid="140" timestamp="2024-07-17T19:33:01.548" />
<allocation-satisfied id="148" threadId="000000000001E500" bytesRequested="16392" />
<af-end id="149" timestamp="2024-07-17T19:33:01.548" threadId="000000000001EF38" success="true" from="nursery"/>
<exclusive-end id="150" timestamp="2024-07-17T19:33:01.549" durationms="5.278" />

<exclusive-start id="151" timestamp="2024-07-17T19:33:01.581" intervalms="38.192">
  <response-info timems="0.027" idlems="0.027" threads="0" lastid="000000000001E500" lastname="main" />
</exclusive-start>
<af-start id="152" threadId="000000000001EF38" totalBytesRequested="16392" timestamp="2024-07-17T19:33:01.582" intervalms="38.262" type="nursery" />
<cycle-start id="153" type="scavenge" contextid="0" timestamp="2024-07-17T19:33:01.582" intervalms="38.342" />
<gc-start id="154" type="scavenge" contextid="153" timestamp="2024-07-17T19:33:01.582">
  <mem-info id="155" free="3322104" total="9830400" percent="33">
    <mem type="nursery" free="0" total="3538944" percent="0">
      <mem type="allocate" free="0" total="1900544" percent="0" />
      <mem type="survivor" free="0" total="1638400" percent="0" />
    </mem>
    <mem type="tenure" free="3322104" total="6291456" percent="52">
      <mem type="soa" free="3006712" total="5976064" percent="50" />
      <mem type="loa" free="315392" total="315392" percent="100" />
    </mem>
    <remembered-set count="3686" />
  </mem-info>
</gc-start>
<allocation-stats totalBytes="1132472" discardedBytes="1928" >
  <allocated-bytes non-tlh="88056" tlh="1044416" />
  <largest-consumer threadName="main" threadId="000000000001E500" bytes="1132472" />
</allocation-stats>
<gc-op id="156" type="scavenge" timems="2.033" contextid="153" timestamp="2024-07-17T19:33:01.585">
  <scavenger-info tenureage="1" tenuremask="7ffe" tiltratio="53" />
  <memory-copied type="nursery" objects="4623" bytes="159320" bytesdiscarded="160752" />
  <memory-copied type="tenure" objects="20465" bytes="761832" bytesdiscarded="440" />
  <finalization candidates="181" enqueued="64" />
  <ownableSynchronizers candidates="10" cleared="0" />
  <references type="soft" candidates="90" cleared="0" enqueued="0" dynamicThreshold="32" maxThreshold="32" />
  <references type="weak" candidates="323" cleared="289" enqueued="289" />
  <references type="phantom" candidates="19" cleared="18" enqueued="18" />
  <object-monitors candidates="5" cleared="0"  />
</gc-op>
<gc-end id="157" type="scavenge" contextid="153" durationms="2.961" usertimems="2.961" systemtimems="0.807" stalltimems="0.358" timestamp="2024-07-17T19:33:01.585" activeThreads="2">
  <mem-info id="158" free="4337728" total="9830400" percent="44">
    <mem type="nursery" free="1776640" total="3538944" percent="50">
      <mem type="allocate" free="1776640" total="2097152" percent="84" />
      <mem type="survivor" free="0" total="1441792" percent="0" />
    </mem>
    <mem type="tenure" free="2561088" total="6291456" percent="40">
      <mem type="soa" free="2245696" total="5976064" percent="37" />
      <mem type="loa" free="315392" total="315392" percent="100" />
    </mem>
    <pending-finalizers system="64" default="0" reference="307" classloader="0" />
    <remembered-set count="1314" />
  </mem-info>
</gc-end>
<cycle-end id="159" type="scavenge" contextid="153" timestamp="2024-07-17T19:33:01.586" />
<allocation-satisfied id="160" threadId="000000000001E500" bytesRequested="16392" />
<af-end id="161" timestamp="2024-07-17T19:33:01.586" threadId="000000000001EF38" success="true" from="nursery"/>
<exclusive-end id="162" timestamp="2024-07-17T19:33:01.587" durationms="5.346" />

<exclusive-start id="163" timestamp="2024-07-17T19:33:01.633" intervalms="52.009">
  <response-info timems="0.031" idlems="0.031" threads="0" lastid="000000000001E500" lastname="main" />
</exclusive-start>
<af-start id="164" threadId="000000000001EF38" totalBytesRequested="16" timestamp="2024-07-17T19:33:01.634" intervalms="52.045" type="nursery" />
<cycle-start id="165" type="scavenge" contextid="0" timestamp="2024-07-17T19:33:01.634" intervalms="52.125" />
<gc-start id="166" type="scavenge" contextid="165" timestamp="2024-07-17T19:33:01.635">
  <mem-info id="167" free="2498152" total="9830400" percent="25">
    <mem type="nursery" free="0" total="3538944" percent="0">
      <mem type="allocate" free="0" total="2097152" percent="0" />
      <mem type="survivor" free="0" total="1441792" percent="0" />
    </mem>
    <mem type="tenure" free="2498152" total="6291456" percent="39">
      <mem type="soa" free="2182760" total="5976064" percent="36" />
      <mem type="loa" free="315392" total="315392" percent="100" />
    </mem>
    <remembered-set count="2095" />
  </mem-info>
</gc-start>
<allocation-stats totalBytes="1839016" discardedBytes="560" >
  <allocated-bytes non-tlh="79328" tlh="1759688" />
  <largest-consumer threadName="main" threadId="000000000001E500" bytes="1820640" />
</allocation-stats>
<gc-op id="168" type="scavenge" timems="1.433" contextid="165" timestamp="2024-07-17T19:33:01.637">
  <scavenger-info tenureage="2" tenuremask="7ffc" tiltratio="59" />
  <memory-copied type="nursery" objects="15170" bytes="462960" bytesdiscarded="46944" />
  <finalization candidates="141" enqueued="76" />
  <ownableSynchronizers candidates="18" cleared="3" />
  <references type="soft" candidates="106" cleared="0" enqueued="0" dynamicThreshold="32" maxThreshold="32" />
  <references type="weak" candidates="365" cleared="288" enqueued="288" />
  <references type="phantom" candidates="7" cleared="5" enqueued="5" />
  <object-monitors candidates="5" cleared="0"  />
</gc-op>
<gc-end id="169" type="scavenge" contextid="165" durationms="2.192" usertimems="2.941" systemtimems="0.000" stalltimems="1.271" timestamp="2024-07-17T19:33:01.637" activeThreads="3">
  <mem-info id="170" free="4215912" total="9830400" percent="42">
    <mem type="nursery" free="1717760" total="3538944" percent="48">
      <mem type="allocate" free="1717760" total="2228224" percent="77" />
      <mem type="survivor" free="0" total="1310720" percent="0" />
    </mem>
    <mem type="tenure" free="2498152" total="6291456" percent="39">
      <mem type="soa" free="2182760" total="5976064" percent="36" />
      <mem type="loa" free="315392" total="315392" percent="100" />
    </mem>
    <pending-finalizers system="76" default="0" reference="293" classloader="0" />
    <remembered-set count="1872" />
  </mem-info>
</gc-end>
<cycle-end id="171" type="scavenge" contextid="165" timestamp="2024-07-17T19:33:01.637" />
<allocation-satisfied id="172" threadId="000000000001E500" bytesRequested="16" />
<af-end id="173" timestamp="2024-07-17T19:33:01.637" threadId="000000000001EF38" success="true" from="nursery"/>
<exclusive-end id="174" timestamp="2024-07-17T19:33:01.638" durationms="4.118" />

<exclusive-start id="175" timestamp="2024-07-17T19:33:01.666" intervalms="32.712">
  <response-info timems="0.032" idlems="0.032" threads="0" lastid="000000000001E500" lastname="main" />
</exclusive-start>
<af-start id="176" threadId="000000000001EF38" totalBytesRequested="14320" timestamp="2024-07-17T19:33:01.667" intervalms="32.724" type="nursery" />
<cycle-start id="177" type="scavenge" contextid="0" timestamp="2024-07-17T19:33:01.667" intervalms="32.738" />
<gc-start id="178" type="scavenge" contextid="177" timestamp="2024-07-17T19:33:01.667">
  <mem-info id="179" free="2446168" total="9830400" percent="24">
    <mem type="nursery" free="0" total="3538944" percent="0">
      <mem type="allocate" free="0" total="2228224" percent="0" />
      <mem type="survivor" free="0" total="1310720" percent="0" />
    </mem>
    <mem type="tenure" free="2446168" total="6291456" percent="38">
      <mem type="soa" free="2130776" total="5976064" percent="35" />
      <mem type="loa" free="315392" total="315392" percent="100" />
    </mem>
    <remembered-set count="2576" />
  </mem-info>
</gc-start>
<allocation-stats totalBytes="1762176" discardedBytes="7568" >
  <allocated-bytes non-tlh="90688" tlh="1671488" />
  <largest-consumer threadName="main" threadId="000000000001E500" bytes="1564856" />
</allocation-stats>
<gc-op id="180" type="scavenge" timems="1.834" contextid="177" timestamp="2024-07-17T19:33:01.670">
  <scavenger-info tenureage="2" tenuremask="7ffc" tiltratio="62" />
  <memory-copied type="nursery" objects="16896" bytes="557712" bytesdiscarded="93784" />
  <memory-copied type="tenure" objects="3944" bytes="126000" bytesdiscarded="16" />
  <finalization candidates="171" enqueued="66" />
  <ownableSynchronizers candidates="22" cleared="0" />
  <references type="soft" candidates="74" cleared="0" enqueued="0" dynamicThreshold="32" maxThreshold="32" />
  <references type="weak" candidates="361" cleared="237" enqueued="237" />
  <references type="phantom" candidates="15" cleared="10" enqueued="10" />
  <object-monitors candidates="5" cleared="0"  />
</gc-op>
<heap-resize id="181" type="expand" space="nursery" amount="262144" count="1" timems="0.018" reason="excessive time being spent scavenging" timestamp="2024-07-17T19:33:01.670" />
<gc-end id="182" type="scavenge" contextid="177" durationms="3.068" usertimems="3.961" systemtimems="0.000" stalltimems="1.554" timestamp="2024-07-17T19:33:01.671" activeThreads="3">
  <mem-info id="183" free="4131664" total="10092544" percent="40">
    <mem type="nursery" free="1837824" total="3801088" percent="48">
      <mem type="allocate" free="1837824" total="2490368" percent="73" />
      <mem type="survivor" free="0" total="1310720" percent="0" />
    </mem>
    <mem type="tenure" free="2293840" total="6291456" percent="36">
      <mem type="soa" free="1978448" total="5976064" percent="33" />
      <mem type="loa" free="315392" total="315392" percent="100" />
    </mem>
    <pending-finalizers system="66" default="0" reference="247" classloader="0" />
    <remembered-set count="1620" />
  </mem-info>
</gc-end>
<cycle-end id="184" type="scavenge" contextid="177" timestamp="2024-07-17T19:33:01.671" />
<allocation-satisfied id="185" threadId="000000000001E500" bytesRequested="14320" />
<af-end id="186" timestamp="2024-07-17T19:33:01.671" threadId="000000000001EF38" success="true" from="nursery"/>
<exclusive-end id="187" timestamp="2024-07-17T19:33:01.671" durationms="5.350" />

<exclusive-start id="188" timestamp="2024-07-17T19:33:01.704" intervalms="37.924">
  <response-info timems="0.033" idlems="0.033" threads="0" lastid="000000000001E500" lastname="main" />
</exclusive-start>
<af-start id="189" threadId="000000000001EF38" totalBytesRequested="8200" timestamp="2024-07-17T19:33:01.704" intervalms="37.756" type="nursery" />
<cycle-start id="190" type="scavenge" contextid="0" timestamp="2024-07-17T19:33:01.705" intervalms="37.493" />
<gc-start id="191" type="scavenge" contextid="190" timestamp="2024-07-17T19:33:01.705">
  <mem-info id="192" free="2292944" total="10092544" percent="22">
    <mem type="nursery" free="0" total="3801088" percent="0">
      <mem type="allocate" free="0" total="2490368" percent="0" />
      <mem type="survivor" free="0" total="1310720" percent="0" />
    </mem>
    <mem type="tenure" free="2292944" total="6291456" percent="36">
      <mem type="soa" free="1977552" total="5976064" percent="33" />
      <mem type="loa" free="315392" total="315392" percent="100" />
    </mem>
    <remembered-set count="1653" />
  </mem-info>
</gc-start>
<allocation-stats totalBytes="1790280" discardedBytes="48440" >
  <allocated-bytes non-tlh="336648" tlh="1453632" />
  <largest-consumer threadName="main" threadId="000000000001E500" bytes="1790280" />
</allocation-stats>
<gc-op id="193" type="scavenge" timems="1.297" contextid="190" timestamp="2024-07-17T19:33:01.706">
  <scavenger-info tenureage="2" tenuremask="7ffc" tiltratio="65" />
  <memory-copied type="nursery" objects="7067" bytes="277128" bytesdiscarded="91824" />
  <memory-copied type="tenure" objects="10034" bytes="294032" bytesdiscarded="112" />
  <finalization candidates="71" enqueued="0" />
  <ownableSynchronizers candidates="19" cleared="0" />
  <references type="soft" candidates="58" cleared="0" enqueued="0" dynamicThreshold="32" maxThreshold="32" />
  <references type="weak" candidates="81" cleared="0" enqueued="0" />
  <references type="phantom" candidates="4" cleared="0" enqueued="0" />
  <object-monitors candidates="5" cleared="0"  />
</gc-op>
<gc-end id="194" type="scavenge" contextid="190" durationms="1.787" usertimems="3.037" systemtimems="0.000" stalltimems="1.001" timestamp="2024-07-17T19:33:01.707" activeThreads="3">
  <mem-info id="195" free="4292304" total="10092544" percent="42">
    <mem type="nursery" free="2317568" total="3801088" percent="60">
      <mem type="allocate" free="2317568" total="2686976" percent="86" />
      <mem type="survivor" free="0" total="1114112" percent="0" />
    </mem>
    <mem type="tenure" free="1974736" total="6291456" percent="31">
      <mem type="soa" free="1659344" total="5976064" percent="27" />
      <mem type="loa" free="315392" total="315392" percent="100" />
    </mem>
    <remembered-set count="889" />
  </mem-info>
</gc-end>
<cycle-end id="196" type="scavenge" contextid="190" timestamp="2024-07-17T19:33:01.707" />
<allocation-satisfied id="197" threadId="000000000001E500" bytesRequested="8200" />
<af-end id="198" timestamp="2024-07-17T19:33:01.707" threadId="000000000001EF38" success="true" from="nursery"/>
<exclusive-end id="199" timestamp="2024-07-17T19:33:01.707" durationms="3.027" />

<exclusive-start id="200" timestamp="2024-07-17T19:33:01.730" intervalms="25.992">
  <response-info timems="0.036" idlems="0.036" threads="0" lastid="000000000001E500" lastname="main" />
</exclusive-start>
<af-start id="201" threadId="000000000001EF38" totalBytesRequested="31064" timestamp="2024-07-17T19:33:01.730" intervalms="26.019" type="nursery" />
<cycle-start id="202" type="scavenge" contextid="0" timestamp="2024-07-17T19:33:01.731" intervalms="26.123" />
<gc-start id="203" type="scavenge" contextid="202" timestamp="2024-07-17T19:33:01.731">
  <mem-info id="204" free="1974584" total="10092544" percent="19">
    <mem type="nursery" free="0" total="3801088" percent="0">
      <mem type="allocate" free="0" total="2686976" percent="0" />
      <mem type="survivor" free="0" total="1114112" percent="0" />
    </mem>
    <mem type="tenure" free="1974584" total="6291456" percent="31">
      <mem type="soa" free="1659192" total="5976064" percent="27" />
      <mem type="loa" free="315392" total="315392" percent="100" />
    </mem>
    <remembered-set count="899" />
  </mem-info>
</gc-start>
<allocation-stats totalBytes="2225928" discardedBytes="91792" >
  <allocated-bytes non-tlh="478192" tlh="1747736" />
  <largest-consumer threadName="main" threadId="000000000001E500" bytes="2225928" />
</allocation-stats>
<gc-op id="205" type="scavenge" timems="1.001" contextid="202" timestamp="2024-07-17T19:33:01.732">
  <scavenger-info tenureage="2" tenuremask="7ffc" tiltratio="70" />
  <memory-copied type="nursery" objects="676" bytes="283056" bytesdiscarded="73696" />
  <memory-copied type="tenure" objects="6619" bytes="254856" bytesdiscarded="112" />
  <finalization candidates="40" enqueued="0" />
  <ownableSynchronizers candidates="7" cleared="0" />
  <references type="phantom" candidates="2" cleared="0" enqueued="0" />
  <object-monitors candidates="5" cleared="0"  />
</gc-op>
<heap-resize id="206" type="expand" space="nursery" amount="262144" count="1" timems="0.020" reason="excessive time being spent scavenging" timestamp="2024-07-17T19:33:01.733" />
<gc-end id="207" type="scavenge" contextid="202" durationms="2.048" usertimems="0.000" systemtimems="2.088" stalltimems="1.062" timestamp="2024-07-17T19:33:01.733" activeThreads="3">
  <mem-info id="208" free="4397472" total="10354688" percent="42">
    <mem type="nursery" free="2657896" total="4063232" percent="65">
      <mem type="allocate" free="2657896" total="3014656" percent="88" />
      <mem type="survivor" free="0" total="1048576" percent="0" />
    </mem>
    <mem type="tenure" free="1739576" total="6291456" percent="27">
      <mem type="soa" free="1424184" total="5976064" percent="23" />
      <mem type="loa" free="315392" total="315392" percent="100" />
    </mem>
    <remembered-set count="145" />
  </mem-info>
</gc-end>
<cycle-end id="209" type="scavenge" contextid="202" timestamp="2024-07-17T19:33:01.733" />
<allocation-satisfied id="210" threadId="000000000001E500" bytesRequested="31064" />
<af-end id="211" timestamp="2024-07-17T19:33:01.734" threadId="000000000001EF38" success="true" from="nursery"/>
<exclusive-end id="212" timestamp="2024-07-17T19:33:01.734" durationms="4.091" />

<exclusive-start id="213" timestamp="2024-07-17T19:33:01.787" intervalms="57.238">
  <response-info timems="0.027" idlems="0.027" threads="0" lastid="000000000001E500" lastname="main" />
</exclusive-start>
<af-start id="214" threadId="000000000001EF38" totalBytesRequested="1032" timestamp="2024-07-17T19:33:01.788" intervalms="57.324" type="nursery" />
<cycle-start id="215" type="scavenge" contextid="0" timestamp="2024-07-17T19:33:01.788" intervalms="57.383" />
<gc-start id="216" type="scavenge" contextid="215" timestamp="2024-07-17T19:33:01.788">
  <mem-info id="217" free="1739176" total="10354688" percent="16">
    <mem type="nursery" free="0" total="4063232" percent="0">
      <mem type="allocate" free="0" total="3014656" percent="0" />
      <mem type="survivor" free="0" total="1048576" percent="0" />
    </mem>
    <mem type="tenure" free="1739176" total="6291456" percent="27">
      <mem type="soa" free="1423784" total="5976064" percent="23" />
      <mem type="loa" free="315392" total="315392" percent="100" />
    </mem>
    <remembered-set count="219" />
  </mem-info>
</gc-start>
<allocation-stats totalBytes="2635768" discardedBytes="22528" >
  <allocated-bytes non-tlh="316960" tlh="2318808" />
  <largest-consumer threadName="main" threadId="000000000001E500" bytes="2635768" />
</allocation-stats>
<gc-op id="218" type="scavenge" timems="0.659" contextid="215" timestamp="2024-07-17T19:33:01.790">
  <scavenger-info tenureage="3" tenuremask="7ff8" tiltratio="74" />
  <memory-copied type="nursery" objects="1325" bytes="72816" bytesdiscarded="44680" />
  <references type="phantom" candidates="3" cleared="0" enqueued="0" />
  <object-monitors candidates="5" cleared="0"  />
</gc-op>
<gc-end id="219" type="scavenge" contextid="215" durationms="1.479" usertimems="0.000" systemtimems="0.850" stalltimems="0.923" timestamp="2024-07-17T19:33:01.790" activeThreads="3">
  <mem-info id="220" free="4832928" total="10354688" percent="46">
    <mem type="nursery" free="3093752" total="4063232" percent="76">
      <mem type="allocate" free="3093752" total="3211264" percent="96" />
      <mem type="survivor" free="0" total="851968" percent="0" />
    </mem>
    <mem type="tenure" free="1739176" total="6291456" percent="27">
      <mem type="soa" free="1423784" total="5976064" percent="23" />
      <mem type="loa" free="315392" total="315392" percent="100" />
    </mem>
    <remembered-set count="135" />
  </mem-info>
</gc-end>
<cycle-end id="221" type="scavenge" contextid="215" timestamp="2024-07-17T19:33:01.790" />
<allocation-satisfied id="222" threadId="000000000001E500" bytesRequested="1032" />
<af-end id="223" timestamp="2024-07-17T19:33:01.791" threadId="000000000001EF38" success="true" from="nursery"/>
<exclusive-end id="224" timestamp="2024-07-17T19:33:01.791" durationms="3.866" />

<exclusive-start id="225" timestamp="2024-07-17T19:33:01.856" intervalms="68.508">
  <response-info timems="0.039" idlems="0.039" threads="0" lastid="000000000001E500" lastname="main" />
</exclusive-start>
<af-start id="226" threadId="000000000001EF38" totalBytesRequested="4384" timestamp="2024-07-17T19:33:01.856" intervalms="68.473" type="nursery" />
<cycle-start id="227" type="scavenge" contextid="0" timestamp="2024-07-17T19:33:01.856" intervalms="68.381" />
<gc-start id="228" type="scavenge" contextid="227" timestamp="2024-07-17T19:33:01.857">
  <mem-info id="229" free="1738808" total="10354688" percent="16">
    <mem type="nursery" free="0" total="4063232" percent="0">
      <mem type="allocate" free="0" total="3211264" percent="0" />
      <mem type="survivor" free="0" total="851968" percent="0" />
    </mem>
    <mem type="tenure" free="1738808" total="6291456" percent="27">
      <mem type="soa" free="1423416" total="5976064" percent="23" />
      <mem type="loa" free="315392" total="315392" percent="100" />
    </mem>
    <remembered-set count="215" />
  </mem-info>
</gc-start>
<allocation-stats totalBytes="3055896" discardedBytes="38224" >
  <allocated-bytes non-tlh="551216" tlh="2504680" />
  <largest-consumer threadName="main" threadId="000000000001E500" bytes="3055896" />
</allocation-stats>
<gc-op id="230" type="scavenge" timems="0.643" contextid="227" timestamp="2024-07-17T19:33:01.858">
  <scavenger-info tenureage="4" tenuremask="7ff0" tiltratio="79" />
  <memory-copied type="nursery" objects="1893" bytes="78928" bytesdiscarded="33192" />
  <references type="weak" candidates="1" cleared="0" enqueued="0" />
  <references type="phantom" candidates="4" cleared="0" enqueued="0" />
  <object-monitors candidates="5" cleared="0"  />
</gc-op>
<gc-end id="231" type="scavenge" contextid="227" durationms="1.280" usertimems="0.751" systemtimems="0.000" stalltimems="0.592" timestamp="2024-07-17T19:33:01.858" activeThreads="2">
  <mem-info id="232" free="4969016" total="10354688" percent="47">
    <mem type="nursery" free="3230208" total="4063232" percent="79">
      <mem type="allocate" free="3230208" total="3342336" percent="96" />
      <mem type="survivor" free="0" total="720896" percent="0" />
    </mem>
    <mem type="tenure" free="1738808" total="6291456" percent="27">
      <mem type="soa" free="1423416" total="5976064" percent="23" />
      <mem type="loa" free="315392" total="315392" percent="100" />
    </mem>
    <remembered-set count="137" />
  </mem-info>
</gc-end>
<cycle-end id="233" type="scavenge" contextid="227" timestamp="2024-07-17T19:33:01.858" />
<allocation-satisfied id="234" threadId="000000000001E500" bytesRequested="4384" />
<af-end id="235" timestamp="2024-07-17T19:33:01.858" threadId="000000000001EF38" success="true" from="nursery"/>
<exclusive-end id="236" timestamp="2024-07-17T19:33:01.859" durationms="2.800" />

<exclusive-start id="237" timestamp="2024-07-17T19:33:01.901" intervalms="45.246">
  <response-info timems="0.031" idlems="0.031" threads="0" lastid="000000000001E500" lastname="main" />
</exclusive-start>
<af-start id="238" threadId="000000000001EF38" totalBytesRequested="8200" timestamp="2024-07-17T19:33:01.901" intervalms="45.124" type="nursery" />
<cycle-start id="239" type="scavenge" contextid="0" timestamp="2024-07-17T19:33:01.901" intervalms="45.068" />
<gc-start id="240" type="scavenge" contextid="239" timestamp="2024-07-17T19:33:01.902">
  <mem-info id="241" free="1738416" total="10354688" percent="16">
    <mem type="nursery" free="0" total="4063232" percent="0">
      <mem type="allocate" free="0" total="3342336" percent="0" />
      <mem type="survivor" free="0" total="720896" percent="0" />
    </mem>
    <mem type="tenure" free="1738416" total="6291456" percent="27">
      <mem type="soa" free="1423024" total="5976064" percent="23" />
      <mem type="loa" free="315392" total="315392" percent="100" />
    </mem>
    <remembered-set count="204" />
  </mem-info>
</gc-start>
<allocation-stats totalBytes="3113824" discardedBytes="116776" >
  <allocated-bytes non-tlh="792008" tlh="2321816" />
  <largest-consumer threadName="main" threadId="000000000001E500" bytes="3113824" />
</allocation-stats>
<gc-op id="242" type="scavenge" timems="0.532" contextid="239" timestamp="2024-07-17T19:33:01.902">
  <scavenger-info tenureage="5" tenuremask="7fe0" tiltratio="82" />
  <memory-copied type="nursery" objects="2414" bytes="93544" bytesdiscarded="18568" />
  <references type="phantom" candidates="3" cleared="0" enqueued="0" />
  <object-monitors candidates="5" cleared="0"  />
</gc-op>
<gc-end id="243" type="scavenge" contextid="239" durationms="1.071" usertimems="0.655" systemtimems="0.167" stalltimems="0.293" timestamp="2024-07-17T19:33:01.903" activeThreads="2">
  <mem-info id="244" free="5099696" total="10354688" percent="49">
    <mem type="nursery" free="3361280" total="4063232" percent="82">
      <mem type="allocate" free="3361280" total="3473408" percent="96" />
      <mem type="survivor" free="0" total="589824" percent="0" />
    </mem>
    <mem type="tenure" free="1738416" total="6291456" percent="27">
      <mem type="soa" free="1423024" total="5976064" percent="23" />
      <mem type="loa" free="315392" total="315392" percent="100" />
    </mem>
    <remembered-set count="135" />
  </mem-info>
</gc-end>
<cycle-end id="245" type="scavenge" contextid="239" timestamp="2024-07-17T19:33:01.903" />
<allocation-satisfied id="246" threadId="000000000001E500" bytesRequested="8200" />
<af-end id="247" timestamp="2024-07-17T19:33:01.903" threadId="000000000001EF38" success="true" from="nursery"/>
<exclusive-end id="248" timestamp="2024-07-17T19:33:01.903" durationms="2.310" />

<exclusive-start id="249" timestamp="2024-07-17T19:33:01.957" intervalms="55.660">
  <response-info timems="0.031" idlems="0.031" threads="0" lastid="000000000001E500" lastname="main" />
</exclusive-start>
<af-start id="250" threadId="000000000001EF38" totalBytesRequested="226560" timestamp="2024-07-17T19:33:01.957" intervalms="55.777" type="nursery" />
<cycle-start id="251" type="scavenge" contextid="0" timestamp="2024-07-17T19:33:01.957" intervalms="55.786" />
<gc-start id="252" type="scavenge" contextid="251" timestamp="2024-07-17T19:33:01.957">
  <mem-info id="253" free="1953872" total="10354688" percent="18">
    <mem type="nursery" free="215552" total="4063232" percent="5">
      <mem type="allocate" free="215552" total="3473408" percent="6" />
      <mem type="survivor" free="0" total="589824" percent="0" />
    </mem>
    <mem type="tenure" free="1738320" total="6291456" percent="27">
      <mem type="soa" free="1422928" total="5976064" percent="23" />
      <mem type="loa" free="315392" total="315392" percent="100" />
    </mem>
    <remembered-set count="220" />
  </mem-info>
</gc-start>
<allocation-stats totalBytes="3120832" discardedBytes="24992" >
  <allocated-bytes non-tlh="277864" tlh="2842968" />
  <largest-consumer threadName="main" threadId="000000000001E500" bytes="3120832" />
</allocation-stats>
<gc-op id="254" type="scavenge" timems="0.543" contextid="251" timestamp="2024-07-17T19:33:01.958">
  <scavenger-info tenureage="5" tenuremask="7fe0" tiltratio="85" />
  <memory-copied type="nursery" objects="2757" bytes="96336" bytesdiscarded="15784" />
  <memory-copied type="tenure" objects="365" bytes="12200" bytesdiscarded="16" />
  <references type="phantom" candidates="2" cleared="0" enqueued="0" />
  <object-monitors candidates="5" cleared="0"  />
</gc-op>
<gc-end id="255" type="scavenge" contextid="251" durationms="0.997" usertimems="0.665" systemtimems="0.168" stalltimems="0.319" timestamp="2024-07-17T19:33:01.958" activeThreads="2">
  <mem-info id="256" free="5146448" total="10354688" percent="49">
    <mem type="nursery" free="3426816" total="4063232" percent="84">
      <mem type="allocate" free="3426816" total="3538944" percent="96" />
      <mem type="survivor" free="0" total="524288" percent="0" />
    </mem>
    <mem type="tenure" free="1719632" total="6291456" percent="27">
      <mem type="soa" free="1404240" total="5976064" percent="23" />
      <mem type="loa" free="315392" total="315392" percent="100" />
    </mem>
    <remembered-set count="145" />
  </mem-info>
</gc-end>
<cycle-end id="257" type="scavenge" contextid="251" timestamp="2024-07-17T19:33:01.959" />
<allocation-satisfied id="258" threadId="000000000001E500" bytesRequested="226560" />
<af-end id="259" timestamp="2024-07-17T19:33:01.959" threadId="000000000001EF38" success="true" from="nursery"/>
<exclusive-end id="260" timestamp="2024-07-17T19:33:01.959" durationms="2.366" />

<exclusive-start id="261" timestamp="2024-07-17T19:33:02.001" intervalms="44.314">
  <response-info timems="0.030" idlems="0.030" threads="0" lastid="000000000001E500" lastname="main" />
</exclusive-start>
<af-start id="262" threadId="000000000001EF38" totalBytesRequested="1336" timestamp="2024-07-17T19:33:02.001" intervalms="44.213" type="nursery" />
<cycle-start id="263" type="scavenge" contextid="0" timestamp="2024-07-17T19:33:02.002" intervalms="44.276" />
<gc-start id="264" type="scavenge" contextid="263" timestamp="2024-07-17T19:33:02.002">
  <mem-info id="265" free="1719528" total="10354688" percent="16">
    <mem type="nursery" free="0" total="4063232" percent="0">
      <mem type="allocate" free="0" total="3538944" percent="0" />
      <mem type="survivor" free="0" total="524288" percent="0" />
    </mem>
    <mem type="tenure" free="1719528" total="6291456" percent="27">
      <mem type="soa" free="1404136" total="5976064" percent="23" />
      <mem type="loa" free="315392" total="315392" percent="100" />
    </mem>
    <remembered-set count="212" />
  </mem-info>
</gc-start>
<allocation-stats totalBytes="3402808" discardedBytes="24112" >
  <allocated-bytes non-tlh="1058200" tlh="2344608" />
  <largest-consumer threadName="main" threadId="000000000001E500" bytes="3402808" />
</allocation-stats>
<gc-op id="266" type="scavenge" timems="0.598" contextid="263" timestamp="2024-07-17T19:33:02.003">
  <scavenger-info tenureage="3" tenuremask="7f98" tiltratio="87" />
  <memory-copied type="nursery" objects="2074" bytes="73480" bytesdiscarded="30192" />
  <memory-copied type="tenure" objects="1203" bytes="40344" bytesdiscarded="24" />
  <references type="phantom" candidates="2" cleared="0" enqueued="0" />
  <object-monitors candidates="5" cleared="0"  />
</gc-op>
<gc-end id="267" type="scavenge" contextid="263" durationms="1.321" usertimems="0.651" systemtimems="0.163" stalltimems="0.426" timestamp="2024-07-17T19:33:02.003" activeThreads="2">
  <mem-info id="268" free="5182952" total="10354688" percent="50">
    <mem type="nursery" free="3500800" total="4063232" percent="86">
      <mem type="allocate" free="3500800" total="3604480" percent="97" />
      <mem type="survivor" free="0" total="458752" percent="0" />
    </mem>
    <mem type="tenure" free="1682152" total="6291456" percent="26">
      <mem type="soa" free="1366760" total="5976064" percent="22" />
      <mem type="loa" free="315392" total="315392" percent="100" />
    </mem>
    <remembered-set count="200" />
  </mem-info>
</gc-end>
<cycle-end id="269" type="scavenge" contextid="263" timestamp="2024-07-17T19:33:02.003" />
<allocation-satisfied id="270" threadId="000000000001E500" bytesRequested="1336" />
<af-end id="271" timestamp="2024-07-17T19:33:02.004" threadId="000000000001EF38" success="true" from="nursery"/>
<exclusive-end id="272" timestamp="2024-07-17T19:33:02.004" durationms="2.763" />

<exclusive-start id="273" timestamp="2024-07-17T19:33:02.059" intervalms="58.353">
  <response-info timems="0.034" idlems="0.034" threads="0" lastid="000000000001E500" lastname="main" />
</exclusive-start>
<af-start id="274" threadId="000000000001EF38" totalBytesRequested="38232" timestamp="2024-07-17T19:33:02.060" intervalms="58.358" type="nursery" />
<cycle-start id="275" type="scavenge" contextid="0" timestamp="2024-07-17T19:33:02.060" intervalms="58.283" />
<gc-start id="276" type="scavenge" contextid="275" timestamp="2024-07-17T19:33:02.060">
  <mem-info id="277" free="1682152" total="10354688" percent="16">
    <mem type="nursery" free="0" total="4063232" percent="0">
      <mem type="allocate" free="0" total="3604480" percent="0" />
      <mem type="survivor" free="0" total="458752" percent="0" />
    </mem>
    <mem type="tenure" free="1682152" total="6291456" percent="26">
      <mem type="soa" free="1366760" total="5976064" percent="22" />
      <mem type="loa" free="315392" total="315392" percent="100" />
    </mem>
    <remembered-set count="295" />
  </mem-info>
</gc-start>
<allocation-stats totalBytes="3382320" discardedBytes="118480" >
  <allocated-bytes non-tlh="670656" tlh="2711664" />
  <largest-consumer threadName="main" threadId="000000000001E500" bytes="3382320" />
</allocation-stats>
<gc-op id="278" type="scavenge" timems="0.497" contextid="275" timestamp="2024-07-17T19:33:02.061">
  <scavenger-info tenureage="3" tenuremask="ffc8" tiltratio="88" />
  <memory-copied type="nursery" objects="1954" bytes="73600" bytesdiscarded="42104" />
  <memory-copied type="tenure" objects="767" bytes="25480" bytesdiscarded="16" />
  <references type="phantom" candidates="2" cleared="0" enqueued="0" />
  <object-monitors candidates="5" cleared="0"  />
</gc-op>
<gc-end id="279" type="scavenge" contextid="275" durationms="1.006" usertimems="0.857" systemtimems="0.215" stalltimems="0.141" timestamp="2024-07-17T19:33:02.061" activeThreads="2">
  <mem-info id="280" free="5141992" total="10354688" percent="49">
    <mem type="nursery" free="3488768" total="4063232" percent="85">
      <mem type="allocate" free="3488768" total="3604480" percent="96" />
      <mem type="survivor" free="0" total="458752" percent="0" />
    </mem>
    <mem type="tenure" free="1653224" total="6291456" percent="26">
      <mem type="soa" free="1337832" total="5976064" percent="22" />
      <mem type="loa" free="315392" total="315392" percent="100" />
    </mem>
    <remembered-set count="195" />
  </mem-info>
</gc-end>
<cycle-end id="281" type="scavenge" contextid="275" timestamp="2024-07-17T19:33:02.061" />
<allocation-satisfied id="282" threadId="000000000001E500" bytesRequested="38232" />
<af-end id="283" timestamp="2024-07-17T19:33:02.062" threadId="000000000001EF38" success="true" from="nursery"/>
<exclusive-end id="284" timestamp="2024-07-17T19:33:02.062" durationms="2.465" />

<exclusive-start id="285" timestamp="2024-07-17T19:33:02.107" intervalms="47.689">
  <response-info timems="0.028" idlems="0.028" threads="0" lastid="000000000001E500" lastname="main" />
</exclusive-start>
<af-start id="286" threadId="000000000001EF38" totalBytesRequested="1616" timestamp="2024-07-17T19:33:02.107" intervalms="47.763" type="nursery" />
<cycle-start id="287" type="scavenge" contextid="0" timestamp="2024-07-17T19:33:02.108" intervalms="47.911" />
<gc-start id="288" type="scavenge" contextid="287" timestamp="2024-07-17T19:33:02.108">
  <mem-info id="289" free="1652904" total="10354688" percent="15">
    <mem type="nursery" free="0" total="4063232" percent="0">
      <mem type="allocate" free="0" total="3604480" percent="0" />
      <mem type="survivor" free="0" total="458752" percent="0" />
    </mem>
    <mem type="tenure" free="1652904" total="6291456" percent="26">
      <mem type="soa" free="1337512" total="5976064" percent="22" />
      <mem type="loa" free="315392" total="315392" percent="100" />
    </mem>
    <remembered-set count="278" />
  </mem-info>
</gc-start>
<allocation-stats totalBytes="3397688" discardedBytes="91400" >
  <allocated-bytes non-tlh="1361208" tlh="2036480" />
  <largest-consumer threadName="main" threadId="000000000001E500" bytes="3397688" />
</allocation-stats>
<gc-op id="290" type="scavenge" timems="0.573" contextid="287" timestamp="2024-07-17T19:33:02.109">
  <scavenger-info tenureage="3" tenuremask="ff68" tiltratio="88" />
  <memory-copied type="nursery" objects="1665" bytes="63768" bytesdiscarded="21216" />
  <memory-copied type="tenure" objects="735" bytes="24784" bytesdiscarded="0" />
  <references type="phantom" candidates="2" cleared="0" enqueued="0" />
  <object-monitors candidates="5" cleared="0"  />
</gc-op>
<gc-end id="291" type="scavenge" contextid="287" durationms="1.432" usertimems="0.000" systemtimems="0.747" stalltimems="0.412" timestamp="2024-07-17T19:33:02.109" activeThreads="2">
  <mem-info id="292" free="5172392" total="10354688" percent="49">
    <mem type="nursery" free="3519488" total="4063232" percent="86">
      <mem type="allocate" free="3519488" total="3604480" percent="97" />
      <mem type="survivor" free="0" total="458752" percent="0" />
    </mem>
    <mem type="tenure" free="1652904" total="6291456" percent="26">
      <mem type="soa" free="1337512" total="5976064" percent="22" />
      <mem type="loa" free="315392" total="315392" percent="100" />
    </mem>
    <remembered-set count="211" />
  </mem-info>
</gc-end>
<cycle-end id="293" type="scavenge" contextid="287" timestamp="2024-07-17T19:33:02.110" />
<allocation-satisfied id="294" threadId="000000000001E500" bytesRequested="1616" />
<af-end id="295" timestamp="2024-07-17T19:33:02.110" threadId="000000000001EF38" success="true" from="nursery"/>
<exclusive-end id="296" timestamp="2024-07-17T19:33:02.110" durationms="3.263" />

<exclusive-start id="297" timestamp="2024-07-17T19:33:02.171" intervalms="63.914">
  <response-info timems="0.036" idlems="0.036" threads="0" lastid="000000000001E500" lastname="main" />
</exclusive-start>
<af-start id="298" threadId="000000000001EF38" totalBytesRequested="3728" timestamp="2024-07-17T19:33:02.171" intervalms="63.945" type="nursery" />
<cycle-start id="299" type="scavenge" contextid="0" timestamp="2024-07-17T19:33:02.172" intervalms="63.866" />
<gc-start id="300" type="scavenge" contextid="299" timestamp="2024-07-17T19:33:02.172">
  <mem-info id="301" free="1652864" total="10354688" percent="15">
    <mem type="nursery" free="0" total="4063232" percent="0">
      <mem type="allocate" free="0" total="3604480" percent="0" />
      <mem type="survivor" free="0" total="458752" percent="0" />
    </mem>
    <mem type="tenure" free="1652864" total="6291456" percent="26">
      <mem type="soa" free="1337472" total="5976064" percent="22" />
      <mem type="loa" free="315392" total="315392" percent="100" />
    </mem>
    <remembered-set count="318" />
  </mem-info>
</gc-start>
<allocation-stats totalBytes="3359712" discardedBytes="159816" >
  <allocated-bytes non-tlh="383760" tlh="2975952" />
  <largest-consumer threadName="main" threadId="000000000001E500" bytes="3359712" />
</allocation-stats>
<gc-op id="302" type="scavenge" timems="0.576" contextid="299" timestamp="2024-07-17T19:33:02.173">
  <scavenger-info tenureage="3" tenuremask="ffe8" tiltratio="88" />
  <memory-copied type="nursery" objects="1939" bytes="162760" bytesdiscarded="21840" />
  <memory-copied type="tenure" objects="520" bytes="17488" bytesdiscarded="32" />
  <references type="phantom" candidates="3" cleared="0" enqueued="0" />
  <object-monitors candidates="5" cleared="0"  />
</gc-op>
<gc-end id="303" type="scavenge" contextid="299" durationms="1.363" usertimems="1.113" systemtimems="0.000" stalltimems="0.235" timestamp="2024-07-17T19:33:02.173" activeThreads="2">
  <mem-info id="304" free="4984152" total="10354688" percent="48">
    <mem type="nursery" free="3419864" total="4063232" percent="84">
      <mem type="allocate" free="3419864" total="3604480" percent="94" />
      <mem type="survivor" free="0" total="458752" percent="0" />
    </mem>
    <mem type="tenure" free="1564288" total="6291456" percent="24">
      <mem type="soa" free="1248896" total="5976064" percent="20" />
      <mem type="loa" free="315392" total="315392" percent="100" />
    </mem>
    <remembered-set count="229" />
  </mem-info>
</gc-end>
<cycle-end id="305" type="scavenge" contextid="299" timestamp="2024-07-17T19:33:02.174" />
<allocation-satisfied id="306" threadId="000000000001E500" bytesRequested="3728" />
<af-end id="307" timestamp="2024-07-17T19:33:02.174" threadId="000000000001EF38" success="true" from="nursery"/>
<exclusive-end id="308" timestamp="2024-07-17T19:33:02.174" durationms="3.375" />

<exclusive-start id="309" timestamp="2024-07-17T19:33:02.233" intervalms="61.597">
  <response-info timems="0.031" idlems="0.031" threads="0" lastid="000000000001E500" lastname="main" />
</exclusive-start>
<af-start id="310" threadId="000000000001EF38" totalBytesRequested="16392" timestamp="2024-07-17T19:33:02.233" intervalms="61.531" type="nursery" />
<cycle-start id="311" type="scavenge" contextid="0" timestamp="2024-07-17T19:33:02.233" intervalms="61.631" />
<gc-start id="312" type="scavenge" contextid="311" timestamp="2024-07-17T19:33:02.233">
  <mem-info id="313" free="1564240" total="10354688" percent="15">
    <mem type="nursery" free="0" total="4063232" percent="0">
      <mem type="allocate" free="0" total="3604480" percent="0" />
      <mem type="survivor" free="0" total="458752" percent="0" />
    </mem>
    <mem type="tenure" free="1564240" total="6291456" percent="24">
      <mem type="soa" free="1248848" total="5976064" percent="20" />
      <mem type="loa" free="315392" total="315392" percent="100" />
    </mem>
    <remembered-set count="339" />
  </mem-info>
</gc-start>
<allocation-stats totalBytes="3331144" discardedBytes="88768" >
  <allocated-bytes non-tlh="418112" tlh="2913032" />
  <largest-consumer threadName="main" threadId="000000000001E500" bytes="3331144" />
</allocation-stats>
<gc-op id="314" type="scavenge" timems="0.593" contextid="311" timestamp="2024-07-17T19:33:02.234">
  <scavenger-info tenureage="3" tenuremask="ffe8" tiltratio="88" />
  <memory-copied type="nursery" objects="1986" bytes="279168" bytesdiscarded="17496" />
  <memory-copied type="tenure" objects="678" bytes="30432" bytesdiscarded="0" />
  <references type="phantom" candidates="3" cleared="0" enqueued="0" />
  <object-monitors candidates="5" cleared="0"  />
</gc-op>
<gc-end id="315" type="scavenge" contextid="311" durationms="1.341" usertimems="0.819" systemtimems="0.000" stalltimems="0.403" timestamp="2024-07-17T19:33:02.235" activeThreads="2">
  <mem-info id="316" free="4872040" total="10354688" percent="47">
    <mem type="nursery" free="3307800" total="4063232" percent="81">
      <mem type="allocate" free="3307800" total="3604480" percent="91" />
      <mem type="survivor" free="0" total="458752" percent="0" />
    </mem>
    <mem type="tenure" free="1564240" total="6291456" percent="24">
      <mem type="soa" free="1248848" total="5976064" percent="20" />
      <mem type="loa" free="315392" total="315392" percent="100" />
    </mem>
    <remembered-set count="246" />
  </mem-info>
</gc-end>
<cycle-end id="317" type="scavenge" contextid="311" timestamp="2024-07-17T19:33:02.235" />
<allocation-satisfied id="318" threadId="000000000001E500" bytesRequested="16392" />
<af-end id="319" timestamp="2024-07-17T19:33:02.236" threadId="000000000001EF38" success="true" from="nursery"/>
<exclusive-end id="320" timestamp="2024-07-17T19:33:02.236" durationms="3.134" />

<exclusive-start id="321" timestamp="2024-07-17T19:33:02.285" intervalms="51.930">
  <response-info timems="0.031" idlems="0.031" threads="0" lastid="000000000001E500" lastname="main" />
</exclusive-start>
<af-start id="322" threadId="000000000001EF38" totalBytesRequested="8200" timestamp="2024-07-17T19:33:02.285" intervalms="51.985" type="nursery" />
<cycle-start id="323" type="scavenge" contextid="0" timestamp="2024-07-17T19:33:02.285" intervalms="51.892" />
<gc-start id="324" type="scavenge" contextid="323" timestamp="2024-07-17T19:33:02.285">
  <mem-info id="325" free="1564080" total="10354688" percent="15">
    <mem type="nursery" free="0" total="4063232" percent="0">
      <mem type="allocate" free="0" total="3604480" percent="0" />
      <mem type="survivor" free="0" total="458752" percent="0" />
    </mem>
    <mem type="tenure" free="1564080" total="6291456" percent="24">
      <mem type="soa" free="1248688" total="5976064" percent="20" />
      <mem type="loa" free="315392" total="315392" percent="100" />
    </mem>
    <remembered-set count="346" />
  </mem-info>
</gc-start>
<allocation-stats totalBytes="3228992" discardedBytes="78968" >
  <allocated-bytes non-tlh="663024" tlh="2565968" />
  <largest-consumer threadName="main" threadId="000000000001E500" bytes="3228992" />
</allocation-stats>
<gc-op id="326" type="scavenge" timems="0.463" contextid="323" timestamp="2024-07-17T19:33:02.286">
  <scavenger-info tenureage="3" tenuremask="7008" tiltratio="88" />
  <memory-copied type="nursery" objects="2029" bytes="74656" bytesdiscarded="41040" />
  <memory-copied type="tenure" objects="446" bytes="14952" bytesdiscarded="0" />
  <references type="phantom" candidates="3" cleared="0" enqueued="0" />
  <object-monitors candidates="5" cleared="0"  />
</gc-op>
<gc-end id="327" type="scavenge" contextid="323" durationms="1.269" usertimems="0.941" systemtimems="0.000" stalltimems="0.207" timestamp="2024-07-17T19:33:02.287" activeThreads="2">
  <mem-info id="328" free="5052848" total="10354688" percent="48">
    <mem type="nursery" free="3488768" total="4063232" percent="85">
      <mem type="allocate" free="3488768" total="3604480" percent="96" />
      <mem type="survivor" free="0" total="458752" percent="0" />
    </mem>
    <mem type="tenure" free="1564080" total="6291456" percent="24">
      <mem type="soa" free="1248688" total="5976064" percent="20" />
      <mem type="loa" free="315392" total="315392" percent="100" />
    </mem>
    <remembered-set count="256" />
  </mem-info>
</gc-end>
<cycle-end id="329" type="scavenge" contextid="323" timestamp="2024-07-17T19:33:02.287" />
<allocation-satisfied id="330" threadId="000000000001E500" bytesRequested="8200" />
<af-end id="331" timestamp="2024-07-17T19:33:02.287" threadId="000000000001EF38" success="true" from="nursery"/>
<exclusive-end id="332" timestamp="2024-07-17T19:33:02.288" durationms="3.036" />

<exclusive-start id="333" timestamp="2024-07-17T19:33:02.337" intervalms="52.589">
  <response-info timems="0.029" idlems="0.029" threads="0" lastid="000000000001E500" lastname="main" />
</exclusive-start>
<af-start id="334" threadId="000000000001EF38" totalBytesRequested="148048" timestamp="2024-07-17T19:33:02.337" intervalms="52.521" type="nursery" />
<cycle-start id="335" type="scavenge" contextid="0" timestamp="2024-07-17T19:33:02.338" intervalms="52.526" />
<gc-start id="336" type="scavenge" contextid="335" timestamp="2024-07-17T19:33:02.338">
  <mem-info id="337" free="1652088" total="10354688" percent="15">
    <mem type="nursery" free="88008" total="4063232" percent="2">
      <mem type="allocate" free="88008" total="3604480" percent="2" />
      <mem type="survivor" free="0" total="458752" percent="0" />
    </mem>
    <mem type="tenure" free="1564080" total="6291456" percent="24">
      <mem type="soa" free="1248688" total="5976064" percent="20" />
      <mem type="loa" free="315392" total="315392" percent="100" />
    </mem>
    <remembered-set count="364" />
  </mem-info>
</gc-start>
<allocation-stats totalBytes="3308848" discardedBytes="91912" >
  <allocated-bytes non-tlh="468024" tlh="2840824" />
  <largest-consumer threadName="main" threadId="000000000001E500" bytes="3308848" />
</allocation-stats>
<gc-op id="338" type="scavenge" timems="0.466" contextid="335" timestamp="2024-07-17T19:33:02.339">
  <scavenger-info tenureage="3" tenuremask="e008" tiltratio="88" />
  <memory-copied type="nursery" objects="1913" bytes="64176" bytesdiscarded="61768" />
  <memory-copied type="tenure" objects="702" bytes="23664" bytesdiscarded="8" />
  <references type="phantom" candidates="2" cleared="0" enqueued="0" />
  <object-monitors candidates="5" cleared="0"  />
</gc-op>
<gc-end id="339" type="scavenge" contextid="335" durationms="1.198" usertimems="0.719" systemtimems="0.186" stalltimems="0.199" timestamp="2024-07-17T19:33:02.339" activeThreads="2">
  <mem-info id="340" free="4993200" total="10354688" percent="48">
    <mem type="nursery" free="3478528" total="4063232" percent="85">
      <mem type="allocate" free="3478528" total="3604480" percent="96" />
      <mem type="survivor" free="0" total="458752" percent="0" />
    </mem>
    <mem type="tenure" free="1514672" total="6291456" percent="24">
      <mem type="soa" free="1199280" total="5976064" percent="20" />
      <mem type="loa" free="315392" total="315392" percent="100" />
    </mem>
    <remembered-set count="262" />
  </mem-info>
</gc-end>
<cycle-end id="341" type="scavenge" contextid="335" timestamp="2024-07-17T19:33:02.339" />
<allocation-satisfied id="342" threadId="000000000001E500" bytesRequested="148048" />
<af-end id="343" timestamp="2024-07-17T19:33:02.340" threadId="000000000001EF38" success="true" from="nursery"/>
<exclusive-end id="344" timestamp="2024-07-17T19:33:02.340" durationms="2.812" />

<exclusive-start id="345" timestamp="2024-07-17T19:33:02.387" intervalms="49.935">
  <response-info timems="0.031" idlems="0.031" threads="0" lastid="000000000001E500" lastname="main" />
</exclusive-start>
<af-start id="346" threadId="000000000001EF38" totalBytesRequested="15632" timestamp="2024-07-17T19:33:02.387" intervalms="50.012" type="nursery" />
<cycle-start id="347" type="scavenge" contextid="0" timestamp="2024-07-17T19:33:02.388" intervalms="50.013" />
<gc-start id="348" type="scavenge" contextid="347" timestamp="2024-07-17T19:33:02.388">
  <mem-info id="349" free="1514512" total="10354688" percent="14">
    <mem type="nursery" free="0" total="4063232" percent="0">
      <mem type="allocate" free="0" total="3604480" percent="0" />
      <mem type="survivor" free="0" total="458752" percent="0" />
    </mem>
    <mem type="tenure" free="1514512" total="6291456" percent="24">
      <mem type="soa" free="1199120" total="5976064" percent="20" />
      <mem type="loa" free="315392" total="315392" percent="100" />
    </mem>
    <remembered-set count="444" />
  </mem-info>
</gc-start>
<allocation-stats totalBytes="3390808" discardedBytes="87880" >
  <allocated-bytes non-tlh="938168" tlh="2452640" />
  <largest-consumer threadName="main" threadId="000000000001E500" bytes="3390808" />
</allocation-stats>
<gc-op id="350" type="scavenge" timems="0.496" contextid="347" timestamp="2024-07-17T19:33:02.389">
  <scavenger-info tenureage="3" tenuremask="ffe8" tiltratio="88" />
  <memory-copied type="nursery" objects="1940" bytes="265904" bytesdiscarded="86200" />
  <memory-copied type="tenure" objects="726" bytes="24440" bytesdiscarded="0" />
  <references type="phantom" candidates="3" cleared="0" enqueued="0" />
  <object-monitors candidates="5" cleared="0"  />
</gc-op>
<gc-end id="351" type="scavenge" contextid="347" durationms="1.284" usertimems="0.617" systemtimems="0.166" stalltimems="0.218" timestamp="2024-07-17T19:33:02.389" activeThreads="2">
  <mem-info id="352" free="4701336" total="10354688" percent="45">
    <mem type="nursery" free="3186824" total="4063232" percent="78">
      <mem type="allocate" free="3186824" total="3538944" percent="90" />
      <mem type="survivor" free="0" total="524288" percent="0" />
    </mem>
    <mem type="tenure" free="1514512" total="6291456" percent="24">
      <mem type="soa" free="1199120" total="5976064" percent="20" />
      <mem type="loa" free="315392" total="315392" percent="100" />
    </mem>
    <remembered-set count="227" />
  </mem-info>
</gc-end>
<cycle-end id="353" type="scavenge" contextid="347" timestamp="2024-07-17T19:33:02.390" />
<allocation-satisfied id="354" threadId="000000000001E500" bytesRequested="15632" />
<af-end id="355" timestamp="2024-07-17T19:33:02.390" threadId="000000000001EF38" success="true" from="nursery"/>
<exclusive-end id="356" timestamp="2024-07-17T19:33:02.390" durationms="3.169" />

<exclusive-start id="357" timestamp="2024-07-17T19:33:02.441" intervalms="53.808">
  <response-info timems="0.029" idlems="0.029" threads="0" lastid="000000000001E500" lastname="main" />
</exclusive-start>
<af-start id="358" threadId="000000000001EF38" totalBytesRequested="168536" timestamp="2024-07-17T19:33:02.441" intervalms="53.781" type="nursery" />
<cycle-start id="359" type="scavenge" contextid="0" timestamp="2024-07-17T19:33:02.441" intervalms="53.784" />
<gc-start id="360" type="scavenge" contextid="359" timestamp="2024-07-17T19:33:02.442">
  <mem-info id="361" free="1514416" total="10354688" percent="14">
    <mem type="nursery" free="0" total="4063232" percent="0">
      <mem type="allocate" free="0" total="3538944" percent="0" />
      <mem type="survivor" free="0" total="524288" percent="0" />
    </mem>
    <mem type="tenure" free="1514416" total="6291456" percent="24">
      <mem type="soa" free="1199024" total="5976064" percent="20" />
      <mem type="loa" free="315392" total="315392" percent="100" />
    </mem>
    <remembered-set count="322" />
  </mem-info>
</gc-start>
<allocation-stats totalBytes="3140720" discardedBytes="46200" >
  <allocated-bytes non-tlh="498112" tlh="2642608" />
  <largest-consumer threadName="main" threadId="000000000001E500" bytes="3140720" />
</allocation-stats>
<gc-op id="362" type="scavenge" timems="0.483" contextid="359" timestamp="2024-07-17T19:33:02.443">
  <scavenger-info tenureage="3" tenuremask="ffe8" tiltratio="87" />
  <memory-copied type="nursery" objects="1935" bytes="80136" bytesdiscarded="105456" />
  <memory-copied type="tenure" objects="541" bytes="18112" bytesdiscarded="0" />
  <references type="phantom" candidates="2" cleared="0" enqueued="0" />
  <object-monitors candidates="5" cleared="0"  />
</gc-op>
<gc-end id="363" type="scavenge" contextid="359" durationms="1.265" usertimems="0.000" systemtimems="0.902" stalltimems="0.135" timestamp="2024-07-17T19:33:02.443" activeThreads="2">
  <mem-info id="364" free="4867760" total="10354688" percent="47">
    <mem type="nursery" free="3353344" total="4063232" percent="82">
      <mem type="allocate" free="3353344" total="3538944" percent="94" />
      <mem type="survivor" free="0" total="524288" percent="0" />
    </mem>
    <mem type="tenure" free="1514416" total="6291456" percent="24">
      <mem type="soa" free="1199024" total="5976064" percent="20" />
      <mem type="loa" free="315392" total="315392" percent="100" />
    </mem>
    <remembered-set count="217" />
  </mem-info>
</gc-end>
<cycle-end id="365" type="scavenge" contextid="359" timestamp="2024-07-17T19:33:02.443" />
<allocation-satisfied id="366" threadId="000000000001E500" bytesRequested="168536" />
<af-end id="367" timestamp="2024-07-17T19:33:02.444" threadId="000000000001EF38" success="true" from="nursery"/>
<exclusive-end id="368" timestamp="2024-07-17T19:33:02.444" durationms="3.041" />

<exclusive-start id="369" timestamp="2024-07-17T19:33:02.497" intervalms="56.090">
  <response-info timems="0.045" idlems="0.045" threads="0" lastid="000000000001E500" lastname="main" />
</exclusive-start>
<af-start id="370" threadId="000000000001EF38" totalBytesRequested="1032" timestamp="2024-07-17T19:33:02.497" intervalms="56.186" type="nursery" />
<cycle-start id="371" type="scavenge" contextid="0" timestamp="2024-07-17T19:33:02.498" intervalms="56.209" />
<gc-start id="372" type="scavenge" contextid="371" timestamp="2024-07-17T19:33:02.498">
  <mem-info id="373" free="1514416" total="10354688" percent="14">
    <mem type="nursery" free="0" total="4063232" percent="0">
      <mem type="allocate" free="0" total="3538944" percent="0" />
      <mem type="survivor" free="0" total="524288" percent="0" />
    </mem>
    <mem type="tenure" free="1514416" total="6291456" percent="24">
      <mem type="soa" free="1199024" total="5976064" percent="20" />
      <mem type="loa" free="315392" total="315392" percent="100" />
    </mem>
    <remembered-set count="317" />
  </mem-info>
</gc-start>
<allocation-stats totalBytes="3298016" discardedBytes="55328" >
  <allocated-bytes non-tlh="474192" tlh="2823824" />
  <largest-consumer threadName="main" threadId="000000000001E500" bytes="3298016" />
</allocation-stats>
<gc-op id="374" type="scavenge" timems="0.708" contextid="371" timestamp="2024-07-17T19:33:02.499">
  <scavenger-info tenureage="3" tenuremask="ffe8" tiltratio="87" />
  <memory-copied type="nursery" objects="2006" bytes="118264" bytesdiscarded="22032" />
  <memory-copied type="tenure" objects="616" bytes="20512" bytesdiscarded="744" />
  <references type="phantom" candidates="3" cleared="0" enqueued="0" />
  <object-monitors candidates="5" cleared="0"  />
</gc-op>
<gc-end id="375" type="scavenge" contextid="371" durationms="1.665" usertimems="0.754" systemtimems="0.205" stalltimems="0.395" timestamp="2024-07-17T19:33:02.500" activeThreads="2">
  <mem-info id="376" free="4939416" total="10354688" percent="47">
    <mem type="nursery" free="3464168" total="4063232" percent="85">
      <mem type="allocate" free="3464168" total="3604480" percent="96" />
      <mem type="survivor" free="0" total="458752" percent="0" />
    </mem>
    <mem type="tenure" free="1475248" total="6291456" percent="23">
      <mem type="soa" free="1159856" total="5976064" percent="19" />
      <mem type="loa" free="315392" total="315392" percent="100" />
    </mem>
    <remembered-set count="217" />
  </mem-info>
</gc-end>
<cycle-end id="377" type="scavenge" contextid="371" timestamp="2024-07-17T19:33:02.500" />
<allocation-satisfied id="378" threadId="000000000001E500" bytesRequested="1032" />
<af-end id="379" timestamp="2024-07-17T19:33:02.501" threadId="000000000001EF38" success="true" from="nursery"/>
<exclusive-end id="380" timestamp="2024-07-17T19:33:02.501" durationms="3.790" />

<exclusive-start id="381" timestamp="2024-07-17T19:33:02.578" intervalms="80.916">
  <response-info timems="0.032" idlems="0.032" threads="0" lastid="000000000001E500" lastname="main" />
</exclusive-start>
<af-start id="382" threadId="000000000001EF38" totalBytesRequested="16392" timestamp="2024-07-17T19:33:02.578" intervalms="80.823" type="nursery" />
<cycle-start id="383" type="scavenge" contextid="0" timestamp="2024-07-17T19:33:02.578" intervalms="80.722" />
<gc-start id="384" type="scavenge" contextid="383" timestamp="2024-07-17T19:33:02.579">
  <mem-info id="385" free="1475248" total="10354688" percent="14">
    <mem type="nursery" free="0" total="4063232" percent="0">
      <mem type="allocate" free="0" total="3604480" percent="0" />
      <mem type="survivor" free="0" total="458752" percent="0" />
    </mem>
    <mem type="tenure" free="1475248" total="6291456" percent="23">
      <mem type="soa" free="1159856" total="5976064" percent="19" />
      <mem type="loa" free="315392" total="315392" percent="100" />
    </mem>
    <remembered-set count="326" />
  </mem-info>
</gc-start>
<allocation-stats totalBytes="3316616" discardedBytes="147552" >
  <allocated-bytes non-tlh="509088" tlh="2807528" />
  <largest-consumer threadName="main" threadId="000000000001E500" bytes="3316616" />
</allocation-stats>
<gc-op id="386" type="scavenge" timems="0.652" contextid="383" timestamp="2024-07-17T19:33:02.580">
  <scavenger-info tenureage="3" tenuremask="ffe8" tiltratio="88" />
  <memory-copied type="nursery" objects="1978" bytes="277784" bytesdiscarded="37776" />
  <memory-copied type="tenure" objects="678" bytes="37872" bytesdiscarded="0" />
  <references type="phantom" candidates="3" cleared="0" enqueued="0" />
  <object-monitors candidates="5" cleared="0"  />
</gc-op>
<gc-end id="387" type="scavenge" contextid="383" durationms="1.258" usertimems="0.725" systemtimems="0.200" stalltimems="0.344" timestamp="2024-07-17T19:33:02.580" activeThreads="2">
  <mem-info id="388" free="4651000" total="10354688" percent="44">
    <mem type="nursery" free="3223368" total="4063232" percent="79">
      <mem type="allocate" free="3223368" total="3538944" percent="91" />
      <mem type="survivor" free="0" total="524288" percent="0" />
    </mem>
    <mem type="tenure" free="1427632" total="6291456" percent="22">
      <mem type="soa" free="1112240" total="5976064" percent="18" />
      <mem type="loa" free="315392" total="315392" percent="100" />
    </mem>
    <remembered-set count="238" />
  </mem-info>
</gc-end>
<cycle-end id="389" type="scavenge" contextid="383" timestamp="2024-07-17T19:33:02.580" />
<allocation-satisfied id="390" threadId="000000000001E500" bytesRequested="16392" />
<af-end id="391" timestamp="2024-07-17T19:33:02.580" threadId="000000000001EF38" success="true" from="nursery"/>
<exclusive-end id="392" timestamp="2024-07-17T19:33:02.581" durationms="2.670" />

<exclusive-start id="393" timestamp="2024-07-17T19:33:02.644" intervalms="66.439">
  <response-info timems="0.034" idlems="0.034" threads="0" lastid="000000000001E500" lastname="main" />
</exclusive-start>
<af-start id="394" threadId="000000000001EF38" totalBytesRequested="82544" timestamp="2024-07-17T19:33:02.645" intervalms="66.459" type="nursery" />
<cycle-start id="395" type="scavenge" contextid="0" timestamp="2024-07-17T19:33:02.645" intervalms="66.551" />
<gc-start id="396" type="scavenge" contextid="395" timestamp="2024-07-17T19:33:02.645">
  <mem-info id="397" free="1427632" total="10354688" percent="13">
    <mem type="nursery" free="0" total="4063232" percent="0">
      <mem type="allocate" free="0" total="3538944" percent="0" />
      <mem type="survivor" free="0" total="524288" percent="0" />
    </mem>
    <mem type="tenure" free="1427632" total="6291456" percent="22">
      <mem type="soa" free="1112240" total="5976064" percent="18" />
      <mem type="loa" free="315392" total="315392" percent="100" />
    </mem>
    <remembered-set count="349" />
  </mem-info>
</gc-start>
<allocation-stats totalBytes="3142112" discardedBytes="81256" >
  <allocated-bytes non-tlh="642096" tlh="2500016" />
  <largest-consumer threadName="main" threadId="000000000001E500" bytes="3142112" />
</allocation-stats>
<gc-op id="398" type="scavenge" timems="0.366" contextid="395" timestamp="2024-07-17T19:33:02.646">
  <scavenger-info tenureage="3" tenuremask="ffe8" tiltratio="87" />
  <memory-copied type="nursery" objects="1909" bytes="64160" bytesdiscarded="43096" />
  <memory-copied type="tenure" objects="620" bytes="20856" bytesdiscarded="0" />
  <references type="phantom" candidates="2" cleared="0" enqueued="0" />
  <object-monitors candidates="5" cleared="0"  />
</gc-op>
<gc-end id="399" type="scavenge" contextid="395" durationms="1.171" usertimems="0.611" systemtimems="0.169" stalltimems="0.050" timestamp="2024-07-17T19:33:02.646" activeThreads="2">
  <mem-info id="400" free="4924848" total="10354688" percent="47">
    <mem type="nursery" free="3497216" total="4063232" percent="86">
      <mem type="allocate" free="3497216" total="3604480" percent="97" />
      <mem type="survivor" free="0" total="458752" percent="0" />
    </mem>
    <mem type="tenure" free="1427632" total="6291456" percent="22">
      <mem type="soa" free="1112240" total="5976064" percent="18" />
      <mem type="loa" free="315392" total="315392" percent="100" />
    </mem>
    <remembered-set count="246" />
  </mem-info>
</gc-end>
<cycle-end id="401" type="scavenge" contextid="395" timestamp="2024-07-17T19:33:02.647" />
<allocation-satisfied id="402" threadId="000000000001E500" bytesRequested="82544" />
<af-end id="403" timestamp="2024-07-17T19:33:02.647" threadId="000000000001EF38" success="true" from="nursery"/>
<exclusive-end id="404" timestamp="2024-07-17T19:33:02.647" durationms="3.088" />

<exclusive-start id="405" timestamp="2024-07-17T19:33:02.711" intervalms="66.906">
  <response-info timems="0.026" idlems="0.026" threads="0" lastid="000000000001E500" lastname="main" />
</exclusive-start>
<af-start id="406" threadId="000000000001EF38" totalBytesRequested="8200" timestamp="2024-07-17T19:33:02.711" intervalms="66.881" type="nursery" />
<cycle-start id="407" type="scavenge" contextid="0" timestamp="2024-07-17T19:33:02.712" intervalms="66.892" />
<gc-start id="408" type="scavenge" contextid="407" timestamp="2024-07-17T19:33:02.712">
  <mem-info id="409" free="1427632" total="10354688" percent="13">
    <mem type="nursery" free="0" total="4063232" percent="0">
      <mem type="allocate" free="0" total="3604480" percent="0" />
      <mem type="survivor" free="0" total="458752" percent="0" />
    </mem>
    <mem type="tenure" free="1427632" total="6291456" percent="22">
      <mem type="soa" free="1112240" total="5976064" percent="18" />
      <mem type="loa" free="315392" total="315392" percent="100" />
    </mem>
    <remembered-set count="379" />
  </mem-info>
</gc-start>
<allocation-stats totalBytes="3451920" discardedBytes="45296" >
  <allocated-bytes non-tlh="542752" tlh="2909168" />
  <largest-consumer threadName="main" threadId="000000000001E500" bytes="3451920" />
</allocation-stats>
<gc-op id="410" type="scavenge" timems="0.499" contextid="407" timestamp="2024-07-17T19:33:02.713">
  <scavenger-info tenureage="3" tenuremask="ffe8" tiltratio="88" />
  <memory-copied type="nursery" objects="2029" bytes="73192" bytesdiscarded="34056" />
  <memory-copied type="tenure" objects="608" bytes="20320" bytesdiscarded="16" />
  <references type="phantom" candidates="3" cleared="0" enqueued="0" />
  <object-monitors candidates="5" cleared="0"  />
</gc-op>
<gc-end id="411" type="scavenge" contextid="407" durationms="1.323" usertimems="0.817" systemtimems="0.000" stalltimems="0.246" timestamp="2024-07-17T19:33:02.713" activeThreads="2">
  <mem-info id="412" free="4875440" total="10354688" percent="47">
    <mem type="nursery" free="3497216" total="4063232" percent="86">
      <mem type="allocate" free="3497216" total="3604480" percent="97" />
      <mem type="survivor" free="0" total="458752" percent="0" />
    </mem>
    <mem type="tenure" free="1378224" total="6291456" percent="21">
      <mem type="soa" free="1062832" total="5976064" percent="17" />
      <mem type="loa" free="315392" total="315392" percent="100" />
    </mem>
    <remembered-set count="262" />
  </mem-info>
</gc-end>
<cycle-end id="413" type="scavenge" contextid="407" timestamp="2024-07-17T19:33:02.714" />
<allocation-satisfied id="414" threadId="000000000001E500" bytesRequested="8200" />
<af-end id="415" timestamp="2024-07-17T19:33:02.714" threadId="000000000001EF38" success="true" from="nursery"/>
<exclusive-end id="416" timestamp="2024-07-17T19:33:02.714" durationms="3.236" />

<exclusive-start id="417" timestamp="2024-07-17T19:33:02.782" intervalms="70.501">
  <response-info timems="0.114" idlems="0.090" threads="1" lastid="0000000000022100" lastname="JIT Compilation Thread-000" />
</exclusive-start>
<af-start id="418" threadId="000000000001EF38" totalBytesRequested="80" timestamp="2024-07-17T19:33:02.782" intervalms="70.655" type="nursery" />
<cycle-start id="419" type="scavenge" contextid="0" timestamp="2024-07-17T19:33:02.783" intervalms="70.768" />
<gc-start id="420" type="scavenge" contextid="419" timestamp="2024-07-17T19:33:02.783">
  <mem-info id="421" free="1375440" total="10354688" percent="13">
    <mem type="nursery" free="0" total="4063232" percent="0">
      <mem type="allocate" free="0" total="3604480" percent="0" />
      <mem type="survivor" free="0" total="458752" percent="0" />
    </mem>
    <mem type="tenure" free="1375440" total="6291456" percent="21">
      <mem type="soa" free="1060048" total="5976064" percent="17" />
      <mem type="loa" free="315392" total="315392" percent="100" />
    </mem>
    <remembered-set count="463" />
  </mem-info>
</gc-start>
<allocation-stats totalBytes="3497928" discardedBytes="2072" >
  <allocated-bytes non-tlh="521512" tlh="2976416" />
  <largest-consumer threadName="main" threadId="000000000001E500" bytes="3493832" />
</allocation-stats>
<gc-op id="422" type="scavenge" timems="0.923" contextid="419" timestamp="2024-07-17T19:33:02.785">
  <scavenger-info tenureage="2" tenuremask="ffec" tiltratio="88" />
  <memory-copied type="nursery" objects="2806" bytes="150608" bytesdiscarded="14328" />
  <memory-copied type="tenure" objects="1280" bytes="42944" bytesdiscarded="0" />
  <finalization candidates="7" enqueued="4" />
  <ownableSynchronizers candidates="20" cleared="12" />
  <references type="weak" candidates="16" cleared="11" enqueued="11" />
  <references type="phantom" candidates="13" cleared="1" enqueued="1" />
  <object-monitors candidates="6" cleared="0"  />
</gc-op>
<gc-end id="423" type="scavenge" contextid="419" durationms="2.146" usertimems="1.086" systemtimems="0.000" stalltimems="0.871" timestamp="2024-07-17T19:33:02.785" activeThreads="2">
  <mem-info id="424" free="4814800" total="10354688" percent="46">
    <mem type="nursery" free="3439360" total="4063232" percent="84">
      <mem type="allocate" free="3439360" total="3604480" percent="95" />
      <mem type="survivor" free="0" total="458752" percent="0" />
    </mem>
    <mem type="tenure" free="1375440" total="6291456" percent="21">
      <mem type="soa" free="1060048" total="5976064" percent="17" />
      <mem type="loa" free="315392" total="315392" percent="100" />
    </mem>
    <pending-finalizers system="4" default="0" reference="12" classloader="0" />
    <remembered-set count="309" />
  </mem-info>
</gc-end>
<cycle-end id="425" type="scavenge" contextid="419" timestamp="2024-07-17T19:33:02.786" />
<allocation-satisfied id="426" threadId="000000000001E500" bytesRequested="80" />
<af-end id="427" timestamp="2024-07-17T19:33:02.786" threadId="000000000001EF38" success="true" from="nursery"/>
<exclusive-end id="428" timestamp="2024-07-17T19:33:02.787" durationms="5.137" />

<exclusive-start id="429" timestamp="2024-07-17T19:33:02.827" intervalms="45.183">
  <response-info timems="0.026" idlems="0.026" threads="0" lastid="000000000001E500" lastname="main" />
</exclusive-start>
<af-start id="430" threadId="000000000001EF38" totalBytesRequested="2064" timestamp="2024-07-17T19:33:02.827" intervalms="45.142" type="nursery" />
<cycle-start id="431" type="scavenge" contextid="0" timestamp="2024-07-17T19:33:02.828" intervalms="45.103" />
<gc-start id="432" type="scavenge" contextid="431" timestamp="2024-07-17T19:33:02.828">
  <mem-info id="433" free="1362400" total="10354688" percent="13">
    <mem type="nursery" free="0" total="4063232" percent="0">
      <mem type="allocate" free="0" total="3604480" percent="0" />
      <mem type="survivor" free="0" total="458752" percent="0" />
    </mem>
    <mem type="tenure" free="1362400" total="6291456" percent="21">
      <mem type="soa" free="1047008" total="5976064" percent="17" />
      <mem type="loa" free="315392" total="315392" percent="100" />
    </mem>
    <remembered-set count="1099" />
  </mem-info>
</gc-start>
<allocation-stats totalBytes="3451616" discardedBytes="784" >
  <allocated-bytes non-tlh="13120" tlh="3438496" />
  <largest-consumer threadName="main" threadId="000000000001E500" bytes="3447520" />
</allocation-stats>
<gc-op id="434" type="scavenge" timems="2.335" contextid="431" timestamp="2024-07-17T19:33:02.831">
  <scavenger-info tenureage="2" tenuremask="ffe4" tiltratio="88" />
  <memory-copied type="nursery" objects="5757" bytes="458048" bytesdiscarded="96" />
  <memory-copied type="tenure" objects="6715" bytes="298864" bytesdiscarded="120" />
  <copy-failed type="nursery" objects="6019" bytes="276400" />
  <finalization candidates="73" enqueued="41" />
  <ownableSynchronizers candidates="106" cleared="55" />
  <references type="soft" candidates="14" cleared="0" enqueued="0" dynamicThreshold="32" maxThreshold="32" />
  <references type="weak" candidates="63" cleared="49" enqueued="49" />
  <references type="phantom" candidates="87" cleared="16" enqueued="16" />
  <object-monitors candidates="6" cleared="0"  />
</gc-op>
<heap-resize id="435" type="expand" space="nursery" amount="262144" count="1" timems="0.096" reason="excessive time being spent scavenging" timestamp="2024-07-17T19:33:02.832" />
<gc-end id="436" type="scavenge" contextid="431" durationms="3.831" usertimems="3.251" systemtimems="0.886" stalltimems="0.799" timestamp="2024-07-17T19:33:02.832" activeThreads="2">
  <mem-info id="437" free="3182304" total="10616832" percent="29">
    <mem type="nursery" free="2162688" total="4325376" percent="50">
      <mem type="allocate" free="2162688" total="2621440" percent="82" />
      <mem type="survivor" free="0" total="1703936" percent="0" />
    </mem>
    <mem type="tenure" free="1019616" total="6291456" percent="16">
      <mem type="soa" free="704224" total="5976064" percent="11" />
      <mem type="loa" free="315392" total="315392" percent="100" />
    </mem>
    <pending-finalizers system="41" default="0" reference="65" classloader="0" />
    <remembered-set count="1331" />
  </mem-info>
</gc-end>
<cycle-end id="438" type="scavenge" contextid="431" timestamp="2024-07-17T19:33:02.832" />
<allocation-satisfied id="439" threadId="000000000001E500" bytesRequested="2064" />
<af-end id="440" timestamp="2024-07-17T19:33:02.833" threadId="000000000001EF38" success="true" from="nursery"/>
<exclusive-end id="441" timestamp="2024-07-17T19:33:02.833" durationms="6.477" />

<exclusive-start id="442" timestamp="2024-07-17T19:33:02.863" intervalms="36.050">
  <response-info timems="0.031" idlems="0.031" threads="0" lastid="000000000001E500" lastname="main" />
</exclusive-start>
<af-start id="443" threadId="000000000001EF38" totalBytesRequested="32" timestamp="2024-07-17T19:33:02.863" intervalms="36.059" type="nursery" />
<cycle-start id="444" type="scavenge" contextid="0" timestamp="2024-07-17T19:33:02.864" intervalms="36.064" />
<gc-start id="445" type="scavenge" contextid="444" timestamp="2024-07-17T19:33:02.864">
  <mem-info id="446" free="1015400" total="10616832" percent="9">
    <mem type="nursery" free="0" total="4325376" percent="0">
      <mem type="allocate" free="0" total="2621440" percent="0" />
      <mem type="survivor" free="0" total="1703936" percent="0" />
    </mem>
    <mem type="tenure" free="1015400" total="6291456" percent="16">
      <mem type="soa" free="700008" total="5976064" percent="11" />
      <mem type="loa" free="315392" total="315392" percent="100" />
    </mem>
    <remembered-set count="1554" />
  </mem-info>
</gc-start>
<allocation-stats totalBytes="2165608" discardedBytes="1296" >
  <allocated-bytes non-tlh="6280" tlh="2159328" />
  <largest-consumer threadName="main" threadId="000000000001E500" bytes="2161512" />
</allocation-stats>
<gc-op id="447" type="scavenge" timems="2.203" contextid="444" timestamp="2024-07-17T19:33:02.867">
  <scavenger-info tenureage="2" tenuremask="fff4" tiltratio="60" />
  <memory-copied type="nursery" objects="7860" bytes="472832" bytesdiscarded="54440" />
  <memory-copied type="tenure" objects="689" bytes="71472" bytesdiscarded="0" />
  <finalization candidates="40" enqueued="9" />
  <ownableSynchronizers candidates="8" cleared="3" />
  <references type="soft" candidates="14" cleared="0" enqueued="0" dynamicThreshold="32" maxThreshold="32" />
  <references type="weak" candidates="34" cleared="20" enqueued="20" />
  <references type="phantom" candidates="60" cleared="1" enqueued="1" />
  <object-monitors candidates="6" cleared="0"  />
</gc-op>
<heap-resize id="448" type="expand" space="nursery" amount="262144" count="1" timems="0.041" reason="excessive time being spent scavenging" timestamp="2024-07-17T19:33:02.867" />
<gc-end id="449" type="scavenge" contextid="444" durationms="3.612" usertimems="3.102" systemtimems="0.812" stalltimems="0.705" timestamp="2024-07-17T19:33:02.868" activeThreads="2">
  <mem-info id="450" free="3420616" total="10878976" percent="31">
    <mem type="nursery" free="2486000" total="4587520" percent="54">
      <mem type="allocate" free="2486000" total="3014656" percent="82" />
      <mem type="survivor" free="0" total="1572864" percent="0" />
    </mem>
    <mem type="tenure" free="934616" total="6291456" percent="14">
      <mem type="soa" free="619224" total="5976064" percent="10" />
      <mem type="loa" free="315392" total="315392" percent="100" />
    </mem>
    <pending-finalizers system="9" default="0" reference="21" classloader="0" />
    <remembered-set count="1190" />
  </mem-info>
</gc-end>
<cycle-end id="451" type="scavenge" contextid="444" timestamp="2024-07-17T19:33:02.868" />
<allocation-satisfied id="452" threadId="000000000001E500" bytesRequested="32" />
<af-end id="453" timestamp="2024-07-17T19:33:02.869" threadId="000000000001EF38" success="true" from="nursery"/>
<exclusive-end id="454" timestamp="2024-07-17T19:33:02.869" durationms="5.882" />

<exclusive-start id="455" timestamp="2024-07-17T19:33:02.887" intervalms="23.796">
  <response-info timems="0.037" idlems="0.020" threads="1" lastid="0000000000022100" lastname="JIT Compilation Thread-000" />
</exclusive-start>
<af-start id="456" threadId="000000000001EF38" totalBytesRequested="40" timestamp="2024-07-17T19:33:02.887" intervalms="23.765" type="nursery" />
<cycle-start id="457" type="scavenge" contextid="0" timestamp="2024-07-17T19:33:02.888" intervalms="23.762" />
<gc-start id="458" type="scavenge" contextid="457" timestamp="2024-07-17T19:33:02.888">
  <mem-info id="459" free="934232" total="10878976" percent="8">
    <mem type="nursery" free="0" total="4587520" percent="0">
      <mem type="allocate" free="0" total="3014656" percent="0" />
      <mem type="survivor" free="0" total="1572864" percent="0" />
    </mem>
    <mem type="tenure" free="934232" total="6291456" percent="14">
      <mem type="soa" free="618840" total="5976064" percent="10" />
      <mem type="loa" free="315392" total="315392" percent="100" />
    </mem>
    <remembered-set count="1285" />
  </mem-info>
</gc-start>
<allocation-stats totalBytes="2484200" discardedBytes="2184" >
  <allocated-bytes non-tlh="416" tlh="2483784" />
  <largest-consumer threadName="main" threadId="000000000001E500" bytes="2484200" />
</allocation-stats>
<gc-op id="460" type="scavenge" timems="2.456" contextid="457" timestamp="2024-07-17T19:33:02.891">
  <scavenger-info tenureage="2" tenuremask="fff4" tiltratio="65" />
  <memory-copied type="nursery" objects="7038" bytes="354376" bytesdiscarded="140720" />
  <memory-copied type="tenure" objects="4699" bytes="376952" bytesdiscarded="312" />
  <finalization candidates="36" enqueued="3" />
  <ownableSynchronizers candidates="5" cleared="0" />
  <references type="weak" candidates="3" cleared="0" enqueued="0" />
  <object-monitors candidates="6" cleared="0"  />
</gc-op>
<heap-resize id="461" type="expand" space="nursery" amount="393216" count="1" timems="0.056" reason="excessive time being spent scavenging" timestamp="2024-07-17T19:33:02.891" />
<gc-end id="462" type="scavenge" contextid="457" durationms="3.948" usertimems="4.688" systemtimems="0.000" stalltimems="0.559" timestamp="2024-07-17T19:33:02.892" activeThreads="2">
  <mem-info id="463" free="3527072" total="11272192" percent="31">
    <mem type="nursery" free="3109360" total="4980736" percent="62">
      <mem type="allocate" free="3109360" total="3604480" percent="86" />
      <mem type="survivor" free="0" total="1376256" percent="0" />
    </mem>
    <mem type="tenure" free="417712" total="6291456" percent="6">
      <mem type="soa" free="102320" total="5976064" percent="1" />
      <mem type="loa" free="315392" total="315392" percent="100" />
    </mem>
    <pending-finalizers system="3" default="0" reference="0" classloader="0" />
    <remembered-set count="384" />
  </mem-info>
</gc-end>
<cycle-end id="464" type="scavenge" contextid="457" timestamp="2024-07-17T19:33:02.892" />
<allocation-satisfied id="465" threadId="000000000001E500" bytesRequested="40" />
<af-end id="466" timestamp="2024-07-17T19:33:02.893" threadId="000000000001EF38" success="true" from="nursery"/>
<exclusive-end id="467" timestamp="2024-07-17T19:33:02.893" durationms="6.493" />

<exclusive-start id="468" timestamp="2024-07-17T19:33:02.931" intervalms="43.856">
  <response-info timems="0.069" idlems="0.069" threads="0" lastid="00000000005CA500" lastname="Equinox start level thread - Equinox Container: 0639572c-41be-4" />
</exclusive-start>
<af-start id="469" threadId="00000000005CAF38" totalBytesRequested="96" timestamp="2024-07-17T19:33:02.931" intervalms="43.929" type="tenure" />
<cycle-start id="470" type="global" contextid="0" timestamp="2024-07-17T19:33:02.931" intervalms="2058.421" />
<gc-start id="471" type="global" contextid="470" timestamp="2024-07-17T19:33:02.932">
  <mem-info id="472" free="1167856" total="11272192" percent="10">
    <mem type="nursery" free="852464" total="4980736" percent="17">
      <mem type="allocate" free="852464" total="3604480" percent="23" />
      <mem type="survivor" free="0" total="1376256" percent="0" />
    </mem>
    <mem type="tenure" free="315392" total="6291456" percent="5">
      <mem type="soa" free="0" total="5976064" percent="0" />
      <mem type="loa" free="315392" total="315392" percent="100" />
    </mem>
    <remembered-set count="2149" />
  </mem-info>
</gc-start>
<allocation-stats totalBytes="2356152" discardedBytes="2304" >
  <allocated-bytes non-tlh="101600" tlh="2254552" />
  <largest-consumer threadName="Equinox start level thread - Equinox Container: 0639572c-41be-47c9-8eaf-b11c839b4017" threadId="00000000005CA500" bytes="1006536" />
</allocation-stats>
<gc-op id="473" type="mark" timems="5.862" contextid="470" timestamp="2024-07-17T19:33:02.938">
  <trace-info objectcount="120652" scancount="96772" scanbytes="3098996" />
  <finalization candidates="787" enqueued="187" />
  <ownableSynchronizers candidates="97" cleared="1" />
  <references type="soft" candidates="4654" cleared="0" enqueued="0" dynamicThreshold="32" maxThreshold="32" />
  <references type="weak" candidates="976" cleared="224" enqueued="224" />
  <references type="phantom" candidates="130" cleared="14" enqueued="14" />
  <stringconstants candidates="9968" cleared="55"  />
  <object-monitors candidates="12" cleared="5"  />
</gc-op>
<gc-op id="474" type="classunload" timems="0.035" contextid="470" timestamp="2024-07-17T19:33:02.938">
  <classunload-info classloadercandidates="17" classloadersunloaded="0" classesunloaded="0" anonymousclassesunloaded="0" quiescems="0.000" setupms="0.033" scanms="0.001" postms="0.000" />
</gc-op>
<gc-op id="475" type="sweep" timems="0.894" contextid="470" timestamp="2024-07-17T19:33:02.940" />
<heap-resize id="476" type="expand" space="tenure" amount="1507328" count="1" timems="0.049" reason="insufficient free space following gc" timestamp="2024-07-17T19:33:02.940" />
<gc-end id="477" type="global" contextid="470" durationms="8.432" usertimems="17.094" systemtimems="0.000" stalltimems="18.086" timestamp="2024-07-17T19:33:02.940" activeThreads="5">
  <mem-info id="478" free="5458104" total="12779520" percent="42">
    <mem type="nursery" free="3075576" total="4980736" percent="61">
      <mem type="allocate" free="3075576" total="3604480" percent="85" />
      <mem type="survivor" free="0" total="1376256" percent="0" />
    </mem>
    <mem type="tenure" free="2382528" total="7798784" percent="30" micro-fragmented="104954" macro-fragmented="0">
      <mem type="soa" free="1992384" total="7408640" percent="26" />
      <mem type="loa" free="390144" total="390144" percent="100" />
    </mem>
    <pending-finalizers system="187" default="0" reference="238" classloader="0" />
    <remembered-set count="2007" />
  </mem-info>
</gc-end>
<cycle-end id="479" type="global" contextid="470" timestamp="2024-07-17T19:33:02.940" />
<allocation-satisfied id="480" threadId="00000000005CA500" bytesRequested="96" />
<af-end id="481" timestamp="2024-07-17T19:33:02.941" threadId="00000000005CAF38" success="true" from="tenure-soa"/>
<exclusive-end id="482" timestamp="2024-07-17T19:33:02.941" durationms="10.238" />

<exclusive-start id="483" timestamp="2024-07-17T19:33:03.004" intervalms="73.614">
  <response-info timems="0.030" idlems="0.030" threads="0" lastid="00000000005C6800" lastname="Equinox start level thread - Equinox Container: 0639572c-41be-4" />
</exclusive-start>
<af-start id="484" threadId="00000000005C7238" totalBytesRequested="3968" timestamp="2024-07-17T19:33:03.005" intervalms="73.498" type="nursery" />
<cycle-start id="485" type="scavenge" contextid="0" timestamp="2024-07-17T19:33:03.005" intervalms="117.369" />
<gc-start id="486" type="scavenge" contextid="485" timestamp="2024-07-17T19:33:03.005">
  <mem-info id="487" free="2140368" total="12779520" percent="16">
    <mem type="nursery" free="0" total="4980736" percent="0">
      <mem type="allocate" free="0" total="3604480" percent="0" />
      <mem type="survivor" free="0" total="1376256" percent="0" />
    </mem>
    <mem type="tenure" free="2140368" total="7798784" percent="27">
      <mem type="soa" free="1750224" total="7408640" percent="23" />
      <mem type="loa" free="390144" total="390144" percent="100" />
    </mem>
    <remembered-set count="4952" />
  </mem-info>
</gc-start>
<allocation-stats totalBytes="3273056" discardedBytes="21320" >
  <allocated-bytes non-tlh="479544" tlh="2793512" />
  <largest-consumer threadName="Equinox start level thread - Equinox Container: 0639572c-41be-47c9-8eaf-b11c839b4017" threadId="00000000005CA500" bytes="1614392" />
</allocation-stats>
<gc-op id="488" type="scavenge" timems="2.127" contextid="485" timestamp="2024-07-17T19:33:03.008">
  <scavenger-info tenureage="2" tenuremask="fff4" tiltratio="72" />
  <memory-copied type="nursery" objects="18644" bytes="767584" bytesdiscarded="73016" />
  <memory-copied type="tenure" objects="508" bytes="15392" bytesdiscarded="16" />
  <finalization candidates="334" enqueued="112" />
  <ownableSynchronizers candidates="306" cleared="203" />
  <references type="soft" candidates="276" cleared="0" enqueued="0" dynamicThreshold="9" maxThreshold="32" />
  <references type="weak" candidates="735" cleared="351" enqueued="351" />
  <references type="phantom" candidates="30" cleared="24" enqueued="24" />
  <object-monitors candidates="11" cleared="0"  />
</gc-op>
<gc-end id="489" type="scavenge" contextid="485" durationms="3.065" usertimems="3.749" systemtimems="0.865" stalltimems="1.725" timestamp="2024-07-17T19:33:03.008" activeThreads="3">
  <mem-info id="490" free="4854400" total="12779520" percent="37">
    <mem type="nursery" free="2760944" total="4980736" percent="55">
      <mem type="allocate" free="2760944" total="3604480" percent="76" />
      <mem type="survivor" free="0" total="1376256" percent="0" />
    </mem>
    <mem type="tenure" free="2093456" total="7798784" percent="26">
      <mem type="soa" free="1703312" total="7408640" percent="22" />
      <mem type="loa" free="390144" total="390144" percent="100" />
    </mem>
    <pending-finalizers system="112" default="0" reference="375" classloader="0" />
    <remembered-set count="4603" />
  </mem-info>
</gc-end>
<cycle-end id="491" type="scavenge" contextid="485" timestamp="2024-07-17T19:33:03.009" />
<allocation-satisfied id="492" threadId="00000000005C6800" bytesRequested="3968" />
<af-end id="493" timestamp="2024-07-17T19:33:03.009" threadId="00000000005C7238" success="true" from="nursery"/>
<exclusive-end id="494" timestamp="2024-07-17T19:33:03.009" durationms="5.297" />

<exclusive-start id="495" timestamp="2024-07-17T19:33:03.058" intervalms="53.607">
  <response-info timems="0.510" idlems="0.510" threads="0" lastid="00000000005C6800" lastname="Equinox start level thread - Equinox Container: 0639572c-41be-4" />
</exclusive-start>
<af-start id="496" threadId="00000000005C7238" totalBytesRequested="72" timestamp="2024-07-17T19:33:03.058" intervalms="53.612" type="nursery" />
<cycle-start id="497" type="scavenge" contextid="0" timestamp="2024-07-17T19:33:03.059" intervalms="53.760" />
<gc-start id="498" type="scavenge" contextid="497" timestamp="2024-07-17T19:33:03.059">
  <mem-info id="499" free="2075088" total="12779520" percent="16">
    <mem type="nursery" free="0" total="4980736" percent="0">
      <mem type="allocate" free="0" total="3604480" percent="0" />
      <mem type="survivor" free="0" total="1376256" percent="0" />
    </mem>
    <mem type="tenure" free="2075088" total="7798784" percent="26">
      <mem type="soa" free="1684944" total="7408640" percent="22" />
      <mem type="loa" free="390144" total="390144" percent="100" />
    </mem>
    <remembered-set count="4957" />
  </mem-info>
</gc-start>
<allocation-stats totalBytes="2776304" discardedBytes="1504" >
  <allocated-bytes non-tlh="37224" tlh="2739080" />
  <largest-consumer threadName="Equinox start level thread - Equinox Container: 0639572c-41be-47c9-8eaf-b11c839b4017" threadId="00000000005C6800" bytes="2079720" />
</allocation-stats>
<gc-op id="500" type="scavenge" timems="2.075" contextid="497" timestamp="2024-07-17T19:33:03.062">
  <scavenger-info tenureage="4" tenuremask="fff0" tiltratio="72" />
  <memory-copied type="nursery" objects="23633" bytes="972936" bytesdiscarded="50800" />
  <finalization candidates="217" enqueued="3" />
  <ownableSynchronizers candidates="252" cleared="63" />
  <references type="soft" candidates="306" cleared="0" enqueued="0" dynamicThreshold="9" maxThreshold="32" />
  <references type="weak" candidates="467" cleared="29" enqueued="29" />
  <references type="phantom" candidates="7" cleared="1" enqueued="1" />
  <object-monitors candidates="11" cleared="0"  />
</gc-op>
<gc-end id="501" type="scavenge" contextid="497" durationms="2.869" usertimems="4.235" systemtimems="0.918" stalltimems="1.189" timestamp="2024-07-17T19:33:03.062" activeThreads="3">
  <mem-info id="502" free="4653224" total="12779520" percent="36">
    <mem type="nursery" free="2578136" total="4980736" percent="51">
      <mem type="allocate" free="2578136" total="3604480" percent="71" />
      <mem type="survivor" free="0" total="1376256" percent="0" />
    </mem>
    <mem type="tenure" free="2075088" total="7798784" percent="26">
      <mem type="soa" free="1684944" total="7408640" percent="22" />
      <mem type="loa" free="390144" total="390144" percent="100" />
    </mem>
    <pending-finalizers system="3" default="0" reference="30" classloader="0" />
    <remembered-set count="4873" />
  </mem-info>
</gc-end>
<cycle-end id="503" type="scavenge" contextid="497" timestamp="2024-07-17T19:33:03.062" />
<allocation-satisfied id="504" threadId="00000000005C6800" bytesRequested="72" />
<af-end id="505" timestamp="2024-07-17T19:33:03.063" threadId="00000000005C7238" success="true" from="nursery"/>
<exclusive-end id="506" timestamp="2024-07-17T19:33:03.063" durationms="5.013" />

<exclusive-start id="507" timestamp="2024-07-17T19:33:03.100" intervalms="42.654">
  <response-info timems="0.048" idlems="0.048" threads="0" lastid="00000000005D2200" lastname="Equinox start level thread - Equinox Container: 0639572c-41be-4" />
</exclusive-start>
<af-start id="508" threadId="00000000005D2C38" totalBytesRequested="32" timestamp="2024-07-17T19:33:03.101" intervalms="42.691" type="nursery" />
<cycle-start id="509" type="scavenge" contextid="0" timestamp="2024-07-17T19:33:03.101" intervalms="42.628" />
<gc-start id="510" type="scavenge" contextid="509" timestamp="2024-07-17T19:33:03.102">
  <mem-info id="511" free="2022736" total="12779520" percent="15">
    <mem type="nursery" free="0" total="4980736" percent="0">
      <mem type="allocate" free="0" total="3604480" percent="0" />
      <mem type="survivor" free="0" total="1376256" percent="0" />
    </mem>
    <mem type="tenure" free="2022736" total="7798784" percent="25">
      <mem type="soa" free="1632592" total="7408640" percent="22" />
      <mem type="loa" free="390144" total="390144" percent="100" />
    </mem>
    <remembered-set count="5634" />
  </mem-info>
</gc-start>
<allocation-stats totalBytes="2627504" discardedBytes="1576" >
  <allocated-bytes non-tlh="51016" tlh="2576488" />
  <largest-consumer threadName="Equinox start level thread - Equinox Container: 0639572c-41be-47c9-8eaf-b11c839b4017" threadId="00000000005C6800" bytes="1174552" />
</allocation-stats>
<gc-op id="512" type="scavenge" timems="2.387" contextid="509" timestamp="2024-07-17T19:33:03.105">
  <scavenger-info tenureage="3" tenuremask="fff8" tiltratio="72" />
  <memory-copied type="nursery" objects="33378" bytes="1293240" bytesdiscarded="36712" />
  <memory-copied type="tenure" objects="65" bytes="1368" bytesdiscarded="0" />
  <finalization candidates="235" enqueued="14" />
  <ownableSynchronizers candidates="711" cleared="209" />
  <references type="soft" candidates="570" cleared="0" enqueued="0" dynamicThreshold="9" maxThreshold="32" />
  <references type="weak" candidates="723" cleared="176" enqueued="176" />
  <references type="phantom" candidates="10" cleared="4" enqueued="4" />
  <object-monitors candidates="13" cleared="0"  />
</gc-op>
<heap-resize id="513" type="expand" space="nursery" amount="262144" count="1" timems="0.024" reason="excessive time being spent scavenging" timestamp="2024-07-17T19:33:03.105" />
<gc-end id="514" type="scavenge" contextid="509" durationms="3.943" usertimems="9.502" systemtimems="0.000" stalltimems="1.414" timestamp="2024-07-17T19:33:03.106" activeThreads="3">
  <mem-info id="515" free="3915560" total="13041664" percent="30">
    <mem type="nursery" free="1942232" total="5242880" percent="37">
      <mem type="allocate" free="1942232" total="3276800" percent="59" />
      <mem type="survivor" free="0" total="1966080" percent="0" />
    </mem>
    <mem type="tenure" free="1973328" total="7798784" percent="25">
      <mem type="soa" free="1583184" total="7408640" percent="21" />
      <mem type="loa" free="390144" total="390144" percent="100" />
    </mem>
    <pending-finalizers system="14" default="0" reference="180" classloader="0" />
    <remembered-set count="2135" />
  </mem-info>
</gc-end>
<cycle-end id="516" type="scavenge" contextid="509" timestamp="2024-07-17T19:33:03.106" />
<allocation-satisfied id="517" threadId="00000000005D2200" bytesRequested="32" />
<af-end id="518" timestamp="2024-07-17T19:33:03.107" threadId="00000000005D2C38" success="true" from="nursery"/>
<exclusive-end id="519" timestamp="2024-07-17T19:33:03.107" durationms="6.440" />

<exclusive-start id="520" timestamp="2024-07-17T19:33:03.145" intervalms="44.852">
  <response-info timems="0.035" idlems="0.035" threads="0" lastid="0000000000803400" lastname="Default Executor-thread-1" />
</exclusive-start>
<af-start id="521" threadId="0000000000803E38" totalBytesRequested="16392" timestamp="2024-07-17T19:33:03.146" intervalms="44.860" type="nursery" />
<cycle-start id="522" type="scavenge" contextid="0" timestamp="2024-07-17T19:33:03.146" intervalms="44.840" />
<gc-start id="523" type="scavenge" contextid="522" timestamp="2024-07-17T19:33:03.146">
  <mem-info id="524" free="1940840" total="13041664" percent="14">
    <mem type="nursery" free="0" total="5242880" percent="0">
      <mem type="allocate" free="0" total="3276800" percent="0" />
      <mem type="survivor" free="0" total="1966080" percent="0" />
    </mem>
    <mem type="tenure" free="1940840" total="7798784" percent="24">
      <mem type="soa" free="1550696" total="7408640" percent="20" />
      <mem type="loa" free="390144" total="390144" percent="100" />
    </mem>
    <remembered-set count="2560" />
  </mem-info>
</gc-start>
<allocation-stats totalBytes="1907408" discardedBytes="66552" >
  <allocated-bytes non-tlh="39960" tlh="1867448" />
  <largest-consumer threadName="Default Executor-thread-1" threadId="0000000000803400" bytes="1606224" />
</allocation-stats>
<gc-op id="525" type="scavenge" timems="2.561" contextid="522" timestamp="2024-07-17T19:33:03.150">
  <scavenger-info tenureage="3" tenuremask="ffe8" tiltratio="62" />
  <memory-copied type="nursery" objects="23651" bytes="933544" bytesdiscarded="97232" />
  <memory-copied type="tenure" objects="17002" bytes="644200" bytesdiscarded="112" />
  <finalization candidates="220" enqueued="1" />
  <ownableSynchronizers candidates="522" cleared="11" />
  <references type="soft" candidates="386" cleared="0" enqueued="0" dynamicThreshold="9" maxThreshold="32" />
  <references type="weak" candidates="310" cleared="104" enqueued="104" />
  <references type="phantom" candidates="2" cleared="0" enqueued="0" />
  <object-monitors candidates="15" cleared="1"  />
</gc-op>
<gc-end id="526" type="scavenge" contextid="522" durationms="3.519" usertimems="5.507" systemtimems="1.113" stalltimems="1.306" timestamp="2024-07-17T19:33:03.150" activeThreads="3">
  <mem-info id="527" free="3666904" total="13041664" percent="28">
    <mem type="nursery" free="2439912" total="5242880" percent="46">
      <mem type="allocate" free="2439912" total="3473408" percent="70" />
      <mem type="survivor" free="0" total="1769472" percent="0" />
    </mem>
    <mem type="tenure" free="1226992" total="7798784" percent="15">
      <mem type="soa" free="836848" total="7408640" percent="11" />
      <mem type="loa" free="390144" total="390144" percent="100" />
    </mem>
    <pending-finalizers system="1" default="0" reference="104" classloader="0" />
    <remembered-set count="1568" />
  </mem-info>
</gc-end>
<cycle-end id="528" type="scavenge" contextid="522" timestamp="2024-07-17T19:33:03.150" />
<allocation-satisfied id="529" threadId="0000000000803400" bytesRequested="16392" />
<af-end id="530" timestamp="2024-07-17T19:33:03.151" threadId="0000000000803E38" success="true" from="nursery"/>
<exclusive-end id="531" timestamp="2024-07-17T19:33:03.151" durationms="5.911" />

<exclusive-start id="532" timestamp="2024-07-17T19:33:03.175" intervalms="30.115">
  <response-info timems="0.032" idlems="0.032" threads="0" lastid="0000000000803400" lastname="Default Executor-thread-1" />
</exclusive-start>
<af-start id="533" threadId="0000000000803E38" totalBytesRequested="16392" timestamp="2024-07-17T19:33:03.176" intervalms="30.061" type="nursery" />
<cycle-start id="534" type="scavenge" contextid="0" timestamp="2024-07-17T19:33:03.176" intervalms="29.997" />
<gc-start id="535" type="scavenge" contextid="534" timestamp="2024-07-17T19:33:03.176">
  <mem-info id="536" free="1226776" total="13041664" percent="9">
    <mem type="nursery" free="0" total="5242880" percent="0">
      <mem type="allocate" free="0" total="3473408" percent="0" />
      <mem type="survivor" free="0" total="1769472" percent="0" />
    </mem>
    <mem type="tenure" free="1226776" total="7798784" percent="15">
      <mem type="soa" free="836632" total="7408640" percent="11" />
      <mem type="loa" free="390144" total="390144" percent="100" />
    </mem>
    <remembered-set count="1575" />
  </mem-info>
</gc-start>
<allocation-stats totalBytes="2373496" discardedBytes="66632" >
  <allocated-bytes non-tlh="16608" tlh="2356888" />
  <largest-consumer threadName="Default Executor-thread-1" threadId="0000000000803400" bytes="2373496" />
</allocation-stats>
<gc-op id="537" type="scavenge" timems="2.011" contextid="534" timestamp="2024-07-17T19:33:03.179">
  <scavenger-info tenureage="3" tenuremask="6008" tiltratio="66" />
  <memory-copied type="nursery" objects="23658" bytes="845864" bytesdiscarded="44384" />
  <memory-copied type="tenure" objects="5779" bytes="295232" bytesdiscarded="128" />
  <finalization candidates="9" enqueued="0" />
  <ownableSynchronizers candidates="411" cleared="0" />
  <references type="soft" candidates="356" cleared="0" enqueued="0" dynamicThreshold="9" maxThreshold="32" />
  <references type="weak" candidates="153" cleared="0" enqueued="0" />
  <references type="phantom" candidates="2" cleared="0" enqueued="0" />
  <object-monitors candidates="14" cleared="0"  />
</gc-op>
<heap-resize id="538" type="expand" space="nursery" amount="393216" count="1" timems="0.018" reason="excessive time being spent scavenging" timestamp="2024-07-17T19:33:03.179" />
<gc-end id="539" type="scavenge" contextid="534" durationms="3.218" usertimems="3.728" systemtimems="0.753" stalltimems="1.655" timestamp="2024-07-17T19:33:03.180" activeThreads="3">
  <mem-info id="540" free="3875920" total="13434880" percent="28">
    <mem type="nursery" free="2974520" total="5636096" percent="52">
      <mem type="allocate" free="2974520" total="3866624" percent="76" />
      <mem type="survivor" free="0" total="1769472" percent="0" />
    </mem>
    <mem type="tenure" free="901400" total="7798784" percent="11">
      <mem type="soa" free="511256" total="7408640" percent="6" />
      <mem type="loa" free="390144" total="390144" percent="100" />
    </mem>
    <remembered-set count="1036" />
  </mem-info>
</gc-end>
<cycle-end id="541" type="scavenge" contextid="534" timestamp="2024-07-17T19:33:03.180" />
<allocation-satisfied id="542" threadId="0000000000803400" bytesRequested="16392" />
<af-end id="543" timestamp="2024-07-17T19:33:03.181" threadId="0000000000803E38" success="true" from="nursery"/>
<exclusive-end id="544" timestamp="2024-07-17T19:33:03.181" durationms="5.410" />

<concurrent-kickoff id="545" timestamp="2024-07-17T19:33:03.204">
  <kickoff reason="threshold reached" targetBytes="2314677" thresholdFreeBytes="320635"  remainingFree="197432" tenureFreeBytes="901400" nurseryFreeBytes="197432" />
</concurrent-kickoff>
<exclusive-start id="546" timestamp="2024-07-17T19:33:03.205" intervalms="29.261">
  <response-info timems="0.033" idlems="0.033" threads="0" lastid="0000000000803400" lastname="Default Executor-thread-1" />
</exclusive-start>
<cycle-start id="547" type="global" contextid="0" timestamp="2024-07-17T19:33:03.205" intervalms="273.620" />
<concurrent-start id="548" type="global mark" contextid="547" timestamp="2024-07-17T19:33:03.205">
</concurrent-start>
<exclusive-end id="549" timestamp="2024-07-17T19:33:03.206" durationms="0.883" />

<exclusive-start id="550" timestamp="2024-07-17T19:33:03.209" intervalms="4.263">
  <response-info timems="0.030" idlems="0.030" threads="0" lastid="0000000000803400" lastname="Default Executor-thread-1" />
</exclusive-start>
<af-start id="551" threadId="0000000000803E38" totalBytesRequested="8200" timestamp="2024-07-17T19:33:03.209" intervalms="33.454" type="nursery" />
<cycle-start id="552" type="scavenge" contextid="0" timestamp="2024-07-17T19:33:03.210" intervalms="33.409" />
<gc-start id="553" type="scavenge" contextid="552" timestamp="2024-07-17T19:33:03.210">
  <mem-info id="554" free="901400" total="13434880" percent="6">
    <mem type="nursery" free="0" total="5636096" percent="0">
      <mem type="allocate" free="0" total="3866624" percent="0" />
      <mem type="survivor" free="0" total="1769472" percent="0" />
    </mem>
    <mem type="tenure" free="901400" total="7798784" percent="11">
      <mem type="soa" free="511256" total="7408640" percent="6" />
      <mem type="loa" free="390144" total="390144" percent="100" />
    </mem>
    <remembered-set count="1036" />
  </mem-info>
</gc-start>
<allocation-stats totalBytes="2857152" discardedBytes="117368" >
  <allocated-bytes non-tlh="16392" tlh="2840760" />
  <largest-consumer threadName="Default Executor-thread-1" threadId="0000000000803400" bytes="2857152" />
</allocation-stats>
<gc-op id="555" type="scavenge" timems="2.074" contextid="552" timestamp="2024-07-17T19:33:03.212">
  <scavenger-info tenureage="3" tenuremask="6008" tiltratio="68" />
  <memory-copied type="nursery" objects="20942" bytes="759744" bytesdiscarded="22080" />
  <memory-copied type="tenure" objects="9751" bytes="328976" bytesdiscarded="136" />
  <finalization candidates="8" enqueued="0" />
  <ownableSynchronizers candidates="324" cleared="0" />
  <references type="soft" candidates="92" cleared="0" enqueued="0" dynamicThreshold="9" maxThreshold="32" />
  <references type="weak" candidates="43" cleared="0" enqueued="0" />
  <references type="phantom" candidates="1" cleared="0" enqueued="0" />
  <object-monitors candidates="14" cleared="0"  />
</gc-op>
<heap-resize id="556" type="expand" space="nursery" amount="262144" count="1" timems="0.019" reason="excessive time being spent scavenging" timestamp="2024-07-17T19:33:03.213" />
<gc-end id="557" type="scavenge" contextid="552" durationms="3.234" usertimems="3.791" systemtimems="0.762" stalltimems="1.924" timestamp="2024-07-17T19:33:03.213" activeThreads="3">
  <mem-info id="558" free="3996048" total="13697024" percent="29">
    <mem type="nursery" free="3477880" total="5898240" percent="58">
      <mem type="allocate" free="3477880" total="4259840" percent="81" />
      <mem type="survivor" free="0" total="1638400" percent="0" />
    </mem>
    <mem type="tenure" free="518168" total="7798784" percent="6">
      <mem type="soa" free="128024" total="7408640" percent="1" />
      <mem type="loa" free="390144" total="390144" percent="100" />
    </mem>
    <remembered-set count="340" />
  </mem-info>
</gc-end>
<cycle-end id="559" type="scavenge" contextid="552" timestamp="2024-07-17T19:33:03.213" />
<allocation-satisfied id="560" threadId="0000000000803400" bytesRequested="8200" />
<af-end id="561" timestamp="2024-07-17T19:33:03.217" threadId="0000000000803E38" success="true" from="nursery"/>
<exclusive-end id="562" timestamp="2024-07-17T19:33:03.217" durationms="8.437" />

<exclusive-start id="563" timestamp="2024-07-17T19:33:03.251" intervalms="42.003">
  <response-info timems="0.034" idlems="0.034" threads="0" lastid="0000000000803400" lastname="Default Executor-thread-1" />
</exclusive-start>
<af-start id="564" threadId="0000000000803E38" totalBytesRequested="8200" timestamp="2024-07-17T19:33:03.251" intervalms="42.050" type="nursery" />
<cycle-start id="565" type="scavenge" contextid="0" timestamp="2024-07-17T19:33:03.252" intervalms="42.132" />
<gc-start id="566" type="scavenge" contextid="565" timestamp="2024-07-17T19:33:03.252">
  <mem-info id="567" free="518168" total="13697024" percent="3">
    <mem type="nursery" free="0" total="5898240" percent="0">
      <mem type="allocate" free="0" total="4259840" percent="0" />
      <mem type="survivor" free="0" total="1638400" percent="0" />
    </mem>
    <mem type="tenure" free="518168" total="7798784" percent="6">
      <mem type="soa" free="128024" total="7408640" percent="1" />
      <mem type="loa" free="390144" total="390144" percent="100" />
    </mem>
    <remembered-set count="340" />
  </mem-info>
</gc-start>
<allocation-stats totalBytes="3427648" discardedBytes="50232" >
  <allocated-bytes non-tlh="8200" tlh="3419448" />
  <largest-consumer threadName="Default Executor-thread-1" threadId="0000000000803400" bytes="3427648" />
</allocation-stats>
<gc-op id="568" type="scavenge" timems="1.816" contextid="565" timestamp="2024-07-17T19:33:03.254">
  <scavenger-info tenureage="3" tenuremask="6008" tiltratio="72" />
  <memory-copied type="nursery" objects="21341" bytes="767680" bytesdiscarded="34264" />
  <memory-copied type="tenure" objects="8088" bytes="299776" bytesdiscarded="152" />
  <finalization candidates="1" enqueued="0" />
  <ownableSynchronizers candidates="11" cleared="0" />
  <references type="phantom" candidates="1" cleared="0" enqueued="0" />
  <object-monitors candidates="14" cleared="0"  />
  <heap-resize type="expand" space="tenure" amount="196608" count="3" timems="0.048" reason="continue current collection" />
</gc-op>
<gc-end id="569" type="scavenge" contextid="565" durationms="2.786" usertimems="4.033" systemtimems="0.000" stalltimems="1.477" timestamp="2024-07-17T19:33:03.255" activeThreads="3">
  <mem-info id="570" free="4125024" total="13893632" percent="29">
    <mem type="nursery" free="3720032" total="5898240" percent="63">
      <mem type="allocate" free="3720032" total="4521984" percent="82" />
      <mem type="survivor" free="0" total="1376256" percent="0" />
    </mem>
    <mem type="tenure" free="404992" total="7995392" percent="5">
      <mem type="soa" free="4608" total="7595008" percent="0" />
      <mem type="loa" free="400384" total="400384" percent="100" />
    </mem>
    <remembered-set count="222" />
  </mem-info>
</gc-end>
<cycle-end id="571" type="scavenge" contextid="565" timestamp="2024-07-17T19:33:03.255" />
<allocation-satisfied id="572" threadId="0000000000803400" bytesRequested="8200" />
<af-end id="573" timestamp="2024-07-17T19:33:03.256" threadId="0000000000803E38" success="true" from="nursery"/>
<exclusive-end id="574" timestamp="2024-07-17T19:33:03.256" durationms="5.052" />

<concurrent-end id="575" type="global mark" contextid="547" timestamp="2024-07-17T19:33:03.256">
<gc-op id="576" type="trace" timems="51.079" contextid="547" timestamp="2024-07-17T19:33:03.256">
  <trace bytesTraced="3943732" workStackOverflowCount="0" />
  <card-cleaning reason="card cleaning threshold reached" bytesTraced="18804" cardsCleaned="49" />
</gc-op>
</concurrent-end>

<exclusive-start id="577" timestamp="2024-07-17T19:33:03.257" intervalms="5.780">
  <response-info timems="0.024" idlems="0.024" threads="0" lastid="0000000000803400" lastname="Default Executor-thread-1" />
</exclusive-start>
<concurrent-global-final id="578" timestamp="2024-07-17T19:33:03.257" contextid="547" intervalms="2383.958" >
  <concurrent-trace-info reason="card cleaning threshold reached" tracedByMutators="881704" tracedByHelpers="3080832" cardsCleaned="49" workStackOverflowCount="0" />
</concurrent-global-final>
<gc-start id="579" type="global" contextid="547" timestamp="2024-07-17T19:33:03.257">
  <mem-info id="580" free="4051288" total="13893632" percent="29">
    <mem type="nursery" free="3646296" total="5898240" percent="61">
      <mem type="allocate" free="3646296" total="4521984" percent="80" />
      <mem type="survivor" free="0" total="1376256" percent="0" />
    </mem>
    <mem type="tenure" free="404992" total="7995392" percent="5">
      <mem type="soa" free="4608" total="7595008" percent="0" />
      <mem type="loa" free="400384" total="400384" percent="100" />
    </mem>
    <remembered-set count="222" />
  </mem-info>
</gc-start>
<allocation-stats totalBytes="73736" discardedBytes="0" >
  <allocated-bytes non-tlh="8200" tlh="65536" />
  <largest-consumer threadName="Default Executor-thread-1" threadId="0000000000803400" bytes="73736" />
</allocation-stats>
<gc-op id="581" type="rs-scan" timems="0.744" contextid="547" timestamp="2024-07-17T19:33:03.258">
  <scan objectsFound="3" bytesTraced="8920" workStackOverflowCount="0" />
</gc-op>
<gc-op id="582" type="card-cleaning" timems="0.872" contextid="547" timestamp="2024-07-17T19:33:03.259">
  <card-cleaning cardsCleaned="130" bytesTraced="663652" workStackOverflowCount="0" />
</gc-op>
<gc-op id="583" type="mark" timems="4.291" contextid="547" timestamp="2024-07-17T19:33:03.264">
  <trace-info objectcount="3008" scancount="1650" scanbytes="44596" />
  <finalization candidates="687" enqueued="0" />
  <ownableSynchronizers candidates="595" cleared="0" />
  <references type="soft" candidates="5256" cleared="0" enqueued="0" dynamicThreshold="9" maxThreshold="32" />
  <references type="weak" candidates="1202" cleared="0" enqueued="0" />
  <references type="phantom" candidates="121" cleared="0" enqueued="0" />
  <stringconstants candidates="12263" cleared="19"  />
  <object-monitors candidates="14" cleared="0"  />
</gc-op>
<gc-op id="584" type="classunload" timems="0.012" contextid="547" timestamp="2024-07-17T19:33:03.264">
  <classunload-info classloadercandidates="33" classloadersunloaded="0" classesunloaded="0" anonymousclassesunloaded="0" quiescems="0.000" setupms="0.009" scanms="0.002" postms="0.000" />
</gc-op>
<gc-op id="585" type="sweep" timems="0.810" contextid="547" timestamp="2024-07-17T19:33:03.265" />
<heap-resize id="586" type="expand" space="tenure" amount="2490368" count="1" timems="0.027" reason="insufficient free space following gc" timestamp="2024-07-17T19:33:03.265" />
<gc-end id="587" type="global" contextid="547" durationms="8.142" usertimems="1.002" systemtimems="15.105" stalltimems="20.741" timestamp="2024-07-17T19:33:03.265" activeThreads="6">
  <mem-info id="588" free="6890616" total="16384000" percent="42">
    <mem type="nursery" free="3728640" total="5898240" percent="63">
      <mem type="allocate" free="3728640" total="4521984" percent="82" />
      <mem type="survivor" free="0" total="1376256" percent="0" />
    </mem>
    <mem type="tenure" free="3161976" total="10485760" percent="30" micro-fragmented="168923" macro-fragmented="0">
      <mem type="soa" free="2637688" total="9961472" percent="26" />
      <mem type="loa" free="524288" total="524288" percent="100" />
    </mem>
    <remembered-set count="222" />
  </mem-info>
</gc-end>
<cycle-end id="589" type="global" contextid="547" timestamp="2024-07-17T19:33:03.265" />
<exclusive-end id="590" timestamp="2024-07-17T19:33:03.266" durationms="8.911" />

<exclusive-start id="591" timestamp="2024-07-17T19:33:03.294" intervalms="37.312">
  <response-info timems="0.046" idlems="0.046" threads="0" lastid="0000000000803400" lastname="Default Executor-thread-1" />
</exclusive-start>
<af-start id="592" threadId="0000000000803E38" totalBytesRequested="8200" timestamp="2024-07-17T19:33:03.294" intervalms="43.047" type="nursery" />
<cycle-start id="593" type="scavenge" contextid="0" timestamp="2024-07-17T19:33:03.295" intervalms="42.947" />
<gc-start id="594" type="scavenge" contextid="593" timestamp="2024-07-17T19:33:03.295">
  <mem-info id="595" free="3161976" total="16384000" percent="19">
    <mem type="nursery" free="0" total="5898240" percent="0">
      <mem type="allocate" free="0" total="4521984" percent="0" />
      <mem type="survivor" free="0" total="1376256" percent="0" />
    </mem>
    <mem type="tenure" free="3161976" total="10485760" percent="30">
      <mem type="soa" free="2637688" total="9961472" percent="26" />
      <mem type="loa" free="524288" total="524288" percent="100" />
    </mem>
    <remembered-set count="231" />
  </mem-info>
</gc-start>
<allocation-stats totalBytes="3704672" discardedBytes="23968" >
  <allocated-bytes non-tlh="24592" tlh="3680080" />
  <largest-consumer threadName="Default Executor-thread-1" threadId="0000000000803400" bytes="3704672" />
</allocation-stats>
<gc-op id="596" type="scavenge" timems="1.596" contextid="593" timestamp="2024-07-17T19:33:03.297">
  <scavenger-info tenureage="3" tenuremask="6008" tiltratio="76" />
  <memory-copied type="nursery" objects="24489" bytes="893080" bytesdiscarded="45864" />
  <memory-copied type="tenure" objects="5805" bytes="207120" bytesdiscarded="224" />
  <ownableSynchronizers candidates="1190" cleared="1190" />
  <references type="phantom" candidates="1" cleared="0" enqueued="0" />
  <object-monitors candidates="14" cleared="0"  />
</gc-op>
<gc-end id="597" type="scavenge" contextid="593" durationms="2.207" usertimems="3.372" systemtimems="0.713" stalltimems="1.008" timestamp="2024-07-17T19:33:03.297" activeThreads="3">
  <mem-info id="598" free="6485016" total="16384000" percent="39">
    <mem type="nursery" free="3583032" total="5898240" percent="60">
      <mem type="allocate" free="3583032" total="4521984" percent="79" />
      <mem type="survivor" free="0" total="1376256" percent="0" />
    </mem>
    <mem type="tenure" free="2901984" total="10485760" percent="27">
      <mem type="soa" free="2377696" total="9961472" percent="23" />
      <mem type="loa" free="524288" total="524288" percent="100" />
    </mem>
    <remembered-set count="270" />
  </mem-info>
</gc-end>
<cycle-end id="599" type="scavenge" contextid="593" timestamp="2024-07-17T19:33:03.297" />
<allocation-satisfied id="600" threadId="0000000000803400" bytesRequested="8200" />
<af-end id="601" timestamp="2024-07-17T19:33:03.298" threadId="0000000000803E38" success="true" from="nursery"/>
<exclusive-end id="602" timestamp="2024-07-17T19:33:03.298" durationms="3.767" />

<exclusive-start id="603" timestamp="2024-07-17T19:33:03.320" intervalms="26.412">
  <response-info timems="0.029" idlems="0.029" threads="0" lastid="0000000000803400" lastname="Default Executor-thread-1" />
</exclusive-start>
<af-start id="604" threadId="0000000000803E38" totalBytesRequested="8200" timestamp="2024-07-17T19:33:03.321" intervalms="26.369" type="nursery" />
<cycle-start id="605" type="scavenge" contextid="0" timestamp="2024-07-17T19:33:03.321" intervalms="26.332" />
<gc-start id="606" type="scavenge" contextid="605" timestamp="2024-07-17T19:33:03.321">
  <mem-info id="607" free="2901984" total="16384000" percent="17">
    <mem type="nursery" free="0" total="5898240" percent="0">
      <mem type="allocate" free="0" total="4521984" percent="0" />
      <mem type="survivor" free="0" total="1376256" percent="0" />
    </mem>
    <mem type="tenure" free="2901984" total="10485760" percent="27">
      <mem type="soa" free="2377696" total="9961472" percent="23" />
      <mem type="loa" free="524288" total="524288" percent="100" />
    </mem>
    <remembered-set count="311" />
  </mem-info>
</gc-start>
<allocation-stats totalBytes="3545408" discardedBytes="37624" >
  <allocated-bytes non-tlh="8200" tlh="3537208" />
  <largest-consumer threadName="Default Executor-thread-1" threadId="0000000000803400" bytes="3545408" />
</allocation-stats>
<gc-op id="608" type="scavenge" timems="1.663" contextid="605" timestamp="2024-07-17T19:33:03.323">
  <scavenger-info tenureage="2" tenuremask="600c" tiltratio="76" />
  <memory-copied type="nursery" objects="17906" bytes="660456" bytesdiscarded="93288" />
  <memory-copied type="tenure" objects="15523" bytes="554768" bytesdiscarded="688" />
  <references type="phantom" candidates="1" cleared="0" enqueued="0" />
  <object-monitors candidates="14" cleared="0"  />
</gc-op>
<heap-resize id="609" type="expand" space="nursery" amount="393216" count="1" timems="0.020" reason="excessive time being spent scavenging" timestamp="2024-07-17T19:33:03.323" />
<gc-end id="610" type="scavenge" contextid="605" durationms="2.433" usertimems="4.148" systemtimems="0.000" stalltimems="0.977" timestamp="2024-07-17T19:33:03.324" activeThreads="3">
  <mem-info id="611" free="6367584" total="16777216" percent="37">
    <mem type="nursery" free="4095912" total="6291456" percent="65">
      <mem type="allocate" free="4095912" total="4849664" percent="84" />
      <mem type="survivor" free="0" total="1441792" percent="0" />
    </mem>
    <mem type="tenure" free="2271672" total="10485760" percent="21">
      <mem type="soa" free="1747384" total="9961472" percent="17" />
      <mem type="loa" free="524288" total="524288" percent="100" />
    </mem>
    <remembered-set count="296" />
  </mem-info>
</gc-end>
<cycle-end id="612" type="scavenge" contextid="605" timestamp="2024-07-17T19:33:03.324" />
<allocation-satisfied id="613" threadId="0000000000803400" bytesRequested="8200" />
<af-end id="614" timestamp="2024-07-17T19:33:03.324" threadId="0000000000803E38" success="true" from="nursery"/>
<exclusive-end id="615" timestamp="2024-07-17T19:33:03.324" durationms="3.854" />

<exclusive-start id="616" timestamp="2024-07-17T19:33:03.353" intervalms="32.283">
  <response-info timems="0.035" idlems="0.035" threads="0" lastid="0000000000803400" lastname="Default Executor-thread-1" />
</exclusive-start>
<af-start id="617" threadId="0000000000803E38" totalBytesRequested="16392" timestamp="2024-07-17T19:33:03.353" intervalms="32.317" type="nursery" />
<cycle-start id="618" type="scavenge" contextid="0" timestamp="2024-07-17T19:33:03.353" intervalms="32.406" />
<gc-start id="619" type="scavenge" contextid="618" timestamp="2024-07-17T19:33:03.354">
  <mem-info id="620" free="2271672" total="16777216" percent="13">
    <mem type="nursery" free="0" total="6291456" percent="0">
      <mem type="allocate" free="0" total="4849664" percent="0" />
      <mem type="survivor" free="0" total="1441792" percent="0" />
    </mem>
    <mem type="tenure" free="2271672" total="10485760" percent="21">
      <mem type="soa" free="1747384" total="9961472" percent="17" />
      <mem type="loa" free="524288" total="524288" percent="100" />
    </mem>
    <remembered-set count="334" />
  </mem-info>
</gc-start>
<allocation-stats totalBytes="4037048" discardedBytes="58864" >
  <allocated-bytes non-tlh="8200" tlh="4028848" />
  <largest-consumer threadName="Default Executor-thread-1" threadId="0000000000803400" bytes="4037048" />
</allocation-stats>
<gc-op id="621" type="scavenge" timems="1.423" contextid="618" timestamp="2024-07-17T19:33:03.356">
  <scavenger-info tenureage="2" tenuremask="6004" tiltratio="77" />
  <memory-copied type="nursery" objects="18818" bytes="692848" bytesdiscarded="10352" />
  <memory-copied type="tenure" objects="8953" bytes="332376" bytesdiscarded="1128" />
  <references type="phantom" candidates="1" cleared="0" enqueued="0" />
  <object-monitors candidates="14" cleared="0"  />
</gc-op>
<gc-end id="622" type="scavenge" contextid="618" durationms="2.198" usertimems="3.362" systemtimems="0.000" stalltimems="0.959" timestamp="2024-07-17T19:33:03.356" activeThreads="3">
  <mem-info id="623" free="6321528" total="16777216" percent="37">
    <mem type="nursery" free="4408600" total="6291456" percent="70">
      <mem type="allocate" free="4408600" total="5111808" percent="86" />
      <mem type="survivor" free="0" total="1179648" percent="0" />
    </mem>
    <mem type="tenure" free="1912928" total="10485760" percent="18">
      <mem type="soa" free="1388640" total="9961472" percent="13" />
      <mem type="loa" free="524288" total="524288" percent="100" />
    </mem>
    <remembered-set count="315" />
  </mem-info>
</gc-end>
<cycle-end id="624" type="scavenge" contextid="618" timestamp="2024-07-17T19:33:03.356" />
<allocation-satisfied id="625" threadId="0000000000803400" bytesRequested="16392" />
<af-end id="626" timestamp="2024-07-17T19:33:03.357" threadId="0000000000803E38" success="true" from="nursery"/>
<exclusive-end id="627" timestamp="2024-07-17T19:33:03.357" durationms="3.903" />

<exclusive-start id="628" timestamp="2024-07-17T19:33:03.386" intervalms="33.568">
  <response-info timems="0.032" idlems="0.032" threads="0" lastid="0000000000803400" lastname="Default Executor-thread-1" />
</exclusive-start>
<af-start id="629" threadId="0000000000803E38" totalBytesRequested="8200" timestamp="2024-07-17T19:33:03.387" intervalms="33.602" type="nursery" />
<cycle-start id="630" type="scavenge" contextid="0" timestamp="2024-07-17T19:33:03.387" intervalms="33.576" />
<gc-start id="631" type="scavenge" contextid="630" timestamp="2024-07-17T19:33:03.387">
  <mem-info id="632" free="1912928" total="16777216" percent="11">
    <mem type="nursery" free="0" total="6291456" percent="0">
      <mem type="allocate" free="0" total="5111808" percent="0" />
      <mem type="survivor" free="0" total="1179648" percent="0" />
    </mem>
    <mem type="tenure" free="1912928" total="10485760" percent="18">
      <mem type="soa" free="1388640" total="9961472" percent="13" />
      <mem type="loa" free="524288" total="524288" percent="100" />
    </mem>
    <remembered-set count="366" />
  </mem-info>
</gc-start>
<allocation-stats totalBytes="4289032" discardedBytes="119568" >
  <allocated-bytes non-tlh="16392" tlh="4272640" />
  <largest-consumer threadName="Default Executor-thread-1" threadId="0000000000803400" bytes="4289032" />
</allocation-stats>
<gc-op id="633" type="scavenge" timems="1.599" contextid="630" timestamp="2024-07-17T19:33:03.389">
  <scavenger-info tenureage="2" tenuremask="6004" tiltratio="81" />
  <memory-copied type="nursery" objects="20772" bytes="738280" bytesdiscarded="119904" />
  <memory-copied type="tenure" objects="8943" bytes="327288" bytesdiscarded="872" />
  <references type="phantom" candidates="1" cleared="0" enqueued="0" />
  <object-monitors candidates="14" cleared="0"  />
</gc-op>
<heap-resize id="634" type="expand" space="nursery" amount="393216" count="1" timems="0.021" reason="excessive time being spent scavenging" timestamp="2024-07-17T19:33:03.390" />
<gc-end id="635" type="scavenge" contextid="630" durationms="2.768" usertimems="3.484" systemtimems="0.037" stalltimems="1.459" timestamp="2024-07-17T19:33:03.390" activeThreads="3">
  <mem-info id="636" free="6002688" total="17170432" percent="34">
    <mem type="nursery" free="4515760" total="6684672" percent="67">
      <mem type="allocate" free="4515760" total="5373952" percent="84" />
      <mem type="survivor" free="0" total="1310720" percent="0" />
    </mem>
    <mem type="tenure" free="1486928" total="10485760" percent="14">
      <mem type="soa" free="962640" total="9961472" percent="9" />
      <mem type="loa" free="524288" total="524288" percent="100" />
    </mem>
    <remembered-set count="344" />
  </mem-info>
</gc-end>
<cycle-end id="637" type="scavenge" contextid="630" timestamp="2024-07-17T19:33:03.390" />
<allocation-satisfied id="638" threadId="0000000000803400" bytesRequested="8200" />
<af-end id="639" timestamp="2024-07-17T19:33:03.391" threadId="0000000000803E38" success="true" from="nursery"/>
<exclusive-end id="640" timestamp="2024-07-17T19:33:03.391" durationms="4.791" />

<concurrent-kickoff id="641" timestamp="2024-07-17T19:33:03.421">
  <kickoff reason="threshold reached" targetBytes="3477802" thresholdFreeBytes="481555"  remainingFree="399280" tenureFreeBytes="1486928" nurseryFreeBytes="399280" />
</concurrent-kickoff>
<exclusive-start id="642" timestamp="2024-07-17T19:33:03.421" intervalms="34.865">
  <response-info timems="0.032" idlems="0.032" threads="0" lastid="0000000000803400" lastname="Default Executor-thread-1" />
</exclusive-start>
<cycle-start id="643" type="global" contextid="0" timestamp="2024-07-17T19:33:03.421" intervalms="216.464" />
<concurrent-start id="644" type="global mark" contextid="643" timestamp="2024-07-17T19:33:03.422">
</concurrent-start>
<exclusive-end id="645" timestamp="2024-07-17T19:33:03.422" durationms="0.807" />

<exclusive-start id="646" timestamp="2024-07-17T19:33:03.426" intervalms="5.131">
  <response-info timems="0.026" idlems="0.026" threads="0" lastid="0000000000803400" lastname="Default Executor-thread-1" />
</exclusive-start>
<af-start id="647" threadId="0000000000803E38" totalBytesRequested="16392" timestamp="2024-07-17T19:33:03.427" intervalms="39.980" type="nursery" />
<cycle-start id="648" type="scavenge" contextid="0" timestamp="2024-07-17T19:33:03.427" intervalms="39.996" />
<gc-start id="649" type="scavenge" contextid="648" timestamp="2024-07-17T19:33:03.427">
  <mem-info id="650" free="1486928" total="17170432" percent="8">
    <mem type="nursery" free="0" total="6684672" percent="0">
      <mem type="allocate" free="0" total="5373952" percent="0" />
      <mem type="survivor" free="0" total="1310720" percent="0" />
    </mem>
    <mem type="tenure" free="1486928" total="10485760" percent="14">
      <mem type="soa" free="962640" total="9961472" percent="9" />
      <mem type="loa" free="524288" total="524288" percent="100" />
    </mem>
    <remembered-set count="447" />
  </mem-info>
</gc-start>
<allocation-stats totalBytes="4410064" discardedBytes="105696" >
  <allocated-bytes non-tlh="8200" tlh="4401864" />
  <largest-consumer threadName="Default Executor-thread-1" threadId="0000000000803400" bytes="4410064" />
</allocation-stats>
<gc-op id="651" type="scavenge" timems="1.628" contextid="648" timestamp="2024-07-17T19:33:03.429">
  <scavenger-info tenureage="13" tenuremask="6000" tiltratio="80" />
  <memory-copied type="nursery" objects="31338" bytes="1144592" bytesdiscarded="29896" />
  <references type="phantom" candidates="1" cleared="0" enqueued="0" />
  <object-monitors candidates="14" cleared="0"  />
</gc-op>
<gc-end id="652" type="scavenge" contextid="648" durationms="2.503" usertimems="3.278" systemtimems="0.000" stalltimems="1.585" timestamp="2024-07-17T19:33:03.430" activeThreads="3">
  <mem-info id="653" free="5293168" total="17170432" percent="30">
    <mem type="nursery" free="3806240" total="6684672" percent="56">
      <mem type="allocate" free="3806240" total="4980736" percent="76" />
      <mem type="survivor" free="0" total="1703936" percent="0" />
    </mem>
    <mem type="tenure" free="1486928" total="10485760" percent="14">
      <mem type="soa" free="962640" total="9961472" percent="9" />
      <mem type="loa" free="524288" total="524288" percent="100" />
    </mem>
    <remembered-set count="394" />
  </mem-info>
</gc-end>
<cycle-end id="654" type="scavenge" contextid="648" timestamp="2024-07-17T19:33:03.430" />
<allocation-satisfied id="655" threadId="0000000000803400" bytesRequested="16392" />
<af-end id="656" timestamp="2024-07-17T19:33:03.434" threadId="0000000000803E38" success="true" from="nursery"/>
<exclusive-end id="657" timestamp="2024-07-17T19:33:03.434" durationms="7.683" />

<exclusive-start id="658" timestamp="2024-07-17T19:33:03.467" intervalms="41.163">
  <response-info timems="0.039" idlems="0.039" threads="0" lastid="0000000000803400" lastname="Default Executor-thread-1" />
</exclusive-start>
<af-start id="659" threadId="0000000000803E38" totalBytesRequested="16392" timestamp="2024-07-17T19:33:03.468" intervalms="41.238" type="nursery" />
<percolate-collect id="660" from="nursery" to="global" reason="concurrent mark exhausted" timestamp="2024-07-17T19:33:03.468"/>
<concurrent-end id="661" type="global mark" contextid="643" timestamp="2024-07-17T19:33:03.468">
<gc-op id="662" type="trace" timems="45.716" contextid="643" timestamp="2024-07-17T19:33:03.468">
  <trace bytesTraced="4046156" workStackOverflowCount="0" />
  <card-cleaning reason="card cleaning threshold reached" bytesTraced="5584" cardsCleaned="88" />
</gc-op>
</concurrent-end>

<gc-start id="663" type="global" contextid="643" timestamp="2024-07-17T19:33:03.469">
  <mem-info id="664" free="1486928" total="17170432" percent="8">
    <mem type="nursery" free="0" total="6684672" percent="0">
      <mem type="allocate" free="0" total="4980736" percent="0" />
      <mem type="survivor" free="0" total="1703936" percent="0" />
    </mem>
    <mem type="tenure" free="1486928" total="10485760" percent="14">
      <mem type="soa" free="962640" total="9961472" percent="9" />
      <mem type="loa" free="524288" total="524288" percent="100" />
    </mem>
    <remembered-set count="448" />
  </mem-info>
</gc-start>
<allocation-stats totalBytes="3723032" discardedBytes="83208" >
  <allocated-bytes non-tlh="16392" tlh="3706640" />
  <largest-consumer threadName="Default Executor-thread-1" threadId="0000000000803400" bytes="3723032" />
</allocation-stats>
<concurrent-halted id="665" timestamp="2024-07-17T19:33:03.470">
  <halted state="Complete" status="exhausted" />
  <traced bytesTarget="3477802" bytesTotal="4051740" bytesByMutator="864172" bytesByHelper="3187568" percent="116" />
  <cards cleaned="88" thresholdBytes="189703" />
</concurrent-halted>
<gc-op id="666" type="rs-scan" timems="1.837" contextid="643" timestamp="2024-07-17T19:33:03.472">
  <scan objectsFound="65872" bytesTraced="1864620" workStackOverflowCount="0" />
</gc-op>
<gc-op id="667" type="card-cleaning" timems="0.870" contextid="643" timestamp="2024-07-17T19:33:03.473">
  <card-cleaning cardsCleaned="3" bytesTraced="5144" workStackOverflowCount="0" />
</gc-op>
<gc-op id="668" type="mark" timems="3.153" contextid="643" timestamp="2024-07-17T19:33:03.477">
  <trace-info objectcount="145" scancount="139" scanbytes="2816" />
  <finalization candidates="687" enqueued="0" />
  <ownableSynchronizers candidates="595" cleared="0" />
  <references type="soft" candidates="5256" cleared="0" enqueued="0" dynamicThreshold="9" maxThreshold="32" />
  <references type="weak" candidates="1202" cleared="0" enqueued="0" />
  <references type="phantom" candidates="121" cleared="0" enqueued="0" />
  <stringconstants candidates="12244" cleared="0"  />
  <object-monitors candidates="14" cleared="0"  />
</gc-op>
<gc-op id="669" type="sweep" timems="1.166" contextid="643" timestamp="2024-07-17T19:33:03.478" />
<heap-resize id="670" type="expand" space="tenure" amount="2031616" count="1" timems="0.027" reason="insufficient free space following gc" timestamp="2024-07-17T19:33:03.478" />
<gc-end id="671" type="global" contextid="643" durationms="9.438" usertimems="8.077" systemtimems="11.186" stalltimems="22.062" timestamp="2024-07-17T19:33:03.479" activeThreads="8">
  <mem-info id="672" free="6665960" total="19202048" percent="34">
    <mem type="nursery" free="2894776" total="6684672" percent="43">
      <mem type="allocate" free="2894776" total="4980736" percent="58" />
      <mem type="survivor" free="0" total="1703936" percent="0" />
    </mem>
    <mem type="tenure" free="3771184" total="12517376" percent="30" micro-fragmented="151302" macro-fragmented="0">
      <mem type="soa" free="3144496" total="11890688" percent="26" />
      <mem type="loa" free="626688" total="626688" percent="100" />
    </mem>
    <remembered-set count="448" />
  </mem-info>
</gc-end>
<cycle-end id="673" type="global" contextid="643" timestamp="2024-07-17T19:33:03.479" />
<allocation-satisfied id="674" threadId="0000000000803400" bytesRequested="16392" />
<af-end id="675" timestamp="2024-07-17T19:33:03.479" threadId="0000000000803E38" success="true" from="nursery"/>
<exclusive-end id="676" timestamp="2024-07-17T19:33:03.479" durationms="11.926" />

<exclusive-start id="677" timestamp="2024-07-17T19:33:03.499" intervalms="31.697">
  <response-info timems="0.038" idlems="0.038" threads="0" lastid="0000000000803400" lastname="Default Executor-thread-1" />
</exclusive-start>
<af-start id="678" threadId="0000000000803E38" totalBytesRequested="8200" timestamp="2024-07-17T19:33:03.499" intervalms="31.629" type="nursery" />
<cycle-start id="679" type="scavenge" contextid="0" timestamp="2024-07-17T19:33:03.500" intervalms="72.833" />
<gc-start id="680" type="scavenge" contextid="679" timestamp="2024-07-17T19:33:03.500">
  <mem-info id="681" free="3771184" total="19202048" percent="19">
    <mem type="nursery" free="0" total="6684672" percent="0">
      <mem type="allocate" free="0" total="4980736" percent="0" />
      <mem type="survivor" free="0" total="1703936" percent="0" />
    </mem>
    <mem type="tenure" free="3771184" total="12517376" percent="30">
      <mem type="soa" free="3144496" total="11890688" percent="26" />
      <mem type="loa" free="626688" total="626688" percent="100" />
    </mem>
    <remembered-set count="469" />
  </mem-info>
</gc-start>
<allocation-stats totalBytes="2857224" discardedBytes="22168" >
  <allocated-bytes non-tlh="1148168" tlh="1709056" />
  <largest-consumer threadName="Default Executor-thread-1" threadId="0000000000803400" bytes="2857224" />
</allocation-stats>
<gc-op id="682" type="scavenge" timems="2.120" contextid="679" timestamp="2024-07-17T19:33:03.503">
  <scavenger-info tenureage="2" tenuremask="600c" tiltratio="74" />
  <memory-copied type="nursery" objects="26049" bytes="998712" bytesdiscarded="44224" />
  <memory-copied type="tenure" objects="20762" bytes="737272" bytesdiscarded="704" />
  <ownableSynchronizers candidates="1190" cleared="1190" />
  <references type="phantom" candidates="1" cleared="0" enqueued="0" />
  <object-monitors candidates="14" cleared="0"  />
</gc-op>
<gc-end id="683" type="scavenge" contextid="679" durationms="2.768" usertimems="4.493" systemtimems="0.935" stalltimems="1.026" timestamp="2024-07-17T19:33:03.503" activeThreads="3">
  <mem-info id="684" free="6917912" total="19202048" percent="36">
    <mem type="nursery" free="4003328" total="6684672" percent="59">
      <mem type="allocate" free="4003328" total="5046272" percent="79" />
      <mem type="survivor" free="0" total="1638400" percent="0" />
    </mem>
    <mem type="tenure" free="2914584" total="12517376" percent="23">
      <mem type="soa" free="2287896" total="11890688" percent="19" />
      <mem type="loa" free="626688" total="626688" percent="100" />
    </mem>
    <remembered-set count="341" />
  </mem-info>
</gc-end>
<cycle-end id="685" type="scavenge" contextid="679" timestamp="2024-07-17T19:33:03.503" />
<allocation-satisfied id="686" threadId="0000000000803400" bytesRequested="8200" />
<af-end id="687" timestamp="2024-07-17T19:33:03.503" threadId="0000000000803E38" success="true" from="nursery"/>
<exclusive-end id="688" timestamp="2024-07-17T19:33:03.503" durationms="4.270" />

<exclusive-start id="689" timestamp="2024-07-17T19:33:03.529" intervalms="30.245">
  <response-info timems="0.036" idlems="0.036" threads="0" lastid="0000000000803400" lastname="Default Executor-thread-1" />
</exclusive-start>
<af-start id="690" threadId="0000000000803E38" totalBytesRequested="8200" timestamp="2024-07-17T19:33:03.530" intervalms="30.163" type="nursery" />
<cycle-start id="691" type="scavenge" contextid="0" timestamp="2024-07-17T19:33:03.530" intervalms="30.103" />
<gc-start id="692" type="scavenge" contextid="691" timestamp="2024-07-17T19:33:03.530">
  <mem-info id="693" free="2914288" total="19202048" percent="15">
    <mem type="nursery" free="0" total="6684672" percent="0">
      <mem type="allocate" free="0" total="5046272" percent="0" />
      <mem type="survivor" free="0" total="1638400" percent="0" />
    </mem>
    <mem type="tenure" free="2914288" total="12517376" percent="23">
      <mem type="soa" free="2287600" total="11890688" percent="19" />
      <mem type="loa" free="626688" total="626688" percent="100" />
    </mem>
    <remembered-set count="409" />
  </mem-info>
</gc-start>
<allocation-stats totalBytes="3969488" discardedBytes="34136" >
  <allocated-bytes non-tlh="8496" tlh="3960992" />
  <largest-consumer threadName="Default Executor-thread-1" threadId="0000000000803400" bytes="3969488" />
</allocation-stats>
<gc-op id="694" type="scavenge" timems="1.734" contextid="691" timestamp="2024-07-17T19:33:03.532">
  <scavenger-info tenureage="13" tenuremask="6000" tiltratio="75" />
  <memory-copied type="nursery" objects="36010" bytes="1350376" bytesdiscarded="37688" />
  <references type="phantom" candidates="1" cleared="0" enqueued="0" />
  <object-monitors candidates="14" cleared="0"  />
</gc-op>
<heap-resize id="695" type="expand" space="nursery" amount="393216" count="1" timems="0.018" reason="excessive time being spent scavenging" timestamp="2024-07-17T19:33:03.532" />
<gc-end id="696" type="scavenge" contextid="691" durationms="2.397" usertimems="3.892" systemtimems="0.806" stalltimems="2.380" timestamp="2024-07-17T19:33:03.532" activeThreads="4">
  <mem-info id="697" free="6572488" total="19595264" percent="33">
    <mem type="nursery" free="3658200" total="7077888" percent="51">
      <mem type="allocate" free="3658200" total="5046272" percent="72" />
      <mem type="survivor" free="0" total="2031616" percent="0" />
    </mem>
    <mem type="tenure" free="2914288" total="12517376" percent="23">
      <mem type="soa" free="2287600" total="11890688" percent="19" />
      <mem type="loa" free="626688" total="626688" percent="100" />
    </mem>
    <remembered-set count="409" />
  </mem-info>
</gc-end>
<cycle-end id="698" type="scavenge" contextid="691" timestamp="2024-07-17T19:33:03.533" />
<allocation-satisfied id="699" threadId="0000000000803400" bytesRequested="8200" />
<af-end id="700" timestamp="2024-07-17T19:33:03.533" threadId="0000000000803E38" success="true" from="nursery"/>
<exclusive-end id="701" timestamp="2024-07-17T19:33:03.533" durationms="3.966" />

<exclusive-start id="702" timestamp="2024-07-17T19:33:03.561" intervalms="31.338">
  <response-info timems="0.040" idlems="0.040" threads="0" lastid="0000000000803400" lastname="Default Executor-thread-1" />
</exclusive-start>
<af-start id="703" threadId="0000000000803E38" totalBytesRequested="19672" timestamp="2024-07-17T19:33:03.561" intervalms="31.385" type="nursery" />
<cycle-start id="704" type="scavenge" contextid="0" timestamp="2024-07-17T19:33:03.561" intervalms="31.455" />
<gc-start id="705" type="scavenge" contextid="704" timestamp="2024-07-17T19:33:03.562">
  <mem-info id="706" free="2890720" total="19595264" percent="14">
    <mem type="nursery" free="0" total="7077888" percent="0">
      <mem type="allocate" free="0" total="5046272" percent="0" />
      <mem type="survivor" free="0" total="2031616" percent="0" />
    </mem>
    <mem type="tenure" free="2890720" total="12517376" percent="23">
      <mem type="soa" free="2264032" total="11890688" percent="19" />
      <mem type="loa" free="626688" total="626688" percent="100" />
    </mem>
    <remembered-set count="735" />
  </mem-info>
</gc-start>
<allocation-stats totalBytes="3582472" discardedBytes="99296" >
  <allocated-bytes non-tlh="48160" tlh="3534312" />
  <largest-consumer threadName="Default Executor-thread-1" threadId="0000000000803400" bytes="3582472" />
</allocation-stats>
<gc-op id="707" type="scavenge" timems="2.313" contextid="704" timestamp="2024-07-17T19:33:03.564">
  <scavenger-info tenureage="2" tenuremask="600c" tiltratio="71" />
  <memory-copied type="nursery" objects="19003" bytes="685064" bytesdiscarded="136664" />
  <memory-copied type="tenure" objects="26039" bytes="997384" bytesdiscarded="1816" />
  <references type="soft" candidates="8" cleared="0" enqueued="0" dynamicThreshold="9" maxThreshold="32" />
  <references type="weak" candidates="29" cleared="12" enqueued="12" />
  <object-monitors candidates="14" cleared="0"  />
</gc-op>
<heap-resize id="708" type="expand" space="nursery" amount="393216" count="1" timems="0.027" reason="excessive time being spent scavenging" timestamp="2024-07-17T19:33:03.565" />
<gc-end id="709" type="scavenge" contextid="704" durationms="3.559" usertimems="4.269" systemtimems="1.997" stalltimems="3.270" timestamp="2024-07-17T19:33:03.565" activeThreads="4">
  <mem-info id="710" free="6569608" total="19988480" percent="32">
    <mem type="nursery" free="4683232" total="7471104" percent="62">
      <mem type="allocate" free="4683232" total="5505024" percent="85" />
      <mem type="survivor" free="0" total="1966080" percent="0" />
    </mem>
    <mem type="tenure" free="1886376" total="12517376" percent="15">
      <mem type="soa" free="1259688" total="11890688" percent="10" />
      <mem type="loa" free="626688" total="626688" percent="100" />
    </mem>
    <pending-finalizers system="0" default="0" reference="12" classloader="0" />
    <remembered-set count="625" />
  </mem-info>
</gc-end>
<cycle-end id="711" type="scavenge" contextid="704" timestamp="2024-07-17T19:33:03.566" />
<allocation-satisfied id="712" threadId="0000000000803400" bytesRequested="19672" />
<af-end id="713" timestamp="2024-07-17T19:33:03.566" threadId="0000000000803E38" success="true" from="nursery"/>
<exclusive-end id="714" timestamp="2024-07-17T19:33:03.567" durationms="5.768" />

<concurrent-kickoff id="715" timestamp="2024-07-17T19:33:03.608">
  <kickoff reason="threshold reached" targetBytes="4270379" thresholdFreeBytes="591569"  remainingFree="546272" tenureFreeBytes="1881800" nurseryFreeBytes="546272" />
</concurrent-kickoff>
<exclusive-start id="716" timestamp="2024-07-17T19:33:03.609" intervalms="48.191">
  <response-info timems="0.035" idlems="0.035" threads="0" lastid="0000000000803400" lastname="Default Executor-thread-1" />
</exclusive-start>
<cycle-start id="717" type="global" contextid="0" timestamp="2024-07-17T19:33:03.609" intervalms="187.905" />
<concurrent-start id="718" type="global mark" contextid="717" timestamp="2024-07-17T19:33:03.610">
</concurrent-start>
<exclusive-end id="719" timestamp="2024-07-17T19:33:03.610" durationms="1.175" />

<exclusive-start id="720" timestamp="2024-07-17T19:33:03.625" intervalms="16.363">
  <response-info timems="0.043" idlems="0.043" threads="0" lastid="0000000000803400" lastname="Default Executor-thread-1" />
</exclusive-start>
<af-start id="721" threadId="0000000000803E38" totalBytesRequested="16" timestamp="2024-07-17T19:33:03.626" intervalms="64.793" type="nursery" />
<cycle-start id="722" type="scavenge" contextid="0" timestamp="2024-07-17T19:33:03.626" intervalms="64.942" />
<gc-start id="723" type="scavenge" contextid="722" timestamp="2024-07-17T19:33:03.627">
  <mem-info id="724" free="1881800" total="19988480" percent="9">
    <mem type="nursery" free="0" total="7471104" percent="0">
      <mem type="allocate" free="0" total="5505024" percent="0" />
      <mem type="survivor" free="0" total="1966080" percent="0" />
    </mem>
    <mem type="tenure" free="1881800" total="12517376" percent="15">
      <mem type="soa" free="1255112" total="11890688" percent="10" />
      <mem type="loa" free="626688" total="626688" percent="100" />
    </mem>
    <remembered-set count="793" />
  </mem-info>
</gc-start>
<allocation-stats totalBytes="4687016" discardedBytes="792" >
  <allocated-bytes non-tlh="24248" tlh="4662768" />
  <largest-consumer threadName="Default Executor-thread-1" threadId="0000000000803400" bytes="4665560" />
</allocation-stats>
<gc-op id="725" type="scavenge" timems="1.969" contextid="722" timestamp="2024-07-17T19:33:03.629">
  <scavenger-info tenureage="2" tenuremask="6004" tiltratio="73" />
  <memory-copied type="nursery" objects="24760" bytes="766512" bytesdiscarded="156464" />
  <memory-copied type="tenure" objects="9959" bytes="351584" bytesdiscarded="32" />
  <finalization candidates="11" enqueued="7" />
  <ownableSynchronizers candidates="4" cleared="0" />
  <references type="soft" candidates="8" cleared="0" enqueued="0" dynamicThreshold="9" maxThreshold="32" />
  <references type="weak" candidates="46" cleared="8" enqueued="8" />
  <references type="phantom" candidates="1" cleared="1" enqueued="1" />
  <object-monitors candidates="16" cleared="0"  />
</gc-op>
<gc-end id="726" type="scavenge" contextid="722" durationms="3.248" usertimems="5.217" systemtimems="0.000" stalltimems="2.738" timestamp="2024-07-17T19:33:03.630" activeThreads="4">
  <mem-info id="727" free="6105320" total="19988480" percent="30">
    <mem type="nursery" free="4844064" total="7471104" percent="64">
      <mem type="allocate" free="4844064" total="5767168" percent="83" />
      <mem type="survivor" free="0" total="1703936" percent="0" />
    </mem>
    <mem type="tenure" free="1261256" total="12517376" percent="10">
      <mem type="soa" free="634568" total="11890688" percent="5" />
      <mem type="loa" free="626688" total="626688" percent="100" />
    </mem>
    <pending-finalizers system="7" default="0" reference="9" classloader="0" />
    <remembered-set count="691" />
  </mem-info>
</gc-end>
<cycle-end id="728" type="scavenge" contextid="722" timestamp="2024-07-17T19:33:03.630" />
<allocation-satisfied id="729" threadId="0000000000803400" bytesRequested="16" />
<af-end id="730" timestamp="2024-07-17T19:33:03.631" threadId="0000000000803E38" success="true" from="nursery"/>
<exclusive-end id="731" timestamp="2024-07-17T19:33:03.631" durationms="5.917" />

<concurrent-end id="732" type="global mark" contextid="717" timestamp="2024-07-17T19:33:03.632">
<gc-op id="733" type="trace" timems="21.840" contextid="717" timestamp="2024-07-17T19:33:03.632">
  <trace bytesTraced="5996280" workStackOverflowCount="0" />
  <card-cleaning reason="card cleaning threshold reached" bytesTraced="2272" cardsCleaned="1" />
</gc-op>
</concurrent-end>

<exclusive-start id="734" timestamp="2024-07-17T19:33:03.632" intervalms="6.844">
  <response-info timems="0.030" idlems="0.030" threads="0" lastid="0000000000803400" lastname="Default Executor-thread-1" />
</exclusive-start>
<concurrent-global-final id="735" timestamp="2024-07-17T19:33:03.632" contextid="717" intervalms="375.548" >
  <concurrent-trace-info reason="card cleaning threshold reached" tracedByMutators="562616" tracedByHelpers="5435936" cardsCleaned="1" workStackOverflowCount="0" />
</concurrent-global-final>
<gc-start id="736" type="global" contextid="717" timestamp="2024-07-17T19:33:03.633">
  <mem-info id="737" free="6039768" total="19988480" percent="30">
    <mem type="nursery" free="4778512" total="7471104" percent="63">
      <mem type="allocate" free="4778512" total="5767168" percent="82" />
      <mem type="survivor" free="0" total="1703936" percent="0" />
    </mem>
    <mem type="tenure" free="1261256" total="12517376" percent="10">
      <mem type="soa" free="634568" total="11890688" percent="5" />
      <mem type="loa" free="626688" total="626688" percent="100" />
    </mem>
    <remembered-set count="694" />
  </mem-info>
</gc-start>
<allocation-stats totalBytes="65552" discardedBytes="0" >
  <allocated-bytes non-tlh="16" tlh="65536" />
  <largest-consumer threadName="Default Executor-thread-1" threadId="0000000000803400" bytes="65552" />
</allocation-stats>
<gc-op id="738" type="rs-scan" timems="1.457" contextid="717" timestamp="2024-07-17T19:33:03.635">
  <scan objectsFound="24420" bytesTraced="733484" workStackOverflowCount="0" />
</gc-op>
<gc-op id="739" type="card-cleaning" timems="0.639" contextid="717" timestamp="2024-07-17T19:33:03.635">
  <card-cleaning cardsCleaned="92" bytesTraced="129036" workStackOverflowCount="0" />
</gc-op>
<gc-op id="740" type="mark" timems="2.728" contextid="717" timestamp="2024-07-17T19:33:03.638">
  <trace-info objectcount="1180" scancount="1170" scanbytes="30876" />
  <finalization candidates="691" enqueued="0" />
  <ownableSynchronizers candidates="599" cleared="2" />
  <references type="soft" candidates="5262" cleared="0" enqueued="0" dynamicThreshold="9" maxThreshold="32" />
  <references type="weak" candidates="1240" cleared="0" enqueued="0" />
  <references type="phantom" candidates="120" cleared="0" enqueued="0" />
  <stringconstants candidates="12468" cleared="0"  />
  <object-monitors candidates="16" cleared="0"  />
</gc-op>
<gc-op id="741" type="sweep" timems="1.083" contextid="717" timestamp="2024-07-17T19:33:03.639" />
<heap-resize id="742" type="expand" space="tenure" amount="2883584" count="1" timems="0.027" reason="insufficient free space following gc" timestamp="2024-07-17T19:33:03.640" />
<gc-end id="743" type="global" contextid="717" durationms="7.167" usertimems="15.479" systemtimems="0.159" stalltimems="22.996" timestamp="2024-07-17T19:33:03.640" activeThreads="9">
  <mem-info id="744" free="9644304" total="22872064" percent="42">
    <mem type="nursery" free="5000720" total="7471104" percent="66">
      <mem type="allocate" free="5000720" total="5767168" percent="86" />
      <mem type="survivor" free="0" total="1703936" percent="0" />
    </mem>
    <mem type="tenure" free="4643584" total="15400960" percent="30" micro-fragmented="177504" macro-fragmented="0">
      <mem type="soa" free="3873536" total="14630912" percent="26" />
      <mem type="loa" free="770048" total="770048" percent="100" />
    </mem>
    <remembered-set count="635" />
  </mem-info>
</gc-end>
<cycle-end id="745" type="global" contextid="717" timestamp="2024-07-17T19:33:03.640" />
<exclusive-end id="746" timestamp="2024-07-17T19:33:03.640" durationms="8.050" />

<exclusive-start id="747" timestamp="2024-07-17T19:33:03.668" intervalms="36.172">
  <response-info timems="0.039" idlems="0.039" threads="0" lastid="0000000000803400" lastname="Default Executor-thread-1" />
</exclusive-start>
<af-start id="748" threadId="0000000000803E38" totalBytesRequested="24" timestamp="2024-07-17T19:33:03.669" intervalms="43.006" type="nursery" />
<cycle-start id="749" type="scavenge" contextid="0" timestamp="2024-07-17T19:33:03.669" intervalms="43.024" />
<gc-start id="750" type="scavenge" contextid="749" timestamp="2024-07-17T19:33:03.670">
  <mem-info id="751" free="4643584" total="22872064" percent="20">
    <mem type="nursery" free="0" total="7471104" percent="0">
      <mem type="allocate" free="0" total="5767168" percent="0" />
      <mem type="survivor" free="0" total="1703936" percent="0" />
    </mem>
    <mem type="tenure" free="4643584" total="15400960" percent="30">
      <mem type="soa" free="3873536" total="14630912" percent="26" />
      <mem type="loa" free="770048" total="770048" percent="100" />
    </mem>
    <remembered-set count="638" />
  </mem-info>
</gc-start>
<allocation-stats totalBytes="5000096" discardedBytes="624" >
  <allocated-bytes non-tlh="0" tlh="5000096" />
  <largest-consumer threadName="Default Executor-thread-1" threadId="0000000000803400" bytes="5000096" />
</allocation-stats>
<gc-op id="752" type="scavenge" timems="1.674" contextid="749" timestamp="2024-07-17T19:33:03.672">
  <scavenger-info tenureage="13" tenuremask="6000" tiltratio="77" />
  <memory-copied type="nursery" objects="25721" bytes="793336" bytesdiscarded="64208" />
  <finalization candidates="4" enqueued="0" />
  <ownableSynchronizers candidates="1190" cleared="1186" />
  <references type="soft" candidates="8" cleared="0" enqueued="0" dynamicThreshold="9" maxThreshold="32" />
  <references type="weak" candidates="38" cleared="0" enqueued="0" />
  <object-monitors candidates="16" cleared="0"  />
</gc-op>
<gc-end id="753" type="scavenge" contextid="749" durationms="2.734" usertimems="3.573" systemtimems="0.000" stalltimems="3.105" timestamp="2024-07-17T19:33:03.672" activeThreads="4">
  <mem-info id="754" free="9684256" total="22872064" percent="42">
    <mem type="nursery" free="5040672" total="7471104" percent="67">
      <mem type="allocate" free="5040672" total="5898240" percent="85" />
      <mem type="survivor" free="0" total="1572864" percent="0" />
    </mem>
    <mem type="tenure" free="4643584" total="15400960" percent="30">
      <mem type="soa" free="3873536" total="14630912" percent="26" />
      <mem type="loa" free="770048" total="770048" percent="100" />
    </mem>
    <remembered-set count="431" />
  </mem-info>
</gc-end>
<cycle-end id="755" type="scavenge" contextid="749" timestamp="2024-07-17T19:33:03.673" />
<allocation-satisfied id="756" threadId="0000000000803400" bytesRequested="24" />
<af-end id="757" timestamp="2024-07-17T19:33:03.673" threadId="0000000000803E38" success="true" from="nursery"/>
<exclusive-end id="758" timestamp="2024-07-17T19:33:03.673" durationms="4.916" />

<exclusive-start id="759" timestamp="2024-07-17T19:33:03.685" intervalms="16.868">
  <response-info timems="0.031" idlems="0.031" threads="0" lastid="0000000000803400" lastname="Default Executor-thread-1" />
</exclusive-start>
<af-start id="760" threadId="0000000000803E38" totalBytesRequested="48" timestamp="2024-07-17T19:33:03.686" intervalms="16.830" type="nursery" />
<cycle-start id="761" type="scavenge" contextid="0" timestamp="2024-07-17T19:33:03.686" intervalms="16.815" />
<gc-start id="762" type="scavenge" contextid="761" timestamp="2024-07-17T19:33:03.686">
  <mem-info id="763" free="4643584" total="22872064" percent="20">
    <mem type="nursery" free="0" total="7471104" percent="0">
      <mem type="allocate" free="0" total="5898240" percent="0" />
      <mem type="survivor" free="0" total="1572864" percent="0" />
    </mem>
    <mem type="tenure" free="4643584" total="15400960" percent="30">
      <mem type="soa" free="3873536" total="14630912" percent="26" />
      <mem type="loa" free="770048" total="770048" percent="100" />
    </mem>
    <remembered-set count="437" />
  </mem-info>
</gc-start>
<allocation-stats totalBytes="5040056" discardedBytes="616" >
  <allocated-bytes non-tlh="24" tlh="5040032" />
  <largest-consumer threadName="Default Executor-thread-1" threadId="0000000000803400" bytes="5040056" />
</allocation-stats>
<gc-op id="764" type="scavenge" timems="1.487" contextid="761" timestamp="2024-07-17T19:33:03.689">
  <scavenger-info tenureage="3" tenuremask="6008" tiltratio="78" />
  <memory-copied type="nursery" objects="17932" bytes="506240" bytesdiscarded="51056" />
  <memory-copied type="tenure" objects="8981" bytes="321672" bytesdiscarded="640" />
  <finalization candidates="4" enqueued="0" />
  <ownableSynchronizers candidates="4" cleared="0" />
  <references type="weak" candidates="21" cleared="0" enqueued="0" />
  <object-monitors candidates="16" cleared="0"  />
</gc-op>
<heap-resize id="765" type="expand" space="nursery" amount="655360" count="1" timems="0.021" reason="excessive time being spent scavenging" timestamp="2024-07-17T19:33:03.689" />
<gc-end id="766" type="scavenge" contextid="761" durationms="2.969" usertimems="3.312" systemtimems="0.000" stalltimems="1.132" timestamp="2024-07-17T19:33:03.689" activeThreads="3">
  <mem-info id="767" free="10252000" total="23527424" percent="43">
    <mem type="nursery" free="5996288" total="8126464" percent="73">
      <mem type="allocate" free="5996288" total="6553600" percent="91" />
      <mem type="survivor" free="0" total="1572864" percent="0" />
    </mem>
    <mem type="tenure" free="4255712" total="15400960" percent="27">
      <mem type="soa" free="3485664" total="14630912" percent="23" />
      <mem type="loa" free="770048" total="770048" percent="100" />
    </mem>
    <remembered-set count="333" />
  </mem-info>
</gc-end>
<cycle-end id="768" type="scavenge" contextid="761" timestamp="2024-07-17T19:33:03.690" />
<allocation-satisfied id="769" threadId="0000000000803400" bytesRequested="48" />
<af-end id="770" timestamp="2024-07-17T19:33:03.691" threadId="0000000000803E38" success="true" from="nursery"/>
<exclusive-end id="771" timestamp="2024-07-17T19:33:03.691" durationms="5.646" />

<exclusive-start id="772" timestamp="2024-07-17T19:33:03.710" intervalms="24.385">
  <response-info timems="0.035" idlems="0.035" threads="0" lastid="0000000000803400" lastname="Default Executor-thread-1" />
</exclusive-start>
<af-start id="773" threadId="0000000000803E38" totalBytesRequested="24" timestamp="2024-07-17T19:33:03.710" intervalms="24.365" type="nursery" />
<cycle-start id="774" type="scavenge" contextid="0" timestamp="2024-07-17T19:33:03.710" intervalms="24.345" />
<gc-start id="775" type="scavenge" contextid="774" timestamp="2024-07-17T19:33:03.711">
  <mem-info id="776" free="4255448" total="23527424" percent="18">
    <mem type="nursery" free="0" total="8126464" percent="0">
      <mem type="allocate" free="0" total="6553600" percent="0" />
      <mem type="survivor" free="0" total="1572864" percent="0" />
    </mem>
    <mem type="tenure" free="4255448" total="15400960" percent="27">
      <mem type="soa" free="3485400" total="14630912" percent="23" />
      <mem type="loa" free="770048" total="770048" percent="100" />
    </mem>
    <remembered-set count="388" />
  </mem-info>
</gc-start>
<allocation-stats totalBytes="5994952" discardedBytes="1600" >
  <allocated-bytes non-tlh="312" tlh="5994640" />
  <largest-consumer threadName="Default Executor-thread-1" threadId="0000000000803400" bytes="5994952" />
</allocation-stats>
<gc-op id="777" type="scavenge" timems="1.537" contextid="774" timestamp="2024-07-17T19:33:03.713">
  <scavenger-info tenureage="3" tenuremask="4008" tiltratio="80" />
  <memory-copied type="nursery" objects="2642" bytes="77328" bytesdiscarded="17904" />
  <memory-copied type="tenure" objects="15136" bytes="425536" bytesdiscarded="200" />
  <finalization candidates="4" enqueued="0" />
  <ownableSynchronizers candidates="4" cleared="0" />
  <references type="weak" candidates="2" cleared="2" enqueued="2" />
  <object-monitors candidates="16" cleared="0"  />
</gc-op>
<heap-resize id="778" type="expand" space="nursery" amount="393216" count="1" timems="0.020" reason="excessive time being spent scavenging" timestamp="2024-07-17T19:33:03.714" />
<gc-end id="779" type="scavenge" contextid="774" durationms="3.090" usertimems="2.879" systemtimems="0.000" stalltimems="1.624" timestamp="2024-07-17T19:33:03.714" activeThreads="3">
  <mem-info id="780" free="10913048" total="23920640" percent="45">
    <mem type="nursery" free="7113728" total="8519680" percent="83">
      <mem type="allocate" free="7113728" total="7208960" percent="98" />
      <mem type="survivor" free="0" total="1310720" percent="0" />
    </mem>
    <mem type="tenure" free="3799320" total="15400960" percent="24">
      <mem type="soa" free="3029272" total="14630912" percent="20" />
      <mem type="loa" free="770048" total="770048" percent="100" />
    </mem>
    <pending-finalizers system="0" default="0" reference="2" classloader="0" />
    <remembered-set count="275" />
  </mem-info>
</gc-end>
<cycle-end id="781" type="scavenge" contextid="774" timestamp="2024-07-17T19:33:03.714" />
<allocation-satisfied id="782" threadId="0000000000803400" bytesRequested="24" />
<af-end id="783" timestamp="2024-07-17T19:33:03.715" threadId="0000000000803E38" success="true" from="nursery"/>
<exclusive-end id="784" timestamp="2024-07-17T19:33:03.715" durationms="5.677" />

<exclusive-start id="785" timestamp="2024-07-17T19:33:03.747" intervalms="37.198">
  <response-info timems="0.054" idlems="0.054" threads="0" lastid="0000000000803400" lastname="Default Executor-thread-1" />
</exclusive-start>
<af-start id="786" threadId="0000000000803E38" totalBytesRequested="24" timestamp="2024-07-17T19:33:03.747" intervalms="37.472" type="nursery" />
<cycle-start id="787" type="scavenge" contextid="0" timestamp="2024-07-17T19:33:03.748" intervalms="37.504" />
<gc-start id="788" type="scavenge" contextid="787" timestamp="2024-07-17T19:33:03.748">
  <mem-info id="789" free="3799320" total="23920640" percent="15">
    <mem type="nursery" free="0" total="8519680" percent="0">
      <mem type="allocate" free="0" total="7208960" percent="0" />
      <mem type="survivor" free="0" total="1310720" percent="0" />
    </mem>
    <mem type="tenure" free="3799320" total="15400960" percent="24">
      <mem type="soa" free="3029272" total="14630912" percent="20" />
      <mem type="loa" free="770048" total="770048" percent="100" />
    </mem>
    <remembered-set count="503" />
  </mem-info>
</gc-start>
<allocation-stats totalBytes="7112040" discardedBytes="1688" >
  <allocated-bytes non-tlh="24" tlh="7112016" />
  <largest-consumer threadName="Default Executor-thread-1" threadId="0000000000803400" bytes="7112040" />
</allocation-stats>
<gc-op id="790" type="scavenge" timems="1.030" contextid="787" timestamp="2024-07-17T19:33:03.750">
  <scavenger-info tenureage="14" tenuremask="4000" tiltratio="84" />
  <memory-copied type="nursery" objects="9765" bytes="275272" bytesdiscarded="33976" />
  <object-monitors candidates="16" cleared="0"  />
</gc-op>
<gc-end id="791" type="scavenge" contextid="787" durationms="2.144" usertimems="1.516" systemtimems="0.154" stalltimems="1.380" timestamp="2024-07-17T19:33:03.751" activeThreads="3">
  <mem-info id="792" free="10895640" total="23920640" percent="45">
    <mem type="nursery" free="7096320" total="8519680" percent="83">
      <mem type="allocate" free="7096320" total="7405568" percent="95" />
      <mem type="survivor" free="0" total="1114112" percent="0" />
    </mem>
    <mem type="tenure" free="3799320" total="15400960" percent="24">
      <mem type="soa" free="3029272" total="14630912" percent="20" />
      <mem type="loa" free="770048" total="770048" percent="100" />
    </mem>
    <remembered-set count="498" />
  </mem-info>
</gc-end>
<cycle-end id="793" type="scavenge" contextid="787" timestamp="2024-07-17T19:33:03.751" />
<allocation-satisfied id="794" threadId="0000000000803400" bytesRequested="24" />
<af-end id="795" timestamp="2024-07-17T19:33:03.752" threadId="0000000000803E38" success="true" from="nursery"/>
<exclusive-end id="796" timestamp="2024-07-17T19:33:03.752" durationms="5.114" />

<exclusive-start id="797" timestamp="2024-07-17T19:33:03.768" intervalms="21.485">
  <response-info timems="0.032" idlems="0.032" threads="0" lastid="0000000000803400" lastname="Default Executor-thread-1" />
</exclusive-start>
<af-start id="798" threadId="0000000000803E38" totalBytesRequested="24" timestamp="2024-07-17T19:33:03.769" intervalms="21.237" type="nursery" />
<cycle-start id="799" type="scavenge" contextid="0" timestamp="2024-07-17T19:33:03.769" intervalms="21.240" />
<gc-start id="800" type="scavenge" contextid="799" timestamp="2024-07-17T19:33:03.770">
  <mem-info id="801" free="3799320" total="23920640" percent="15">
    <mem type="nursery" free="0" total="8519680" percent="0">
      <mem type="allocate" free="0" total="7405568" percent="0" />
      <mem type="survivor" free="0" total="1114112" percent="0" />
    </mem>
    <mem type="tenure" free="3799320" total="15400960" percent="24">
      <mem type="soa" free="3029272" total="14630912" percent="20" />
      <mem type="loa" free="770048" total="770048" percent="100" />
    </mem>
    <remembered-set count="508" />
  </mem-info>
</gc-start>
<allocation-stats totalBytes="7095576" discardedBytes="744" >
  <allocated-bytes non-tlh="24" tlh="7095552" />
  <largest-consumer threadName="Default Executor-thread-1" threadId="0000000000803400" bytes="7095576" />
</allocation-stats>
<gc-op id="802" type="scavenge" timems="0.859" contextid="799" timestamp="2024-07-17T19:33:03.771">
  <scavenger-info tenureage="14" tenuremask="4000" tiltratio="86" />
  <memory-copied type="nursery" objects="11073" bytes="311456" bytesdiscarded="36960" />
  <object-monitors candidates="16" cleared="0"  />
</gc-op>
<heap-resize id="803" type="expand" space="nursery" amount="524288" count="1" timems="0.019" reason="excessive time being spent scavenging" timestamp="2024-07-17T19:33:03.772" />
<gc-end id="804" type="scavenge" contextid="799" durationms="2.304" usertimems="1.600" systemtimems="0.000" stalltimems="0.928" timestamp="2024-07-17T19:33:03.772" activeThreads="3">
  <mem-info id="805" free="11446296" total="24444928" percent="46">
    <mem type="nursery" free="7646976" total="9043968" percent="84">
      <mem type="allocate" free="7646976" total="7995392" percent="95" />
      <mem type="survivor" free="0" total="1048576" percent="0" />
    </mem>
    <mem type="tenure" free="3799320" total="15400960" percent="24">
      <mem type="soa" free="3029272" total="14630912" percent="20" />
      <mem type="loa" free="770048" total="770048" percent="100" />
    </mem>
    <remembered-set count="502" />
  </mem-info>
</gc-end>
<cycle-end id="806" type="scavenge" contextid="799" timestamp="2024-07-17T19:33:03.772" />
<allocation-satisfied id="807" threadId="0000000000803400" bytesRequested="24" />
<af-end id="808" timestamp="2024-07-17T19:33:03.773" threadId="0000000000803E38" success="true" from="nursery"/>
<exclusive-end id="809" timestamp="2024-07-17T19:33:03.773" durationms="5.001" />

<exclusive-start id="810" timestamp="2024-07-17T19:33:03.791" intervalms="22.879">
  <response-info timems="0.034" idlems="0.034" threads="0" lastid="0000000000803400" lastname="Default Executor-thread-1" />
</exclusive-start>
<af-start id="811" threadId="0000000000803E38" totalBytesRequested="24" timestamp="2024-07-17T19:33:03.792" intervalms="22.878" type="nursery" />
<cycle-start id="812" type="scavenge" contextid="0" timestamp="2024-07-17T19:33:03.792" intervalms="22.864" />
<gc-start id="813" type="scavenge" contextid="812" timestamp="2024-07-17T19:33:03.792">
  <mem-info id="814" free="3799320" total="24444928" percent="15">
    <mem type="nursery" free="0" total="9043968" percent="0">
      <mem type="allocate" free="0" total="7995392" percent="0" />
      <mem type="survivor" free="0" total="1048576" percent="0" />
    </mem>
    <mem type="tenure" free="3799320" total="15400960" percent="24">
      <mem type="soa" free="3029272" total="14630912" percent="20" />
      <mem type="loa" free="770048" total="770048" percent="100" />
    </mem>
    <remembered-set count="521" />
  </mem-info>
</gc-start>
<allocation-stats totalBytes="7646232" discardedBytes="744" >
  <allocated-bytes non-tlh="24" tlh="7646208" />
  <largest-consumer threadName="Default Executor-thread-1" threadId="0000000000803400" bytes="7646232" />
</allocation-stats>
<gc-op id="815" type="scavenge" timems="1.071" contextid="812" timestamp="2024-07-17T19:33:03.794">
  <scavenger-info tenureage="14" tenuremask="4000" tiltratio="88" />
  <memory-copied type="nursery" objects="12673" bytes="356096" bytesdiscarded="51208" />
  <object-monitors candidates="16" cleared="0"  />
</gc-op>
<heap-resize id="816" type="expand" space="nursery" amount="393216" count="1" timems="0.018" reason="excessive time being spent scavenging" timestamp="2024-07-17T19:33:03.795" />
<gc-end id="817" type="scavenge" contextid="812" durationms="2.456" usertimems="1.593" systemtimems="0.287" stalltimems="1.355" timestamp="2024-07-17T19:33:03.795" activeThreads="3">
  <mem-info id="818" free="11846160" total="24838144" percent="47">
    <mem type="nursery" free="8046840" total="9437184" percent="85">
      <mem type="allocate" free="8046840" total="8454144" percent="95" />
      <mem type="survivor" free="0" total="983040" percent="0" />
    </mem>
    <mem type="tenure" free="3799320" total="15400960" percent="24">
      <mem type="soa" free="3029272" total="14630912" percent="20" />
      <mem type="loa" free="770048" total="770048" percent="100" />
    </mem>
    <remembered-set count="521" />
  </mem-info>
</gc-end>
<cycle-end id="819" type="scavenge" contextid="812" timestamp="2024-07-17T19:33:03.795" />
<allocation-satisfied id="820" threadId="0000000000803400" bytesRequested="24" />
<af-end id="821" timestamp="2024-07-17T19:33:03.796" threadId="0000000000803E38" success="true" from="nursery"/>
<exclusive-end id="822" timestamp="2024-07-17T19:33:03.796" durationms="5.056" />

<exclusive-start id="823" timestamp="2024-07-17T19:33:03.815" intervalms="23.713">
  <response-info timems="0.037" idlems="0.037" threads="0" lastid="0000000000803400" lastname="Default Executor-thread-1" />
</exclusive-start>
<af-start id="824" threadId="0000000000803E38" totalBytesRequested="32" timestamp="2024-07-17T19:33:03.815" intervalms="23.695" type="nursery" />
<cycle-start id="825" type="scavenge" contextid="0" timestamp="2024-07-17T19:33:03.816" intervalms="23.699" />
<gc-start id="826" type="scavenge" contextid="825" timestamp="2024-07-17T19:33:03.816">
  <mem-info id="827" free="3799320" total="24838144" percent="15">
    <mem type="nursery" free="0" total="9437184" percent="0">
      <mem type="allocate" free="0" total="8454144" percent="0" />
      <mem type="survivor" free="0" total="983040" percent="0" />
    </mem>
    <mem type="tenure" free="3799320" total="15400960" percent="24">
      <mem type="soa" free="3029272" total="14630912" percent="20" />
      <mem type="loa" free="770048" total="770048" percent="100" />
    </mem>
    <remembered-set count="522" />
  </mem-info>
</gc-start>
<allocation-stats totalBytes="8046192" discardedBytes="648" >
  <allocated-bytes non-tlh="24" tlh="8046168" />
  <largest-consumer threadName="Default Executor-thread-1" threadId="0000000000803400" bytes="8046192" />
</allocation-stats>
<gc-op id="828" type="scavenge" timems="2.070" contextid="825" timestamp="2024-07-17T19:33:03.819">
  <scavenger-info tenureage="4" tenuremask="4010" tiltratio="89" />
  <memory-copied type="nursery" objects="11171" bytes="311840" bytesdiscarded="34784" />
  <memory-copied type="tenure" objects="1688" bytes="49736" bytesdiscarded="8" />
  <object-monitors candidates="16" cleared="0"  />
</gc-op>
<heap-resize id="829" type="expand" space="nursery" amount="655360" count="1" timems="0.042" reason="excessive time being spent scavenging" timestamp="2024-07-17T19:33:03.819" />
<gc-end id="830" type="scavenge" contextid="825" durationms="3.599" usertimems="4.014" systemtimems="0.503" stalltimems="1.880" timestamp="2024-07-17T19:33:03.820" activeThreads="3">
  <mem-info id="831" free="12440600" total="25493504" percent="48">
    <mem type="nursery" free="8697344" total="10092544" percent="86">
      <mem type="allocate" free="8697344" total="9043968" percent="96" />
      <mem type="survivor" free="0" total="1048576" percent="0" />
    </mem>
    <mem type="tenure" free="3743256" total="15400960" percent="24">
      <mem type="soa" free="2973208" total="14630912" percent="20" />
      <mem type="loa" free="770048" total="770048" percent="100" />
    </mem>
    <remembered-set count="487" />
  </mem-info>
</gc-end>
<cycle-end id="832" type="scavenge" contextid="825" timestamp="2024-07-17T19:33:03.820" />
<allocation-satisfied id="833" threadId="0000000000803400" bytesRequested="32" />
<af-end id="834" timestamp="2024-07-17T19:33:03.821" threadId="0000000000803E38" success="true" from="nursery"/>
<exclusive-end id="835" timestamp="2024-07-17T19:33:03.821" durationms="6.131" />

<exclusive-start id="836" timestamp="2024-07-17T19:33:03.847" intervalms="31.753">
  <response-info timems="0.038" idlems="0.038" threads="0" lastid="0000000000803400" lastname="Default Executor-thread-1" />
</exclusive-start>
<af-start id="837" threadId="0000000000803E38" totalBytesRequested="32" timestamp="2024-07-17T19:33:03.847" intervalms="31.676" type="nursery" />
<cycle-start id="838" type="scavenge" contextid="0" timestamp="2024-07-17T19:33:03.847" intervalms="31.618" />
<gc-start id="839" type="scavenge" contextid="838" timestamp="2024-07-17T19:33:03.848">
  <mem-info id="840" free="3743256" total="25493504" percent="14">
    <mem type="nursery" free="0" total="10092544" percent="0">
      <mem type="allocate" free="0" total="9043968" percent="0" />
      <mem type="survivor" free="0" total="1048576" percent="0" />
    </mem>
    <mem type="tenure" free="3743256" total="15400960" percent="24">
      <mem type="soa" free="2973208" total="14630912" percent="20" />
      <mem type="loa" free="770048" total="770048" percent="100" />
    </mem>
    <remembered-set count="488" />
  </mem-info>
</gc-start>
<allocation-stats totalBytes="8696488" discardedBytes="856" >
  <allocated-bytes non-tlh="32" tlh="8696456" />
  <largest-consumer threadName="Default Executor-thread-1" threadId="0000000000803400" bytes="8696488" />
</allocation-stats>
<gc-op id="841" type="scavenge" timems="1.350" contextid="838" timestamp="2024-07-17T19:33:03.850">
  <scavenger-info tenureage="4" tenuremask="40d0" tiltratio="89" />
  <memory-copied type="nursery" objects="3491" bytes="99800" bytesdiscarded="51496" />
  <memory-copied type="tenure" objects="7836" bytes="216672" bytesdiscarded="832" />
  <object-monitors candidates="16" cleared="0"  />
</gc-op>
<gc-end id="842" type="scavenge" contextid="838" durationms="2.343" usertimems="2.386" systemtimems="0.432" stalltimems="0.984" timestamp="2024-07-17T19:33:03.850" activeThreads="3">
  <mem-info id="843" free="12414744" total="25493504" percent="48">
    <mem type="nursery" free="8892672" total="10092544" percent="88">
      <mem type="allocate" free="8892672" total="9043968" percent="98" />
      <mem type="survivor" free="0" total="1048576" percent="0" />
    </mem>
    <mem type="tenure" free="3522072" total="15400960" percent="22">
      <mem type="soa" free="2752024" total="14630912" percent="18" />
      <mem type="loa" free="770048" total="770048" percent="100" />
    </mem>
    <remembered-set count="263" />
  </mem-info>
</gc-end>
<cycle-end id="844" type="scavenge" contextid="838" timestamp="2024-07-17T19:33:03.850" />
<allocation-satisfied id="845" threadId="0000000000803400" bytesRequested="32" />
<af-end id="846" timestamp="2024-07-17T19:33:03.851" threadId="0000000000803E38" success="true" from="nursery"/>
<exclusive-end id="847" timestamp="2024-07-17T19:33:03.851" durationms="4.599" />

<exclusive-start id="848" timestamp="2024-07-17T19:33:03.872" intervalms="25.186">
  <response-info timems="0.043" idlems="0.043" threads="0" lastid="0000000000803400" lastname="Default Executor-thread-1" />
</exclusive-start>
<af-start id="849" threadId="0000000000803E38" totalBytesRequested="16" timestamp="2024-07-17T19:33:03.872" intervalms="25.244" type="nursery" />
<cycle-start id="850" type="scavenge" contextid="0" timestamp="2024-07-17T19:33:03.873" intervalms="25.239" />
<gc-start id="851" type="scavenge" contextid="850" timestamp="2024-07-17T19:33:03.873">
  <mem-info id="852" free="3522072" total="25493504" percent="13">
    <mem type="nursery" free="0" total="10092544" percent="0">
      <mem type="allocate" free="0" total="9043968" percent="0" />
      <mem type="survivor" free="0" total="1048576" percent="0" />
    </mem>
    <mem type="tenure" free="3522072" total="15400960" percent="22">
      <mem type="soa" free="2752024" total="14630912" percent="18" />
      <mem type="loa" free="770048" total="770048" percent="100" />
    </mem>
    <remembered-set count="265" />
  </mem-info>
</gc-start>
<allocation-stats totalBytes="8891728" discardedBytes="944" >
  <allocated-bytes non-tlh="32" tlh="8891696" />
  <largest-consumer threadName="Default Executor-thread-1" threadId="0000000000803400" bytes="8891728" />
</allocation-stats>
<gc-op id="853" type="scavenge" timems="1.067" contextid="850" timestamp="2024-07-17T19:33:03.875">
  <scavenger-info tenureage="3" tenuremask="4018" tiltratio="89" />
  <memory-copied type="nursery" objects="770" bytes="24296" bytesdiscarded="13080" />
  <memory-copied type="tenure" objects="2852" bytes="79536" bytesdiscarded="8" />
  <object-monitors candidates="16" cleared="0"  />
</gc-op>
<heap-resize id="854" type="expand" space="nursery" amount="524288" count="1" timems="0.044" reason="excessive time being spent scavenging" timestamp="2024-07-17T19:33:03.875" />
<gc-end id="855" type="scavenge" contextid="850" durationms="2.414" usertimems="1.327" systemtimems="0.239" stalltimems="1.457" timestamp="2024-07-17T19:33:03.875" activeThreads="3">
  <mem-info id="856" free="12893976" total="26017792" percent="49">
    <mem type="nursery" free="9465344" total="10616832" percent="89">
      <mem type="allocate" free="9465344" total="9502720" percent="99" />
      <mem type="survivor" free="0" total="1114112" percent="0" />
    </mem>
    <mem type="tenure" free="3428632" total="15400960" percent="22">
      <mem type="soa" free="2658584" total="14630912" percent="18" />
      <mem type="loa" free="770048" total="770048" percent="100" />
    </mem>
    <remembered-set count="226" />
  </mem-info>
</gc-end>
<cycle-end id="857" type="scavenge" contextid="850" timestamp="2024-07-17T19:33:03.876" />
<allocation-satisfied id="858" threadId="0000000000803400" bytesRequested="16" />
<af-end id="859" timestamp="2024-07-17T19:33:03.876" threadId="0000000000803E38" success="true" from="nursery"/>
<exclusive-end id="860" timestamp="2024-07-17T19:33:03.876" durationms="4.678" />

<exclusive-start id="861" timestamp="2024-07-17T19:33:03.903" intervalms="30.975">
  <response-info timems="0.031" idlems="0.031" threads="0" lastid="0000000000803400" lastname="Default Executor-thread-1" />
</exclusive-start>
<af-start id="862" threadId="0000000000803E38" totalBytesRequested="40" timestamp="2024-07-17T19:33:03.903" intervalms="30.932" type="nursery" />
<cycle-start id="863" type="scavenge" contextid="0" timestamp="2024-07-17T19:33:03.904" intervalms="30.940" />
<gc-start id="864" type="scavenge" contextid="863" timestamp="2024-07-17T19:33:03.904">
  <mem-info id="865" free="3428632" total="26017792" percent="13">
    <mem type="nursery" free="0" total="10616832" percent="0">
      <mem type="allocate" free="0" total="9502720" percent="0" />
      <mem type="survivor" free="0" total="1114112" percent="0" />
    </mem>
    <mem type="tenure" free="3428632" total="15400960" percent="22">
      <mem type="soa" free="2658584" total="14630912" percent="18" />
      <mem type="loa" free="770048" total="770048" percent="100" />
    </mem>
    <remembered-set count="230" />
  </mem-info>
</gc-start>
<allocation-stats totalBytes="9464376" discardedBytes="968" >
  <allocated-bytes non-tlh="16" tlh="9464360" />
  <largest-consumer threadName="Default Executor-thread-1" threadId="0000000000803400" bytes="9464376" />
</allocation-stats>
<gc-op id="866" type="scavenge" timems="0.518" contextid="863" timestamp="2024-07-17T19:33:03.905">
  <scavenger-info tenureage="14" tenuremask="4000" tiltratio="89" />
  <memory-copied type="nursery" objects="902" bytes="28184" bytesdiscarded="27880" />
  <object-monitors candidates="16" cleared="0"  />
</gc-op>
<gc-end id="867" type="scavenge" contextid="863" durationms="1.640" usertimems="0.642" systemtimems="0.115" stalltimems="0.465" timestamp="2024-07-17T19:33:03.906" activeThreads="3">
  <mem-info id="868" free="12875288" total="26017792" percent="49">
    <mem type="nursery" free="9446656" total="10616832" percent="88">
      <mem type="allocate" free="9446656" total="9502720" percent="99" />
      <mem type="survivor" free="0" total="1114112" percent="0" />
    </mem>
    <mem type="tenure" free="3428632" total="15400960" percent="22">
      <mem type="soa" free="2658584" total="14630912" percent="18" />
      <mem type="loa" free="770048" total="770048" percent="100" />
    </mem>
    <remembered-set count="228" />
  </mem-info>
</gc-end>
<cycle-end id="869" type="scavenge" contextid="863" timestamp="2024-07-17T19:33:03.906" />
<allocation-satisfied id="870" threadId="0000000000803400" bytesRequested="40" />
<af-end id="871" timestamp="2024-07-17T19:33:03.907" threadId="0000000000803E38" success="true" from="nursery"/>
<exclusive-end id="872" timestamp="2024-07-17T19:33:03.907" durationms="4.155" />

<exclusive-start id="873" timestamp="2024-07-17T19:33:03.929" intervalms="25.723">
  <response-info timems="0.030" idlems="0.030" threads="0" lastid="0000000000803400" lastname="Default Executor-thread-1" />
</exclusive-start>
<af-start id="874" threadId="0000000000803E38" totalBytesRequested="40" timestamp="2024-07-17T19:33:03.929" intervalms="25.783" type="nursery" />
<cycle-start id="875" type="scavenge" contextid="0" timestamp="2024-07-17T19:33:03.929" intervalms="25.815" />
<gc-start id="876" type="scavenge" contextid="875" timestamp="2024-07-17T19:33:03.930">
  <mem-info id="877" free="3428632" total="26017792" percent="13">
    <mem type="nursery" free="0" total="10616832" percent="0">
      <mem type="allocate" free="0" total="9502720" percent="0" />
      <mem type="survivor" free="0" total="1114112" percent="0" />
    </mem>
    <mem type="tenure" free="3428632" total="15400960" percent="22">
      <mem type="soa" free="2658584" total="14630912" percent="18" />
      <mem type="loa" free="770048" total="770048" percent="100" />
    </mem>
    <remembered-set count="244" />
  </mem-info>
</gc-start>
<allocation-stats totalBytes="9445424" discardedBytes="1232" >
  <allocated-bytes non-tlh="40" tlh="9445384" />
  <largest-consumer threadName="Default Executor-thread-1" threadId="0000000000803400" bytes="9445424" />
</allocation-stats>
<gc-op id="878" type="scavenge" timems="0.437" contextid="875" timestamp="2024-07-17T19:33:03.931">
  <scavenger-info tenureage="3" tenuremask="fff8" tiltratio="89" />
  <memory-copied type="nursery" objects="605" bytes="19736" bytesdiscarded="17640" />
  <memory-copied type="tenure" objects="110" bytes="2928" bytesdiscarded="0" />
  <object-monitors candidates="16" cleared="0"  />
</gc-op>
<gc-end id="879" type="scavenge" contextid="875" durationms="1.295" usertimems="0.616" systemtimems="0.109" stalltimems="0.175" timestamp="2024-07-17T19:33:03.931" activeThreads="2">
  <mem-info id="880" free="12893976" total="26017792" percent="49">
    <mem type="nursery" free="9465344" total="10616832" percent="89">
      <mem type="allocate" free="9465344" total="9502720" percent="99" />
      <mem type="survivor" free="0" total="1114112" percent="0" />
    </mem>
    <mem type="tenure" free="3428632" total="15400960" percent="22">
      <mem type="soa" free="2658584" total="14630912" percent="18" />
      <mem type="loa" free="770048" total="770048" percent="100" />
    </mem>
    <remembered-set count="229" />
  </mem-info>
</gc-end>
<cycle-end id="881" type="scavenge" contextid="875" timestamp="2024-07-17T19:33:03.931" />
<allocation-satisfied id="882" threadId="0000000000803400" bytesRequested="40" />
<af-end id="883" timestamp="2024-07-17T19:33:03.932" threadId="0000000000803E38" success="true" from="nursery"/>
<exclusive-end id="884" timestamp="2024-07-17T19:33:03.932" durationms="3.429" />

<exclusive-start id="885" timestamp="2024-07-17T19:33:03.953" intervalms="24.045">
  <response-info timems="0.028" idlems="0.028" threads="0" lastid="0000000000803400" lastname="Default Executor-thread-1" />
</exclusive-start>
<af-start id="886" threadId="0000000000803E38" totalBytesRequested="72" timestamp="2024-07-17T19:33:03.953" intervalms="24.028" type="nursery" />
<cycle-start id="887" type="scavenge" contextid="0" timestamp="2024-07-17T19:33:03.953" intervalms="24.048" />
<gc-start id="888" type="scavenge" contextid="887" timestamp="2024-07-17T19:33:03.954">
  <mem-info id="889" free="3428632" total="26017792" percent="13">
    <mem type="nursery" free="0" total="10616832" percent="0">
      <mem type="allocate" free="0" total="9502720" percent="0" />
      <mem type="survivor" free="0" total="1114112" percent="0" />
    </mem>
    <mem type="tenure" free="3428632" total="15400960" percent="22">
      <mem type="soa" free="2658584" total="14630912" percent="18" />
      <mem type="loa" free="770048" total="770048" percent="100" />
    </mem>
    <remembered-set count="243" />
  </mem-info>
</gc-start>
<allocation-stats totalBytes="9464144" discardedBytes="1200" >
  <allocated-bytes non-tlh="40" tlh="9464104" />
  <largest-consumer threadName="Default Executor-thread-1" threadId="0000000000803400" bytes="9464144" />
</allocation-stats>
<gc-op id="890" type="scavenge" timems="0.498" contextid="887" timestamp="2024-07-17T19:33:03.955">
  <scavenger-info tenureage="6" tenuremask="ffc0" tiltratio="89" />
  <memory-copied type="nursery" objects="1106" bytes="35768" bytesdiscarded="1608" />
  <object-monitors candidates="16" cleared="0"  />
</gc-op>
<heap-resize id="891" type="expand" space="nursery" amount="524288" count="1" timems="0.084" reason="excessive time being spent scavenging" timestamp="2024-07-17T19:33:03.956" />
<gc-end id="892" type="scavenge" contextid="887" durationms="2.030" usertimems="0.683" systemtimems="0.119" stalltimems="0.199" timestamp="2024-07-17T19:33:03.956" activeThreads="2">
  <mem-info id="893" free="13352728" total="26542080" percent="50">
    <mem type="nursery" free="9924096" total="11141120" percent="89">
      <mem type="allocate" free="9924096" total="9961472" percent="99" />
      <mem type="survivor" free="0" total="1179648" percent="0" />
    </mem>
    <mem type="tenure" free="3428632" total="15400960" percent="22">
      <mem type="soa" free="2658584" total="14630912" percent="18" />
      <mem type="loa" free="770048" total="770048" percent="100" />
    </mem>
    <remembered-set count="226" />
  </mem-info>
</gc-end>
<cycle-end id="894" type="scavenge" contextid="887" timestamp="2024-07-17T19:33:03.956" />
<allocation-satisfied id="895" threadId="0000000000803400" bytesRequested="72" />
<af-end id="896" timestamp="2024-07-17T19:33:03.957" threadId="0000000000803E38" success="true" from="nursery"/>
<exclusive-end id="897" timestamp="2024-07-17T19:33:03.957" durationms="4.570" />

<exclusive-start id="898" timestamp="2024-07-17T19:33:04.057" intervalms="103.953">
  <response-info timems="0.040" idlems="0.040" threads="0" lastid="0000000000803400" lastname="Default Executor-thread-1" />
</exclusive-start>
<af-start id="899" threadId="0000000000803E38" totalBytesRequested="8200" timestamp="2024-07-17T19:33:04.057" intervalms="103.852" type="nursery" />
<cycle-start id="900" type="scavenge" contextid="0" timestamp="2024-07-17T19:33:04.057" intervalms="103.744" />
<gc-start id="901" type="scavenge" contextid="900" timestamp="2024-07-17T19:33:04.057">
  <mem-info id="902" free="3417760" total="26542080" percent="12">
    <mem type="nursery" free="0" total="11141120" percent="0">
      <mem type="allocate" free="0" total="9961472" percent="0" />
      <mem type="survivor" free="0" total="1179648" percent="0" />
    </mem>
    <mem type="tenure" free="3417760" total="15400960" percent="22">
      <mem type="soa" free="2647712" total="14630912" percent="18" />
      <mem type="loa" free="770048" total="770048" percent="100" />
    </mem>
    <remembered-set count="2748" />
  </mem-info>
</gc-start>
<allocation-stats totalBytes="9927056" discardedBytes="7912" >
  <allocated-bytes non-tlh="237504" tlh="9689552" />
  <largest-consumer threadName="Default Executor-thread-1" threadId="0000000000803400" bytes="9886072" />
</allocation-stats>
<gc-op id="903" type="scavenge" timems="6.239" contextid="900" timestamp="2024-07-17T19:33:04.064">
  <scavenger-info tenureage="3" tenuremask="fff8" tiltratio="89" />
  <memory-copied type="nursery" objects="24925" bytes="1178160" bytesdiscarded="568" />
  <memory-copied type="tenure" objects="10833" bytes="368576" bytesdiscarded="160" />
  <copy-failed type="nursery" objects="10738" bytes="366344" />
  <ownableSynchronizers candidates="80" cleared="48" />
  <references type="soft" candidates="2" cleared="0" enqueued="0" dynamicThreshold="9" maxThreshold="32" />
  <references type="weak" candidates="14" cleared="1" enqueued="1" />
  <references type="phantom" candidates="52" cleared="0" enqueued="0" />
  <object-monitors candidates="16" cleared="0"  />
</gc-op>
<gc-end id="904" type="scavenge" contextid="900" durationms="6.972" usertimems="0.000" systemtimems="12.217" stalltimems="0.520" timestamp="2024-07-17T19:33:04.064" activeThreads="2">
  <mem-info id="905" free="9411072" total="26542080" percent="35">
    <mem type="nursery" free="6356992" total="11141120" percent="57">
      <mem type="allocate" free="6356992" total="7536640" percent="84" />
      <mem type="survivor" free="0" total="3604480" percent="0" />
    </mem>
    <mem type="tenure" free="3054080" total="15400960" percent="19">
      <mem type="soa" free="2284032" total="14630912" percent="15" />
      <mem type="loa" free="770048" total="770048" percent="100" />
    </mem>
    <pending-finalizers system="0" default="0" reference="1" classloader="0" />
    <remembered-set count="2667" />
  </mem-info>
</gc-end>
<cycle-end id="906" type="scavenge" contextid="900" timestamp="2024-07-17T19:33:04.065" />
<allocation-satisfied id="907" threadId="0000000000803400" bytesRequested="8200" />
<af-end id="908" timestamp="2024-07-17T19:33:04.065" threadId="0000000000803E38" success="true" from="nursery"/>
<exclusive-end id="909" timestamp="2024-07-17T19:33:04.065" durationms="8.908" />

<exclusive-start id="910" timestamp="2024-07-17T19:33:04.206" intervalms="149.902">
  <response-info timems="0.037" idlems="0.037" threads="0" lastid="0000000000803400" lastname="Default Executor-thread-1" />
</exclusive-start>
<af-start id="911" threadId="0000000000803E38" totalBytesRequested="14488" timestamp="2024-07-17T19:33:04.207" intervalms="149.986" type="nursery" />
<cycle-start id="912" type="scavenge" contextid="0" timestamp="2024-07-17T19:33:04.207" intervalms="150.094" />
<gc-start id="913" type="scavenge" contextid="912" timestamp="2024-07-17T19:33:04.208">
  <mem-info id="914" free="3053592" total="26542080" percent="11">
    <mem type="nursery" free="0" total="11141120" percent="0">
      <mem type="allocate" free="0" total="7536640" percent="0" />
      <mem type="survivor" free="0" total="3604480" percent="0" />
    </mem>
    <mem type="tenure" free="3053592" total="15400960" percent="19">
      <mem type="soa" free="2283544" total="14630912" percent="15" />
      <mem type="loa" free="770048" total="770048" percent="100" />
    </mem>
    <remembered-set count="2898" />
  </mem-info>
</gc-start>
<allocation-stats totalBytes="6313296" discardedBytes="44184" >
  <allocated-bytes non-tlh="578392" tlh="5734904" />
  <largest-consumer threadName="Default Executor-thread-1" threadId="0000000000803400" bytes="6272344" />
</allocation-stats>
<gc-op id="915" type="scavenge" timems="1.678" contextid="912" timestamp="2024-07-17T19:33:04.210">
  <scavenger-info tenureage="6" tenuremask="ffc0" tiltratio="67" />
  <memory-copied type="nursery" objects="30294" bytes="1546792" bytesdiscarded="20664" />
  <ownableSynchronizers candidates="98" cleared="36" />
  <references type="soft" candidates="2" cleared="0" enqueued="0" dynamicThreshold="9" maxThreshold="32" />
  <references type="weak" candidates="16" cleared="0" enqueued="0" />
  <references type="phantom" candidates="88" cleared="0" enqueued="0" />
  <object-monitors candidates="18" cleared="0"  />
</gc-op>
<gc-end id="916" type="scavenge" contextid="912" durationms="2.589" usertimems="3.379" systemtimems="0.655" stalltimems="2.488" timestamp="2024-07-17T19:33:04.210" activeThreads="4">
  <mem-info id="917" free="10135776" total="26542080" percent="38">
    <mem type="nursery" free="7082184" total="11141120" percent="63">
      <mem type="allocate" free="7082184" total="8650752" percent="81" />
      <mem type="survivor" free="0" total="2490368" percent="0" />
    </mem>
    <mem type="tenure" free="3053592" total="15400960" percent="19">
      <mem type="soa" free="2283544" total="14630912" percent="15" />
      <mem type="loa" free="770048" total="770048" percent="100" />
    </mem>
    <remembered-set count="2799" />
  </mem-info>
</gc-end>
<cycle-end id="918" type="scavenge" contextid="912" timestamp="2024-07-17T19:33:04.211" />
<allocation-satisfied id="919" threadId="0000000000803400" bytesRequested="14488" />
<af-end id="920" timestamp="2024-07-17T19:33:04.211" threadId="0000000000803E38" success="true" from="nursery"/>
<exclusive-end id="921" timestamp="2024-07-17T19:33:04.211" durationms="4.844" />

<exclusive-start id="922" timestamp="2024-07-17T19:33:04.252" intervalms="45.841">
  <response-info timems="0.029" idlems="0.029" threads="0" lastid="0000000000803400" lastname="Default Executor-thread-1" />
</exclusive-start>
<af-start id="923" threadId="0000000000803E38" totalBytesRequested="16392" timestamp="2024-07-17T19:33:04.253" intervalms="45.920" type="nursery" />
<cycle-start id="924" type="scavenge" contextid="0" timestamp="2024-07-17T19:33:04.253" intervalms="45.884" />
<gc-start id="925" type="scavenge" contextid="924" timestamp="2024-07-17T19:33:04.254">
  <mem-info id="926" free="3053256" total="26542080" percent="11">
    <mem type="nursery" free="0" total="11141120" percent="0">
      <mem type="allocate" free="0" total="8650752" percent="0" />
      <mem type="survivor" free="0" total="2490368" percent="0" />
    </mem>
    <mem type="tenure" free="3053256" total="15400960" percent="19">
      <mem type="soa" free="2283208" total="14630912" percent="15" />
      <mem type="loa" free="770048" total="770048" percent="100" />
    </mem>
    <remembered-set count="3009" />
  </mem-info>
</gc-start>
<allocation-stats totalBytes="7072672" discardedBytes="9848" >
  <allocated-bytes non-tlh="14824" tlh="7057848" />
  <largest-consumer threadName="Default Executor-thread-1" threadId="0000000000803400" bytes="6998976" />
</allocation-stats>
<gc-op id="927" type="scavenge" timems="2.604" contextid="924" timestamp="2024-07-17T19:33:04.257">
  <scavenger-info tenureage="3" tenuremask="fff8" tiltratio="77" />
  <memory-copied type="nursery" objects="40170" bytes="2486696" bytesdiscarded="1424" />
  <memory-copied type="tenure" objects="8816" bytes="350776" bytesdiscarded="80" />
  <copy-failed type="nursery" objects="8519" bytes="341312" />
  <ownableSynchronizers candidates="212" cleared="90" />
  <references type="soft" candidates="2" cleared="0" enqueued="0" dynamicThreshold="9" maxThreshold="32" />
  <references type="weak" candidates="17" cleared="0" enqueued="0" />
  <references type="phantom" candidates="179" cleared="0" enqueued="0" />
  <object-monitors candidates="18" cleared="0"  />
</gc-op>
<heap-resize id="928" type="expand" space="nursery" amount="524288" count="1" timems="0.066" reason="excessive time being spent scavenging" timestamp="2024-07-17T19:33:04.257" />
<gc-end id="929" type="scavenge" contextid="924" durationms="4.195" usertimems="6.208" systemtimems="1.223" stalltimems="2.657" timestamp="2024-07-17T19:33:04.258" activeThreads="4">
  <mem-info id="930" free="6598856" total="27066368" percent="24">
    <mem type="nursery" free="4128768" total="11665408" percent="35">
      <mem type="allocate" free="4128768" total="6619136" percent="62" />
      <mem type="survivor" free="0" total="5046272" percent="0" />
    </mem>
    <mem type="tenure" free="2470088" total="15400960" percent="16">
      <mem type="soa" free="1700040" total="14630912" percent="11" />
      <mem type="loa" free="770048" total="770048" percent="100" />
    </mem>
    <remembered-set count="3755" />
  </mem-info>
</gc-end>
<cycle-end id="931" type="scavenge" contextid="924" timestamp="2024-07-17T19:33:04.258" />
<allocation-satisfied id="932" threadId="0000000000803400" bytesRequested="16392" />
<af-end id="933" timestamp="2024-07-17T19:33:04.259" threadId="0000000000803E38" success="true" from="nursery"/>
<exclusive-end id="934" timestamp="2024-07-17T19:33:04.259" durationms="6.979" />

<exclusive-start id="935" timestamp="2024-07-17T19:33:04.281" intervalms="29.009">
  <response-info timems="0.036" idlems="0.036" threads="0" lastid="0000000000803400" lastname="Default Executor-thread-1" />
</exclusive-start>
<af-start id="936" threadId="0000000000803E38" totalBytesRequested="16392" timestamp="2024-07-17T19:33:04.282" intervalms="28.995" type="nursery" />
<cycle-start id="937" type="scavenge" contextid="0" timestamp="2024-07-17T19:33:04.282" intervalms="29.033" />
<gc-start id="938" type="scavenge" contextid="937" timestamp="2024-07-17T19:33:04.283">
  <mem-info id="939" free="2469880" total="27066368" percent="9">
    <mem type="nursery" free="0" total="11665408" percent="0">
      <mem type="allocate" free="0" total="6619136" percent="0" />
      <mem type="survivor" free="0" total="5046272" percent="0" />
    </mem>
    <mem type="tenure" free="2469880" total="15400960" percent="16">
      <mem type="soa" free="1699832" total="14630912" percent="11" />
      <mem type="loa" free="770048" total="770048" percent="100" />
    </mem>
    <remembered-set count="3945" />
  </mem-info>
</gc-start>
<allocation-stats totalBytes="4118952" discardedBytes="10024" >
  <allocated-bytes non-tlh="362440" tlh="3756512" />
  <largest-consumer threadName="Default Executor-thread-1" threadId="0000000000803400" bytes="4082096" />
</allocation-stats>
<gc-op id="940" type="scavenge" timems="2.734" contextid="937" timestamp="2024-07-17T19:33:04.286">
  <scavenger-info tenureage="2" tenuremask="ffcc" tiltratio="56" />
  <memory-copied type="nursery" objects="26611" bytes="2101872" bytesdiscarded="295376" />
  <memory-copied type="tenure" objects="22936" bytes="1275568" bytesdiscarded="816" />
  <ownableSynchronizers candidates="181" cleared="35" />
  <references type="weak" candidates="2" cleared="0" enqueued="0" />
  <references type="phantom" candidates="127" cleared="0" enqueued="0" />
  <object-monitors candidates="18" cleared="0"  />
</gc-op>
<heap-resize id="941" type="expand" space="nursery" amount="786432" count="1" timems="0.043" reason="excessive time being spent scavenging" timestamp="2024-07-17T19:33:04.287" />
<gc-end id="942" type="scavenge" contextid="937" durationms="4.350" usertimems="7.036" systemtimems="1.402" stalltimems="2.251" timestamp="2024-07-17T19:33:04.287" activeThreads="4">
  <mem-info id="943" free="6400320" total="27852800" percent="22">
    <mem type="nursery" free="5203256" total="12451840" percent="41">
      <mem type="allocate" free="5203256" total="7602176" percent="68" />
      <mem type="survivor" free="0" total="4849664" percent="0" />
    </mem>
    <mem type="tenure" free="1197064" total="15400960" percent="7">
      <mem type="soa" free="427016" total="14630912" percent="2" />
      <mem type="loa" free="770048" total="770048" percent="100" />
    </mem>
    <remembered-set count="980" />
  </mem-info>
</gc-end>
<cycle-end id="944" type="scavenge" contextid="937" timestamp="2024-07-17T19:33:04.287" />
<allocation-satisfied id="945" threadId="0000000000803400" bytesRequested="16392" />
<af-end id="946" timestamp="2024-07-17T19:33:04.288" threadId="0000000000803E38" success="true" from="nursery"/>
<exclusive-end id="947" timestamp="2024-07-17T19:33:04.288" durationms="7.187" />

<concurrent-kickoff id="948" timestamp="2024-07-17T19:33:04.351">
  <kickoff reason="threshold reached" targetBytes="5643308" thresholdFreeBytes="781003"  remainingFree="664888" tenureFreeBytes="1196912" nurseryFreeBytes="664888" />
</concurrent-kickoff>
<exclusive-start id="949" timestamp="2024-07-17T19:33:04.352" intervalms="70.890">
  <response-info timems="0.037" idlems="0.037" threads="0" lastid="0000000000803400" lastname="Default Executor-thread-1" />
</exclusive-start>
<cycle-start id="950" type="global" contextid="0" timestamp="2024-07-17T19:33:04.353" intervalms="743.176" />
<concurrent-start id="951" type="global mark" contextid="950" timestamp="2024-07-17T19:33:04.353">
</concurrent-start>
<exclusive-end id="952" timestamp="2024-07-17T19:33:04.353" durationms="1.167" />

<exclusive-start id="953" timestamp="2024-07-17T19:33:04.366" intervalms="13.839">
  <response-info timems="0.038" idlems="0.038" threads="0" lastid="0000000000803400" lastname="Default Executor-thread-1" />
</exclusive-start>
<af-start id="954" threadId="0000000000803E38" totalBytesRequested="544" timestamp="2024-07-17T19:33:04.366" intervalms="84.762" type="nursery" />
<cycle-start id="955" type="scavenge" contextid="0" timestamp="2024-07-17T19:33:04.367" intervalms="84.732" />
<gc-start id="956" type="scavenge" contextid="955" timestamp="2024-07-17T19:33:04.367">
  <mem-info id="957" free="1196912" total="27852800" percent="4">
    <mem type="nursery" free="0" total="12451840" percent="0">
      <mem type="allocate" free="0" total="7602176" percent="0" />
      <mem type="survivor" free="0" total="4849664" percent="0" />
    </mem>
    <mem type="tenure" free="1196912" total="15400960" percent="7">
      <mem type="soa" free="426864" total="14630912" percent="2" />
      <mem type="loa" free="770048" total="770048" percent="100" />
    </mem>
    <remembered-set count="1271" />
  </mem-info>
</gc-start>
<allocation-stats totalBytes="5199800" discardedBytes="3608" >
  <allocated-bytes non-tlh="117448" tlh="5082352" />
  <largest-consumer threadName="Default Executor-thread-1" threadId="0000000000803400" bytes="5167040" />
</allocation-stats>
<gc-op id="958" type="scavenge" timems="8.394" contextid="955" timestamp="2024-07-17T19:33:04.376">
  <scavenger-info tenureage="2" tenuremask="ffe4" tiltratio="61" />
  <memory-copied type="nursery" objects="20714" bytes="1606336" bytesdiscarded="183816" />
  <memory-copied type="tenure" objects="17228" bytes="1209944" bytesdiscarded="1400" />
  <ownableSynchronizers candidates="160" cleared="45" />
  <references type="weak" candidates="2" cleared="0" enqueued="0" />
  <references type="phantom" candidates="81" cleared="0" enqueued="0" />
  <object-monitors candidates="19" cleared="0"  />
  <heap-resize type="expand" space="tenure" amount="786432" count="12" timems="2.938" reason="continue current collection" />
</gc-op>
<heap-resize id="959" type="expand" space="nursery" amount="655360" count="1" timems="0.075" reason="excessive time being spent scavenging" timestamp="2024-07-17T19:33:04.377" />
<gc-end id="960" type="scavenge" contextid="955" durationms="10.095" usertimems="11.069" systemtimems="9.032" stalltimems="8.144" timestamp="2024-07-17T19:33:04.377" activeThreads="4">
  <mem-info id="961" free="7800568" total="29294592" percent="26">
    <mem type="nursery" free="6990584" total="13107200" percent="53">
      <mem type="allocate" free="6990584" total="8781824" percent="79" />
      <mem type="survivor" free="0" total="4325376" percent="0" />
    </mem>
    <mem type="tenure" free="809984" total="16187392" percent="5">
      <mem type="soa" free="0" total="15377408" percent="0" />
      <mem type="loa" free="809984" total="809984" percent="100" />
    </mem>
    <remembered-set count="582" />
  </mem-info>
</gc-end>
<cycle-end id="962" type="scavenge" contextid="955" timestamp="2024-07-17T19:33:04.378" />
<allocation-satisfied id="963" threadId="0000000000803400" bytesRequested="544" />
<af-end id="964" timestamp="2024-07-17T19:33:04.379" threadId="0000000000803E38" success="true" from="nursery"/>
<exclusive-end id="965" timestamp="2024-07-17T19:33:04.379" durationms="12.812" />

<concurrent-end id="966" type="global mark" contextid="950" timestamp="2024-07-17T19:33:04.384">
<gc-op id="967" type="trace" timems="31.035" contextid="950" timestamp="2024-07-17T19:33:04.384">
  <trace bytesTraced="8130236" workStackOverflowCount="0" />
  <card-cleaning reason="card cleaning threshold reached" bytesTraced="16208" cardsCleaned="56" />
</gc-op>
</concurrent-end>

<exclusive-start id="968" timestamp="2024-07-17T19:33:04.385" intervalms="18.742">
  <response-info timems="0.032" idlems="0.032" threads="0" lastid="0000000000803400" lastname="Default Executor-thread-1" />
</exclusive-start>
<concurrent-global-final id="969" timestamp="2024-07-17T19:33:04.385" contextid="950" intervalms="752.660" >
  <concurrent-trace-info reason="card cleaning threshold reached" tracedByMutators="3846468" tracedByHelpers="4299976" cardsCleaned="56" workStackOverflowCount="0" />
</concurrent-global-final>
<gc-start id="970" type="global" contextid="950" timestamp="2024-07-17T19:33:04.386">
  <mem-info id="971" free="7513304" total="29294592" percent="25">
    <mem type="nursery" free="6703320" total="13107200" percent="51">
      <mem type="allocate" free="6703320" total="8781824" percent="76" />
      <mem type="survivor" free="0" total="4325376" percent="0" />
    </mem>
    <mem type="tenure" free="809984" total="16187392" percent="5">
      <mem type="soa" free="0" total="15377408" percent="0" />
      <mem type="loa" free="809984" total="809984" percent="100" />
    </mem>
    <remembered-set count="582" />
  </mem-info>
</gc-start>
<allocation-stats totalBytes="287240" discardedBytes="24" >
  <allocated-bytes non-tlh="544" tlh="286696" />
  <largest-consumer threadName="Default Executor-thread-1" threadId="0000000000803400" bytes="287240" />
</allocation-stats>
<gc-op id="972" type="rs-scan" timems="1.801" contextid="950" timestamp="2024-07-17T19:33:04.388">
  <scan objectsFound="22084" bytesTraced="658992" workStackOverflowCount="0" />
</gc-op>
<gc-op id="973" type="card-cleaning" timems="1.069" contextid="950" timestamp="2024-07-17T19:33:04.389">
  <card-cleaning cardsCleaned="0" bytesTraced="0" workStackOverflowCount="0" />
</gc-op>
<gc-op id="974" type="mark" timems="4.135" contextid="950" timestamp="2024-07-17T19:33:04.394">
  <trace-info objectcount="3022" scancount="2433" scanbytes="73328" />
  <finalization candidates="691" enqueued="0" />
  <ownableSynchronizers candidates="774" cleared="3" />
  <references type="soft" candidates="5264" cleared="0" enqueued="0" dynamicThreshold="9" maxThreshold="32" />
  <references type="weak" candidates="1286" cleared="29" enqueued="29" />
  <references type="phantom" candidates="351" cleared="0" enqueued="0" />
  <stringconstants candidates="12567" cleared="1"  />
  <object-monitors candidates="19" cleared="0"  />
</gc-op>
<gc-op id="975" type="sweep" timems="1.668" contextid="950" timestamp="2024-07-17T19:33:04.396" />
<heap-resize id="976" type="expand" space="tenure" amount="5177344" count="1" timems="0.058" reason="insufficient free space following gc" timestamp="2024-07-17T19:33:04.396" />
<gc-end id="977" type="global" contextid="950" durationms="10.561" usertimems="11.113" systemtimems="11.766" stalltimems="50.489" timestamp="2024-07-17T19:33:04.396" activeThreads="12">
  <mem-info id="978" free="13515544" total="34471936" percent="39">
    <mem type="nursery" free="7069816" total="13107200" percent="53">
      <mem type="allocate" free="7069816" total="8781824" percent="80" />
      <mem type="survivor" free="0" total="4325376" percent="0" />
    </mem>
    <mem type="tenure" free="6445728" total="21364736" percent="30" micro-fragmented="202670" macro-fragmented="0">
      <mem type="soa" free="5376672" total="20295680" percent="26" />
      <mem type="loa" free="1069056" total="1069056" percent="100" />
    </mem>
    <pending-finalizers system="0" default="0" reference="29" classloader="0" />
    <remembered-set count="579" />
  </mem-info>
</gc-end>
<cycle-end id="979" type="global" contextid="950" timestamp="2024-07-17T19:33:04.396" />
<exclusive-end id="980" timestamp="2024-07-17T19:33:04.396" durationms="11.760" />

<exclusive-start id="981" timestamp="2024-07-17T19:33:04.432" intervalms="47.007">
  <response-info timems="0.039" idlems="0.039" threads="0" lastid="0000000000803400" lastname="Default Executor-thread-1" />
</exclusive-start>
<af-start id="982" threadId="0000000000803E38" totalBytesRequested="32" timestamp="2024-07-17T19:33:04.432" intervalms="65.699" type="nursery" />
<cycle-start id="983" type="scavenge" contextid="0" timestamp="2024-07-17T19:33:04.433" intervalms="65.725" />
<gc-start id="984" type="scavenge" contextid="983" timestamp="2024-07-17T19:33:04.433">
  <mem-info id="985" free="6445464" total="34471936" percent="18">
    <mem type="nursery" free="0" total="13107200" percent="0">
      <mem type="allocate" free="0" total="8781824" percent="0" />
      <mem type="survivor" free="0" total="4325376" percent="0" />
    </mem>
    <mem type="tenure" free="6445464" total="21364736" percent="30">
      <mem type="soa" free="5376408" total="20295680" percent="26" />
      <mem type="loa" free="1069056" total="1069056" percent="100" />
    </mem>
    <remembered-set count="1189" />
  </mem-info>
</gc-start>
<allocation-stats totalBytes="7063696" discardedBytes="6248" >
  <allocated-bytes non-tlh="186056" tlh="6877640" />
  <largest-consumer threadName="Default Executor-thread-1" threadId="0000000000803400" bytes="6978520" />
</allocation-stats>
<gc-op id="986" type="scavenge" timems="2.206" contextid="983" timestamp="2024-07-17T19:33:04.436">
  <scavenger-info tenureage="4" tenuremask="fff0" tiltratio="67" />
  <memory-copied type="nursery" objects="38576" bytes="2821440" bytesdiscarded="62656" />
  <ownableSynchronizers candidates="1737" cleared="1604" />
  <references type="weak" candidates="2" cleared="0" enqueued="0" />
  <references type="phantom" candidates="198" cleared="0" enqueued="0" />
  <object-monitors candidates="19" cleared="0"  />
</gc-op>
<gc-end id="987" type="scavenge" contextid="983" durationms="3.355" usertimems="5.229" systemtimems="1.053" stalltimems="4.639" timestamp="2024-07-17T19:33:04.436" activeThreads="5">
  <mem-info id="988" free="12078400" total="34471936" percent="35">
    <mem type="nursery" free="5632936" total="13107200" percent="42">
      <mem type="allocate" free="5632936" total="8519680" percent="66" />
      <mem type="survivor" free="0" total="4587520" percent="0" />
    </mem>
    <mem type="tenure" free="6445464" total="21364736" percent="30">
      <mem type="soa" free="5376408" total="20295680" percent="26" />
      <mem type="loa" free="1069056" total="1069056" percent="100" />
    </mem>
    <remembered-set count="860" />
  </mem-info>
</gc-end>
<cycle-end id="989" type="scavenge" contextid="983" timestamp="2024-07-17T19:33:04.437" />
<allocation-satisfied id="990" threadId="0000000000803400" bytesRequested="32" />
<af-end id="991" timestamp="2024-07-17T19:33:04.437" threadId="0000000000803E38" success="true" from="nursery"/>
<exclusive-end id="992" timestamp="2024-07-17T19:33:04.438" durationms="5.955" />

<exclusive-start id="993" timestamp="2024-07-17T19:33:04.464" intervalms="31.990">
  <response-info timems="0.036" idlems="0.036" threads="0" lastid="0000000000803400" lastname="Default Executor-thread-1" />
</exclusive-start>
<af-start id="994" threadId="0000000000803E38" totalBytesRequested="8200" timestamp="2024-07-17T19:33:04.464" intervalms="31.977" type="nursery" />
<cycle-start id="995" type="scavenge" contextid="0" timestamp="2024-07-17T19:33:04.465" intervalms="31.991" />
<gc-start id="996" type="scavenge" contextid="995" timestamp="2024-07-17T19:33:04.465">
  <mem-info id="997" free="6445464" total="34471936" percent="18">
    <mem type="nursery" free="0" total="13107200" percent="0">
      <mem type="allocate" free="0" total="8519680" percent="0" />
      <mem type="survivor" free="0" total="4587520" percent="0" />
    </mem>
    <mem type="tenure" free="6445464" total="21364736" percent="30">
      <mem type="soa" free="5376408" total="20295680" percent="26" />
      <mem type="loa" free="1069056" total="1069056" percent="100" />
    </mem>
    <remembered-set count="1238" />
  </mem-info>
</gc-start>
<allocation-stats totalBytes="5624848" discardedBytes="8088" >
  <allocated-bytes non-tlh="32" tlh="5624816" />
  <largest-consumer threadName="Default Executor-thread-1" threadId="0000000000803400" bytes="5555288" />
</allocation-stats>
<gc-op id="998" type="scavenge" timems="2.605" contextid="995" timestamp="2024-07-17T19:33:04.468">
  <scavenger-info tenureage="3" tenuremask="fff8" tiltratio="65" />
  <memory-copied type="nursery" objects="43526" bytes="2736088" bytesdiscarded="55728" />
  <memory-copied type="tenure" objects="9359" bytes="879904" bytesdiscarded="1688" />
  <ownableSynchronizers candidates="303" cleared="102" />
  <references type="weak" candidates="3" cleared="0" enqueued="0" />
  <references type="phantom" candidates="265" cleared="0" enqueued="0" />
  <object-monitors candidates="19" cleared="0"  />
</gc-op>
<heap-resize id="999" type="expand" space="nursery" amount="917504" count="1" timems="0.054" reason="excessive time being spent scavenging" timestamp="2024-07-17T19:33:04.469" />
<gc-end id="1000" type="scavenge" contextid="995" durationms="4.131" usertimems="6.842" systemtimems="1.388" stalltimems="2.160" timestamp="2024-07-17T19:33:04.469" activeThreads="4">
  <mem-info id="1001" free="11880424" total="35389440" percent="33">
    <mem type="nursery" free="6576304" total="14024704" percent="46">
      <mem type="allocate" free="6576304" total="9371648" percent="70" />
      <mem type="survivor" free="0" total="4653056" percent="0" />
    </mem>
    <mem type="tenure" free="5304120" total="21364736" percent="24">
      <mem type="soa" free="4235064" total="20295680" percent="20" />
      <mem type="loa" free="1069056" total="1069056" percent="100" />
    </mem>
    <remembered-set count="928" />
  </mem-info>
</gc-end>
<cycle-end id="1002" type="scavenge" contextid="995" timestamp="2024-07-17T19:33:04.470" />
<allocation-satisfied id="1003" threadId="0000000000803400" bytesRequested="8200" />
<af-end id="1004" timestamp="2024-07-17T19:33:04.470" threadId="0000000000803E38" success="true" from="nursery"/>
<exclusive-end id="1005" timestamp="2024-07-17T19:33:04.471" durationms="6.926" />

<exclusive-start id="1006" timestamp="2024-07-17T19:33:04.567" intervalms="103.577">
  <response-info timems="0.043" idlems="0.043" threads="0" lastid="0000000000803400" lastname="Default Executor-thread-1" />
</exclusive-start>
<af-start id="1007" threadId="0000000000803E38" totalBytesRequested="144" timestamp="2024-07-17T19:33:04.568" intervalms="103.614" type="nursery" />
<cycle-start id="1008" type="scavenge" contextid="0" timestamp="2024-07-17T19:33:04.568" intervalms="103.552" />
<gc-start id="1009" type="scavenge" contextid="1008" timestamp="2024-07-17T19:33:04.569">
  <mem-info id="1010" free="5303664" total="35389440" percent="14">
    <mem type="nursery" free="0" total="14024704" percent="0">
      <mem type="allocate" free="0" total="9371648" percent="0" />
      <mem type="survivor" free="0" total="4653056" percent="0" />
    </mem>
    <mem type="tenure" free="5303664" total="21364736" percent="24">
      <mem type="soa" free="4234608" total="20295680" percent="20" />
      <mem type="loa" free="1069056" total="1069056" percent="100" />
    </mem>
    <remembered-set count="1510" />
  </mem-info>
</gc-start>
<allocation-stats totalBytes="6574008" discardedBytes="2752" >
  <allocated-bytes non-tlh="290992" tlh="6283016" />
  <largest-consumer threadName="Default Executor-thread-1" threadId="0000000000803400" bytes="6529000" />
</allocation-stats>
<gc-op id="1011" type="scavenge" timems="2.256" contextid="1008" timestamp="2024-07-17T19:33:04.572">
  <scavenger-info tenureage="2" tenuremask="ffec" tiltratio="66" />
  <memory-copied type="nursery" objects="27337" bytes="1823768" bytesdiscarded="226920" />
  <memory-copied type="tenure" objects="28819" bytes="1741672" bytesdiscarded="2128" />
  <ownableSynchronizers candidates="282" cleared="63" />
  <references type="weak" candidates="1" cleared="0" enqueued="0" />
  <references type="phantom" candidates="165" cleared="0" enqueued="0" />
  <object-monitors candidates="19" cleared="0"  />
</gc-op>
<gc-end id="1012" type="scavenge" contextid="1008" durationms="3.392" usertimems="5.715" systemtimems="1.199" stalltimems="2.136" timestamp="2024-07-17T19:33:04.572" activeThreads="4">
  <mem-info id="1013" free="11118600" total="35389440" percent="31">
    <mem type="nursery" free="7843048" total="14024704" percent="55">
      <mem type="allocate" free="7843048" total="9895936" percent="79" />
      <mem type="survivor" free="0" total="4128768" percent="0" />
    </mem>
    <mem type="tenure" free="3275552" total="21364736" percent="15">
      <mem type="soa" free="2206496" total="20295680" percent="10" />
      <mem type="loa" free="1069056" total="1069056" percent="100" />
    </mem>
    <remembered-set count="629" />
  </mem-info>
</gc-end>
<cycle-end id="1014" type="scavenge" contextid="1008" timestamp="2024-07-17T19:33:04.572" />
<allocation-satisfied id="1015" threadId="0000000000803400" bytesRequested="144" />
<af-end id="1016" timestamp="2024-07-17T19:33:04.573" threadId="0000000000803E38" success="true" from="nursery"/>
<exclusive-end id="1017" timestamp="2024-07-17T19:33:04.573" durationms="6.066" />

<concurrent-kickoff id="1018" timestamp="2024-07-17T19:33:04.680">
  <kickoff reason="threshold reached" targetBytes="8364767" thresholdFreeBytes="1157054"  remainingFree="1137536" tenureFreeBytes="3274304" nurseryFreeBytes="1137536" />
</concurrent-kickoff>
<exclusive-start id="1019" timestamp="2024-07-17T19:33:04.681" intervalms="114.046">
  <response-info timems="0.037" idlems="0.037" threads="0" lastid="0000000000803400" lastname="Default Executor-thread-1" />
</exclusive-start>
<cycle-start id="1020" type="global" contextid="0" timestamp="2024-07-17T19:33:04.682" intervalms="329.055" />
<concurrent-start id="1021" type="global mark" contextid="1020" timestamp="2024-07-17T19:33:04.682">
</concurrent-start>
<exclusive-end id="1022" timestamp="2024-07-17T19:33:04.682" durationms="0.705" />

<concurrent-end id="1023" type="global mark" contextid="1020" timestamp="2024-07-17T19:33:04.708">
<gc-op id="1024" type="trace" timems="26.646" contextid="1020" timestamp="2024-07-17T19:33:04.708">
  <trace bytesTraced="8820480" workStackOverflowCount="0" />
  <card-cleaning reason="card cleaning threshold reached" bytesTraced="2236" cardsCleaned="6" />
</gc-op>
</concurrent-end>

<exclusive-start id="1025" timestamp="2024-07-17T19:33:04.709" intervalms="27.757">
  <response-info timems="0.035" idlems="0.035" threads="0" lastid="0000000000803400" lastname="Default Executor-thread-1" />
</exclusive-start>
<concurrent-global-final id="1026" timestamp="2024-07-17T19:33:04.709" contextid="1020" intervalms="324.286" >
  <concurrent-trace-info reason="card cleaning threshold reached" tracedByMutators="530920" tracedByHelpers="8291796" cardsCleaned="6" workStackOverflowCount="0" />
</concurrent-global-final>
<gc-start id="1027" type="global" contextid="1020" timestamp="2024-07-17T19:33:04.710">
  <mem-info id="1028" free="3447048" total="35389440" percent="9">
    <mem type="nursery" free="172800" total="14024704" percent="1">
      <mem type="allocate" free="172800" total="9895936" percent="1" />
      <mem type="survivor" free="0" total="4128768" percent="0" />
    </mem>
    <mem type="tenure" free="3274248" total="21364736" percent="15">
      <mem type="soa" free="2205192" total="20295680" percent="10" />
      <mem type="loa" free="1069056" total="1069056" percent="100" />
    </mem>
    <remembered-set count="953" />
  </mem-info>
</gc-start>
<allocation-stats totalBytes="7659064" discardedBytes="12488" >
  <allocated-bytes non-tlh="462736" tlh="7196328" />
  <largest-consumer threadName="Default Executor-thread-1" threadId="0000000000803400" bytes="7589504" />
</allocation-stats>
<gc-op id="1029" type="rs-scan" timems="2.983" contextid="1020" timestamp="2024-07-17T19:33:04.713">
  <scan objectsFound="41682" bytesTraced="1231604" workStackOverflowCount="0" />
</gc-op>
<gc-op id="1030" type="card-cleaning" timems="0.924" contextid="1020" timestamp="2024-07-17T19:33:04.715">
  <card-cleaning cardsCleaned="4" bytesTraced="3796" workStackOverflowCount="0" />
</gc-op>
<gc-op id="1031" type="mark" timems="3.870" contextid="1020" timestamp="2024-07-17T19:33:04.719">
  <trace-info objectcount="342" scancount="283" scanbytes="6816" />
  <finalization candidates="691" enqueued="0" />
  <ownableSynchronizers candidates="1046" cleared="53" />
  <references type="soft" candidates="5264" cleared="0" enqueued="0" dynamicThreshold="9" maxThreshold="32" />
  <references type="weak" candidates="1258" cleared="0" enqueued="0" />
  <references type="phantom" candidates="354" cleared="0" enqueued="0" />
  <stringconstants candidates="12604" cleared="23"  />
  <object-monitors candidates="21" cleared="0"  />
</gc-op>
<gc-op id="1032" type="sweep" timems="1.475" contextid="1020" timestamp="2024-07-17T19:33:04.720" />
<heap-resize id="1033" type="expand" space="tenure" amount="1048576" count="1" timems="0.100" reason="insufficient free space following gc" timestamp="2024-07-17T19:33:04.721" />
<gc-end id="1034" type="global" contextid="1020" durationms="11.272" usertimems="15.390" systemtimems="13.258" stalltimems="45.278" timestamp="2024-07-17T19:33:04.721" activeThreads="12">
  <mem-info id="1035" free="13852752" total="36438016" percent="38">
    <mem type="nursery" free="6980984" total="14024704" percent="49">
      <mem type="allocate" free="6980984" total="9895936" percent="70" />
      <mem type="survivor" free="0" total="4128768" percent="0" />
    </mem>
    <mem type="tenure" free="6871768" total="22413312" percent="30" micro-fragmented="238259" macro-fragmented="0">
      <mem type="soa" free="5750488" total="21292032" percent="27" />
      <mem type="loa" free="1121280" total="1121280" percent="100" />
    </mem>
    <remembered-set count="834" />
  </mem-info>
</gc-end>
<cycle-end id="1036" type="global" contextid="1020" timestamp="2024-07-17T19:33:04.721" />
<exclusive-end id="1037" timestamp="2024-07-17T19:33:04.721" durationms="12.293" />

<exclusive-start id="1038" timestamp="2024-07-17T19:33:04.740" intervalms="30.673">
  <response-info timems="0.034" idlems="0.034" threads="0" lastid="0000000000803400" lastname="Default Executor-thread-1" />
</exclusive-start>
<af-start id="1039" threadId="0000000000803E38" totalBytesRequested="354944" timestamp="2024-07-17T19:33:04.740" intervalms="172.199" type="nursery" />
<cycle-start id="1040" type="scavenge" contextid="0" timestamp="2024-07-17T19:33:04.740" intervalms="172.008" />
<gc-start id="1041" type="scavenge" contextid="1040" timestamp="2024-07-17T19:33:04.740">
  <mem-info id="1042" free="12903896" total="36438016" percent="35">
    <mem type="nursery" free="6032872" total="14024704" percent="43">
      <mem type="allocate" free="6032872" total="9895936" percent="60" />
      <mem type="survivor" free="0" total="4128768" percent="0" />
    </mem>
    <mem type="tenure" free="6871024" total="22413312" percent="30">
      <mem type="soa" free="5749744" total="21292032" percent="27" />
      <mem type="loa" free="1121280" total="1121280" percent="100" />
    </mem>
    <remembered-set count="849" />
  </mem-info>
</gc-start>
<allocation-stats totalBytes="924720" discardedBytes="22920" >
  <allocated-bytes non-tlh="475304" tlh="449416" />
  <largest-consumer threadName="Default Executor-thread-1" threadId="0000000000803400" bytes="924720" />
</allocation-stats>
<gc-op id="1043" type="scavenge" timems="2.071" contextid="1040" timestamp="2024-07-17T19:33:04.743">
  <scavenger-info tenureage="2" tenuremask="ffe4" tiltratio="70" />
  <memory-copied type="nursery" objects="22793" bytes="1599416" bytesdiscarded="115872" />
  <memory-copied type="tenure" objects="14452" bytes="797272" bytesdiscarded="3112" />
  <ownableSynchronizers candidates="1839" cleared="1692" />
  <references type="weak" candidates="2" cleared="0" enqueued="0" />
  <references type="phantom" candidates="113" cleared="0" enqueued="0" />
  <object-monitors candidates="21" cleared="0"  />
</gc-op>
<gc-end id="1044" type="scavenge" contextid="1040" durationms="2.686" usertimems="5.438" systemtimems="0.185" stalltimems="2.890" timestamp="2024-07-17T19:33:04.743" activeThreads="4">
  <mem-info id="1045" free="14482744" total="36438016" percent="39">
    <mem type="nursery" free="8572304" total="14024704" percent="61">
      <mem type="allocate" free="8572304" total="10289152" percent="83" />
      <mem type="survivor" free="0" total="3735552" percent="0" />
    </mem>
    <mem type="tenure" free="5910440" total="22413312" percent="26">
      <mem type="soa" free="4789160" total="21292032" percent="22" />
      <mem type="loa" free="1121280" total="1121280" percent="100" />
    </mem>
    <remembered-set count="651" />
  </mem-info>
</gc-end>
<cycle-end id="1046" type="scavenge" contextid="1040" timestamp="2024-07-17T19:33:04.743" />
<allocation-satisfied id="1047" threadId="0000000000803400" bytesRequested="354944" />
<af-end id="1048" timestamp="2024-07-17T19:33:04.744" threadId="0000000000803E38" success="true" from="nursery"/>
<exclusive-end id="1049" timestamp="2024-07-17T19:33:04.744" durationms="3.959" />

<exclusive-start id="1050" timestamp="2024-07-17T19:33:04.786" intervalms="46.720">
  <response-info timems="0.063" idlems="0.063" threads="0" lastid="0000000000803400" lastname="Default Executor-thread-1" />
</exclusive-start>
<af-start id="1051" threadId="0000000000803E38" totalBytesRequested="24" timestamp="2024-07-17T19:33:04.787" intervalms="46.928" type="nursery" />
<cycle-start id="1052" type="scavenge" contextid="0" timestamp="2024-07-17T19:33:04.787" intervalms="47.180" />
<gc-start id="1053" type="scavenge" contextid="1052" timestamp="2024-07-17T19:33:04.788">
  <mem-info id="1054" free="5909024" total="36438016" percent="16">
    <mem type="nursery" free="0" total="14024704" percent="0">
      <mem type="allocate" free="0" total="10289152" percent="0" />
      <mem type="survivor" free="0" total="3735552" percent="0" />
    </mem>
    <mem type="tenure" free="5909024" total="22413312" percent="26">
      <mem type="soa" free="4787744" total="21292032" percent="22" />
      <mem type="loa" free="1121280" total="1121280" percent="100" />
    </mem>
    <remembered-set count="1309" />
  </mem-info>
</gc-start>
<allocation-stats totalBytes="8569920" discardedBytes="3048" >
  <allocated-bytes non-tlh="1163968" tlh="7405952" />
  <largest-consumer threadName="Default Executor-thread-1" threadId="0000000000803400" bytes="8483936" />
</allocation-stats>
<gc-op id="1055" type="scavenge" timems="2.194" contextid="1052" timestamp="2024-07-17T19:33:04.791">
  <scavenger-info tenureage="12" tenuremask="7000" tiltratio="73" />
  <memory-copied type="nursery" objects="41508" bytes="3401208" bytesdiscarded="52928" />
  <ownableSynchronizers candidates="279" cleared="117" />
  <references type="weak" candidates="4" cleared="1" enqueued="1" />
  <references type="phantom" candidates="231" cleared="0" enqueued="0" />
  <object-monitors candidates="21" cleared="0"  />
</gc-op>
<gc-end id="1056" type="scavenge" contextid="1052" durationms="3.426" usertimems="4.913" systemtimems="1.029" stalltimems="2.786" timestamp="2024-07-17T19:33:04.791" activeThreads="4">
  <mem-info id="1057" free="10905912" total="36438016" percent="29">
    <mem type="nursery" free="4996888" total="14024704" percent="35">
      <mem type="allocate" free="4996888" total="8454144" percent="59" />
      <mem type="survivor" free="0" total="5570560" percent="0" />
    </mem>
    <mem type="tenure" free="5909024" total="22413312" percent="26">
      <mem type="soa" free="4787744" total="21292032" percent="22" />
      <mem type="loa" free="1121280" total="1121280" percent="100" />
    </mem>
    <pending-finalizers system="0" default="0" reference="1" classloader="0" />
    <remembered-set count="998" />
  </mem-info>
</gc-end>
<cycle-end id="1058" type="scavenge" contextid="1052" timestamp="2024-07-17T19:33:04.792" />
<allocation-satisfied id="1059" threadId="0000000000803400" bytesRequested="24" />
<af-end id="1060" timestamp="2024-07-17T19:33:04.792" threadId="0000000000803E38" success="true" from="nursery"/>
<exclusive-end id="1061" timestamp="2024-07-17T19:33:04.793" durationms="6.064" />

<exclusive-start id="1062" timestamp="2024-07-17T19:33:04.813" intervalms="26.207">
  <response-info timems="0.034" idlems="0.034" threads="0" lastid="0000000000803400" lastname="Default Executor-thread-1" />
</exclusive-start>
<af-start id="1063" threadId="0000000000803E38" totalBytesRequested="24" timestamp="2024-07-17T19:33:04.813" intervalms="26.201" type="nursery" />
<cycle-start id="1064" type="scavenge" contextid="0" timestamp="2024-07-17T19:33:04.814" intervalms="26.174" />
<gc-start id="1065" type="scavenge" contextid="1064" timestamp="2024-07-17T19:33:04.814">
  <mem-info id="1066" free="5908880" total="36438016" percent="16">
    <mem type="nursery" free="0" total="14024704" percent="0">
      <mem type="allocate" free="0" total="8454144" percent="0" />
      <mem type="survivor" free="0" total="5570560" percent="0" />
    </mem>
    <mem type="tenure" free="5908880" total="22413312" percent="26">
      <mem type="soa" free="4787600" total="21292032" percent="22" />
      <mem type="loa" free="1121280" total="1121280" percent="100" />
    </mem>
    <remembered-set count="1323" />
  </mem-info>
</gc-start>
<allocation-stats totalBytes="4994408" discardedBytes="2624" >
  <allocated-bytes non-tlh="81728" tlh="4912680" />
  <largest-consumer threadName="Default Executor-thread-1" threadId="0000000000803400" bytes="4928944" />
</allocation-stats>
<gc-op id="1067" type="scavenge" timems="2.330" contextid="1064" timestamp="2024-07-17T19:33:04.817">
  <scavenger-info tenureage="2" tenuremask="780c" tiltratio="60" />
  <memory-copied type="nursery" objects="30536" bytes="2526920" bytesdiscarded="177840" />
  <memory-copied type="tenure" objects="22539" bytes="1418904" bytesdiscarded="3984" />
  <ownableSynchronizers candidates="304" cleared="87" />
  <references type="weak" candidates="1" cleared="0" enqueued="0" />
  <references type="phantom" candidates="207" cleared="0" enqueued="0" />
  <object-monitors candidates="21" cleared="0"  />
</gc-op>
<heap-resize id="1068" type="expand" space="nursery" amount="1179648" count="1" timems="0.050" reason="excessive time being spent scavenging" timestamp="2024-07-17T19:33:04.818" />
<gc-end id="1069" type="scavenge" contextid="1064" durationms="3.860" usertimems="6.501" systemtimems="0.424" stalltimems="2.338" timestamp="2024-07-17T19:33:04.818" activeThreads="4">
  <mem-info id="1070" free="11169120" total="37617664" percent="29">
    <mem type="nursery" free="6795216" total="15204352" percent="44">
      <mem type="allocate" free="6795216" total="9502720" percent="71" />
      <mem type="survivor" free="0" total="5701632" percent="0" />
    </mem>
    <mem type="tenure" free="4373904" total="22413312" percent="19">
      <mem type="soa" free="3252624" total="21292032" percent="15" />
      <mem type="loa" free="1121280" total="1121280" percent="100" />
    </mem>
    <remembered-set count="820" />
  </mem-info>
</gc-end>
<cycle-end id="1071" type="scavenge" contextid="1064" timestamp="2024-07-17T19:33:04.818" />
<allocation-satisfied id="1072" threadId="0000000000803400" bytesRequested="24" />
<af-end id="1073" timestamp="2024-07-17T19:33:04.819" threadId="0000000000803E38" success="true" from="nursery"/>
<exclusive-end id="1074" timestamp="2024-07-17T19:33:04.819" durationms="6.421" />

<exclusive-start id="1075" timestamp="2024-07-17T19:33:04.848" intervalms="35.007">
  <response-info timems="0.037" idlems="0.037" threads="0" lastid="0000000000803400" lastname="Default Executor-thread-1" />
</exclusive-start>
<af-start id="1076" threadId="0000000000803E38" totalBytesRequested="40" timestamp="2024-07-17T19:33:04.848" intervalms="35.073" type="nursery" />
<cycle-start id="1077" type="scavenge" contextid="0" timestamp="2024-07-17T19:33:04.849" intervalms="35.101" />
<gc-start id="1078" type="scavenge" contextid="1077" timestamp="2024-07-17T19:33:04.849">
  <mem-info id="1079" free="4373728" total="37617664" percent="11">
    <mem type="nursery" free="0" total="15204352" percent="0">
      <mem type="allocate" free="0" total="9502720" percent="0" />
      <mem type="survivor" free="0" total="5701632" percent="0" />
    </mem>
    <mem type="tenure" free="4373728" total="22413312" percent="19">
      <mem type="soa" free="3252448" total="21292032" percent="15" />
      <mem type="loa" free="1121280" total="1121280" percent="100" />
    </mem>
    <remembered-set count="1286" />
  </mem-info>
</gc-start>
<allocation-stats totalBytes="6792888" discardedBytes="2504" >
  <allocated-bytes non-tlh="210360" tlh="6582528" />
  <largest-consumer threadName="Default Executor-thread-1" threadId="0000000000803400" bytes="6727424" />
</allocation-stats>
<gc-op id="1080" type="scavenge" timems="3.599" contextid="1077" timestamp="2024-07-17T19:33:04.853">
  <scavenger-info tenureage="2" tenuremask="7804" tiltratio="62" />
  <memory-copied type="nursery" objects="28472" bytes="1888816" bytesdiscarded="344928" />
  <memory-copied type="tenure" objects="18504" bytes="1794888" bytesdiscarded="224" />
  <ownableSynchronizers candidates="263" cleared="75" />
  <references type="weak" candidates="1" cleared="0" enqueued="0" />
  <references type="phantom" candidates="161" cleared="0" enqueued="0" />
  <object-monitors candidates="21" cleared="0"  />
</gc-op>
<heap-resize id="1081" type="expand" space="nursery" amount="917504" count="1" timems="0.057" reason="excessive time being spent scavenging" timestamp="2024-07-17T19:33:04.854" />
<gc-end id="1082" type="scavenge" contextid="1077" durationms="5.146" usertimems="6.640" systemtimems="1.363" stalltimems="6.533" timestamp="2024-07-17T19:33:04.854" activeThreads="4">
  <mem-info id="1083" free="11200424" total="38535168" percent="29">
    <mem type="nursery" free="8774168" total="16121856" percent="54">
      <mem type="allocate" free="8774168" total="11010048" percent="79" />
      <mem type="survivor" free="0" total="5111808" percent="0" />
    </mem>
    <mem type="tenure" free="2426256" total="22413312" percent="10">
      <mem type="soa" free="1304976" total="21292032" percent="6" />
      <mem type="loa" free="1121280" total="1121280" percent="100" />
    </mem>
    <remembered-set count="759" />
  </mem-info>
</gc-end>
<cycle-end id="1084" type="scavenge" contextid="1077" timestamp="2024-07-17T19:33:04.855" />
<allocation-satisfied id="1085" threadId="0000000000803400" bytesRequested="40" />
<af-end id="1086" timestamp="2024-07-17T19:33:04.855" threadId="0000000000803E38" success="true" from="nursery"/>
<exclusive-end id="1087" timestamp="2024-07-17T19:33:04.856" durationms="7.822" />

<concurrent-kickoff id="1088" timestamp="2024-07-17T19:33:04.902">
  <kickoff reason="threshold reached" targetBytes="8886318" thresholdFreeBytes="1230278"  remainingFree="1106456" tenureFreeBytes="2425296" nurseryFreeBytes="1106456" />
</concurrent-kickoff>
<exclusive-start id="1089" timestamp="2024-07-17T19:33:04.903" intervalms="55.422">
  <response-info timems="0.043" idlems="0.043" threads="0" lastid="0000000000803400" lastname="Default Executor-thread-1" />
</exclusive-start>
<cycle-start id="1090" type="global" contextid="0" timestamp="2024-07-17T19:33:04.904" intervalms="221.954" />
<concurrent-start id="1091" type="global mark" contextid="1090" timestamp="2024-07-17T19:33:04.904">
</concurrent-start>
<exclusive-end id="1092" timestamp="2024-07-17T19:33:04.904" durationms="1.147" />

<concurrent-end id="1093" type="global mark" contextid="1090" timestamp="2024-07-17T19:33:04.923">
<gc-op id="1094" type="trace" timems="19.304" contextid="1090" timestamp="2024-07-17T19:33:04.923">
  <trace bytesTraced="10319176" workStackOverflowCount="0" />
  <card-cleaning reason="card cleaning threshold reached" bytesTraced="3300" cardsCleaned="52" />
</gc-op>
</concurrent-end>

<exclusive-start id="1095" timestamp="2024-07-17T19:33:04.924" intervalms="20.915">
  <response-info timems="0.038" idlems="0.038" threads="0" lastid="0000000000803400" lastname="Default Executor-thread-1" />
</exclusive-start>
<concurrent-global-final id="1096" timestamp="2024-07-17T19:33:04.924" contextid="1090" intervalms="215.037" >
  <concurrent-trace-info reason="card cleaning threshold reached" tracedByMutators="3471988" tracedByHelpers="6850488" cardsCleaned="52" workStackOverflowCount="0" />
</concurrent-global-final>
<gc-start id="1097" type="global" contextid="1090" timestamp="2024-07-17T19:33:04.925">
  <mem-info id="1098" free="2425296" total="38535168" percent="6">
    <mem type="nursery" free="0" total="16121856" percent="0">
      <mem type="allocate" free="0" total="11010048" percent="0" />
      <mem type="survivor" free="0" total="5111808" percent="0" />
    </mem>
    <mem type="tenure" free="2425296" total="22413312" percent="10">
      <mem type="soa" free="1304016" total="21292032" percent="6" />
      <mem type="loa" free="1121280" total="1121280" percent="100" />
    </mem>
    <remembered-set count="2195" />
  </mem-info>
</gc-start>
<allocation-stats totalBytes="8770808" discardedBytes="4320" >
  <allocated-bytes non-tlh="171928" tlh="8598880" />
  <largest-consumer threadName="Default Executor-thread-1" threadId="0000000000803400" bytes="8729896" />
</allocation-stats>
<gc-op id="1099" type="rs-scan" timems="3.218" contextid="1090" timestamp="2024-07-17T19:33:04.929">
  <scan objectsFound="36635" bytesTraced="1175580" workStackOverflowCount="0" />
</gc-op>
<gc-op id="1100" type="card-cleaning" timems="0.705" contextid="1090" timestamp="2024-07-17T19:33:04.930">
  <card-cleaning cardsCleaned="6" bytesTraced="2996" workStackOverflowCount="0" />
</gc-op>
<gc-op id="1101" type="mark" timems="4.121" contextid="1090" timestamp="2024-07-17T19:33:04.934">
  <trace-info objectcount="803" scancount="793" scanbytes="22080" />
  <finalization candidates="691" enqueued="0" />
  <ownableSynchronizers candidates="1281" cleared="60" />
  <references type="soft" candidates="5264" cleared="0" enqueued="0" dynamicThreshold="9" maxThreshold="32" />
  <references type="weak" candidates="1271" cleared="8" enqueued="8" />
  <references type="phantom" candidates="349" cleared="0" enqueued="0" />
  <stringconstants candidates="12610" cleared="0"  />
  <object-monitors candidates="21" cleared="0"  />
</gc-op>
<gc-op id="1102" type="sweep" timems="1.854" contextid="1090" timestamp="2024-07-17T19:33:04.936" />
<heap-resize id="1103" type="expand" space="tenure" amount="2883584" count="1" timems="0.093" reason="insufficient free space following gc" timestamp="2024-07-17T19:33:04.937" />
<gc-end id="1104" type="global" contextid="1090" durationms="12.285" usertimems="16.624" systemtimems="13.525" stalltimems="51.028" timestamp="2024-07-17T19:33:04.937" activeThreads="12">
  <mem-info id="1105" free="15327560" total="41418752" percent="37">
    <mem type="nursery" free="7722192" total="16121856" percent="47">
      <mem type="allocate" free="7722192" total="11010048" percent="70" />
      <mem type="survivor" free="0" total="5111808" percent="0" />
    </mem>
    <mem type="tenure" free="7605368" total="25296896" percent="30" micro-fragmented="349146" macro-fragmented="0">
      <mem type="soa" free="6339704" total="24031232" percent="26" />
      <mem type="loa" free="1265664" total="1265664" percent="100" />
    </mem>
    <pending-finalizers system="0" default="0" reference="8" classloader="0" />
    <remembered-set count="2032" />
  </mem-info>
</gc-end>
<cycle-end id="1106" type="global" contextid="1090" timestamp="2024-07-17T19:33:04.937" />
<exclusive-end id="1107" timestamp="2024-07-17T19:33:04.938" durationms="13.549" />

<exclusive-start id="1108" timestamp="2024-07-17T19:33:04.982" intervalms="58.113">
  <response-info timems="0.038" idlems="0.038" threads="0" lastid="0000000000803400" lastname="Default Executor-thread-1" />
</exclusive-start>
<af-start id="1109" threadId="0000000000803E38" totalBytesRequested="256" timestamp="2024-07-17T19:33:04.983" intervalms="134.517" type="nursery" />
<cycle-start id="1110" type="scavenge" contextid="0" timestamp="2024-07-17T19:33:04.983" intervalms="134.460" />
<gc-start id="1111" type="scavenge" contextid="1110" timestamp="2024-07-17T19:33:04.984">
  <mem-info id="1112" free="7605368" total="41418752" percent="18">
    <mem type="nursery" free="0" total="16121856" percent="0">
      <mem type="allocate" free="0" total="11010048" percent="0" />
      <mem type="survivor" free="0" total="5111808" percent="0" />
    </mem>
    <mem type="tenure" free="7605368" total="25296896" percent="30">
      <mem type="soa" free="6339704" total="24031232" percent="26" />
      <mem type="loa" free="1265664" total="1265664" percent="100" />
    </mem>
    <remembered-set count="2558" />
  </mem-info>
</gc-start>
<allocation-stats totalBytes="7608464" discardedBytes="101112" >
  <allocated-bytes non-tlh="678288" tlh="6930176" />
  <largest-consumer threadName="Default Executor-thread-1" threadId="0000000000803400" bytes="7608464" />
</allocation-stats>
<gc-op id="1113" type="scavenge" timems="2.652" contextid="1110" timestamp="2024-07-17T19:33:04.987">
  <scavenger-info tenureage="11" tenuremask="7800" tiltratio="68" />
  <memory-copied type="nursery" objects="47354" bytes="2878776" bytesdiscarded="67136" />
  <ownableSynchronizers candidates="2294" cleared="2146" />
  <references type="weak" candidates="5" cleared="0" enqueued="0" />
  <references type="phantom" candidates="223" cleared="0" enqueued="0" />
  <object-monitors candidates="21" cleared="0"  />
</gc-op>
<gc-end id="1114" type="scavenge" contextid="1110" durationms="3.888" usertimems="6.797" systemtimems="1.376" stalltimems="2.217" timestamp="2024-07-17T19:33:04.987" activeThreads="4">
  <mem-info id="1115" free="16189976" total="41418752" percent="39">
    <mem type="nursery" free="8584608" total="16121856" percent="53">
      <mem type="allocate" free="8584608" total="11534336" percent="74" />
      <mem type="survivor" free="0" total="4587520" percent="0" />
    </mem>
    <mem type="tenure" free="7605368" total="25296896" percent="30">
      <mem type="soa" free="6339704" total="24031232" percent="26" />
      <mem type="loa" free="1265664" total="1265664" percent="100" />
    </mem>
    <remembered-set count="1255" />
  </mem-info>
</gc-end>
<cycle-end id="1116" type="scavenge" contextid="1110" timestamp="2024-07-17T19:33:04.988" />
<allocation-satisfied id="1117" threadId="0000000000803400" bytesRequested="256" />
<af-end id="1118" timestamp="2024-07-17T19:33:04.989" threadId="0000000000803E38" success="true" from="nursery"/>
<exclusive-end id="1119" timestamp="2024-07-17T19:33:04.989" durationms="6.743" />

<exclusive-start id="1120" timestamp="2024-07-17T19:33:05.031" intervalms="48.395">
  <response-info timems="0.033" idlems="0.033" threads="0" lastid="0000000000803400" lastname="Default Executor-thread-1" />
</exclusive-start>
<af-start id="1121" threadId="0000000000803E38" totalBytesRequested="16" timestamp="2024-07-17T19:33:05.031" intervalms="48.367" type="nursery" />
<cycle-start id="1122" type="scavenge" contextid="0" timestamp="2024-07-17T19:33:05.031" intervalms="48.382" />
<gc-start id="1123" type="scavenge" contextid="1122" timestamp="2024-07-17T19:33:05.032">
  <mem-info id="1124" free="7605368" total="41418752" percent="18">
    <mem type="nursery" free="0" total="16121856" percent="0">
      <mem type="allocate" free="0" total="11534336" percent="0" />
      <mem type="survivor" free="0" total="4587520" percent="0" />
    </mem>
    <mem type="tenure" free="7605368" total="25296896" percent="30">
      <mem type="soa" free="6339704" total="24031232" percent="26" />
      <mem type="loa" free="1265664" total="1265664" percent="100" />
    </mem>
    <remembered-set count="1691" />
  </mem-info>
</gc-start>
<allocation-stats totalBytes="8578528" discardedBytes="6080" >
  <allocated-bytes non-tlh="256" tlh="8578272" />
  <largest-consumer threadName="Default Executor-thread-1" threadId="0000000000803400" bytes="8578528" />
</allocation-stats>
<gc-op id="1125" type="scavenge" timems="2.426" contextid="1122" timestamp="2024-07-17T19:33:05.035">
  <scavenger-info tenureage="3" tenuremask="7808" tiltratio="71" />
  <memory-copied type="nursery" objects="39810" bytes="2276456" bytesdiscarded="44304" />
  <memory-copied type="tenure" objects="11738" bytes="723536" bytesdiscarded="6096" />
  <ownableSynchronizers candidates="148" cleared="0" />
  <references type="weak" candidates="5" cleared="0" enqueued="0" />
  <references type="phantom" candidates="136" cleared="0" enqueued="0" />
  <object-monitors candidates="21" cleared="0"  />
</gc-op>
<gc-end id="1126" type="scavenge" contextid="1122" durationms="3.534" usertimems="6.132" systemtimems="0.000" stalltimems="3.389" timestamp="2024-07-17T19:33:05.035" activeThreads="4">
  <mem-info id="1127" free="16285096" total="41418752" percent="39">
    <mem type="nursery" free="9473656" total="16121856" percent="58">
      <mem type="allocate" free="9473656" total="11796480" percent="80" />
      <mem type="survivor" free="0" total="4325376" percent="0" />
    </mem>
    <mem type="tenure" free="6811440" total="25296896" percent="26">
      <mem type="soa" free="5545776" total="24031232" percent="23" />
      <mem type="loa" free="1265664" total="1265664" percent="100" />
    </mem>
    <remembered-set count="1266" />
  </mem-info>
</gc-end>
<cycle-end id="1128" type="scavenge" contextid="1122" timestamp="2024-07-17T19:33:05.036" />
<allocation-satisfied id="1129" threadId="0000000000803400" bytesRequested="16" />
<af-end id="1130" timestamp="2024-07-17T19:33:05.036" threadId="0000000000803E38" success="true" from="nursery"/>
<exclusive-end id="1131" timestamp="2024-07-17T19:33:05.037" durationms="6.206" />

<exclusive-start id="1132" timestamp="2024-07-17T19:33:05.088" intervalms="57.856">
  <response-info timems="0.265" idlems="0.165" threads="1" lastid="00000000007BF600" lastname="Scheduled Executor-thread-1" />
</exclusive-start>
<af-start id="1133" threadId="0000000000854638" totalBytesRequested="16" timestamp="2024-07-17T19:33:05.089" intervalms="57.667" type="nursery" />
<cycle-start id="1134" type="scavenge" contextid="0" timestamp="2024-07-17T19:33:05.089" intervalms="57.541" />
<gc-start id="1135" type="scavenge" contextid="1134" timestamp="2024-07-17T19:33:05.089">
  <mem-info id="1136" free="6811440" total="41418752" percent="16">
    <mem type="nursery" free="0" total="16121856" percent="0">
      <mem type="allocate" free="0" total="11796480" percent="0" />
      <mem type="survivor" free="0" total="4325376" percent="0" />
    </mem>
    <mem type="tenure" free="6811440" total="25296896" percent="26">
      <mem type="soa" free="5545776" total="24031232" percent="23" />
      <mem type="loa" free="1265664" total="1265664" percent="100" />
    </mem>
    <remembered-set count="1627" />
  </mem-info>
</gc-start>
<allocation-stats totalBytes="9466936" discardedBytes="6720" >
  <allocated-bytes non-tlh="16" tlh="9466920" />
  <largest-consumer threadName="Default Executor-thread-1" threadId="0000000000803400" bytes="9462840" />
</allocation-stats>
<gc-op id="1137" type="scavenge" timems="2.047" contextid="1134" timestamp="2024-07-17T19:33:05.092">
  <scavenger-info tenureage="3" tenuremask="7808" tiltratio="73" />
  <memory-copied type="nursery" objects="26508" bytes="1211112" bytesdiscarded="38544" />
  <memory-copied type="tenure" objects="15695" bytes="1134488" bytesdiscarded="5432" />
  <ownableSynchronizers candidates="93" cleared="0" />
  <references type="weak" candidates="5" cleared="0" enqueued="0" />
  <references type="phantom" candidates="62" cleared="0" enqueued="0" />
  <object-monitors candidates="21" cleared="0"  />
</gc-op>
<gc-end id="1138" type="scavenge" contextid="1134" durationms="3.018" usertimems="5.673" systemtimems="0.000" stalltimems="2.407" timestamp="2024-07-17T19:33:05.092" activeThreads="4">
  <mem-info id="1139" free="16506552" total="41418752" percent="39">
    <mem type="nursery" free="10873384" total="16121856" percent="67">
      <mem type="allocate" free="10873384" total="12124160" percent="89" />
      <mem type="survivor" free="0" total="3997696" percent="0" />
    </mem>
    <mem type="tenure" free="5633168" total="25296896" percent="22">
      <mem type="soa" free="4367504" total="24031232" percent="18" />
      <mem type="loa" free="1265664" total="1265664" percent="100" />
    </mem>
    <remembered-set count="1119" />
  </mem-info>
</gc-end>
<cycle-end id="1140" type="scavenge" contextid="1134" timestamp="2024-07-17T19:33:05.093" />
<allocation-satisfied id="1141" threadId="0000000000853C00" bytesRequested="16" />
<af-end id="1142" timestamp="2024-07-17T19:33:05.093" threadId="0000000000854638" success="true" from="nursery"/>
<exclusive-end id="1143" timestamp="2024-07-17T19:33:05.094" durationms="5.168" />

<exclusive-start id="1144" timestamp="2024-07-17T19:33:05.159" intervalms="70.119">
  <response-info timems="0.051" idlems="0.051" threads="0" lastid="0000000000803400" lastname="Default Executor-thread-1" />
</exclusive-start>
<af-start id="1145" threadId="0000000000803E38" totalBytesRequested="72" timestamp="2024-07-17T19:33:05.159" intervalms="70.266" type="nursery" />
<cycle-start id="1146" type="scavenge" contextid="0" timestamp="2024-07-17T19:33:05.159" intervalms="70.463" />
<gc-start id="1147" type="scavenge" contextid="1146" timestamp="2024-07-17T19:33:05.160">
  <mem-info id="1148" free="5631688" total="41418752" percent="13">
    <mem type="nursery" free="0" total="16121856" percent="0">
      <mem type="allocate" free="0" total="12124160" percent="0" />
      <mem type="survivor" free="0" total="3997696" percent="0" />
    </mem>
    <mem type="tenure" free="5631688" total="25296896" percent="22">
      <mem type="soa" free="4366024" total="24031232" percent="18" />
      <mem type="loa" free="1265664" total="1265664" percent="100" />
    </mem>
    <remembered-set count="1955" />
  </mem-info>
</gc-start>
<allocation-stats totalBytes="10869072" discardedBytes="5088" >
  <allocated-bytes non-tlh="792" tlh="10868280" />
  <largest-consumer threadName="Default Executor-thread-1" threadId="0000000000803400" bytes="10856768" />
</allocation-stats>
<gc-op id="1149" type="scavenge" timems="4.078" contextid="1146" timestamp="2024-07-17T19:33:05.165">
  <scavenger-info tenureage="2" tenuremask="700c" tiltratio="75" />
  <memory-copied type="nursery" objects="20299" bytes="964168" bytesdiscarded="97040" />
  <memory-copied type="tenure" objects="20535" bytes="1026792" bytesdiscarded="1144" />
  <ownableSynchronizers candidates="45" cleared="0" />
  <references type="weak" candidates="4" cleared="2" enqueued="2" />
  <object-monitors candidates="23" cleared="0"  />
</gc-op>
<heap-resize id="1150" type="expand" space="nursery" amount="786432" count="1" timems="0.045" reason="excessive time being spent scavenging" timestamp="2024-07-17T19:33:05.165" />
<gc-end id="1151" type="scavenge" contextid="1146" durationms="5.430" usertimems="1.562" systemtimems="8.446" stalltimems="6.245" timestamp="2024-07-17T19:33:05.165" activeThreads="4">
  <mem-info id="1152" free="16573344" total="42205184" percent="39">
    <mem type="nursery" free="12177048" total="16908288" percent="72">
      <mem type="allocate" free="12177048" total="13238272" percent="91" />
      <mem type="survivor" free="0" total="3670016" percent="0" />
    </mem>
    <mem type="tenure" free="4396296" total="25296896" percent="17">
      <mem type="soa" free="3130632" total="24031232" percent="13" />
      <mem type="loa" free="1265664" total="1265664" percent="100" />
    </mem>
    <pending-finalizers system="0" default="0" reference="2" classloader="0" />
    <remembered-set count="787" />
  </mem-info>
</gc-end>
<cycle-end id="1153" type="scavenge" contextid="1146" timestamp="2024-07-17T19:33:05.166" />
<allocation-satisfied id="1154" threadId="0000000000803400" bytesRequested="72" />
<af-end id="1155" timestamp="2024-07-17T19:33:05.166" threadId="0000000000803E38" success="true" from="nursery"/>
<exclusive-end id="1156" timestamp="2024-07-17T19:33:05.167" durationms="8.082" />

<concurrent-kickoff id="1157" timestamp="2024-07-17T19:33:05.195">
  <kickoff reason="threshold reached" targetBytes="10346919" thresholdFreeBytes="1432479"  remainingFree="1363608" tenureFreeBytes="4396296" nurseryFreeBytes="1363608" />
</concurrent-kickoff>
<exclusive-start id="1158" timestamp="2024-07-17T19:33:05.196" intervalms="37.128">
  <response-info timems="0.039" idlems="0.039" threads="0" lastid="0000000000803400" lastname="Default Executor-thread-1" />
</exclusive-start>
<cycle-start id="1159" type="global" contextid="0" timestamp="2024-07-17T19:33:05.196" intervalms="292.511" />
<concurrent-start id="1160" type="global mark" contextid="1159" timestamp="2024-07-17T19:33:05.196">
</concurrent-start>
<exclusive-end id="1161" timestamp="2024-07-17T19:33:05.197" durationms="1.106" />

<concurrent-end id="1162" type="global mark" contextid="1159" timestamp="2024-07-17T19:33:05.214">
<gc-op id="1163" type="trace" timems="17.818" contextid="1159" timestamp="2024-07-17T19:33:05.214">
  <trace bytesTraced="11319072" workStackOverflowCount="0" />
  <card-cleaning reason="card cleaning threshold reached" bytesTraced="9188" cardsCleaned="58" />
</gc-op>
</concurrent-end>

<exclusive-start id="1164" timestamp="2024-07-17T19:33:05.215" intervalms="19.391">
  <response-info timems="0.039" idlems="0.039" threads="0" lastid="0000000000803400" lastname="Default Executor-thread-1" />
</exclusive-start>
<concurrent-global-final id="1165" timestamp="2024-07-17T19:33:05.215" contextid="1159" intervalms="290.953" >
  <concurrent-trace-info reason="card cleaning threshold reached" tracedByMutators="4523076" tracedByHelpers="6805184" cardsCleaned="58" workStackOverflowCount="0" />
</concurrent-global-final>
<gc-start id="1166" type="global" contextid="1159" timestamp="2024-07-17T19:33:05.216">
  <mem-info id="1167" free="4396296" total="42205184" percent="10">
    <mem type="nursery" free="0" total="16908288" percent="0">
      <mem type="allocate" free="0" total="13238272" percent="0" />
      <mem type="survivor" free="0" total="3670016" percent="0" />
    </mem>
    <mem type="tenure" free="4396296" total="25296896" percent="17">
      <mem type="soa" free="3130632" total="24031232" percent="13" />
      <mem type="loa" free="1265664" total="1265664" percent="100" />
    </mem>
    <remembered-set count="1018" />
  </mem-info>
</gc-start>
<allocation-stats totalBytes="12169552" discardedBytes="7496" >
  <allocated-bytes non-tlh="72" tlh="12169480" />
  <largest-consumer threadName="Default Executor-thread-1" threadId="0000000000803400" bytes="12169552" />
</allocation-stats>
<gc-op id="1168" type="rs-scan" timems="1.947" contextid="1159" timestamp="2024-07-17T19:33:05.218">
  <scan objectsFound="24877" bytesTraced="760332" workStackOverflowCount="0" />
</gc-op>
<gc-op id="1169" type="card-cleaning" timems="0.723" contextid="1159" timestamp="2024-07-17T19:33:05.219">
  <card-cleaning cardsCleaned="14" bytesTraced="5504" workStackOverflowCount="0" />
</gc-op>
<gc-op id="1170" type="mark" timems="3.371" contextid="1159" timestamp="2024-07-17T19:33:05.223">
  <trace-info objectcount="921" scancount="917" scanbytes="27804" />
  <finalization candidates="691" enqueued="0" />
  <ownableSynchronizers candidates="1225" cleared="2" />
  <references type="soft" candidates="5264" cleared="0" enqueued="0" dynamicThreshold="9" maxThreshold="32" />
  <references type="weak" candidates="1265" cleared="0" enqueued="0" />
  <references type="phantom" candidates="349" cleared="0" enqueued="0" />
  <stringconstants candidates="12612" cleared="0"  />
  <object-monitors candidates="23" cleared="0"  />
</gc-op>
<gc-op id="1171" type="sweep" timems="1.284" contextid="1159" timestamp="2024-07-17T19:33:05.224" />
<heap-resize id="1172" type="expand" space="tenure" amount="4128768" count="1" timems="0.341" reason="insufficient free space following gc" timestamp="2024-07-17T19:33:05.225" />
<gc-end id="1173" type="global" contextid="1159" durationms="9.254" usertimems="19.313" systemtimems="1.033" stalltimems="40.695" timestamp="2024-07-17T19:33:05.225" activeThreads="12">
  <mem-info id="1174" free="21306392" total="46333952" percent="45">
    <mem type="nursery" free="12476040" total="16908288" percent="73">
      <mem type="allocate" free="12476040" total="13238272" percent="94" />
      <mem type="survivor" free="0" total="3670016" percent="0" />
    </mem>
    <mem type="tenure" free="8830352" total="29425664" percent="30" micro-fragmented="352850" macro-fragmented="0">
      <mem type="soa" free="7358864" total="27954176" percent="26" />
      <mem type="loa" free="1471488" total="1471488" percent="100" />
    </mem>
    <remembered-set count="1006" />
  </mem-info>
</gc-end>
<cycle-end id="1175" type="global" contextid="1159" timestamp="2024-07-17T19:33:05.225" />
<exclusive-end id="1176" timestamp="2024-07-17T19:33:05.225" durationms="10.359" />

<exclusive-start id="1177" timestamp="2024-07-17T19:33:05.257" intervalms="42.274">
  <response-info timems="0.035" idlems="0.035" threads="0" lastid="0000000000803400" lastname="Default Executor-thread-1" />
</exclusive-start>
<af-start id="1178" threadId="0000000000803E38" totalBytesRequested="40" timestamp="2024-07-17T19:33:05.258" intervalms="98.761" type="nursery" />
<cycle-start id="1179" type="scavenge" contextid="0" timestamp="2024-07-17T19:33:05.258" intervalms="98.690" />
<gc-start id="1180" type="scavenge" contextid="1179" timestamp="2024-07-17T19:33:05.259">
  <mem-info id="1181" free="8830352" total="46333952" percent="19">
    <mem type="nursery" free="0" total="16908288" percent="0">
      <mem type="allocate" free="0" total="13238272" percent="0" />
      <mem type="survivor" free="0" total="3670016" percent="0" />
    </mem>
    <mem type="tenure" free="8830352" total="29425664" percent="30">
      <mem type="soa" free="7358864" total="27954176" percent="26" />
      <mem type="loa" free="1471488" total="1471488" percent="100" />
    </mem>
    <remembered-set count="1361" />
  </mem-info>
</gc-start>
<allocation-stats totalBytes="12421552" discardedBytes="48288" >
  <allocated-bytes non-tlh="308408" tlh="12113144" />
  <largest-consumer threadName="Default Executor-thread-1" threadId="0000000000803400" bytes="12421552" />
</allocation-stats>
<gc-op id="1182" type="scavenge" timems="2.454" contextid="1179" timestamp="2024-07-17T19:33:05.262">
  <scavenger-info tenureage="13" tenuremask="6000" tiltratio="78" />
  <memory-copied type="nursery" objects="24216" bytes="1074792" bytesdiscarded="131520" />
  <ownableSynchronizers candidates="2442" cleared="2438" />
  <references type="weak" candidates="2" cleared="0" enqueued="0" />
  <object-monitors candidates="23" cleared="0"  />
</gc-op>
<gc-end id="1183" type="scavenge" contextid="1179" durationms="3.503" usertimems="5.966" systemtimems="1.067" stalltimems="2.606" timestamp="2024-07-17T19:33:05.262" activeThreads="4">
  <mem-info id="1184" free="21452120" total="46333952" percent="46">
    <mem type="nursery" free="12621768" total="16908288" percent="74">
      <mem type="allocate" free="12621768" total="13828096" percent="91" />
      <mem type="survivor" free="0" total="3080192" percent="0" />
    </mem>
    <mem type="tenure" free="8830352" total="29425664" percent="30">
      <mem type="soa" free="7358864" total="27954176" percent="26" />
      <mem type="loa" free="1471488" total="1471488" percent="100" />
    </mem>
    <remembered-set count="999" />
  </mem-info>
</gc-end>
<cycle-end id="1185" type="scavenge" contextid="1179" timestamp="2024-07-17T19:33:05.262" />
<allocation-satisfied id="1186" threadId="0000000000803400" bytesRequested="40" />
<af-end id="1187" timestamp="2024-07-17T19:33:05.263" threadId="0000000000803E38" success="true" from="nursery"/>
<exclusive-end id="1188" timestamp="2024-07-17T19:33:05.263" durationms="5.819" />

<exclusive-start id="1189" timestamp="2024-07-17T19:33:05.293" intervalms="35.666">
  <response-info timems="0.055" idlems="0.055" threads="0" lastid="0000000000803400" lastname="Default Executor-thread-1" />
</exclusive-start>
<af-start id="1190" threadId="0000000000803E38" totalBytesRequested="2064" timestamp="2024-07-17T19:33:05.293" intervalms="35.686" type="nursery" />
<cycle-start id="1191" type="scavenge" contextid="0" timestamp="2024-07-17T19:33:05.294" intervalms="35.718" />
<gc-start id="1192" type="scavenge" contextid="1191" timestamp="2024-07-17T19:33:05.294">
  <mem-info id="1193" free="8830352" total="46333952" percent="19">
    <mem type="nursery" free="0" total="16908288" percent="0">
      <mem type="allocate" free="0" total="13828096" percent="0" />
      <mem type="survivor" free="0" total="3080192" percent="0" />
    </mem>
    <mem type="tenure" free="8830352" total="29425664" percent="30">
      <mem type="soa" free="7358864" total="27954176" percent="26" />
      <mem type="loa" free="1471488" total="1471488" percent="100" />
    </mem>
    <remembered-set count="1294" />
  </mem-info>
</gc-start>
<allocation-stats totalBytes="12609576" discardedBytes="12192" >
  <allocated-bytes non-tlh="40" tlh="12609536" />
  <largest-consumer threadName="Default Executor-thread-1" threadId="0000000000803400" bytes="12609576" />
</allocation-stats>
<gc-op id="1194" type="scavenge" timems="1.509" contextid="1191" timestamp="2024-07-17T19:33:05.296">
  <scavenger-info tenureage="14" tenuremask="4000" tiltratio="81" />
  <memory-copied type="nursery" objects="28799" bytes="1196712" bytesdiscarded="29952" />
  <ownableSynchronizers candidates="4" cleared="0" />
  <references type="weak" candidates="2" cleared="0" enqueued="0" />
  <object-monitors candidates="23" cleared="0"  />
</gc-op>
<gc-end id="1195" type="scavenge" contextid="1191" durationms="2.387" usertimems="3.657" systemtimems="0.581" stalltimems="1.830" timestamp="2024-07-17T19:33:05.297" activeThreads="4">
  <mem-info id="1196" free="21759440" total="46333952" percent="46">
    <mem type="nursery" free="12929088" total="16908288" percent="76">
      <mem type="allocate" free="12929088" total="14155776" percent="91" />
      <mem type="survivor" free="0" total="2752512" percent="0" />
    </mem>
    <mem type="tenure" free="8830352" total="29425664" percent="30">
      <mem type="soa" free="7358864" total="27954176" percent="26" />
      <mem type="loa" free="1471488" total="1471488" percent="100" />
    </mem>
    <remembered-set count="1108" />
  </mem-info>
</gc-end>
<cycle-end id="1197" type="scavenge" contextid="1191" timestamp="2024-07-17T19:33:05.297" />
<allocation-satisfied id="1198" threadId="0000000000803400" bytesRequested="2064" />
<af-end id="1199" timestamp="2024-07-17T19:33:05.297" threadId="0000000000803E38" success="true" from="nursery"/>
<exclusive-end id="1200" timestamp="2024-07-17T19:33:05.298" durationms="4.591" />

<exclusive-start id="1201" timestamp="2024-07-17T19:33:05.327" intervalms="34.230">
  <response-info timems="0.045" idlems="0.045" threads="0" lastid="0000000000803400" lastname="Default Executor-thread-1" />
</exclusive-start>
<af-start id="1202" threadId="0000000000803E38" totalBytesRequested="24" timestamp="2024-07-17T19:33:05.328" intervalms="34.195" type="nursery" />
<cycle-start id="1203" type="scavenge" contextid="0" timestamp="2024-07-17T19:33:05.328" intervalms="34.170" />
<gc-start id="1204" type="scavenge" contextid="1203" timestamp="2024-07-17T19:33:05.328">
  <mem-info id="1205" free="8830240" total="46333952" percent="19">
    <mem type="nursery" free="0" total="16908288" percent="0">
      <mem type="allocate" free="0" total="14155776" percent="0" />
      <mem type="survivor" free="0" total="2752512" percent="0" />
    </mem>
    <mem type="tenure" free="8830240" total="29425664" percent="30">
      <mem type="soa" free="7358752" total="27954176" percent="26" />
      <mem type="loa" free="1471488" total="1471488" percent="100" />
    </mem>
    <remembered-set count="1535" />
  </mem-info>
</gc-start>
<allocation-stats totalBytes="12921728" discardedBytes="7472" >
  <allocated-bytes non-tlh="2176" tlh="12919552" />
  <largest-consumer threadName="Default Executor-thread-1" threadId="0000000000803400" bytes="12921728" />
</allocation-stats>
<gc-op id="1206" type="scavenge" timems="2.118" contextid="1203" timestamp="2024-07-17T19:33:05.331">
  <scavenger-info tenureage="14" tenuremask="4000" tiltratio="83" />
  <memory-copied type="nursery" objects="34152" bytes="1556728" bytesdiscarded="94624" />
  <finalization candidates="2" enqueued="1" />
  <ownableSynchronizers candidates="4" cleared="0" />
  <references type="weak" candidates="2" cleared="0" enqueued="0" />
  <object-monitors candidates="23" cleared="0"  />
</gc-op>
<heap-resize id="1207" type="expand" space="nursery" amount="917504" count="1" timems="0.063" reason="excessive time being spent scavenging" timestamp="2024-07-17T19:33:05.331" />
<gc-end id="1208" type="scavenge" contextid="1203" durationms="3.396" usertimems="5.166" systemtimems="0.000" stalltimems="3.182" timestamp="2024-07-17T19:33:05.332" activeThreads="4">
  <mem-info id="1209" free="22121080" total="47251456" percent="46">
    <mem type="nursery" free="13290840" total="17825792" percent="74">
      <mem type="allocate" free="13290840" total="14942208" percent="88" />
      <mem type="survivor" free="0" total="2883584" percent="0" />
    </mem>
    <mem type="tenure" free="8830240" total="29425664" percent="30">
      <mem type="soa" free="7358752" total="27954176" percent="26" />
      <mem type="loa" free="1471488" total="1471488" percent="100" />
    </mem>
    <pending-finalizers system="1" default="0" reference="0" classloader="0" />
    <remembered-set count="1240" />
  </mem-info>
</gc-end>
<cycle-end id="1210" type="scavenge" contextid="1203" timestamp="2024-07-17T19:33:05.332" />
<allocation-satisfied id="1211" threadId="0000000000803400" bytesRequested="24" />
<af-end id="1212" timestamp="2024-07-17T19:33:05.333" threadId="0000000000803E38" success="true" from="nursery"/>
<exclusive-end id="1213" timestamp="2024-07-17T19:33:05.333" durationms="5.488" />

<exclusive-start id="1214" timestamp="2024-07-17T19:33:05.369" intervalms="41.766">
  <response-info timems="0.034" idlems="0.034" threads="0" lastid="0000000000803400" lastname="Default Executor-thread-1" />
</exclusive-start>
<af-start id="1215" threadId="0000000000803E38" totalBytesRequested="16" timestamp="2024-07-17T19:33:05.369" intervalms="41.823" type="nursery" />
<cycle-start id="1216" type="scavenge" contextid="0" timestamp="2024-07-17T19:33:05.370" intervalms="41.863" />
<gc-start id="1217" type="scavenge" contextid="1216" timestamp="2024-07-17T19:33:05.370">
  <mem-info id="1218" free="8830240" total="47251456" percent="18">
    <mem type="nursery" free="0" total="17825792" percent="0">
      <mem type="allocate" free="0" total="14942208" percent="0" />
      <mem type="survivor" free="0" total="2883584" percent="0" />
    </mem>
    <mem type="tenure" free="8830240" total="29425664" percent="30">
      <mem type="soa" free="7358752" total="27954176" percent="26" />
      <mem type="loa" free="1471488" total="1471488" percent="100" />
    </mem>
    <remembered-set count="1767" />
  </mem-info>
</gc-start>
<allocation-stats totalBytes="13283336" discardedBytes="7504" >
  <allocated-bytes non-tlh="24" tlh="13283312" />
  <largest-consumer threadName="Default Executor-thread-1" threadId="0000000000803400" bytes="13283336" />
</allocation-stats>
<gc-op id="1219" type="scavenge" timems="2.348" contextid="1216" timestamp="2024-07-17T19:33:05.373">
  <scavenger-info tenureage="14" tenuremask="4000" tiltratio="83" />
  <memory-copied type="nursery" objects="34903" bytes="1023488" bytesdiscarded="42256" />
  <finalization candidates="1" enqueued="0" />
  <ownableSynchronizers candidates="4" cleared="0" />
  <references type="weak" candidates="2" cleared="0" enqueued="0" />
  <object-monitors candidates="23" cleared="0"  />
</gc-op>
<gc-end id="1220" type="scavenge" contextid="1216" durationms="3.489" usertimems="0.000" systemtimems="6.364" stalltimems="3.105" timestamp="2024-07-17T19:33:05.374" activeThreads="4">
  <mem-info id="1221" free="23099904" total="47251456" percent="48">
    <mem type="nursery" free="14269664" total="17825792" percent="80">
      <mem type="allocate" free="14269664" total="15335424" percent="93" />
      <mem type="survivor" free="0" total="2490368" percent="0" />
    </mem>
    <mem type="tenure" free="8830240" total="29425664" percent="30">
      <mem type="soa" free="7358752" total="27954176" percent="26" />
      <mem type="loa" free="1471488" total="1471488" percent="100" />
    </mem>
    <remembered-set count="1455" />
  </mem-info>
</gc-end>
<cycle-end id="1222" type="scavenge" contextid="1216" timestamp="2024-07-17T19:33:05.374" />
<allocation-satisfied id="1223" threadId="0000000000803400" bytesRequested="16" />
<af-end id="1224" timestamp="2024-07-17T19:33:05.375" threadId="0000000000803E38" success="true" from="nursery"/>
<exclusive-end id="1225" timestamp="2024-07-17T19:33:05.375" durationms="6.078" />

<exclusive-start id="1226" timestamp="2024-07-17T19:33:05.400" intervalms="31.345">
  <response-info timems="0.038" idlems="0.038" threads="0" lastid="0000000000803400" lastname="Default Executor-thread-1" />
</exclusive-start>
<af-start id="1227" threadId="0000000000803E38" totalBytesRequested="48" timestamp="2024-07-17T19:33:05.401" intervalms="31.370" type="nursery" />
<cycle-start id="1228" type="scavenge" contextid="0" timestamp="2024-07-17T19:33:05.401" intervalms="31.374" />
<gc-start id="1229" type="scavenge" contextid="1228" timestamp="2024-07-17T19:33:05.402">
  <mem-info id="1230" free="8830240" total="47251456" percent="18">
    <mem type="nursery" free="0" total="17825792" percent="0">
      <mem type="allocate" free="0" total="15335424" percent="0" />
      <mem type="survivor" free="0" total="2490368" percent="0" />
    </mem>
    <mem type="tenure" free="8830240" total="29425664" percent="30">
      <mem type="soa" free="7358752" total="27954176" percent="26" />
      <mem type="loa" free="1471488" total="1471488" percent="100" />
    </mem>
    <remembered-set count="1861" />
  </mem-info>
</gc-start>
<allocation-stats totalBytes="14256000" discardedBytes="13664" >
  <allocated-bytes non-tlh="16" tlh="14255984" />
  <largest-consumer threadName="Default Executor-thread-1" threadId="0000000000803400" bytes="14256000" />
</allocation-stats>
<gc-op id="1231" type="scavenge" timems="2.375" contextid="1228" timestamp="2024-07-17T19:33:05.405">
  <scavenger-info tenureage="14" tenuremask="4000" tiltratio="86" />
  <memory-copied type="nursery" objects="45453" bytes="2132448" bytesdiscarded="63472" />
  <finalization candidates="1" enqueued="0" />
  <ownableSynchronizers candidates="4" cleared="0" />
  <references type="weak" candidates="2" cleared="0" enqueued="0" />
  <object-monitors candidates="23" cleared="0"  />
</gc-op>
<heap-resize id="1232" type="expand" space="nursery" amount="1179648" count="1" timems="0.075" reason="excessive time being spent scavenging" timestamp="2024-07-17T19:33:05.405" />
<gc-end id="1233" type="scavenge" contextid="1228" durationms="3.833" usertimems="6.709" systemtimems="0.000" stalltimems="2.776" timestamp="2024-07-17T19:33:05.406" activeThreads="4">
  <mem-info id="1234" free="21838656" total="48431104" percent="45">
    <mem type="nursery" free="13008416" total="19005440" percent="68">
      <mem type="allocate" free="13008416" total="15204352" percent="85" />
      <mem type="survivor" free="0" total="3801088" percent="0" />
    </mem>
    <mem type="tenure" free="8830240" total="29425664" percent="30">
      <mem type="soa" free="7358752" total="27954176" percent="26" />
      <mem type="loa" free="1471488" total="1471488" percent="100" />
    </mem>
    <remembered-set count="1609" />
  </mem-info>
</gc-end>
<cycle-end id="1235" type="scavenge" contextid="1228" timestamp="2024-07-17T19:33:05.406" />
<allocation-satisfied id="1236" threadId="0000000000803400" bytesRequested="48" />
<af-end id="1237" timestamp="2024-07-17T19:33:05.406" threadId="0000000000803E38" success="true" from="nursery"/>
<exclusive-end id="1238" timestamp="2024-07-17T19:33:05.407" durationms="6.340" />

<exclusive-start id="1239" timestamp="2024-07-17T19:33:05.435" intervalms="34.708">
  <response-info timems="0.039" idlems="0.039" threads="0" lastid="0000000000803400" lastname="Default Executor-thread-1" />
</exclusive-start>
<af-start id="1240" threadId="0000000000803E38" totalBytesRequested="144" timestamp="2024-07-17T19:33:05.436" intervalms="34.803" type="nursery" />
<cycle-start id="1241" type="scavenge" contextid="0" timestamp="2024-07-17T19:33:05.436" intervalms="34.732" />
<gc-start id="1242" type="scavenge" contextid="1241" timestamp="2024-07-17T19:33:05.437">
  <mem-info id="1243" free="8830240" total="48431104" percent="18">
    <mem type="nursery" free="0" total="19005440" percent="0">
      <mem type="allocate" free="0" total="15204352" percent="0" />
      <mem type="survivor" free="0" total="3801088" percent="0" />
    </mem>
    <mem type="tenure" free="8830240" total="29425664" percent="30">
      <mem type="soa" free="7358752" total="27954176" percent="26" />
      <mem type="loa" free="1471488" total="1471488" percent="100" />
    </mem>
    <remembered-set count="1755" />
  </mem-info>
</gc-start>
<allocation-stats totalBytes="12999688" discardedBytes="8728" >
  <allocated-bytes non-tlh="48" tlh="12999640" />
  <largest-consumer threadName="Default Executor-thread-1" threadId="0000000000803400" bytes="12999688" />
</allocation-stats>
<gc-op id="1244" type="scavenge" timems="2.132" contextid="1241" timestamp="2024-07-17T19:33:05.440">
  <scavenger-info tenureage="14" tenuremask="4000" tiltratio="80" />
  <memory-copied type="nursery" objects="42369" bytes="1435080" bytesdiscarded="65904" />
  <finalization candidates="1" enqueued="0" />
  <ownableSynchronizers candidates="4" cleared="0" />
  <references type="weak" candidates="2" cleared="0" enqueued="0" />
  <object-monitors candidates="23" cleared="0"  />
</gc-op>
<heap-resize id="1245" type="expand" space="nursery" amount="917504" count="1" timems="0.061" reason="excessive time being spent scavenging" timestamp="2024-07-17T19:33:05.440" />
<gc-end id="1246" type="scavenge" contextid="1241" durationms="3.952" usertimems="4.677" systemtimems="0.843" stalltimems="3.035" timestamp="2024-07-17T19:33:05.441" activeThreads="4">
  <mem-info id="1247" free="23713240" total="49348608" percent="48">
    <mem type="nursery" free="14883000" total="19922944" percent="74">
      <mem type="allocate" free="14883000" total="16384000" percent="90" />
      <mem type="survivor" free="0" total="3538944" percent="0" />
    </mem>
    <mem type="tenure" free="8830240" total="29425664" percent="30">
      <mem type="soa" free="7358752" total="27954176" percent="26" />
      <mem type="loa" free="1471488" total="1471488" percent="100" />
    </mem>
    <remembered-set count="1661" />
  </mem-info>
</gc-end>
<cycle-end id="1248" type="scavenge" contextid="1241" timestamp="2024-07-17T19:33:05.441" />
<allocation-satisfied id="1249" threadId="0000000000803400" bytesRequested="144" />
<af-end id="1250" timestamp="2024-07-17T19:33:05.442" threadId="0000000000803E38" success="true" from="nursery"/>
<exclusive-end id="1251" timestamp="2024-07-17T19:33:05.442" durationms="6.849" />

<exclusive-start id="1252" timestamp="2024-07-17T19:33:05.463" intervalms="27.513">
  <response-info timems="0.051" idlems="0.051" threads="0" lastid="0000000000803400" lastname="Default Executor-thread-1" />
</exclusive-start>
<af-start id="1253" threadId="0000000000803E38" totalBytesRequested="2064" timestamp="2024-07-17T19:33:05.463" intervalms="27.398" type="nursery" />
<cycle-start id="1254" type="scavenge" contextid="0" timestamp="2024-07-17T19:33:05.464" intervalms="27.505" />
<gc-start id="1255" type="scavenge" contextid="1254" timestamp="2024-07-17T19:33:05.464">
  <mem-info id="1256" free="8830240" total="49348608" percent="17">
    <mem type="nursery" free="0" total="19922944" percent="0">
      <mem type="allocate" free="0" total="16384000" percent="0" />
      <mem type="survivor" free="0" total="3538944" percent="0" />
    </mem>
    <mem type="tenure" free="8830240" total="29425664" percent="30">
      <mem type="soa" free="7358752" total="27954176" percent="26" />
      <mem type="loa" free="1471488" total="1471488" percent="100" />
    </mem>
    <remembered-set count="1824" />
  </mem-info>
</gc-start>
<allocation-stats totalBytes="14869408" discardedBytes="13592" >
  <allocated-bytes non-tlh="144" tlh="14869264" />
  <largest-consumer threadName="Default Executor-thread-1" threadId="0000000000803400" bytes="14869408" />
</allocation-stats>
<gc-op id="1257" type="scavenge" timems="3.108" contextid="1254" timestamp="2024-07-17T19:33:05.468">
  <scavenger-info tenureage="14" tenuremask="4000" tiltratio="82" />
  <memory-copied type="nursery" objects="47272" bytes="1738832" bytesdiscarded="43232" />
  <finalization candidates="1" enqueued="0" />
  <ownableSynchronizers candidates="4" cleared="0" />
  <references type="weak" candidates="2" cleared="0" enqueued="0" />
  <object-monitors candidates="23" cleared="0"  />
</gc-op>
<heap-resize id="1258" type="expand" space="nursery" amount="1441792" count="1" timems="0.055" reason="excessive time being spent scavenging" timestamp="2024-07-17T19:33:05.468" />
<gc-end id="1259" type="scavenge" contextid="1254" durationms="4.652" usertimems="8.271" systemtimems="1.483" stalltimems="2.508" timestamp="2024-07-17T19:33:05.469" activeThreads="4">
  <mem-info id="1260" free="25005024" total="50790400" percent="49">
    <mem type="nursery" free="16174784" total="21364736" percent="75">
      <mem type="allocate" free="16174784" total="17956864" percent="90" />
      <mem type="survivor" free="0" total="3407872" percent="0" />
    </mem>
    <mem type="tenure" free="8830240" total="29425664" percent="30">
      <mem type="soa" free="7358752" total="27954176" percent="26" />
      <mem type="loa" free="1471488" total="1471488" percent="100" />
    </mem>
    <remembered-set count="1705" />
  </mem-info>
</gc-end>
<cycle-end id="1261" type="scavenge" contextid="1254" timestamp="2024-07-17T19:33:05.469" />
<allocation-satisfied id="1262" threadId="0000000000803400" bytesRequested="2064" />
<af-end id="1263" timestamp="2024-07-17T19:33:05.470" threadId="0000000000803E38" success="true" from="nursery"/>
<exclusive-end id="1264" timestamp="2024-07-17T19:33:05.470" durationms="7.421" />

<exclusive-start id="1265" timestamp="2024-07-17T19:33:05.509" intervalms="46.736">
  <response-info timems="0.036" idlems="0.036" threads="0" lastid="0000000000803400" lastname="Default Executor-thread-1" />
</exclusive-start>
<af-start id="1266" threadId="0000000000803E38" totalBytesRequested="96" timestamp="2024-07-17T19:33:05.510" intervalms="46.742" type="nursery" />
<cycle-start id="1267" type="scavenge" contextid="0" timestamp="2024-07-17T19:33:05.510" intervalms="46.705" />
<gc-start id="1268" type="scavenge" contextid="1267" timestamp="2024-07-17T19:33:05.511">
  <mem-info id="1269" free="8830240" total="50790400" percent="17">
    <mem type="nursery" free="0" total="21364736" percent="0">
      <mem type="allocate" free="0" total="17956864" percent="0" />
      <mem type="survivor" free="0" total="3407872" percent="0" />
    </mem>
    <mem type="tenure" free="8830240" total="29425664" percent="30">
      <mem type="soa" free="7358752" total="27954176" percent="26" />
      <mem type="loa" free="1471488" total="1471488" percent="100" />
    </mem>
    <remembered-set count="2074" />
  </mem-info>
</gc-start>
<allocation-stats totalBytes="16165712" discardedBytes="9072" >
  <allocated-bytes non-tlh="2064" tlh="16163648" />
  <largest-consumer threadName="Default Executor-thread-1" threadId="0000000000803400" bytes="16165712" />
</allocation-stats>
<gc-op id="1270" type="scavenge" timems="2.044" contextid="1267" timestamp="2024-07-17T19:33:05.513">
  <scavenger-info tenureage="14" tenuremask="4000" tiltratio="84" />
  <memory-copied type="nursery" objects="46393" bytes="1344936" bytesdiscarded="55624" />
  <finalization candidates="1" enqueued="0" />
  <ownableSynchronizers candidates="4" cleared="0" />
  <references type="weak" candidates="2" cleared="0" enqueued="0" />
  <object-monitors candidates="23" cleared="0"  />
</gc-op>
<gc-end id="1271" type="scavenge" contextid="1267" durationms="3.138" usertimems="4.529" systemtimems="0.816" stalltimems="2.694" timestamp="2024-07-17T19:33:05.514" activeThreads="4">
  <mem-info id="1272" free="25845280" total="50790400" percent="50">
    <mem type="nursery" free="17015040" total="21364736" percent="79">
      <mem type="allocate" free="17015040" total="18415616" percent="92" />
      <mem type="survivor" free="0" total="2949120" percent="0" />
    </mem>
    <mem type="tenure" free="8830240" total="29425664" percent="30">
      <mem type="soa" free="7358752" total="27954176" percent="26" />
      <mem type="loa" free="1471488" total="1471488" percent="100" />
    </mem>
    <remembered-set count="1867" />
  </mem-info>
</gc-end>
<cycle-end id="1273" type="scavenge" contextid="1267" timestamp="2024-07-17T19:33:05.514" />
<allocation-satisfied id="1274" threadId="0000000000803400" bytesRequested="96" />
<af-end id="1275" timestamp="2024-07-17T19:33:05.515" threadId="0000000000803E38" success="true" from="nursery"/>
<exclusive-end id="1276" timestamp="2024-07-17T19:33:05.515" durationms="5.851" />

<exclusive-start id="1277" timestamp="2024-07-17T19:33:05.542" intervalms="32.538">
  <response-info timems="0.038" idlems="0.038" threads="0" lastid="0000000000803400" lastname="Default Executor-thread-1" />
</exclusive-start>
<af-start id="1278" threadId="0000000000803E38" totalBytesRequested="4112" timestamp="2024-07-17T19:33:05.542" intervalms="32.513" type="nursery" />
<cycle-start id="1279" type="scavenge" contextid="0" timestamp="2024-07-17T19:33:05.543" intervalms="32.497" />
<gc-start id="1280" type="scavenge" contextid="1279" timestamp="2024-07-17T19:33:05.543">
  <mem-info id="1281" free="8829984" total="50790400" percent="17">
    <mem type="nursery" free="0" total="21364736" percent="0">
      <mem type="allocate" free="0" total="18415616" percent="0" />
      <mem type="survivor" free="0" total="2949120" percent="0" />
    </mem>
    <mem type="tenure" free="8829984" total="29425664" percent="30">
      <mem type="soa" free="7358496" total="27954176" percent="26" />
      <mem type="loa" free="1471488" total="1471488" percent="100" />
    </mem>
    <remembered-set count="1953" />
  </mem-info>
</gc-start>
<allocation-stats totalBytes="16999784" discardedBytes="15512" >
  <allocated-bytes non-tlh="352" tlh="16999432" />
  <largest-consumer threadName="Default Executor-thread-1" threadId="0000000000803400" bytes="16999784" />
</allocation-stats>
<gc-op id="1282" type="scavenge" timems="2.044" contextid="1279" timestamp="2024-07-17T19:33:05.546">
  <scavenger-info tenureage="14" tenuremask="4000" tiltratio="86" />
  <memory-copied type="nursery" objects="52550" bytes="1641720" bytesdiscarded="52024" />
  <finalization candidates="1" enqueued="0" />
  <ownableSynchronizers candidates="4" cleared="0" />
  <references type="weak" candidates="3" cleared="1" enqueued="1" />
  <object-monitors candidates="23" cleared="0"  />
</gc-op>
<heap-resize id="1283" type="expand" space="nursery" amount="1310720" count="1" timems="0.082" reason="excessive time being spent scavenging" timestamp="2024-07-17T19:33:05.547" />
<gc-end id="1284" type="scavenge" contextid="1279" durationms="3.727" usertimems="5.195" systemtimems="0.932" stalltimems="2.389" timestamp="2024-07-17T19:33:05.547" activeThreads="4">
  <mem-info id="1285" free="26797024" total="52101120" percent="51">
    <mem type="nursery" free="17967040" total="22675456" percent="79">
      <mem type="allocate" free="17967040" total="19660800" percent="91" />
      <mem type="survivor" free="0" total="3014656" percent="0" />
    </mem>
    <mem type="tenure" free="8829984" total="29425664" percent="30">
      <mem type="soa" free="7358496" total="27954176" percent="26" />
      <mem type="loa" free="1471488" total="1471488" percent="100" />
    </mem>
    <pending-finalizers system="0" default="0" reference="1" classloader="0" />
    <remembered-set count="1889" />
  </mem-info>
</gc-end>
<cycle-end id="1286" type="scavenge" contextid="1279" timestamp="2024-07-17T19:33:05.547" />
<allocation-satisfied id="1287" threadId="0000000000803400" bytesRequested="4112" />
<af-end id="1288" timestamp="2024-07-17T19:33:05.548" threadId="0000000000803E38" success="true" from="nursery"/>
<exclusive-end id="1289" timestamp="2024-07-17T19:33:05.548" durationms="6.389" />

<exclusive-start id="1290" timestamp="2024-07-17T19:33:05.592" intervalms="49.770">
  <response-info timems="0.033" idlems="0.033" threads="0" lastid="0000000000803400" lastname="Default Executor-thread-1" />
</exclusive-start>
<af-start id="1291" threadId="0000000000803E38" totalBytesRequested="24" timestamp="2024-07-17T19:33:05.592" intervalms="49.772" type="nursery" />
<cycle-start id="1292" type="scavenge" contextid="0" timestamp="2024-07-17T19:33:05.592" intervalms="49.759" />
<gc-start id="1293" type="scavenge" contextid="1292" timestamp="2024-07-17T19:33:05.593">
  <mem-info id="1294" free="8829984" total="52101120" percent="16">
    <mem type="nursery" free="0" total="22675456" percent="0">
      <mem type="allocate" free="0" total="19660800" percent="0" />
      <mem type="survivor" free="0" total="3014656" percent="0" />
    </mem>
    <mem type="tenure" free="8829984" total="29425664" percent="30">
      <mem type="soa" free="7358496" total="27954176" percent="26" />
      <mem type="loa" free="1471488" total="1471488" percent="100" />
    </mem>
    <remembered-set count="2012" />
  </mem-info>
</gc-start>
<allocation-stats totalBytes="17954576" discardedBytes="12464" >
  <allocated-bytes non-tlh="4112" tlh="17950464" />
  <largest-consumer threadName="Default Executor-thread-1" threadId="0000000000803400" bytes="17954576" />
</allocation-stats>
<gc-op id="1295" type="scavenge" timems="2.606" contextid="1292" timestamp="2024-07-17T19:33:05.596">
  <scavenger-info tenureage="10" tenuremask="4400" tiltratio="86" />
  <memory-copied type="nursery" objects="62402" bytes="1882136" bytesdiscarded="58592" />
  <memory-copied type="tenure" objects="6858" bytes="188912" bytesdiscarded="48" />
  <finalization candidates="1" enqueued="0" />
  <ownableSynchronizers candidates="4" cleared="0" />
  <object-monitors candidates="23" cleared="0"  />
</gc-op>
<gc-end id="1296" type="scavenge" contextid="1292" durationms="3.733" usertimems="6.781" systemtimems="1.220" stalltimems="2.211" timestamp="2024-07-17T19:33:05.597" activeThreads="4">
  <mem-info id="1297" free="26722592" total="52101120" percent="51">
    <mem type="nursery" free="18178808" total="22675456" percent="80">
      <mem type="allocate" free="18178808" total="20119552" percent="90" />
      <mem type="survivor" free="0" total="2555904" percent="0" />
    </mem>
    <mem type="tenure" free="8543784" total="29425664" percent="29">
      <mem type="soa" free="7072296" total="27954176" percent="25" />
      <mem type="loa" free="1471488" total="1471488" percent="100" />
    </mem>
    <remembered-set count="1647" />
  </mem-info>
</gc-end>
<cycle-end id="1298" type="scavenge" contextid="1292" timestamp="2024-07-17T19:33:05.597" />
<allocation-satisfied id="1299" threadId="0000000000803400" bytesRequested="24" />
<af-end id="1300" timestamp="2024-07-17T19:33:05.598" threadId="0000000000803E38" success="true" from="nursery"/>
<exclusive-end id="1301" timestamp="2024-07-17T19:33:05.598" durationms="6.463" />

<exclusive-start id="1302" timestamp="2024-07-17T19:33:05.735" intervalms="143.562">
  <response-info timems="0.040" idlems="0.040" threads="0" lastid="0000000000803400" lastname="Default Executor-thread-1" />
</exclusive-start>
<af-start id="1303" threadId="0000000000803E38" totalBytesRequested="16" timestamp="2024-07-17T19:33:05.736" intervalms="143.551" type="nursery" />
<cycle-start id="1304" type="scavenge" contextid="0" timestamp="2024-07-17T19:33:05.736" intervalms="143.503" />
<gc-start id="1305" type="scavenge" contextid="1304" timestamp="2024-07-17T19:33:05.736">
  <mem-info id="1306" free="8541624" total="52101120" percent="16">
    <mem type="nursery" free="0" total="22675456" percent="0">
      <mem type="allocate" free="0" total="20119552" percent="0" />
      <mem type="survivor" free="0" total="2555904" percent="0" />
    </mem>
    <mem type="tenure" free="8541624" total="29425664" percent="29">
      <mem type="soa" free="7070136" total="27954176" percent="25" />
      <mem type="loa" free="1471488" total="1471488" percent="100" />
    </mem>
    <remembered-set count="3391" />
  </mem-info>
</gc-start>
<allocation-stats totalBytes="18176296" discardedBytes="4672" >
  <allocated-bytes non-tlh="796336" tlh="17379960" />
  <largest-consumer threadName="Default Executor-thread-1" threadId="0000000000803400" bytes="17594848" />
</allocation-stats>
<gc-op id="1307" type="scavenge" timems="5.044" contextid="1304" timestamp="2024-07-17T19:33:05.742">
  <scavenger-info tenureage="14" tenuremask="4000" tiltratio="88" />
  <memory-copied type="nursery" objects="39731" bytes="2550120" bytesdiscarded="2832" />
  <memory-copied type="tenure" objects="58363" bytes="2228952" bytesdiscarded="1312" />
  <copy-failed type="nursery" objects="58363" bytes="2229080" />
  <finalization candidates="1" enqueued="0" />
  <ownableSynchronizers candidates="6" cleared="0" />
  <references type="weak" candidates="4" cleared="0" enqueued="0" />
  <references type="phantom" candidates="220" cleared="0" enqueued="0" />
  <object-monitors candidates="25" cleared="0"  />
</gc-op>
<gc-end id="1308" type="scavenge" contextid="1304" durationms="6.113" usertimems="14.601" systemtimems="2.545" stalltimems="3.082" timestamp="2024-07-17T19:33:05.742" activeThreads="4">
  <mem-info id="1309" free="17451672" total="52101120" percent="33">
    <mem type="nursery" free="11206656" total="22675456" percent="49">
      <mem type="allocate" free="11206656" total="13762560" percent="81" />
      <mem type="survivor" free="0" total="8912896" percent="0" />
    </mem>
    <mem type="tenure" free="6245016" total="29425664" percent="21">
      <mem type="soa" free="4773528" total="27954176" percent="17" />
      <mem type="loa" free="1471488" total="1471488" percent="100" />
    </mem>
    <remembered-set count="3988" />
  </mem-info>
</gc-end>
<cycle-end id="1310" type="scavenge" contextid="1304" timestamp="2024-07-17T19:33:05.743" />
<allocation-satisfied id="1311" threadId="0000000000803400" bytesRequested="16" />
<af-end id="1312" timestamp="2024-07-17T19:33:05.744" threadId="0000000000803E38" success="true" from="nursery"/>
<exclusive-end id="1313" timestamp="2024-07-17T19:33:05.744" durationms="8.670" />

<exclusive-start id="1314" timestamp="2024-07-17T19:33:05.803" intervalms="67.458">
  <response-info timems="0.046" idlems="0.046" threads="0" lastid="0000000000803400" lastname="Default Executor-thread-1" />
</exclusive-start>
<af-start id="1315" threadId="0000000000803E38" totalBytesRequested="16" timestamp="2024-07-17T19:33:05.803" intervalms="67.316" type="nursery" />
<cycle-start id="1316" type="scavenge" contextid="0" timestamp="2024-07-17T19:33:05.803" intervalms="67.194" />
<gc-start id="1317" type="scavenge" contextid="1316" timestamp="2024-07-17T19:33:05.803">
  <mem-info id="1318" free="6244584" total="52101120" percent="11">
    <mem type="nursery" free="0" total="22675456" percent="0">
      <mem type="allocate" free="0" total="13762560" percent="0" />
      <mem type="survivor" free="0" total="8912896" percent="0" />
    </mem>
    <mem type="tenure" free="6244584" total="29425664" percent="21">
      <mem type="soa" free="4773096" total="27954176" percent="17" />
      <mem type="loa" free="1471488" total="1471488" percent="100" />
    </mem>
    <remembered-set count="4495" />
  </mem-info>
</gc-start>
<allocation-stats totalBytes="11203800" discardedBytes="3288" >
  <allocated-bytes non-tlh="611536" tlh="10592264" />
  <largest-consumer threadName="Default Executor-thread-1" threadId="0000000000803400" bytes="11195608" />
</allocation-stats>
<gc-op id="1319" type="scavenge" timems="2.620" contextid="1316" timestamp="2024-07-17T19:33:05.807">
  <scavenger-info tenureage="14" tenuremask="4000" tiltratio="60" />
  <memory-copied type="nursery" objects="54721" bytes="3392520" bytesdiscarded="53856" />
  <finalization candidates="1" enqueued="0" />
  <ownableSynchronizers candidates="4" cleared="0" />
  <references type="weak" candidates="5" cleared="0" enqueued="0" />
  <references type="phantom" candidates="220" cleared="0" enqueued="0" />
  <object-monitors candidates="25" cleared="0"  />
</gc-op>
<gc-end id="1320" type="scavenge" contextid="1316" durationms="3.414" usertimems="6.914" systemtimems="1.185" stalltimems="5.163" timestamp="2024-07-17T19:33:05.807" activeThreads="5">
  <mem-info id="1321" free="17213288" total="52101120" percent="33">
    <mem type="nursery" free="10968704" total="22675456" percent="48">
      <mem type="allocate" free="10968704" total="14417920" percent="76" />
      <mem type="survivor" free="0" total="8257536" percent="0" />
    </mem>
    <mem type="tenure" free="6244584" total="29425664" percent="21">
      <mem type="soa" free="4773096" total="27954176" percent="17" />
      <mem type="loa" free="1471488" total="1471488" percent="100" />
    </mem>
    <remembered-set count="3986" />
  </mem-info>
</gc-end>
<cycle-end id="1322" type="scavenge" contextid="1316" timestamp="2024-07-17T19:33:05.807" />
<allocation-satisfied id="1323" threadId="0000000000803400" bytesRequested="16" />
<af-end id="1324" timestamp="2024-07-17T19:33:05.808" threadId="0000000000803E38" success="true" from="nursery"/>
<exclusive-end id="1325" timestamp="2024-07-17T19:33:05.808" durationms="5.185" />

<exclusive-start id="1326" timestamp="2024-07-17T19:33:05.943" intervalms="140.086">
  <response-info timems="0.038" idlems="0.038" threads="0" lastid="00000000005B6B00" lastname="Start Level: Equinox Container: 0639572c-41be-47c9-8eaf-b11c839" />
</exclusive-start>
<af-start id="1327" threadId="00000000005B7538" totalBytesRequested="56" timestamp="2024-07-17T19:33:05.943" intervalms="140.190" type="nursery" />
<cycle-start id="1328" type="scavenge" contextid="0" timestamp="2024-07-17T19:33:05.943" intervalms="140.284" />
<gc-start id="1329" type="scavenge" contextid="1328" timestamp="2024-07-17T19:33:05.944">
  <mem-info id="1330" free="6207856" total="52101120" percent="11">
    <mem type="nursery" free="0" total="22675456" percent="0">
      <mem type="allocate" free="0" total="14417920" percent="0" />
      <mem type="survivor" free="0" total="8257536" percent="0" />
    </mem>
    <mem type="tenure" free="6207856" total="29425664" percent="21">
      <mem type="soa" free="4736368" total="27954176" percent="16" />
      <mem type="loa" free="1471488" total="1471488" percent="100" />
    </mem>
    <remembered-set count="6162" />
  </mem-info>
</gc-start>
<allocation-stats totalBytes="10997992" discardedBytes="7440" >
  <allocated-bytes non-tlh="495720" tlh="10502272" />
  <largest-consumer threadName="Default Executor-thread-1" threadId="0000000000803400" bytes="9040784" />
</allocation-stats>
<gc-op id="1331" type="scavenge" timems="3.054" contextid="1328" timestamp="2024-07-17T19:33:05.947">
  <scavenger-info tenureage="3" tenuremask="4008" tiltratio="63" />
  <memory-copied type="nursery" objects="63830" bytes="3719272" bytesdiscarded="120456" />
  <memory-copied type="tenure" objects="11766" bytes="356264" bytesdiscarded="144" />
  <finalization candidates="19" enqueued="11" />
  <ownableSynchronizers candidates="429" cleared="105" />
  <references type="soft" candidates="110" cleared="0" enqueued="0" dynamicThreshold="9" maxThreshold="32" />
  <references type="weak" candidates="472" cleared="61" enqueued="61" />
  <references type="phantom" candidates="255" cleared="0" enqueued="0" />
  <object-monitors candidates="26" cleared="0"  />
</gc-op>
<gc-end id="1332" type="scavenge" contextid="1328" durationms="4.015" usertimems="9.600" systemtimems="1.578" stalltimems="3.872" timestamp="2024-07-17T19:33:05.948" activeThreads="5">
  <mem-info id="1333" free="17016704" total="52101120" percent="32">
    <mem type="nursery" free="11294480" total="22675456" percent="49">
      <mem type="allocate" free="11294480" total="15138816" percent="74" />
      <mem type="survivor" free="0" total="7536640" percent="0" />
    </mem>
    <mem type="tenure" free="5722224" total="29425664" percent="19">
      <mem type="soa" free="4250736" total="27954176" percent="15" />
      <mem type="loa" free="1471488" total="1471488" percent="100" />
    </mem>
    <pending-finalizers system="11" default="0" reference="61" classloader="0" />
    <remembered-set count="4751" />
  </mem-info>
</gc-end>
<cycle-end id="1334" type="scavenge" contextid="1328" timestamp="2024-07-17T19:33:05.948" />
<allocation-satisfied id="1335" threadId="00000000005B6B00" bytesRequested="56" />
<af-end id="1336" timestamp="2024-07-17T19:33:05.949" threadId="00000000005B7538" success="true" from="nursery"/>
<exclusive-end id="1337" timestamp="2024-07-17T19:33:05.949" durationms="6.335" />

<exclusive-start id="1338" timestamp="2024-07-17T19:33:06.020" intervalms="77.624">
  <response-info timems="0.050" idlems="0.050" threads="0" lastid="00000000005C6800" lastname="Equinox start level thread - Equinox Container: 0639572c-41be-4" />
</exclusive-start>
<af-start id="1339" threadId="00000000005C7238" totalBytesRequested="16" timestamp="2024-07-17T19:33:06.021" intervalms="77.698" type="nursery" />
<cycle-start id="1340" type="scavenge" contextid="0" timestamp="2024-07-17T19:33:06.021" intervalms="77.807" />
<gc-start id="1341" type="scavenge" contextid="1340" timestamp="2024-07-17T19:33:06.022">
  <mem-info id="1342" free="5639968" total="52101120" percent="10">
    <mem type="nursery" free="0" total="22675456" percent="0">
      <mem type="allocate" free="0" total="15138816" percent="0" />
      <mem type="survivor" free="0" total="7536640" percent="0" />
    </mem>
    <mem type="tenure" free="5639968" total="29425664" percent="19">
      <mem type="soa" free="4168480" total="27954176" percent="14" />
      <mem type="loa" free="1471488" total="1471488" percent="100" />
    </mem>
    <remembered-set count="6383" />
  </mem-info>
</gc-start>
<allocation-stats totalBytes="11371992" discardedBytes="4744" >
  <allocated-bytes non-tlh="262784" tlh="11109208" />
  <largest-consumer threadName="Start Level: Equinox Container: 0639572c-41be-47c9-8eaf-b11c839b4017" threadId="00000000005B6B00" bytes="2984888" />
</allocation-stats>
<gc-op id="1343" type="scavenge" timems="5.333" contextid="1340" timestamp="2024-07-17T19:33:06.028">
  <scavenger-info tenureage="3" tenuremask="4008" tiltratio="66" />
  <memory-copied type="nursery" objects="81199" bytes="4320328" bytesdiscarded="144264" />
  <memory-copied type="tenure" objects="21926" bytes="739256" bytesdiscarded="952" />
  <finalization candidates="39" enqueued="20" />
  <ownableSynchronizers candidates="1683" cleared="578" />
  <references type="soft" candidates="524" cleared="0" enqueued="0" dynamicThreshold="9" maxThreshold="32" />
  <references type="weak" candidates="726" cleared="133" enqueued="133" />
  <references type="phantom" candidates="284" cleared="8" enqueued="8" />
  <object-monitors candidates="27" cleared="0"  />
</gc-op>
<heap-resize id="1344" type="expand" space="nursery" amount="1179648" count="1" timems="0.045" reason="excessive time being spent scavenging" timestamp="2024-07-17T19:33:06.028" />
<gc-end id="1345" type="scavenge" contextid="1340" durationms="7.004" usertimems="18.917" systemtimems="0.000" stalltimems="7.465" timestamp="2024-07-17T19:33:06.029" activeThreads="5">
  <mem-info id="1346" free="16623728" total="53280768" percent="31">
    <mem type="nursery" free="11777360" total="23855104" percent="49">
      <mem type="allocate" free="11777360" total="16252928" percent="72" />
      <mem type="survivor" free="0" total="7602176" percent="0" />
    </mem>
    <mem type="tenure" free="4846368" total="29425664" percent="16">
      <mem type="soa" free="3374880" total="27954176" percent="12" />
      <mem type="loa" free="1471488" total="1471488" percent="100" />
    </mem>
    <pending-finalizers system="20" default="0" reference="141" classloader="0" />
    <remembered-set count="4227" />
  </mem-info>
</gc-end>
<cycle-end id="1347" type="scavenge" contextid="1340" timestamp="2024-07-17T19:33:06.029" />
<allocation-satisfied id="1348" threadId="00000000005C6800" bytesRequested="16" />
<af-end id="1349" timestamp="2024-07-17T19:33:06.030" threadId="00000000005C7238" success="true" from="nursery"/>
<exclusive-end id="1350" timestamp="2024-07-17T19:33:06.030" durationms="9.864" />

<exclusive-start id="1351" timestamp="2024-07-17T19:33:06.091" intervalms="70.426">
  <response-info timems="0.167" idlems="0.116" threads="2" lastid="00000000005CA500" lastname="Equinox start level thread - Equinox Container: 0639572c-41be-4" />
</exclusive-start>
<af-start id="1352" threadId="00000000005D2C38" totalBytesRequested="624" timestamp="2024-07-17T19:33:06.091" intervalms="70.377" type="nursery" />
<cycle-start id="1353" type="scavenge" contextid="0" timestamp="2024-07-17T19:33:06.092" intervalms="70.354" />
<gc-start id="1354" type="scavenge" contextid="1353" timestamp="2024-07-17T19:33:06.092">
  <mem-info id="1355" free="4690008" total="53280768" percent="8">
    <mem type="nursery" free="0" total="23855104" percent="0">
      <mem type="allocate" free="0" total="16252928" percent="0" />
      <mem type="survivor" free="0" total="7602176" percent="0" />
    </mem>
    <mem type="tenure" free="4690008" total="29425664" percent="15">
      <mem type="soa" free="3218520" total="27954176" percent="11" />
      <mem type="loa" free="1471488" total="1471488" percent="100" />
    </mem>
    <remembered-set count="6462" />
  </mem-info>
</gc-start>
<allocation-stats totalBytes="11913440" discardedBytes="20280" >
  <allocated-bytes non-tlh="467840" tlh="11445600" />
  <largest-consumer threadName="Equinox start level thread - Equinox Container: 0639572c-41be-47c9-8eaf-b11c839b4017" threadId="00000000005D2200" bytes="3247728" />
</allocation-stats>
<gc-op id="1356" type="scavenge" timems="6.208" contextid="1353" timestamp="2024-07-17T19:33:06.099">
  <scavenger-info tenureage="2" tenuremask="4404" tiltratio="68" />
  <memory-copied type="nursery" objects="90483" bytes="3468944" bytesdiscarded="110624" />
  <memory-copied type="tenure" objects="23656" bytes="2038576" bytesdiscarded="496" />
  <finalization candidates="25" enqueued="4" />
  <ownableSynchronizers candidates="2497" cleared="614" />
  <references type="soft" candidates="1258" cleared="0" enqueued="0" dynamicThreshold="9" maxThreshold="32" />
  <references type="weak" candidates="629" cleared="171" enqueued="171" />
  <references type="phantom" candidates="123" cleared="4" enqueued="4" />
  <object-monitors candidates="43" cleared="6"  />
</gc-op>
<heap-resize id="1357" type="expand" space="nursery" amount="1179648" count="1" timems="0.053" reason="excessive time being spent scavenging" timestamp="2024-07-17T19:33:06.099" />
<gc-end id="1358" type="scavenge" contextid="1353" durationms="7.740" usertimems="15.022" systemtimems="12.613" stalltimems="9.256" timestamp="2024-07-17T19:33:06.100" activeThreads="6">
  <mem-info id="1359" free="16890736" total="54460416" percent="31">
    <mem type="nursery" free="14298608" total="25034752" percent="57">
      <mem type="allocate" free="14298608" total="17891328" percent="79" />
      <mem type="survivor" free="0" total="7143424" percent="0" />
    </mem>
    <mem type="tenure" free="2592128" total="29425664" percent="8">
      <mem type="soa" free="1120640" total="27954176" percent="4" />
      <mem type="loa" free="1471488" total="1471488" percent="100" />
    </mem>
    <pending-finalizers system="4" default="0" reference="175" classloader="0" />
    <remembered-set count="5187" />
  </mem-info>
</gc-end>
<cycle-end id="1360" type="scavenge" contextid="1353" timestamp="2024-07-17T19:33:06.100" />
<allocation-satisfied id="1361" threadId="00000000005D2200" bytesRequested="624" />
<af-end id="1362" timestamp="2024-07-17T19:33:06.101" threadId="00000000005D2C38" success="true" from="nursery"/>
<exclusive-end id="1363" timestamp="2024-07-17T19:33:06.101" durationms="10.530" />

<concurrent-kickoff id="1364" timestamp="2024-07-17T19:33:06.144">
  <kickoff reason="threshold reached" targetBytes="12252849" thresholdFreeBytes="1698195"  remainingFree="1635056" tenureFreeBytes="2490000" nurseryFreeBytes="1635056" />
</concurrent-kickoff>
<exclusive-start id="1365" timestamp="2024-07-17T19:33:06.144" intervalms="53.307">
  <response-info timems="0.172" idlems="0.122" threads="2" lastid="00000000005CA500" lastname="Equinox start level thread - Equinox Container: 0639572c-41be-4" />
</exclusive-start>
<cycle-start id="1366" type="global" contextid="0" timestamp="2024-07-17T19:33:06.144" intervalms="948.343" />
<concurrent-start id="1367" type="global mark" contextid="1366" timestamp="2024-07-17T19:33:06.145">
</concurrent-start>
<exclusive-end id="1368" timestamp="2024-07-17T19:33:06.145" durationms="0.955" />

<concurrent-end id="1369" type="global mark" contextid="1366" timestamp="2024-07-17T19:33:06.159">
<gc-op id="1370" type="trace" timems="14.627" contextid="1366" timestamp="2024-07-17T19:33:06.159">
  <trace bytesTraced="12434048" workStackOverflowCount="0" />
  <card-cleaning reason="card cleaning threshold reached" bytesTraced="42568" cardsCleaned="133" />
</gc-op>
</concurrent-end>

<exclusive-start id="1371" timestamp="2024-07-17T19:33:06.160" intervalms="15.820">
  <response-info timems="0.067" idlems="0.039" threads="1" lastid="00000000005DA000" lastname="Equinox start level thread - Equinox Container: 0639572c-41be-4" />
</exclusive-start>
<af-start id="1372" threadId="00000000005D2C38" totalBytesRequested="80" timestamp="2024-07-17T19:33:06.160" intervalms="68.919" type="nursery" />
<percolate-collect id="1373" from="nursery" to="global" reason="concurrent mark exhausted" timestamp="2024-07-17T19:33:06.160"/>
<gc-start id="1374" type="global" contextid="1366" timestamp="2024-07-17T19:33:06.161">
  <mem-info id="1375" free="2480184" total="54460416" percent="4">
    <mem type="nursery" free="0" total="25034752" percent="0">
      <mem type="allocate" free="0" total="17891328" percent="0" />
      <mem type="survivor" free="0" total="7143424" percent="0" />
    </mem>
    <mem type="tenure" free="2480184" total="29425664" percent="8">
      <mem type="soa" free="1008696" total="27954176" percent="3" />
      <mem type="loa" free="1471488" total="1471488" percent="100" />
    </mem>
    <remembered-set count="8182" />
  </mem-info>
</gc-start>
<allocation-stats totalBytes="14404856" discardedBytes="5696" >
  <allocated-bytes non-tlh="680632" tlh="13724224" />
  <largest-consumer threadName="Equinox start level thread - Equinox Container: 0639572c-41be-47c9-8eaf-b11c839b4017" threadId="00000000005D2200" bytes="5360952" />
</allocation-stats>
<gc-op id="1376" type="rs-scan" timems="2.571" contextid="1366" timestamp="2024-07-17T19:33:06.164">
  <scan objectsFound="132904" bytesTraced="4456304" workStackOverflowCount="0" />
</gc-op>
<gc-op id="1377" type="card-cleaning" timems="0.836" contextid="1366" timestamp="2024-07-17T19:33:06.165">
  <card-cleaning cardsCleaned="99" bytesTraced="175740" workStackOverflowCount="0" />
</gc-op>
<gc-op id="1378" type="mark" timems="7.913" contextid="1366" timestamp="2024-07-17T19:33:06.173">
  <trace-info objectcount="3294" scancount="2965" scanbytes="88416" />
  <finalization candidates="723" enqueued="9" />
  <ownableSynchronizers candidates="3977" cleared="380" />
  <references type="soft" candidates="7015" cleared="0" enqueued="0" dynamicThreshold="9" maxThreshold="32" />
  <references type="weak" candidates="2687" cleared="196" enqueued="196" />
  <references type="phantom" candidates="319" cleared="1" enqueued="1" />
  <stringconstants candidates="15734" cleared="42"  />
  <object-monitors candidates="42" cleared="1"  />
</gc-op>
<gc-op id="1379" type="classunload" timems="0.015" contextid="1366" timestamp="2024-07-17T19:33:06.174">
  <classunload-info classloadercandidates="145" classloadersunloaded="0" classesunloaded="0" anonymousclassesunloaded="0" quiescems="0.000" setupms="0.013" scanms="0.002" postms="0.000" />
</gc-op>
<gc-op id="1380" type="sweep" timems="1.360" contextid="1366" timestamp="2024-07-17T19:33:06.175" />
<heap-resize id="1381" type="expand" space="tenure" amount="1638400" count="1" timems="0.354" reason="insufficient free space following gc" timestamp="2024-07-17T19:33:06.176" />
<gc-end id="1382" type="global" contextid="1366" durationms="15.039" usertimems="32.983" systemtimems="7.774" stalltimems="86.016" timestamp="2024-07-17T19:33:06.176" activeThreads="12">
  <mem-info id="1383" free="21178584" total="56098816" percent="37">
    <mem type="nursery" free="11858608" total="25034752" percent="47">
      <mem type="allocate" free="11858608" total="17891328" percent="66" />
      <mem type="survivor" free="0" total="7143424" percent="0" />
    </mem>
    <mem type="tenure" free="9319976" total="31064064" percent="30" micro-fragmented="517981" macro-fragmented="0">
      <mem type="soa" free="7766568" total="29510656" percent="26" />
      <mem type="loa" free="1553408" total="1553408" percent="100" />
    </mem>
    <pending-finalizers system="9" default="0" reference="197" classloader="0" />
    <remembered-set count="6983" />
  </mem-info>
</gc-end>
<cycle-end id="1384" type="global" contextid="1366" timestamp="2024-07-17T19:33:06.176" />
<allocation-satisfied id="1385" threadId="00000000005D2200" bytesRequested="80" />
<af-end id="1386" timestamp="2024-07-17T19:33:06.176" threadId="00000000005D2C38" success="true" from="nursery"/>
<exclusive-end id="1387" timestamp="2024-07-17T19:33:06.176" durationms="16.600" />

<exclusive-start id="1388" timestamp="2024-07-17T19:33:06.207" intervalms="47.393">
  <response-info timems="0.055" idlems="0.055" threads="0" lastid="0000000000848600" lastname="Bundle File Closer" />
</exclusive-start>
<af-start id="1389" threadId="0000000000849038" totalBytesRequested="16" timestamp="2024-07-17T19:33:06.208" intervalms="47.533" type="nursery" />
<cycle-start id="1390" type="scavenge" contextid="0" timestamp="2024-07-17T19:33:06.208" intervalms="116.393" />
<gc-start id="1391" type="scavenge" contextid="1390" timestamp="2024-07-17T19:33:06.208">
  <mem-info id="1392" free="9201624" total="56098816" percent="16">
    <mem type="nursery" free="0" total="25034752" percent="0">
      <mem type="allocate" free="0" total="17891328" percent="0" />
      <mem type="survivor" free="0" total="7143424" percent="0" />
    </mem>
    <mem type="tenure" free="9201624" total="31064064" percent="29">
      <mem type="soa" free="7648216" total="29510656" percent="25" />
      <mem type="loa" free="1553408" total="1553408" percent="100" />
    </mem>
    <remembered-set count="8524" />
  </mem-info>
</gc-start>
<allocation-stats totalBytes="11853152" discardedBytes="94224" >
  <allocated-bytes non-tlh="879568" tlh="10973584" />
  <largest-consumer threadName="Equinox start level thread - Equinox Container: 0639572c-41be-47c9-8eaf-b11c839b4017" threadId="00000000005CA500" bytes="4961240" />
</allocation-stats>
<gc-op id="1393" type="scavenge" timems="4.989" contextid="1390" timestamp="2024-07-17T19:33:06.214">
  <scavenger-info tenureage="14" tenuremask="4000" tiltratio="71" />
  <memory-copied type="nursery" objects="135170" bytes="5952928" bytesdiscarded="94968" />
  <memory-copied type="tenure" objects="106" bytes="1696" bytesdiscarded="664" />
  <finalization candidates="35" enqueued="19" />
  <ownableSynchronizers candidates="7760" cleared="5390" />
  <references type="soft" candidates="1835" cleared="0" enqueued="0" dynamicThreshold="9" maxThreshold="32" />
  <references type="weak" candidates="1195" cleared="168" enqueued="168" />
  <references type="phantom" candidates="264" cleared="4" enqueued="4" />
  <object-monitors candidates="41" cleared="0"  />
</gc-op>
<gc-end id="1394" type="scavenge" contextid="1390" durationms="6.009" usertimems="9.828" systemtimems="11.607" stalltimems="12.883" timestamp="2024-07-17T19:33:06.214" activeThreads="7">
  <mem-info id="1395" free="18878808" total="56098816" percent="33">
    <mem type="nursery" free="9723536" total="25034752" percent="38">
      <mem type="allocate" free="9723536" total="15794176" percent="61" />
      <mem type="survivor" free="0" total="9240576" percent="0" />
    </mem>
    <mem type="tenure" free="9155272" total="31064064" percent="29">
      <mem type="soa" free="7601864" total="29510656" percent="25" />
      <mem type="loa" free="1553408" total="1553408" percent="100" />
    </mem>
    <pending-finalizers system="19" default="0" reference="172" classloader="0" />
    <remembered-set count="7175" />
  </mem-info>
</gc-end>
<cycle-end id="1396" type="scavenge" contextid="1390" timestamp="2024-07-17T19:33:06.215" />
<allocation-satisfied id="1397" threadId="0000000000848600" bytesRequested="16" />
<af-end id="1398" timestamp="2024-07-17T19:33:06.216" threadId="0000000000849038" success="true" from="nursery"/>
<exclusive-end id="1399" timestamp="2024-07-17T19:33:06.216" durationms="8.523" />

<exclusive-start id="1400" timestamp="2024-07-17T19:33:06.246" intervalms="38.665">
  <response-info timems="0.062" idlems="0.062" threads="0" lastid="00000000005DA000" lastname="Equinox start level thread - Equinox Container: 0639572c-41be-4" />
</exclusive-start>
<af-start id="1401" threadId="00000000005DAA38" totalBytesRequested="320" timestamp="2024-07-17T19:33:06.246" intervalms="38.653" type="nursery" />
<cycle-start id="1402" type="scavenge" contextid="0" timestamp="2024-07-17T19:33:06.247" intervalms="38.610" />
<gc-start id="1403" type="scavenge" contextid="1402" timestamp="2024-07-17T19:33:06.247">
  <mem-info id="1404" free="9019048" total="56098816" percent="16">
    <mem type="nursery" free="0" total="25034752" percent="0">
      <mem type="allocate" free="0" total="15794176" percent="0" />
      <mem type="survivor" free="0" total="9240576" percent="0" />
    </mem>
    <mem type="tenure" free="9019048" total="31064064" percent="29">
      <mem type="soa" free="7465640" total="29510656" percent="25" />
      <mem type="loa" free="1553408" total="1553408" percent="100" />
    </mem>
    <remembered-set count="9208" />
  </mem-info>
</gc-start>
<allocation-stats totalBytes="9833608" discardedBytes="14592" >
  <allocated-bytes non-tlh="359688" tlh="9473920" />
  <largest-consumer threadName="Equinox start level thread - Equinox Container: 0639572c-41be-47c9-8eaf-b11c839b4017" threadId="00000000005CA500" bytes="4241784" />
</allocation-stats>
<gc-op id="1405" type="scavenge" timems="4.847" contextid="1402" timestamp="2024-07-17T19:33:06.252">
  <scavenger-info tenureage="13" tenuremask="6000" tiltratio="63" />
  <memory-copied type="nursery" objects="152071" bytes="6531592" bytesdiscarded="203208" />
  <memory-copied type="tenure" objects="357" bytes="5824" bytesdiscarded="0" />
  <finalization candidates="16" enqueued="0" />
  <ownableSynchronizers candidates="2978" cleared="260" />
  <references type="soft" candidates="2379" cleared="0" enqueued="0" dynamicThreshold="9" maxThreshold="32" />
  <references type="weak" candidates="1362" cleared="151" enqueued="151" />
  <references type="phantom" candidates="256" cleared="0" enqueued="0" />
  <object-monitors candidates="41" cleared="0"  />
</gc-op>
<heap-resize id="1406" type="expand" space="nursery" amount="1966080" count="1" timems="0.026" reason="excessive time being spent scavenging" timestamp="2024-07-17T19:33:06.253" />
<gc-end id="1407" type="scavenge" contextid="1402" durationms="5.997" usertimems="19.612" systemtimems="3.086" stalltimems="10.686" timestamp="2024-07-17T19:33:06.253" activeThreads="7">
  <mem-info id="1408" free="20064136" total="58064896" percent="34">
    <mem type="nursery" free="11132320" total="27000832" percent="41">
      <mem type="allocate" free="11132320" total="17891328" percent="62" />
      <mem type="survivor" free="0" total="9109504" percent="0" />
    </mem>
    <mem type="tenure" free="8931816" total="31064064" percent="28">
      <mem type="soa" free="7378408" total="29510656" percent="25" />
      <mem type="loa" free="1553408" total="1553408" percent="100" />
    </mem>
    <pending-finalizers system="0" default="0" reference="151" classloader="0" />
    <remembered-set count="7347" />
  </mem-info>
</gc-end>
<cycle-end id="1409" type="scavenge" contextid="1402" timestamp="2024-07-17T19:33:06.253" />
<allocation-satisfied id="1410" threadId="00000000005DA000" bytesRequested="320" />
<af-end id="1411" timestamp="2024-07-17T19:33:06.254" threadId="00000000005DAA38" success="true" from="nursery"/>
<exclusive-end id="1412" timestamp="2024-07-17T19:33:06.254" durationms="8.135" />

<exclusive-start id="1413" timestamp="2024-07-17T19:33:06.283" intervalms="37.253">
  <response-info timems="0.045" idlems="0.045" threads="0" lastid="00000000005DA000" lastname="Equinox start level thread - Equinox Container: 0639572c-41be-4" />
</exclusive-start>
<af-start id="1414" threadId="00000000005DAA38" totalBytesRequested="96" timestamp="2024-07-17T19:33:06.284" intervalms="37.265" type="nursery" />
<cycle-start id="1415" type="scavenge" contextid="0" timestamp="2024-07-17T19:33:06.284" intervalms="37.239" />
<gc-start id="1416" type="scavenge" contextid="1415" timestamp="2024-07-17T19:33:06.284">
  <mem-info id="1417" free="8853880" total="58064896" percent="15">
    <mem type="nursery" free="0" total="27000832" percent="0">
      <mem type="allocate" free="0" total="17891328" percent="0" />
      <mem type="survivor" free="0" total="9109504" percent="0" />
    </mem>
    <mem type="tenure" free="8853880" total="31064064" percent="28">
      <mem type="soa" free="7300472" total="29510656" percent="24" />
      <mem type="loa" free="1553408" total="1553408" percent="100" />
    </mem>
    <remembered-set count="8967" />
  </mem-info>
</gc-start>
<allocation-stats totalBytes="11192200" discardedBytes="12960" >
  <allocated-bytes non-tlh="454248" tlh="10737952" />
  <largest-consumer threadName="Equinox start level thread - Equinox Container: 0639572c-41be-47c9-8eaf-b11c839b4017" threadId="00000000005DA000" bytes="4295992" />
</allocation-stats>
<gc-op id="1418" type="scavenge" timems="5.610" contextid="1415" timestamp="2024-07-17T19:33:06.290">
  <scavenger-info tenureage="6" tenuremask="7040" tiltratio="66" />
  <memory-copied type="nursery" objects="160116" bytes="7072704" bytesdiscarded="179112" />
  <memory-copied type="tenure" objects="14178" bytes="480760" bytesdiscarded="1112" />
  <finalization candidates="43" enqueued="28" />
  <ownableSynchronizers candidates="3411" cleared="306" />
  <references type="soft" candidates="2854" cleared="0" enqueued="0" dynamicThreshold="9" maxThreshold="32" />
  <references type="weak" candidates="1619" cleared="123" enqueued="123" />
  <references type="phantom" candidates="282" cleared="10" enqueued="10" />
  <object-monitors candidates="41" cleared="0"  />
</gc-op>
<heap-resize id="1419" type="expand" space="nursery" amount="2228224" count="1" timems="0.025" reason="excessive time being spent scavenging" timestamp="2024-07-17T19:33:06.291" />
<gc-end id="1420" type="scavenge" contextid="1415" durationms="6.747" usertimems="25.946" systemtimems="2.734" stalltimems="10.355" timestamp="2024-07-17T19:33:06.291" activeThreads="7">
  <mem-info id="1421" free="20778864" total="60293120" percent="34">
    <mem type="nursery" free="12447032" total="29229056" percent="42">
      <mem type="allocate" free="12447032" total="19726336" percent="63" />
      <mem type="survivor" free="0" total="9502720" percent="0" />
    </mem>
    <mem type="tenure" free="8331832" total="31064064" percent="26">
      <mem type="soa" free="6778424" total="29510656" percent="22" />
      <mem type="loa" free="1553408" total="1553408" percent="100" />
    </mem>
    <pending-finalizers system="28" default="0" reference="133" classloader="0" />
    <remembered-set count="6563" />
  </mem-info>
</gc-end>
<cycle-end id="1422" type="scavenge" contextid="1415" timestamp="2024-07-17T19:33:06.291" />
<allocation-satisfied id="1423" threadId="00000000005DA000" bytesRequested="96" />
<af-end id="1424" timestamp="2024-07-17T19:33:06.292" threadId="00000000005DAA38" success="true" from="nursery"/>
<exclusive-end id="1425" timestamp="2024-07-17T19:33:06.292" durationms="8.595" />

<exclusive-start id="1426" timestamp="2024-07-17T19:33:06.451" intervalms="167.557">
  <response-info timems="0.060" idlems="0.060" threads="0" lastid="00000000005B6B00" lastname="Start Level: Equinox Container: 0639572c-41be-47c9-8eaf-b11c839" />
</exclusive-start>
<af-start id="1427" threadId="00000000005B7538" totalBytesRequested="24" timestamp="2024-07-17T19:33:06.451" intervalms="167.543" type="nursery" />
<cycle-start id="1428" type="scavenge" contextid="0" timestamp="2024-07-17T19:33:06.451" intervalms="167.540" />
<gc-start id="1429" type="scavenge" contextid="1428" timestamp="2024-07-17T19:33:06.452">
  <mem-info id="1430" free="8023208" total="60293120" percent="13">
    <mem type="nursery" free="0" total="29229056" percent="0">
      <mem type="allocate" free="0" total="19726336" percent="0" />
      <mem type="survivor" free="0" total="9502720" percent="0" />
    </mem>
    <mem type="tenure" free="8023208" total="31064064" percent="25">
      <mem type="soa" free="6469800" total="29510656" percent="21" />
      <mem type="loa" free="1553408" total="1553408" percent="100" />
    </mem>
    <remembered-set count="10923" />
  </mem-info>
</gc-start>
<allocation-stats totalBytes="12720696" discardedBytes="24888" >
  <allocated-bytes non-tlh="349720" tlh="12370976" />
  <largest-consumer threadName="Equinox start level thread - Equinox Container: 0639572c-41be-47c9-8eaf-b11c839b4017" threadId="00000000005CA500" bytes="5310696" />
</allocation-stats>
<gc-op id="1431" type="scavenge" timems="8.118" contextid="1428" timestamp="2024-07-17T19:33:06.460">
  <scavenger-info tenureage="4" tenuremask="7830" tiltratio="67" />
  <memory-copied type="nursery" objects="121063" bytes="5859016" bytesdiscarded="302208" />
  <memory-copied type="tenure" objects="71118" bytes="2259544" bytesdiscarded="1720" />
  <finalization candidates="153" enqueued="138" />
  <ownableSynchronizers candidates="3840" cleared="206" />
  <references type="soft" candidates="2384" cleared="0" enqueued="0" dynamicThreshold="9" maxThreshold="32" />
  <references type="weak" candidates="1821" cleared="369" enqueued="369" />
  <references type="phantom" candidates="344" cleared="71" enqueued="71" />
  <object-monitors candidates="42" cleared="0"  />
</gc-op>
<gc-end id="1432" type="scavenge" contextid="1428" durationms="9.223" usertimems="41.617" systemtimems="5.822" stalltimems="17.086" timestamp="2024-07-17T19:33:06.461" activeThreads="8">
  <mem-info id="1433" free="19854648" total="60293120" percent="32">
    <mem type="nursery" free="14396672" total="29229056" percent="49">
      <mem type="allocate" free="14396672" total="20578304" percent="69" />
      <mem type="survivor" free="0" total="8650752" percent="0" />
    </mem>
    <mem type="tenure" free="5457976" total="31064064" percent="17">
      <mem type="soa" free="3904568" total="29510656" percent="13" />
      <mem type="loa" free="1553408" total="1553408" percent="100" />
    </mem>
    <pending-finalizers system="138" default="0" reference="440" classloader="0" />
    <remembered-set count="8614" />
  </mem-info>
</gc-end>
<cycle-end id="1434" type="scavenge" contextid="1428" timestamp="2024-07-17T19:33:06.462" />
<allocation-satisfied id="1435" threadId="00000000005B6B00" bytesRequested="24" />
<af-end id="1436" timestamp="2024-07-17T19:33:06.462" threadId="00000000005B7538" success="true" from="nursery"/>
<exclusive-end id="1437" timestamp="2024-07-17T19:33:06.463" durationms="11.920" />

<concurrent-kickoff id="1438" timestamp="2024-07-17T19:33:06.611">
  <kickoff reason="threshold reached" targetBytes="12994368" thresholdFreeBytes="1784034"  remainingFree="733392" tenureFreeBytes="5301040" nurseryFreeBytes="733392" />
</concurrent-kickoff>
<exclusive-start id="1439" timestamp="2024-07-17T19:33:06.611" intervalms="160.666">
  <response-info timems="0.053" idlems="0.053" threads="0" lastid="000000000075EF00" lastname="Config-Thread-2" />
</exclusive-start>
<cycle-start id="1440" type="global" contextid="0" timestamp="2024-07-17T19:33:06.612" intervalms="467.257" />
<concurrent-start id="1441" type="global mark" contextid="1440" timestamp="2024-07-17T19:33:06.612">
</concurrent-start>
<exclusive-end id="1442" timestamp="2024-07-17T19:33:06.612" durationms="0.613" />

<concurrent-end id="1443" type="global mark" contextid="1440" timestamp="2024-07-17T19:33:06.635">
<gc-op id="1444" type="trace" timems="22.935" contextid="1440" timestamp="2024-07-17T19:33:06.635">
  <trace bytesTraced="15700812" workStackOverflowCount="0" />
  <card-cleaning reason="card cleaning threshold reached" bytesTraced="25600" cardsCleaned="75" />
</gc-op>
</concurrent-end>

<exclusive-start id="1445" timestamp="2024-07-17T19:33:06.635" intervalms="23.915">
  <response-info timems="0.100" idlems="0.068" threads="1" lastid="00000000005B6B00" lastname="Start Level: Equinox Container: 0639572c-41be-47c9-8eaf-b11c839" />
</exclusive-start>
<concurrent-global-final id="1446" timestamp="2024-07-17T19:33:06.636" contextid="1440" intervalms="1420.153" >
  <concurrent-trace-info reason="card cleaning threshold reached" tracedByMutators="7251676" tracedByHelpers="8474736" cardsCleaned="75" workStackOverflowCount="0" />
</concurrent-global-final>
<gc-start id="1447" type="global" contextid="1440" timestamp="2024-07-17T19:33:06.636">
  <mem-info id="1448" free="5288520" total="60293120" percent="8">
    <mem type="nursery" free="0" total="29229056" percent="0">
      <mem type="allocate" free="0" total="20578304" percent="0" />
      <mem type="survivor" free="0" total="8650752" percent="0" />
    </mem>
    <mem type="tenure" free="5288520" total="31064064" percent="17">
      <mem type="soa" free="3735112" total="29510656" percent="12" />
      <mem type="loa" free="1553408" total="1553408" percent="100" />
    </mem>
    <remembered-set count="11309" />
  </mem-info>
</gc-start>
<allocation-stats totalBytes="14552360" discardedBytes="7312" >
  <allocated-bytes non-tlh="506088" tlh="14046272" />
  <largest-consumer threadName="Start Level: Equinox Container: 0639572c-41be-47c9-8eaf-b11c839b4017" threadId="00000000005B6B00" bytes="12105944" />
</allocation-stats>
<gc-op id="1449" type="rs-scan" timems="3.156" contextid="1440" timestamp="2024-07-17T19:33:06.639">
  <scan objectsFound="133081" bytesTraced="4669912" workStackOverflowCount="0" />
</gc-op>
<gc-op id="1450" type="card-cleaning" timems="0.889" contextid="1440" timestamp="2024-07-17T19:33:06.641">
  <card-cleaning cardsCleaned="12" bytesTraced="58648" workStackOverflowCount="0" />
</gc-op>
<gc-op id="1451" type="mark" timems="11.201" contextid="1440" timestamp="2024-07-17T19:33:06.652">
  <trace-info objectcount="13669" scancount="12701" scanbytes="305432" />
  <finalization candidates="749" enqueued="38" />
  <ownableSynchronizers candidates="5867" cleared="236" />
  <references type="soft" candidates="9483" cleared="1269" enqueued="1252" dynamicThreshold="9" maxThreshold="32" />
  <references type="weak" candidates="4058" cleared="238" enqueued="233" />
  <references type="phantom" candidates="366" cleared="26" enqueued="26" />
  <stringconstants candidates="21826" cleared="41"  />
  <object-monitors candidates="47" cleared="1"  />
</gc-op>
<gc-op id="1452" type="classunload" timems="0.631" contextid="1440" timestamp="2024-07-17T19:33:06.653">
  <classunload-info classloadercandidates="259" classloadersunloaded="15" classesunloaded="5" anonymousclassesunloaded="0" quiescems="0.000" setupms="0.601" scanms="0.020" postms="0.010" />
</gc-op>
<gc-op id="1453" type="sweep" timems="1.449" contextid="1440" timestamp="2024-07-17T19:33:06.655" />
<heap-resize id="1454" type="expand" space="tenure" amount="4718592" count="1" timems="0.356" reason="insufficient free space following gc" timestamp="2024-07-17T19:33:06.655" />
<gc-end id="1455" type="global" contextid="1440" durationms="19.610" usertimems="48.439" systemtimems="8.396" stalltimems="116.349" timestamp="2024-07-17T19:33:06.655" activeThreads="12">
  <mem-info id="1456" free="23855472" total="65011712" percent="36">
    <mem type="nursery" free="13099360" total="29229056" percent="44">
      <mem type="allocate" free="13099360" total="20578304" percent="63" />
      <mem type="survivor" free="0" total="8650752" percent="0" />
    </mem>
    <mem type="tenure" free="10756112" total="35782656" percent="30" micro-fragmented="757964" macro-fragmented="0">
      <mem type="soa" free="8966160" total="33992704" percent="26" />
      <mem type="loa" free="1789952" total="1789952" percent="100" />
    </mem>
    <pending-finalizers system="38" default="0" reference="1511" classloader="0" />
    <remembered-set count="10116" />
  </mem-info>
</gc-end>
<cycle-end id="1457" type="global" contextid="1440" timestamp="2024-07-17T19:33:06.656" />
<exclusive-end id="1458" timestamp="2024-07-17T19:33:06.656" durationms="20.544" />

<exclusive-start id="1459" timestamp="2024-07-17T19:33:06.930" intervalms="294.876">
  <response-info timems="0.050" idlems="0.050" threads="0" lastid="00000000005B6B00" lastname="Start Level: Equinox Container: 0639572c-41be-47c9-8eaf-b11c839" />
</exclusive-start>
<af-start id="1460" threadId="00000000005B7538" totalBytesRequested="16" timestamp="2024-07-17T19:33:06.931" intervalms="479.482" type="nursery" />
<cycle-start id="1461" type="scavenge" contextid="0" timestamp="2024-07-17T19:33:06.931" intervalms="479.585" />
<gc-start id="1462" type="scavenge" contextid="1461" timestamp="2024-07-17T19:33:06.931">
  <mem-info id="1463" free="10377352" total="65011712" percent="15">
    <mem type="nursery" free="0" total="29229056" percent="0">
      <mem type="allocate" free="0" total="20578304" percent="0" />
      <mem type="survivor" free="0" total="8650752" percent="0" />
    </mem>
    <mem type="tenure" free="10377352" total="35782656" percent="29">
      <mem type="soa" free="8587400" total="33992704" percent="25" />
      <mem type="loa" free="1789952" total="1789952" percent="100" />
    </mem>
    <remembered-set count="16883" />
  </mem-info>
</gc-start>
<allocation-stats totalBytes="13356360" discardedBytes="89336" >
  <allocated-bytes non-tlh="1982592" tlh="11373768" />
  <largest-consumer threadName="Start Level: Equinox Container: 0639572c-41be-47c9-8eaf-b11c839b4017" threadId="00000000005B6B00" bytes="12778552" />
</allocation-stats>
<gc-op id="1464" type="scavenge" timems="7.344" contextid="1461" timestamp="2024-07-17T19:33:06.939">
  <scavenger-info tenureage="3" tenuremask="7808" tiltratio="70" />
  <memory-copied type="nursery" objects="146109" bytes="6488000" bytesdiscarded="319896" />
  <memory-copied type="tenure" objects="17655" bytes="939216" bytesdiscarded="3272" />
  <finalization candidates="28" enqueued="24" />
  <ownableSynchronizers candidates="11596" cleared="8846" />
  <references type="soft" candidates="2881" cleared="0" enqueued="0" dynamicThreshold="9" maxThreshold="32" />
  <references type="weak" candidates="8975" cleared="263" enqueued="261" />
  <references type="phantom" candidates="243" cleared="17" enqueued="17" />
  <object-monitors candidates="46" cleared="0"  />
</gc-op>
<gc-end id="1465" type="scavenge" contextid="1461" durationms="8.519" usertimems="44.715" systemtimems="0.000" stalltimems="20.568" timestamp="2024-07-17T19:33:06.940" activeThreads="9">
  <mem-info id="1466" free="22669248" total="65011712" percent="34">
    <mem type="nursery" free="13813832" total="29229056" percent="47">
      <mem type="allocate" free="13813832" total="20643840" percent="66" />
      <mem type="survivor" free="0" total="8585216" percent="0" />
    </mem>
    <mem type="tenure" free="8855416" total="35782656" percent="24">
      <mem type="soa" free="7065464" total="33992704" percent="20" />
      <mem type="loa" free="1789952" total="1789952" percent="100" />
    </mem>
    <pending-finalizers system="24" default="0" reference="278" classloader="0" />
    <remembered-set count="15757" />
  </mem-info>
</gc-end>
<cycle-end id="1467" type="scavenge" contextid="1461" timestamp="2024-07-17T19:33:06.940" />
<allocation-satisfied id="1468" threadId="00000000005B6B00" bytesRequested="16" />
<af-end id="1469" timestamp="2024-07-17T19:33:06.941" threadId="00000000005B7538" success="true" from="nursery"/>
<exclusive-end id="1470" timestamp="2024-07-17T19:33:06.941" durationms="11.029" />

<exclusive-start id="1471" timestamp="2024-07-17T19:33:07.083" intervalms="153.089">
  <response-info timems="0.046" idlems="0.046" threads="0" lastid="00000000005B6B00" lastname="Start Level: Equinox Container: 0639572c-41be-47c9-8eaf-b11c839" />
</exclusive-start>
<af-start id="1472" threadId="00000000005B7538" totalBytesRequested="80" timestamp="2024-07-17T19:33:07.084" intervalms="153.151" type="nursery" />
<cycle-start id="1473" type="scavenge" contextid="0" timestamp="2024-07-17T19:33:07.084" intervalms="153.191" />
<gc-start id="1474" type="scavenge" contextid="1473" timestamp="2024-07-17T19:33:07.085">
  <mem-info id="1475" free="8794744" total="65011712" percent="13">
    <mem type="nursery" free="0" total="29229056" percent="0">
      <mem type="allocate" free="0" total="20643840" percent="0" />
      <mem type="survivor" free="0" total="8585216" percent="0" />
    </mem>
    <mem type="tenure" free="8794744" total="35782656" percent="24">
      <mem type="soa" free="7004792" total="33992704" percent="20" />
      <mem type="loa" free="1789952" total="1789952" percent="100" />
    </mem>
    <remembered-set count="16970" />
  </mem-info>
</gc-start>
<allocation-stats totalBytes="13865968" discardedBytes="7168" >
  <allocated-bytes non-tlh="404600" tlh="13461368" />
  <largest-consumer threadName="Start Level: Equinox Container: 0639572c-41be-47c9-8eaf-b11c839b4017" threadId="00000000005B6B00" bytes="13694904" />
</allocation-stats>
<gc-op id="1476" type="scavenge" timems="6.362" contextid="1473" timestamp="2024-07-17T19:33:07.092">
  <scavenger-info tenureage="3" tenuremask="7c08" tiltratio="70" />
  <memory-copied type="nursery" objects="134482" bytes="6587224" bytesdiscarded="184632" />
  <memory-copied type="tenure" objects="22983" bytes="816760" bytesdiscarded="88" />
  <finalization candidates="10" enqueued="6" />
  <ownableSynchronizers candidates="2771" cleared="149" />
  <references type="soft" candidates="2669" cleared="0" enqueued="0" dynamicThreshold="9" maxThreshold="32" />
  <references type="weak" candidates="8621" cleared="74" enqueued="74" />
  <references type="phantom" candidates="259" cleared="3" enqueued="3" />
  <object-monitors candidates="46" cleared="0"  />
</gc-op>
<gc-end id="1477" type="scavenge" contextid="1473" durationms="7.631" usertimems="33.111" systemtimems="4.409" stalltimems="25.488" timestamp="2024-07-17T19:33:07.092" activeThreads="10">
  <mem-info id="1478" free="21550104" total="65011712" percent="33">
    <mem type="nursery" free="13983776" total="29229056" percent="47">
      <mem type="allocate" free="13983776" total="20774912" percent="67" />
      <mem type="survivor" free="0" total="8454144" percent="0" />
    </mem>
    <mem type="tenure" free="7566328" total="35782656" percent="21">
      <mem type="soa" free="5776376" total="33992704" percent="16" />
      <mem type="loa" free="1789952" total="1789952" percent="100" />
    </mem>
    <pending-finalizers system="6" default="0" reference="77" classloader="0" />
    <remembered-set count="14363" />
  </mem-info>
</gc-end>
<cycle-end id="1479" type="scavenge" contextid="1473" timestamp="2024-07-17T19:33:07.093" />
<allocation-satisfied id="1480" threadId="00000000005B6B00" bytesRequested="80" />
<af-end id="1481" timestamp="2024-07-17T19:33:07.094" threadId="00000000005B7538" success="true" from="nursery"/>
<exclusive-end id="1482" timestamp="2024-07-17T19:33:07.094" durationms="10.535" />

<exclusive-start id="1483" timestamp="2024-07-17T19:33:07.260" intervalms="177.054">
  <response-info timems="0.052" idlems="0.052" threads="0" lastid="00000000005B6B00" lastname="Start Level: Equinox Container: 0639572c-41be-47c9-8eaf-b11c839" />
</exclusive-start>
<af-start id="1484" threadId="00000000005B7538" totalBytesRequested="41824" timestamp="2024-07-17T19:33:07.261" intervalms="176.974" type="nursery" />
<cycle-start id="1485" type="scavenge" contextid="0" timestamp="2024-07-17T19:33:07.261" intervalms="176.940" />
<gc-start id="1486" type="scavenge" contextid="1485" timestamp="2024-07-17T19:33:07.262">
  <mem-info id="1487" free="7550872" total="65011712" percent="11">
    <mem type="nursery" free="0" total="29229056" percent="0">
      <mem type="allocate" free="0" total="20774912" percent="0" />
      <mem type="survivor" free="0" total="8454144" percent="0" />
    </mem>
    <mem type="tenure" free="7550872" total="35782656" percent="21">
      <mem type="soa" free="5760920" total="33992704" percent="16" />
      <mem type="loa" free="1789952" total="1789952" percent="100" />
    </mem>
    <remembered-set count="15274" />
  </mem-info>
</gc-start>
<allocation-stats totalBytes="13963792" discardedBytes="35440" >
  <allocated-bytes non-tlh="551552" tlh="13412240" />
  <largest-consumer threadName="Start Level: Equinox Container: 0639572c-41be-47c9-8eaf-b11c839b4017" threadId="00000000005B6B00" bytes="13869024" />
</allocation-stats>
<gc-op id="1488" type="scavenge" timems="6.222" contextid="1485" timestamp="2024-07-17T19:33:07.268">
  <scavenger-info tenureage="3" tenuremask="7e08" tiltratio="71" />
  <memory-copied type="nursery" objects="110860" bytes="5716160" bytesdiscarded="96016" />
  <memory-copied type="tenure" objects="30698" bytes="1008176" bytesdiscarded="128" />
  <finalization candidates="60" enqueued="56" />
  <ownableSynchronizers candidates="2276" cleared="2" />
  <references type="soft" candidates="1921" cleared="0" enqueued="0" dynamicThreshold="9" maxThreshold="32" />
  <references type="weak" candidates="8395" cleared="101" enqueued="101" />
  <references type="phantom" candidates="281" cleared="24" enqueued="24" />
  <object-monitors candidates="46" cleared="0"  />
</gc-op>
<gc-end id="1489" type="scavenge" contextid="1485" durationms="7.502" usertimems="36.014" systemtimems="0.000" stalltimems="25.521" timestamp="2024-07-17T19:33:07.269" activeThreads="10">
  <mem-info id="1490" free="21521776" total="65011712" percent="33">
    <mem type="nursery" free="15140824" total="29229056" percent="51">
      <mem type="allocate" free="15140824" total="20971520" percent="72" />
      <mem type="survivor" free="0" total="8257536" percent="0" />
    </mem>
    <mem type="tenure" free="6380952" total="35782656" percent="17">
      <mem type="soa" free="4591000" total="33992704" percent="13" />
      <mem type="loa" free="1789952" total="1789952" percent="100" />
    </mem>
    <pending-finalizers system="56" default="0" reference="125" classloader="0" />
    <remembered-set count="7253" />
  </mem-info>
</gc-end>
<cycle-end id="1491" type="scavenge" contextid="1485" timestamp="2024-07-17T19:33:07.269" />
<allocation-satisfied id="1492" threadId="00000000005B6B00" bytesRequested="41824" />
<af-end id="1493" timestamp="2024-07-17T19:33:07.270" threadId="00000000005B7538" success="true" from="nursery"/>
<exclusive-end id="1494" timestamp="2024-07-17T19:33:07.270" durationms="10.033" />

<exclusive-start id="1495" timestamp="2024-07-17T19:33:07.521" intervalms="261.062">
  <response-info timems="0.041" idlems="0.041" threads="0" lastid="00000000005B6B00" lastname="Start Level: Equinox Container: 0639572c-41be-47c9-8eaf-b11c839" />
</exclusive-start>
<af-start id="1496" threadId="00000000005B7538" totalBytesRequested="27840" timestamp="2024-07-17T19:33:07.522" intervalms="261.096" type="nursery" />
<cycle-start id="1497" type="scavenge" contextid="0" timestamp="2024-07-17T19:33:07.522" intervalms="261.062" />
<gc-start id="1498" type="scavenge" contextid="1497" timestamp="2024-07-17T19:33:07.523">
  <mem-info id="1499" free="6318016" total="65011712" percent="9">
    <mem type="nursery" free="0" total="29229056" percent="0">
      <mem type="allocate" free="0" total="20971520" percent="0" />
      <mem type="survivor" free="0" total="8257536" percent="0" />
    </mem>
    <mem type="tenure" free="6318016" total="35782656" percent="17">
      <mem type="soa" free="4528064" total="33992704" percent="13" />
      <mem type="loa" free="1789952" total="1789952" percent="100" />
    </mem>
    <remembered-set count="8579" />
  </mem-info>
</gc-start>
<allocation-stats totalBytes="15073624" discardedBytes="130136" >
  <allocated-bytes non-tlh="683768" tlh="14389856" />
  <largest-consumer threadName="Start Level: Equinox Container: 0639572c-41be-47c9-8eaf-b11c839b4017" threadId="00000000005B6B00" bytes="14852648" />
</allocation-stats>
<gc-op id="1500" type="scavenge" timems="5.584" contextid="1497" timestamp="2024-07-17T19:33:07.529">
  <scavenger-info tenureage="9" tenuremask="7e00" tiltratio="71" />
  <memory-copied type="nursery" objects="120021" bytes="6292896" bytesdiscarded="322184" />
  <finalization candidates="11" enqueued="7" />
  <ownableSynchronizers candidates="2030" cleared="89" />
  <references type="soft" candidates="2082" cleared="0" enqueued="0" dynamicThreshold="9" maxThreshold="32" />
  <references type="weak" candidates="8532" cleared="114" enqueued="114" />
  <references type="phantom" candidates="289" cleared="5" enqueued="5" />
  <object-monitors candidates="47" cleared="0"  />
</gc-op>
<gc-end id="1501" type="scavenge" contextid="1497" durationms="6.578" usertimems="25.063" systemtimems="3.320" stalltimems="25.929" timestamp="2024-07-17T19:33:07.529" activeThreads="10">
  <mem-info id="1502" free="20654072" total="65011712" percent="31">
    <mem type="nursery" free="14336056" total="29229056" percent="49">
      <mem type="allocate" free="14336056" total="20971520" percent="68" />
      <mem type="survivor" free="0" total="8257536" percent="0" />
    </mem>
    <mem type="tenure" free="6318016" total="35782656" percent="17">
      <mem type="soa" free="4528064" total="33992704" percent="13" />
      <mem type="loa" free="1789952" total="1789952" percent="100" />
    </mem>
    <pending-finalizers system="7" default="0" reference="119" classloader="0" />
    <remembered-set count="7662" />
  </mem-info>
</gc-end>
<cycle-end id="1503" type="scavenge" contextid="1497" timestamp="2024-07-17T19:33:07.530" />
<allocation-satisfied id="1504" threadId="00000000005B6B00" bytesRequested="27840" />
<af-end id="1505" timestamp="2024-07-17T19:33:07.530" threadId="00000000005B7538" success="true" from="nursery"/>
<exclusive-end id="1506" timestamp="2024-07-17T19:33:07.530" durationms="8.877" />

<exclusive-start id="1507" timestamp="2024-07-17T19:33:07.669" intervalms="147.590">
  <response-info timems="0.049" idlems="0.049" threads="0" lastid="00000000005DA000" lastname="Equinox start level thread - Equinox Container: 0639572c-41be-4" />
</exclusive-start>
<af-start id="1508" threadId="00000000005DAA38" totalBytesRequested="200" timestamp="2024-07-17T19:33:07.669" intervalms="147.681" type="nursery" />
<cycle-start id="1509" type="scavenge" contextid="0" timestamp="2024-07-17T19:33:07.670" intervalms="147.732" />
<gc-start id="1510" type="scavenge" contextid="1509" timestamp="2024-07-17T19:33:07.670">
  <mem-info id="1511" free="6242488" total="65011712" percent="9">
    <mem type="nursery" free="0" total="29229056" percent="0">
      <mem type="allocate" free="0" total="20971520" percent="0" />
      <mem type="survivor" free="0" total="8257536" percent="0" />
    </mem>
    <mem type="tenure" free="6242488" total="35782656" percent="17">
      <mem type="soa" free="4452536" total="33992704" percent="13" />
      <mem type="loa" free="1789952" total="1789952" percent="100" />
    </mem>
    <remembered-set count="9096" />
  </mem-info>
</gc-start>
<allocation-stats totalBytes="14392088" discardedBytes="19496" >
  <allocated-bytes non-tlh="268504" tlh="14123584" />
  <largest-consumer threadName="Start Level: Equinox Container: 0639572c-41be-47c9-8eaf-b11c839b4017" threadId="00000000005B6B00" bytes="12750856" />
</allocation-stats>
<gc-op id="1512" type="scavenge" timems="5.027" contextid="1509" timestamp="2024-07-17T19:33:07.676">
  <scavenger-info tenureage="4" tenuremask="7f10" tiltratio="71" />
  <memory-copied type="nursery" objects="46544" bytes="3862632" bytesdiscarded="540200" />
  <memory-copied type="tenure" objects="89210" bytes="3089576" bytesdiscarded="952" />
  <finalization candidates="6" enqueued="2" />
  <ownableSynchronizers candidates="2531" cleared="245" />
  <references type="soft" candidates="823" cleared="0" enqueued="0" dynamicThreshold="9" maxThreshold="32" />
  <references type="weak" candidates="626" cleared="120" enqueued="120" />
  <references type="phantom" candidates="304" cleared="6" enqueued="6" />
  <object-monitors candidates="47" cleared="0"  />
</gc-op>
<gc-end id="1513" type="scavenge" contextid="1509" durationms="6.259" usertimems="29.315" systemtimems="0.000" stalltimems="14.294" timestamp="2024-07-17T19:33:07.677" activeThreads="9">
  <mem-info id="1514" free="20346384" total="65011712" percent="31">
    <mem type="nursery" free="16755384" total="29229056" percent="57">
      <mem type="allocate" free="16755384" total="21168128" percent="79" />
      <mem type="survivor" free="0" total="8060928" percent="0" />
    </mem>
    <mem type="tenure" free="3591000" total="35782656" percent="10">
      <mem type="soa" free="1801048" total="33992704" percent="5" />
      <mem type="loa" free="1789952" total="1789952" percent="100" />
    </mem>
    <pending-finalizers system="2" default="0" reference="126" classloader="0" />
    <remembered-set count="3919" />
  </mem-info>
</gc-end>
<cycle-end id="1515" type="scavenge" contextid="1509" timestamp="2024-07-17T19:33:07.677" />
<allocation-satisfied id="1516" threadId="00000000005DA000" bytesRequested="200" />
<af-end id="1517" timestamp="2024-07-17T19:33:07.678" threadId="00000000005DAA38" success="true" from="nursery"/>
<exclusive-end id="1518" timestamp="2024-07-17T19:33:07.678" durationms="8.913" />

<concurrent-kickoff id="1519" timestamp="2024-07-17T19:33:07.816">
  <kickoff reason="threshold reached" targetBytes="15582498" thresholdFreeBytes="2140908"  remainingFree="2128568" tenureFreeBytes="3427744" nurseryFreeBytes="2128568" />
</concurrent-kickoff>
<exclusive-start id="1520" timestamp="2024-07-17T19:33:07.816" intervalms="147.262">
  <response-info timems="0.061" idlems="0.061" threads="0" lastid="0000000000949000" lastname="Default Executor-thread-14" />
</exclusive-start>
<cycle-start id="1521" type="global" contextid="0" timestamp="2024-07-17T19:33:07.817" intervalms="1205.049" />
<concurrent-start id="1522" type="global mark" contextid="1521" timestamp="2024-07-17T19:33:07.817">
</concurrent-start>
<exclusive-end id="1523" timestamp="2024-07-17T19:33:07.817" durationms="1.114" />

<concurrent-end id="1524" type="global mark" contextid="1521" timestamp="2024-07-17T19:33:07.849">
<gc-op id="1525" type="trace" timems="31.834" contextid="1521" timestamp="2024-07-17T19:33:07.849">
  <trace bytesTraced="20849724" workStackOverflowCount="0" />
  <card-cleaning reason="card cleaning threshold reached" bytesTraced="78352" cardsCleaned="185" />
</gc-op>
</concurrent-end>

<exclusive-start id="1526" timestamp="2024-07-17T19:33:07.850" intervalms="33.417">
  <response-info timems="0.768" idlems="0.419" threads="1" lastid="0000000000945300" lastname="Default Executor-thread-13" />
</exclusive-start>
<af-start id="1527" threadId="0000000000946938" totalBytesRequested="1888" timestamp="2024-07-17T19:33:07.850" intervalms="180.589" type="nursery" />
<percolate-collect id="1528" from="nursery" to="global" reason="concurrent mark exhausted" timestamp="2024-07-17T19:33:07.850"/>
<gc-start id="1529" type="global" contextid="1521" timestamp="2024-07-17T19:33:07.851">
  <mem-info id="1530" free="3417368" total="65011712" percent="5">
    <mem type="nursery" free="0" total="29229056" percent="0">
      <mem type="allocate" free="0" total="21168128" percent="0" />
      <mem type="survivor" free="0" total="8060928" percent="0" />
    </mem>
    <mem type="tenure" free="3417368" total="35782656" percent="9">
      <mem type="soa" free="1627416" total="33992704" percent="4" />
      <mem type="loa" free="1789952" total="1789952" percent="100" />
    </mem>
    <remembered-set count="6990" />
  </mem-info>
</gc-start>
<allocation-stats totalBytes="16839560" discardedBytes="89456" >
  <allocated-bytes non-tlh="1800448" tlh="15039112" />
  <largest-consumer threadName="Equinox start level thread - Equinox Container: 0639572c-41be-47c9-8eaf-b11c839b4017" threadId="00000000005C6800" bytes="10982864" />
</allocation-stats>
<gc-op id="1531" type="rs-scan" timems="1.821" contextid="1521" timestamp="2024-07-17T19:33:07.853">
  <scan objectsFound="58787" bytesTraced="2157748" workStackOverflowCount="0" />
</gc-op>
<gc-op id="1532" type="card-cleaning" timems="0.879" contextid="1521" timestamp="2024-07-17T19:33:07.855">
  <card-cleaning cardsCleaned="9" bytesTraced="6836" workStackOverflowCount="0" />
</gc-op>
<gc-op id="1533" type="mark" timems="8.839" contextid="1521" timestamp="2024-07-17T19:33:07.864">
  <trace-info objectcount="3874" scancount="3723" scanbytes="109848" />
  <finalization candidates="713" enqueued="9" />
  <ownableSynchronizers candidates="7164" cleared="101" />
  <references type="soft" candidates="10062" cleared="338" enqueued="329" dynamicThreshold="9" maxThreshold="32" />
  <references type="weak" candidates="11867" cleared="148" enqueued="148" />
  <references type="phantom" candidates="385" cleared="1" enqueued="1" />
  <stringconstants candidates="29167" cleared="52"  />
  <object-monitors candidates="64" cleared="8"  />
</gc-op>
<gc-op id="1534" type="classunload" timems="0.873" contextid="1521" timestamp="2024-07-17T19:33:07.865">
  <classunload-info classloadercandidates="345" classloadersunloaded="0" classesunloaded="4" anonymousclassesunloaded="4" quiescems="0.000" setupms="0.854" scanms="0.018" postms="0.000" />
</gc-op>
<gc-op id="1535" type="sweep" timems="1.313" contextid="1521" timestamp="2024-07-17T19:33:07.866" />
<heap-resize id="1536" type="expand" space="tenure" amount="8585216" count="1" timems="0.340" reason="insufficient free space following gc" timestamp="2024-07-17T19:33:07.867" />
<gc-end id="1537" type="global" contextid="1521" durationms="16.207" usertimems="10.048" systemtimems="31.720" stalltimems="90.986" timestamp="2024-07-17T19:33:07.867" activeThreads="12">
  <mem-info id="1538" free="30511064" total="73596928" percent="41">
    <mem type="nursery" free="17195848" total="29229056" percent="58">
      <mem type="allocate" free="17195848" total="21168128" percent="81" />
      <mem type="survivor" free="0" total="8060928" percent="0" />
    </mem>
    <mem type="tenure" free="13315216" total="44367872" percent="30" micro-fragmented="1116515" macro-fragmented="0">
      <mem type="soa" free="11096208" total="42148864" percent="26" />
      <mem type="loa" free="2219008" total="2219008" percent="100" />
    </mem>
    <pending-finalizers system="9" default="0" reference="478" classloader="0" />
    <remembered-set count="6267" />
  </mem-info>
</gc-end>
<cycle-end id="1539" type="global" contextid="1521" timestamp="2024-07-17T19:33:07.867" />
<allocation-satisfied id="1540" threadId="0000000000945F00" bytesRequested="1888" />
<af-end id="1541" timestamp="2024-07-17T19:33:07.868" threadId="0000000000946938" success="true" from="nursery"/>
<exclusive-end id="1542" timestamp="2024-07-17T19:33:07.868" durationms="18.111" />

<exclusive-start id="1543" timestamp="2024-07-17T19:33:07.947" intervalms="97.258">
  <response-info timems="0.134" idlems="0.104" threads="1" lastid="000000000093D600" lastname="Default Executor-thread-12" />
</exclusive-start>
<af-start id="1544" threadId="0000000000959538" totalBytesRequested="235856" timestamp="2024-07-17T19:33:07.947" intervalms="97.291" type="nursery" />
<cycle-start id="1545" type="scavenge" contextid="0" timestamp="2024-07-17T19:33:07.948" intervalms="277.857" />
<gc-start id="1546" type="scavenge" contextid="1545" timestamp="2024-07-17T19:33:07.948">
  <mem-info id="1547" free="15823128" total="73596928" percent="21">
    <mem type="nursery" free="2656736" total="29229056" percent="9">
      <mem type="allocate" free="2656736" total="21168128" percent="12" />
      <mem type="survivor" free="0" total="8060928" percent="0" />
    </mem>
    <mem type="tenure" free="13166392" total="44367872" percent="29">
      <mem type="soa" free="10947384" total="42148864" percent="25" />
      <mem type="loa" free="2219008" total="2219008" percent="100" />
    </mem>
    <remembered-set count="8667" />
  </mem-info>
</gc-start>
<allocation-stats totalBytes="14208312" discardedBytes="446480" >
  <allocated-bytes non-tlh="3179512" tlh="11028800" />
  <largest-consumer threadName="Default Executor-thread-16" threadId="0000000000958B00" bytes="5131864" />
</allocation-stats>
<gc-op id="1548" type="scavenge" timems="3.605" contextid="1545" timestamp="2024-07-17T19:33:07.952">
  <scavenger-info tenureage="8" tenuremask="7f00" tiltratio="72" />
  <memory-copied type="nursery" objects="63998" bytes="3865024" bytesdiscarded="370200" />
  <finalization candidates="10" enqueued="8" />
  <ownableSynchronizers candidates="13005" cleared="11688" />
  <references type="soft" candidates="1536" cleared="0" enqueued="0" dynamicThreshold="9" maxThreshold="32" />
  <references type="weak" candidates="1228" cleared="195" enqueued="195" />
  <references type="phantom" candidates="358" cleared="8" enqueued="8" />
  <object-monitors candidates="146" cleared="54"  />
</gc-op>
<gc-end id="1549" type="scavenge" contextid="1545" durationms="4.670" usertimems="0.000" systemtimems="15.491" stalltimems="15.990" timestamp="2024-07-17T19:33:07.953" activeThreads="9">
  <mem-info id="1550" free="30807328" total="73596928" percent="41">
    <mem type="nursery" free="17640936" total="29229056" percent="60">
      <mem type="allocate" free="17640936" total="21889024" percent="80" />
      <mem type="survivor" free="0" total="7340032" percent="0" />
    </mem>
    <mem type="tenure" free="13166392" total="44367872" percent="29">
      <mem type="soa" free="10947384" total="42148864" percent="25" />
      <mem type="loa" free="2219008" total="2219008" percent="100" />
    </mem>
    <pending-finalizers system="8" default="0" reference="203" classloader="0" />
    <remembered-set count="7374" />
  </mem-info>
</gc-end>
<cycle-end id="1551" type="scavenge" contextid="1545" timestamp="2024-07-17T19:33:07.953" />
<allocation-satisfied id="1552" threadId="0000000000958B00" bytesRequested="235856" />
<af-end id="1553" timestamp="2024-07-17T19:33:07.954" threadId="0000000000959538" success="true" from="nursery"/>
<exclusive-end id="1554" timestamp="2024-07-17T19:33:07.954" durationms="7.170" />

<exclusive-start id="1555" timestamp="2024-07-17T19:33:08.033" intervalms="85.972">
  <response-info timems="0.093" idlems="0.070" threads="1" lastid="000000000085F100" lastname="Default Executor-thread-11" />
</exclusive-start>
<af-start id="1556" threadId="0000000000959538" totalBytesRequested="24" timestamp="2024-07-17T19:33:08.033" intervalms="85.976" type="nursery" />
<cycle-start id="1557" type="scavenge" contextid="0" timestamp="2024-07-17T19:33:08.034" intervalms="85.962" />
<gc-start id="1558" type="scavenge" contextid="1557" timestamp="2024-07-17T19:33:08.034">
  <mem-info id="1559" free="12996832" total="73596928" percent="17">
    <mem type="nursery" free="0" total="29229056" percent="0">
      <mem type="allocate" free="0" total="21889024" percent="0" />
      <mem type="survivor" free="0" total="7340032" percent="0" />
    </mem>
    <mem type="tenure" free="12996832" total="44367872" percent="29">
      <mem type="soa" free="10777824" total="42148864" percent="25" />
      <mem type="loa" free="2219008" total="2219008" percent="100" />
    </mem>
    <remembered-set count="9675" />
  </mem-info>
</gc-start>
<allocation-stats totalBytes="16740656" discardedBytes="1066920" >
  <allocated-bytes non-tlh="803392" tlh="15937264" />
  <largest-consumer threadName="Default Executor-thread-16" threadId="0000000000958B00" bytes="6798176" />
</allocation-stats>
<gc-op id="1560" type="scavenge" timems="3.633" contextid="1557" timestamp="2024-07-17T19:33:08.038">
  <scavenger-info tenureage="8" tenuremask="7f00" tiltratio="74" />
  <memory-copied type="nursery" objects="79118" bytes="5021184" bytesdiscarded="213080" />
  <finalization candidates="2" enqueued="0" />
  <ownableSynchronizers candidates="1349" cleared="1" />
  <references type="soft" candidates="1600" cleared="0" enqueued="0" dynamicThreshold="9" maxThreshold="32" />
  <references type="weak" candidates="1750" cleared="569" enqueued="569" />
  <references type="phantom" candidates="370" cleared="0" enqueued="0" />
  <object-monitors candidates="167" cleared="29"  />
</gc-op>
<gc-end id="1561" type="scavenge" contextid="1557" durationms="4.699" usertimems="14.948" systemtimems="2.059" stalltimems="11.334" timestamp="2024-07-17T19:33:08.039" activeThreads="8">
  <mem-info id="1562" free="29639800" total="73596928" percent="40">
    <mem type="nursery" free="16642968" total="29229056" percent="56">
      <mem type="allocate" free="16642968" total="21889024" percent="76" />
      <mem type="survivor" free="0" total="7340032" percent="0" />
    </mem>
    <mem type="tenure" free="12996832" total="44367872" percent="29">
      <mem type="soa" free="10777824" total="42148864" percent="25" />
      <mem type="loa" free="2219008" total="2219008" percent="100" />
    </mem>
    <pending-finalizers system="0" default="0" reference="569" classloader="0" />
    <remembered-set count="8871" />
  </mem-info>
</gc-end>
<cycle-end id="1563" type="scavenge" contextid="1557" timestamp="2024-07-17T19:33:08.039" />
<allocation-satisfied id="1564" threadId="0000000000958B00" bytesRequested="24" />
<af-end id="1565" timestamp="2024-07-17T19:33:08.040" threadId="0000000000959538" success="true" from="nursery"/>
<exclusive-end id="1566" timestamp="2024-07-17T19:33:08.040" durationms="7.237" />

<exclusive-start id="1567" timestamp="2024-07-17T19:33:08.091" intervalms="57.857">
  <response-info timems="0.178" idlems="0.105" threads="2" lastid="0000000000958B00" lastname="Default Executor-thread-16" />
</exclusive-start>
<af-start id="1568" threadId="0000000000946938" totalBytesRequested="8072" timestamp="2024-07-17T19:33:08.091" intervalms="57.871" type="nursery" />
<cycle-start id="1569" type="scavenge" contextid="0" timestamp="2024-07-17T19:33:08.092" intervalms="57.885" />
<gc-start id="1570" type="scavenge" contextid="1569" timestamp="2024-07-17T19:33:08.092">
  <mem-info id="1571" free="12883992" total="73596928" percent="17">
    <mem type="nursery" free="0" total="29229056" percent="0">
      <mem type="allocate" free="0" total="21889024" percent="0" />
      <mem type="survivor" free="0" total="7340032" percent="0" />
    </mem>
    <mem type="tenure" free="12883992" total="44367872" percent="29">
      <mem type="soa" free="10664984" total="42148864" percent="25" />
      <mem type="loa" free="2219008" total="2219008" percent="100" />
    </mem>
    <remembered-set count="10708" />
  </mem-info>
</gc-start>
<allocation-stats totalBytes="16711120" discardedBytes="41656" >
  <allocated-bytes non-tlh="1289624" tlh="15421496" />
  <largest-consumer threadName="Default Executor-thread-16" threadId="0000000000958B00" bytes="3402208" />
</allocation-stats>
<gc-op id="1572" type="scavenge" timems="4.207" contextid="1569" timestamp="2024-07-17T19:33:08.097">
  <scavenger-info tenureage="6" tenuremask="7f40" tiltratio="74" />
  <memory-copied type="nursery" objects="65075" bytes="4499560" bytesdiscarded="184648" />
  <memory-copied type="tenure" objects="11718" bytes="374480" bytesdiscarded="496" />
  <finalization candidates="31" enqueued="29" />
  <ownableSynchronizers candidates="1351" cleared="3" />
  <references type="soft" candidates="1464" cleared="0" enqueued="0" dynamicThreshold="9" maxThreshold="32" />
  <references type="weak" candidates="1446" cleared="305" enqueued="305" />
  <references type="phantom" candidates="387" cleared="14" enqueued="14" />
  <object-monitors candidates="191" cleared="41"  />
</gc-op>
<heap-resize id="1573" type="expand" space="nursery" amount="1703936" count="1" timems="0.026" reason="excessive time being spent scavenging" timestamp="2024-07-17T19:33:08.097" />
<gc-end id="1574" type="scavenge" contextid="1569" durationms="5.558" usertimems="0.000" systemtimems="19.691" stalltimems="8.858" timestamp="2024-07-17T19:33:08.098" activeThreads="7">
  <mem-info id="1575" free="30898920" total="75300864" percent="41">
    <mem type="nursery" free="18833992" total="30932992" percent="60">
      <mem type="allocate" free="18833992" total="23527424" percent="80" />
      <mem type="survivor" free="0" total="7405568" percent="0" />
    </mem>
    <mem type="tenure" free="12064928" total="44367872" percent="27">
      <mem type="soa" free="9845920" total="42148864" percent="23" />
      <mem type="loa" free="2219008" total="2219008" percent="100" />
    </mem>
    <pending-finalizers system="29" default="0" reference="319" classloader="0" />
    <remembered-set count="7159" />
  </mem-info>
</gc-end>
<cycle-end id="1576" type="scavenge" contextid="1569" timestamp="2024-07-17T19:33:08.098" />
<allocation-satisfied id="1577" threadId="0000000000945F00" bytesRequested="8072" />
<af-end id="1578" timestamp="2024-07-17T19:33:08.099" threadId="0000000000946938" success="true" from="nursery"/>
<exclusive-end id="1579" timestamp="2024-07-17T19:33:08.099" durationms="8.175" />

<exclusive-start id="1580" timestamp="2024-07-17T19:33:08.162" intervalms="71.608">
  <response-info timems="0.414" idlems="0.296" threads="4" lastid="0000000000945F00" lastname="Default Executor-thread-17" />
</exclusive-start>
<af-start id="1581" threadId="000000000093E038" totalBytesRequested="36024" timestamp="2024-07-17T19:33:08.163" intervalms="71.572" type="nursery" />
<cycle-start id="1582" type="scavenge" contextid="0" timestamp="2024-07-17T19:33:08.163" intervalms="71.556" />
<gc-start id="1583" type="scavenge" contextid="1582" timestamp="2024-07-17T19:33:08.164">
  <mem-info id="1584" free="11982408" total="75300864" percent="15">
    <mem type="nursery" free="0" total="30932992" percent="0">
      <mem type="allocate" free="0" total="23527424" percent="0" />
      <mem type="survivor" free="0" total="7405568" percent="0" />
    </mem>
    <mem type="tenure" free="11982408" total="44367872" percent="27">
      <mem type="soa" free="9763400" total="42148864" percent="23" />
      <mem type="loa" free="2219008" total="2219008" percent="100" />
    </mem>
    <remembered-set count="8524" />
  </mem-info>
</gc-start>
<allocation-stats totalBytes="18636688" discardedBytes="276968" >
  <allocated-bytes non-tlh="1070896" tlh="17565792" />
  <largest-consumer threadName="Default Executor-thread-12" threadId="000000000093D600" bytes="4396672" />
</allocation-stats>
<gc-op id="1585" type="scavenge" timems="4.487" contextid="1582" timestamp="2024-07-17T19:33:08.169">
  <scavenger-info tenureage="3" tenuremask="7f38" tiltratio="76" />
  <memory-copied type="nursery" objects="32951" bytes="2624128" bytesdiscarded="239288" />
  <memory-copied type="tenure" objects="44052" bytes="2939328" bytesdiscarded="3584" />
  <finalization candidates="5" enqueued="3" />
  <ownableSynchronizers candidates="1231" cleared="46" />
  <references type="soft" candidates="612" cleared="0" enqueued="0" dynamicThreshold="9" maxThreshold="32" />
  <references type="weak" candidates="695" cleared="139" enqueued="139" />
  <references type="phantom" candidates="108" cleared="1" enqueued="1" />
  <object-monitors candidates="180" cleared="19"  />
</gc-op>
<gc-end id="1586" type="scavenge" contextid="1582" durationms="5.780" usertimems="17.739" systemtimems="2.478" stalltimems="10.506" timestamp="2024-07-17T19:33:08.170" activeThreads="7">
  <mem-info id="1587" free="30556560" total="75300864" percent="40">
    <mem type="nursery" free="21379440" total="30932992" percent="69">
      <mem type="allocate" free="21379440" total="24248320" percent="88" />
      <mem type="survivor" free="0" total="6684672" percent="0" />
    </mem>
    <mem type="tenure" free="9177120" total="44367872" percent="20">
      <mem type="soa" free="6958112" total="42148864" percent="16" />
      <mem type="loa" free="2219008" total="2219008" percent="100" />
    </mem>
    <pending-finalizers system="3" default="0" reference="140" classloader="0" />
    <remembered-set count="4916" />
  </mem-info>
</gc-end>
<cycle-end id="1588" type="scavenge" contextid="1582" timestamp="2024-07-17T19:33:08.170" />
<allocation-satisfied id="1589" threadId="000000000093D600" bytesRequested="36024" />
<af-end id="1590" timestamp="2024-07-17T19:33:08.171" threadId="000000000093E038" success="true" from="nursery"/>
<exclusive-end id="1591" timestamp="2024-07-17T19:33:08.171" durationms="8.396" />

<exclusive-start id="1592" timestamp="2024-07-17T19:33:08.279" intervalms="116.880">
  <response-info timems="0.162" idlems="0.103" threads="2" lastid="0000000000958B00" lastname="Default Executor-thread-16" />
</exclusive-start>
<af-start id="1593" threadId="0000000000845338" totalBytesRequested="11024" timestamp="2024-07-17T19:33:08.280" intervalms="116.881" type="nursery" />
<cycle-start id="1594" type="scavenge" contextid="0" timestamp="2024-07-17T19:33:08.280" intervalms="116.847" />
<gc-start id="1595" type="scavenge" contextid="1594" timestamp="2024-07-17T19:33:08.280">
  <mem-info id="1596" free="8947488" total="75300864" percent="11">
    <mem type="nursery" free="0" total="30932992" percent="0">
      <mem type="allocate" free="0" total="24248320" percent="0" />
      <mem type="survivor" free="0" total="6684672" percent="0" />
    </mem>
    <mem type="tenure" free="8947488" total="44367872" percent="20">
      <mem type="soa" free="6728480" total="42148864" percent="15" />
      <mem type="loa" free="2219008" total="2219008" percent="100" />
    </mem>
    <remembered-set count="8037" />
  </mem-info>
</gc-start>
<allocation-stats totalBytes="21239368" discardedBytes="369704" >
  <allocated-bytes non-tlh="2227712" tlh="19011656" />
  <largest-consumer threadName="Default Executor-thread-5" threadId="0000000000844900" bytes="7198552" />
</allocation-stats>
<gc-op id="1597" type="scavenge" timems="3.241" contextid="1594" timestamp="2024-07-17T19:33:08.284">
  <scavenger-info tenureage="8" tenuremask="7f00" tiltratio="78" />
  <memory-copied type="nursery" objects="48805" bytes="3417440" bytesdiscarded="145248" />
  <finalization candidates="42" enqueued="41" />
  <ownableSynchronizers candidates="132" cleared="2" />
  <references type="soft" candidates="1008" cleared="0" enqueued="0" dynamicThreshold="9" maxThreshold="32" />
  <references type="weak" candidates="1173" cleared="426" enqueued="426" />
  <references type="phantom" candidates="159" cleared="18" enqueued="18" />
  <object-monitors candidates="186" cleared="13"  />
</gc-op>
<gc-end id="1598" type="scavenge" contextid="1594" durationms="4.157" usertimems="3.454" systemtimems="8.986" stalltimems="9.859" timestamp="2024-07-17T19:33:08.285" activeThreads="7">
  <mem-info id="1599" free="30021328" total="75300864" percent="39">
    <mem type="nursery" free="21073840" total="30932992" percent="68">
      <mem type="allocate" free="21073840" total="24641536" percent="85" />
      <mem type="survivor" free="0" total="6291456" percent="0" />
    </mem>
    <mem type="tenure" free="8947488" total="44367872" percent="20">
      <mem type="soa" free="6728480" total="42148864" percent="15" />
      <mem type="loa" free="2219008" total="2219008" percent="100" />
    </mem>
    <pending-finalizers system="41" default="0" reference="444" classloader="0" />
    <remembered-set count="6175" />
  </mem-info>
</gc-end>
<cycle-end id="1600" type="scavenge" contextid="1594" timestamp="2024-07-17T19:33:08.285" />
<allocation-satisfied id="1601" threadId="0000000000844900" bytesRequested="11024" />
<af-end id="1602" timestamp="2024-07-17T19:33:08.285" threadId="0000000000845338" success="true" from="nursery"/>
<exclusive-end id="1603" timestamp="2024-07-17T19:33:08.286" durationms="6.258" />

<exclusive-start id="1604" timestamp="2024-07-17T19:33:08.360" intervalms="80.255">
  <response-info timems="0.063" idlems="0.037" threads="1" lastid="0000000000844900" lastname="Default Executor-thread-5" />
</exclusive-start>
<af-start id="1605" threadId="0000000000DA6D38" totalBytesRequested="25608" timestamp="2024-07-17T19:33:08.360" intervalms="80.140" type="nursery" />
<cycle-start id="1606" type="scavenge" contextid="0" timestamp="2024-07-17T19:33:08.360" intervalms="80.120" />
<gc-start id="1607" type="scavenge" contextid="1606" timestamp="2024-07-17T19:33:08.361">
  <mem-info id="1608" free="8875696" total="75300864" percent="11">
    <mem type="nursery" free="0" total="30932992" percent="0">
      <mem type="allocate" free="0" total="24641536" percent="0" />
      <mem type="survivor" free="0" total="6291456" percent="0" />
    </mem>
    <mem type="tenure" free="8875696" total="44367872" percent="20">
      <mem type="soa" free="6656688" total="42148864" percent="15" />
      <mem type="loa" free="2219008" total="2219008" percent="100" />
    </mem>
    <remembered-set count="7412" />
  </mem-info>
</gc-start>
<allocation-stats totalBytes="20454680" discardedBytes="690952" >
  <allocated-bytes non-tlh="246064" tlh="20208616" />
  <largest-consumer threadName="Default Executor-thread-5" threadId="0000000000844900" bytes="14750408" />
</allocation-stats>
<gc-op id="1609" type="scavenge" timems="3.006" contextid="1606" timestamp="2024-07-17T19:33:08.364">
  <scavenger-info tenureage="8" tenuremask="7f00" tiltratio="79" />
  <memory-copied type="nursery" objects="46290" bytes="3356568" bytesdiscarded="106472" />
  <memory-copied type="tenure" objects="6726" bytes="320528" bytesdiscarded="104" />
  <finalization candidates="31" enqueued="29" />
  <ownableSynchronizers candidates="151" cleared="0" />
  <references type="soft" candidates="1192" cleared="0" enqueued="0" dynamicThreshold="9" maxThreshold="32" />
  <references type="weak" candidates="953" cleared="224" enqueued="215" />
  <references type="phantom" candidates="168" cleared="23" enqueued="23" />
  <object-monitors candidates="188" cleared="9"  />
</gc-op>
<gc-end id="1610" type="scavenge" contextid="1606" durationms="3.865" usertimems="0.833" systemtimems="10.077" stalltimems="7.040" timestamp="2024-07-17T19:33:08.364" activeThreads="6">
  <mem-info id="1611" free="29776976" total="75300864" percent="39">
    <mem type="nursery" free="21634464" total="30932992" percent="69">
      <mem type="allocate" free="21634464" total="25100288" percent="86" />
      <mem type="survivor" free="0" total="5832704" percent="0" />
    </mem>
    <mem type="tenure" free="8142512" total="44367872" percent="18">
      <mem type="soa" free="5923504" total="42148864" percent="14" />
      <mem type="loa" free="2219008" total="2219008" percent="100" />
    </mem>
    <pending-finalizers system="29" default="0" reference="238" classloader="0" />
    <remembered-set count="5359" />
  </mem-info>
</gc-end>
<cycle-end id="1612" type="scavenge" contextid="1606" timestamp="2024-07-17T19:33:08.365" />
<allocation-satisfied id="1613" threadId="0000000000DA6300" bytesRequested="25608" />
<af-end id="1614" timestamp="2024-07-17T19:33:08.365" threadId="0000000000DA6D38" success="true" from="nursery"/>
<exclusive-end id="1615" timestamp="2024-07-17T19:33:08.365" durationms="5.812" />

<exclusive-start id="1616" timestamp="2024-07-17T19:33:08.684" intervalms="324.410">
  <response-info timems="0.091" idlems="0.091" threads="0" lastid="0000000000830F00" lastname="Default Executor-thread-3" />
</exclusive-start>
<af-start id="1617" threadId="0000000000831938" totalBytesRequested="48" timestamp="2024-07-17T19:33:08.684" intervalms="324.538" type="nursery" />
<cycle-start id="1618" type="scavenge" contextid="0" timestamp="2024-07-17T19:33:08.685" intervalms="324.645" />
<gc-start id="1619" type="scavenge" contextid="1618" timestamp="2024-07-17T19:33:08.685">
  <mem-info id="1620" free="7928760" total="75300864" percent="10">
    <mem type="nursery" free="0" total="30932992" percent="0">
      <mem type="allocate" free="0" total="25100288" percent="0" />
      <mem type="survivor" free="0" total="5832704" percent="0" />
    </mem>
    <mem type="tenure" free="7928760" total="44367872" percent="17">
      <mem type="soa" free="5709752" total="42148864" percent="13" />
      <mem type="loa" free="2219008" total="2219008" percent="100" />
    </mem>
    <remembered-set count="9313" />
  </mem-info>
</gc-start>
<allocation-stats totalBytes="21508128" discardedBytes="340088" >
  <allocated-bytes non-tlh="897256" tlh="20610872" />
  <largest-consumer threadName="Default Executor-thread-16" threadId="0000000000958B00" bytes="7611704" />
</allocation-stats>
<gc-op id="1621" type="scavenge" timems="3.851" contextid="1618" timestamp="2024-07-17T19:33:08.690">
  <scavenger-info tenureage="3" tenuremask="7f28" tiltratio="81" />
  <memory-copied type="nursery" objects="41642" bytes="2759800" bytesdiscarded="252480" />
  <memory-copied type="tenure" objects="18242" bytes="1439744" bytesdiscarded="200" />
  <finalization candidates="128" enqueued="127" />
  <ownableSynchronizers candidates="296" cleared="21" />
  <references type="soft" candidates="989" cleared="0" enqueued="0" dynamicThreshold="9" maxThreshold="32" />
  <references type="weak" candidates="1112" cleared="284" enqueued="265" />
  <references type="phantom" candidates="154" cleared="45" enqueued="45" />
  <object-monitors candidates="200" cleared="17"  />
</gc-op>
<gc-end id="1622" type="scavenge" contextid="1618" durationms="5.410" usertimems="13.582" systemtimems="1.861" stalltimems="8.408" timestamp="2024-07-17T19:33:08.691" activeThreads="6">
  <mem-info id="1623" free="28748328" total="75300864" percent="38">
    <mem type="nursery" free="22477152" total="30932992" percent="72">
      <mem type="allocate" free="22477152" total="25493504" percent="88" />
      <mem type="survivor" free="0" total="5439488" percent="0" />
    </mem>
    <mem type="tenure" free="6271176" total="44367872" percent="14">
      <mem type="soa" free="4052168" total="42148864" percent="9" />
      <mem type="loa" free="2219008" total="2219008" percent="100" />
    </mem>
    <pending-finalizers system="124" default="3" reference="310" classloader="0" />
    <remembered-set count="7017" />
  </mem-info>
</gc-end>
<cycle-end id="1624" type="scavenge" contextid="1618" timestamp="2024-07-17T19:33:08.691" />
<allocation-satisfied id="1625" threadId="0000000000830F00" bytesRequested="48" />
<af-end id="1626" timestamp="2024-07-17T19:33:08.692" threadId="0000000000831938" success="true" from="nursery"/>
<exclusive-end id="1627" timestamp="2024-07-17T19:33:08.692" durationms="8.301" />

<concurrent-kickoff id="1628" timestamp="2024-07-17T19:33:08.867">
  <kickoff reason="threshold reached" targetBytes="20578200" thresholdFreeBytes="2829471"  remainingFree="2716568" tenureFreeBytes="6225456" nurseryFreeBytes="2716568" />
</concurrent-kickoff>
<exclusive-start id="1629" timestamp="2024-07-17T19:33:08.867" intervalms="183.243">
  <response-info timems="0.053" idlems="0.053" threads="0" lastid="0000000000958B00" lastname="Default Executor-thread-16" />
</exclusive-start>
<cycle-start id="1630" type="global" contextid="0" timestamp="2024-07-17T19:33:08.868" intervalms="1050.831" />
<concurrent-start id="1631" type="global mark" contextid="1630" timestamp="2024-07-17T19:33:08.868">
</concurrent-start>
<exclusive-end id="1632" timestamp="2024-07-17T19:33:08.868" durationms="1.024" />

<concurrent-end id="1633" type="global mark" contextid="1630" timestamp="2024-07-17T19:33:08.905">
<gc-op id="1634" type="trace" timems="37.427" contextid="1630" timestamp="2024-07-17T19:33:08.905">
  <trace bytesTraced="23516772" workStackOverflowCount="0" />
  <card-cleaning reason="card cleaning threshold reached" bytesTraced="9692" cardsCleaned="27" />
</gc-op>
</concurrent-end>

<exclusive-start id="1635" timestamp="2024-07-17T19:33:08.906" intervalms="38.963">
  <response-info timems="0.042" idlems="0.042" threads="0" lastid="0000000000958B00" lastname="Default Executor-thread-16" />
</exclusive-start>
<concurrent-global-final id="1636" timestamp="2024-07-17T19:33:08.906" contextid="1630" intervalms="2270.950" >
  <concurrent-trace-info reason="card cleaning threshold reached" tracedByMutators="7810072" tracedByHelpers="15716392" cardsCleaned="27" workStackOverflowCount="0" />
</concurrent-global-final>
<gc-start id="1637" type="global" contextid="1630" timestamp="2024-07-17T19:33:08.907">
  <mem-info id="1638" free="6320584" total="75300864" percent="8">
    <mem type="nursery" free="95128" total="30932992" percent="0">
      <mem type="allocate" free="95128" total="25493504" percent="0" />
      <mem type="survivor" free="0" total="5439488" percent="0" />
    </mem>
    <mem type="tenure" free="6225456" total="44367872" percent="14">
      <mem type="soa" free="4006448" total="42148864" percent="9" />
      <mem type="loa" free="2219008" total="2219008" percent="100" />
    </mem>
    <remembered-set count="9202" />
  </mem-info>
</gc-start>
<allocation-stats totalBytes="22333592" discardedBytes="94152" >
  <allocated-bytes non-tlh="112736" tlh="22220856" />
  <largest-consumer threadName="Default Executor-thread-16" threadId="0000000000958B00" bytes="17392264" />
</allocation-stats>
<gc-op id="1639" type="rs-scan" timems="2.624" contextid="1630" timestamp="2024-07-17T19:33:08.911">
  <scan objectsFound="70298" bytesTraced="2921484" workStackOverflowCount="0" />
</gc-op>
<gc-op id="1640" type="card-cleaning" timems="0.918" contextid="1630" timestamp="2024-07-17T19:33:08.912">
  <card-cleaning cardsCleaned="2" bytesTraced="808" workStackOverflowCount="0" />
</gc-op>
<gc-op id="1641" type="mark" timems="11.859" contextid="1630" timestamp="2024-07-17T19:33:08.924">
  <trace-info objectcount="20843" scancount="19833" scanbytes="595984" />
  <finalization candidates="799" enqueued="70" />
  <ownableSynchronizers candidates="7497" cleared="39" />
  <references type="soft" candidates="11342" cleared="0" enqueued="0" dynamicThreshold="9" maxThreshold="32" />
  <references type="weak" candidates="13410" cleared="134" enqueued="134" />
  <references type="phantom" candidates="486" cleared="4" enqueued="4" />
  <stringconstants candidates="35912" cleared="241"  />
  <object-monitors candidates="194" cleared="38"  />
</gc-op>
<gc-op id="1642" type="classunload" timems="1.066" contextid="1630" timestamp="2024-07-17T19:33:08.926">
  <classunload-info classloadercandidates="384" classloadersunloaded="0" classesunloaded="7" anonymousclassesunloaded="7" quiescems="0.000" setupms="1.043" scanms="0.022" postms="0.000" />
</gc-op>
<gc-op id="1643" type="sweep" timems="1.801" contextid="1630" timestamp="2024-07-17T19:33:08.928" />
<heap-resize id="1644" type="expand" space="tenure" amount="7667712" count="1" timems="0.125" reason="insufficient free space following gc" timestamp="2024-07-17T19:33:08.928" />
<gc-end id="1645" type="global" contextid="1630" durationms="20.746" usertimems="42.131" systemtimems="16.060" stalltimems="121.766" timestamp="2024-07-17T19:33:08.928" activeThreads="12">
  <mem-info id="1646" free="33713432" total="82968576" percent="40">
    <mem type="nursery" free="18097792" total="30932992" percent="58">
      <mem type="allocate" free="18097792" total="25493504" percent="70" />
      <mem type="survivor" free="0" total="5439488" percent="0" />
    </mem>
    <mem type="tenure" free="15615640" total="52035584" percent="30" micro-fragmented="1341124" macro-fragmented="0">
      <mem type="soa" free="13013656" total="49433600" percent="26" />
      <mem type="loa" free="2601984" total="2601984" percent="100" />
    </mem>
    <pending-finalizers system="26" default="44" reference="138" classloader="0" />
    <remembered-set count="8093" />
  </mem-info>
</gc-end>
<cycle-end id="1647" type="global" contextid="1630" timestamp="2024-07-17T19:33:08.928" />
<exclusive-end id="1648" timestamp="2024-07-17T19:33:08.928" durationms="22.334" />

<exclusive-start id="1649" timestamp="2024-07-17T19:33:09.067" intervalms="160.737">
  <response-info timems="0.045" idlems="0.045" threads="0" lastid="0000000000958B00" lastname="Default Executor-thread-16" />
</exclusive-start>
<af-start id="1650" threadId="0000000000959538" totalBytesRequested="24" timestamp="2024-07-17T19:33:09.067" intervalms="382.962" type="nursery" />
<cycle-start id="1651" type="scavenge" contextid="0" timestamp="2024-07-17T19:33:09.068" intervalms="382.953" />
<gc-start id="1652" type="scavenge" contextid="1651" timestamp="2024-07-17T19:33:09.068">
  <mem-info id="1653" free="15601456" total="82968576" percent="18">
    <mem type="nursery" free="0" total="30932992" percent="0">
      <mem type="allocate" free="0" total="25493504" percent="0" />
      <mem type="survivor" free="0" total="5439488" percent="0" />
    </mem>
    <mem type="tenure" free="15601456" total="52035584" percent="29">
      <mem type="soa" free="12999472" total="49433600" percent="26" />
      <mem type="loa" free="2601984" total="2601984" percent="100" />
    </mem>
    <remembered-set count="8229" />
  </mem-info>
</gc-start>
<allocation-stats totalBytes="17847784" discardedBytes="222928" >
  <allocated-bytes non-tlh="2301456" tlh="15546328" />
  <largest-consumer threadName="Default Executor-thread-16" threadId="0000000000958B00" bytes="17828616" />
</allocation-stats>
<gc-op id="1654" type="scavenge" timems="5.192" contextid="1651" timestamp="2024-07-17T19:33:09.074">
  <scavenger-info tenureage="8" tenuremask="7f00" tiltratio="82" />
  <memory-copied type="nursery" objects="104384" bytes="5430688" bytesdiscarded="2904" />
  <memory-copied type="tenure" objects="31586" bytes="1196304" bytesdiscarded="3768" />
  <copy-failed type="nursery" objects="31586" bytes="1197816" />
  <finalization candidates="91" enqueued="46" />
  <ownableSynchronizers candidates="14945" cleared="14723" />
  <references type="soft" candidates="1056" cleared="0" enqueued="0" dynamicThreshold="9" maxThreshold="32" />
  <references type="weak" candidates="992" cleared="45" enqueued="45" />
  <references type="phantom" candidates="148" cleared="1" enqueued="1" />
  <object-monitors candidates="156" cleared="0"  />
</gc-op>
<gc-end id="1655" type="scavenge" contextid="1651" durationms="6.409" usertimems="21.780" systemtimems="0.000" stalltimems="9.535" timestamp="2024-07-17T19:33:09.075" activeThreads="6">
  <mem-info id="1656" free="27459608" total="82968576" percent="33">
    <mem type="nursery" free="13303808" total="30932992" percent="43">
      <mem type="allocate" free="13303808" total="18743296" percent="70" />
      <mem type="survivor" free="0" total="12189696" percent="0" />
    </mem>
    <mem type="tenure" free="14155800" total="52035584" percent="27">
      <mem type="soa" free="11553816" total="49433600" percent="23" />
      <mem type="loa" free="2601984" total="2601984" percent="100" />
    </mem>
    <pending-finalizers system="2" default="44" reference="46" classloader="0" />
    <remembered-set count="12902" />
  </mem-info>
</gc-end>
<cycle-end id="1657" type="scavenge" contextid="1651" timestamp="2024-07-17T19:33:09.075" />
<allocation-satisfied id="1658" threadId="0000000000958B00" bytesRequested="24" />
<af-end id="1659" timestamp="2024-07-17T19:33:09.076" threadId="0000000000959538" success="true" from="nursery"/>
<exclusive-end id="1660" timestamp="2024-07-17T19:33:09.076" durationms="9.330" />

<exclusive-start id="1661" timestamp="2024-07-17T19:33:09.146" intervalms="79.483">
  <response-info timems="0.053" idlems="0.053" threads="0" lastid="0000000000958B00" lastname="Default Executor-thread-16" />
</exclusive-start>
<af-start id="1662" threadId="0000000000959538" totalBytesRequested="8200" timestamp="2024-07-17T19:33:09.147" intervalms="79.423" type="nursery" />
<cycle-start id="1663" type="scavenge" contextid="0" timestamp="2024-07-17T19:33:09.147" intervalms="79.399" />
<gc-start id="1664" type="scavenge" contextid="1663" timestamp="2024-07-17T19:33:09.148">
  <mem-info id="1665" free="14155800" total="82968576" percent="17">
    <mem type="nursery" free="0" total="30932992" percent="0">
      <mem type="allocate" free="0" total="18743296" percent="0" />
      <mem type="survivor" free="0" total="12189696" percent="0" />
    </mem>
    <mem type="tenure" free="14155800" total="52035584" percent="27">
      <mem type="soa" free="11553816" total="49433600" percent="23" />
      <mem type="loa" free="2601984" total="2601984" percent="100" />
    </mem>
    <remembered-set count="12954" />
  </mem-info>
</gc-start>
<allocation-stats totalBytes="13280888" discardedBytes="22920" >
  <allocated-bytes non-tlh="131112" tlh="13149776" />
  <largest-consumer threadName="Default Executor-thread-16" threadId="0000000000958B00" bytes="13264504" />
</allocation-stats>
<gc-op id="1666" type="scavenge" timems="3.941" contextid="1663" timestamp="2024-07-17T19:33:09.152">
  <scavenger-info tenureage="6" tenuremask="7f40" tiltratio="60" />
  <memory-copied type="nursery" objects="106275" bytes="5550416" bytesdiscarded="71512" />
  <memory-copied type="tenure" objects="5229" bytes="255144" bytesdiscarded="200" />
  <finalization candidates="130" enqueued="88" />
  <ownableSynchronizers candidates="184" cleared="0" />
  <references type="soft" candidates="929" cleared="0" enqueued="0" dynamicThreshold="9" maxThreshold="32" />
  <references type="weak" candidates="874" cleared="1" enqueued="1" />
  <references type="phantom" candidates="150" cleared="0" enqueued="0" />
  <object-monitors candidates="156" cleared="0"  />
</gc-op>
<heap-resize id="1667" type="expand" space="nursery" amount="1310720" count="1" timems="0.026" reason="excessive time being spent scavenging" timestamp="2024-07-17T19:33:09.153" />
<gc-end id="1668" type="scavenge" contextid="1663" durationms="5.426" usertimems="14.437" systemtimems="2.005" stalltimems="7.153" timestamp="2024-07-17T19:33:09.153" activeThreads="6">
  <mem-info id="1669" free="28380008" total="84279296" percent="33">
    <mem type="nursery" free="14749448" total="32243712" percent="45">
      <mem type="allocate" free="14749448" total="20381696" percent="72" />
      <mem type="survivor" free="0" total="11862016" percent="0" />
    </mem>
    <mem type="tenure" free="13630560" total="52035584" percent="26">
      <mem type="soa" free="11028576" total="49433600" percent="22" />
      <mem type="loa" free="2601984" total="2601984" percent="100" />
    </mem>
    <pending-finalizers system="0" default="88" reference="1" classloader="0" />
    <remembered-set count="9808" />
  </mem-info>
</gc-end>
<cycle-end id="1670" type="scavenge" contextid="1663" timestamp="2024-07-17T19:33:09.154" />
<allocation-satisfied id="1671" threadId="0000000000958B00" bytesRequested="8200" />
<af-end id="1672" timestamp="2024-07-17T19:33:09.154" threadId="0000000000959538" success="true" from="nursery"/>
<exclusive-end id="1673" timestamp="2024-07-17T19:33:09.155" durationms="8.167" />

<exclusive-start id="1674" timestamp="2024-07-17T19:33:09.234" intervalms="87.699">
  <response-info timems="0.045" idlems="0.045" threads="0" lastid="0000000000958B00" lastname="Default Executor-thread-16" />
</exclusive-start>
<af-start id="1675" threadId="0000000000959538" totalBytesRequested="4424" timestamp="2024-07-17T19:33:09.234" intervalms="87.728" type="nursery" />
<cycle-start id="1676" type="scavenge" contextid="0" timestamp="2024-07-17T19:33:09.235" intervalms="87.736" />
<gc-start id="1677" type="scavenge" contextid="1676" timestamp="2024-07-17T19:33:09.235">
  <mem-info id="1678" free="13596760" total="84279296" percent="16">
    <mem type="nursery" free="0" total="32243712" percent="0">
      <mem type="allocate" free="0" total="20381696" percent="0" />
      <mem type="survivor" free="0" total="11862016" percent="0" />
    </mem>
    <mem type="tenure" free="13596760" total="52035584" percent="26">
      <mem type="soa" free="10994776" total="49433600" percent="22" />
      <mem type="loa" free="2601984" total="2601984" percent="100" />
    </mem>
    <remembered-set count="10700" />
  </mem-info>
</gc-start>
<allocation-stats totalBytes="14770560" discardedBytes="12688" >
  <allocated-bytes non-tlh="42000" tlh="14728560" />
  <largest-consumer threadName="Default Executor-thread-16" threadId="0000000000958B00" bytes="14729520" />
</allocation-stats>
<gc-op id="1679" type="scavenge" timems="4.511" contextid="1676" timestamp="2024-07-17T19:33:09.240">
  <scavenger-info tenureage="2" tenuremask="7f2c" tiltratio="63" />
  <memory-copied type="nursery" objects="12313" bytes="1061072" bytesdiscarded="299472" />
  <memory-copied type="tenure" objects="94471" bytes="4801048" bytesdiscarded="1680" />
  <finalization candidates="89" enqueued="47" />
  <ownableSynchronizers candidates="187" cleared="2" />
  <references type="soft" candidates="349" cleared="0" enqueued="0" dynamicThreshold="9" maxThreshold="32" />
  <references type="weak" candidates="249" cleared="49" enqueued="49" />
  <references type="phantom" candidates="82" cleared="1" enqueued="1" />
  <object-monitors candidates="156" cleared="0"  />
</gc-op>
<gc-end id="1680" type="scavenge" contextid="1676" durationms="5.714" usertimems="15.548" systemtimems="2.138" stalltimems="7.937" timestamp="2024-07-17T19:33:09.241" activeThreads="6">
  <mem-info id="1681" free="29175552" total="84279296" percent="34">
    <mem type="nursery" free="20525328" total="32243712" percent="63">
      <mem type="allocate" free="20525328" total="21889024" percent="93" />
      <mem type="survivor" free="0" total="10354688" percent="0" />
    </mem>
    <mem type="tenure" free="8650224" total="52035584" percent="16">
      <mem type="soa" free="6048240" total="49433600" percent="12" />
      <mem type="loa" free="2601984" total="2601984" percent="100" />
    </mem>
    <pending-finalizers system="3" default="44" reference="50" classloader="0" />
    <remembered-set count="1601" />
  </mem-info>
</gc-end>
<cycle-end id="1682" type="scavenge" contextid="1676" timestamp="2024-07-17T19:33:09.242" />
<allocation-satisfied id="1683" threadId="0000000000958B00" bytesRequested="4424" />
<af-end id="1684" timestamp="2024-07-17T19:33:09.242" threadId="0000000000959538" success="true" from="nursery"/>
<exclusive-end id="1685" timestamp="2024-07-17T19:33:09.242" durationms="8.324" />

<concurrent-kickoff id="1686" timestamp="2024-07-17T19:33:09.353">
  <kickoff reason="threshold reached" targetBytes="24809774" thresholdFreeBytes="3414817"  remainingFree="3338752" tenureFreeBytes="8566920" nurseryFreeBytes="3338752" />
</concurrent-kickoff>
<exclusive-start id="1687" timestamp="2024-07-17T19:33:09.353" intervalms="119.136">
  <response-info timems="0.048" idlems="0.048" threads="0" lastid="0000000000958B00" lastname="Default Executor-thread-16" />
</exclusive-start>
<cycle-start id="1688" type="global" contextid="0" timestamp="2024-07-17T19:33:09.354" intervalms="485.982" />
<concurrent-start id="1689" type="global mark" contextid="1688" timestamp="2024-07-17T19:33:09.354">
</concurrent-start>
<exclusive-end id="1690" timestamp="2024-07-17T19:33:09.354" durationms="0.958" />

<concurrent-end id="1691" type="global mark" contextid="1688" timestamp="2024-07-17T19:33:09.399">
<gc-op id="1692" type="trace" timems="45.544" contextid="1688" timestamp="2024-07-17T19:33:09.399">
  <trace bytesTraced="26699268" workStackOverflowCount="0" />
  <card-cleaning reason="card cleaning threshold reached" bytesTraced="37152" cardsCleaned="110" />
</gc-op>
</concurrent-end>

<exclusive-start id="1693" timestamp="2024-07-17T19:33:09.400" intervalms="46.882">
  <response-info timems="0.043" idlems="0.043" threads="0" lastid="0000000000958B00" lastname="Default Executor-thread-16" />
</exclusive-start>
<concurrent-global-final id="1694" timestamp="2024-07-17T19:33:09.400" contextid="1688" intervalms="493.915" >
  <concurrent-trace-info reason="card cleaning threshold reached" tracedByMutators="6117932" tracedByHelpers="20618488" cardsCleaned="110" workStackOverflowCount="0" />
</concurrent-global-final>
<gc-start id="1695" type="global" contextid="1688" timestamp="2024-07-17T19:33:09.401">
  <mem-info id="1696" free="8876448" total="84279296" percent="10">
    <mem type="nursery" free="324096" total="32243712" percent="1">
      <mem type="allocate" free="324096" total="21889024" percent="1" />
      <mem type="survivor" free="0" total="10354688" percent="0" />
    </mem>
    <mem type="tenure" free="8552352" total="52035584" percent="16">
      <mem type="soa" free="5950368" total="49433600" percent="12" />
      <mem type="loa" free="2601984" total="2601984" percent="100" />
    </mem>
    <remembered-set count="4423" />
  </mem-info>
</gc-start>
<allocation-stats totalBytes="20284080" discardedBytes="15024" >
  <allocated-bytes non-tlh="1069440" tlh="19214640" />
  <largest-consumer threadName="Default Executor-thread-16" threadId="0000000000958B00" bytes="20059888" />
</allocation-stats>
<gc-op id="1697" type="rs-scan" timems="1.762" contextid="1688" timestamp="2024-07-17T19:33:09.403">
  <scan objectsFound="16611" bytesTraced="822764" workStackOverflowCount="0" />
</gc-op>
<gc-op id="1698" type="card-cleaning" timems="0.856" contextid="1688" timestamp="2024-07-17T19:33:09.404">
  <card-cleaning cardsCleaned="29" bytesTraced="21740" workStackOverflowCount="0" />
</gc-op>
<gc-op id="1699" type="mark" timems="5.748" contextid="1688" timestamp="2024-07-17T19:33:09.410">
  <trace-info objectcount="9609" scancount="8698" scanbytes="262040" />
  <finalization candidates="815" enqueued="64" />
  <ownableSynchronizers candidates="7625" cleared="27" />
  <references type="soft" candidates="12117" cleared="6" enqueued="4" dynamicThreshold="9" maxThreshold="32" />
  <references type="weak" candidates="14464" cleared="209" enqueued="209" />
  <references type="phantom" candidates="406" cleared="11" enqueued="11" />
  <stringconstants candidates="36552" cleared="56"  />
  <object-monitors candidates="156" cleared="14"  />
</gc-op>
<gc-op id="1700" type="sweep" timems="1.870" contextid="1688" timestamp="2024-07-17T19:33:09.413" />
<heap-resize id="1701" type="expand" space="tenure" amount="6488064" count="1" timems="0.371" reason="insufficient free space following gc" timestamp="2024-07-17T19:33:09.413" />
<gc-end id="1702" type="global" contextid="1688" durationms="12.482" usertimems="11.427" systemtimems="21.289" stalltimems="62.001" timestamp="2024-07-17T19:33:09.413" activeThreads="12">
  <mem-info id="1703" free="35635704" total="90767360" percent="39">
    <mem type="nursery" free="18059720" total="32243712" percent="56">
      <mem type="allocate" free="18059720" total="21889024" percent="82" />
      <mem type="survivor" free="0" total="10354688" percent="0" />
    </mem>
    <mem type="tenure" free="17575984" total="58523648" percent="30" micro-fragmented="1622705" macro-fragmented="0">
      <mem type="soa" free="14649392" total="55597056" percent="26" />
      <mem type="loa" free="2926592" total="2926592" percent="100" />
    </mem>
    <pending-finalizers system="20" default="44" reference="224" classloader="0" />
    <remembered-set count="3428" />
  </mem-info>
</gc-end>
<cycle-end id="1704" type="global" contextid="1688" timestamp="2024-07-17T19:33:09.414" />
<exclusive-end id="1705" timestamp="2024-07-17T19:33:09.414" durationms="13.788" />

<exclusive-start id="1706" timestamp="2024-07-17T19:33:09.582" intervalms="182.059">
  <response-info timems="0.061" idlems="0.055" threads="1" lastid="0000000000857800" lastname="Default Executor-thread-9" />
</exclusive-start>
<af-start id="1707" threadId="0000000000854638" totalBytesRequested="23464" timestamp="2024-07-17T19:33:09.582" intervalms="348.025" type="nursery" />
<cycle-start id="1708" type="scavenge" contextid="0" timestamp="2024-07-17T19:33:09.583" intervalms="347.979" />
<gc-start id="1709" type="scavenge" contextid="1708" timestamp="2024-07-17T19:33:09.583">
  <mem-info id="1710" free="17387056" total="90767360" percent="19">
    <mem type="nursery" free="0" total="32243712" percent="0">
      <mem type="allocate" free="0" total="21889024" percent="0" />
      <mem type="survivor" free="0" total="10354688" percent="0" />
    </mem>
    <mem type="tenure" free="17387056" total="58523648" percent="29">
      <mem type="soa" free="14460464" total="55597056" percent="26" />
      <mem type="loa" free="2926592" total="2926592" percent="100" />
    </mem>
    <remembered-set count="5712" />
  </mem-info>
</gc-start>
<allocation-stats totalBytes="18031016" discardedBytes="190648" >
  <allocated-bytes non-tlh="2982160" tlh="15048856" />
  <largest-consumer threadName="Default Executor-thread-16" threadId="0000000000958B00" bytes="13736400" />
</allocation-stats>
<gc-op id="1711" type="scavenge" timems="3.216" contextid="1708" timestamp="2024-07-17T19:33:09.587">
  <scavenger-info tenureage="9" tenuremask="7e00" tiltratio="67" />
  <memory-copied type="nursery" objects="38679" bytes="3721448" bytesdiscarded="184176" />
  <finalization candidates="38" enqueued="33" />
  <ownableSynchronizers candidates="15128" cleared="14901" />
  <references type="soft" candidates="1203" cleared="0" enqueued="0" dynamicThreshold="9" maxThreshold="32" />
  <references type="weak" candidates="1610" cleared="224" enqueued="224" />
  <references type="phantom" candidates="261" cleared="21" enqueued="21" />
  <object-monitors candidates="149" cleared="4"  />
</gc-op>
<gc-end id="1712" type="scavenge" contextid="1708" durationms="4.443" usertimems="9.374" systemtimems="1.351" stalltimems="9.447" timestamp="2024-07-17T19:33:09.588" activeThreads="6">
  <mem-info id="1713" free="35956608" total="90767360" percent="39">
    <mem type="nursery" free="18569552" total="32243712" percent="57">
      <mem type="allocate" free="18569552" total="22478848" percent="82" />
      <mem type="survivor" free="0" total="9764864" percent="0" />
    </mem>
    <mem type="tenure" free="17387056" total="58523648" percent="29">
      <mem type="soa" free="14460464" total="55597056" percent="26" />
      <mem type="loa" free="2926592" total="2926592" percent="100" />
    </mem>
    <pending-finalizers system="33" default="0" reference="245" classloader="0" />
    <remembered-set count="4580" />
  </mem-info>
</gc-end>
<cycle-end id="1714" type="scavenge" contextid="1708" timestamp="2024-07-17T19:33:09.588" />
<allocation-satisfied id="1715" threadId="0000000000853C00" bytesRequested="23464" />
<af-end id="1716" timestamp="2024-07-17T19:33:09.589" threadId="0000000000854638" success="true" from="nursery"/>
<exclusive-end id="1717" timestamp="2024-07-17T19:33:09.589" durationms="6.952" />

<exclusive-start id="1718" timestamp="2024-07-17T19:33:09.670" intervalms="87.807">
  <response-info timems="0.056" idlems="0.052" threads="1" lastid="00000000005BA800" lastname="Default Executor-thread-23" />
</exclusive-start>
<af-start id="1719" threadId="000000000085BF38" totalBytesRequested="60880" timestamp="2024-07-17T19:33:09.670" intervalms="87.905" type="nursery" />
<cycle-start id="1720" type="scavenge" contextid="0" timestamp="2024-07-17T19:33:09.671" intervalms="87.911" />
<gc-start id="1721" type="scavenge" contextid="1720" timestamp="2024-07-17T19:33:09.672">
  <mem-info id="1722" free="17382312" total="90767360" percent="19">
    <mem type="nursery" free="0" total="32243712" percent="0">
      <mem type="allocate" free="0" total="22478848" percent="0" />
      <mem type="survivor" free="0" total="9764864" percent="0" />
    </mem>
    <mem type="tenure" free="17382312" total="58523648" percent="29">
      <mem type="soa" free="14455720" total="55597056" percent="26" />
      <mem type="loa" free="2926592" total="2926592" percent="100" />
    </mem>
    <remembered-set count="4851" />
  </mem-info>
</gc-start>
<allocation-stats totalBytes="18490808" discardedBytes="83488" >
  <allocated-bytes non-tlh="1724784" tlh="16766024" />
  <largest-consumer threadName="Default Executor-thread-7" threadId="000000000084FF00" bytes="6020376" />
</allocation-stats>
<gc-op id="1723" type="scavenge" timems="4.406" contextid="1720" timestamp="2024-07-17T19:33:09.677">
  <scavenger-info tenureage="9" tenuremask="7e00" tiltratio="69" />
  <memory-copied type="nursery" objects="105788" bytes="8002368" bytesdiscarded="76760" />
  <finalization candidates="85" enqueued="62" />
  <ownableSynchronizers candidates="410" cleared="95" />
  <references type="soft" candidates="1203" cleared="0" enqueued="0" dynamicThreshold="9" maxThreshold="32" />
  <references type="weak" candidates="1482" cleared="38" enqueued="38" />
  <references type="phantom" candidates="311" cleared="42" enqueued="42" />
  <object-monitors candidates="154" cleared="6"  />
</gc-op>
<heap-resize id="1724" type="expand" space="nursery" amount="1310720" count="1" timems="0.026" reason="excessive time being spent scavenging" timestamp="2024-07-17T19:33:09.677" />
<gc-end id="1725" type="scavenge" contextid="1720" durationms="5.755" usertimems="15.306" systemtimems="0.000" stalltimems="6.971" timestamp="2024-07-17T19:33:09.678" activeThreads="5">
  <mem-info id="1726" free="28892776" total="92078080" percent="31">
    <mem type="nursery" free="11510464" total="33554432" percent="34">
      <mem type="allocate" free="11510464" total="19595264" percent="58" />
      <mem type="survivor" free="0" total="13959168" percent="0" />
    </mem>
    <mem type="tenure" free="17382312" total="58523648" percent="29">
      <mem type="soa" free="14455720" total="55597056" percent="26" />
      <mem type="loa" free="2926592" total="2926592" percent="100" />
    </mem>
    <pending-finalizers system="0" default="62" reference="80" classloader="0" />
    <remembered-set count="4572" />
  </mem-info>
</gc-end>
<cycle-end id="1727" type="scavenge" contextid="1720" timestamp="2024-07-17T19:33:09.678" />
<allocation-satisfied id="1728" threadId="000000000085B500" bytesRequested="60880" />
<af-end id="1729" timestamp="2024-07-17T19:33:09.679" threadId="000000000085BF38" success="true" from="nursery"/>
<exclusive-end id="1730" timestamp="2024-07-17T19:33:09.679" durationms="9.108" />

<exclusive-start id="1731" timestamp="2024-07-17T19:33:09.700" intervalms="30.048">
  <response-info timems="0.063" idlems="0.052" threads="1" lastid="0000000000853C00" lastname="Default Executor-thread-8" />
</exclusive-start>
<af-start id="1732" threadId="00000000013CE238" totalBytesRequested="80" timestamp="2024-07-17T19:33:09.700" intervalms="29.981" type="nursery" />
<cycle-start id="1733" type="scavenge" contextid="0" timestamp="2024-07-17T19:33:09.701" intervalms="30.005" />
<gc-start id="1734" type="scavenge" contextid="1733" timestamp="2024-07-17T19:33:09.702">
  <mem-info id="1735" free="17381712" total="92078080" percent="18">
    <mem type="nursery" free="0" total="33554432" percent="0">
      <mem type="allocate" free="0" total="19595264" percent="0" />
      <mem type="survivor" free="0" total="13959168" percent="0" />
    </mem>
    <mem type="tenure" free="17381712" total="58523648" percent="29">
      <mem type="soa" free="14455120" total="55597056" percent="25" />
      <mem type="loa" free="2926592" total="2926592" percent="100" />
    </mem>
    <remembered-set count="4620" />
  </mem-info>
</gc-start>
<allocation-stats totalBytes="11464032" discardedBytes="47032" >
  <allocated-bytes non-tlh="2001784" tlh="9462248" />
  <largest-consumer threadName="Default Executor-thread-10" threadId="000000000085B500" bytes="3566416" />
</allocation-stats>
<gc-op id="1736" type="scavenge" timems="5.415" contextid="1733" timestamp="2024-07-17T19:33:09.708">
  <scavenger-info tenureage="8" tenuremask="7f00" tiltratio="58" />
  <memory-copied type="nursery" objects="110606" bytes="9391224" bytesdiscarded="63712" />
  <finalization candidates="298" enqueued="274" />
  <ownableSynchronizers candidates="321" cleared="1" />
  <references type="soft" candidates="1203" cleared="0" enqueued="0" dynamicThreshold="9" maxThreshold="32" />
  <references type="weak" candidates="1488" cleared="16" enqueued="16" />
  <references type="phantom" candidates="296" cleared="18" enqueued="18" />
  <object-monitors candidates="148" cleared="0"  />
</gc-op>
<heap-resize id="1737" type="expand" space="nursery" amount="3670016" count="1" timems="0.032" reason="excessive time being spent scavenging" timestamp="2024-07-17T19:33:09.708" />
<gc-end id="1738" type="scavenge" contextid="1733" durationms="6.970" usertimems="20.516" systemtimems="0.000" stalltimems="7.087" timestamp="2024-07-17T19:33:09.709" activeThreads="5">
  <mem-info id="1739" free="31055440" total="95748096" percent="32">
    <mem type="nursery" free="13673728" total="37224448" percent="36">
      <mem type="allocate" free="13673728" total="23134208" percent="59" />
      <mem type="survivor" free="0" total="14090240" percent="0" />
    </mem>
    <mem type="tenure" free="17381712" total="58523648" percent="29">
      <mem type="soa" free="14455120" total="55597056" percent="25" />
      <mem type="loa" free="2926592" total="2926592" percent="100" />
    </mem>
    <pending-finalizers system="0" default="274" reference="34" classloader="0" />
    <remembered-set count="2475" />
  </mem-info>
</gc-end>
<cycle-end id="1740" type="scavenge" contextid="1733" timestamp="2024-07-17T19:33:09.709" />
<allocation-satisfied id="1741" threadId="00000000013CD800" bytesRequested="80" />
<af-end id="1742" timestamp="2024-07-17T19:33:09.710" threadId="00000000013CE238" success="true" from="nursery"/>
<exclusive-end id="1743" timestamp="2024-07-17T19:33:09.710" durationms="10.036" />

<exclusive-start id="1744" timestamp="2024-07-17T19:33:09.732" intervalms="31.609">
  <response-info timems="0.091" idlems="0.073" threads="2" lastid="0000000000853C00" lastname="Default Executor-thread-8" />
</exclusive-start>
<af-start id="1745" threadId="000000000085BF38" totalBytesRequested="48" timestamp="2024-07-17T19:33:09.732" intervalms="31.611" type="nursery" />
<cycle-start id="1746" type="scavenge" contextid="0" timestamp="2024-07-17T19:33:09.732" intervalms="31.654" />
<gc-start id="1747" type="scavenge" contextid="1746" timestamp="2024-07-17T19:33:09.733">
  <mem-info id="1748" free="17381712" total="95748096" percent="18">
    <mem type="nursery" free="0" total="37224448" percent="0">
      <mem type="allocate" free="0" total="23134208" percent="0" />
      <mem type="survivor" free="0" total="14090240" percent="0" />
    </mem>
    <mem type="tenure" free="17381712" total="58523648" percent="29">
      <mem type="soa" free="14455120" total="55597056" percent="25" />
      <mem type="loa" free="2926592" total="2926592" percent="100" />
    </mem>
    <remembered-set count="2479" />
  </mem-info>
</gc-start>
<allocation-stats totalBytes="13640944" discardedBytes="32784" >
  <allocated-bytes non-tlh="55512" tlh="13585432" />
  <largest-consumer threadName="Default Executor-thread-9" threadId="0000000000857800" bytes="3983552" />
</allocation-stats>
<gc-op id="1749" type="scavenge" timems="5.027" contextid="1746" timestamp="2024-07-17T19:33:09.739">
  <scavenger-info tenureage="3" tenuremask="7f98" tiltratio="62" />
  <memory-copied type="nursery" objects="78693" bytes="6908904" bytesdiscarded="191072" />
  <memory-copied type="tenure" objects="37474" bytes="3583912" bytesdiscarded="13128" />
  <finalization candidates="553" enqueued="529" />
  <ownableSynchronizers candidates="320" cleared="0" />
  <references type="weak" candidates="93" cleared="0" enqueued="0" />
  <references type="phantom" candidates="60" cleared="0" enqueued="0" />
  <object-monitors candidates="148" cleared="0"  />
</gc-op>
<heap-resize id="1750" type="expand" space="nursery" amount="3538944" count="1" timems="0.024" reason="excessive time being spent scavenging" timestamp="2024-07-17T19:33:09.739" />
<gc-end id="1751" type="scavenge" contextid="1746" durationms="6.556" usertimems="15.192" systemtimems="2.334" stalltimems="7.782" timestamp="2024-07-17T19:33:09.739" activeThreads="5">
  <mem-info id="1752" free="33721416" total="99287040" percent="33">
    <mem type="nursery" free="20161128" total="40763392" percent="49">
      <mem type="allocate" free="20161128" total="27262976" percent="73" />
      <mem type="survivor" free="0" total="13500416" percent="0" />
    </mem>
    <mem type="tenure" free="13560288" total="58523648" percent="23">
      <mem type="soa" free="10633696" total="55597056" percent="19" />
      <mem type="loa" free="2926592" total="2926592" percent="100" />
    </mem>
    <pending-finalizers system="0" default="529" reference="0" classloader="0" />
    <remembered-set count="621" />
  </mem-info>
</gc-end>
<cycle-end id="1753" type="scavenge" contextid="1746" timestamp="2024-07-17T19:33:09.740" />
<allocation-satisfied id="1754" threadId="000000000085B500" bytesRequested="48" />
<af-end id="1755" timestamp="2024-07-17T19:33:09.740" threadId="000000000085BF38" success="true" from="nursery"/>
<exclusive-end id="1756" timestamp="2024-07-17T19:33:09.741" durationms="9.085" />

<exclusive-start id="1757" timestamp="2024-07-17T19:33:09.764" intervalms="31.955">
  <response-info timems="0.072" idlems="0.057" threads="1" lastid="0000000000853C00" lastname="Default Executor-thread-8" />
</exclusive-start>
<af-start id="1758" threadId="00000000013CE238" totalBytesRequested="16" timestamp="2024-07-17T19:33:09.764" intervalms="31.961" type="nursery" />
<cycle-start id="1759" type="scavenge" contextid="0" timestamp="2024-07-17T19:33:09.764" intervalms="31.995" />
<gc-start id="1760" type="scavenge" contextid="1759" timestamp="2024-07-17T19:33:09.765">
  <mem-info id="1761" free="13560288" total="99287040" percent="13">
    <mem type="nursery" free="0" total="40763392" percent="0">
      <mem type="allocate" free="0" total="27262976" percent="0" />
      <mem type="survivor" free="0" total="13500416" percent="0" />
    </mem>
    <mem type="tenure" free="13560288" total="58523648" percent="23">
      <mem type="soa" free="10633696" total="55597056" percent="19" />
      <mem type="loa" free="2926592" total="2926592" percent="100" />
    </mem>
    <remembered-set count="626" />
  </mem-info>
</gc-start>
<allocation-stats totalBytes="20108128" discardedBytes="53000" >
  <allocated-bytes non-tlh="233576" tlh="19874552" />
  <largest-consumer threadName="Default Executor-thread-7" threadId="000000000084FF00" bytes="5855472" />
</allocation-stats>
<gc-op id="1762" type="scavenge" timems="4.340" contextid="1759" timestamp="2024-07-17T19:33:09.770">
  <scavenger-info tenureage="3" tenuremask="7f88" tiltratio="66" />
  <memory-copied type="nursery" objects="23509" bytes="5527720" bytesdiscarded="136704" />
  <memory-copied type="tenure" objects="61972" bytes="2608880" bytesdiscarded="536" />
  <finalization candidates="723" enqueued="705" />
  <ownableSynchronizers candidates="93" cleared="0" />
  <references type="weak" candidates="34" cleared="0" enqueued="0" />
  <references type="phantom" candidates="39" cleared="0" enqueued="0" />
  <object-monitors candidates="148" cleared="0"  />
</gc-op>
<heap-resize id="1763" type="expand" space="nursery" amount="3407872" count="1" timems="0.024" reason="excessive time being spent scavenging" timestamp="2024-07-17T19:33:09.770" />
<gc-end id="1764" type="scavenge" contextid="1759" durationms="5.835" usertimems="13.539" systemtimems="2.058" stalltimems="6.229" timestamp="2024-07-17T19:33:09.771" activeThreads="5">
  <mem-info id="1765" free="36785272" total="102694912" percent="35">
    <mem type="nursery" free="26054304" total="44171264" percent="58">
      <mem type="allocate" free="26054304" total="31719424" percent="82" />
      <mem type="survivor" free="0" total="12451840" percent="0" />
    </mem>
    <mem type="tenure" free="10730968" total="58523648" percent="18">
      <mem type="soa" free="7804376" total="55597056" percent="14" />
      <mem type="loa" free="2926592" total="2926592" percent="100" />
    </mem>
    <pending-finalizers system="0" default="705" reference="0" classloader="0" />
    <remembered-set count="2272" />
  </mem-info>
</gc-end>
<cycle-end id="1766" type="scavenge" contextid="1759" timestamp="2024-07-17T19:33:09.771" />
<allocation-satisfied id="1767" threadId="00000000013CD800" bytesRequested="16" />
<af-end id="1768" timestamp="2024-07-17T19:33:09.772" threadId="00000000013CE238" success="true" from="nursery"/>
<exclusive-end id="1769" timestamp="2024-07-17T19:33:09.772" durationms="8.206" />

<exclusive-start id="1770" timestamp="2024-07-17T19:33:09.804" intervalms="40.595">
  <response-info timems="0.159" idlems="0.120" threads="4" lastid="000000000085B500" lastname="Default Executor-thread-10" />
</exclusive-start>
<af-start id="1771" threadId="0000000000858238" totalBytesRequested="5224" timestamp="2024-07-17T19:33:09.804" intervalms="40.539" type="nursery" />
<cycle-start id="1772" type="scavenge" contextid="0" timestamp="2024-07-17T19:33:09.805" intervalms="40.336" />
<gc-start id="1773" type="scavenge" contextid="1772" timestamp="2024-07-17T19:33:09.805">
  <mem-info id="1774" free="10730904" total="102694912" percent="10">
    <mem type="nursery" free="0" total="44171264" percent="0">
      <mem type="allocate" free="0" total="31719424" percent="0" />
      <mem type="survivor" free="0" total="12451840" percent="0" />
    </mem>
    <mem type="tenure" free="10730904" total="58523648" percent="18">
      <mem type="soa" free="7804312" total="55597056" percent="14" />
      <mem type="loa" free="2926592" total="2926592" percent="100" />
    </mem>
    <remembered-set count="2306" />
  </mem-info>
</gc-start>
<allocation-stats totalBytes="25878184" discardedBytes="176184" >
  <allocated-bytes non-tlh="1902440" tlh="23975744" />
  <largest-consumer threadName="Default Executor-thread-10" threadId="000000000085B500" bytes="7755344" />
</allocation-stats>
<gc-op id="1775" type="scavenge" timems="3.354" contextid="1772" timestamp="2024-07-17T19:33:09.809">
  <scavenger-info tenureage="7" tenuremask="7f80" tiltratio="71" />
  <memory-copied type="nursery" objects="33171" bytes="6041472" bytesdiscarded="218320" />
  <memory-copied type="tenure" objects="131" bytes="8472" bytesdiscarded="0" />
  <finalization candidates="597" enqueued="596" />
  <ownableSynchronizers candidates="5" cleared="0" />
  <references type="weak" candidates="37" cleared="0" enqueued="0" />
  <references type="phantom" candidates="41" cleared="0" enqueued="0" />
  <object-monitors candidates="148" cleared="0"  />
</gc-op>
<heap-resize id="1776" type="expand" space="nursery" amount="2097152" count="1" timems="0.029" reason="excessive time being spent scavenging" timestamp="2024-07-17T19:33:09.809" />
<gc-end id="1777" type="scavenge" contextid="1772" durationms="4.377" usertimems="9.980" systemtimems="1.502" stalltimems="6.176" timestamp="2024-07-17T19:33:09.810" activeThreads="5">
  <mem-info id="1778" free="39337064" total="104792064" percent="37">
    <mem type="nursery" free="28735696" total="46268416" percent="62">
      <mem type="allocate" free="28735696" total="34996224" percent="82" />
      <mem type="survivor" free="0" total="11272192" percent="0" />
    </mem>
    <mem type="tenure" free="10601368" total="58523648" percent="18">
      <mem type="soa" free="7674776" total="55597056" percent="13" />
      <mem type="loa" free="2926592" total="2926592" percent="100" />
    </mem>
    <pending-finalizers system="0" default="596" reference="0" classloader="0" />
    <remembered-set count="2249" />
  </mem-info>
</gc-end>
<cycle-end id="1779" type="scavenge" contextid="1772" timestamp="2024-07-17T19:33:09.810" />
<allocation-satisfied id="1780" threadId="0000000000857800" bytesRequested="5224" />
<af-end id="1781" timestamp="2024-07-17T19:33:09.810" threadId="0000000000858238" success="true" from="nursery"/>
<exclusive-end id="1782" timestamp="2024-07-17T19:33:09.810" durationms="6.108" />

<exclusive-start id="1783" timestamp="2024-07-17T19:33:09.833" intervalms="28.404">
  <response-info timems="0.078" idlems="0.062" threads="2" lastid="000000000084FF00" lastname="Default Executor-thread-7" />
</exclusive-start>
<af-start id="1784" threadId="000000000085BF38" totalBytesRequested="616" timestamp="2024-07-17T19:33:09.833" intervalms="28.320" type="nursery" />
<cycle-start id="1785" type="scavenge" contextid="0" timestamp="2024-07-17T19:33:09.833" intervalms="28.292" />
<gc-start id="1786" type="scavenge" contextid="1785" timestamp="2024-07-17T19:33:09.834">
  <mem-info id="1787" free="10601368" total="104792064" percent="10">
    <mem type="nursery" free="0" total="46268416" percent="0">
      <mem type="allocate" free="0" total="34996224" percent="0" />
      <mem type="survivor" free="0" total="11272192" percent="0" />
    </mem>
    <mem type="tenure" free="10601368" total="58523648" percent="18">
      <mem type="soa" free="7674776" total="55597056" percent="13" />
      <mem type="loa" free="2926592" total="2926592" percent="100" />
    </mem>
    <remembered-set count="2254" />
  </mem-info>
</gc-start>
<allocation-stats totalBytes="28658280" discardedBytes="77416" >
  <allocated-bytes non-tlh="682016" tlh="27976264" />
  <largest-consumer threadName="Default Executor-thread-10" threadId="000000000085B500" bytes="8634792" />
</allocation-stats>
<gc-op id="1788" type="scavenge" timems="2.852" contextid="1785" timestamp="2024-07-17T19:33:09.837">
  <scavenger-info tenureage="4" tenuremask="7f90" tiltratio="75" />
  <memory-copied type="nursery" objects="31690" bytes="5188544" bytesdiscarded="245592" />
  <memory-copied type="tenure" objects="5652" bytes="2123312" bytesdiscarded="776" />
  <finalization candidates="571" enqueued="570" />
  <ownableSynchronizers candidates="5" cleared="0" />
  <references type="weak" candidates="10" cleared="0" enqueued="0" />
  <references type="phantom" candidates="10" cleared="0" enqueued="0" />
  <object-monitors candidates="148" cleared="0"  />
</gc-op>
<heap-resize id="1789" type="expand" space="nursery" amount="3014656" count="1" timems="0.024" reason="excessive time being spent scavenging" timestamp="2024-07-17T19:33:09.837" />
<gc-end id="1790" type="scavenge" contextid="1785" durationms="3.620" usertimems="9.422" systemtimems="1.418" stalltimems="3.687" timestamp="2024-07-17T19:33:09.837" activeThreads="5">
  <mem-info id="1791" free="41579168" total="107806720" percent="38">
    <mem type="nursery" free="33231200" total="49283072" percent="67">
      <mem type="allocate" free="33231200" total="38666240" percent="85" />
      <mem type="survivor" free="0" total="10616832" percent="0" />
    </mem>
    <mem type="tenure" free="8347968" total="58523648" percent="14">
      <mem type="soa" free="5421376" total="55597056" percent="9" />
      <mem type="loa" free="2926592" total="2926592" percent="100" />
    </mem>
    <pending-finalizers system="0" default="570" reference="0" classloader="0" />
    <remembered-set count="2062" />
  </mem-info>
</gc-end>
<cycle-end id="1792" type="scavenge" contextid="1785" timestamp="2024-07-17T19:33:09.838" />
<allocation-satisfied id="1793" threadId="000000000085B500" bytesRequested="616" />
<af-end id="1794" timestamp="2024-07-17T19:33:09.838" threadId="000000000085BF38" success="true" from="nursery"/>
<exclusive-end id="1795" timestamp="2024-07-17T19:33:09.838" durationms="5.526" />

<concurrent-kickoff id="1796" timestamp="2024-07-17T19:33:09.860">
  <kickoff reason="threshold reached" targetBytes="28345500" thresholdFreeBytes="3909372"  remainingFree="3875168" tenureFreeBytes="8347608" nurseryFreeBytes="3875168" />
</concurrent-kickoff>
<exclusive-start id="1797" timestamp="2024-07-17T19:33:09.860" intervalms="27.769">
  <response-info timems="0.076" idlems="0.076" threads="0" lastid="00000000013CD800" lastname="ClassloaderMapProcessingThread-9" />
</exclusive-start>
<cycle-start id="1798" type="global" contextid="0" timestamp="2024-07-17T19:33:09.861" intervalms="507.047" />
<concurrent-start id="1799" type="global mark" contextid="1798" timestamp="2024-07-17T19:33:09.861">
</concurrent-start>
<exclusive-end id="1800" timestamp="2024-07-17T19:33:09.861" durationms="0.648" />

<concurrent-end id="1801" type="global mark" contextid="1798" timestamp="2024-07-17T19:33:09.880">
<gc-op id="1802" type="trace" timems="19.559" contextid="1798" timestamp="2024-07-17T19:33:09.880">
  <trace bytesTraced="29440224" workStackOverflowCount="0" />
  <card-cleaning reason="card cleaning threshold reached" bytesTraced="48024" cardsCleaned="80" />
</gc-op>
</concurrent-end>

<exclusive-start id="1803" timestamp="2024-07-17T19:33:09.881" intervalms="20.442">
  <response-info timems="0.068" idlems="0.048" threads="1" lastid="00000000005BA800" lastname="Default Executor-thread-23" />
</exclusive-start>
<af-start id="1804" threadId="0000000000858238" totalBytesRequested="20272" timestamp="2024-07-17T19:33:09.881" intervalms="48.138" type="nursery" />
<percolate-collect id="1805" from="nursery" to="global" reason="concurrent mark exhausted" timestamp="2024-07-17T19:33:09.881"/>
<gc-start id="1806" type="global" contextid="1798" timestamp="2024-07-17T19:33:09.881">
  <mem-info id="1807" free="8347608" total="107806720" percent="7">
    <mem type="nursery" free="0" total="49283072" percent="0">
      <mem type="allocate" free="0" total="38666240" percent="0" />
      <mem type="survivor" free="0" total="10616832" percent="0" />
    </mem>
    <mem type="tenure" free="8347608" total="58523648" percent="14">
      <mem type="soa" free="5421016" total="55597056" percent="9" />
      <mem type="loa" free="2926592" total="2926592" percent="100" />
    </mem>
    <remembered-set count="2238" />
  </mem-info>
</gc-start>
<allocation-stats totalBytes="33177360" discardedBytes="54200" >
  <allocated-bytes non-tlh="192552" tlh="32984808" />
  <largest-consumer threadName="Default Executor-thread-7" threadId="000000000084FF00" bytes="8848408" />
</allocation-stats>
<gc-op id="1808" type="rs-scan" timems="1.680" contextid="1798" timestamp="2024-07-17T19:33:09.883">
  <scan objectsFound="21152" bytesTraced="955656" workStackOverflowCount="0" />
</gc-op>
<gc-op id="1809" type="card-cleaning" timems="0.708" contextid="1798" timestamp="2024-07-17T19:33:09.884">
  <card-cleaning cardsCleaned="13" bytesTraced="9276" workStackOverflowCount="0" />
</gc-op>
<gc-op id="1810" type="mark" timems="9.268" contextid="1798" timestamp="2024-07-17T19:33:09.894">
  <trace-info objectcount="16534" scancount="12960" scanbytes="585096" />
  <finalization candidates="1523" enqueued="747" />
  <ownableSynchronizers candidates="7821" cleared="47" />
  <references type="soft" candidates="12290" cleared="2" enqueued="2" dynamicThreshold="9" maxThreshold="32" />
  <references type="weak" candidates="14627" cleared="4" enqueued="4" />
  <references type="phantom" candidates="441" cleared="0" enqueued="0" />
  <stringconstants candidates="37410" cleared="47"  />
  <object-monitors candidates="148" cleared="4"  />
</gc-op>
<gc-op id="1811" type="classunload" timems="1.335" contextid="1798" timestamp="2024-07-17T19:33:09.895">
  <classunload-info classloadercandidates="400" classloadersunloaded="1" classesunloaded="11" anonymousclassesunloaded="10" quiescems="0.000" setupms="1.298" scanms="0.029" postms="0.007" />
</gc-op>
<gc-op id="1812" type="sweep" timems="1.428" contextid="1798" timestamp="2024-07-17T19:33:09.897" />
<heap-resize id="1813" type="expand" space="tenure" amount="11468800" count="1" timems="0.471" reason="insufficient free space following gc" timestamp="2024-07-17T19:33:09.898" />
<gc-end id="1814" type="global" contextid="1798" durationms="16.357" usertimems="30.243" systemtimems="22.260" stalltimems="88.199" timestamp="2024-07-17T19:33:09.898" activeThreads="12">
  <mem-info id="1815" free="53291624" total="119275520" percent="44">
    <mem type="nursery" free="32276048" total="49283072" percent="65">
      <mem type="allocate" free="32276048" total="38666240" percent="83" />
      <mem type="survivor" free="0" total="10616832" percent="0" />
    </mem>
    <mem type="tenure" free="21015576" total="69992448" percent="30" micro-fragmented="1643602" macro-fragmented="0">
      <mem type="soa" free="17515544" total="66492416" percent="26" />
      <mem type="loa" free="3500032" total="3500032" percent="100" />
    </mem>
    <pending-finalizers system="0" default="747" reference="6" classloader="0" />
    <remembered-set count="2213" />
  </mem-info>
</gc-end>
<cycle-end id="1816" type="global" contextid="1798" timestamp="2024-07-17T19:33:09.898" />
<allocation-satisfied id="1817" threadId="0000000000857800" bytesRequested="20272" />
<af-end id="1818" timestamp="2024-07-17T19:33:09.898" threadId="0000000000858238" success="true" from="nursery"/>
<exclusive-end id="1819" timestamp="2024-07-17T19:33:09.899" durationms="17.748" />

<exclusive-start id="1820" timestamp="2024-07-17T19:33:09.922" intervalms="41.335">
  <response-info timems="0.071" idlems="0.070" threads="1" lastid="0000000000857800" lastname="Default Executor-thread-9" />
</exclusive-start>
<af-start id="1821" threadId="0000000000850938" totalBytesRequested="28856" timestamp="2024-07-17T19:33:09.922" intervalms="41.454" type="nursery" />
<cycle-start id="1822" type="scavenge" contextid="0" timestamp="2024-07-17T19:33:09.923" intervalms="89.589" />
<gc-start id="1823" type="scavenge" contextid="1822" timestamp="2024-07-17T19:33:09.923">
  <mem-info id="1824" free="21460040" total="119275520" percent="17">
    <mem type="nursery" free="454216" total="49283072" percent="0">
      <mem type="allocate" free="454216" total="38666240" percent="1" />
      <mem type="survivor" free="0" total="10616832" percent="0" />
    </mem>
    <mem type="tenure" free="21005824" total="69992448" percent="30">
      <mem type="soa" free="17505792" total="66492416" percent="26" />
      <mem type="loa" free="3500032" total="3500032" percent="100" />
    </mem>
    <remembered-set count="2449" />
  </mem-info>
</gc-start>
<allocation-stats totalBytes="31431736" discardedBytes="321392" >
  <allocated-bytes non-tlh="8755688" tlh="22676048" />
  <largest-consumer threadName="Default Executor-thread-9" threadId="0000000000857800" bytes="8415704" />
</allocation-stats>
<gc-op id="1825" type="scavenge" timems="3.590" contextid="1822" timestamp="2024-07-17T19:33:09.927">
  <scavenger-info tenureage="7" tenuremask="7f80" tiltratio="78" />
  <memory-copied type="nursery" objects="65357" bytes="6772936" bytesdiscarded="175304" />
  <finalization candidates="631" enqueued="628" />
  <ownableSynchronizers candidates="15565" cleared="15530" />
  <references type="soft" candidates="2" cleared="0" enqueued="0" dynamicThreshold="9" maxThreshold="32" />
  <references type="weak" candidates="43" cleared="7" enqueued="7" />
  <references type="phantom" candidates="33" cleared="10" enqueued="10" />
  <object-monitors candidates="144" cleared="0"  />
</gc-op>
<gc-end id="1826" type="scavenge" contextid="1822" durationms="4.200" usertimems="11.428" systemtimems="1.703" stalltimems="5.375" timestamp="2024-07-17T19:33:09.927" activeThreads="5">
  <mem-info id="1827" free="53377040" total="119275520" percent="44">
    <mem type="nursery" free="32371216" total="49283072" percent="65">
      <mem type="allocate" free="32371216" total="39321600" percent="82" />
      <mem type="survivor" free="0" total="9961472" percent="0" />
    </mem>
    <mem type="tenure" free="21005824" total="69992448" percent="30">
      <mem type="soa" free="17505792" total="66492416" percent="26" />
      <mem type="loa" free="3500032" total="3500032" percent="100" />
    </mem>
    <pending-finalizers system="0" default="628" reference="17" classloader="0" />
    <remembered-set count="2299" />
  </mem-info>
</gc-end>
<cycle-end id="1828" type="scavenge" contextid="1822" timestamp="2024-07-17T19:33:09.928" />
<allocation-satisfied id="1829" threadId="000000000084FF00" bytesRequested="28856" />
<af-end id="1830" timestamp="2024-07-17T19:33:09.928" threadId="0000000000850938" success="true" from="nursery"/>
<exclusive-end id="1831" timestamp="2024-07-17T19:33:09.928" durationms="5.816" />

<exclusive-start id="1832" timestamp="2024-07-17T19:33:09.955" intervalms="33.131">
  <response-info timems="0.058" idlems="0.047" threads="1" lastid="0000000000857800" lastname="Default Executor-thread-9" />
</exclusive-start>
<af-start id="1833" threadId="00000000013CE238" totalBytesRequested="88" timestamp="2024-07-17T19:33:09.956" intervalms="33.103" type="nursery" />
<cycle-start id="1834" type="scavenge" contextid="0" timestamp="2024-07-17T19:33:09.956" intervalms="33.115" />
<gc-start id="1835" type="scavenge" contextid="1834" timestamp="2024-07-17T19:33:09.956">
  <mem-info id="1836" free="21005824" total="119275520" percent="17">
    <mem type="nursery" free="0" total="49283072" percent="0">
      <mem type="allocate" free="0" total="39321600" percent="0" />
      <mem type="survivor" free="0" total="9961472" percent="0" />
    </mem>
    <mem type="tenure" free="21005824" total="69992448" percent="30">
      <mem type="soa" free="17505792" total="66492416" percent="26" />
      <mem type="loa" free="3500032" total="3500032" percent="100" />
    </mem>
    <remembered-set count="2464" />
  </mem-info>
</gc-start>
<allocation-stats totalBytes="32321112" discardedBytes="50104" >
  <allocated-bytes non-tlh="422120" tlh="31898992" />
  <largest-consumer threadName="Default Executor-thread-10" threadId="000000000085B500" bytes="8112328" />
</allocation-stats>
<gc-op id="1837" type="scavenge" timems="3.841" contextid="1834" timestamp="2024-07-17T19:33:09.960">
  <scavenger-info tenureage="7" tenuremask="7f80" tiltratio="79" />
  <memory-copied type="nursery" objects="78227" bytes="6817160" bytesdiscarded="123152" />
  <finalization candidates="604" enqueued="603" />
  <ownableSynchronizers candidates="37" cleared="0" />
  <references type="soft" candidates="2" cleared="0" enqueued="0" dynamicThreshold="9" maxThreshold="32" />
  <references type="weak" candidates="40" cleared="1" enqueued="1" />
  <references type="phantom" candidates="26" cleared="0" enqueued="0" />
  <object-monitors candidates="144" cleared="0"  />
</gc-op>
<heap-resize id="1838" type="expand" space="nursery" amount="3407872" count="1" timems="0.031" reason="excessive time being spent scavenging" timestamp="2024-07-17T19:33:09.961" />
<gc-end id="1839" type="scavenge" contextid="1834" durationms="4.676" usertimems="13.162" systemtimems="1.953" stalltimems="4.828" timestamp="2024-07-17T19:33:09.961" activeThreads="5">
  <mem-info id="1840" free="56529904" total="122683392" percent="46">
    <mem type="nursery" free="35524080" total="52690944" percent="67">
      <mem type="allocate" free="35524080" total="42467328" percent="83" />
      <mem type="survivor" free="0" total="10223616" percent="0" />
    </mem>
    <mem type="tenure" free="21005824" total="69992448" percent="30">
      <mem type="soa" free="17505792" total="66492416" percent="26" />
      <mem type="loa" free="3500032" total="3500032" percent="100" />
    </mem>
    <pending-finalizers system="0" default="603" reference="1" classloader="0" />
    <remembered-set count="2328" />
  </mem-info>
</gc-end>
<cycle-end id="1841" type="scavenge" contextid="1834" timestamp="2024-07-17T19:33:09.961" />
<allocation-satisfied id="1842" threadId="00000000013CD800" bytesRequested="88" />
<af-end id="1843" timestamp="2024-07-17T19:33:09.961" threadId="00000000013CE238" success="true" from="nursery"/>
<exclusive-end id="1844" timestamp="2024-07-17T19:33:09.962" durationms="6.305" />

<exclusive-start id="1845" timestamp="2024-07-17T19:33:09.991" intervalms="36.141">
  <response-info timems="0.083" idlems="0.083" threads="0" lastid="000000000085B500" lastname="Default Executor-thread-10" />
</exclusive-start>
<af-start id="1846" threadId="000000000085BF38" totalBytesRequested="6048" timestamp="2024-07-17T19:33:09.992" intervalms="36.199" type="nursery" />
<cycle-start id="1847" type="scavenge" contextid="0" timestamp="2024-07-17T19:33:09.992" intervalms="36.254" />
<gc-start id="1848" type="scavenge" contextid="1847" timestamp="2024-07-17T19:33:09.993">
  <mem-info id="1849" free="21005824" total="122683392" percent="17">
    <mem type="nursery" free="0" total="52690944" percent="0">
      <mem type="allocate" free="0" total="42467328" percent="0" />
      <mem type="survivor" free="0" total="10223616" percent="0" />
    </mem>
    <mem type="tenure" free="21005824" total="69992448" percent="30">
      <mem type="soa" free="17505792" total="66492416" percent="26" />
      <mem type="loa" free="3500032" total="3500032" percent="100" />
    </mem>
    <remembered-set count="2586" />
  </mem-info>
</gc-start>
<allocation-stats totalBytes="35496744" discardedBytes="27336" >
  <allocated-bytes non-tlh="270608" tlh="35226136" />
  <largest-consumer threadName="Default Executor-thread-7" threadId="000000000084FF00" bytes="8792584" />
</allocation-stats>
<gc-op id="1850" type="scavenge" timems="5.191" contextid="1847" timestamp="2024-07-17T19:33:09.998">
  <scavenger-info tenureage="7" tenuremask="7f80" tiltratio="80" />
  <memory-copied type="nursery" objects="87130" bytes="8674224" bytesdiscarded="330256" />
  <finalization candidates="755" enqueued="753" />
  <ownableSynchronizers candidates="37" cleared="0" />
  <references type="soft" candidates="2" cleared="0" enqueued="0" dynamicThreshold="9" maxThreshold="32" />
  <references type="weak" candidates="39" cleared="0" enqueued="0" />
  <references type="phantom" candidates="78" cleared="0" enqueued="0" />
  <object-monitors candidates="144" cleared="0"  />
</gc-op>
<heap-resize id="1851" type="expand" space="nursery" amount="3932160" count="1" timems="0.356" reason="excessive time being spent scavenging" timestamp="2024-07-17T19:33:09.999" />
<gc-end id="1852" type="scavenge" contextid="1847" durationms="6.435" usertimems="12.219" systemtimems="11.649" stalltimems="8.011" timestamp="2024-07-17T19:33:09.999" activeThreads="6">
  <mem-info id="1853" free="55974160" total="126615552" percent="44">
    <mem type="nursery" free="34968336" total="56623104" percent="61">
      <mem type="allocate" free="34968336" total="43974656" percent="79" />
      <mem type="survivor" free="0" total="12648448" percent="0" />
    </mem>
    <mem type="tenure" free="21005824" total="69992448" percent="30">
      <mem type="soa" free="17505792" total="66492416" percent="26" />
      <mem type="loa" free="3500032" total="3500032" percent="100" />
    </mem>
    <pending-finalizers system="0" default="753" reference="0" classloader="0" />
    <remembered-set count="2283" />
  </mem-info>
</gc-end>
<cycle-end id="1854" type="scavenge" contextid="1847" timestamp="2024-07-17T19:33:09.999" />
<allocation-satisfied id="1855" threadId="000000000085B500" bytesRequested="6048" />
<af-end id="1856" timestamp="2024-07-17T19:33:10.000" threadId="000000000085BF38" success="true" from="nursery"/>
<exclusive-end id="1857" timestamp="2024-07-17T19:33:10.000" durationms="8.315" />

<exclusive-start id="1858" timestamp="2024-07-17T19:33:10.025" intervalms="33.302">
  <response-info timems="0.067" idlems="0.056" threads="1" lastid="00000000005BA800" lastname="Default Executor-thread-23" />
</exclusive-start>
<af-start id="1859" threadId="0000000000850938" totalBytesRequested="2464" timestamp="2024-07-17T19:33:10.025" intervalms="33.214" type="nursery" />
<cycle-start id="1860" type="scavenge" contextid="0" timestamp="2024-07-17T19:33:10.025" intervalms="33.149" />
<gc-start id="1861" type="scavenge" contextid="1860" timestamp="2024-07-17T19:33:10.026">
  <mem-info id="1862" free="21005824" total="126615552" percent="16">
    <mem type="nursery" free="0" total="56623104" percent="0">
      <mem type="allocate" free="0" total="43974656" percent="0" />
      <mem type="survivor" free="0" total="12648448" percent="0" />
    </mem>
    <mem type="tenure" free="21005824" total="69992448" percent="30">
      <mem type="soa" free="17505792" total="66492416" percent="26" />
      <mem type="loa" free="3500032" total="3500032" percent="100" />
    </mem>
    <remembered-set count="2524" />
  </mem-info>
</gc-start>
<allocation-stats totalBytes="34815480" discardedBytes="152856" >
  <allocated-bytes non-tlh="81216" tlh="34734264" />
  <largest-consumer threadName="Default Executor-thread-10" threadId="000000000085B500" bytes="8336856" />
</allocation-stats>
<gc-op id="1863" type="scavenge" timems="4.630" contextid="1860" timestamp="2024-07-17T19:33:10.031">
  <scavenger-info tenureage="7" tenuremask="7f80" tiltratio="77" />
  <memory-copied type="nursery" objects="93113" bytes="9132464" bytesdiscarded="410752" />
  <memory-copied type="tenure" objects="3576" bytes="122320" bytesdiscarded="256" />
  <finalization candidates="835" enqueued="832" />
  <ownableSynchronizers candidates="37" cleared="0" />
  <references type="soft" candidates="2" cleared="0" enqueued="0" dynamicThreshold="9" maxThreshold="32" />
  <references type="weak" candidates="40" cleared="0" enqueued="0" />
  <references type="phantom" candidates="131" cleared="0" enqueued="0" />
  <object-monitors candidates="144" cleared="0"  />
</gc-op>
<heap-resize id="1864" type="expand" space="nursery" amount="4325376" count="1" timems="0.025" reason="excessive time being spent scavenging" timestamp="2024-07-17T19:33:10.031" />
<gc-end id="1865" type="scavenge" contextid="1860" durationms="5.451" usertimems="19.155" systemtimems="2.846" stalltimems="10.589" timestamp="2024-07-17T19:33:10.031" activeThreads="7">
  <mem-info id="1866" free="60021432" total="130940928" percent="45">
    <mem type="nursery" free="39277472" total="60948480" percent="64">
      <mem type="allocate" free="39277472" total="48824320" percent="80" />
      <mem type="survivor" free="0" total="12124160" percent="0" />
    </mem>
    <mem type="tenure" free="20743960" total="69992448" percent="29">
      <mem type="soa" free="17243928" total="66492416" percent="25" />
      <mem type="loa" free="3500032" total="3500032" percent="100" />
    </mem>
    <pending-finalizers system="0" default="832" reference="0" classloader="0" />
    <remembered-set count="2454" />
  </mem-info>
</gc-end>
<cycle-end id="1867" type="scavenge" contextid="1860" timestamp="2024-07-17T19:33:10.031" />
<allocation-satisfied id="1868" threadId="000000000084FF00" bytesRequested="2464" />
<af-end id="1869" timestamp="2024-07-17T19:33:10.032" threadId="0000000000850938" success="true" from="nursery"/>
<exclusive-end id="1870" timestamp="2024-07-17T19:33:10.032" durationms="7.035" />

<exclusive-start id="1871" timestamp="2024-07-17T19:33:10.062" intervalms="36.999">
  <response-info timems="0.065" idlems="0.065" threads="0" lastid="000000000085B500" lastname="Default Executor-thread-10" />
</exclusive-start>
<af-start id="1872" threadId="000000000085BF38" totalBytesRequested="88" timestamp="2024-07-17T19:33:10.062" intervalms="37.022" type="nursery" />
<cycle-start id="1873" type="scavenge" contextid="0" timestamp="2024-07-17T19:33:10.062" intervalms="37.033" />
<gc-start id="1874" type="scavenge" contextid="1873" timestamp="2024-07-17T19:33:10.063">
  <mem-info id="1875" free="20737032" total="130940928" percent="15">
    <mem type="nursery" free="0" total="60948480" percent="0">
      <mem type="allocate" free="0" total="48824320" percent="0" />
      <mem type="survivor" free="0" total="12124160" percent="0" />
    </mem>
    <mem type="tenure" free="20737032" total="69992448" percent="29">
      <mem type="soa" free="17237000" total="66492416" percent="25" />
      <mem type="loa" free="3500032" total="3500032" percent="100" />
    </mem>
    <remembered-set count="2712" />
  </mem-info>
</gc-start>
<allocation-stats totalBytes="39187912" discardedBytes="95728" >
  <allocated-bytes non-tlh="302960" tlh="38884952" />
  <largest-consumer threadName="Default Executor-thread-7" threadId="000000000084FF00" bytes="10187216" />
</allocation-stats>
<gc-op id="1876" type="scavenge" timems="4.563" contextid="1873" timestamp="2024-07-17T19:33:10.067">
  <scavenger-info tenureage="7" tenuremask="7f80" tiltratio="80" />
  <memory-copied type="nursery" objects="77562" bytes="9698976" bytesdiscarded="408968" />
  <memory-copied type="tenure" objects="5798" bytes="432320" bytesdiscarded="3280" />
  <finalization candidates="972" enqueued="969" />
  <ownableSynchronizers candidates="43" cleared="7" />
  <references type="soft" candidates="4" cleared="0" enqueued="0" dynamicThreshold="9" maxThreshold="32" />
  <references type="weak" candidates="105" cleared="50" enqueued="50" />
  <references type="phantom" candidates="145" cleared="2" enqueued="2" />
  <object-monitors candidates="144" cleared="0"  />
</gc-op>
<heap-resize id="1877" type="expand" space="nursery" amount="4063232" count="1" timems="0.365" reason="excessive time being spent scavenging" timestamp="2024-07-17T19:33:10.068" />
<gc-end id="1878" type="scavenge" contextid="1873" durationms="5.759" usertimems="19.921" systemtimems="1.494" stalltimems="10.551" timestamp="2024-07-17T19:33:10.068" activeThreads="7">
  <mem-info id="1879" free="62332032" total="135004160" percent="46">
    <mem type="nursery" free="42319504" total="65011712" percent="65">
      <mem type="allocate" free="42319504" total="52428800" percent="80" />
      <mem type="survivor" free="0" total="12582912" percent="0" />
    </mem>
    <mem type="tenure" free="20012528" total="69992448" percent="28">
      <mem type="soa" free="16512496" total="66492416" percent="24" />
      <mem type="loa" free="3500032" total="3500032" percent="100" />
    </mem>
    <pending-finalizers system="5" default="964" reference="52" classloader="0" />
    <remembered-set count="1905" />
  </mem-info>
</gc-end>
<cycle-end id="1880" type="scavenge" contextid="1873" timestamp="2024-07-17T19:33:10.069" />
<allocation-satisfied id="1881" threadId="000000000085B500" bytesRequested="88" />
<af-end id="1882" timestamp="2024-07-17T19:33:10.069" threadId="000000000085BF38" success="true" from="nursery"/>
<exclusive-end id="1883" timestamp="2024-07-17T19:33:10.069" durationms="7.354" />

<exclusive-start id="1884" timestamp="2024-07-17T19:33:10.102" intervalms="40.800">
  <response-info timems="0.087" idlems="0.087" threads="0" lastid="00000000013CD800" lastname="ClassloaderMapProcessingThread-9" />
</exclusive-start>
<af-start id="1885" threadId="00000000013CE238" totalBytesRequested="192" timestamp="2024-07-17T19:33:10.103" intervalms="40.819" type="nursery" />
<cycle-start id="1886" type="scavenge" contextid="0" timestamp="2024-07-17T19:33:10.103" intervalms="40.848" />
<gc-start id="1887" type="scavenge" contextid="1886" timestamp="2024-07-17T19:33:10.103">
  <mem-info id="1888" free="19990240" total="135004160" percent="14">
    <mem type="nursery" free="0" total="65011712" percent="0">
      <mem type="allocate" free="0" total="52428800" percent="0" />
      <mem type="survivor" free="0" total="12582912" percent="0" />
    </mem>
    <mem type="tenure" free="19990240" total="69992448" percent="28">
      <mem type="soa" free="16490208" total="66492416" percent="24" />
      <mem type="loa" free="3500032" total="3500032" percent="100" />
    </mem>
    <remembered-set count="2368" />
  </mem-info>
</gc-start>
<allocation-stats totalBytes="42251608" discardedBytes="90184" >
  <allocated-bytes non-tlh="114824" tlh="42136784" />
  <largest-consumer threadName="Default Executor-thread-10" threadId="000000000085B500" bytes="12912856" />
</allocation-stats>
<gc-op id="1889" type="scavenge" timems="5.134" contextid="1886" timestamp="2024-07-17T19:33:10.109">
  <scavenger-info tenureage="7" tenuremask="7f80" tiltratio="80" />
  <memory-copied type="nursery" objects="86430" bytes="10343624" bytesdiscarded="434280" />
  <memory-copied type="tenure" objects="10359" bytes="683904" bytesdiscarded="896" />
  <finalization candidates="1205" enqueued="1189" />
  <ownableSynchronizers candidates="36" cleared="0" />
  <references type="soft" candidates="9" cleared="0" enqueued="0" dynamicThreshold="9" maxThreshold="32" />
  <references type="weak" candidates="107" cleared="54" enqueued="54" />
  <references type="phantom" candidates="206" cleared="35" enqueued="35" />
  <object-monitors candidates="145" cleared="1"  />
</gc-op>
<heap-resize id="1890" type="expand" space="nursery" amount="4194304" count="1" timems="0.493" reason="excessive time being spent scavenging" timestamp="2024-07-17T19:33:10.110" />
<gc-end id="1891" type="scavenge" contextid="1886" durationms="6.487" usertimems="23.071" systemtimems="3.394" stalltimems="9.859" timestamp="2024-07-17T19:33:10.110" activeThreads="7">
  <mem-info id="1892" free="63895224" total="139198464" percent="45">
    <mem type="nursery" free="44990080" total="69206016" percent="65">
      <mem type="allocate" free="44990080" total="55771136" percent="80" />
      <mem type="survivor" free="0" total="13434880" percent="0" />
    </mem>
    <mem type="tenure" free="18905144" total="69992448" percent="27">
      <mem type="soa" free="15405112" total="66492416" percent="23" />
      <mem type="loa" free="3500032" total="3500032" percent="100" />
    </mem>
    <pending-finalizers system="5" default="1184" reference="89" classloader="0" />
    <remembered-set count="2949" />
  </mem-info>
</gc-end>
<cycle-end id="1893" type="scavenge" contextid="1886" timestamp="2024-07-17T19:33:10.110" />
<allocation-satisfied id="1894" threadId="00000000013CD800" bytesRequested="192" />
<af-end id="1895" timestamp="2024-07-17T19:33:10.111" threadId="00000000013CE238" success="true" from="nursery"/>
<exclusive-end id="1896" timestamp="2024-07-17T19:33:10.111" durationms="8.217" />

<exclusive-start id="1897" timestamp="2024-07-17T19:33:10.143" intervalms="40.960">
  <response-info timems="0.078" idlems="0.078" threads="0" lastid="000000000085B500" lastname="Default Executor-thread-10" />
</exclusive-start>
<af-start id="1898" threadId="000000000085BF38" totalBytesRequested="4872" timestamp="2024-07-17T19:33:10.144" intervalms="40.968" type="nursery" />
<cycle-start id="1899" type="scavenge" contextid="0" timestamp="2024-07-17T19:33:10.144" intervalms="40.982" />
<gc-start id="1900" type="scavenge" contextid="1899" timestamp="2024-07-17T19:33:10.144">
  <mem-info id="1901" free="18888840" total="139198464" percent="13">
    <mem type="nursery" free="0" total="69206016" percent="0">
      <mem type="allocate" free="0" total="55771136" percent="0" />
      <mem type="survivor" free="0" total="13434880" percent="0" />
    </mem>
    <mem type="tenure" free="18888840" total="69992448" percent="26">
      <mem type="soa" free="15388808" total="66492416" percent="23" />
      <mem type="loa" free="3500032" total="3500032" percent="100" />
    </mem>
    <remembered-set count="3441" />
  </mem-info>
</gc-start>
<allocation-stats totalBytes="44941632" discardedBytes="64752" >
  <allocated-bytes non-tlh="568832" tlh="44372800" />
  <largest-consumer threadName="Default Executor-thread-7" threadId="000000000084FF00" bytes="10546792" />
</allocation-stats>
<gc-op id="1902" type="scavenge" timems="6.554" contextid="1899" timestamp="2024-07-17T19:33:10.151">
  <scavenger-info tenureage="5" tenuremask="7fa0" tiltratio="80" />
  <memory-copied type="nursery" objects="99795" bytes="10731072" bytesdiscarded="374256" />
  <memory-copied type="tenure" objects="15117" bytes="999080" bytesdiscarded="712" />
  <finalization candidates="1130" enqueued="1106" />
  <ownableSynchronizers candidates="38" cleared="2" />
  <references type="soft" candidates="75" cleared="0" enqueued="0" dynamicThreshold="9" maxThreshold="32" />
  <references type="weak" candidates="171" cleared="69" enqueued="69" />
  <references type="phantom" candidates="228" cleared="60" enqueued="60" />
  <object-monitors candidates="144" cleared="0"  />
</gc-op>
<heap-resize id="1903" type="expand" space="nursery" amount="5505024" count="1" timems="0.040" reason="excessive time being spent scavenging" timestamp="2024-07-17T19:33:10.152" />
<gc-end id="1904" type="scavenge" contextid="1899" durationms="7.500" usertimems="32.112" systemtimems="4.696" stalltimems="16.466" timestamp="2024-07-17T19:33:10.152" activeThreads="8">
  <mem-info id="1905" free="67396128" total="144703488" percent="46">
    <mem type="nursery" free="49708360" total="74711040" percent="66">
      <mem type="allocate" free="49708360" total="60817408" percent="81" />
      <mem type="survivor" free="0" total="13893632" percent="0" />
    </mem>
    <mem type="tenure" free="17687768" total="69992448" percent="25">
      <mem type="soa" free="14187736" total="66492416" percent="21" />
      <mem type="loa" free="3500032" total="3500032" percent="100" />
    </mem>
    <pending-finalizers system="60" default="1046" reference="129" classloader="0" />
    <remembered-set count="4663" />
  </mem-info>
</gc-end>
<cycle-end id="1906" type="scavenge" contextid="1899" timestamp="2024-07-17T19:33:10.152" />
<allocation-satisfied id="1907" threadId="000000000085B500" bytesRequested="4872" />
<af-end id="1908" timestamp="2024-07-17T19:33:10.153" threadId="000000000085BF38" success="true" from="nursery"/>
<exclusive-end id="1909" timestamp="2024-07-17T19:33:10.153" durationms="9.307" />

<exclusive-start id="1910" timestamp="2024-07-17T19:33:10.182" intervalms="38.962">
  <response-info timems="0.083" idlems="0.070" threads="1" lastid="000000000084FF00" lastname="Default Executor-thread-7" />
</exclusive-start>
<af-start id="1911" threadId="000000000085BF38" totalBytesRequested="3128" timestamp="2024-07-17T19:33:10.183" intervalms="38.960" type="nursery" />
<cycle-start id="1912" type="scavenge" contextid="0" timestamp="2024-07-17T19:33:10.183" intervalms="39.012" />
<gc-start id="1913" type="scavenge" contextid="1912" timestamp="2024-07-17T19:33:10.183">
  <mem-info id="1914" free="17686408" total="144703488" percent="12">
    <mem type="nursery" free="0" total="74711040" percent="0">
      <mem type="allocate" free="0" total="60817408" percent="0" />
      <mem type="survivor" free="0" total="13893632" percent="0" />
    </mem>
    <mem type="tenure" free="17686408" total="69992448" percent="25">
      <mem type="soa" free="14186376" total="66492416" percent="21" />
      <mem type="loa" free="3500032" total="3500032" percent="100" />
    </mem>
    <remembered-set count="5252" />
  </mem-info>
</gc-start>
<allocation-stats totalBytes="49642096" discardedBytes="67624" >
  <allocated-bytes non-tlh="116480" tlh="49525616" />
  <largest-consumer threadName="Default Executor-thread-10" threadId="000000000085B500" bytes="11023752" />
</allocation-stats>
<gc-op id="1915" type="scavenge" timems="6.798" contextid="1912" timestamp="2024-07-17T19:33:10.191">
  <scavenger-info tenureage="7" tenuremask="7f80" tiltratio="81" />
  <memory-copied type="nursery" objects="109564" bytes="10511448" bytesdiscarded="519928" />
  <memory-copied type="tenure" objects="16231" bytes="1027464" bytesdiscarded="376" />
  <finalization candidates="1016" enqueued="975" />
  <ownableSynchronizers candidates="63" cleared="7" />
  <references type="soft" candidates="80" cleared="0" enqueued="0" dynamicThreshold="9" maxThreshold="32" />
  <references type="weak" candidates="146" cleared="63" enqueued="63" />
  <references type="phantom" candidates="190" cleared="31" enqueued="31" />
  <object-monitors candidates="144" cleared="0"  />
</gc-op>
<heap-resize id="1916" type="expand" space="nursery" amount="6815744" count="1" timems="0.027" reason="excessive time being spent scavenging" timestamp="2024-07-17T19:33:10.191" />
<gc-end id="1917" type="scavenge" contextid="1912" durationms="7.679" usertimems="34.930" systemtimems="5.107" stalltimems="18.674" timestamp="2024-07-17T19:33:10.191" activeThreads="9">
  <mem-info id="1918" free="73446520" total="151519232" percent="48">
    <mem type="nursery" free="56531992" total="81526784" percent="69">
      <mem type="allocate" free="56531992" total="67567616" percent="83" />
      <mem type="survivor" free="0" total="13959168" percent="0" />
    </mem>
    <mem type="tenure" free="16914528" total="69992448" percent="24">
      <mem type="soa" free="13414496" total="66492416" percent="20" />
      <mem type="loa" free="3500032" total="3500032" percent="100" />
    </mem>
    <pending-finalizers system="0" default="975" reference="94" classloader="0" />
    <remembered-set count="2441" />
  </mem-info>
</gc-end>
<cycle-end id="1919" type="scavenge" contextid="1912" timestamp="2024-07-17T19:33:10.191" />
<allocation-satisfied id="1920" threadId="000000000085B500" bytesRequested="3128" />
<af-end id="1921" timestamp="2024-07-17T19:33:10.192" threadId="000000000085BF38" success="true" from="nursery"/>
<exclusive-end id="1922" timestamp="2024-07-17T19:33:10.192" durationms="9.422" />

<exclusive-start id="1923" timestamp="2024-07-17T19:33:10.231" intervalms="48.333">
  <response-info timems="0.064" idlems="0.053" threads="1" lastid="0000000000853C00" lastname="Default Executor-thread-8" />
</exclusive-start>
<af-start id="1924" threadId="00000000013CE238" totalBytesRequested="24" timestamp="2024-07-17T19:33:10.231" intervalms="48.357" type="nursery" />
<cycle-start id="1925" type="scavenge" contextid="0" timestamp="2024-07-17T19:33:10.231" intervalms="48.312" />
<gc-start id="1926" type="scavenge" contextid="1925" timestamp="2024-07-17T19:33:10.232">
  <mem-info id="1927" free="16907440" total="151519232" percent="11">
    <mem type="nursery" free="0" total="81526784" percent="0">
      <mem type="allocate" free="0" total="67567616" percent="0" />
      <mem type="survivor" free="0" total="13959168" percent="0" />
    </mem>
    <mem type="tenure" free="16907440" total="69992448" percent="24">
      <mem type="soa" free="13407408" total="66492416" percent="20" />
      <mem type="loa" free="3500032" total="3500032" percent="100" />
    </mem>
    <remembered-set count="2871" />
  </mem-info>
</gc-start>
<allocation-stats totalBytes="56482696" discardedBytes="56384" >
  <allocated-bytes non-tlh="459720" tlh="56022976" />
  <largest-consumer threadName="Default Executor-thread-7" threadId="000000000084FF00" bytes="13443448" />
</allocation-stats>
<gc-op id="1928" type="scavenge" timems="6.227" contextid="1925" timestamp="2024-07-17T19:33:10.238">
  <scavenger-info tenureage="7" tenuremask="7f80" tiltratio="82" />
  <memory-copied type="nursery" objects="134240" bytes="13245600" bytesdiscarded="391232" />
  <finalization candidates="1442" enqueued="1386" />
  <ownableSynchronizers candidates="26" cleared="2" />
  <references type="soft" candidates="122" cleared="0" enqueued="0" dynamicThreshold="9" maxThreshold="32" />
  <references type="weak" candidates="190" cleared="96" enqueued="96" />
  <references type="phantom" candidates="206" cleared="37" enqueued="37" />
  <object-monitors candidates="144" cleared="0"  />
</gc-op>
<heap-resize id="1929" type="expand" space="nursery" amount="5373952" count="1" timems="0.029" reason="excessive time being spent scavenging" timestamp="2024-07-17T19:33:10.239" />
<gc-end id="1930" type="scavenge" contextid="1925" durationms="7.059" usertimems="37.710" systemtimems="0.000" stalltimems="24.032" timestamp="2024-07-17T19:33:10.239" activeThreads="10">
  <mem-info id="1931" free="71553544" total="156893184" percent="45">
    <mem type="nursery" free="54646104" total="86900736" percent="62">
      <mem type="allocate" free="54646104" total="68288512" percent="80" />
      <mem type="survivor" free="0" total="18612224" percent="0" />
    </mem>
    <mem type="tenure" free="16907440" total="69992448" percent="24">
      <mem type="soa" free="13407408" total="66492416" percent="20" />
      <mem type="loa" free="3500032" total="3500032" percent="100" />
    </mem>
    <pending-finalizers system="4" default="1382" reference="133" classloader="0" />
    <remembered-set count="2628" />
  </mem-info>
</gc-end>
<cycle-end id="1932" type="scavenge" contextid="1925" timestamp="2024-07-17T19:33:10.239" />
<allocation-satisfied id="1933" threadId="00000000013CD800" bytesRequested="24" />
<af-end id="1934" timestamp="2024-07-17T19:33:10.239" threadId="00000000013CE238" success="true" from="nursery"/>
<exclusive-end id="1935" timestamp="2024-07-17T19:33:10.239" durationms="8.751" />

<exclusive-start id="1936" timestamp="2024-07-17T19:33:10.292" intervalms="61.284">
  <response-info timems="0.050" idlems="0.050" threads="0" lastid="0000000000857800" lastname="Default Executor-thread-9" />
</exclusive-start>
<af-start id="1937" threadId="0000000000858238" totalBytesRequested="2640" timestamp="2024-07-17T19:33:10.292" intervalms="61.338" type="nursery" />
<cycle-start id="1938" type="scavenge" contextid="0" timestamp="2024-07-17T19:33:10.293" intervalms="61.410" />
<gc-start id="1939" type="scavenge" contextid="1938" timestamp="2024-07-17T19:33:10.293">
  <mem-info id="1940" free="16907440" total="156893184" percent="10">
    <mem type="nursery" free="0" total="86900736" percent="0">
      <mem type="allocate" free="0" total="68288512" percent="0" />
      <mem type="survivor" free="0" total="18612224" percent="0" />
    </mem>
    <mem type="tenure" free="16907440" total="69992448" percent="24">
      <mem type="soa" free="13407408" total="66492416" percent="20" />
      <mem type="loa" free="3500032" total="3500032" percent="100" />
    </mem>
    <remembered-set count="4095" />
  </mem-info>
</gc-start>
<allocation-stats totalBytes="54601288" discardedBytes="44816" >
  <allocated-bytes non-tlh="1088144" tlh="53513144" />
  <largest-consumer threadName="Default Executor-thread-9" threadId="0000000000857800" bytes="18823752" />
</allocation-stats>
<gc-op id="1941" type="scavenge" timems="9.664" contextid="1938" timestamp="2024-07-17T19:33:10.303">
  <scavenger-info tenureage="6" tenuremask="7fc0" tiltratio="78" />
  <memory-copied type="nursery" objects="173660" bytes="14572040" bytesdiscarded="403232" />
  <memory-copied type="tenure" objects="15705" bytes="1896128" bytesdiscarded="2936" />
  <finalization candidates="1629" enqueued="1558" />
  <ownableSynchronizers candidates="39" cleared="0" />
  <references type="soft" candidates="122" cleared="0" enqueued="0" dynamicThreshold="9" maxThreshold="32" />
  <references type="weak" candidates="108" cleared="19" enqueued="19" />
  <references type="phantom" candidates="80" cleared="42" enqueued="42" />
  <object-monitors candidates="144" cleared="0"  />
</gc-op>
<heap-resize id="1942" type="expand" space="nursery" amount="6553600" count="1" timems="0.027" reason="excessive time being spent scavenging" timestamp="2024-07-17T19:33:10.304" />
<gc-end id="1943" type="scavenge" contextid="1938" durationms="10.725" usertimems="41.819" systemtimems="14.679" stalltimems="34.500" timestamp="2024-07-17T19:33:10.304" activeThreads="10">
  <mem-info id="1944" free="73675672" total="163446784" percent="45">
    <mem type="nursery" free="58811832" total="93454336" percent="62">
      <mem type="allocate" free="58811832" total="73793536" percent="79" />
      <mem type="survivor" free="0" total="19660800" percent="0" />
    </mem>
    <mem type="tenure" free="14863840" total="69992448" percent="21">
      <mem type="soa" free="11363808" total="66492416" percent="17" />
      <mem type="loa" free="3500032" total="3500032" percent="100" />
    </mem>
    <pending-finalizers system="0" default="1558" reference="61" classloader="0" />
    <remembered-set count="4581" />
  </mem-info>
</gc-end>
<cycle-end id="1945" type="scavenge" contextid="1938" timestamp="2024-07-17T19:33:10.304" />
<allocation-satisfied id="1946" threadId="0000000000857800" bytesRequested="2640" />
<af-end id="1947" timestamp="2024-07-17T19:33:10.305" threadId="0000000000858238" success="true" from="nursery"/>
<exclusive-end id="1948" timestamp="2024-07-17T19:33:10.305" durationms="12.718" />

<exclusive-start id="1949" timestamp="2024-07-17T19:33:10.381" intervalms="88.849">
  <response-info timems="0.059" idlems="0.059" threads="0" lastid="00000000013CD800" lastname="ClassloaderMapProcessingThread-9" />
</exclusive-start>
<af-start id="1950" threadId="00000000013CE238" totalBytesRequested="24" timestamp="2024-07-17T19:33:10.381" intervalms="88.874" type="nursery" />
<cycle-start id="1951" type="scavenge" contextid="0" timestamp="2024-07-17T19:33:10.382" intervalms="88.808" />
<gc-start id="1952" type="scavenge" contextid="1951" timestamp="2024-07-17T19:33:10.382">
  <mem-info id="1953" free="14862200" total="163446784" percent="9">
    <mem type="nursery" free="0" total="93454336" percent="0">
      <mem type="allocate" free="0" total="73793536" percent="0" />
      <mem type="survivor" free="0" total="19660800" percent="0" />
    </mem>
    <mem type="tenure" free="14862200" total="69992448" percent="21">
      <mem type="soa" free="11362168" total="66492416" percent="17" />
      <mem type="loa" free="3500032" total="3500032" percent="100" />
    </mem>
    <remembered-set count="7893" />
  </mem-info>
</gc-start>
<allocation-stats totalBytes="58763088" discardedBytes="50384" >
  <allocated-bytes non-tlh="3894248" tlh="54868840" />
  <largest-consumer threadName="ClassloaderMapProcessingThread-9" threadId="00000000013CD800" bytes="13201080" />
</allocation-stats>
<gc-op id="1954" type="scavenge" timems="8.712" contextid="1951" timestamp="2024-07-17T19:33:10.391">
  <scavenger-info tenureage="7" tenuremask="7f80" tiltratio="78" />
  <memory-copied type="nursery" objects="243170" bytes="19225088" bytesdiscarded="422720" />
  <memory-copied type="tenure" objects="1041" bytes="319600" bytesdiscarded="464" />
  <copy-failed type="nursery" objects="1041" bytes="319640" />
  <finalization candidates="701" enqueued="630" />
  <ownableSynchronizers candidates="106" cleared="40" />
  <references type="soft" candidates="128" cleared="0" enqueued="0" dynamicThreshold="9" maxThreshold="32" />
  <references type="weak" candidates="292" cleared="101" enqueued="101" />
  <references type="phantom" candidates="323" cleared="140" enqueued="140" />
  <object-monitors candidates="144" cleared="0"  />
</gc-op>
<heap-resize id="1955" type="expand" space="nursery" amount="4587520" count="1" timems="0.032" reason="excessive time being spent scavenging" timestamp="2024-07-17T19:33:10.392" />
<gc-end id="1956" type="scavenge" contextid="1951" durationms="9.943" usertimems="62.385" systemtimems="0.000" stalltimems="32.773" timestamp="2024-07-17T19:33:10.392" activeThreads="11">
  <mem-info id="1957" free="63250064" total="168034304" percent="37">
    <mem type="nursery" free="48562176" total="98041856" percent="49">
      <mem type="allocate" free="48562176" total="68222976" percent="71" />
      <mem type="survivor" free="0" total="29818880" percent="0" />
    </mem>
    <mem type="tenure" free="14687888" total="69992448" percent="20">
      <mem type="soa" free="11187856" total="66492416" percent="16" />
      <mem type="loa" free="3500032" total="3500032" percent="100" />
    </mem>
    <pending-finalizers system="0" default="630" reference="241" classloader="0" />
    <remembered-set count="6929" />
  </mem-info>
</gc-end>
<cycle-end id="1958" type="scavenge" contextid="1951" timestamp="2024-07-17T19:33:10.392" />
<allocation-satisfied id="1959" threadId="00000000013CD800" bytesRequested="24" />
<af-end id="1960" timestamp="2024-07-17T19:33:10.393" threadId="00000000013CE238" success="true" from="nursery"/>
<exclusive-end id="1961" timestamp="2024-07-17T19:33:10.393" durationms="12.213" />

<exclusive-start id="1962" timestamp="2024-07-17T19:33:10.439" intervalms="58.380">
  <response-info timems="0.081" idlems="0.079" threads="1" lastid="0000000000853C00" lastname="Default Executor-thread-8" />
</exclusive-start>
<af-start id="1963" threadId="0000000000850938" totalBytesRequested="88" timestamp="2024-07-17T19:33:10.440" intervalms="58.342" type="nursery" />
<cycle-start id="1964" type="scavenge" contextid="0" timestamp="2024-07-17T19:33:10.440" intervalms="58.449" />
<gc-start id="1965" type="scavenge" contextid="1964" timestamp="2024-07-17T19:33:10.440">
  <mem-info id="1966" free="14687552" total="168034304" percent="8">
    <mem type="nursery" free="0" total="98041856" percent="0">
      <mem type="allocate" free="0" total="68222976" percent="0" />
      <mem type="survivor" free="0" total="29818880" percent="0" />
    </mem>
    <mem type="tenure" free="14687552" total="69992448" percent="20">
      <mem type="soa" free="11187520" total="66492416" percent="16" />
      <mem type="loa" free="3500032" total="3500032" percent="100" />
    </mem>
    <remembered-set count="7150" />
  </mem-info>
</gc-start>
<allocation-stats totalBytes="48481128" discardedBytes="81384" >
  <allocated-bytes non-tlh="2066448" tlh="46414680" />
  <largest-consumer threadName="Default Executor-thread-8" threadId="0000000000853C00" bytes="13443880" />
</allocation-stats>
<gc-op id="1967" type="scavenge" timems="10.362" contextid="1964" timestamp="2024-07-17T19:33:10.451">
  <scavenger-info tenureage="7" tenuremask="7f80" tiltratio="69" />
  <memory-copied type="nursery" objects="251512" bytes="21120216" bytesdiscarded="339968" />
  <memory-copied type="tenure" objects="8583" bytes="666072" bytesdiscarded="688" />
  <finalization candidates="640" enqueued="562" />
  <ownableSynchronizers candidates="98" cleared="19" />
  <references type="soft" candidates="126" cleared="0" enqueued="0" dynamicThreshold="9" maxThreshold="32" />
  <references type="weak" candidates="213" cleared="21" enqueued="21" />
  <references type="phantom" candidates="187" cleared="0" enqueued="0" />
  <object-monitors candidates="144" cleared="0"  />
</gc-op>
<heap-resize id="1968" type="expand" space="nursery" amount="8650752" count="1" timems="0.030" reason="excessive time being spent scavenging" timestamp="2024-07-17T19:33:10.452" />
<gc-end id="1969" type="scavenge" contextid="1964" durationms="11.552" usertimems="55.080" systemtimems="24.728" stalltimems="40.866" timestamp="2024-07-17T19:33:10.452" activeThreads="12">
  <mem-info id="1970" free="69691368" total="176685056" percent="39">
    <mem type="nursery" free="56061984" total="106692608" percent="52">
      <mem type="allocate" free="56061984" total="77529088" percent="72" />
      <mem type="survivor" free="0" total="29163520" percent="0" />
    </mem>
    <mem type="tenure" free="13629384" total="69992448" percent="19">
      <mem type="soa" free="10129352" total="66492416" percent="15" />
      <mem type="loa" free="3500032" total="3500032" percent="100" />
    </mem>
    <pending-finalizers system="0" default="562" reference="21" classloader="0" />
    <remembered-set count="7890" />
  </mem-info>
</gc-end>
<cycle-end id="1971" type="scavenge" contextid="1964" timestamp="2024-07-17T19:33:10.452" />
<allocation-satisfied id="1972" threadId="000000000084FF00" bytesRequested="88" />
<af-end id="1973" timestamp="2024-07-17T19:33:10.453" threadId="0000000000850938" success="true" from="nursery"/>
<exclusive-end id="1974" timestamp="2024-07-17T19:33:10.453" durationms="13.749" />

<exclusive-start id="1975" timestamp="2024-07-17T19:33:10.488" intervalms="48.373">
  <response-info timems="0.075" idlems="0.075" threads="0" lastid="000000000085B500" lastname="Default Executor-thread-10" />
</exclusive-start>
<af-start id="1976" threadId="000000000085BF38" totalBytesRequested="1088" timestamp="2024-07-17T19:33:10.488" intervalms="48.458" type="nursery" />
<cycle-start id="1977" type="scavenge" contextid="0" timestamp="2024-07-17T19:33:10.488" intervalms="48.399" />
<gc-start id="1978" type="scavenge" contextid="1977" timestamp="2024-07-17T19:33:10.489">
  <mem-info id="1979" free="13629000" total="176685056" percent="7">
    <mem type="nursery" free="0" total="106692608" percent="0">
      <mem type="allocate" free="0" total="77529088" percent="0" />
      <mem type="survivor" free="0" total="29163520" percent="0" />
    </mem>
    <mem type="tenure" free="13629000" total="69992448" percent="19">
      <mem type="soa" free="10128968" total="66492416" percent="15" />
      <mem type="loa" free="3500032" total="3500032" percent="100" />
    </mem>
    <remembered-set count="8020" />
  </mem-info>
</gc-start>
<allocation-stats totalBytes="55968032" discardedBytes="94336" >
  <allocated-bytes non-tlh="948432" tlh="55019600" />
  <largest-consumer threadName="Default Executor-thread-8" threadId="0000000000853C00" bytes="13588608" />
</allocation-stats>
<gc-op id="1980" type="scavenge" timems="9.825" contextid="1977" timestamp="2024-07-17T19:33:10.499">
  <scavenger-info tenureage="7" tenuremask="7f80" tiltratio="72" />
  <memory-copied type="nursery" objects="290912" bytes="23358528" bytesdiscarded="468312" />
  <memory-copied type="tenure" objects="16833" bytes="785768" bytesdiscarded="128" />
  <finalization candidates="698" enqueued="609" />
  <ownableSynchronizers candidates="86" cleared="6" />
  <references type="soft" candidates="122" cleared="0" enqueued="0" dynamicThreshold="9" maxThreshold="32" />
  <references type="weak" candidates="207" cleared="11" enqueued="11" />
  <references type="phantom" candidates="191" cleared="0" enqueued="0" />
  <object-monitors candidates="145" cleared="0"  />
</gc-op>
<heap-resize id="1981" type="expand" space="nursery" amount="11403264" count="1" timems="0.026" reason="excessive time being spent scavenging" timestamp="2024-07-17T19:33:10.500" />
<gc-end id="1982" type="scavenge" contextid="1977" durationms="10.996" usertimems="78.507" systemtimems="0.000" stalltimems="35.467" timestamp="2024-07-17T19:33:10.500" activeThreads="12">
  <mem-info id="1983" free="75122048" total="188088320" percent="39">
    <mem type="nursery" free="62018360" total="118095872" percent="52">
      <mem type="allocate" free="62018360" total="85852160" percent="72" />
      <mem type="survivor" free="0" total="32243712" percent="0" />
    </mem>
    <mem type="tenure" free="13103688" total="69992448" percent="18">
      <mem type="soa" free="9603656" total="66492416" percent="14" />
      <mem type="loa" free="3500032" total="3500032" percent="100" />
    </mem>
    <pending-finalizers system="0" default="609" reference="11" classloader="0" />
    <remembered-set count="9472" />
  </mem-info>
</gc-end>
<cycle-end id="1984" type="scavenge" contextid="1977" timestamp="2024-07-17T19:33:10.500" />
<allocation-satisfied id="1985" threadId="000000000085B500" bytesRequested="1088" />
<af-end id="1986" timestamp="2024-07-17T19:33:10.501" threadId="000000000085BF38" success="true" from="nursery"/>
<exclusive-end id="1987" timestamp="2024-07-17T19:33:10.501" durationms="13.108" />

<exclusive-start id="1988" timestamp="2024-07-17T19:33:10.539" intervalms="51.112">
  <response-info timems="0.080" idlems="0.062" threads="1" lastid="000000000084FF00" lastname="Default Executor-thread-7" />
</exclusive-start>
<af-start id="1989" threadId="0000000000858238" totalBytesRequested="208" timestamp="2024-07-17T19:33:10.539" intervalms="50.989" type="nursery" />
<cycle-start id="1990" type="scavenge" contextid="0" timestamp="2024-07-17T19:33:10.539" intervalms="50.980" />
<gc-start id="1991" type="scavenge" contextid="1990" timestamp="2024-07-17T19:33:10.540">
  <mem-info id="1992" free="13103688" total="188088320" percent="6">
    <mem type="nursery" free="0" total="118095872" percent="0">
      <mem type="allocate" free="0" total="85852160" percent="0" />
      <mem type="survivor" free="0" total="32243712" percent="0" />
    </mem>
    <mem type="tenure" free="13103688" total="69992448" percent="18">
      <mem type="soa" free="9603656" total="66492416" percent="14" />
      <mem type="loa" free="3500032" total="3500032" percent="100" />
    </mem>
    <remembered-set count="9525" />
  </mem-info>
</gc-start>
<allocation-stats totalBytes="61980304" discardedBytes="38056" >
  <allocated-bytes non-tlh="669728" tlh="61310576" />
  <largest-consumer threadName="Default Executor-thread-10" threadId="000000000085B500" bytes="18584320" />
</allocation-stats>
<gc-op id="1993" type="scavenge" timems="14.806" contextid="1990" timestamp="2024-07-17T19:33:10.555">
  <scavenger-info tenureage="3" tenuremask="7f98" tiltratio="72" />
  <memory-copied type="nursery" objects="211149" bytes="16088968" bytesdiscarded="357192" />
  <memory-copied type="tenure" objects="145485" bytes="13058864" bytesdiscarded="10520" />
  <finalization candidates="1547" enqueued="1458" />
  <ownableSynchronizers candidates="80" cleared="0" />
  <references type="soft" candidates="51" cleared="0" enqueued="0" dynamicThreshold="9" maxThreshold="32" />
  <references type="weak" candidates="51" cleared="2" enqueued="2" />
  <references type="phantom" candidates="36" cleared="0" enqueued="0" />
  <object-monitors candidates="145" cleared="0"  />
  <heap-resize type="expand" space="tenure" amount="3276800" count="25" timems="1.416" reason="continue current collection" />
</gc-op>
<heap-resize id="1994" type="expand" space="nursery" amount="15859712" count="1" timems="0.021" reason="excessive time being spent scavenging" timestamp="2024-07-17T19:33:10.555" />
<gc-end id="1995" type="scavenge" contextid="1990" durationms="15.932" usertimems="96.756" systemtimems="25.431" stalltimems="37.789" timestamp="2024-07-17T19:33:10.556" activeThreads="12">
  <mem-info id="1996" free="88621488" total="207224832" percent="42">
    <mem type="nursery" free="84932024" total="133955584" percent="63">
      <mem type="allocate" free="84932024" total="101384192" percent="83" />
      <mem type="survivor" free="0" total="32571392" percent="0" />
    </mem>
    <mem type="tenure" free="3689464" total="73269248" percent="5">
      <mem type="soa" free="25592" total="69605376" percent="0" />
      <mem type="loa" free="3663872" total="3663872" percent="100" />
    </mem>
    <pending-finalizers system="0" default="1458" reference="2" classloader="0" />
    <remembered-set count="14234" />
  </mem-info>
</gc-end>
<cycle-end id="1997" type="scavenge" contextid="1990" timestamp="2024-07-17T19:33:10.556" />
<allocation-satisfied id="1998" threadId="0000000000857800" bytesRequested="208" />
<af-end id="1999" timestamp="2024-07-17T19:33:10.557" threadId="0000000000858238" success="true" from="nursery"/>
<exclusive-end id="2000" timestamp="2024-07-17T19:33:10.557" durationms="18.075" />

<concurrent-kickoff id="2001" timestamp="2024-07-17T19:33:10.602">
  <kickoff reason="threshold reached" targetBytes="35770850" thresholdFreeBytes="4939609"  remainingFree="4851072" tenureFreeBytes="3689288" nurseryFreeBytes="4851072" />
</concurrent-kickoff>
<exclusive-start id="2002" timestamp="2024-07-17T19:33:10.604" intervalms="64.817">
  <response-info timems="0.061" idlems="0.061" threads="0" lastid="00000000013CD800" lastname="ClassloaderMapProcessingThread-9" />
</exclusive-start>
<cycle-start id="2003" type="global" contextid="0" timestamp="2024-07-17T19:33:10.604" intervalms="743.302" />
<concurrent-start id="2004" type="global mark" contextid="2003" timestamp="2024-07-17T19:33:10.604">
</concurrent-start>
<exclusive-end id="2005" timestamp="2024-07-17T19:33:10.604" durationms="0.934" />

<concurrent-end id="2006" type="global mark" contextid="2003" timestamp="2024-07-17T19:33:10.624">
<gc-op id="2007" type="trace" timems="19.526" contextid="2003" timestamp="2024-07-17T19:33:10.624">
  <trace bytesTraced="36632116" workStackOverflowCount="0" />
  <card-cleaning reason="card cleaning threshold reached" bytesTraced="5200" cardsCleaned="15" />
</gc-op>
</concurrent-end>

<exclusive-start id="2008" timestamp="2024-07-17T19:33:10.624" intervalms="20.854">
  <response-info timems="0.720" idlems="0.379" threads="1" lastid="000000000084FF00" lastname="Default Executor-thread-7" />
</exclusive-start>
<af-start id="2009" threadId="000000000085BF38" totalBytesRequested="1432" timestamp="2024-07-17T19:33:10.625" intervalms="85.682" type="nursery" />
<percolate-collect id="2010" from="nursery" to="global" reason="concurrent mark exhausted" timestamp="2024-07-17T19:33:10.625"/>
<gc-start id="2011" type="global" contextid="2003" timestamp="2024-07-17T19:33:10.626">
  <mem-info id="2012" free="3689288" total="207224832" percent="1">
    <mem type="nursery" free="0" total="133955584" percent="0">
      <mem type="allocate" free="0" total="101384192" percent="0" />
      <mem type="survivor" free="0" total="32571392" percent="0" />
    </mem>
    <mem type="tenure" free="3689288" total="73269248" percent="5">
      <mem type="soa" free="25416" total="69605376" percent="0" />
      <mem type="loa" free="3663872" total="3663872" percent="100" />
    </mem>
    <remembered-set count="14432" />
  </mem-info>
</gc-start>
<allocation-stats totalBytes="84791640" discardedBytes="140560" >
  <allocated-bytes non-tlh="1429944" tlh="83361696" />
  <largest-consumer threadName="Default Executor-thread-7" threadId="000000000084FF00" bytes="19679016" />
</allocation-stats>
<heap-resize id="2013" type="loa contract" space="tenure" amount="732160" count="1" timems="0.000" reason="contract underutilized loa" timestamp="2024-07-17T19:33:10.626" />
<gc-op id="2014" type="rs-scan" timems="4.645" contextid="2003" timestamp="2024-07-17T19:33:10.631">
  <scan objectsFound="263974" bytesTraced="15758016" workStackOverflowCount="0" />
</gc-op>
<gc-op id="2015" type="card-cleaning" timems="0.752" contextid="2003" timestamp="2024-07-17T19:33:10.632">
  <card-cleaning cardsCleaned="9" bytesTraced="7516" workStackOverflowCount="0" />
</gc-op>
<gc-op id="2016" type="mark" timems="9.821" contextid="2003" timestamp="2024-07-17T19:33:10.642">
  <trace-info objectcount="32339" scancount="23978" scanbytes="1060508" />
  <finalization candidates="2927" enqueued="2049" />
  <ownableSynchronizers candidates="7862" cleared="35" />
  <references type="soft" candidates="12407" cleared="0" enqueued="0" dynamicThreshold="9" maxThreshold="32" />
  <references type="weak" candidates="14871" cleared="7" enqueued="7" />
  <references type="phantom" candidates="576" cleared="0" enqueued="0" />
  <stringconstants candidates="37772" cleared="20"  />
  <object-monitors candidates="145" cleared="0"  />
</gc-op>
<gc-op id="2017" type="classunload" timems="0.032" contextid="2003" timestamp="2024-07-17T19:33:10.643">
  <classunload-info classloadercandidates="407" classloadersunloaded="0" classesunloaded="0" anonymousclassesunloaded="0" quiescems="0.000" setupms="0.028" scanms="0.004" postms="0.000" />
</gc-op>
<gc-op id="2018" type="sweep" timems="2.258" contextid="2003" timestamp="2024-07-17T19:33:10.645" />
<heap-resize id="2019" type="expand" space="tenure" amount="19660800" count="1" timems="0.468" reason="insufficient free space following gc" timestamp="2024-07-17T19:33:10.646" />
<heap-resize id="2020" type="loa contract" space="tenure" amount="2788352" count="1" timems="0.000" reason="contract to meet minimum soa" timestamp="2024-07-17T19:33:10.646" />
<gc-end id="2021" type="global" contextid="2003" durationms="20.727" usertimems="73.119" systemtimems="17.476" stalltimems="97.332" timestamp="2024-07-17T19:33:10.646" activeThreads="12">
  <mem-info id="2022" free="106108504" total="226885632" percent="46">
    <mem type="nursery" free="78226112" total="133955584" percent="58">
      <mem type="allocate" free="78226112" total="101384192" percent="77" />
      <mem type="survivor" free="0" total="32571392" percent="0" />
    </mem>
    <mem type="tenure" free="27882392" total="92930048" percent="30" micro-fragmented="1722897" macro-fragmented="0">
      <mem type="soa" free="26952600" total="92000256" percent="29" />
      <mem type="loa" free="929792" total="929792" percent="100" />
    </mem>
    <pending-finalizers system="0" default="2049" reference="7" classloader="0" />
    <remembered-set count="14273" />
  </mem-info>
</gc-end>
<cycle-end id="2023" type="global" contextid="2003" timestamp="2024-07-17T19:33:10.647" />
<allocation-satisfied id="2024" threadId="000000000085B500" bytesRequested="1432" />
<af-end id="2025" timestamp="2024-07-17T19:33:10.647" threadId="000000000085BF38" success="true" from="nursery"/>
<exclusive-end id="2026" timestamp="2024-07-17T19:33:10.647" durationms="22.752" />

<exclusive-start id="2027" timestamp="2024-07-17T19:33:10.693" intervalms="68.223">
  <response-info timems="0.057" idlems="0.057" threads="0" lastid="000000000085B500" lastname="Default Executor-thread-10" />
</exclusive-start>
<af-start id="2028" threadId="000000000085BF38" totalBytesRequested="80" timestamp="2024-07-17T19:33:10.693" intervalms="68.262" type="nursery" />
<cycle-start id="2029" type="scavenge" contextid="0" timestamp="2024-07-17T19:33:10.693" intervalms="153.985" />
<gc-start id="2030" type="scavenge" contextid="2029" timestamp="2024-07-17T19:33:10.694">
  <mem-info id="2031" free="27882248" total="226885632" percent="12">
    <mem type="nursery" free="0" total="133955584" percent="0">
      <mem type="allocate" free="0" total="101384192" percent="0" />
      <mem type="survivor" free="0" total="32571392" percent="0" />
    </mem>
    <mem type="tenure" free="27882248" total="92930048" percent="30">
      <mem type="soa" free="26952456" total="92000256" percent="29" />
      <mem type="loa" free="929792" total="929792" percent="100" />
    </mem>
    <remembered-set count="14356" />
  </mem-info>
</gc-start>
<allocation-stats totalBytes="77200320" discardedBytes="844120" >
  <allocated-bytes non-tlh="16175320" tlh="61025000" />
  <largest-consumer threadName="Default Executor-thread-9" threadId="0000000000857800" bytes="18616776" />
</allocation-stats>
<gc-op id="2032" type="scavenge" timems="10.120" contextid="2029" timestamp="2024-07-17T19:33:10.705">
  <scavenger-info tenureage="7" tenuremask="7f80" tiltratio="75" />
  <memory-copied type="nursery" objects="251644" bytes="22265864" bytesdiscarded="539328" />
  <memory-copied type="tenure" objects="18909" bytes="954472" bytesdiscarded="2488" />
  <finalization candidates="2333" enqueued="2269" />
  <ownableSynchronizers candidates="15674" cleared="15635" />
  <references type="soft" candidates="45" cleared="0" enqueued="0" dynamicThreshold="9" maxThreshold="32" />
  <references type="weak" candidates="55" cleared="4" enqueued="4" />
  <references type="phantom" candidates="55" cleared="0" enqueued="0" />
  <object-monitors candidates="145" cleared="0"  />
</gc-op>
<gc-end id="2033" type="scavenge" contextid="2029" durationms="11.178" usertimems="78.447" systemtimems="8.352" stalltimems="34.632" timestamp="2024-07-17T19:33:10.705" activeThreads="12">
  <mem-info id="2034" free="105563440" total="226885632" percent="46">
    <mem type="nursery" free="78967424" total="133955584" percent="58">
      <mem type="allocate" free="78967424" total="101777408" percent="77" />
      <mem type="survivor" free="0" total="32178176" percent="0" />
    </mem>
    <mem type="tenure" free="26596016" total="92930048" percent="28">
      <mem type="soa" free="25666224" total="92000256" percent="27" />
      <mem type="loa" free="929792" total="929792" percent="100" />
    </mem>
    <pending-finalizers system="0" default="2269" reference="4" classloader="0" />
    <remembered-set count="13574" />
  </mem-info>
</gc-end>
<cycle-end id="2035" type="scavenge" contextid="2029" timestamp="2024-07-17T19:33:10.705" />
<allocation-satisfied id="2036" threadId="000000000085B500" bytesRequested="80" />
<af-end id="2037" timestamp="2024-07-17T19:33:10.706" threadId="000000000085BF38" success="true" from="nursery"/>
<exclusive-end id="2038" timestamp="2024-07-17T19:33:10.706" durationms="13.542" />

<exclusive-start id="2039" timestamp="2024-07-17T19:33:10.765" intervalms="72.648">
  <response-info timems="0.061" idlems="0.061" threads="0" lastid="0000000000857800" lastname="Default Executor-thread-9" />
</exclusive-start>
<af-start id="2040" threadId="0000000000858238" totalBytesRequested="2936" timestamp="2024-07-17T19:33:10.766" intervalms="72.724" type="nursery" />
<cycle-start id="2041" type="scavenge" contextid="0" timestamp="2024-07-17T19:33:10.766" intervalms="72.705" />
<gc-start id="2042" type="scavenge" contextid="2041" timestamp="2024-07-17T19:33:10.767">
  <mem-info id="2043" free="26596016" total="226885632" percent="11">
    <mem type="nursery" free="0" total="133955584" percent="0">
      <mem type="allocate" free="0" total="101777408" percent="0" />
      <mem type="survivor" free="0" total="32178176" percent="0" />
    </mem>
    <mem type="tenure" free="26596016" total="92930048" percent="28">
      <mem type="soa" free="25666224" total="92000256" percent="27" />
      <mem type="loa" free="929792" total="929792" percent="100" />
    </mem>
    <remembered-set count="13704" />
  </mem-info>
</gc-start>
<allocation-stats totalBytes="78907024" discardedBytes="60400" >
  <allocated-bytes non-tlh="1005344" tlh="77901680" />
  <largest-consumer threadName="Default Executor-thread-9" threadId="0000000000857800" bytes="21117328" />
</allocation-stats>
<gc-op id="2044" type="scavenge" timems="10.737" contextid="2041" timestamp="2024-07-17T19:33:10.778">
  <scavenger-info tenureage="4" tenuremask="7f90" tiltratio="75" />
  <memory-copied type="nursery" objects="236491" bytes="21900880" bytesdiscarded="464744" />
  <memory-copied type="tenure" objects="58326" bytes="3888216" bytesdiscarded="6832" />
  <finalization candidates="3090" enqueued="3041" />
  <ownableSynchronizers candidates="38" cleared="0" />
  <references type="soft" candidates="3" cleared="0" enqueued="0" dynamicThreshold="9" maxThreshold="32" />
  <references type="weak" candidates="32" cleared="4" enqueued="4" />
  <references type="phantom" candidates="183" cleared="140" enqueued="140" />
  <object-monitors candidates="145" cleared="0"  />
</gc-op>
<heap-resize id="2045" type="expand" space="nursery" amount="12189696" count="1" timems="0.029" reason="excessive time being spent scavenging" timestamp="2024-07-17T19:33:10.779" />
<gc-end id="2046" type="scavenge" contextid="2041" durationms="12.322" usertimems="82.355" systemtimems="6.094" stalltimems="38.133" timestamp="2024-07-17T19:33:10.779" activeThreads="12">
  <mem-info id="2047" free="112142864" total="239075328" percent="46">
    <mem type="nursery" free="90018960" total="146145280" percent="61">
      <mem type="allocate" free="90018960" total="112394240" percent="80" />
      <mem type="survivor" free="0" total="33751040" percent="0" />
    </mem>
    <mem type="tenure" free="22123904" total="92930048" percent="23">
      <mem type="soa" free="21194112" total="92000256" percent="23" />
      <mem type="loa" free="929792" total="929792" percent="100" />
    </mem>
    <pending-finalizers system="0" default="3041" reference="144" classloader="0" />
    <remembered-set count="5844" />
  </mem-info>
</gc-end>
<cycle-end id="2048" type="scavenge" contextid="2041" timestamp="2024-07-17T19:33:10.779" />
<allocation-satisfied id="2049" threadId="0000000000857800" bytesRequested="2936" />
<af-end id="2050" timestamp="2024-07-17T19:33:10.780" threadId="0000000000858238" success="true" from="nursery"/>
<exclusive-end id="2051" timestamp="2024-07-17T19:33:10.780" durationms="14.601" />

<exclusive-start id="2052" timestamp="2024-07-17T19:33:10.839" intervalms="73.484">
  <response-info timems="0.062" idlems="0.062" threads="0" lastid="0000000000857800" lastname="Default Executor-thread-9" />
</exclusive-start>
<af-start id="2053" threadId="0000000000858238" totalBytesRequested="6544" timestamp="2024-07-17T19:33:10.839" intervalms="73.445" type="nursery" />
<cycle-start id="2054" type="scavenge" contextid="0" timestamp="2024-07-17T19:33:10.840" intervalms="73.432" />
<gc-start id="2055" type="scavenge" contextid="2054" timestamp="2024-07-17T19:33:10.840">
  <mem-info id="2056" free="22123904" total="239075328" percent="9">
    <mem type="nursery" free="0" total="146145280" percent="0">
      <mem type="allocate" free="0" total="112394240" percent="0" />
      <mem type="survivor" free="0" total="33751040" percent="0" />
    </mem>
    <mem type="tenure" free="22123904" total="92930048" percent="23">
      <mem type="soa" free="21194112" total="92000256" percent="23" />
      <mem type="loa" free="929792" total="929792" percent="100" />
    </mem>
    <remembered-set count="6231" />
  </mem-info>
</gc-start>
<allocation-stats totalBytes="89884128" discardedBytes="134832" >
  <allocated-bytes non-tlh="658376" tlh="89225752" />
  <largest-consumer threadName="Default Executor-thread-9" threadId="0000000000857800" bytes="23993568" />
</allocation-stats>
<gc-op id="2057" type="scavenge" timems="9.227" contextid="2054" timestamp="2024-07-17T19:33:10.850">
  <scavenger-info tenureage="7" tenuremask="7f80" tiltratio="76" />
  <memory-copied type="nursery" objects="259669" bytes="25094728" bytesdiscarded="446856" />
  <finalization candidates="3204" enqueued="3181" />
  <ownableSynchronizers candidates="29" cleared="0" />
  <references type="soft" candidates="3" cleared="0" enqueued="0" dynamicThreshold="9" maxThreshold="32" />
  <references type="weak" candidates="36" cleared="0" enqueued="0" />
  <references type="phantom" candidates="31" cleared="0" enqueued="0" />
  <object-monitors candidates="145" cleared="0"  />
</gc-op>
<heap-resize id="2058" type="expand" space="nursery" amount="9437184" count="1" timems="0.029" reason="excessive time being spent scavenging" timestamp="2024-07-17T19:33:10.850" />
<gc-end id="2059" type="scavenge" contextid="2054" durationms="10.654" usertimems="74.002" systemtimems="0.000" stalltimems="33.734" timestamp="2024-07-17T19:33:10.851" activeThreads="12">
  <mem-info id="2060" free="117623672" total="248512512" percent="47">
    <mem type="nursery" free="95499768" total="155582464" percent="61">
      <mem type="allocate" free="95499768" total="121044992" percent="78" />
      <mem type="survivor" free="0" total="34537472" percent="0" />
    </mem>
    <mem type="tenure" free="22123904" total="92930048" percent="23">
      <mem type="soa" free="21194112" total="92000256" percent="23" />
      <mem type="loa" free="929792" total="929792" percent="100" />
    </mem>
    <pending-finalizers system="0" default="3181" reference="0" classloader="0" />
    <remembered-set count="5940" />
  </mem-info>
</gc-end>
<cycle-end id="2061" type="scavenge" contextid="2054" timestamp="2024-07-17T19:33:10.851" />
<allocation-satisfied id="2062" threadId="0000000000857800" bytesRequested="6544" />
<af-end id="2063" timestamp="2024-07-17T19:33:10.852" threadId="0000000000858238" success="true" from="nursery"/>
<exclusive-end id="2064" timestamp="2024-07-17T19:33:10.852" durationms="13.070" />

<exclusive-start id="2065" timestamp="2024-07-17T19:33:10.906" intervalms="67.204">
  <response-info timems="0.058" idlems="0.037" threads="2" lastid="0000000000853C00" lastname="Default Executor-thread-8" />
</exclusive-start>
<af-start id="2066" threadId="000000000085BF38" totalBytesRequested="6984" timestamp="2024-07-17T19:33:10.906" intervalms="67.293" type="nursery" />
<cycle-start id="2067" type="scavenge" contextid="0" timestamp="2024-07-17T19:33:10.907" intervalms="67.371" />
<gc-start id="2068" type="scavenge" contextid="2067" timestamp="2024-07-17T19:33:10.907">
  <mem-info id="2069" free="22123904" total="248512512" percent="8">
    <mem type="nursery" free="0" total="155582464" percent="0">
      <mem type="allocate" free="0" total="121044992" percent="0" />
      <mem type="survivor" free="0" total="34537472" percent="0" />
    </mem>
    <mem type="tenure" free="22123904" total="92930048" percent="23">
      <mem type="soa" free="21194112" total="92000256" percent="23" />
      <mem type="loa" free="929792" total="929792" percent="100" />
    </mem>
    <remembered-set count="6066" />
  </mem-info>
</gc-start>
<allocation-stats totalBytes="95390528" discardedBytes="109240" >
  <allocated-bytes non-tlh="1085960" tlh="94304568" />
  <largest-consumer threadName="Default Executor-thread-7" threadId="000000000084FF00" bytes="28913336" />
</allocation-stats>
<gc-op id="2070" type="scavenge" timems="14.075" contextid="2067" timestamp="2024-07-17T19:33:10.922">
  <scavenger-info tenureage="7" tenuremask="7f80" tiltratio="77" />
  <memory-copied type="nursery" objects="301273" bytes="29075752" bytesdiscarded="398584" />
  <finalization candidates="3530" enqueued="3506" />
  <ownableSynchronizers candidates="35" cleared="0" />
  <references type="soft" candidates="3" cleared="0" enqueued="0" dynamicThreshold="9" maxThreshold="32" />
  <references type="weak" candidates="39" cleared="1" enqueued="1" />
  <references type="phantom" candidates="33" cleared="0" enqueued="0" />
  <object-monitors candidates="145" cleared="0"  />
</gc-op>
<heap-resize id="2071" type="expand" space="nursery" amount="15466496" count="1" timems="0.028" reason="excessive time being spent scavenging" timestamp="2024-07-17T19:33:10.923" />
<gc-end id="2072" type="scavenge" contextid="2067" durationms="15.814" usertimems="113.369" systemtimems="0.899" stalltimems="27.228" timestamp="2024-07-17T19:33:10.923" activeThreads="12">
  <mem-info id="2073" free="122866440" total="263979008" percent="46">
    <mem type="nursery" free="100742536" total="171048960" percent="58">
      <mem type="allocate" free="100742536" total="130220032" percent="77" />
      <mem type="survivor" free="0" total="40828928" percent="0" />
    </mem>
    <mem type="tenure" free="22123904" total="92930048" percent="23">
      <mem type="soa" free="21194112" total="92000256" percent="23" />
      <mem type="loa" free="929792" total="929792" percent="100" />
    </mem>
    <pending-finalizers system="0" default="3506" reference="1" classloader="0" />
    <remembered-set count="6015" />
  </mem-info>
</gc-end>
<cycle-end id="2074" type="scavenge" contextid="2067" timestamp="2024-07-17T19:33:10.924" />
<allocation-satisfied id="2075" threadId="000000000085B500" bytesRequested="6984" />
<af-end id="2076" timestamp="2024-07-17T19:33:10.924" threadId="000000000085BF38" success="true" from="nursery"/>
<exclusive-end id="2077" timestamp="2024-07-17T19:33:10.925" durationms="18.734" />

<exclusive-start id="2078" timestamp="2024-07-17T19:33:10.997" intervalms="90.684">
  <response-info timems="0.046" idlems="0.046" threads="0" lastid="0000000000857800" lastname="Default Executor-thread-9" />
</exclusive-start>
<af-start id="2079" threadId="0000000000858238" totalBytesRequested="88" timestamp="2024-07-17T19:33:10.997" intervalms="90.554" type="nursery" />
<cycle-start id="2080" type="scavenge" contextid="0" timestamp="2024-07-17T19:33:10.997" intervalms="90.534" />
<gc-start id="2081" type="scavenge" contextid="2080" timestamp="2024-07-17T19:33:10.999">
  <mem-info id="2082" free="22123904" total="263979008" percent="8">
    <mem type="nursery" free="0" total="171048960" percent="0">
      <mem type="allocate" free="0" total="130220032" percent="0" />
      <mem type="survivor" free="0" total="40828928" percent="0" />
    </mem>
    <mem type="tenure" free="22123904" total="92930048" percent="23">
      <mem type="soa" free="21194112" total="92000256" percent="23" />
      <mem type="loa" free="929792" total="929792" percent="100" />
    </mem>
    <remembered-set count="6218" />
  </mem-info>
</gc-start>
<allocation-stats totalBytes="100582032" discardedBytes="160504" >
  <allocated-bytes non-tlh="4020048" tlh="96561984" />
  <largest-consumer threadName="Default Executor-thread-9" threadId="0000000000857800" bytes="28991040" />
</allocation-stats>
<gc-op id="2083" type="scavenge" timems="10.469" contextid="2080" timestamp="2024-07-17T19:33:11.010">
  <scavenger-info tenureage="7" tenuremask="7f80" tiltratio="76" />
  <memory-copied type="nursery" objects="322836" bytes="32061376" bytesdiscarded="301040" />
  <finalization candidates="3401" enqueued="3378" />
  <ownableSynchronizers candidates="37" cleared="0" />
  <references type="soft" candidates="3" cleared="0" enqueued="0" dynamicThreshold="9" maxThreshold="32" />
  <references type="weak" candidates="49" cleared="6" enqueued="6" />
  <references type="phantom" candidates="36" cleared="0" enqueued="0" />
  <object-monitors candidates="145" cleared="0"  />
</gc-op>
<heap-resize id="2084" type="expand" space="nursery" amount="10747904" count="1" timems="0.027" reason="excessive time being spent scavenging" timestamp="2024-07-17T19:33:11.010" />
<gc-end id="2085" type="scavenge" contextid="2080" durationms="11.931" usertimems="93.689" systemtimems="0.000" stalltimems="30.880" timestamp="2024-07-17T19:33:11.010" activeThreads="12">
  <mem-info id="2086" free="129086616" total="274726912" percent="46">
    <mem type="nursery" free="106962712" total="181796864" percent="58">
      <mem type="allocate" free="106962712" total="139329536" percent="76" />
      <mem type="survivor" free="0" total="42467328" percent="0" />
    </mem>
    <mem type="tenure" free="22123904" total="92930048" percent="23">
      <mem type="soa" free="21194112" total="92000256" percent="23" />
      <mem type="loa" free="929792" total="929792" percent="100" />
    </mem>
    <pending-finalizers system="0" default="3378" reference="6" classloader="0" />
    <remembered-set count="5983" />
  </mem-info>
</gc-end>
<cycle-end id="2087" type="scavenge" contextid="2080" timestamp="2024-07-17T19:33:11.011" />
<allocation-satisfied id="2088" threadId="0000000000857800" bytesRequested="88" />
<af-end id="2089" timestamp="2024-07-17T19:33:11.011" threadId="0000000000858238" success="true" from="nursery"/>
<exclusive-end id="2090" timestamp="2024-07-17T19:33:11.012" durationms="14.936" />

<exclusive-start id="2091" timestamp="2024-07-17T19:33:11.084" intervalms="87.486">
  <response-info timems="0.057" idlems="0.056" threads="1" lastid="000000000085B500" lastname="Default Executor-thread-10" />
</exclusive-start>
<af-start id="2092" threadId="0000000000858238" totalBytesRequested="8200" timestamp="2024-07-17T19:33:11.085" intervalms="87.496" type="nursery" />
<cycle-start id="2093" type="scavenge" contextid="0" timestamp="2024-07-17T19:33:11.085" intervalms="87.451" />
<gc-start id="2094" type="scavenge" contextid="2093" timestamp="2024-07-17T19:33:11.085">
  <mem-info id="2095" free="22123904" total="274726912" percent="8">
    <mem type="nursery" free="0" total="181796864" percent="0">
      <mem type="allocate" free="0" total="139329536" percent="0" />
      <mem type="survivor" free="0" total="42467328" percent="0" />
    </mem>
    <mem type="tenure" free="22123904" total="92930048" percent="23">
      <mem type="soa" free="21194112" total="92000256" percent="23" />
      <mem type="loa" free="929792" total="929792" percent="100" />
    </mem>
    <remembered-set count="6442" />
  </mem-info>
</gc-start>
<allocation-stats totalBytes="106757920" discardedBytes="204792" >
  <allocated-bytes non-tlh="4852120" tlh="101905800" />
  <largest-consumer threadName="Default Executor-thread-8" threadId="0000000000853C00" bytes="30547864" />
</allocation-stats>
<gc-op id="2096" type="scavenge" timems="14.760" contextid="2093" timestamp="2024-07-17T19:33:11.101">
  <scavenger-info tenureage="7" tenuremask="7f80" tiltratio="76" />
  <memory-copied type="nursery" objects="279368" bytes="24582096" bytesdiscarded="554704" />
  <memory-copied type="tenure" objects="55139" bytes="2252712" bytesdiscarded="1568" />
  <finalization candidates="2014" enqueued="1990" />
  <ownableSynchronizers candidates="38" cleared="1" />
  <references type="soft" candidates="2" cleared="0" enqueued="0" dynamicThreshold="9" maxThreshold="32" />
  <references type="weak" candidates="57" cleared="3" enqueued="3" />
  <references type="phantom" candidates="49" cleared="0" enqueued="0" />
  <object-monitors candidates="145" cleared="0"  />
</gc-op>
<heap-resize id="2097" type="expand" space="nursery" amount="14548992" count="1" timems="0.027" reason="excessive time being spent scavenging" timestamp="2024-07-17T19:33:11.101" />
<gc-end id="2098" type="scavenge" contextid="2093" durationms="16.132" usertimems="99.720" systemtimems="19.859" stalltimems="38.473" timestamp="2024-07-17T19:33:11.101" activeThreads="12">
  <mem-info id="2099" free="148538840" total="289275904" percent="51">
    <mem type="nursery" free="128661688" total="196345856" percent="65">
      <mem type="allocate" free="128661688" total="153812992" percent="83" />
      <mem type="survivor" free="0" total="42532864" percent="0" />
    </mem>
    <mem type="tenure" free="19877152" total="92930048" percent="21">
      <mem type="soa" free="18947360" total="92000256" percent="20" />
      <mem type="loa" free="929792" total="929792" percent="100" />
    </mem>
    <pending-finalizers system="0" default="1990" reference="3" classloader="0" />
    <remembered-set count="6811" />
  </mem-info>
</gc-end>
<cycle-end id="2100" type="scavenge" contextid="2093" timestamp="2024-07-17T19:33:11.102" />
<allocation-satisfied id="2101" threadId="0000000000857800" bytesRequested="8200" />
<af-end id="2102" timestamp="2024-07-17T19:33:11.102" threadId="0000000000858238" success="true" from="nursery"/>
<exclusive-end id="2103" timestamp="2024-07-17T19:33:11.103" durationms="18.435" />

<exclusive-start id="2104" timestamp="2024-07-17T19:33:11.241" intervalms="157.153">
  <response-info timems="0.152" idlems="0.117" threads="1" lastid="000000000084FF00" lastname="Default Executor-thread-7" />
</exclusive-start>
<af-start id="2105" threadId="0000000000858238" totalBytesRequested="48" timestamp="2024-07-17T19:33:11.242" intervalms="157.145" type="nursery" />
<cycle-start id="2106" type="scavenge" contextid="0" timestamp="2024-07-17T19:33:11.242" intervalms="157.350" />
<gc-start id="2107" type="scavenge" contextid="2106" timestamp="2024-07-17T19:33:11.243">
  <mem-info id="2108" free="19865144" total="289275904" percent="6">
    <mem type="nursery" free="0" total="196345856" percent="0">
      <mem type="allocate" free="0" total="153812992" percent="0" />
      <mem type="survivor" free="0" total="42532864" percent="0" />
    </mem>
    <mem type="tenure" free="19865144" total="92930048" percent="21">
      <mem type="soa" free="18935352" total="92000256" percent="20" />
      <mem type="loa" free="929792" total="929792" percent="100" />
    </mem>
    <remembered-set count="7767" />
  </mem-info>
</gc-start>
<allocation-stats totalBytes="128568328" discardedBytes="105368" >
  <allocated-bytes non-tlh="3072680" tlh="125495648" />
  <largest-consumer threadName="Default Executor-thread-8" threadId="0000000000853C00" bytes="44991336" />
</allocation-stats>
<gc-op id="2109" type="scavenge" timems="13.613" contextid="2106" timestamp="2024-07-17T19:33:11.257">
  <scavenger-info tenureage="7" tenuremask="7f80" tiltratio="78" />
  <memory-copied type="nursery" objects="243663" bytes="23936328" bytesdiscarded="534872" />
  <memory-copied type="tenure" objects="60134" bytes="2345096" bytesdiscarded="616" />
  <finalization candidates="1746" enqueued="1733" />
  <ownableSynchronizers candidates="96" cleared="50" />
  <references type="soft" candidates="55" cleared="0" enqueued="0" dynamicThreshold="9" maxThreshold="32" />
  <references type="weak" candidates="176" cleared="88" enqueued="88" />
  <references type="phantom" candidates="174" cleared="120" enqueued="120" />
  <object-monitors candidates="148" cleared="2"  />
</gc-op>
<heap-resize id="2110" type="expand" space="nursery" amount="7995392" count="1" timems="0.035" reason="excessive time being spent scavenging" timestamp="2024-07-17T19:33:11.257" />
<gc-end id="2111" type="scavenge" contextid="2106" durationms="15.190" usertimems="97.817" systemtimems="9.762" stalltimems="56.732" timestamp="2024-07-17T19:33:11.258" activeThreads="12">
  <mem-info id="2112" free="158938280" total="297271296" percent="53">
    <mem type="nursery" free="141125760" total="204341248" percent="69">
      <mem type="allocate" free="141125760" total="165609472" percent="85" />
      <mem type="survivor" free="0" total="38731776" percent="0" />
    </mem>
    <mem type="tenure" free="17812520" total="92930048" percent="19">
      <mem type="soa" free="16882728" total="92000256" percent="18" />
      <mem type="loa" free="929792" total="929792" percent="100" />
    </mem>
    <pending-finalizers system="0" default="1733" reference="208" classloader="0" />
    <remembered-set count="5267" />
  </mem-info>
</gc-end>
<cycle-end id="2113" type="scavenge" contextid="2106" timestamp="2024-07-17T19:33:11.258" />
<allocation-satisfied id="2114" threadId="0000000000857800" bytesRequested="48" />
<af-end id="2115" timestamp="2024-07-17T19:33:11.259" threadId="0000000000858238" success="true" from="nursery"/>
<exclusive-end id="2116" timestamp="2024-07-17T19:33:11.259" durationms="17.944" />

<exclusive-start id="2117" timestamp="2024-07-17T19:33:11.504" intervalms="263.147">
  <response-info timems="0.045" idlems="0.045" threads="0" lastid="000000000085B500" lastname="Default Executor-thread-10" />
</exclusive-start>
<af-start id="2118" threadId="000000000085BF38" totalBytesRequested="272" timestamp="2024-07-17T19:33:11.505" intervalms="263.194" type="nursery" />
<cycle-start id="2119" type="scavenge" contextid="0" timestamp="2024-07-17T19:33:11.505" intervalms="263.219" />
<gc-start id="2120" type="scavenge" contextid="2119" timestamp="2024-07-17T19:33:11.506">
  <mem-info id="2121" free="17684536" total="297271296" percent="5">
    <mem type="nursery" free="0" total="204341248" percent="0">
      <mem type="allocate" free="0" total="165609472" percent="0" />
      <mem type="survivor" free="0" total="38731776" percent="0" />
    </mem>
    <mem type="tenure" free="17684536" total="92930048" percent="19">
      <mem type="soa" free="16754744" total="92000256" percent="18" />
      <mem type="loa" free="929792" total="929792" percent="100" />
    </mem>
    <remembered-set count="7458" />
  </mem-info>
</gc-start>
<allocation-stats totalBytes="141095344" discardedBytes="158400" >
  <allocated-bytes non-tlh="1989304" tlh="139106040" />
  <largest-consumer threadName="Default Executor-thread-8" threadId="0000000000853C00" bytes="99737096" />
</allocation-stats>
<gc-op id="2122" type="scavenge" timems="15.785" contextid="2119" timestamp="2024-07-17T19:33:11.523">
  <scavenger-info tenureage="7" tenuremask="7f80" tiltratio="81" />
  <memory-copied type="nursery" objects="235774" bytes="30223248" bytesdiscarded="555424" />
  <memory-copied type="tenure" objects="51254" bytes="2821984" bytesdiscarded="1248" />
  <finalization candidates="3595" enqueued="3594" />
  <ownableSynchronizers candidates="101" cleared="45" />
  <references type="soft" candidates="260" cleared="0" enqueued="0" dynamicThreshold="9" maxThreshold="32" />
  <references type="weak" candidates="407" cleared="211" enqueued="211" />
  <references type="phantom" candidates="190" cleared="112" enqueued="112" />
  <object-monitors candidates="340" cleared="169"  />
</gc-op>
<gc-end id="2123" type="scavenge" contextid="2119" durationms="16.981" usertimems="134.293" systemtimems="3.611" stalltimems="40.006" timestamp="2024-07-17T19:33:11.523" activeThreads="12">
  <mem-info id="2124" free="147068896" total="297271296" percent="49">
    <mem type="nursery" free="132204480" total="204341248" percent="64">
      <mem type="allocate" free="132204480" total="162988032" percent="81" />
      <mem type="survivor" free="0" total="41353216" percent="0" />
    </mem>
    <mem type="tenure" free="14864416" total="92930048" percent="15">
      <mem type="soa" free="13934624" total="92000256" percent="15" />
      <mem type="loa" free="929792" total="929792" percent="100" />
    </mem>
    <pending-finalizers system="210" default="3384" reference="323" classloader="0" />
    <remembered-set count="9069" />
  </mem-info>
</gc-end>
<cycle-end id="2125" type="scavenge" contextid="2119" timestamp="2024-07-17T19:33:11.524" />
<allocation-satisfied id="2126" threadId="000000000085B500" bytesRequested="272" />
<af-end id="2127" timestamp="2024-07-17T19:33:11.524" threadId="000000000085BF38" success="true" from="nursery"/>
<exclusive-end id="2128" timestamp="2024-07-17T19:33:11.525" durationms="20.241" />

<exclusive-start id="2129" timestamp="2024-07-17T19:33:11.843" intervalms="338.235">
  <response-info timems="0.301" idlems="0.164" threads="6" lastid="00000000009F9B00" lastname="Default Executor-thread-19" />
</exclusive-start>
<af-start id="2130" threadId="0000000000959538" totalBytesRequested="8056" timestamp="2024-07-17T19:33:11.843" intervalms="338.124" type="nursery" />
<cycle-start id="2131" type="scavenge" contextid="0" timestamp="2024-07-17T19:33:11.843" intervalms="338.028" />
<gc-start id="2132" type="scavenge" contextid="2131" timestamp="2024-07-17T19:33:11.844">
  <mem-info id="2133" free="14694680" total="297271296" percent="4">
    <mem type="nursery" free="0" total="204341248" percent="0">
      <mem type="allocate" free="0" total="162988032" percent="0" />
      <mem type="survivor" free="0" total="41353216" percent="0" />
    </mem>
    <mem type="tenure" free="14694680" total="92930048" percent="15">
      <mem type="soa" free="13764888" total="92000256" percent="14" />
      <mem type="loa" free="929792" total="929792" percent="100" />
    </mem>
    <remembered-set count="13136" />
  </mem-info>
</gc-start>
<allocation-stats totalBytes="132149288" discardedBytes="224928" >
  <allocated-bytes non-tlh="7449176" tlh="124700112" />
  <largest-consumer threadName="Default Executor-thread-8" threadId="0000000000853C00" bytes="82530000" />
</allocation-stats>
<gc-op id="2134" type="scavenge" timems="26.900" contextid="2131" timestamp="2024-07-17T19:33:11.871">
  <scavenger-info tenureage="7" tenuremask="7f80" tiltratio="79" />
  <memory-copied type="nursery" objects="412380" bytes="36552384" bytesdiscarded="535944" />
  <memory-copied type="tenure" objects="27133" bytes="1793776" bytesdiscarded="2416" />
  <finalization candidates="2819" enqueued="2819" />
  <ownableSynchronizers candidates="336" cleared="50" />
  <references type="soft" candidates="1383" cleared="0" enqueued="0" dynamicThreshold="9" maxThreshold="32" />
  <references type="weak" candidates="814" cleared="234" enqueued="234" />
  <references type="phantom" candidates="177" cleared="54" enqueued="54" />
  <object-monitors candidates="343" cleared="138"  />
</gc-op>
<heap-resize id="2135" type="expand" space="nursery" amount="9306112" count="1" timems="0.036" reason="excessive time being spent scavenging" timestamp="2024-07-17T19:33:11.872" />
<gc-end id="2136" type="scavenge" contextid="2131" durationms="28.485" usertimems="246.211" systemtimems="7.819" stalltimems="62.075" timestamp="2024-07-17T19:33:11.873" activeThreads="12">
  <mem-info id="2137" free="139081488" total="306577408" percent="45">
    <mem type="nursery" free="126277272" total="213647360" percent="59">
      <mem type="allocate" free="126277272" total="163381248" percent="77" />
      <mem type="survivor" free="0" total="50266112" percent="0" />
    </mem>
    <mem type="tenure" free="12804216" total="92930048" percent="13">
      <mem type="soa" free="11874424" total="92000256" percent="12" />
      <mem type="loa" free="929792" total="929792" percent="100" />
    </mem>
    <pending-finalizers system="98" default="2721" reference="288" classloader="0" />
    <remembered-set count="14775" />
  </mem-info>
</gc-end>
<cycle-end id="2138" type="scavenge" contextid="2131" timestamp="2024-07-17T19:33:11.873" />
<allocation-satisfied id="2139" threadId="0000000000958B00" bytesRequested="8056" />
<af-end id="2140" timestamp="2024-07-17T19:33:11.873" threadId="0000000000959538" success="true" from="nursery"/>
<exclusive-end id="2141" timestamp="2024-07-17T19:33:11.873" durationms="30.713" />

<exclusive-start id="2142" timestamp="2024-07-17T19:33:12.350" intervalms="507.214">
  <response-info timems="0.100" idlems="0.100" threads="0" lastid="0000000000853C00" lastname="Default Executor-thread-8" />
</exclusive-start>
<af-start id="2143" threadId="0000000000854638" totalBytesRequested="40" timestamp="2024-07-17T19:33:12.350" intervalms="507.326" type="nursery" />
<cycle-start id="2144" type="scavenge" contextid="0" timestamp="2024-07-17T19:33:12.351" intervalms="507.553" />
<gc-start id="2145" type="scavenge" contextid="2144" timestamp="2024-07-17T19:33:12.353">
  <mem-info id="2146" free="12674312" total="306577408" percent="4">
    <mem type="nursery" free="0" total="213647360" percent="0">
      <mem type="allocate" free="0" total="163381248" percent="0" />
      <mem type="survivor" free="0" total="50266112" percent="0" />
    </mem>
    <mem type="tenure" free="12674312" total="92930048" percent="13">
      <mem type="soa" free="11744520" total="92000256" percent="12" />
      <mem type="loa" free="929792" total="929792" percent="100" />
    </mem>
    <remembered-set count="17446" />
  </mem-info>
</gc-start>
<allocation-stats totalBytes="126351160" discardedBytes="56016" >
  <allocated-bytes non-tlh="1277672" tlh="125073488" />
  <largest-consumer threadName="Default Executor-thread-8" threadId="0000000000853C00" bytes="82296376" />
</allocation-stats>
<gc-op id="2147" type="scavenge" timems="20.753" contextid="2144" timestamp="2024-07-17T19:33:12.374">
  <scavenger-info tenureage="6" tenuremask="7fc0" tiltratio="76" />
  <memory-copied type="nursery" objects="466026" bytes="32767520" bytesdiscarded="466704" />
  <memory-copied type="tenure" objects="45659" bytes="3409584" bytesdiscarded="4496" />
  <finalization candidates="863" enqueued="863" />
  <ownableSynchronizers candidates="396" cleared="129" />
  <references type="soft" candidates="2092" cleared="0" enqueued="0" dynamicThreshold="9" maxThreshold="32" />
  <references type="weak" candidates="726" cleared="228" enqueued="228" />
  <references type="phantom" candidates="130" cleared="26" enqueued="26" />
  <object-monitors candidates="285" cleared="58"  />
</gc-op>
<gc-end id="2148" type="scavenge" contextid="2144" durationms="21.806" usertimems="178.329" systemtimems="17.909" stalltimems="40.705" timestamp="2024-07-17T19:33:12.374" activeThreads="12">
  <mem-info id="2149" free="142357440" total="306577408" percent="46">
    <mem type="nursery" free="133410584" total="213647360" percent="62">
      <mem type="allocate" free="133410584" total="166658048" percent="80" />
      <mem type="survivor" free="0" total="46989312" percent="0" />
    </mem>
    <mem type="tenure" free="8946856" total="92930048" percent="9">
      <mem type="soa" free="8017064" total="92000256" percent="8" />
      <mem type="loa" free="929792" total="929792" percent="100" />
    </mem>
    <pending-finalizers system="51" default="812" reference="254" classloader="0" />
    <remembered-set count="16085" />
  </mem-info>
</gc-end>
<cycle-end id="2150" type="scavenge" contextid="2144" timestamp="2024-07-17T19:33:12.375" />
<allocation-satisfied id="2151" threadId="0000000000853C00" bytesRequested="40" />
<af-end id="2152" timestamp="2024-07-17T19:33:12.375" threadId="0000000000854638" success="true" from="nursery"/>
<exclusive-end id="2153" timestamp="2024-07-17T19:33:12.375" durationms="25.553" />

<concurrent-kickoff id="2154" timestamp="2024-07-17T19:33:12.688">
  <kickoff reason="threshold reached" targetBytes="45623990" thresholdFreeBytes="6302555"  remainingFree="6187128" tenureFreeBytes="8946856" nurseryFreeBytes="6187128" />
</concurrent-kickoff>
<exclusive-start id="2155" timestamp="2024-07-17T19:33:12.690" intervalms="340.264">
  <response-info timems="0.040" idlems="0.040" threads="0" lastid="0000000000853C00" lastname="Default Executor-thread-8" />
</exclusive-start>
<cycle-start id="2156" type="global" contextid="0" timestamp="2024-07-17T19:33:12.691" intervalms="2086.690" />
<concurrent-start id="2157" type="global mark" contextid="2156" timestamp="2024-07-17T19:33:12.691">
</concurrent-start>
<exclusive-end id="2158" timestamp="2024-07-17T19:33:12.691" durationms="1.129" />

<concurrent-end id="2159" type="global mark" contextid="2156" timestamp="2024-07-17T19:33:12.755">
<gc-op id="2160" type="trace" timems="64.026" contextid="2156" timestamp="2024-07-17T19:33:12.755">
  <trace bytesTraced="46236424" workStackOverflowCount="0" />
  <card-cleaning reason="card cleaning threshold reached" bytesTraced="5204" cardsCleaned="4" />
</gc-op>
</concurrent-end>

<exclusive-start id="2161" timestamp="2024-07-17T19:33:12.756" intervalms="65.700">
  <response-info timems="0.051" idlems="0.051" threads="0" lastid="0000000000853C00" lastname="Default Executor-thread-8" />
</exclusive-start>
<concurrent-global-final id="2162" timestamp="2024-07-17T19:33:12.756" contextid="2156" intervalms="3355.793" >
  <concurrent-trace-info reason="card cleaning threshold reached" tracedByMutators="18217680" tracedByHelpers="28023948" cardsCleaned="4" workStackOverflowCount="0" />
</concurrent-global-final>
<gc-start id="2163" type="global" contextid="2156" timestamp="2024-07-17T19:33:12.757">
  <mem-info id="2164" free="9310048" total="306577408" percent="3">
    <mem type="nursery" free="363192" total="213647360" percent="0">
      <mem type="allocate" free="363192" total="166658048" percent="0" />
      <mem type="survivor" free="0" total="46989312" percent="0" />
    </mem>
    <mem type="tenure" free="8946856" total="92930048" percent="9">
      <mem type="soa" free="8017064" total="92000256" percent="8" />
      <mem type="loa" free="929792" total="929792" percent="100" />
    </mem>
    <remembered-set count="16171" />
  </mem-info>
</gc-start>
<allocation-stats totalBytes="132929304" discardedBytes="118088" >
  <allocated-bytes non-tlh="4273248" tlh="128656056" />
  <largest-consumer threadName="Default Executor-thread-8" threadId="0000000000853C00" bytes="131905464" />
</allocation-stats>
<gc-op id="2165" type="rs-scan" timems="10.175" contextid="2156" timestamp="2024-07-17T19:33:12.768">
  <scan objectsFound="514569" bytesTraced="31188360" workStackOverflowCount="0" />
</gc-op>
<gc-op id="2166" type="card-cleaning" timems="1.197" contextid="2156" timestamp="2024-07-17T19:33:12.769">
  <card-cleaning cardsCleaned="3" bytesTraced="21620" workStackOverflowCount="0" />
</gc-op>
<gc-op id="2167" type="mark" timems="11.681" contextid="2156" timestamp="2024-07-17T19:33:12.782">
  <trace-info objectcount="40305" scancount="26377" scanbytes="839344" />
  <finalization candidates="5182" enqueued="4306" />
  <ownableSynchronizers candidates="8104" cleared="47" />
  <references type="soft" candidates="14498" cleared="0" enqueued="0" dynamicThreshold="9" maxThreshold="32" />
  <references type="weak" candidates="15393" cleared="12" enqueued="12" />
  <references type="phantom" candidates="433" cleared="0" enqueued="0" />
  <stringconstants candidates="40072" cleared="34"  />
  <object-monitors candidates="227" cleared="12"  />
</gc-op>
<gc-op id="2168" type="classunload" timems="1.732" contextid="2156" timestamp="2024-07-17T19:33:12.784">
  <classunload-info classloadercandidates="437" classloadersunloaded="1" classesunloaded="3" anonymousclassesunloaded="2" quiescems="0.000" setupms="1.704" scanms="0.019" postms="0.007" />
</gc-op>
<gc-op id="2169" type="sweep" timems="2.485" contextid="2156" timestamp="2024-07-17T19:33:12.786" />
<heap-resize id="2170" type="expand" space="tenure" amount="14811136" count="1" timems="0.498" reason="insufficient free space following gc" timestamp="2024-07-17T19:33:12.787" />
<gc-end id="2171" type="global" contextid="2156" durationms="30.817" usertimems="149.098" systemtimems="0.000" stalltimems="113.509" timestamp="2024-07-17T19:33:12.788" activeThreads="12">
  <mem-info id="2172" free="148449952" total="321388544" percent="46">
    <mem type="nursery" free="116113552" total="213647360" percent="54">
      <mem type="allocate" free="116113552" total="166658048" percent="69" />
      <mem type="survivor" free="0" total="46989312" percent="0" />
    </mem>
    <mem type="tenure" free="32336400" total="107741184" percent="30" micro-fragmented="1896886" macro-fragmented="0">
      <mem type="soa" free="31258128" total="106662912" percent="29" />
      <mem type="loa" free="1078272" total="1078272" percent="100" />
    </mem>
    <pending-finalizers system="0" default="4306" reference="12" classloader="0" />
    <remembered-set count="14349" />
  </mem-info>
</gc-end>
<cycle-end id="2173" type="global" contextid="2156" timestamp="2024-07-17T19:33:12.788" />
<exclusive-end id="2174" timestamp="2024-07-17T19:33:12.788" durationms="32.615" />

<exclusive-start id="2175" timestamp="2024-07-17T19:33:13.053" intervalms="297.500">
  <response-info timems="0.039" idlems="0.039" threads="0" lastid="0000000000853C00" lastname="Default Executor-thread-8" />
</exclusive-start>
<af-start id="2176" threadId="0000000000854638" totalBytesRequested="4752" timestamp="2024-07-17T19:33:13.054" intervalms="703.562" type="nursery" />
<cycle-start id="2177" type="scavenge" contextid="0" timestamp="2024-07-17T19:33:13.054" intervalms="703.261" />
<gc-start id="2178" type="scavenge" contextid="2177" timestamp="2024-07-17T19:33:13.055">
  <mem-info id="2179" free="32334880" total="321388544" percent="10">
    <mem type="nursery" free="0" total="213647360" percent="0">
      <mem type="allocate" free="0" total="166658048" percent="0" />
      <mem type="survivor" free="0" total="46989312" percent="0" />
    </mem>
    <mem type="tenure" free="32334880" total="107741184" percent="30">
      <mem type="soa" free="31256608" total="106662912" percent="29" />
      <mem type="loa" free="1078272" total="1078272" percent="100" />
    </mem>
    <remembered-set count="14609" />
  </mem-info>
</gc-start>
<allocation-stats totalBytes="113645360" discardedBytes="1917440" >
  <allocated-bytes non-tlh="39358112" tlh="74287248" />
  <largest-consumer threadName="Default Executor-thread-8" threadId="0000000000853C00" bytes="113369936" />
</allocation-stats>
<gc-op id="2180" type="scavenge" timems="17.830" contextid="2177" timestamp="2024-07-17T19:33:13.073">
  <scavenger-info tenureage="7" tenuremask="7f80" tiltratio="78" />
  <memory-copied type="nursery" objects="544679" bytes="46778720" bytesdiscarded="199728" />
  <memory-copied type="tenure" objects="3558" bytes="2465536" bytesdiscarded="30920" />
  <copy-failed type="nursery" objects="3558" bytes="2465960" />
  <finalization candidates="4359" enqueued="4359" />
  <ownableSynchronizers candidates="16129" cleared="15860" />
  <references type="soft" candidates="2092" cleared="0" enqueued="0" dynamicThreshold="9" maxThreshold="32" />
  <references type="weak" candidates="576" cleared="40" enqueued="40" />
  <references type="phantom" candidates="130" cleared="0" enqueued="0" />
  <object-monitors candidates="215" cleared="0"  />
</gc-op>
<gc-end id="2181" type="scavenge" contextid="2177" durationms="19.049" usertimems="161.039" systemtimems="4.147" stalltimems="47.072" timestamp="2024-07-17T19:33:13.074" activeThreads="12">
  <mem-info id="2182" free="120024072" total="321388544" percent="37">
    <mem type="nursery" free="90374144" total="213647360" percent="42">
      <mem type="allocate" free="90374144" total="137363456" percent="65" />
      <mem type="survivor" free="0" total="76283904" percent="0" />
    </mem>
    <mem type="tenure" free="29649928" total="107741184" percent="27">
      <mem type="soa" free="28571656" total="106662912" percent="26" />
      <mem type="loa" free="1078272" total="1078272" percent="100" />
    </mem>
    <pending-finalizers system="0" default="4359" reference="40" classloader="0" />
    <remembered-set count="13593" />
  </mem-info>
</gc-end>
<cycle-end id="2183" type="scavenge" contextid="2177" timestamp="2024-07-17T19:33:13.074" />
<allocation-satisfied id="2184" threadId="0000000000853C00" bytesRequested="4752" />
<af-end id="2185" timestamp="2024-07-17T19:33:13.075" threadId="0000000000854638" success="true" from="nursery"/>
<exclusive-end id="2186" timestamp="2024-07-17T19:33:13.076" durationms="22.152" />

<exclusive-start id="2187" timestamp="2024-07-17T19:33:13.269" intervalms="215.420">
  <response-info timems="0.039" idlems="0.039" threads="0" lastid="0000000000853C00" lastname="Default Executor-thread-8" />
</exclusive-start>
<af-start id="2188" threadId="0000000000854638" totalBytesRequested="1808" timestamp="2024-07-17T19:33:13.269" intervalms="215.390" type="nursery" />
<cycle-start id="2189" type="scavenge" contextid="0" timestamp="2024-07-17T19:33:13.270" intervalms="215.426" />
<gc-start id="2190" type="scavenge" contextid="2189" timestamp="2024-07-17T19:33:13.270">
  <mem-info id="2191" free="29649928" total="321388544" percent="9">
    <mem type="nursery" free="0" total="213647360" percent="0">
      <mem type="allocate" free="0" total="137363456" percent="0" />
      <mem type="survivor" free="0" total="76283904" percent="0" />
    </mem>
    <mem type="tenure" free="29649928" total="107741184" percent="27">
      <mem type="soa" free="28571656" total="106662912" percent="26" />
      <mem type="loa" free="1078272" total="1078272" percent="100" />
    </mem>
    <remembered-set count="13756" />
  </mem-info>
</gc-start>
<allocation-stats totalBytes="90248768" discardedBytes="125376" >
  <allocated-bytes non-tlh="3212856" tlh="87035912" />
  <largest-consumer threadName="Default Executor-thread-8" threadId="0000000000853C00" bytes="89855888" />
</allocation-stats>
<gc-op id="2192" type="scavenge" timems="16.486" contextid="2189" timestamp="2024-07-17T19:33:13.287">
  <scavenger-info tenureage="3" tenuremask="7fc8" tiltratio="64" />
  <memory-copied type="nursery" objects="396835" bytes="33734376" bytesdiscarded="413696" />
  <memory-copied type="tenure" objects="169228" bytes="13760680" bytesdiscarded="22408" />
  <finalization candidates="3709" enqueued="3708" />
  <ownableSynchronizers candidates="291" cleared="22" />
  <references type="soft" candidates="969" cleared="0" enqueued="0" dynamicThreshold="9" maxThreshold="32" />
  <references type="weak" candidates="380" cleared="24" enqueued="24" />
  <references type="phantom" candidates="121" cleared="0" enqueued="0" />
  <object-monitors candidates="215" cleared="0"  />
</gc-op>
<heap-resize id="2193" type="expand" space="nursery" amount="8519680" count="1" timems="0.046" reason="excessive time being spent scavenging" timestamp="2024-07-17T19:33:13.288" />
<gc-end id="2194" type="scavenge" contextid="2189" durationms="18.226" usertimems="155.169" systemtimems="5.516" stalltimems="35.906" timestamp="2024-07-17T19:33:13.289" activeThreads="12">
  <mem-info id="2195" free="128449912" total="329908224" percent="38">
    <mem type="nursery" free="112774560" total="222167040" percent="50">
      <mem type="allocate" free="112774560" total="146931712" percent="76" />
      <mem type="survivor" free="0" total="75235328" percent="0" />
    </mem>
    <mem type="tenure" free="15675352" total="107741184" percent="14">
      <mem type="soa" free="14597080" total="106662912" percent="13" />
      <mem type="loa" free="1078272" total="1078272" percent="100" />
    </mem>
    <pending-finalizers system="0" default="3708" reference="24" classloader="0" />
    <remembered-set count="20380" />
  </mem-info>
</gc-end>
<cycle-end id="2196" type="scavenge" contextid="2189" timestamp="2024-07-17T19:33:13.289" />
<allocation-satisfied id="2197" threadId="0000000000853C00" bytesRequested="1808" />
<af-end id="2198" timestamp="2024-07-17T19:33:13.290" threadId="0000000000854638" success="true" from="nursery"/>
<exclusive-end id="2199" timestamp="2024-07-17T19:33:13.290" durationms="21.135" />

<concurrent-kickoff id="2200" timestamp="2024-07-17T19:33:13.517">
  <kickoff reason="threshold reached" targetBytes="53036069" thresholdFreeBytes="7332444"  remainingFree="7226264" tenureFreeBytes="15674960" nurseryFreeBytes="7226264" />
</concurrent-kickoff>
<exclusive-start id="2201" timestamp="2024-07-17T19:33:13.518" intervalms="249.359">
  <response-info timems="0.053" idlems="0.053" threads="0" lastid="0000000000853C00" lastname="Default Executor-thread-8" />
</exclusive-start>
<cycle-start id="2202" type="global" contextid="0" timestamp="2024-07-17T19:33:13.519" intervalms="828.013" />
<concurrent-start id="2203" type="global mark" contextid="2202" timestamp="2024-07-17T19:33:13.519">
</concurrent-start>
<exclusive-end id="2204" timestamp="2024-07-17T19:33:13.519" durationms="1.154" />

<concurrent-end id="2205" type="global mark" contextid="2202" timestamp="2024-07-17T19:33:13.585">
<gc-op id="2206" type="trace" timems="65.660" contextid="2202" timestamp="2024-07-17T19:33:13.585">
  <trace bytesTraced="50299184" workStackOverflowCount="0" />
  <card-cleaning reason="card cleaning threshold reached" bytesTraced="27356" cardsCleaned="67" />
</gc-op>
</concurrent-end>

<exclusive-start id="2207" timestamp="2024-07-17T19:33:13.585" intervalms="67.242">
  <response-info timems="0.037" idlems="0.037" threads="0" lastid="0000000000853C00" lastname="Default Executor-thread-8" />
</exclusive-start>
<concurrent-global-final id="2208" timestamp="2024-07-17T19:33:13.586" contextid="2202" intervalms="829.543" >
  <concurrent-trace-info reason="card cleaning threshold reached" tracedByMutators="16051448" tracedByHelpers="34275092" cardsCleaned="67" workStackOverflowCount="0" />
</concurrent-global-final>
<gc-start id="2209" type="global" contextid="2202" timestamp="2024-07-17T19:33:13.586">
  <mem-info id="2210" free="16343528" total="329908224" percent="4">
    <mem type="nursery" free="668568" total="222167040" percent="0">
      <mem type="allocate" free="668568" total="146931712" percent="0" />
      <mem type="survivor" free="0" total="75235328" percent="0" />
    </mem>
    <mem type="tenure" free="15674960" total="107741184" percent="14">
      <mem type="soa" free="14596688" total="106662912" percent="13" />
      <mem type="loa" free="1078272" total="1078272" percent="100" />
    </mem>
    <remembered-set count="20814" />
  </mem-info>
</gc-start>
<allocation-stats totalBytes="111991560" discardedBytes="114824" >
  <allocated-bytes non-tlh="1393312" tlh="110598248" />
  <largest-consumer threadName="Default Executor-thread-8" threadId="0000000000853C00" bytes="111494088" />
</allocation-stats>
<gc-op id="2211" type="rs-scan" timems="8.679" contextid="2202" timestamp="2024-07-17T19:33:13.596">
  <scan objectsFound="499933" bytesTraced="30636704" workStackOverflowCount="0" />
</gc-op>
<gc-op id="2212" type="card-cleaning" timems="0.996" contextid="2202" timestamp="2024-07-17T19:33:13.597">
  <card-cleaning cardsCleaned="6" bytesTraced="68204" workStackOverflowCount="0" />
</gc-op>
<gc-op id="2213" type="mark" timems="5.374" contextid="2202" timestamp="2024-07-17T19:33:13.603">
  <trace-info objectcount="33452" scancount="23680" scanbytes="839432" />
  <finalization candidates="3819" enqueued="2943" />
  <ownableSynchronizers candidates="8090" cleared="31" />
  <references type="soft" candidates="14498" cleared="0" enqueued="0" dynamicThreshold="9" maxThreshold="32" />
  <references type="weak" candidates="15462" cleared="16" enqueued="16" />
  <references type="phantom" candidates="421" cleared="0" enqueued="0" />
  <stringconstants candidates="40050" cleared="3"  />
  <object-monitors candidates="215" cleared="0"  />
</gc-op>
<gc-op id="2214" type="sweep" timems="2.201" contextid="2202" timestamp="2024-07-17T19:33:13.605" />
<heap-resize id="2215" type="expand" space="tenure" amount="18874368" count="1" timems="0.488" reason="insufficient free space following gc" timestamp="2024-07-17T19:33:13.606" />
<gc-end id="2216" type="global" contextid="2202" durationms="20.162" usertimems="106.505" systemtimems="10.850" stalltimems="51.936" timestamp="2024-07-17T19:33:13.606" activeThreads="12">
  <mem-info id="2217" free="151047400" total="348782592" percent="43">
    <mem type="nursery" free="113034480" total="222167040" percent="50">
      <mem type="allocate" free="113034480" total="146931712" percent="76" />
      <mem type="survivor" free="0" total="75235328" percent="0" />
    </mem>
    <mem type="tenure" free="38012920" total="126615552" percent="30" micro-fragmented="1971722" macro-fragmented="0">
      <mem type="soa" free="36746232" total="125348864" percent="29" />
      <mem type="loa" free="1266688" total="1266688" percent="100" />
    </mem>
    <pending-finalizers system="0" default="2943" reference="16" classloader="0" />
    <remembered-set count="20232" />
  </mem-info>
</gc-end>
<cycle-end id="2218" type="global" contextid="2202" timestamp="2024-07-17T19:33:13.607" />
<exclusive-end id="2219" timestamp="2024-07-17T19:33:13.607" durationms="21.653" />

<exclusive-start id="2220" timestamp="2024-07-17T19:33:13.811" intervalms="225.548">
  <response-info timems="0.037" idlems="0.037" threads="0" lastid="0000000000853C00" lastname="Default Executor-thread-8" />
</exclusive-start>
<af-start id="2221" threadId="0000000000854638" totalBytesRequested="65544" timestamp="2024-07-17T19:33:13.811" intervalms="542.124" type="nursery" />
<cycle-start id="2222" type="scavenge" contextid="0" timestamp="2024-07-17T19:33:13.812" intervalms="542.120" />
<gc-start id="2223" type="scavenge" contextid="2222" timestamp="2024-07-17T19:33:13.812">
  <mem-info id="2224" free="38011584" total="348782592" percent="10">
    <mem type="nursery" free="0" total="222167040" percent="0">
      <mem type="allocate" free="0" total="146931712" percent="0" />
      <mem type="survivor" free="0" total="75235328" percent="0" />
    </mem>
    <mem type="tenure" free="38011584" total="126615552" percent="30">
      <mem type="soa" free="36744896" total="125348864" percent="29" />
      <mem type="loa" free="1266688" total="1266688" percent="100" />
    </mem>
    <remembered-set count="20350" />
  </mem-info>
</gc-start>
<allocation-stats totalBytes="111515224" discardedBytes="1420488" >
  <allocated-bytes non-tlh="8017648" tlh="103497576" />
  <largest-consumer threadName="Default Executor-thread-8" threadId="0000000000853C00" bytes="111355856" />
</allocation-stats>
<gc-op id="2225" type="scavenge" timems="15.540" contextid="2222" timestamp="2024-07-17T19:33:13.828">
  <scavenger-info tenureage="6" tenuremask="7fc0" tiltratio="66" />
  <memory-copied type="nursery" objects="385943" bytes="21486840" bytesdiscarded="198592" />
  <memory-copied type="tenure" objects="30374" bytes="3415752" bytesdiscarded="19904" />
  <finalization candidates="284" enqueued="284" />
  <ownableSynchronizers candidates="16182" cleared="16105" />
  <references type="soft" candidates="915" cleared="0" enqueued="0" dynamicThreshold="9" maxThreshold="32" />
  <references type="weak" candidates="355" cleared="25" enqueued="25" />
  <references type="phantom" candidates="321" cleared="280" enqueued="280" />
  <object-monitors candidates="215" cleared="0"  />
</gc-op>
<gc-end id="2226" type="scavenge" contextid="2222" durationms="16.610" usertimems="138.437" systemtimems="2.421" stalltimems="46.023" timestamp="2024-07-17T19:33:13.829" activeThreads="12">
  <mem-info id="2227" free="168634512" total="348782592" percent="48">
    <mem type="nursery" free="134666392" total="222167040" percent="60">
      <mem type="allocate" free="134666392" total="156368896" percent="86" />
      <mem type="survivor" free="0" total="65798144" percent="0" />
    </mem>
    <mem type="tenure" free="33968120" total="126615552" percent="26">
      <mem type="soa" free="32701432" total="125348864" percent="26" />
      <mem type="loa" free="1266688" total="1266688" percent="100" />
    </mem>
    <pending-finalizers system="0" default="284" reference="305" classloader="0" />
    <remembered-set count="17201" />
  </mem-info>
</gc-end>
<cycle-end id="2228" type="scavenge" contextid="2222" timestamp="2024-07-17T19:33:13.829" />
<allocation-satisfied id="2229" threadId="0000000000853C00" bytesRequested="65544" />
<af-end id="2230" timestamp="2024-07-17T19:33:13.830" threadId="0000000000854638" success="true" from="nursery"/>
<exclusive-end id="2231" timestamp="2024-07-17T19:33:13.831" durationms="19.564" />

<exclusive-start id="2232" timestamp="2024-07-17T19:33:22.634" intervalms="8822.569">
  <response-info timems="0.056" idlems="0.056" threads="0" lastid="0000000000840D00" lastname="Default Executor-thread-4" />
</exclusive-start>
<af-start id="2233" threadId="0000000000841738" totalBytesRequested="4808" timestamp="2024-07-17T19:33:22.634" intervalms="8822.446" type="nursery" />
<cycle-start id="2234" type="scavenge" contextid="0" timestamp="2024-07-17T19:33:22.634" intervalms="8822.355" />
<gc-start id="2235" type="scavenge" contextid="2234" timestamp="2024-07-17T19:33:22.635">
  <mem-info id="2236" free="33756976" total="348782592" percent="9">
    <mem type="nursery" free="0" total="222167040" percent="0">
      <mem type="allocate" free="0" total="156368896" percent="0" />
      <mem type="survivor" free="0" total="65798144" percent="0" />
    </mem>
    <mem type="tenure" free="33756976" total="126615552" percent="26">
      <mem type="soa" free="32490288" total="125348864" percent="25" />
      <mem type="loa" free="1266688" total="1266688" percent="100" />
    </mem>
    <remembered-set count="21292" />
  </mem-info>
</gc-start>
<allocation-stats totalBytes="134752920" discardedBytes="124616" >
  <allocated-bytes non-tlh="2475968" tlh="132276952" />
  <largest-consumer threadName="Default Executor-thread-8" threadId="0000000000853C00" bytes="66092640" />
</allocation-stats>
<gc-op id="2237" type="scavenge" timems="18.920" contextid="2234" timestamp="2024-07-17T19:33:22.654">
  <scavenger-info tenureage="4" tenuremask="7fd0" tiltratio="70" />
  <memory-copied type="nursery" objects="241327" bytes="16006536" bytesdiscarded="357624" />
  <memory-copied type="tenure" objects="252416" bytes="10663792" bytesdiscarded="5624" />
  <finalization candidates="1055" enqueued="1055" />
  <ownableSynchronizers candidates="1019" cleared="759" />
  <references type="soft" candidates="493" cleared="0" enqueued="0" dynamicThreshold="9" maxThreshold="32" />
  <references type="weak" candidates="1894" cleared="1212" enqueued="1212" />
  <references type="phantom" candidates="934" cleared="810" enqueued="810" />
  <object-monitors candidates="253" cleared="24"  />
</gc-op>
<gc-end id="2238" type="scavenge" contextid="2234" durationms="20.681" usertimems="142.586" systemtimems="23.207" stalltimems="51.141" timestamp="2024-07-17T19:33:22.655" activeThreads="12">
  <mem-info id="2239" free="171483448" total="348782592" percent="49">
    <mem type="nursery" free="148148496" total="222167040" percent="66">
      <mem type="allocate" free="148148496" total="164560896" percent="90" />
      <mem type="survivor" free="0" total="57606144" percent="0" />
    </mem>
    <mem type="tenure" free="23334952" total="126615552" percent="18" macro-fragmented="0">
      <mem type="soa" free="22068264" total="125348864" percent="17" />
      <mem type="loa" free="1266688" total="1266688" percent="100" />
    </mem>
    <pending-finalizers system="77" default="978" reference="2022" classloader="0" />
    <remembered-set count="5567" />
  </mem-info>
</gc-end>
<cycle-end id="2240" type="scavenge" contextid="2234" timestamp="2024-07-17T19:33:22.656" />
<allocation-satisfied id="2241" threadId="0000000000840D00" bytesRequested="4808" />
<af-end id="2242" timestamp="2024-07-17T19:33:22.657" threadId="0000000000841738" success="true" from="nursery"/>
<exclusive-end id="2243" timestamp="2024-07-17T19:33:22.657" durationms="23.611" />

<exclusive-start id="2244" timestamp="2024-07-17T19:33:24.057" intervalms="1423.953">
  <response-info timems="0.085" idlems="0.085" threads="0" lastid="0000000001867600" lastname="Connection worker" />
</exclusive-start>
<af-start id="2245" threadId="0000000001868038" totalBytesRequested="4264" timestamp="2024-07-17T19:33:24.058" intervalms="1423.965" type="nursery" />
<cycle-start id="2246" type="scavenge" contextid="0" timestamp="2024-07-17T19:33:24.058" intervalms="1423.952" />
<gc-start id="2247" type="scavenge" contextid="2246" timestamp="2024-07-17T19:33:24.059">
  <mem-info id="2248" free="22614024" total="348782592" percent="6">
    <mem type="nursery" free="0" total="222167040" percent="0">
      <mem type="allocate" free="0" total="164560896" percent="0" />
      <mem type="survivor" free="0" total="57606144" percent="0" />
    </mem>
    <mem type="tenure" free="22614024" total="126615552" percent="17">
      <mem type="soa" free="21347336" total="125348864" percent="17" />
      <mem type="loa" free="1266688" total="1266688" percent="100" />
    </mem>
    <remembered-set count="18629" />
  </mem-info>
</gc-start>
<allocation-stats totalBytes="148657864" discardedBytes="211560" >
  <allocated-bytes non-tlh="12583648" tlh="136074216" />
  <largest-consumer threadName="Connection worker" threadId="0000000001867600" bytes="74264704" />
</allocation-stats>
<gc-op id="2249" type="scavenge" timems="9.858" contextid="2246" timestamp="2024-07-17T19:33:24.069">
  <scavenger-info tenureage="7" tenuremask="7f80" tiltratio="74" />
  <memory-copied type="nursery" objects="292417" bytes="29058856" bytesdiscarded="760240" />
  <finalization candidates="532" enqueued="523" />
  <ownableSynchronizers candidates="452" cleared="132" />
  <references type="soft" candidates="2095" cleared="0" enqueued="0" dynamicThreshold="9" maxThreshold="32" />
  <references type="weak" candidates="5714" cleared="4085" enqueued="4034" />
  <references type="phantom" candidates="1304" cleared="212" enqueued="212" />
  <object-monitors candidates="233" cleared="1"  />
</gc-op>
<gc-end id="2250" type="scavenge" contextid="2246" durationms="11.095" usertimems="80.130" systemtimems="0.000" stalltimems="37.153" timestamp="2024-07-17T19:33:24.070" activeThreads="12">
  <mem-info id="2251" free="159042240" total="348782592" percent="45">
    <mem type="nursery" free="136428216" total="222167040" percent="61">
      <mem type="allocate" free="136428216" total="166264832" percent="82" />
      <mem type="survivor" free="0" total="55902208" percent="0" />
    </mem>
    <mem type="tenure" free="22614024" total="126615552" percent="17" macro-fragmented="16050736">
      <mem type="soa" free="21347336" total="125348864" percent="17" />
      <mem type="loa" free="1266688" total="1266688" percent="100" />
    </mem>
    <pending-finalizers system="277" default="246" reference="4246" classloader="0" />
    <remembered-set count="17040" />
  </mem-info>
</gc-end>
<cycle-end id="2252" type="scavenge" contextid="2246" timestamp="2024-07-17T19:33:24.071" />
<allocation-satisfied id="2253" threadId="0000000001867600" bytesRequested="4264" />
<af-end id="2254" timestamp="2024-07-17T19:33:24.071" threadId="0000000001868038" success="true" from="nursery"/>
<exclusive-end id="2255" timestamp="2024-07-17T19:33:24.071" durationms="13.908" />

<exclusive-start id="2256" timestamp="2024-07-17T19:33:43.689" intervalms="19631.318">
  <response-info timems="0.059" idlems="0.059" threads="0" lastid="000000000186D700" lastname="Default Executor-thread-29" />
</exclusive-start>
<af-start id="2257" threadId="000000000186E138" totalBytesRequested="16" timestamp="2024-07-17T19:33:43.689" intervalms="19631.393" type="nursery" />
<cycle-start id="2258" type="scavenge" contextid="0" timestamp="2024-07-17T19:33:43.690" intervalms="19631.459" />
<gc-start id="2259" type="scavenge" contextid="2258" timestamp="2024-07-17T19:33:43.690">
  <mem-info id="2260" free="22394768" total="348782592" percent="6">
    <mem type="nursery" free="0" total="222167040" percent="0">
      <mem type="allocate" free="0" total="166264832" percent="0" />
      <mem type="survivor" free="0" total="55902208" percent="0" />
    </mem>
    <mem type="tenure" free="22394768" total="126615552" percent="17">
      <mem type="soa" free="21128080" total="125348864" percent="16" />
      <mem type="loa" free="1266688" total="1266688" percent="100" />
    </mem>
    <remembered-set count="48969" />
  </mem-info>
</gc-start>
<allocation-stats totalBytes="136524128" discardedBytes="123344" >
  <allocated-bytes non-tlh="3082144" tlh="133441984" />
  <largest-consumer threadName="Default Executor-thread-29" threadId="000000000186D700" bytes="90246424" />
</allocation-stats>
<gc-op id="2261" type="scavenge" timems="13.162" contextid="2258" timestamp="2024-07-17T19:33:43.704">
  <scavenger-info tenureage="7" tenuremask="7f80" tiltratio="74" />
  <memory-copied type="nursery" objects="439729" bytes="33552544" bytesdiscarded="281400" />
  <finalization candidates="255" enqueued="244" />
  <ownableSynchronizers candidates="1988" cleared="1527" />
  <references type="soft" candidates="2426" cleared="0" enqueued="0" dynamicThreshold="9" maxThreshold="32" />
  <references type="weak" candidates="4181" cleared="1803" enqueued="1797" />
  <references type="phantom" candidates="1188" cleared="43" enqueued="43" />
  <object-monitors candidates="244" cleared="2"  />
</gc-op>
<gc-end id="2262" type="scavenge" contextid="2258" durationms="14.666" usertimems="115.306" systemtimems="9.293" stalltimems="34.074" timestamp="2024-07-17T19:33:43.705" activeThreads="12">
  <mem-info id="2263" free="157154616" total="348782592" percent="45">
    <mem type="nursery" free="134759848" total="222167040" percent="60">
      <mem type="allocate" free="134759848" total="168624128" percent="79" />
      <mem type="survivor" free="0" total="53542912" percent="0" />
    </mem>
    <mem type="tenure" free="22394768" total="126615552" percent="17" macro-fragmented="16050736">
      <mem type="soa" free="21128080" total="125348864" percent="16" />
      <mem type="loa" free="1266688" total="1266688" percent="100" />
    </mem>
    <pending-finalizers system="123" default="121" reference="1840" classloader="0" />
    <remembered-set count="35507" />
  </mem-info>
</gc-end>
<cycle-end id="2264" type="scavenge" contextid="2258" timestamp="2024-07-17T19:33:43.705" />
<allocation-satisfied id="2265" threadId="000000000186D700" bytesRequested="16" />
<af-end id="2266" timestamp="2024-07-17T19:33:43.706" threadId="000000000186E138" success="true" from="nursery"/>
<exclusive-end id="2267" timestamp="2024-07-17T19:33:43.706" durationms="17.592" />

<exclusive-start id="2268" timestamp="2024-07-17T19:33:45.642" intervalms="1953.161">
  <response-info timems="0.082" idlems="0.082" threads="0" lastid="000000000085B500" lastname="Default Executor-thread-10" />
</exclusive-start>
<af-start id="2269" threadId="000000000085BF38" totalBytesRequested="56" timestamp="2024-07-17T19:33:45.642" intervalms="1953.009" type="nursery" />
<cycle-start id="2270" type="scavenge" contextid="0" timestamp="2024-07-17T19:33:45.642" intervalms="1952.861" />
<gc-start id="2271" type="scavenge" contextid="2270" timestamp="2024-07-17T19:33:45.643">
  <mem-info id="2272" free="21864384" total="348782592" percent="6">
    <mem type="nursery" free="0" total="222167040" percent="0">
      <mem type="allocate" free="0" total="168624128" percent="0" />
      <mem type="survivor" free="0" total="53542912" percent="0" />
    </mem>
    <mem type="tenure" free="21864384" total="126615552" percent="17">
      <mem type="soa" free="20597696" total="125348864" percent="16" />
      <mem type="loa" free="1266688" total="1266688" percent="100" />
    </mem>
    <remembered-set count="44541" />
  </mem-info>
</gc-start>
<allocation-stats totalBytes="135201704" discardedBytes="88528" >
  <allocated-bytes non-tlh="3790688" tlh="131411016" />
  <largest-consumer threadName="Default Executor-thread-29" threadId="000000000186D700" bytes="68889808" />
</allocation-stats>
<gc-op id="2273" type="scavenge" timems="12.872" contextid="2270" timestamp="2024-07-17T19:33:45.657">
  <scavenger-info tenureage="7" tenuremask="7f80" tiltratio="75" />
  <memory-copied type="nursery" objects="467377" bytes="37039464" bytesdiscarded="470608" />
  <finalization candidates="314" enqueued="303" />
  <ownableSynchronizers candidates="840" cleared="245" />
  <references type="soft" candidates="3886" cleared="0" enqueued="0" dynamicThreshold="9" maxThreshold="32" />
  <references type="weak" candidates="3931" cleared="1034" enqueued="1025" />
  <references type="phantom" candidates="1288" cleared="119" enqueued="119" />
  <object-monitors candidates="244" cleared="6"  />
</gc-op>
<gc-end id="2274" type="scavenge" contextid="2270" durationms="14.271" usertimems="108.744" systemtimems="0.000" stalltimems="38.485" timestamp="2024-07-17T19:33:45.657" activeThreads="12">
  <mem-info id="2275" free="158133040" total="348782592" percent="45">
    <mem type="nursery" free="136268656" total="222167040" percent="61">
      <mem type="allocate" free="136268656" total="173801472" percent="78" />
      <mem type="survivor" free="0" total="48365568" percent="0" />
    </mem>
    <mem type="tenure" free="21864384" total="126615552" percent="17" macro-fragmented="13375613">
      <mem type="soa" free="20597696" total="125348864" percent="16" />
      <mem type="loa" free="1266688" total="1266688" percent="100" />
    </mem>
    <pending-finalizers system="273" default="30" reference="1144" classloader="0" />
    <remembered-set count="37036" />
  </mem-info>
</gc-end>
<cycle-end id="2276" type="scavenge" contextid="2270" timestamp="2024-07-17T19:33:45.658" />
<allocation-satisfied id="2277" threadId="000000000085B500" bytesRequested="56" />
<af-end id="2278" timestamp="2024-07-17T19:33:45.659" threadId="000000000085BF38" success="true" from="nursery"/>
<exclusive-end id="2279" timestamp="2024-07-17T19:33:45.659" durationms="16.988" />

<exclusive-start id="2280" timestamp="2024-07-17T19:33:46.433" intervalms="790.840">
  <response-info timems="0.083" idlems="0.083" threads="0" lastid="000000000085B500" lastname="Default Executor-thread-10" />
</exclusive-start>
<af-start id="2281" threadId="000000000085BF38" totalBytesRequested="56" timestamp="2024-07-17T19:33:46.433" intervalms="790.902" type="nursery" />
<cycle-start id="2282" type="scavenge" contextid="0" timestamp="2024-07-17T19:33:46.433" intervalms="790.889" />
<gc-start id="2283" type="scavenge" contextid="2282" timestamp="2024-07-17T19:33:46.434">
  <mem-info id="2284" free="21820952" total="348782592" percent="6">
    <mem type="nursery" free="0" total="222167040" percent="0">
      <mem type="allocate" free="0" total="173801472" percent="0" />
      <mem type="survivor" free="0" total="48365568" percent="0" />
    </mem>
    <mem type="tenure" free="21820952" total="126615552" percent="17">
      <mem type="soa" free="20554264" total="125348864" percent="16" />
      <mem type="loa" free="1266688" total="1266688" percent="100" />
    </mem>
    <remembered-set count="37710" />
  </mem-info>
</gc-start>
<allocation-stats totalBytes="136190728" discardedBytes="121360" >
  <allocated-bytes non-tlh="396864" tlh="135793864" />
  <largest-consumer threadName="Default Executor-thread-10" threadId="000000000085B500" bytes="125542880" />
</allocation-stats>
<gc-op id="2285" type="scavenge" timems="19.133" contextid="2282" timestamp="2024-07-17T19:33:46.453">
  <scavenger-info tenureage="5" tenuremask="7fe0" tiltratio="78" />
  <memory-copied type="nursery" objects="362837" bytes="27131512" bytesdiscarded="857560" />
  <memory-copied type="tenure" objects="113380" bytes="9714224" bytesdiscarded="14304" />
  <finalization candidates="19" enqueued="8" />
  <ownableSynchronizers candidates="693" cleared="91" />
  <references type="soft" candidates="3902" cleared="0" enqueued="0" dynamicThreshold="9" maxThreshold="32" />
  <references type="weak" candidates="3061" cleared="125" enqueued="119" />
  <references type="phantom" candidates="1187" cleared="3" enqueued="3" />
  <object-monitors candidates="239" cleared="0"  />
</gc-op>
<gc-end id="2286" type="scavenge" contextid="2282" durationms="20.427" usertimems="142.792" systemtimems="24.494" stalltimems="54.866" timestamp="2024-07-17T19:33:46.454" activeThreads="12">
  <mem-info id="2287" free="159048256" total="348782592" percent="45">
    <mem type="nursery" free="146905016" total="222167040" percent="66">
      <mem type="allocate" free="146905016" total="174915584" percent="83" />
      <mem type="survivor" free="0" total="47251456" percent="0" />
    </mem>
    <mem type="tenure" free="12143240" total="126615552" percent="9" macro-fragmented="7740516">
      <mem type="soa" free="10876552" total="125348864" percent="8" />
      <mem type="loa" free="1266688" total="1266688" percent="100" />
    </mem>
    <pending-finalizers system="8" default="0" reference="122" classloader="0" />
    <remembered-set count="35061" />
  </mem-info>
</gc-end>
<cycle-end id="2288" type="scavenge" contextid="2282" timestamp="2024-07-17T19:33:46.455" />
<allocation-satisfied id="2289" threadId="000000000085B500" bytesRequested="56" />
<af-end id="2290" timestamp="2024-07-17T19:33:46.455" threadId="000000000085BF38" success="true" from="nursery"/>
<exclusive-end id="2291" timestamp="2024-07-17T19:33:46.456" durationms="22.813" />

<concurrent-kickoff id="2292" timestamp="2024-07-17T19:34:32.858">
  <kickoff reason="threshold reached" targetBytes="61685867" thresholdFreeBytes="8526849"  remainingFree="8484576" tenureFreeBytes="11926776" nurseryFreeBytes="8484576" />
</concurrent-kickoff>
<exclusive-start id="2293" timestamp="2024-07-17T19:34:32.860" intervalms="46426.976">
  <response-info timems="0.084" idlems="0.084" threads="0" lastid="00000000009F9B00" lastname="Default Executor-thread-19" />
</exclusive-start>
<cycle-start id="2294" type="global" contextid="0" timestamp="2024-07-17T19:34:32.860" intervalms="79341.449" />
<concurrent-start id="2295" type="global mark" contextid="2294" timestamp="2024-07-17T19:34:32.860">
</concurrent-start>
<exclusive-end id="2296" timestamp="2024-07-17T19:34:32.861" durationms="0.923" />

<concurrent-end id="2297" type="global mark" contextid="2294" timestamp="2024-07-17T19:34:32.985">
<gc-op id="2298" type="trace" timems="124.207" contextid="2294" timestamp="2024-07-17T19:34:32.985">
  <trace bytesTraced="73555904" workStackOverflowCount="0" />
  <card-cleaning reason="card cleaning threshold reached" bytesTraced="21044" cardsCleaned="84" />
</gc-op>
</concurrent-end>

<exclusive-start id="2299" timestamp="2024-07-17T19:34:32.985" intervalms="125.658">
  <response-info timems="0.054" idlems="0.054" threads="0" lastid="00000000009F9B00" lastname="Default Executor-thread-19" />
</exclusive-start>
<concurrent-global-final id="2300" timestamp="2024-07-17T19:34:32.986" contextid="2294" intervalms="79400.045" >
  <concurrent-trace-info reason="card cleaning threshold reached" tracedByMutators="17897768" tracedByHelpers="55679180" cardsCleaned="84" workStackOverflowCount="0" />
</concurrent-global-final>
<gc-start id="2301" type="global" contextid="2294" timestamp="2024-07-17T19:34:32.987">
  <mem-info id="2302" free="12258832" total="348782592" percent="3">
    <mem type="nursery" free="335840" total="222167040" percent="0">
      <mem type="allocate" free="335840" total="174915584" percent="0" />
      <mem type="survivor" free="0" total="47251456" percent="0" />
    </mem>
    <mem type="tenure" free="11922992" total="126615552" percent="9">
      <mem type="soa" free="10656304" total="125348864" percent="8" />
      <mem type="loa" free="1266688" total="1266688" percent="100" />
    </mem>
    <remembered-set count="39479" />
  </mem-info>
</gc-start>
<allocation-stats totalBytes="146610408" discardedBytes="179016" >
  <allocated-bytes non-tlh="7910448" tlh="138699960" />
  <largest-consumer threadName="Default Executor-thread-19" threadId="00000000009F9B00" bytes="75173456" />
</allocation-stats>
<gc-op id="2303" type="rs-scan" timems="4.375" contextid="2294" timestamp="2024-07-17T19:34:32.992">
  <scan objectsFound="261214" bytesTraced="9546332" workStackOverflowCount="0" />
</gc-op>
<gc-op id="2304" type="card-cleaning" timems="0.837" contextid="2294" timestamp="2024-07-17T19:34:32.993">
  <card-cleaning cardsCleaned="0" bytesTraced="0" workStackOverflowCount="0" />
</gc-op>
<gc-op id="2305" type="mark" timems="12.302" contextid="2294" timestamp="2024-07-17T19:34:33.006">
  <trace-info objectcount="76342" scancount="68467" scanbytes="2561376" />
  <finalization candidates="919" enqueued="32" />
  <ownableSynchronizers candidates="12557" cleared="4004" />
  <references type="soft" candidates="17636" cleared="1224" enqueued="1219" dynamicThreshold="9" maxThreshold="32" />
  <references type="weak" candidates="18297" cleared="217" enqueued="215" />
  <references type="phantom" candidates="1370" cleared="46" enqueued="46" />
  <stringconstants candidates="53617" cleared="287"  />
  <object-monitors candidates="242" cleared="16"  />
</gc-op>
<gc-op id="2306" type="classunload" timems="2.564" contextid="2294" timestamp="2024-07-17T19:34:33.009">
  <classunload-info classloadercandidates="499" classloadersunloaded="3" classesunloaded="11" anonymousclassesunloaded="10" quiescems="0.000" setupms="2.481" scanms="0.077" postms="0.005" />
</gc-op>
<gc-op id="2307" type="sweep" timems="2.191" contextid="2294" timestamp="2024-07-17T19:34:33.011" />
<heap-resize id="2308" type="expand" space="tenure" amount="19005440" count="1" timems="0.253" reason="insufficient free space following gc" timestamp="2024-07-17T19:34:33.012" />
<gc-end id="2309" type="global" contextid="2294" durationms="39.557" usertimems="91.366" systemtimems="31.633" stalltimems="99.945" timestamp="2024-07-17T19:34:33.026" activeThreads="12">
  <mem-info id="2310" free="188057256" total="367788032" percent="51">
    <mem type="nursery" free="144364720" total="222167040" percent="64">
      <mem type="allocate" free="144364720" total="174915584" percent="82" />
      <mem type="survivor" free="0" total="47251456" percent="0" />
    </mem>
    <mem type="tenure" free="43692536" total="145620992" percent="30" micro-fragmented="3235475" macro-fragmented="0">
      <mem type="soa" free="42235384" total="144163840" percent="29" />
      <mem type="loa" free="1457152" total="1457152" percent="100" />
    </mem>
    <pending-finalizers system="32" default="0" reference="1480" classloader="0" />
    <remembered-set count="35603" />
  </mem-info>
</gc-end>
<cycle-end id="2311" type="global" contextid="2294" timestamp="2024-07-17T19:34:33.027" />
<exclusive-end id="2312" timestamp="2024-07-17T19:34:33.027" durationms="42.037" />

<exclusive-start id="2313" timestamp="2024-07-17T19:34:34.506" intervalms="1520.528">
  <response-info timems="0.067" idlems="0.067" threads="0" lastid="0000000000DA6300" lastname="Default Executor-thread-22" />
</exclusive-start>
<af-start id="2314" threadId="0000000000DA6D38" totalBytesRequested="32" timestamp="2024-07-17T19:34:34.506" intervalms="48073.250" type="nursery" />
<cycle-start id="2315" type="scavenge" contextid="0" timestamp="2024-07-17T19:34:34.507" intervalms="48073.327" />
<gc-start id="2316" type="scavenge" contextid="2315" timestamp="2024-07-17T19:34:34.508">
  <mem-info id="2317" free="43486192" total="367788032" percent="11">
    <mem type="nursery" free="0" total="222167040" percent="0">
      <mem type="allocate" free="0" total="174915584" percent="0" />
      <mem type="survivor" free="0" total="47251456" percent="0" />
    </mem>
    <mem type="tenure" free="43486192" total="145620992" percent="29">
      <mem type="soa" free="42029040" total="144163840" percent="29" />
      <mem type="loa" free="1457152" total="1457152" percent="100" />
    </mem>
    <remembered-set count="39908" />
  </mem-info>
</gc-start>
<allocation-stats totalBytes="144268840" discardedBytes="264744" >
  <allocated-bytes non-tlh="2311864" tlh="141956976" />
  <largest-consumer threadName="Default Executor-thread-4" threadId="0000000000840D00" bytes="54611712" />
</allocation-stats>
<gc-op id="2318" type="scavenge" timems="12.771" contextid="2315" timestamp="2024-07-17T19:34:34.521">
  <scavenger-info tenureage="4" tenuremask="7f90" tiltratio="78" />
  <memory-copied type="nursery" objects="277396" bytes="13886848" bytesdiscarded="294248" />
  <memory-copied type="tenure" objects="75015" bytes="14151696" bytesdiscarded="66104" />
  <finalization candidates="425" enqueued="414" />
  <ownableSynchronizers candidates="17543" cleared="16840" />
  <references type="soft" candidates="3452" cleared="0" enqueued="0" dynamicThreshold="9" maxThreshold="32" />
  <references type="weak" candidates="4344" cleared="1640" enqueued="1631" />
  <references type="phantom" candidates="348" cleared="42" enqueued="42" />
  <object-monitors candidates="229" cleared="1"  />
</gc-op>
<gc-end id="2319" type="scavenge" contextid="2315" durationms="14.369" usertimems="107.259" systemtimems="9.527" stalltimems="41.650" timestamp="2024-07-17T19:34:34.522" activeThreads="12">
  <mem-info id="2320" free="193016376" total="367788032" percent="52">
    <mem type="nursery" free="163859888" total="222167040" percent="73">
      <mem type="allocate" free="163859888" total="178061312" percent="92" />
      <mem type="survivor" free="0" total="44105728" percent="0" />
    </mem>
    <mem type="tenure" free="29156488" total="145620992" percent="20" macro-fragmented="242284">
      <mem type="soa" free="27699336" total="144163840" percent="19" />
      <mem type="loa" free="1457152" total="1457152" percent="100" />
    </mem>
    <pending-finalizers system="66" default="348" reference="1673" classloader="0" />
    <remembered-set count="30108" />
  </mem-info>
</gc-end>
<cycle-end id="2321" type="scavenge" contextid="2315" timestamp="2024-07-17T19:34:34.522" />
<allocation-satisfied id="2322" threadId="0000000000DA6300" bytesRequested="32" />
<af-end id="2323" timestamp="2024-07-17T19:34:34.523" threadId="0000000000DA6D38" success="true" from="nursery"/>
<exclusive-end id="2324" timestamp="2024-07-17T19:34:34.523" durationms="17.218" />

<exclusive-start id="2325" timestamp="2024-07-17T19:35:05.948" intervalms="31442.047">
  <response-info timems="0.049" idlems="0.049" threads="0" lastid="0000000000949000" lastname="Default Executor-thread-14" />
</exclusive-start>
<af-start id="2326" threadId="0000000000949A38" totalBytesRequested="24" timestamp="2024-07-17T19:35:05.948" intervalms="31442.082" type="nursery" />
<cycle-start id="2327" type="scavenge" contextid="0" timestamp="2024-07-17T19:35:05.949" intervalms="31442.325" />
<gc-start id="2328" type="scavenge" contextid="2327" timestamp="2024-07-17T19:35:05.950">
  <mem-info id="2329" free="28744856" total="367788032" percent="7">
    <mem type="nursery" free="0" total="222167040" percent="0">
      <mem type="allocate" free="0" total="178061312" percent="0" />
      <mem type="survivor" free="0" total="44105728" percent="0" />
    </mem>
    <mem type="tenure" free="28744856" total="145620992" percent="19">
      <mem type="soa" free="27287704" total="144163840" percent="18" />
      <mem type="loa" free="1457152" total="1457152" percent="100" />
    </mem>
    <remembered-set count="35046" />
  </mem-info>
</gc-start>
<allocation-stats totalBytes="163772464" discardedBytes="414264" >
  <allocated-bytes non-tlh="2802384" tlh="160970080" />
  <largest-consumer threadName="Default Executor-thread-32" threadId="0000000001865E00" bytes="43462880" />
</allocation-stats>
<gc-op id="2330" type="scavenge" timems="8.697" contextid="2327" timestamp="2024-07-17T19:35:05.959">
  <scavenger-info tenureage="8" tenuremask="7f00" tiltratio="80" />
  <memory-copied type="nursery" objects="294765" bytes="13686192" bytesdiscarded="219656" />
  <finalization candidates="131" enqueued="129" />
  <ownableSynchronizers candidates="3570" cleared="2775" />
  <references type="soft" candidates="3962" cleared="0" enqueued="0" dynamicThreshold="9" maxThreshold="32" />
  <references type="weak" candidates="3770" cleared="650" enqueued="647" />
  <references type="phantom" candidates="321" cleared="22" enqueued="22" />
  <object-monitors candidates="233" cleared="0"  />
</gc-op>
<gc-end id="2331" type="scavenge" contextid="2327" durationms="20.829" usertimems="80.864" systemtimems="0.000" stalltimems="33.186" timestamp="2024-07-17T19:35:05.970" activeThreads="12">
  <mem-info id="2332" free="198449912" total="367788032" percent="53">
    <mem type="nursery" free="169705056" total="222167040" percent="76">
      <mem type="allocate" free="169705056" total="183631872" percent="92" />
      <mem type="survivor" free="0" total="38535168" percent="0" />
    </mem>
    <mem type="tenure" free="28744856" total="145620992" percent="19" macro-fragmented="16050736">
      <mem type="soa" free="27287704" total="144163840" percent="18" />
      <mem type="loa" free="1457152" total="1457152" percent="100" />
    </mem>
    <pending-finalizers system="60" default="69" reference="669" classloader="0" />
    <remembered-set count="34274" />
  </mem-info>
</gc-end>
<cycle-end id="2333" type="scavenge" contextid="2327" timestamp="2024-07-17T19:35:05.971" />
<allocation-satisfied id="2334" threadId="0000000000949000" bytesRequested="24" />
<af-end id="2335" timestamp="2024-07-17T19:35:05.972" threadId="0000000000949A38" success="true" from="nursery"/>
<exclusive-end id="2336" timestamp="2024-07-17T19:35:05.972" durationms="24.393" />

<exclusive-start id="2337" timestamp="2024-07-17T19:38:49.059" intervalms="223110.690">
  <response-info timems="0.298" idlems="0.298" threads="0" lastid="0000000001866A00" lastname="Default Executor-thread-31" />
</exclusive-start>
<af-start id="2338" threadId="0000000001867438" totalBytesRequested="32776" timestamp="2024-07-17T19:38:49.059" intervalms="223111.004" type="nursery" />
<cycle-start id="2339" type="scavenge" contextid="0" timestamp="2024-07-17T19:38:49.061" intervalms="223111.969" />
<gc-start id="2340" type="scavenge" contextid="2339" timestamp="2024-07-17T19:38:49.063">
  <mem-info id="2341" free="28623696" total="367788032" percent="7">
    <mem type="nursery" free="0" total="222167040" percent="0">
      <mem type="allocate" free="0" total="183631872" percent="0" />
      <mem type="survivor" free="0" total="38535168" percent="0" />
    </mem>
    <mem type="tenure" free="28623696" total="145620992" percent="19">
      <mem type="soa" free="27166544" total="144163840" percent="18" />
      <mem type="loa" free="1457152" total="1457152" percent="100" />
    </mem>
    <remembered-set count="37094" />
  </mem-info>
</gc-start>
<allocation-stats totalBytes="169665112" discardedBytes="143528" >
  <allocated-bytes non-tlh="759032" tlh="168906080" />
  <largest-consumer threadName="Timer-7" threadId="0000000000F42200" bytes="38489240" />
</allocation-stats>
<gc-op id="2342" type="scavenge" timems="13.243" contextid="2339" timestamp="2024-07-17T19:38:49.078">
  <scavenger-info tenureage="9" tenuremask="7e00" tiltratio="82" />
  <memory-copied type="nursery" objects="307644" bytes="14065184" bytesdiscarded="367424" />
  <finalization candidates="3" enqueued="1" />
  <ownableSynchronizers candidates="19456" cleared="18657" />
  <references type="soft" candidates="4820" cleared="0" enqueued="0" dynamicThreshold="9" maxThreshold="32" />
  <references type="weak" candidates="3382" cleared="130" enqueued="123" />
  <references type="phantom" candidates="297" cleared="0" enqueued="0" />
  <object-monitors candidates="233" cleared="1"  />
</gc-op>
<gc-end id="2343" type="scavenge" contextid="2339" durationms="27.179" usertimems="127.423" systemtimems="0.000" stalltimems="39.808" timestamp="2024-07-17T19:38:49.091" activeThreads="12">
  <mem-info id="2344" free="202193304" total="367788032" percent="54">
    <mem type="nursery" free="173569608" total="222167040" percent="78">
      <mem type="allocate" free="173569608" total="188022784" percent="92" />
      <mem type="survivor" free="0" total="34144256" percent="0" />
    </mem>
    <mem type="tenure" free="28623696" total="145620992" percent="19" macro-fragmented="23113062">
      <mem type="soa" free="27166544" total="144163840" percent="18" />
      <mem type="loa" free="1457152" total="1457152" percent="100" />
    </mem>
    <pending-finalizers system="0" default="1" reference="123" classloader="0" />
    <remembered-set count="31179" />
  </mem-info>
</gc-end>
<cycle-end id="2345" type="scavenge" contextid="2339" timestamp="2024-07-17T19:38:49.091" />
<allocation-satisfied id="2346" threadId="0000000001866A00" bytesRequested="32776" />
<af-end id="2347" timestamp="2024-07-17T19:38:49.092" threadId="0000000001867438" success="true" from="nursery"/>
<exclusive-end id="2348" timestamp="2024-07-17T19:38:49.092" durationms="33.400" />

<exclusive-start id="2349" timestamp="2024-07-17T19:43:02.474" intervalms="253415.449">
  <response-info timems="0.197" idlems="0.197" threads="0" lastid="00000000005C6800" lastname="Default Executor-thread-38" />
</exclusive-start>
<af-start id="2350" threadId="00000000005C7238" totalBytesRequested="168" timestamp="2024-07-17T19:43:02.475" intervalms="253415.910" type="nursery" />
<cycle-start id="2351" type="scavenge" contextid="0" timestamp="2024-07-17T19:43:02.478" intervalms="253416.650" />
<gc-start id="2352" type="scavenge" contextid="2351" timestamp="2024-07-17T19:43:02.481">
  <mem-info id="2353" free="28623696" total="367788032" percent="7">
    <mem type="nursery" free="0" total="222167040" percent="0">
      <mem type="allocate" free="0" total="188022784" percent="0" />
      <mem type="survivor" free="0" total="34144256" percent="0" />
    </mem>
    <mem type="tenure" free="28623696" total="145620992" percent="19">
      <mem type="soa" free="27166544" total="144163840" percent="18" />
      <mem type="loa" free="1457152" total="1457152" percent="100" />
    </mem>
    <remembered-set count="31803" />
  </mem-info>
</gc-start>
<allocation-stats totalBytes="173443648" discardedBytes="125960" >
  <allocated-bytes non-tlh="196656" tlh="173246992" />
  <largest-consumer threadName="Timer-7" threadId="0000000000F42200" bytes="46187968" />
</allocation-stats>
<gc-op id="2354" type="scavenge" timems="13.501" contextid="2351" timestamp="2024-07-17T19:43:02.497">
  <scavenger-info tenureage="8" tenuremask="7d00" tiltratio="84" />
  <memory-copied type="nursery" objects="230641" bytes="11188720" bytesdiscarded="441136" />
  <memory-copied type="tenure" objects="77159" bytes="2829936" bytesdiscarded="10992" />
  <finalization candidates="2" enqueued="0" />
  <ownableSynchronizers candidates="22012" cleared="21204" />
  <references type="soft" candidates="4357" cleared="0" enqueued="0" dynamicThreshold="9" maxThreshold="32" />
  <references type="weak" candidates="2798" cleared="23" enqueued="22" />
  <references type="phantom" candidates="296" cleared="3" enqueued="3" />
  <object-monitors candidates="244" cleared="5"  />
</gc-op>
<gc-end id="2355" type="scavenge" contextid="2351" durationms="20.937" usertimems="98.951" systemtimems="19.372" stalltimems="37.690" timestamp="2024-07-17T19:43:02.502" activeThreads="12">
  <mem-info id="2356" free="205247248" total="367788032" percent="55">
    <mem type="nursery" free="179919104" total="222167040" percent="80">
      <mem type="allocate" free="179919104" total="191561728" percent="93" />
      <mem type="survivor" free="0" total="30605312" percent="0" />
    </mem>
    <mem type="tenure" free="25328144" total="145620992" percent="17" macro-fragmented="23113062">
      <mem type="soa" free="23870992" total="144163840" percent="16" />
      <mem type="loa" free="1457152" total="1457152" percent="100" />
    </mem>
    <pending-finalizers system="0" default="0" reference="25" classloader="0" />
    <remembered-set count="25763" />
  </mem-info>
</gc-end>
<cycle-end id="2357" type="scavenge" contextid="2351" timestamp="2024-07-17T19:43:02.502" />
<allocation-satisfied id="2358" threadId="00000000005C6800" bytesRequested="168" />
<af-end id="2359" timestamp="2024-07-17T19:43:02.503" threadId="00000000005C7238" success="true" from="nursery"/>
<exclusive-end id="2360" timestamp="2024-07-17T19:43:02.504" durationms="29.382" />

<exclusive-start id="2361" timestamp="2024-07-17T19:47:24.761" intervalms="262287.090">
  <response-info timems="0.163" idlems="0.163" threads="0" lastid="0000000000958B00" lastname="Default Executor-thread-16" />
</exclusive-start>
<af-start id="2362" threadId="0000000000959538" totalBytesRequested="24" timestamp="2024-07-17T19:47:24.762" intervalms="262287.058" type="nursery" />
<cycle-start id="2363" type="scavenge" contextid="0" timestamp="2024-07-17T19:47:24.764" intervalms="262286.101" />
<gc-start id="2364" type="scavenge" contextid="2363" timestamp="2024-07-17T19:47:24.766">
  <mem-info id="2365" free="25328032" total="367788032" percent="6">
    <mem type="nursery" free="0" total="222167040" percent="0">
      <mem type="allocate" free="0" total="191561728" percent="0" />
      <mem type="survivor" free="0" total="30605312" percent="0" />
    </mem>
    <mem type="tenure" free="25328032" total="145620992" percent="17">
      <mem type="soa" free="23870880" total="144163840" percent="16" />
      <mem type="loa" free="1457152" total="1457152" percent="100" />
    </mem>
    <remembered-set count="26403" />
  </mem-info>
</gc-start>
<allocation-stats totalBytes="179800920" discardedBytes="118296" >
  <allocated-bytes non-tlh="155976" tlh="179644944" />
  <largest-consumer threadName="Timer-7" threadId="0000000000F42200" bytes="49084016" />
</allocation-stats>
<gc-op id="2366" type="scavenge" timems="12.899" contextid="2363" timestamp="2024-07-17T19:47:24.780">
  <scavenger-info tenureage="3" tenuremask="7898" tiltratio="86" />
  <memory-copied type="nursery" objects="59292" bytes="3019376" bytesdiscarded="891968" />
  <memory-copied type="tenure" objects="171746" bytes="8194080" bytesdiscarded="4368" />
  <finalization candidates="2" enqueued="0" />
  <ownableSynchronizers candidates="22582" cleared="21939" />
  <references type="soft" candidates="2335" cleared="0" enqueued="0" dynamicThreshold="9" maxThreshold="32" />
  <references type="weak" candidates="1347" cleared="12" enqueued="11" />
  <references type="phantom" candidates="68" cleared="2" enqueued="2" />
  <object-monitors candidates="251" cleared="7"  />
</gc-op>
<gc-end id="2367" type="scavenge" contextid="2363" durationms="16.482" usertimems="102.136" systemtimems="0.000" stalltimems="43.686" timestamp="2024-07-17T19:47:24.782" activeThreads="12">
  <mem-info id="2368" free="208194640" total="367788032" percent="56">
    <mem type="nursery" free="191185424" total="222167040" percent="86">
      <mem type="allocate" free="191185424" total="195100672" percent="97" />
      <mem type="survivor" free="0" total="27066368" percent="0" />
    </mem>
    <mem type="tenure" free="17009216" total="145620992" percent="11" macro-fragmented="11146344">
      <mem type="soa" free="15552064" total="144163840" percent="10" />
      <mem type="loa" free="1457152" total="1457152" percent="100" />
    </mem>
    <pending-finalizers system="0" default="0" reference="13" classloader="0" />
    <remembered-set count="3749" />
  </mem-info>
</gc-end>
<cycle-end id="2369" type="scavenge" contextid="2363" timestamp="2024-07-17T19:47:24.783" />
<allocation-satisfied id="2370" threadId="0000000000958B00" bytesRequested="24" />
<af-end id="2371" timestamp="2024-07-17T19:47:24.783" threadId="0000000000959538" success="true" from="nursery"/>
<exclusive-end id="2372" timestamp="2024-07-17T19:47:24.783" durationms="22.146" />

<concurrent-kickoff id="2373" timestamp="2024-07-17T19:51:52.526">
  <kickoff reason="threshold reached" targetBytes="73731032" thresholdFreeBytes="10191147"  remainingFree="10150416" tenureFreeBytes="17009216" nurseryFreeBytes="10150416" />
</concurrent-kickoff>
<exclusive-start id="2374" timestamp="2024-07-17T19:51:52.532" intervalms="267770.436">
  <response-info timems="0.095" idlems="0.095" threads="0" lastid="0000000000F42200" lastname="Timer-7" />
</exclusive-start>
<cycle-start id="2375" type="global" contextid="0" timestamp="2024-07-17T19:51:52.532" intervalms="1039672.318" />
<concurrent-start id="2376" type="global mark" contextid="2375" timestamp="2024-07-17T19:51:52.533">
</concurrent-start>
<exclusive-end id="2377" timestamp="2024-07-17T19:51:52.534" durationms="1.921" />

<concurrent-end id="2378" type="global mark" contextid="2375" timestamp="2024-07-17T19:52:05.119">
<gc-op id="2379" type="trace" timems="12586.352" contextid="2375" timestamp="2024-07-17T19:52:05.119">
  <trace bytesTraced="82292820" workStackOverflowCount="0" />
  <card-cleaning reason="card cleaning threshold reached" bytesTraced="63832" cardsCleaned="185" />
</gc-op>
</concurrent-end>

<exclusive-start id="2380" timestamp="2024-07-17T19:52:05.120" intervalms="12588.459">
  <response-info timems="0.057" idlems="0.057" threads="0" lastid="00000000005C6800" lastname="Default Executor-thread-38" />
</exclusive-start>
<concurrent-global-final id="2381" timestamp="2024-07-17T19:52:05.120" contextid="2375" intervalms="1052134.636" >
  <concurrent-trace-info reason="card cleaning threshold reached" tracedByMutators="249812" tracedByHelpers="82106840" cardsCleaned="185" workStackOverflowCount="0" />
</concurrent-global-final>
<gc-start id="2382" type="global" contextid="2375" timestamp="2024-07-17T19:52:05.121">
  <mem-info id="2383" free="20806736" total="367788032" percent="5">
    <mem type="nursery" free="3797520" total="222167040" percent="1">
      <mem type="allocate" free="3797520" total="195100672" percent="1" />
      <mem type="survivor" free="0" total="27066368" percent="0" />
    </mem>
    <mem type="tenure" free="17009216" total="145620992" percent="11">
      <mem type="soa" free="15552064" total="144163840" percent="10" />
      <mem type="loa" free="1457152" total="1457152" percent="100" />
    </mem>
    <remembered-set count="3981" />
  </mem-info>
</gc-start>
<allocation-stats totalBytes="187231576" discardedBytes="156328" >
  <allocated-bytes non-tlh="24" tlh="187231552" />
  <largest-consumer threadName="Timer-7" threadId="0000000000F42200" bytes="49164448" />
</allocation-stats>
<gc-op id="2384" type="rs-scan" timems="2.469" contextid="2375" timestamp="2024-07-17T19:52:05.124">
  <scan objectsFound="48305" bytesTraced="2033488" workStackOverflowCount="0" />
</gc-op>
<gc-op id="2385" type="card-cleaning" timems="0.834" contextid="2375" timestamp="2024-07-17T19:52:05.125">
  <card-cleaning cardsCleaned="93" bytesTraced="85880" workStackOverflowCount="0" />
</gc-op>
<gc-op id="2386" type="mark" timems="11.957" contextid="2375" timestamp="2024-07-17T19:52:05.138">
  <trace-info objectcount="8697" scancount="8234" scanbytes="261968" />
  <finalization candidates="887" enqueued="0" />
  <ownableSynchronizers candidates="32307" cleared="23481" />
  <references type="soft" candidates="18486" cleared="1173" enqueued="1170" dynamicThreshold="9" maxThreshold="32" />
  <references type="weak" candidates="18363" cleared="104" enqueued="96" />
  <references type="phantom" candidates="1291" cleared="12" enqueued="12" />
  <stringconstants candidates="57861" cleared="758"  />
  <object-monitors candidates="244" cleared="13"  />
</gc-op>
<gc-op id="2387" type="classunload" timems="2.112" contextid="2375" timestamp="2024-07-17T19:52:05.140">
  <classunload-info classloadercandidates="563" classloadersunloaded="10" classesunloaded="2" anonymousclassesunloaded="0" quiescems="0.000" setupms="2.017" scanms="0.041" postms="0.053" />
</gc-op>
<gc-op id="2388" type="sweep" timems="2.120" contextid="2375" timestamp="2024-07-17T19:52:05.143" />
<heap-resize id="2389" type="expand" space="tenure" amount="35717120" count="1" timems="0.151" reason="insufficient free space following gc" timestamp="2024-07-17T19:52:05.143" />
<gc-end id="2390" type="global" contextid="2375" durationms="24.936" usertimems="82.507" systemtimems="0.000" stalltimems="101.134" timestamp="2024-07-17T19:52:05.146" activeThreads="12">
  <mem-info id="2391" free="246369856" total="403505152" percent="61">
    <mem type="nursery" free="191960856" total="222167040" percent="86">
      <mem type="allocate" free="191960856" total="195100672" percent="98" />
      <mem type="survivor" free="0" total="27066368" percent="0" />
    </mem>
    <mem type="tenure" free="54409000" total="181338112" percent="30" micro-fragmented="3289988" macro-fragmented="11146344">
      <mem type="soa" free="52595496" total="179524608" percent="29" />
      <mem type="loa" free="1813504" total="1813504" percent="100" />
    </mem>
    <pending-finalizers system="0" default="0" reference="1278" classloader="0" />
    <remembered-set count="3852" />
  </mem-info>
</gc-end>
<cycle-end id="2392" type="global" contextid="2375" timestamp="2024-07-17T19:52:05.147" />
<exclusive-end id="2393" timestamp="2024-07-17T19:52:05.147" durationms="26.701" />

<exclusive-start id="2394" timestamp="2024-07-17T19:56:46.696" intervalms="281576.270">
  <response-info timems="0.165" idlems="0.165" threads="0" lastid="0000000000958B00" lastname="Default Executor-thread-16" />
</exclusive-start>
<af-start id="2395" threadId="0000000000959538" totalBytesRequested="32776" timestamp="2024-07-17T19:56:46.697" intervalms="561934.963" type="nursery" />
<cycle-start id="2396" type="scavenge" contextid="0" timestamp="2024-07-17T19:56:46.699" intervalms="561935.058" />
<gc-start id="2397" type="scavenge" contextid="2396" timestamp="2024-07-17T19:56:46.701">
  <mem-info id="2398" free="54409000" total="403505152" percent="13">
    <mem type="nursery" free="0" total="222167040" percent="0">
      <mem type="allocate" free="0" total="195100672" percent="0" />
      <mem type="survivor" free="0" total="27066368" percent="0" />
    </mem>
    <mem type="tenure" free="54409000" total="181338112" percent="30">
      <mem type="soa" free="52595496" total="179524608" percent="29" />
      <mem type="loa" free="1813504" total="1813504" percent="100" />
    </mem>
    <remembered-set count="5537" />
  </mem-info>
</gc-start>
<allocation-stats totalBytes="191823296" discardedBytes="135632" >
  <allocated-bytes non-tlh="414248" tlh="191409048" />
  <largest-consumer threadName="Timer-7" threadId="0000000000F42200" bytes="51341360" />
</allocation-stats>
<gc-op id="2399" type="scavenge" timems="12.860" contextid="2396" timestamp="2024-07-17T19:56:46.716">
  <scavenger-info tenureage="7" tenuremask="7080" tiltratio="87" />
  <memory-copied type="nursery" objects="22487" bytes="1021712" bytesdiscarded="992728" />
  <memory-copied type="tenure" objects="35738" bytes="1908800" bytesdiscarded="14616" />
  <ownableSynchronizers candidates="40975" cleared="40743" />
  <references type="soft" candidates="945" cleared="0" enqueued="0" dynamicThreshold="9" maxThreshold="32" />
  <references type="weak" candidates="726" cleared="2" enqueued="1" />
  <references type="phantom" candidates="35" cleared="0" enqueued="0" />
  <object-monitors candidates="231" cleared="0"  />
</gc-op>
<gc-end id="2400" type="scavenge" contextid="2396" durationms="17.962" usertimems="40.632" systemtimems="38.525" stalltimems="64.904" timestamp="2024-07-17T19:56:46.719" activeThreads="12">
  <mem-info id="2401" free="249342544" total="403505152" percent="61">
    <mem type="nursery" free="197803520" total="222167040" percent="89">
      <mem type="allocate" free="197803520" total="199819264" percent="98" />
      <mem type="survivor" free="0" total="22347776" percent="0" />
    </mem>
    <mem type="tenure" free="51539024" total="181338112" percent="28" macro-fragmented="39939376">
      <mem type="soa" free="49725520" total="179524608" percent="27" />
      <mem type="loa" free="1813504" total="1813504" percent="100" />
    </mem>
    <pending-finalizers system="0" default="0" reference="1" classloader="0" />
    <remembered-set count="2592" />
  </mem-info>
</gc-end>
<cycle-end id="2402" type="scavenge" contextid="2396" timestamp="2024-07-17T19:56:46.720" />
<allocation-satisfied id="2403" threadId="0000000000958B00" bytesRequested="32776" />
<af-end id="2404" timestamp="2024-07-17T19:56:46.721" threadId="0000000000959538" success="true" from="nursery"/>
<exclusive-end id="2405" timestamp="2024-07-17T19:56:46.721" durationms="24.790" />

<exclusive-start id="2406" timestamp="2024-07-17T20:01:37.518" intervalms="290821.425">
  <response-info timems="0.057" idlems="0.057" threads="0" lastid="0000000000F42200" lastname="Timer-7" />
</exclusive-start>
<af-start id="2407" threadId="0000000000F42C38" totalBytesRequested="16" timestamp="2024-07-17T20:01:37.518" intervalms="290820.911" type="nursery" />
<cycle-start id="2408" type="scavenge" contextid="0" timestamp="2024-07-17T20:01:37.519" intervalms="290819.955" />
<gc-start id="2409" type="scavenge" contextid="2408" timestamp="2024-07-17T20:01:37.519">
  <mem-info id="2410" free="51538800" total="403505152" percent="12">
    <mem type="nursery" free="0" total="222167040" percent="0">
      <mem type="allocate" free="0" total="199819264" percent="0" />
      <mem type="survivor" free="0" total="22347776" percent="0" />
    </mem>
    <mem type="tenure" free="51538800" total="181338112" percent="28">
      <mem type="soa" free="49725296" total="179524608" percent="27" />
      <mem type="loa" free="1813504" total="1813504" percent="100" />
    </mem>
    <remembered-set count="2822" />
  </mem-info>
</gc-start>
<allocation-stats totalBytes="197673320" discardedBytes="130424" >
  <allocated-bytes non-tlh="131328" tlh="197541992" />
  <largest-consumer threadName="Timer-7" threadId="0000000000F42200" bytes="52081816" />
</allocation-stats>
<gc-op id="2411" type="scavenge" timems="3.706" contextid="2408" timestamp="2024-07-17T20:01:37.524">
  <scavenger-info tenureage="13" tenuremask="6000" tiltratio="89" />
  <memory-copied type="nursery" objects="22296" bytes="1020928" bytesdiscarded="197832" />
  <finalization candidates="2" enqueued="2" />
  <ownableSynchronizers candidates="24404" cleared="24320" />
  <references type="soft" candidates="945" cleared="0" enqueued="0" dynamicThreshold="9" maxThreshold="32" />
  <references type="weak" candidates="729" cleared="17" enqueued="16" />
  <references type="phantom" candidates="38" cleared="3" enqueued="3" />
  <object-monitors candidates="243" cleared="11"  />
</gc-op>
<gc-end id="2412" type="scavenge" contextid="2408" durationms="5.310" usertimems="10.379" systemtimems="0.000" stalltimems="30.231" timestamp="2024-07-17T20:01:37.525" activeThreads="11">
  <mem-info id="2413" free="250268912" total="403505152" percent="62">
    <mem type="nursery" free="198730112" total="222167040" percent="89">
      <mem type="allocate" free="198730112" total="199950336" percent="99" />
      <mem type="survivor" free="0" total="22216704" percent="0" />
    </mem>
    <mem type="tenure" free="51538800" total="181338112" percent="28" macro-fragmented="39939376">
      <mem type="soa" free="49725296" total="179524608" percent="27" />
      <mem type="loa" free="1813504" total="1813504" percent="100" />
    </mem>
    <pending-finalizers system="2" default="0" reference="19" classloader="0" />
    <remembered-set count="2571" />
  </mem-info>
</gc-end>
<cycle-end id="2414" type="scavenge" contextid="2408" timestamp="2024-07-17T20:01:37.525" />
<allocation-satisfied id="2415" threadId="0000000000F42200" bytesRequested="16" />
<af-end id="2416" timestamp="2024-07-17T20:01:37.526" threadId="0000000000F42C38" success="true" from="nursery"/>
<exclusive-end id="2417" timestamp="2024-07-17T20:01:37.526" durationms="7.985" />

<exclusive-start id="2418" timestamp="2024-07-17T20:06:27.572" intervalms="290053.785">
  <response-info timems="0.053" idlems="0.053" threads="0" lastid="00000000005D2200" lastname="Default Executor-thread-45" />
</exclusive-start>
<af-start id="2419" threadId="00000000005D2C38" totalBytesRequested="24" timestamp="2024-07-17T20:06:27.572" intervalms="290053.604" type="nursery" />
<cycle-start id="2420" type="scavenge" contextid="0" timestamp="2024-07-17T20:06:27.572" intervalms="290053.391" />
<gc-start id="2421" type="scavenge" contextid="2420" timestamp="2024-07-17T20:06:27.573">
  <mem-info id="2422" free="51538384" total="403505152" percent="12">
    <mem type="nursery" free="0" total="222167040" percent="0">
      <mem type="allocate" free="0" total="199950336" percent="0" />
      <mem type="survivor" free="0" total="22216704" percent="0" />
    </mem>
    <mem type="tenure" free="51538384" total="181338112" percent="28">
      <mem type="soa" free="49724880" total="179524608" percent="27" />
      <mem type="loa" free="1813504" total="1813504" percent="100" />
    </mem>
    <remembered-set count="2822" />
  </mem-info>
</gc-start>
<allocation-stats totalBytes="198621984" discardedBytes="108544" >
  <allocated-bytes non-tlh="287232" tlh="198334752" />
  <largest-consumer threadName="Timer-7" threadId="0000000000F42200" bytes="53382184" />
</allocation-stats>
<gc-op id="2423" type="scavenge" timems="3.057" contextid="2420" timestamp="2024-07-17T20:06:27.576">
  <scavenger-info tenureage="5" tenuremask="ffe0" tiltratio="90" />
  <memory-copied type="nursery" objects="4802" bytes="193800" bytesdiscarded="521240" />
  <memory-copied type="tenure" objects="18387" bytes="854880" bytesdiscarded="912" />
  <ownableSynchronizers candidates="24365" cleared="24278" />
  <references type="soft" candidates="1" cleared="0" enqueued="0" dynamicThreshold="9" maxThreshold="32" />
  <references type="weak" candidates="634" cleared="22" enqueued="21" />
  <references type="phantom" candidates="23" cleared="4" enqueued="4" />
  <object-monitors candidates="244" cleared="9"  />
</gc-op>
<gc-end id="2424" type="scavenge" contextid="2420" durationms="4.052" usertimems="5.527" systemtimems="3.934" stalltimems="14.611" timestamp="2024-07-17T20:06:27.577" activeThreads="8">
  <mem-info id="2425" free="250323656" total="403505152" percent="62">
    <mem type="nursery" free="199234560" total="222167040" percent="89">
      <mem type="allocate" free="199234560" total="199950336" percent="99" />
      <mem type="survivor" free="0" total="22216704" percent="0" />
    </mem>
    <mem type="tenure" free="51089096" total="181338112" percent="28" macro-fragmented="33282812">
      <mem type="soa" free="49275592" total="179524608" percent="27" />
      <mem type="loa" free="1813504" total="1813504" percent="100" />
    </mem>
    <pending-finalizers system="0" default="0" reference="25" classloader="0" />
    <remembered-set count="621" />
  </mem-info>
</gc-end>
<cycle-end id="2426" type="scavenge" contextid="2420" timestamp="2024-07-17T20:06:27.577" />
<allocation-satisfied id="2427" threadId="00000000005D2200" bytesRequested="24" />
<af-end id="2428" timestamp="2024-07-17T20:06:27.577" threadId="00000000005D2C38" success="true" from="nursery"/>
<exclusive-end id="2429" timestamp="2024-07-17T20:06:27.578" durationms="6.037" />

<exclusive-start id="2430" timestamp="2024-07-17T20:11:22.525" intervalms="294953.271">
  <response-info timems="0.133" idlems="0.133" threads="0" lastid="0000000000F42200" lastname="Timer-7" />
</exclusive-start>
<af-start id="2431" threadId="0000000000F42C38" totalBytesRequested="3312" timestamp="2024-07-17T20:11:22.526" intervalms="294953.750" type="nursery" />
<cycle-start id="2432" type="scavenge" contextid="0" timestamp="2024-07-17T20:11:22.526" intervalms="294954.273" />
<gc-start id="2433" type="scavenge" contextid="2432" timestamp="2024-07-17T20:11:22.527">
  <mem-info id="2434" free="51089096" total="403505152" percent="12">
    <mem type="nursery" free="0" total="222167040" percent="0">
      <mem type="allocate" free="0" total="199950336" percent="0" />
      <mem type="survivor" free="0" total="22216704" percent="0" />
    </mem>
    <mem type="tenure" free="51089096" total="181338112" percent="28">
      <mem type="soa" free="49275592" total="179524608" percent="27" />
      <mem type="loa" free="1813504" total="1813504" percent="100" />
    </mem>
    <remembered-set count="818" />
  </mem-info>
</gc-start>
<allocation-stats totalBytes="199130720" discardedBytes="103840" >
  <allocated-bytes non-tlh="24" tlh="199130696" />
  <largest-consumer threadName="Timer-7" threadId="0000000000F42200" bytes="51802640" />
</allocation-stats>
<gc-op id="2435" type="scavenge" timems="4.473" contextid="2432" timestamp="2024-07-17T20:11:22.533">
  <scavenger-info tenureage="7" tenuremask="fd80" tiltratio="90" />
  <memory-copied type="nursery" objects="4936" bytes="198952" bytesdiscarded="284792" />
  <ownableSynchronizers candidates="24737" cleared="24660" />
  <references type="soft" candidates="1" cleared="0" enqueued="0" dynamicThreshold="9" maxThreshold="32" />
  <references type="weak" candidates="627" cleared="2" enqueued="1" />
  <references type="phantom" candidates="19" cleared="0" enqueued="0" />
  <object-monitors candidates="235" cleared="0"  />
</gc-op>
<gc-end id="2436" type="scavenge" contextid="2432" durationms="7.474" usertimems="9.064" systemtimems="0.000" stalltimems="17.712" timestamp="2024-07-17T20:11:22.535" activeThreads="6">
  <mem-info id="2437" free="250555336" total="403505152" percent="62">
    <mem type="nursery" free="199466240" total="222167040" percent="89">
      <mem type="allocate" free="199466240" total="199950336" percent="99" />
      <mem type="survivor" free="0" total="22216704" percent="0" />
    </mem>
    <mem type="tenure" free="51089096" total="181338112" percent="28" macro-fragmented="47927252">
      <mem type="soa" free="49275592" total="179524608" percent="27" />
      <mem type="loa" free="1813504" total="1813504" percent="100" />
    </mem>
    <pending-finalizers system="0" default="0" reference="1" classloader="0" />
    <remembered-set count="628" />
  </mem-info>
</gc-end>
<cycle-end id="2438" type="scavenge" contextid="2432" timestamp="2024-07-17T20:11:22.536" />
<allocation-satisfied id="2439" threadId="0000000000F42200" bytesRequested="3312" />
<af-end id="2440" timestamp="2024-07-17T20:11:22.538" threadId="0000000000F42C38" success="true" from="nursery"/>
<exclusive-end id="2441" timestamp="2024-07-17T20:11:22.539" durationms="13.693" />

<exclusive-start id="2442" timestamp="2024-07-17T20:16:15.835" intervalms="293310.471">
  <response-info timems="0.059" idlems="0.059" threads="0" lastid="0000000001865E00" lastname="Default Executor-thread-32" />
</exclusive-start>
<af-start id="2443" threadId="0000000001866838" totalBytesRequested="184" timestamp="2024-07-17T20:16:15.836" intervalms="293310.186" type="nursery" />
<cycle-start id="2444" type="scavenge" contextid="0" timestamp="2024-07-17T20:16:15.836" intervalms="293309.907" />
<gc-start id="2445" type="scavenge" contextid="2444" timestamp="2024-07-17T20:16:15.837">
  <mem-info id="2446" free="51089096" total="403505152" percent="12">
    <mem type="nursery" free="0" total="222167040" percent="0">
      <mem type="allocate" free="0" total="199950336" percent="0" />
      <mem type="survivor" free="0" total="22216704" percent="0" />
    </mem>
    <mem type="tenure" free="51089096" total="181338112" percent="28">
      <mem type="soa" free="49275592" total="179524608" percent="27" />
      <mem type="loa" free="1813504" total="1813504" percent="100" />
    </mem>
    <remembered-set count="814" />
  </mem-info>
</gc-start>
<allocation-stats totalBytes="199354224" discardedBytes="112016" >
  <allocated-bytes non-tlh="27904" tlh="199326320" />
  <largest-consumer threadName="Timer-7" threadId="0000000000F42200" bytes="53732656" />
</allocation-stats>
<gc-op id="2447" type="scavenge" timems="1.285" contextid="2444" timestamp="2024-07-17T20:16:15.839">
  <scavenger-info tenureage="4" tenuremask="ff90" tiltratio="90" />
  <memory-copied type="nursery" objects="5041" bytes="219192" bytesdiscarded="96400" />
  <memory-copied type="tenure" objects="21" bytes="7672" bytesdiscarded="0" />
  <ownableSynchronizers candidates="24610" cleared="24533" />
  <references type="soft" candidates="1" cleared="0" enqueued="0" dynamicThreshold="9" maxThreshold="32" />
  <references type="weak" candidates="629" cleared="4" enqueued="3" />
  <references type="phantom" candidates="20" cleared="0" enqueued="0" />
  <object-monitors candidates="235" cleared="0"  />
</gc-op>
<gc-end id="2448" type="scavenge" contextid="2444" durationms="2.513" usertimems="2.437" systemtimems="0.000" stalltimems="2.709" timestamp="2024-07-17T20:16:15.839" activeThreads="4">
  <mem-info id="2449" free="250704832" total="403505152" percent="62">
    <mem type="nursery" free="199634424" total="222167040" percent="89">
      <mem type="allocate" free="199634424" total="199950336" percent="99" />
      <mem type="survivor" free="0" total="22216704" percent="0" />
    </mem>
    <mem type="tenure" free="51070408" total="181338112" percent="28" macro-fragmented="47927252">
      <mem type="soa" free="49256904" total="179524608" percent="27" />
      <mem type="loa" free="1813504" total="1813504" percent="100" />
    </mem>
    <pending-finalizers system="0" default="0" reference="3" classloader="0" />
    <remembered-set count="604" />
  </mem-info>
</gc-end>
<cycle-end id="2450" type="scavenge" contextid="2444" timestamp="2024-07-17T20:16:15.840" />
<allocation-satisfied id="2451" threadId="0000000001865E00" bytesRequested="184" />
<af-end id="2452" timestamp="2024-07-17T20:16:15.840" threadId="0000000001866838" success="true" from="nursery"/>
<exclusive-end id="2453" timestamp="2024-07-17T20:16:15.841" durationms="5.474" />

<exclusive-start id="2454" timestamp="2024-07-17T20:21:07.588" intervalms="291752.211">
  <response-info timems="0.087" idlems="0.087" threads="0" lastid="0000000000830F00" lastname="Default Executor-thread-64" />
</exclusive-start>
<af-start id="2455" threadId="0000000000831938" totalBytesRequested="24" timestamp="2024-07-17T20:21:07.588" intervalms="291752.114" type="nursery" />
<cycle-start id="2456" type="scavenge" contextid="0" timestamp="2024-07-17T20:21:07.588" intervalms="291752.075" />
<gc-start id="2457" type="scavenge" contextid="2456" timestamp="2024-07-17T20:21:07.589">
  <mem-info id="2458" free="51070408" total="403505152" percent="12">
    <mem type="nursery" free="0" total="222167040" percent="0">
      <mem type="allocate" free="0" total="199950336" percent="0" />
      <mem type="survivor" free="0" total="22216704" percent="0" />
    </mem>
    <mem type="tenure" free="51070408" total="181338112" percent="28">
      <mem type="soa" free="49256904" total="179524608" percent="27" />
      <mem type="loa" free="1813504" total="1813504" percent="100" />
    </mem>
    <remembered-set count="781" />
  </mem-info>
</gc-start>
<allocation-stats totalBytes="199456336" discardedBytes="178088" >
  <allocated-bytes non-tlh="184" tlh="199456152" />
  <largest-consumer threadName="Timer-7" threadId="0000000000F42200" bytes="54045664" />
</allocation-stats>
<gc-op id="2459" type="scavenge" timems="1.616" contextid="2456" timestamp="2024-07-17T20:21:07.591">
  <scavenger-info tenureage="4" tenuremask="ffd0" tiltratio="90" />
  <memory-copied type="nursery" objects="3686" bytes="156616" bytesdiscarded="48064" />
  <memory-copied type="tenure" objects="1214" bytes="55352" bytesdiscarded="24" />
  <ownableSynchronizers candidates="24489" cleared="24412" />
  <references type="soft" candidates="1" cleared="0" enqueued="0" dynamicThreshold="9" maxThreshold="32" />
  <references type="weak" candidates="285" cleared="2" enqueued="1" />
  <references type="phantom" candidates="9" cleared="0" enqueued="0" />
  <object-monitors candidates="235" cleared="0"  />
</gc-op>
<gc-end id="2460" type="scavenge" contextid="2456" durationms="2.836" usertimems="3.197" systemtimems="0.430" stalltimems="1.654" timestamp="2024-07-17T20:21:07.592" activeThreads="3">
  <mem-info id="2461" free="250749624" total="403505152" percent="62">
    <mem type="nursery" free="199745520" total="222167040" percent="89">
      <mem type="allocate" free="199745520" total="199950336" percent="99" />
      <mem type="survivor" free="0" total="22216704" percent="0" />
    </mem>
    <mem type="tenure" free="51004104" total="181338112" percent="28" macro-fragmented="19260884">
      <mem type="soa" free="49190600" total="179524608" percent="27" />
      <mem type="loa" free="1813504" total="1813504" percent="100" />
    </mem>
    <pending-finalizers system="0" default="0" reference="1" classloader="0" />
    <remembered-set count="695" />
  </mem-info>
</gc-end>
<cycle-end id="2462" type="scavenge" contextid="2456" timestamp="2024-07-17T20:21:07.592" />
<allocation-satisfied id="2463" threadId="0000000000830F00" bytesRequested="24" />
<af-end id="2464" timestamp="2024-07-17T20:21:07.593" threadId="0000000000831938" success="true" from="nursery"/>
<exclusive-end id="2465" timestamp="2024-07-17T20:21:07.593" durationms="5.381" />

<exclusive-start id="2466" timestamp="2024-07-17T20:26:04.318" intervalms="296730.406">
  <response-info timems="0.067" idlems="0.067" threads="0" lastid="0000000001865E00" lastname="Default Executor-thread-32" />
</exclusive-start>
<af-start id="2467" threadId="0000000001866838" totalBytesRequested="176" timestamp="2024-07-17T20:26:04.318" intervalms="296730.470" type="nursery" />
<cycle-start id="2468" type="scavenge" contextid="0" timestamp="2024-07-17T20:26:04.319" intervalms="296730.535" />
<gc-start id="2469" type="scavenge" contextid="2468" timestamp="2024-07-17T20:26:04.320">
  <mem-info id="2470" free="51004104" total="403505152" percent="12">
    <mem type="nursery" free="0" total="222167040" percent="0">
      <mem type="allocate" free="0" total="199950336" percent="0" />
      <mem type="survivor" free="0" total="22216704" percent="0" />
    </mem>
    <mem type="tenure" free="51004104" total="181338112" percent="28">
      <mem type="soa" free="49190600" total="179524608" percent="27" />
      <mem type="loa" free="1813504" total="1813504" percent="100" />
    </mem>
    <remembered-set count="1083" />
  </mem-info>
</gc-start>
<allocation-stats totalBytes="199597152" discardedBytes="148368" >
  <allocated-bytes non-tlh="221272" tlh="199375880" />
  <largest-consumer threadName="Timer-7" threadId="0000000000F42200" bytes="51579096" />
</allocation-stats>
<gc-op id="2471" type="scavenge" timems="1.490" contextid="2468" timestamp="2024-07-17T20:26:04.322">
  <scavenger-info tenureage="3" tenuremask="fe58" tiltratio="90" />
  <memory-copied type="nursery" objects="3054" bytes="137832" bytesdiscarded="56264" />
  <memory-copied type="tenure" objects="1321" bytes="46656" bytesdiscarded="464" />
  <ownableSynchronizers candidates="24907" cleared="24835" />
  <references type="soft" candidates="1" cleared="0" enqueued="0" dynamicThreshold="9" maxThreshold="32" />
  <references type="weak" candidates="193" cleared="7" enqueued="6" />
  <references type="phantom" candidates="8" cleared="1" enqueued="1" />
  <object-monitors candidates="247" cleared="8"  />
</gc-op>
<gc-end id="2472" type="scavenge" contextid="2468" durationms="3.074" usertimems="1.689" systemtimems="1.363" stalltimems="1.756" timestamp="2024-07-17T20:26:04.323" activeThreads="3">
  <mem-info id="2473" free="250720696" total="403505152" percent="62">
    <mem type="nursery" free="199755760" total="222167040" percent="89">
      <mem type="allocate" free="199755760" total="199950336" percent="99" />
      <mem type="survivor" free="0" total="22216704" percent="0" />
    </mem>
    <mem type="tenure" free="50964936" total="181338112" percent="28" macro-fragmented="23113062">
      <mem type="soa" free="49151432" total="179524608" percent="27" />
      <mem type="loa" free="1813504" total="1813504" percent="100" />
    </mem>
    <pending-finalizers system="0" default="0" reference="7" classloader="0" />
    <remembered-set count="702" />
  </mem-info>
</gc-end>
<cycle-end id="2474" type="scavenge" contextid="2468" timestamp="2024-07-17T20:26:04.323" />
<allocation-satisfied id="2475" threadId="0000000001865E00" bytesRequested="176" />
<af-end id="2476" timestamp="2024-07-17T20:26:04.324" threadId="0000000001866838" success="true" from="nursery"/>
<exclusive-end id="2477" timestamp="2024-07-17T20:26:04.324" durationms="6.183" />

<exclusive-start id="2478" timestamp="2024-07-17T20:28:43.492" intervalms="159174.191">
  <response-info timems="0.083" idlems="0.083" threads="0" lastid="00000000001C9000" lastname="VM Runtime State Listener" />
</exclusive-start>
<sys-start reason="vm idle" id="2479" timestamp="2024-07-17T20:28:43.493" intervalms="3342619.717" />
<cycle-start id="2480" type="global" contextid="0" timestamp="2024-07-17T20:28:43.493" intervalms="2210960.774" />
<gc-start id="2481" type="global" contextid="2480" timestamp="2024-07-17T20:28:43.495">
  <mem-info id="2482" free="140394752" total="403505152" percent="34">
    <mem type="nursery" free="89429816" total="222167040" percent="40">
      <mem type="allocate" free="89429816" total="199950336" percent="44" />
      <mem type="survivor" free="0" total="22216704" percent="0" />
    </mem>
    <mem type="tenure" free="50964936" total="181338112" percent="28">
      <mem type="soa" free="49151432" total="179524608" percent="27" />
      <mem type="loa" free="1813504" total="1813504" percent="100" />
    </mem>
    <remembered-set count="1117" />
  </mem-info>
</gc-start>
<allocation-stats totalBytes="110235368" discardedBytes="90576" >
  <allocated-bytes non-tlh="32952" tlh="110202416" />
  <largest-consumer threadName="Timer-7" threadId="0000000000F42200" bytes="29975168" />
</allocation-stats>
<gc-op id="2483" type="mark" timems="36.961" contextid="2480" timestamp="2024-07-17T20:28:43.532">
  <trace-info objectcount="2383682" scancount="2054349" scanbytes="83952012" />
  <finalization candidates="887" enqueued="0" />
  <ownableSynchronizers candidates="22170" cleared="13344" />
  <references type="soft" candidates="17309" cleared="1239" enqueued="1228" dynamicThreshold="9" maxThreshold="32" />
  <references type="weak" candidates="18106" cleared="74" enqueued="73" />
  <references type="phantom" candidates="1282" cleared="12" enqueued="12" />
  <stringconstants candidates="57105" cleared="477"  />
  <object-monitors candidates="251" cleared="27"  />
</gc-op>
<gc-op id="2484" type="classunload" timems="1.762" contextid="2480" timestamp="2024-07-17T20:28:43.534">
  <classunload-info classloadercandidates="553" classloadersunloaded="1" classesunloaded="1" anonymousclassesunloaded="0" quiescems="0.000" setupms="1.717" scanms="0.032" postms="0.011" />
</gc-op>
<gc-op id="2485" type="sweep" timems="1.896" contextid="2480" timestamp="2024-07-17T20:28:43.536" />
<mem-info id="2486" free="251405000" total="403505152" percent="62">
  <mem type="nursery" free="199634792" total="222167040" percent="89">
    <mem type="allocate" free="199634792" total="199950336" percent="99" />
    <mem type="survivor" free="0" total="22216704" percent="0" />
  </mem>
  <mem type="tenure" free="51770208" total="181338112" percent="28" micro-fragmented="3835349" macro-fragmented="47927252">
    <mem type="soa" free="49956704" total="179524608" percent="27" />
    <mem type="loa" free="1813504" total="1813504" percent="100" />
  </mem>
  <pending-finalizers system="0" default="0" reference="1313" classloader="0" />
  <remembered-set count="1020" />
</mem-info>
<gc-op id="2487" type="compact" timems="162.238" contextid="2480" timestamp="2024-07-17T20:28:43.699">
  <compact-info movecount="2374476" movebytes="124308952" reason="compact on aggressive collection" />
</gc-op>
<gc-end id="2488" type="global" contextid="2480" durationms="205.029" usertimems="1400.897" systemtimems="25.186" stalltimems="133.265" timestamp="2024-07-17T20:28:43.700" activeThreads="12">
  <mem-info id="2489" free="255471160" total="403505152" percent="63">
    <mem type="nursery" free="199813440" total="222167040" percent="89">
      <mem type="allocate" free="199813440" total="199950336" percent="99" />
      <mem type="survivor" free="0" total="22216704" percent="0" />
    </mem>
    <mem type="tenure" free="55657720" total="181338112" percent="30">
      <mem type="soa" free="53844216" total="179524608" percent="29" />
      <mem type="loa" free="1813504" total="1813504" percent="100" />
    </mem>
    <pending-finalizers system="0" default="0" reference="1313" classloader="0" />
    <remembered-set count="1020" />
  </mem-info>
</gc-end>
<cycle-end id="2490" type="global" contextid="2480" timestamp="2024-07-17T20:28:43.700" />
<sys-end id="2491" timestamp="2024-07-17T20:28:43.700" />
<exclusive-end id="2492" timestamp="2024-07-17T20:28:43.700" durationms="208.223" />

<heap-resize id="2493" type="release free pages" space="tenure" amount="55623680" count="1" timems="0.584" reason="idle" timestamp="2024-07-17T20:28:43.701" />
<exclusive-start id="2494" timestamp="2024-07-17T20:33:22.547" intervalms="279054.412">
  <response-info timems="0.149" idlems="0.149" threads="0" lastid="0000000000F42200" lastname="Timer-7" />
</exclusive-start>
<af-start id="2495" threadId="0000000000F42C38" totalBytesRequested="1128" timestamp="2024-07-17T20:33:22.547" intervalms="438228.634" type="nursery" />
<cycle-start id="2496" type="scavenge" contextid="0" timestamp="2024-07-17T20:33:22.548" intervalms="438228.646" />
<gc-start id="2497" type="scavenge" contextid="2496" timestamp="2024-07-17T20:33:22.548">
  <mem-info id="2498" free="55649224" total="403505152" percent="13">
    <mem type="nursery" free="0" total="222167040" percent="0">
      <mem type="allocate" free="0" total="199950336" percent="0" />
      <mem type="survivor" free="0" total="22216704" percent="0" />
    </mem>
    <mem type="tenure" free="55649224" total="181338112" percent="30">
      <mem type="soa" free="53835720" total="179524608" percent="29" />
      <mem type="loa" free="1813504" total="1813504" percent="100" />
    </mem>
    <remembered-set count="3169" />
  </mem-info>
</gc-start>
<allocation-stats totalBytes="199706424" discardedBytes="115512" >
  <allocated-bytes non-tlh="400048" tlh="199306376" />
  <largest-consumer threadName="Timer-7" threadId="0000000000F42200" bytes="51550088" />
</allocation-stats>
<gc-op id="2499" type="scavenge" timems="2.036" contextid="2496" timestamp="2024-07-17T20:33:22.551">
  <scavenger-info tenureage="6" tenuremask="ffc0" tiltratio="90" />
  <memory-copied type="nursery" objects="9044" bytes="742856" bytesdiscarded="103288" />
  <finalization candidates="5" enqueued="5" />
  <ownableSynchronizers candidates="41100" cleared="41026" />
  <references type="soft" candidates="13" cleared="0" enqueued="0" dynamicThreshold="9" maxThreshold="32" />
  <references type="weak" candidates="550" cleared="42" enqueued="31" />
  <references type="phantom" candidates="28" cleared="4" enqueued="4" />
  <object-monitors candidates="243" cleared="9"  />
</gc-op>
<heap-resize id="2500" type="contract" space="nursery" amount="2228224" count="1" timems="0.151" reason="insufficient time being spent scavenging" timestamp="2024-07-17T20:33:22.551" />
<gc-end id="2501" type="scavenge" contextid="2496" durationms="6.939" usertimems="7.257" systemtimems="0.000" stalltimems="2.775" timestamp="2024-07-17T20:33:22.555" activeThreads="3">
  <mem-info id="2502" free="252654864" total="401276928" percent="62">
    <mem type="nursery" free="197005640" total="219938816" percent="89">
      <mem type="allocate" free="197005640" total="197853184" percent="99" />
      <mem type="survivor" free="0" total="22085632" percent="0" />
    </mem>
    <mem type="tenure" free="55649224" total="181338112" percent="30" macro-fragmented="47927252">
      <mem type="soa" free="53835720" total="179524608" percent="29" />
      <mem type="loa" free="1813504" total="1813504" percent="100" />
    </mem>
    <pending-finalizers system="0" default="5" reference="35" classloader="0" />
    <remembered-set count="2238" />
  </mem-info>
</gc-end>
<cycle-end id="2503" type="scavenge" contextid="2496" timestamp="2024-07-17T20:33:22.556" />
<allocation-satisfied id="2504" threadId="0000000000F42200" bytesRequested="1128" />
<af-end id="2505" timestamp="2024-07-17T20:33:22.556" threadId="0000000000F42C38" success="true" from="nursery"/>
<exclusive-end id="2506" timestamp="2024-07-17T20:33:22.557" durationms="9.975" />

<exclusive-start id="2507" timestamp="2024-07-17T20:34:14.042" intervalms="51495.001">
  <response-info timems="0.055" idlems="0.055" threads="0" lastid="00000000001C9000" lastname="VM Runtime State Listener" />
</exclusive-start>
<sys-start reason="vm idle" id="2508" timestamp="2024-07-17T20:34:14.042" intervalms="330549.309" />
<cycle-start id="2509" type="global" contextid="0" timestamp="2024-07-17T20:34:14.042" intervalms="330549.361" />
<gc-start id="2510" type="global" contextid="2509" timestamp="2024-07-17T20:34:14.044">
  <mem-info id="2511" free="217596072" total="401276928" percent="54">
    <mem type="nursery" free="161946848" total="219938816" percent="73">
      <mem type="allocate" free="161946848" total="197853184" percent="81" />
      <mem type="survivor" free="0" total="22085632" percent="0" />
    </mem>
    <mem type="tenure" free="55649224" total="181338112" percent="30">
      <mem type="soa" free="53835720" total="179524608" percent="29" />
      <mem type="loa" free="1813504" total="1813504" percent="100" />
    </mem>
    <remembered-set count="2550" />
  </mem-info>
</gc-start>
<allocation-stats totalBytes="35007632" discardedBytes="51160" >
  <allocated-bytes non-tlh="1128" tlh="35006504" />
  <largest-consumer threadName="Timer-7" threadId="0000000000F42200" bytes="8349320" />
</allocation-stats>
<gc-op id="2512" type="mark" timems="34.197" contextid="2509" timestamp="2024-07-17T20:34:14.079">
  <trace-info objectcount="2375005" scancount="2046295" scanbytes="83705632" />
  <finalization candidates="887" enqueued="1" />
  <ownableSynchronizers candidates="13143" cleared="4317" />
  <references type="soft" candidates="16050" cleared="1171" enqueued="1125" dynamicThreshold="9" maxThreshold="32" />
  <references type="weak" candidates="18199" cleared="36" enqueued="28" />
  <references type="phantom" candidates="1283" cleared="4" enqueued="4" />
  <stringconstants candidates="56685" cleared="626"  />
  <object-monitors candidates="234" cleared="3"  />
</gc-op>
<gc-op id="2513" type="classunload" timems="3.296" contextid="2509" timestamp="2024-07-17T20:34:14.082">
  <classunload-info classloadercandidates="569" classloadersunloaded="3" classesunloaded="24" anonymousclassesunloaded="21" quiescems="0.000" setupms="3.222" scanms="0.068" postms="0.005" />
</gc-op>
<gc-op id="2514" type="sweep" timems="2.360" contextid="2509" timestamp="2024-07-17T20:34:14.085" />
<gc-end id="2515" type="global" contextid="2509" durationms="51.750" usertimems="378.556" systemtimems="27.476" stalltimems="125.554" timestamp="2024-07-17T20:34:14.095" activeThreads="12">
  <mem-info id="2516" free="252828632" total="401276928" percent="63">
    <mem type="nursery" free="197069736" total="219938816" percent="89">
      <mem type="allocate" free="197069736" total="197853184" percent="99" />
      <mem type="survivor" free="0" total="22085632" percent="0" />
    </mem>
    <mem type="tenure" free="55758896" total="181338112" percent="30" micro-fragmented="229173" macro-fragmented="27735676">
      <mem type="soa" free="53945392" total="179524608" percent="30" />
      <mem type="loa" free="1813504" total="1813504" percent="100" />
    </mem>
    <pending-finalizers system="1" default="0" reference="1157" classloader="0" />
    <remembered-set count="1114" />
  </mem-info>
</gc-end>
<cycle-end id="2517" type="global" contextid="2509" timestamp="2024-07-17T20:34:14.096" />
<heap-fixup timems="9.757" reason="class unloading"  timestamp="2024-07-17T20:34:14.096" />
<sys-end id="2518" timestamp="2024-07-17T20:34:14.097" />
<exclusive-end id="2519" timestamp="2024-07-17T20:34:14.097" durationms="55.318" />

<heap-resize id="2520" type="release free pages" space="tenure" amount="55631872" count="1" timems="0.513" reason="idle" timestamp="2024-07-17T20:34:14.098" />
</verbosegc>

