<?xml version="1.0" ?>

<verbosegc xmlns="http://www.ibm.com/j9/verbosegc" version="254af5a04_CMPRSS">

<initialized id="1" timestamp="2024-07-18T15:29:16.189">
  <attribute name="gcPolicy" value="-Xgcpolicy:gencon" />
  <attribute name="maxHeapSize" value="0x20000000" />
  <attribute name="initialHeapSize" value="0x10000000" />
  <attribute name="compressedRefs" value="true" />
  <attribute name="compressedRefsDisplacement" value="0x0" />
  <attribute name="compressedRefsShift" value="0x3" />
  <attribute name="pageSize" value="0x1000" />
  <attribute name="pageType" value="not used" />
  <attribute name="requestedPageSize" value="0x1000" />
  <attribute name="requestedPageType" value="not used" />
  <attribute name="gcthreads" value="12" />
  <attribute name="gcthreads Concurrent Mark" value="1" />
  <attribute name="packetListSplit" value="2" />
  <attribute name="cacheListSplit" value="2" />
  <attribute name="splitFreeListSplitAmount" value="2" />
  <attribute name="numaNodes" value="0" />
  <system>
    <attribute name="physicalMemory" value="16621170688" />
    <attribute name="addressablePhysicalMemory" value="16621170688" />
    <attribute name="container memory limit set" value="false" />
    <attribute name="numCPUs" value="12" />
    <attribute name="numCPUs active" value="12" />
    <attribute name="architecture" value="amd64" />
    <attribute name="os" value="Linux" />
    <attribute name="osVersion" value="5.15.153.1-microsoft-standard-WSL2" />
  </system>
  <vmargs>
    <vmarg name="-Xoptionsfile=/opt/java/openjdk/lib/options.default" />
    <vmarg name="-Xlockword:mode=default,noLockword=java/lang/String,noLockword=java/util/MapEntry,noLockword=java/util/HashMap$Entry,noLockword..." />
    <vmarg name="-XX:+EnsureHashed:java/lang/Class,java/lang/Thread" />
    <vmarg name="-Xjcl:jclse29" />
    <vmarg name="-Dcom.ibm.oti.vm.bootstrap.library.path=/opt/java/openjdk/lib/default:/opt/java/openjdk/lib" />
    <vmarg name="-Dsun.boot.library.path=/opt/java/openjdk/lib/default:/opt/java/openjdk/lib" />
    <vmarg name="-Djava.library.path=/opt/java/openjdk/lib/default:/opt/java/openjdk/lib:/usr/lib64:/usr/lib" />
    <vmarg name="-Djava.home=/opt/java/openjdk" />
    <vmarg name="-Duser.dir=/gradle/daemon/8.8" />
    <vmarg name="-XX:+IgnoreUnrecognizedVMOptions" />
    <vmarg name="-XX:+PortableSharedCache" />
    <vmarg name="-XX:+IdleTuningGcOnIdle" />
    <vmarg name="-Xshareclasses:name=openj9_system_scc,cacheDir=/opt/java/.scc,readonly,nonFatal" />
    <vmarg name="-Xverbosegclog:/logs/verbosegc.%seq.log,10,1024" />
    <vmarg name="-XX:+IgnoreUnrecognizedVMOptions" />
    <vmarg name="-XX:+IdleTuningGcOnIdle" />
    <vmarg name="-Xshareclasses:name=openj9_system_scc,cacheDir=/opt/java/.scc,readonly,nonFatal" />
    <vmarg name="-Dosgi.checkConfiguration=false" />
    <vmarg name="-XX:+IgnoreUnrecognizedVMOptions" />
    <vmarg name="-XX:+IdleTuningGcOnIdle" />
    <vmarg name="-Xshareclasses:name=openj9_system_scc,cacheDir=/opt/java/.scc,readonly,nonFatal" />
    <vmarg name="-Dosgi.checkConfiguration=false" />
    <vmarg name="--add-opens=java.base/java.util=ALL-UNNAMED" />
    <vmarg name="--add-opens=java.base/java.lang=ALL-UNNAMED" />
    <vmarg name="--add-opens=java.base/java.lang.invoke=ALL-UNNAMED" />
    <vmarg name="--add-opens=java.prefs/java.util.prefs=ALL-UNNAMED" />
    <vmarg name="--add-opens=java.base/java.nio.charset=ALL-UNNAMED" />
    <vmarg name="--add-opens=java.base/java.net=ALL-UNNAMED" />
    <vmarg name="--add-opens=java.base/java.util.concurrent.atomic=ALL-UNNAMED" />
    <vmarg name="-XX:MaxMetaspaceSize=384m" />
    <vmarg name="-XX:+HeapDumpOnOutOfMemoryError" />
    <vmarg name="-Xms256m" />
    <vmarg name="-Xmx512m" />
    <vmarg name="-Dfile.encoding=UTF-8" />
    <vmarg name="-Duser.country=US" />
    <vmarg name="-Duser.language=en" />
    <vmarg name="-Duser.variant" />
    <vmarg name="-Djava.class.path=/opt/gradle/lib/gradle-launcher-8.8.jar" />
    <vmarg name="-javaagent:/opt/gradle/lib/agents/gradle-instrumentation-agent-8.8.jar" />
    <vmarg name="-Dsun.java.command=org.gradle.launcher.daemon.bootstrap.GradleDaemon 8.8" />
    <vmarg name="-Dsun.java.launcher=SUN_STANDARD" />
  </vmargs>
</initialized>

<exclusive-start id="2" timestamp="2024-07-18T15:29:16.640" intervalms="450.473">
  <response-info timems="0.030" idlems="0.030" threads="0" lastid="000000000001E500" lastname="main" />
</exclusive-start>
<af-start id="3" threadId="000000000001EF38" totalBytesRequested="64" timestamp="2024-07-18T15:29:16.640" intervalms="451.002" type="nursery" />
<cycle-start id="4" type="scavenge" contextid="0" timestamp="2024-07-18T15:29:16.641" intervalms="451.430" />
<gc-start id="5" type="scavenge" contextid="4" timestamp="2024-07-18T15:29:16.641">
  <mem-info id="6" free="200844176" total="268435456" percent="74">
    <mem type="nursery" free="0" total="67108864" percent="0">
      <mem type="allocate" free="0" total="33554432" percent="0" />
      <mem type="survivor" free="0" total="33554432" percent="0" />
    </mem>
    <mem type="tenure" free="200844176" total="201326592" percent="99">
      <mem type="soa" free="190777232" total="191259648" percent="99" />
      <mem type="loa" free="10066944" total="10066944" percent="100" />
    </mem>
    <remembered-set count="6305" />
  </mem-info>
</gc-start>
<allocation-stats totalBytes="34019552" discardedBytes="17296" >
  <allocated-bytes non-tlh="6963920" tlh="27055632" />
  <largest-consumer threadName="main" threadId="000000000001E500" bytes="33896680" />
</allocation-stats>
<gc-op id="7" type="scavenge" timems="8.334" contextid="4" timestamp="2024-07-18T15:29:16.650">
  <scavenger-info tenureage="1" tenuremask="fffe" tiltratio="50" />
  <memory-copied type="nursery" objects="41386" bytes="9563848" bytesdiscarded="377832" />
  <finalization candidates="672" enqueued="425" />
  <ownableSynchronizers candidates="7" cleared="0" />
  <references type="soft" candidates="367" cleared="0" enqueued="0" dynamicThreshold="32" maxThreshold="32" />
  <references type="weak" candidates="2540" cleared="2236" enqueued="2234" />
  <references type="phantom" candidates="540" cleared="66" enqueued="66" />
  <object-monitors candidates="1" cleared="0"  />
</gc-op>
<gc-end id="8" type="scavenge" contextid="4" durationms="9.360" usertimems="17.717" systemtimems="13.282" stalltimems="54.365" timestamp="2024-07-18T15:29:16.651" activeThreads="12">
  <mem-info id="9" free="224452864" total="268435456" percent="83">
    <mem type="nursery" free="23608688" total="67108864" percent="35">
      <mem type="allocate" free="23608688" total="33554432" percent="70" />
      <mem type="survivor" free="0" total="33554432" percent="0" />
    </mem>
    <mem type="tenure" free="200844176" total="201326592" percent="99">
      <mem type="soa" free="190777232" total="191259648" percent="99" />
      <mem type="loa" free="10066944" total="10066944" percent="100" />
    </mem>
    <pending-finalizers system="425" default="0" reference="2300" classloader="0" />
    <remembered-set count="6305" />
  </mem-info>
</gc-end>
<cycle-end id="10" type="scavenge" contextid="4" timestamp="2024-07-18T15:29:16.651" />
<allocation-satisfied id="11" threadId="000000000001E500" bytesRequested="64" />
<af-end id="12" timestamp="2024-07-18T15:29:16.651" threadId="000000000001EF38" success="true" from="nursery"/>
<exclusive-end id="13" timestamp="2024-07-18T15:29:16.652" durationms="11.815" />

<exclusive-start id="14" timestamp="2024-07-18T15:29:16.752" intervalms="111.654">
  <response-info timems="0.028" idlems="0.028" threads="0" lastid="000000000001E500" lastname="main" />
</exclusive-start>
<af-start id="15" threadId="000000000001EF38" totalBytesRequested="8200" timestamp="2024-07-18T15:29:16.752" intervalms="111.482" type="nursery" />
<cycle-start id="16" type="scavenge" contextid="0" timestamp="2024-07-18T15:29:16.752" intervalms="111.406" />
<gc-start id="17" type="scavenge" contextid="16" timestamp="2024-07-18T15:29:16.753">
  <mem-info id="18" free="200827528" total="268435456" percent="74">
    <mem type="nursery" free="0" total="67108864" percent="0">
      <mem type="allocate" free="0" total="33554432" percent="0" />
      <mem type="survivor" free="0" total="33554432" percent="0" />
    </mem>
    <mem type="tenure" free="200827528" total="201326592" percent="99">
      <mem type="soa" free="190760584" total="191259648" percent="99" />
      <mem type="loa" free="10066944" total="10066944" percent="100" />
    </mem>
    <remembered-set count="6482" />
  </mem-info>
</gc-start>
<allocation-stats totalBytes="23537832" discardedBytes="87504" >
  <allocated-bytes non-tlh="3023736" tlh="20514096" />
  <largest-consumer threadName="main" threadId="000000000001E500" bytes="23513936" />
</allocation-stats>
<gc-op id="19" type="scavenge" timems="7.665" contextid="16" timestamp="2024-07-18T15:29:16.761">
  <scavenger-info tenureage="1" tenuremask="7ffe" tiltratio="50" />
  <memory-copied type="nursery" objects="24224" bytes="4287896" bytesdiscarded="542952" />
  <memory-copied type="tenure" objects="34704" bytes="9331568" bytesdiscarded="6248" />
  <finalization candidates="268" enqueued="12" />
  <ownableSynchronizers candidates="8" cleared="0" />
  <references type="soft" candidates="29" cleared="0" enqueued="0" dynamicThreshold="32" maxThreshold="32" />
  <references type="weak" candidates="233" cleared="224" enqueued="222" />
  <references type="phantom" candidates="519" cleared="10" enqueued="10" />
  <object-monitors candidates="1" cleared="0"  />
</gc-op>
<gc-end id="20" type="scavenge" contextid="16" durationms="8.562" usertimems="16.646" systemtimems="12.489" stalltimems="34.032" timestamp="2024-07-18T15:29:16.761" activeThreads="11">
  <mem-info id="21" free="220048888" total="268435456" percent="81">
    <mem type="nursery" free="28722336" total="67108864" percent="42">
      <mem type="allocate" free="28722336" total="33554432" percent="85" />
      <mem type="survivor" free="0" total="33554432" percent="0" />
    </mem>
    <mem type="tenure" free="191326552" total="201326592" percent="95">
      <mem type="soa" free="181259608" total="191259648" percent="94" />
      <mem type="loa" free="10066944" total="10066944" percent="100" />
    </mem>
    <pending-finalizers system="12" default="0" reference="232" classloader="0" />
    <remembered-set count="6668" />
  </mem-info>
</gc-end>
<cycle-end id="22" type="scavenge" contextid="16" timestamp="2024-07-18T15:29:16.761" />
<allocation-satisfied id="23" threadId="000000000001E500" bytesRequested="8200" />
<af-end id="24" timestamp="2024-07-18T15:29:16.762" threadId="000000000001EF38" success="true" from="nursery"/>
<exclusive-end id="25" timestamp="2024-07-18T15:29:16.762" durationms="10.507" />

<exclusive-start id="26" timestamp="2024-07-18T15:29:17.231" intervalms="479.834">
  <response-info timems="0.030" idlems="0.030" threads="0" lastid="0000000000604700" lastname="Daemon worker" />
</exclusive-start>
<af-start id="27" threadId="0000000000605138" totalBytesRequested="14104" timestamp="2024-07-18T15:29:17.232" intervalms="479.917" type="nursery" />
<cycle-start id="28" type="scavenge" contextid="0" timestamp="2024-07-18T15:29:17.232" intervalms="479.907" />
<gc-start id="29" type="scavenge" contextid="28" timestamp="2024-07-18T15:29:17.233">
  <mem-info id="30" free="190670688" total="268435456" percent="71">
    <mem type="nursery" free="0" total="67108864" percent="0">
      <mem type="allocate" free="0" total="33554432" percent="0" />
      <mem type="survivor" free="0" total="33554432" percent="0" />
    </mem>
    <mem type="tenure" free="190670688" total="201326592" percent="94">
      <mem type="soa" free="180603744" total="191259648" percent="94" />
      <mem type="loa" free="10066944" total="10066944" percent="100" />
    </mem>
    <remembered-set count="16414" />
  </mem-info>
</gc-start>
<allocation-stats totalBytes="29300816" discardedBytes="77384" >
  <allocated-bytes non-tlh="927528" tlh="28373288" />
  <largest-consumer threadName="main" threadId="000000000001E500" bytes="15610728" />
</allocation-stats>
<gc-op id="31" type="scavenge" timems="6.855" contextid="28" timestamp="2024-07-18T15:29:17.240">
  <scavenger-info tenureage="1" tenuremask="7ffe" tiltratio="50" />
  <memory-copied type="nursery" objects="62009" bytes="2234496" bytesdiscarded="602288" />
  <memory-copied type="tenure" objects="23483" bytes="4260144" bytesdiscarded="2936" />
  <finalization candidates="1117" enqueued="698" />
  <ownableSynchronizers candidates="73" cleared="6" />
  <references type="soft" candidates="3738" cleared="0" enqueued="0" dynamicThreshold="32" maxThreshold="32" />
  <references type="weak" candidates="4713" cleared="4274" enqueued="4227" />
  <references type="phantom" candidates="125" cleared="101" enqueued="101" />
  <object-monitors candidates="1" cleared="0"  />
</gc-op>
<gc-end id="32" type="scavenge" contextid="28" durationms="7.992" usertimems="19.710" systemtimems="12.031" stalltimems="35.671" timestamp="2024-07-18T15:29:17.241" activeThreads="11">
  <mem-info id="33" free="216960720" total="268435456" percent="80">
    <mem type="nursery" free="30714048" total="67108864" percent="45">
      <mem type="allocate" free="30714048" total="33554432" percent="91" />
      <mem type="survivor" free="0" total="33554432" percent="0" />
    </mem>
    <mem type="tenure" free="186246672" total="201326592" percent="92">
      <mem type="soa" free="176179728" total="191259648" percent="92" />
      <mem type="loa" free="10066944" total="10066944" percent="100" />
    </mem>
    <pending-finalizers system="698" default="0" reference="4328" classloader="0" />
    <remembered-set count="9837" />
  </mem-info>
</gc-end>
<cycle-end id="34" type="scavenge" contextid="28" timestamp="2024-07-18T15:29:17.241" />
<allocation-satisfied id="35" threadId="0000000000604700" bytesRequested="14104" />
<af-end id="36" timestamp="2024-07-18T15:29:17.242" threadId="0000000000605138" success="true" from="nursery"/>
<exclusive-end id="37" timestamp="2024-07-18T15:29:17.242" durationms="10.449" />

<exclusive-start id="38" timestamp="2024-07-18T15:29:17.726" intervalms="494.332">
  <response-info timems="0.031" idlems="0.031" threads="0" lastid="0000000000604700" lastname="Daemon worker" />
</exclusive-start>
<af-start id="39" threadId="0000000000605138" totalBytesRequested="3568" timestamp="2024-07-18T15:29:17.726" intervalms="494.273" type="nursery" />
<cycle-start id="40" type="scavenge" contextid="0" timestamp="2024-07-18T15:29:17.726" intervalms="494.248" />
<gc-start id="41" type="scavenge" contextid="40" timestamp="2024-07-18T15:29:17.727">
  <mem-info id="42" free="185797704" total="268435456" percent="69">
    <mem type="nursery" free="0" total="67108864" percent="0">
      <mem type="allocate" free="0" total="33554432" percent="0" />
      <mem type="survivor" free="0" total="33554432" percent="0" />
    </mem>
    <mem type="tenure" free="185797704" total="201326592" percent="92">
      <mem type="soa" free="175730760" total="191259648" percent="91" />
      <mem type="loa" free="10066944" total="10066944" percent="100" />
    </mem>
    <remembered-set count="15396" />
  </mem-info>
</gc-start>
<allocation-stats totalBytes="31125896" discardedBytes="37120" >
  <allocated-bytes non-tlh="463072" tlh="30662824" />
  <largest-consumer threadName="Daemon worker" threadId="0000000000604700" bytes="31018832" />
</allocation-stats>
<gc-op id="43" type="scavenge" timems="4.803" contextid="40" timestamp="2024-07-18T15:29:17.732">
  <scavenger-info tenureage="2" tenuremask="7ffc" tiltratio="50" />
  <memory-copied type="nursery" objects="95399" bytes="3343240" bytesdiscarded="403040" />
  <finalization candidates="787" enqueued="321" />
  <ownableSynchronizers candidates="248" cleared="5" />
  <references type="soft" candidates="4515" cleared="0" enqueued="0" dynamicThreshold="32" maxThreshold="32" />
  <references type="weak" candidates="5617" cleared="4891" enqueued="4891" />
  <references type="phantom" candidates="93" cleared="62" enqueued="62" />
  <object-monitors candidates="1" cleared="0"  />
</gc-op>
<gc-end id="44" type="scavenge" contextid="40" durationms="5.805" usertimems="24.714" systemtimems="0.000" stalltimems="22.047" timestamp="2024-07-18T15:29:17.733" activeThreads="10">
  <mem-info id="45" free="215601760" total="268435456" percent="80">
    <mem type="nursery" free="29804056" total="67108864" percent="44">
      <mem type="allocate" free="29804056" total="33554432" percent="88" />
      <mem type="survivor" free="0" total="33554432" percent="0" />
    </mem>
    <mem type="tenure" free="185797704" total="201326592" percent="92">
      <mem type="soa" free="175730760" total="191259648" percent="91" />
      <mem type="loa" free="10066944" total="10066944" percent="100" />
    </mem>
    <pending-finalizers system="321" default="0" reference="4953" classloader="0" />
    <remembered-set count="14741" />
  </mem-info>
</gc-end>
<cycle-end id="46" type="scavenge" contextid="40" timestamp="2024-07-18T15:29:17.733" />
<allocation-satisfied id="47" threadId="0000000000604700" bytesRequested="3568" />
<af-end id="48" timestamp="2024-07-18T15:29:17.734" threadId="0000000000605138" success="true" from="nursery"/>
<exclusive-end id="49" timestamp="2024-07-18T15:29:17.734" durationms="8.057" />

<exclusive-start id="50" timestamp="2024-07-18T15:29:18.203" intervalms="477.262">
  <response-info timems="0.034" idlems="0.034" threads="0" lastid="0000000000604700" lastname="Daemon worker" />
</exclusive-start>
<af-start id="51" threadId="0000000000605138" totalBytesRequested="1032" timestamp="2024-07-18T15:29:18.203" intervalms="477.250" type="nursery" />
<cycle-start id="52" type="scavenge" contextid="0" timestamp="2024-07-18T15:29:18.204" intervalms="477.305" />
<gc-start id="53" type="scavenge" contextid="52" timestamp="2024-07-18T15:29:18.204">
  <mem-info id="54" free="185447752" total="268435456" percent="69">
    <mem type="nursery" free="0" total="67108864" percent="0">
      <mem type="allocate" free="0" total="33554432" percent="0" />
      <mem type="survivor" free="0" total="33554432" percent="0" />
    </mem>
    <mem type="tenure" free="185447752" total="201326592" percent="92">
      <mem type="soa" free="175380808" total="191259648" percent="91" />
      <mem type="loa" free="10066944" total="10066944" percent="100" />
    </mem>
    <remembered-set count="18783" />
  </mem-info>
</gc-start>
<allocation-stats totalBytes="30044040" discardedBytes="109968" >
  <allocated-bytes non-tlh="538624" tlh="29505416" />
  <largest-consumer threadName="Daemon worker" threadId="0000000000604700" bytes="30015288" />
</allocation-stats>
<gc-op id="55" type="scavenge" timems="5.247" contextid="52" timestamp="2024-07-18T15:29:18.210">
  <scavenger-info tenureage="3" tenuremask="7ff8" tiltratio="50" />
  <memory-copied type="nursery" objects="124411" bytes="4307776" bytesdiscarded="311080" />
  <finalization candidates="760" enqueued="289" />
  <ownableSynchronizers candidates="444" cleared="2" />
  <references type="soft" candidates="5415" cleared="0" enqueued="0" dynamicThreshold="32" maxThreshold="32" />
  <references type="weak" candidates="5066" cleared="3993" enqueued="3990" />
  <references type="phantom" candidates="141" cleared="105" enqueued="105" />
  <object-monitors candidates="1" cleared="0"  />
</gc-op>
<gc-end id="56" type="scavenge" contextid="52" durationms="6.261" usertimems="18.902" systemtimems="11.116" stalltimems="16.591" timestamp="2024-07-18T15:29:18.210" activeThreads="9">
  <mem-info id="57" free="215360672" total="268435456" percent="80">
    <mem type="nursery" free="29912920" total="67108864" percent="44">
      <mem type="allocate" free="29912920" total="34537472" percent="86" />
      <mem type="survivor" free="0" total="32571392" percent="0" />
    </mem>
    <mem type="tenure" free="185447752" total="201326592" percent="92">
      <mem type="soa" free="175380808" total="191259648" percent="91" />
      <mem type="loa" free="10066944" total="10066944" percent="100" />
    </mem>
    <pending-finalizers system="289" default="0" reference="4095" classloader="0" />
    <remembered-set count="11206" />
  </mem-info>
</gc-end>
<cycle-end id="58" type="scavenge" contextid="52" timestamp="2024-07-18T15:29:18.211" />
<allocation-satisfied id="59" threadId="0000000000604700" bytesRequested="1032" />
<af-end id="60" timestamp="2024-07-18T15:29:18.211" threadId="0000000000605138" success="true" from="nursery"/>
<exclusive-end id="61" timestamp="2024-07-18T15:29:18.212" durationms="8.583" />

<exclusive-start id="62" timestamp="2024-07-18T15:29:18.678" intervalms="475.164">
  <response-info timems="0.123" idlems="0.094" threads="1" lastid="0000000000022100" lastname="JIT Compilation Thread-000" />
</exclusive-start>
<af-start id="63" threadId="0000000000605138" totalBytesRequested="14464" timestamp="2024-07-18T15:29:18.678" intervalms="475.098" type="nursery" />
<cycle-start id="64" type="scavenge" contextid="0" timestamp="2024-07-18T15:29:18.679" intervalms="475.034" />
<gc-start id="65" type="scavenge" contextid="64" timestamp="2024-07-18T15:29:18.679">
  <mem-info id="66" free="184971104" total="268435456" percent="68">
    <mem type="nursery" free="0" total="67108864" percent="0">
      <mem type="allocate" free="0" total="34537472" percent="0" />
      <mem type="survivor" free="0" total="32571392" percent="0" />
    </mem>
    <mem type="tenure" free="184971104" total="201326592" percent="91">
      <mem type="soa" free="174904160" total="191259648" percent="91" />
      <mem type="loa" free="10066944" total="10066944" percent="100" />
    </mem>
    <remembered-set count="17448" />
  </mem-info>
</gc-start>
<allocation-stats totalBytes="30355480" discardedBytes="34088" >
  <allocated-bytes non-tlh="1616072" tlh="28739408" />
  <largest-consumer threadName="Daemon worker" threadId="0000000000604700" bytes="30335000" />
</allocation-stats>
<gc-op id="67" type="scavenge" timems="5.999" contextid="64" timestamp="2024-07-18T15:29:18.686">
  <scavenger-info tenureage="3" tenuremask="7ff8" tiltratio="51" />
  <memory-copied type="nursery" objects="111659" bytes="3874216" bytesdiscarded="303056" />
  <memory-copied type="tenure" objects="53837" bytes="1928128" bytesdiscarded="368" />
  <finalization candidates="799" enqueued="328" />
  <ownableSynchronizers candidates="2100" cleared="8" />
  <references type="soft" candidates="4731" cleared="0" enqueued="0" dynamicThreshold="32" maxThreshold="32" />
  <references type="weak" candidates="4663" cleared="3096" enqueued="3096" />
  <references type="phantom" candidates="146" cleared="128" enqueued="128" />
  <object-monitors candidates="1" cleared="0"  />
</gc-op>
<gc-end id="68" type="scavenge" contextid="64" durationms="7.025" usertimems="33.091" systemtimems="2.545" stalltimems="14.282" timestamp="2024-07-18T15:29:18.686" activeThreads="9">
  <mem-info id="69" free="218575176" total="268435456" percent="81">
    <mem type="nursery" free="35859712" total="67108864" percent="53">
      <mem type="allocate" free="35859712" total="40042496" percent="89" />
      <mem type="survivor" free="0" total="27066368" percent="0" />
    </mem>
    <mem type="tenure" free="182715464" total="201326592" percent="90">
      <mem type="soa" free="172648520" total="191259648" percent="90" />
      <mem type="loa" free="10066944" total="10066944" percent="100" />
    </mem>
    <pending-finalizers system="328" default="0" reference="3224" classloader="0" />
    <remembered-set count="12447" />
  </mem-info>
</gc-end>
<cycle-end id="70" type="scavenge" contextid="64" timestamp="2024-07-18T15:29:18.686" />
<allocation-satisfied id="71" threadId="0000000000604700" bytesRequested="14464" />
<af-end id="72" timestamp="2024-07-18T15:29:18.687" threadId="0000000000605138" success="true" from="nursery"/>
<exclusive-end id="73" timestamp="2024-07-18T15:29:18.687" durationms="9.105" />

<exclusive-start id="74" timestamp="2024-07-18T15:29:19.209" intervalms="530.805">
  <response-info timems="0.033" idlems="0.033" threads="0" lastid="0000000000604700" lastname="Daemon worker" />
</exclusive-start>
<af-start id="75" threadId="0000000000605138" totalBytesRequested="224960" timestamp="2024-07-18T15:29:19.209" intervalms="530.900" type="nursery" />
<cycle-start id="76" type="scavenge" contextid="0" timestamp="2024-07-18T15:29:19.210" intervalms="530.892" />
<gc-start id="77" type="scavenge" contextid="76" timestamp="2024-07-18T15:29:19.210">
  <mem-info id="78" free="182421904" total="268435456" percent="67">
    <mem type="nursery" free="0" total="67108864" percent="0">
      <mem type="allocate" free="0" total="40042496" percent="0" />
      <mem type="survivor" free="0" total="27066368" percent="0" />
    </mem>
    <mem type="tenure" free="182421904" total="201326592" percent="90">
      <mem type="soa" free="172354960" total="191259648" percent="90" />
      <mem type="loa" free="10066944" total="10066944" percent="100" />
    </mem>
    <remembered-set count="16516" />
  </mem-info>
</gc-start>
<allocation-stats totalBytes="36089360" discardedBytes="63256" >
  <allocated-bytes non-tlh="2726208" tlh="33363152" />
  <largest-consumer threadName="Daemon worker" threadId="0000000000604700" bytes="35273400" />
</allocation-stats>
<gc-op id="79" type="scavenge" timems="7.449" contextid="76" timestamp="2024-07-18T15:29:19.218">
  <scavenger-info tenureage="3" tenuremask="7ff8" tiltratio="59" />
  <memory-copied type="nursery" objects="147902" bytes="6129304" bytesdiscarded="220464" />
  <memory-copied type="tenure" objects="27495" bytes="944720" bytesdiscarded="72" />
  <finalization candidates="400" enqueued="339" />
  <ownableSynchronizers candidates="3456" cleared="0" />
  <references type="soft" candidates="7216" cleared="0" enqueued="0" dynamicThreshold="32" maxThreshold="32" />
  <references type="weak" candidates="4619" cleared="1866" enqueued="1866" />
  <references type="phantom" candidates="171" cleared="157" enqueued="157" />
  <object-monitors candidates="1" cleared="0"  />
</gc-op>
<gc-end id="80" type="scavenge" contextid="76" durationms="8.652" usertimems="36.533" systemtimems="11.746" stalltimems="24.926" timestamp="2024-07-18T15:29:19.219" activeThreads="10">
  <mem-info id="81" free="218696088" total="268435456" percent="81">
    <mem type="nursery" free="37159576" total="67108864" percent="55">
      <mem type="allocate" free="37159576" total="43515904" percent="85" />
      <mem type="survivor" free="0" total="23592960" percent="0" />
    </mem>
    <mem type="tenure" free="181536512" total="201326592" percent="90">
      <mem type="soa" free="171469568" total="191259648" percent="89" />
      <mem type="loa" free="10066944" total="10066944" percent="100" />
    </mem>
    <pending-finalizers system="338" default="1" reference="2023" classloader="0" />
    <remembered-set count="13039" />
  </mem-info>
</gc-end>
<cycle-end id="82" type="scavenge" contextid="76" timestamp="2024-07-18T15:29:19.219" />
<allocation-satisfied id="83" threadId="0000000000604700" bytesRequested="224960" />
<af-end id="84" timestamp="2024-07-18T15:29:19.220" threadId="0000000000605138" success="true" from="nursery"/>
<exclusive-end id="85" timestamp="2024-07-18T15:29:19.220" durationms="11.112" />

<exclusive-start id="86" timestamp="2024-07-18T15:29:19.820" intervalms="611.491">
  <response-info timems="0.037" idlems="0.037" threads="0" lastid="0000000000604700" lastname="Daemon worker" />
</exclusive-start>
<af-start id="87" threadId="0000000000605138" totalBytesRequested="1664" timestamp="2024-07-18T15:29:19.821" intervalms="611.457" type="nursery" />
<cycle-start id="88" type="scavenge" contextid="0" timestamp="2024-07-18T15:29:19.821" intervalms="611.439" />
<gc-start id="89" type="scavenge" contextid="88" timestamp="2024-07-18T15:29:19.821">
  <mem-info id="90" free="181197000" total="268435456" percent="67">
    <mem type="nursery" free="0" total="67108864" percent="0">
      <mem type="allocate" free="0" total="43515904" percent="0" />
      <mem type="survivor" free="0" total="23592960" percent="0" />
    </mem>
    <mem type="tenure" free="181197000" total="201326592" percent="90">
      <mem type="soa" free="171130056" total="191259648" percent="89" />
      <mem type="loa" free="10066944" total="10066944" percent="100" />
    </mem>
    <remembered-set count="16785" />
  </mem-info>
</gc-start>
<allocation-stats totalBytes="37435968" discardedBytes="63120" >
  <allocated-bytes non-tlh="1803600" tlh="35632368" />
  <largest-consumer threadName="Daemon worker" threadId="0000000000604700" bytes="37382720" />
</allocation-stats>
<gc-op id="91" type="scavenge" timems="7.762" contextid="88" timestamp="2024-07-18T15:29:19.830">
  <scavenger-info tenureage="3" tenuremask="7ff8" tiltratio="64" />
  <memory-copied type="nursery" objects="182331" bytes="6633512" bytesdiscarded="282000" />
  <memory-copied type="tenure" objects="31535" bytes="1054512" bytesdiscarded="1048" />
  <finalization candidates="205" enqueued="200" />
  <ownableSynchronizers candidates="3296" cleared="15" />
  <references type="soft" candidates="7169" cleared="0" enqueued="0" dynamicThreshold="32" maxThreshold="32" />
  <references type="weak" candidates="5089" cleared="2647" enqueued="2379" />
  <references type="phantom" candidates="100" cleared="91" enqueued="91" />
  <object-monitors candidates="1" cleared="0"  />
</gc-op>
<gc-end id="92" type="scavenge" contextid="88" durationms="8.985" usertimems="29.003" systemtimems="21.380" stalltimems="26.532" timestamp="2024-07-18T15:29:19.830" activeThreads="10">
  <mem-info id="93" free="219755480" total="268435456" percent="81">
    <mem type="nursery" free="39663600" total="67108864" percent="59">
      <mem type="allocate" free="39663600" total="46596096" percent="85" />
      <mem type="survivor" free="0" total="20512768" percent="0" />
    </mem>
    <mem type="tenure" free="180091880" total="201326592" percent="89">
      <mem type="soa" free="170024936" total="191259648" percent="88" />
      <mem type="loa" free="10066944" total="10066944" percent="100" />
    </mem>
    <pending-finalizers system="200" default="0" reference="2470" classloader="0" />
    <remembered-set count="9651" />
  </mem-info>
</gc-end>
<cycle-end id="94" type="scavenge" contextid="88" timestamp="2024-07-18T15:29:19.831" />
<allocation-satisfied id="95" threadId="0000000000604700" bytesRequested="1664" />
<af-end id="96" timestamp="2024-07-18T15:29:19.832" threadId="0000000000605138" success="true" from="nursery"/>
<exclusive-end id="97" timestamp="2024-07-18T15:29:19.832" durationms="11.570" />

<exclusive-start id="98" timestamp="2024-07-18T15:29:20.350" intervalms="530.033">
  <response-info timems="0.032" idlems="0.032" threads="0" lastid="0000000000604700" lastname="Daemon worker" />
</exclusive-start>
<af-start id="99" threadId="0000000000605138" totalBytesRequested="3264" timestamp="2024-07-18T15:29:20.351" intervalms="530.047" type="nursery" />
<cycle-start id="100" type="scavenge" contextid="0" timestamp="2024-07-18T15:29:20.351" intervalms="530.120" />
<gc-start id="101" type="scavenge" contextid="100" timestamp="2024-07-18T15:29:20.352">
  <mem-info id="102" free="179795864" total="268435456" percent="66">
    <mem type="nursery" free="0" total="67108864" percent="0">
      <mem type="allocate" free="0" total="46596096" percent="0" />
      <mem type="survivor" free="0" total="20512768" percent="0" />
    </mem>
    <mem type="tenure" free="179795864" total="201326592" percent="89">
      <mem type="soa" free="169728920" total="191259648" percent="88" />
      <mem type="loa" free="10066944" total="10066944" percent="100" />
    </mem>
    <remembered-set count="14010" />
  </mem-info>
</gc-start>
<allocation-stats totalBytes="39914808" discardedBytes="44808" >
  <allocated-bytes non-tlh="4482360" tlh="35432448" />
  <largest-consumer threadName="Daemon worker" threadId="0000000000604700" bytes="38810992" />
</allocation-stats>
<gc-op id="103" type="scavenge" timems="8.369" contextid="100" timestamp="2024-07-18T15:29:20.361">
  <scavenger-info tenureage="3" tenuremask="7ff8" tiltratio="69" />
  <memory-copied type="nursery" objects="204835" bytes="7483752" bytesdiscarded="78320" />
  <memory-copied type="tenure" objects="42892" bytes="1558872" bytesdiscarded="192" />
  <finalization candidates="382" enqueued="382" />
  <ownableSynchronizers candidates="4202" cleared="29" />
  <references type="soft" candidates="8032" cleared="0" enqueued="0" dynamicThreshold="32" maxThreshold="32" />
  <references type="weak" candidates="7753" cleared="2883" enqueued="2735" />
  <references type="phantom" candidates="147" cleared="135" enqueued="135" />
  <object-monitors candidates="1" cleared="0"  />
</gc-op>
<gc-end id="104" type="scavenge" contextid="100" durationms="9.599" usertimems="47.122" systemtimems="13.125" stalltimems="23.404" timestamp="2024-07-18T15:29:20.361" activeThreads="10">
  <mem-info id="105" free="219446224" total="268435456" percent="81">
    <mem type="nursery" free="41178824" total="67108864" percent="61">
      <mem type="allocate" free="41178824" total="48758784" percent="84" />
      <mem type="survivor" free="0" total="18350080" percent="0" />
    </mem>
    <mem type="tenure" free="178267400" total="201326592" percent="88">
      <mem type="soa" free="168200456" total="191259648" percent="87" />
      <mem type="loa" free="10066944" total="10066944" percent="100" />
    </mem>
    <pending-finalizers system="382" default="0" reference="2870" classloader="0" />
    <remembered-set count="10180" />
  </mem-info>
</gc-end>
<cycle-end id="106" type="scavenge" contextid="100" timestamp="2024-07-18T15:29:20.362" />
<allocation-satisfied id="107" threadId="0000000000604700" bytesRequested="3264" />
<af-end id="108" timestamp="2024-07-18T15:29:20.362" threadId="0000000000605138" success="true" from="nursery"/>
<exclusive-end id="109" timestamp="2024-07-18T15:29:20.363" durationms="12.093" />

<exclusive-start id="110" timestamp="2024-07-18T15:29:20.864" intervalms="513.810">
  <response-info timems="0.040" idlems="0.040" threads="0" lastid="0000000000604700" lastname="Daemon worker" />
</exclusive-start>
<af-start id="111" threadId="0000000000605138" totalBytesRequested="24" timestamp="2024-07-18T15:29:20.865" intervalms="513.834" type="nursery" />
<cycle-start id="112" type="scavenge" contextid="0" timestamp="2024-07-18T15:29:20.865" intervalms="513.840" />
<gc-start id="113" type="scavenge" contextid="112" timestamp="2024-07-18T15:29:20.865">
  <mem-info id="114" free="177949824" total="268435456" percent="66">
    <mem type="nursery" free="0" total="67108864" percent="0">
      <mem type="allocate" free="0" total="48758784" percent="0" />
      <mem type="survivor" free="0" total="18350080" percent="0" />
    </mem>
    <mem type="tenure" free="177949824" total="201326592" percent="88">
      <mem type="soa" free="167882880" total="191259648" percent="87" />
      <mem type="loa" free="10066944" total="10066944" percent="100" />
    </mem>
    <remembered-set count="14282" />
  </mem-info>
</gc-start>
<allocation-stats totalBytes="41458632" discardedBytes="37768" >
  <allocated-bytes non-tlh="3140896" tlh="38317736" />
  <largest-consumer threadName="Daemon worker" threadId="0000000000604700" bytes="41182624" />
</allocation-stats>
<gc-op id="115" type="scavenge" timems="8.517" contextid="112" timestamp="2024-07-18T15:29:20.875">
  <scavenger-info tenureage="3" tenuremask="7ff8" tiltratio="72" />
  <memory-copied type="nursery" objects="170588" bytes="6076208" bytesdiscarded="233520" />
  <memory-copied type="tenure" objects="66867" bytes="2589568" bytesdiscarded="768" />
  <finalization candidates="660" enqueued="659" />
  <ownableSynchronizers candidates="2714" cleared="24" />
  <references type="soft" candidates="6406" cleared="0" enqueued="0" dynamicThreshold="32" maxThreshold="32" />
  <references type="weak" candidates="7650" cleared="3491" enqueued="3490" />
  <references type="phantom" candidates="143" cleared="127" enqueued="127" />
  <object-monitors candidates="1" cleared="0"  />
</gc-op>
<gc-end id="116" type="scavenge" contextid="112" durationms="9.639" usertimems="54.682" systemtimems="0.000" stalltimems="37.883" timestamp="2024-07-18T15:29:20.875" activeThreads="11">
  <mem-info id="117" free="219907952" total="268435456" percent="81">
    <mem type="nursery" free="44332528" total="67108864" percent="66">
      <mem type="allocate" free="44332528" total="50659328" percent="87" />
      <mem type="survivor" free="0" total="16449536" percent="0" />
    </mem>
    <mem type="tenure" free="175575424" total="201326592" percent="87">
      <mem type="soa" free="165508480" total="191259648" percent="86" />
      <mem type="loa" free="10066944" total="10066944" percent="100" />
    </mem>
    <pending-finalizers system="659" default="0" reference="3617" classloader="0" />
    <remembered-set count="10123" />
  </mem-info>
</gc-end>
<cycle-end id="118" type="scavenge" contextid="112" timestamp="2024-07-18T15:29:20.876" />
<allocation-satisfied id="119" threadId="0000000000604700" bytesRequested="24" />
<af-end id="120" timestamp="2024-07-18T15:29:20.876" threadId="0000000000605138" success="true" from="nursery"/>
<exclusive-end id="121" timestamp="2024-07-18T15:29:20.876" durationms="12.109" />

<exclusive-start id="122" timestamp="2024-07-18T15:29:21.418" intervalms="553.327">
  <response-info timems="0.045" idlems="0.045" threads="0" lastid="0000000000604700" lastname="Daemon worker" />
</exclusive-start>
<af-start id="123" threadId="0000000000605138" totalBytesRequested="24" timestamp="2024-07-18T15:29:21.418" intervalms="553.359" type="nursery" />
<cycle-start id="124" type="scavenge" contextid="0" timestamp="2024-07-18T15:29:21.418" intervalms="553.447" />
<gc-start id="125" type="scavenge" contextid="124" timestamp="2024-07-18T15:29:21.419">
  <mem-info id="126" free="175269736" total="268435456" percent="65">
    <mem type="nursery" free="0" total="67108864" percent="0">
      <mem type="allocate" free="0" total="50659328" percent="0" />
      <mem type="survivor" free="0" total="16449536" percent="0" />
    </mem>
    <mem type="tenure" free="175269736" total="201326592" percent="87">
      <mem type="soa" free="165202792" total="191259648" percent="86" />
      <mem type="loa" free="10066944" total="10066944" percent="100" />
    </mem>
    <remembered-set count="14591" />
  </mem-info>
</gc-start>
<allocation-stats totalBytes="44558280" discardedBytes="79936" >
  <allocated-bytes non-tlh="457336" tlh="44100944" />
  <largest-consumer threadName="Daemon worker" threadId="0000000000604700" bytes="32262248" />
</allocation-stats>
<gc-op id="127" type="scavenge" timems="7.614" contextid="124" timestamp="2024-07-18T15:29:21.427">
  <scavenger-info tenureage="3" tenuremask="7ff8" tiltratio="75" />
  <memory-copied type="nursery" objects="134713" bytes="5343560" bytesdiscarded="308696" />
  <memory-copied type="tenure" objects="65151" bytes="2240192" bytesdiscarded="2376" />
  <finalization candidates="485" enqueued="484" />
  <ownableSynchronizers candidates="1377" cleared="72" />
  <references type="soft" candidates="6325" cleared="0" enqueued="0" dynamicThreshold="32" maxThreshold="32" />
  <references type="weak" candidates="6055" cleared="1664" enqueued="1664" />
  <references type="phantom" candidates="209" cleared="188" enqueued="188" />
  <object-monitors candidates="6" cleared="5"  />
</gc-op>
<gc-end id="128" type="scavenge" contextid="124" durationms="9.096" usertimems="47.594" systemtimems="2.772" stalltimems="31.703" timestamp="2024-07-18T15:29:21.428" activeThreads="11">
  <mem-info id="129" free="220075256" total="268435456" percent="81">
    <mem type="nursery" free="46898080" total="67108864" percent="69">
      <mem type="allocate" free="46898080" total="52559872" percent="89" />
      <mem type="survivor" free="0" total="14548992" percent="0" />
    </mem>
    <mem type="tenure" free="173177176" total="201326592" percent="86">
      <mem type="soa" free="163110232" total="191259648" percent="85" />
      <mem type="loa" free="10066944" total="10066944" percent="100" />
    </mem>
    <pending-finalizers system="484" default="0" reference="1852" classloader="0" />
    <remembered-set count="10750" />
  </mem-info>
</gc-end>
<cycle-end id="130" type="scavenge" contextid="124" timestamp="2024-07-18T15:29:21.429" />
<allocation-satisfied id="131" threadId="0000000000604700" bytesRequested="24" />
<af-end id="132" timestamp="2024-07-18T15:29:21.429" threadId="0000000000605138" success="true" from="nursery"/>
<exclusive-end id="133" timestamp="2024-07-18T15:29:21.430" durationms="11.939" />

<exclusive-start id="134" timestamp="2024-07-18T15:29:21.679" intervalms="261.881">
  <response-info timems="0.058" idlems="0.058" threads="0" lastid="00000000013A7400" lastname="Unconstrained build operations Thread 34" />
</exclusive-start>
<af-start id="135" threadId="00000000013A7E38" totalBytesRequested="1040" timestamp="2024-07-18T15:29:21.680" intervalms="261.886" type="nursery" />
<cycle-start id="136" type="scavenge" contextid="0" timestamp="2024-07-18T15:29:21.680" intervalms="261.914" />
<gc-start id="137" type="scavenge" contextid="136" timestamp="2024-07-18T15:29:21.681">
  <mem-info id="138" free="173166424" total="268435456" percent="64">
    <mem type="nursery" free="0" total="67108864" percent="0">
      <mem type="allocate" free="0" total="52559872" percent="0" />
      <mem type="survivor" free="0" total="14548992" percent="0" />
    </mem>
    <mem type="tenure" free="173166424" total="201326592" percent="86">
      <mem type="soa" free="163099480" total="191259648" percent="85" />
      <mem type="loa" free="10066944" total="10066944" percent="100" />
    </mem>
    <remembered-set count="10970" />
  </mem-info>
</gc-start>
<allocation-stats totalBytes="46838344" discardedBytes="70488" >
  <allocated-bytes non-tlh="896160" tlh="45942184" />
  <largest-consumer threadName="Daemon worker" threadId="0000000000604700" bytes="20702664" />
</allocation-stats>
<gc-op id="139" type="scavenge" timems="8.634" contextid="136" timestamp="2024-07-18T15:29:21.690">
  <scavenger-info tenureage="3" tenuremask="7ff8" tiltratio="78" />
  <memory-copied type="nursery" objects="116335" bytes="5712168" bytesdiscarded="332176" />
  <memory-copied type="tenure" objects="64852" bytes="2378760" bytesdiscarded="1264" />
  <finalization candidates="6" enqueued="5" />
  <ownableSynchronizers candidates="1419" cleared="70" />
  <references type="soft" candidates="2435" cleared="0" enqueued="0" dynamicThreshold="32" maxThreshold="32" />
  <references type="weak" candidates="1322" cleared="56" enqueued="56" />
  <references type="phantom" candidates="13" cleared="0" enqueued="0" />
  <object-monitors candidates="1" cleared="0"  />
</gc-op>
<gc-end id="140" type="scavenge" contextid="136" durationms="10.015" usertimems="34.425" systemtimems="12.122" stalltimems="47.807" timestamp="2024-07-18T15:29:21.691" activeThreads="11">
  <mem-info id="141" free="218420064" total="268435456" percent="81">
    <mem type="nursery" free="48011552" total="67108864" percent="71">
      <mem type="allocate" free="48011552" total="54067200" percent="88" />
      <mem type="survivor" free="0" total="13041664" percent="0" />
    </mem>
    <mem type="tenure" free="170408512" total="201326592" percent="84">
      <mem type="soa" free="160341568" total="191259648" percent="83" />
      <mem type="loa" free="10066944" total="10066944" percent="100" />
    </mem>
    <pending-finalizers system="5" default="0" reference="56" classloader="0" />
    <remembered-set count="6694" />
  </mem-info>
</gc-end>
<cycle-end id="142" type="scavenge" contextid="136" timestamp="2024-07-18T15:29:21.692" />
<allocation-satisfied id="143" threadId="00000000013A7400" bytesRequested="1040" />
<af-end id="144" timestamp="2024-07-18T15:29:21.692" threadId="00000000013A7E38" success="true" from="nursery"/>
<exclusive-end id="145" timestamp="2024-07-18T15:29:21.693" durationms="13.170" />

<exclusive-start id="146" timestamp="2024-07-18T15:29:22.011" intervalms="331.564">
  <response-info timems="0.221" idlems="0.143" threads="1" lastid="0000000000604700" lastname="Daemon worker" />
</exclusive-start>
<af-start id="147" threadId="00000000014F1A38" totalBytesRequested="24" timestamp="2024-07-18T15:29:22.011" intervalms="331.494" type="nursery" />
<cycle-start id="148" type="scavenge" contextid="0" timestamp="2024-07-18T15:29:22.012" intervalms="331.463" />
<gc-start id="149" type="scavenge" contextid="148" timestamp="2024-07-18T15:29:22.012">
  <mem-info id="150" free="170391152" total="268435456" percent="63">
    <mem type="nursery" free="0" total="67108864" percent="0">
      <mem type="allocate" free="0" total="54067200" percent="0" />
      <mem type="survivor" free="0" total="13041664" percent="0" />
    </mem>
    <mem type="tenure" free="170391152" total="201326592" percent="84">
      <mem type="soa" free="160324208" total="191259648" percent="83" />
      <mem type="loa" free="10066944" total="10066944" percent="100" />
    </mem>
    <remembered-set count="7017" />
  </mem-info>
</gc-start>
<allocation-stats totalBytes="47968248" discardedBytes="60664" >
  <allocated-bytes non-tlh="346320" tlh="47621928" />
  <largest-consumer threadName="Daemon worker" threadId="0000000000604700" bytes="19636200" />
</allocation-stats>
<gc-op id="151" type="scavenge" timems="5.491" contextid="148" timestamp="2024-07-18T15:29:22.018">
  <scavenger-info tenureage="3" tenuremask="7ff8" tiltratio="80" />
  <memory-copied type="nursery" objects="79941" bytes="3868472" bytesdiscarded="271664" />
  <memory-copied type="tenure" objects="28773" bytes="1058480" bytesdiscarded="664" />
  <finalization candidates="22" enqueued="21" />
  <ownableSynchronizers candidates="378" cleared="119" />
  <references type="soft" candidates="823" cleared="0" enqueued="0" dynamicThreshold="32" maxThreshold="32" />
  <references type="weak" candidates="771" cleared="125" enqueued="125" />
  <references type="phantom" candidates="15" cleared="11" enqueued="11" />
  <object-monitors candidates="1" cleared="0"  />
</gc-op>
<gc-end id="152" type="scavenge" contextid="148" durationms="6.564" usertimems="23.251" systemtimems="1.292" stalltimems="29.564" timestamp="2024-07-18T15:29:22.019" activeThreads="10">
  <mem-info id="153" free="220340504" total="268435456" percent="82">
    <mem type="nursery" free="51154344" total="67108864" percent="76">
      <mem type="allocate" free="51154344" total="55312384" percent="92" />
      <mem type="survivor" free="0" total="11796480" percent="0" />
    </mem>
    <mem type="tenure" free="169186160" total="201326592" percent="84">
      <mem type="soa" free="159119216" total="191259648" percent="83" />
      <mem type="loa" free="10066944" total="10066944" percent="100" />
    </mem>
    <pending-finalizers system="21" default="0" reference="136" classloader="0" />
    <remembered-set count="2241" />
  </mem-info>
</gc-end>
<cycle-end id="154" type="scavenge" contextid="148" timestamp="2024-07-18T15:29:22.019" />
<allocation-satisfied id="155" threadId="00000000014F1000" bytesRequested="24" />
<af-end id="156" timestamp="2024-07-18T15:29:22.020" threadId="00000000014F1A38" success="true" from="nursery"/>
<exclusive-end id="157" timestamp="2024-07-18T15:29:22.020" durationms="8.709" />

<exclusive-start id="158" timestamp="2024-07-18T15:29:22.352" intervalms="340.835">
  <response-info timems="0.070" idlems="0.070" threads="0" lastid="000000000153F300" lastname="Unconstrained build operations Thread 79" />
</exclusive-start>
<af-start id="159" threadId="000000000153FD38" totalBytesRequested="27256" timestamp="2024-07-18T15:29:22.352" intervalms="340.772" type="nursery" />
<cycle-start id="160" type="scavenge" contextid="0" timestamp="2024-07-18T15:29:22.352" intervalms="340.666" />
<gc-start id="161" type="scavenge" contextid="160" timestamp="2024-07-18T15:29:22.353">
  <mem-info id="162" free="169124904" total="268435456" percent="63">
    <mem type="nursery" free="0" total="67108864" percent="0">
      <mem type="allocate" free="0" total="55312384" percent="0" />
      <mem type="survivor" free="0" total="11796480" percent="0" />
    </mem>
    <mem type="tenure" free="169124904" total="201326592" percent="84">
      <mem type="soa" free="159057960" total="191259648" percent="83" />
      <mem type="loa" free="10066944" total="10066944" percent="100" />
    </mem>
    <remembered-set count="3255" />
  </mem-info>
</gc-start>
<allocation-stats totalBytes="50548096" discardedBytes="667504" >
  <allocated-bytes non-tlh="1630232" tlh="48917864" />
  <largest-consumer threadName="Daemon worker" threadId="0000000000604700" bytes="17477856" />
</allocation-stats>
<gc-op id="163" type="scavenge" timems="6.027" contextid="160" timestamp="2024-07-18T15:29:22.359">
  <scavenger-info tenureage="3" tenuremask="7fe8" tiltratio="82" />
  <memory-copied type="nursery" objects="73822" bytes="3900456" bytesdiscarded="129456" />
  <memory-copied type="tenure" objects="30297" bytes="1406496" bytesdiscarded="1080" />
  <finalization candidates="181" enqueued="181" />
  <ownableSynchronizers candidates="521" cleared="250" />
  <references type="soft" candidates="157" cleared="0" enqueued="0" dynamicThreshold="32" maxThreshold="32" />
  <references type="weak" candidates="1232" cleared="664" enqueued="664" />
  <references type="phantom" candidates="130" cleared="92" enqueued="92" />
  <object-monitors candidates="35" cleared="34"  />
</gc-op>
<gc-end id="164" type="scavenge" contextid="160" durationms="7.449" usertimems="19.163" systemtimems="10.856" stalltimems="23.699" timestamp="2024-07-18T15:29:22.360" activeThreads="9">
  <mem-info id="165" free="220365912" total="268435456" percent="82">
    <mem type="nursery" free="52710232" total="67108864" percent="78">
      <mem type="allocate" free="52710232" total="56754176" percent="92" />
      <mem type="survivor" free="0" total="10354688" percent="0" />
    </mem>
    <mem type="tenure" free="167655680" total="201326592" percent="83">
      <mem type="soa" free="157588736" total="191259648" percent="82" />
      <mem type="loa" free="10066944" total="10066944" percent="100" />
    </mem>
    <pending-finalizers system="181" default="0" reference="756" classloader="0" />
    <remembered-set count="2065" />
  </mem-info>
</gc-end>
<cycle-end id="166" type="scavenge" contextid="160" timestamp="2024-07-18T15:29:22.361" />
<allocation-satisfied id="167" threadId="000000000153F300" bytesRequested="27256" />
<af-end id="168" timestamp="2024-07-18T15:29:22.361" threadId="000000000153FD38" success="true" from="nursery"/>
<exclusive-end id="169" timestamp="2024-07-18T15:29:22.361" durationms="9.626" />

<exclusive-start id="170" timestamp="2024-07-18T15:29:22.438" intervalms="86.442">
  <response-info timems="0.120" idlems="0.112" threads="1" lastid="0000000001576D00" lastname="Unconstrained build operations Thread 87" />
</exclusive-start>
<af-start id="171" threadId="000000000156FD38" totalBytesRequested="5344" timestamp="2024-07-18T15:29:22.439" intervalms="86.442" type="nursery" />
<cycle-start id="172" type="scavenge" contextid="0" timestamp="2024-07-18T15:29:22.439" intervalms="86.402" />
<gc-start id="173" type="scavenge" contextid="172" timestamp="2024-07-18T15:29:22.439">
  <mem-info id="174" free="167655568" total="268435456" percent="62">
    <mem type="nursery" free="0" total="67108864" percent="0">
      <mem type="allocate" free="0" total="56754176" percent="0" />
      <mem type="survivor" free="0" total="10354688" percent="0" />
    </mem>
    <mem type="tenure" free="167655568" total="201326592" percent="83">
      <mem type="soa" free="157588624" total="191259648" percent="82" />
      <mem type="loa" free="10066944" total="10066944" percent="100" />
    </mem>
    <remembered-set count="2164" />
  </mem-info>
</gc-start>
<allocation-stats totalBytes="52271344" discardedBytes="439000" >
  <allocated-bytes non-tlh="1079848" tlh="51191496" />
  <largest-consumer threadName="Unconstrained build operations Thread 81" threadId="000000000156F300" bytes="9778224" />
</allocation-stats>
<gc-op id="175" type="scavenge" timems="5.565" contextid="172" timestamp="2024-07-18T15:29:22.445">
  <scavenger-info tenureage="6" tenuremask="7fc0" tiltratio="84" />
  <memory-copied type="nursery" objects="92856" bytes="4803976" bytesdiscarded="145176" />
  <finalization candidates="1" enqueued="1" />
  <ownableSynchronizers candidates="285" cleared="99" />
  <references type="soft" candidates="157" cleared="0" enqueued="0" dynamicThreshold="32" maxThreshold="32" />
  <references type="weak" candidates="872" cleared="71" enqueued="71" />
  <references type="phantom" candidates="51" cleared="0" enqueued="0" />
  <object-monitors candidates="1" cleared="0"  />
</gc-op>
<heap-resize id="176" type="expand" space="nursery" amount="2752512" count="1" timems="0.031" reason="excessive time being spent scavenging" timestamp="2024-07-18T15:29:22.446" />
<gc-end id="177" type="scavenge" contextid="172" durationms="6.644" usertimems="26.145" systemtimems="1.727" stalltimems="21.777" timestamp="2024-07-18T15:29:22.446" activeThreads="9">
  <mem-info id="178" free="222529792" total="271187968" percent="82">
    <mem type="nursery" free="54874224" total="69861376" percent="78">
      <mem type="allocate" free="54874224" total="59834368" percent="91" />
      <mem type="survivor" free="0" total="10027008" percent="0" />
    </mem>
    <mem type="tenure" free="167655568" total="201326592" percent="83">
      <mem type="soa" free="157588624" total="191259648" percent="82" />
      <mem type="loa" free="10066944" total="10066944" percent="100" />
    </mem>
    <pending-finalizers system="1" default="0" reference="71" classloader="0" />
    <remembered-set count="1787" />
  </mem-info>
</gc-end>
<cycle-end id="179" type="scavenge" contextid="172" timestamp="2024-07-18T15:29:22.446" />
<allocation-satisfied id="180" threadId="000000000156F300" bytesRequested="5344" />
<af-end id="181" timestamp="2024-07-18T15:29:22.447" threadId="000000000156FD38" success="true" from="nursery"/>
<exclusive-end id="182" timestamp="2024-07-18T15:29:22.447" durationms="8.428" />

<exclusive-start id="183" timestamp="2024-07-18T15:29:22.511" intervalms="72.415">
  <response-info timems="0.082" idlems="0.082" threads="0" lastid="000000000153DA00" lastname="Unconstrained build operations Thread 77" />
</exclusive-start>
<af-start id="184" threadId="000000000153E438" totalBytesRequested="2648" timestamp="2024-07-18T15:29:22.511" intervalms="72.355" type="nursery" />
<cycle-start id="185" type="scavenge" contextid="0" timestamp="2024-07-18T15:29:22.511" intervalms="72.338" />
<gc-start id="186" type="scavenge" contextid="185" timestamp="2024-07-18T15:29:22.512">
  <mem-info id="187" free="167655272" total="271187968" percent="61">
    <mem type="nursery" free="0" total="69861376" percent="0">
      <mem type="allocate" free="0" total="59834368" percent="0" />
      <mem type="survivor" free="0" total="10027008" percent="0" />
    </mem>
    <mem type="tenure" free="167655272" total="201326592" percent="83">
      <mem type="soa" free="157588328" total="191259648" percent="82" />
      <mem type="loa" free="10066944" total="10066944" percent="100" />
    </mem>
    <remembered-set count="1889" />
  </mem-info>
</gc-start>
<allocation-stats totalBytes="54492552" discardedBytes="381968" >
  <allocated-bytes non-tlh="2604064" tlh="51888488" />
  <largest-consumer threadName="Unconstrained build operations Thread 87" threadId="0000000001576D00" bytes="9961784" />
</allocation-stats>
<gc-op id="188" type="scavenge" timems="3.907" contextid="185" timestamp="2024-07-18T15:29:22.516">
  <scavenger-info tenureage="3" tenuremask="7f98" tiltratio="85" />
  <memory-copied type="nursery" objects="69634" bytes="3460184" bytesdiscarded="241336" />
  <memory-copied type="tenure" objects="41960" bytes="2159424" bytesdiscarded="784" />
  <ownableSynchronizers candidates="240" cleared="59" />
  <references type="soft" candidates="109" cleared="0" enqueued="0" dynamicThreshold="32" maxThreshold="32" />
  <references type="weak" candidates="952" cleared="56" enqueued="56" />
  <references type="phantom" candidates="55" cleared="0" enqueued="0" />
  <object-monitors candidates="2" cleared="1"  />
</gc-op>
<gc-end id="189" type="scavenge" contextid="185" durationms="4.550" usertimems="18.381" systemtimems="1.316" stalltimems="10.305" timestamp="2024-07-18T15:29:22.516" activeThreads="8">
  <mem-info id="190" free="223057056" total="271187968" percent="82">
    <mem type="nursery" free="57375544" total="69861376" percent="82">
      <mem type="allocate" free="57375544" total="61079552" percent="93" />
      <mem type="survivor" free="0" total="8781824" percent="0" />
    </mem>
    <mem type="tenure" free="165681512" total="201326592" percent="82">
      <mem type="soa" free="155614568" total="191259648" percent="81" />
      <mem type="loa" free="10066944" total="10066944" percent="100" />
    </mem>
    <pending-finalizers system="0" default="0" reference="56" classloader="0" />
    <remembered-set count="1372" />
  </mem-info>
</gc-end>
<cycle-end id="191" type="scavenge" contextid="185" timestamp="2024-07-18T15:29:22.517" />
<allocation-satisfied id="192" threadId="000000000153DA00" bytesRequested="2648" />
<af-end id="193" timestamp="2024-07-18T15:29:22.517" threadId="000000000153E438" success="true" from="nursery"/>
<exclusive-end id="194" timestamp="2024-07-18T15:29:22.517" durationms="6.393" />

<exclusive-start id="195" timestamp="2024-07-18T15:29:22.564" intervalms="53.447">
  <response-info timems="0.173" idlems="0.123" threads="3" lastid="0000000001573000" lastname="Unconstrained build operations Thread 84" />
</exclusive-start>
<af-start id="196" threadId="0000000000605138" totalBytesRequested="48" timestamp="2024-07-18T15:29:22.564" intervalms="53.535" type="nursery" />
<cycle-start id="197" type="scavenge" contextid="0" timestamp="2024-07-18T15:29:22.565" intervalms="53.618" />
<gc-start id="198" type="scavenge" contextid="197" timestamp="2024-07-18T15:29:22.565">
  <mem-info id="199" free="165681512" total="271187968" percent="61">
    <mem type="nursery" free="0" total="69861376" percent="0">
      <mem type="allocate" free="0" total="61079552" percent="0" />
      <mem type="survivor" free="0" total="8781824" percent="0" />
    </mem>
    <mem type="tenure" free="165681512" total="201326592" percent="82">
      <mem type="soa" free="155614568" total="191259648" percent="81" />
      <mem type="loa" free="10066944" total="10066944" percent="100" />
    </mem>
    <remembered-set count="1445" />
  </mem-info>
</gc-start>
<allocation-stats totalBytes="56958352" discardedBytes="417192" >
  <allocated-bytes non-tlh="889832" tlh="56068520" />
  <largest-consumer threadName="Unconstrained build operations Thread 85" threadId="0000000001573C00" bytes="8329584" />
</allocation-stats>
<gc-op id="200" type="scavenge" timems="3.949" contextid="197" timestamp="2024-07-18T15:29:22.570">
  <scavenger-info tenureage="8" tenuremask="7f00" tiltratio="87" />
  <memory-copied type="nursery" objects="80938" bytes="3968664" bytesdiscarded="180632" />
  <ownableSynchronizers candidates="171" cleared="42" />
  <references type="soft" candidates="109" cleared="0" enqueued="0" dynamicThreshold="32" maxThreshold="32" />
  <references type="weak" candidates="1086" cleared="45" enqueued="45" />
  <references type="phantom" candidates="63" cleared="1" enqueued="1" />
  <object-monitors candidates="2" cleared="0"  />
</gc-op>
<heap-resize id="201" type="expand" space="nursery" amount="3801088" count="1" timems="0.066" reason="excessive time being spent scavenging" timestamp="2024-07-18T15:29:22.570" />
<gc-end id="202" type="scavenge" contextid="197" durationms="4.995" usertimems="17.393" systemtimems="0.531" stalltimems="12.439" timestamp="2024-07-18T15:29:22.570" activeThreads="8">
  <mem-info id="203" free="226672432" total="274989056" percent="82">
    <mem type="nursery" free="60990920" total="73662464" percent="82">
      <mem type="allocate" free="60990920" total="65142784" percent="93" />
      <mem type="survivor" free="0" total="8519680" percent="0" />
    </mem>
    <mem type="tenure" free="165681512" total="201326592" percent="82">
      <mem type="soa" free="155614568" total="191259648" percent="81" />
      <mem type="loa" free="10066944" total="10066944" percent="100" />
    </mem>
    <pending-finalizers system="0" default="0" reference="46" classloader="0" />
    <remembered-set count="1366" />
  </mem-info>
</gc-end>
<cycle-end id="204" type="scavenge" contextid="197" timestamp="2024-07-18T15:29:22.571" />
<allocation-satisfied id="205" threadId="0000000000604700" bytesRequested="48" />
<af-end id="206" timestamp="2024-07-18T15:29:22.571" threadId="0000000000605138" success="true" from="nursery"/>
<exclusive-end id="207" timestamp="2024-07-18T15:29:22.571" durationms="7.096" />

<exclusive-start id="208" timestamp="2024-07-18T15:29:22.653" intervalms="89.043">
  <response-info timems="0.104" idlems="0.087" threads="3" lastid="0000000001576000" lastname="Unconstrained build operations Thread 86" />
</exclusive-start>
<af-start id="209" threadId="000000000153F138" totalBytesRequested="21816" timestamp="2024-07-18T15:29:22.654" intervalms="89.041" type="nursery" />
<cycle-start id="210" type="scavenge" contextid="0" timestamp="2024-07-18T15:29:22.654" intervalms="89.063" />
<gc-start id="211" type="scavenge" contextid="210" timestamp="2024-07-18T15:29:22.654">
  <mem-info id="212" free="165681512" total="274989056" percent="60">
    <mem type="nursery" free="0" total="73662464" percent="0">
      <mem type="allocate" free="0" total="65142784" percent="0" />
      <mem type="survivor" free="0" total="8519680" percent="0" />
    </mem>
    <mem type="tenure" free="165681512" total="201326592" percent="82">
      <mem type="soa" free="155614568" total="191259648" percent="81" />
      <mem type="loa" free="10066944" total="10066944" percent="100" />
    </mem>
    <remembered-set count="1463" />
  </mem-info>
</gc-start>
<allocation-stats totalBytes="60755600" discardedBytes="235320" >
  <allocated-bytes non-tlh="277784" tlh="60477816" />
  <largest-consumer threadName="Daemon worker" threadId="0000000000604700" bytes="10839128" />
</allocation-stats>
<gc-op id="213" type="scavenge" timems="3.294" contextid="210" timestamp="2024-07-18T15:29:22.658">
  <scavenger-info tenureage="4" tenuremask="7e10" tiltratio="88" />
  <memory-copied type="nursery" objects="20741" bytes="937360" bytesdiscarded="348704" />
  <memory-copied type="tenure" objects="24737" bytes="957120" bytesdiscarded="816" />
  <ownableSynchronizers candidates="237" cleared="104" />
  <references type="soft" candidates="2" cleared="0" enqueued="0" dynamicThreshold="32" maxThreshold="32" />
  <references type="weak" candidates="1111" cleared="101" enqueued="101" />
  <references type="phantom" candidates="31" cleared="0" enqueued="0" />
  <object-monitors candidates="3" cleared="1"  />
</gc-op>
<gc-end id="214" type="scavenge" contextid="210" durationms="4.033" usertimems="12.893" systemtimems="1.051" stalltimems="8.050" timestamp="2024-07-18T15:29:22.658" activeThreads="7">
  <mem-info id="215" free="229622000" total="274989056" percent="83">
    <mem type="nursery" free="64970688" total="73662464" percent="88">
      <mem type="allocate" free="64970688" total="66256896" percent="98" />
      <mem type="survivor" free="0" total="7405568" percent="0" />
    </mem>
    <mem type="tenure" free="164651312" total="201326592" percent="81">
      <mem type="soa" free="154584368" total="191259648" percent="80" />
      <mem type="loa" free="10066944" total="10066944" percent="100" />
    </mem>
    <pending-finalizers system="0" default="0" reference="101" classloader="0" />
    <remembered-set count="1282" />
  </mem-info>
</gc-end>
<cycle-end id="216" type="scavenge" contextid="210" timestamp="2024-07-18T15:29:22.659" />
<allocation-satisfied id="217" threadId="000000000153E700" bytesRequested="21816" />
<af-end id="218" timestamp="2024-07-18T15:29:22.659" threadId="000000000153F138" success="true" from="nursery"/>
<exclusive-end id="219" timestamp="2024-07-18T15:29:22.659" durationms="5.969" />

<exclusive-start id="220" timestamp="2024-07-18T15:29:22.924" intervalms="270.857">
  <response-info timems="0.084" idlems="0.084" threads="0" lastid="0000000001585300" lastname="Unconstrained build operations Thread 95" />
</exclusive-start>
<af-start id="221" threadId="0000000001585D38" totalBytesRequested="24" timestamp="2024-07-18T15:29:22.924" intervalms="270.806" type="nursery" />
<cycle-start id="222" type="scavenge" contextid="0" timestamp="2024-07-18T15:29:22.925" intervalms="270.703" />
<gc-start id="223" type="scavenge" contextid="222" timestamp="2024-07-18T15:29:22.925">
  <mem-info id="224" free="164600944" total="274989056" percent="59">
    <mem type="nursery" free="0" total="73662464" percent="0">
      <mem type="allocate" free="0" total="66256896" percent="0" />
      <mem type="survivor" free="0" total="7405568" percent="0" />
    </mem>
    <mem type="tenure" free="164600944" total="201326592" percent="81">
      <mem type="soa" free="154534000" total="191259648" percent="80" />
      <mem type="loa" free="10066944" total="10066944" percent="100" />
    </mem>
    <remembered-set count="2427" />
  </mem-info>
</gc-start>
<allocation-stats totalBytes="64911592" discardedBytes="109464" >
  <allocated-bytes non-tlh="1339192" tlh="63572400" />
  <largest-consumer threadName="Unconstrained build operations Thread 90" threadId="000000000157E600" bytes="5868928" />
</allocation-stats>
<gc-op id="225" type="scavenge" timems="2.996" contextid="222" timestamp="2024-07-18T15:29:22.928">
  <scavenger-info tenureage="10" tenuremask="7c00" tiltratio="89" />
  <memory-copied type="nursery" objects="39179" bytes="2587808" bytesdiscarded="136864" />
  <finalization candidates="112" enqueued="112" />
  <ownableSynchronizers candidates="261" cleared="244" />
  <references type="soft" candidates="117" cleared="0" enqueued="0" dynamicThreshold="32" maxThreshold="32" />
  <references type="weak" candidates="4745" cleared="2824" enqueued="2824" />
  <references type="phantom" candidates="137" cleared="65" enqueued="65" />
  <object-monitors candidates="54" cleared="49"  />
</gc-op>
<gc-end id="226" type="scavenge" contextid="222" durationms="3.720" usertimems="10.655" systemtimems="0.916" stalltimems="9.235" timestamp="2024-07-18T15:29:22.929" activeThreads="7">
  <mem-info id="227" free="228131440" total="274989056" percent="82">
    <mem type="nursery" free="63530496" total="73662464" percent="86">
      <mem type="allocate" free="63530496" total="66256896" percent="95" />
      <mem type="survivor" free="0" total="7405568" percent="0" />
    </mem>
    <mem type="tenure" free="164600944" total="201326592" percent="81">
      <mem type="soa" free="154534000" total="191259648" percent="80" />
      <mem type="loa" free="10066944" total="10066944" percent="100" />
    </mem>
    <pending-finalizers system="112" default="0" reference="2889" classloader="0" />
    <remembered-set count="2091" />
  </mem-info>
</gc-end>
<cycle-end id="228" type="scavenge" contextid="222" timestamp="2024-07-18T15:29:22.929" />
<allocation-satisfied id="229" threadId="0000000001585300" bytesRequested="24" />
<af-end id="230" timestamp="2024-07-18T15:29:22.929" threadId="0000000001585D38" success="true" from="nursery"/>
<exclusive-end id="231" timestamp="2024-07-18T15:29:22.929" durationms="5.339" />

<exclusive-start id="232" timestamp="2024-07-18T15:29:23.074" intervalms="150.027">
  <response-info timems="0.300" idlems="0.169" threads="1" lastid="000000000157E600" lastname="Unconstrained build operations Thread 90" />
</exclusive-start>
<af-start id="233" threadId="0000000001582038" totalBytesRequested="1520" timestamp="2024-07-18T15:29:23.074" intervalms="150.035" type="nursery" />
<cycle-start id="234" type="scavenge" contextid="0" timestamp="2024-07-18T15:29:23.075" intervalms="150.024" />
<gc-start id="235" type="scavenge" contextid="234" timestamp="2024-07-18T15:29:23.075">
  <mem-info id="236" free="164600736" total="274989056" percent="59">
    <mem type="nursery" free="0" total="73662464" percent="0">
      <mem type="allocate" free="0" total="66256896" percent="0" />
      <mem type="survivor" free="0" total="7405568" percent="0" />
    </mem>
    <mem type="tenure" free="164600736" total="201326592" percent="81">
      <mem type="soa" free="154533792" total="191259648" percent="80" />
      <mem type="loa" free="10066944" total="10066944" percent="100" />
    </mem>
    <remembered-set count="2201" />
  </mem-info>
</gc-start>
<allocation-stats totalBytes="63393720" discardedBytes="136984" >
  <allocated-bytes non-tlh="984704" tlh="62409016" />
  <largest-consumer threadName="Unconstrained build operations Thread 90" threadId="000000000157E600" bytes="15185464" />
</allocation-stats>
<gc-op id="237" type="scavenge" timems="2.253" contextid="234" timestamp="2024-07-18T15:29:23.078">
  <scavenger-info tenureage="11" tenuremask="7800" tiltratio="89" />
  <memory-copied type="nursery" objects="36937" bytes="2175560" bytesdiscarded="218080" />
  <ownableSynchronizers candidates="165" cleared="140" />
  <references type="soft" candidates="117" cleared="0" enqueued="0" dynamicThreshold="32" maxThreshold="32" />
  <references type="weak" candidates="3203" cleared="827" enqueued="827" />
  <references type="phantom" candidates="55" cleared="0" enqueued="0" />
  <object-monitors candidates="6" cleared="1"  />
</gc-op>
<gc-end id="238" type="scavenge" contextid="234" durationms="2.846" usertimems="7.603" systemtimems="0.658" stalltimems="5.098" timestamp="2024-07-18T15:29:23.078" activeThreads="6">
  <mem-info id="239" free="228463400" total="274989056" percent="83">
    <mem type="nursery" free="63862664" total="73662464" percent="86">
      <mem type="allocate" free="63862664" total="66256896" percent="96" />
      <mem type="survivor" free="0" total="7405568" percent="0" />
    </mem>
    <mem type="tenure" free="164600736" total="201326592" percent="81">
      <mem type="soa" free="154533792" total="191259648" percent="80" />
      <mem type="loa" free="10066944" total="10066944" percent="100" />
    </mem>
    <pending-finalizers system="0" default="0" reference="827" classloader="0" />
    <remembered-set count="2030" />
  </mem-info>
</gc-end>
<cycle-end id="240" type="scavenge" contextid="234" timestamp="2024-07-18T15:29:23.078" />
<allocation-satisfied id="241" threadId="0000000001581600" bytesRequested="1520" />
<af-end id="242" timestamp="2024-07-18T15:29:23.078" threadId="0000000001582038" success="true" from="nursery"/>
<exclusive-end id="243" timestamp="2024-07-18T15:29:23.079" durationms="4.470" />

<exclusive-start id="244" timestamp="2024-07-18T15:29:23.167" intervalms="93.322">
  <response-info timems="0.111" idlems="0.111" threads="0" lastid="000000000157DA00" lastname="Unconstrained build operations Thread 89" />
</exclusive-start>
<af-start id="245" threadId="000000000157E438" totalBytesRequested="24" timestamp="2024-07-18T15:29:23.168" intervalms="93.344" type="nursery" />
<cycle-start id="246" type="scavenge" contextid="0" timestamp="2024-07-18T15:29:23.168" intervalms="93.386" />
<gc-start id="247" type="scavenge" contextid="246" timestamp="2024-07-18T15:29:23.168">
  <mem-info id="248" free="164600672" total="274989056" percent="59">
    <mem type="nursery" free="0" total="73662464" percent="0">
      <mem type="allocate" free="0" total="66256896" percent="0" />
      <mem type="survivor" free="0" total="7405568" percent="0" />
    </mem>
    <mem type="tenure" free="164600672" total="201326592" percent="81">
      <mem type="soa" free="154533728" total="191259648" percent="80" />
      <mem type="loa" free="10066944" total="10066944" percent="100" />
    </mem>
    <remembered-set count="2121" />
  </mem-info>
</gc-start>
<allocation-stats totalBytes="63767808" discardedBytes="94920" >
  <allocated-bytes non-tlh="502720" tlh="63265088" />
  <largest-consumer threadName="Unconstrained build operations Thread 90" threadId="000000000157E600" bytes="15773904" />
</allocation-stats>
<gc-op id="249" type="scavenge" timems="3.084" contextid="246" timestamp="2024-07-18T15:29:23.172">
  <scavenger-info tenureage="12" tenuremask="7000" tiltratio="89" />
  <memory-copied type="nursery" objects="53986" bytes="3413096" bytesdiscarded="180352" />
  <ownableSynchronizers candidates="177" cleared="164" />
  <references type="soft" candidates="117" cleared="0" enqueued="0" dynamicThreshold="32" maxThreshold="32" />
  <references type="weak" candidates="5886" cleared="3027" enqueued="3027" />
  <references type="phantom" candidates="75" cleared="0" enqueued="0" />
  <object-monitors candidates="6" cleared="1"  />
</gc-op>
<gc-end id="250" type="scavenge" contextid="246" durationms="4.062" usertimems="12.212" systemtimems="0.147" stalltimems="6.388" timestamp="2024-07-18T15:29:23.172" activeThreads="6">
  <mem-info id="251" free="227263152" total="274989056" percent="82">
    <mem type="nursery" free="62662480" total="73662464" percent="85">
      <mem type="allocate" free="62662480" total="66256896" percent="94" />
      <mem type="survivor" free="0" total="7405568" percent="0" />
    </mem>
    <mem type="tenure" free="164600672" total="201326592" percent="81">
      <mem type="soa" free="154533728" total="191259648" percent="80" />
      <mem type="loa" free="10066944" total="10066944" percent="100" />
    </mem>
    <pending-finalizers system="0" default="0" reference="3027" classloader="0" />
    <remembered-set count="1663" />
  </mem-info>
</gc-end>
<cycle-end id="252" type="scavenge" contextid="246" timestamp="2024-07-18T15:29:23.173" />
<allocation-satisfied id="253" threadId="000000000157DA00" bytesRequested="24" />
<af-end id="254" timestamp="2024-07-18T15:29:23.173" threadId="000000000157E438" success="true" from="nursery"/>
<exclusive-end id="255" timestamp="2024-07-18T15:29:23.173" durationms="5.857" />

<exclusive-start id="256" timestamp="2024-07-18T15:29:23.237" intervalms="70.050">
  <response-info timems="0.107" idlems="0.075" threads="1" lastid="000000000157E600" lastname="Unconstrained build operations Thread 90" />
</exclusive-start>
<af-start id="257" threadId="0000000001583938" totalBytesRequested="16392" timestamp="2024-07-18T15:29:23.238" intervalms="70.015" type="nursery" />
<cycle-start id="258" type="scavenge" contextid="0" timestamp="2024-07-18T15:29:23.238" intervalms="70.002" />
<gc-start id="259" type="scavenge" contextid="258" timestamp="2024-07-18T15:29:23.238">
  <mem-info id="260" free="164599952" total="274989056" percent="59">
    <mem type="nursery" free="0" total="73662464" percent="0">
      <mem type="allocate" free="0" total="66256896" percent="0" />
      <mem type="survivor" free="0" total="7405568" percent="0" />
    </mem>
    <mem type="tenure" free="164599952" total="201326592" percent="81">
      <mem type="soa" free="154533008" total="191259648" percent="80" />
      <mem type="loa" free="10066944" total="10066944" percent="100" />
    </mem>
    <remembered-set count="1740" />
  </mem-info>
</gc-start>
<allocation-stats totalBytes="62584984" discardedBytes="78216" >
  <allocated-bytes non-tlh="531616" tlh="62053368" />
  <largest-consumer threadName="Unconstrained build operations Thread 94" threadId="0000000001582F00" bytes="10386368" />
</allocation-stats>
<gc-op id="261" type="scavenge" timems="3.690" contextid="258" timestamp="2024-07-18T15:29:23.243">
  <scavenger-info tenureage="3" tenuremask="6008" tiltratio="89" />
  <memory-copied type="nursery" objects="57894" bytes="2956912" bytesdiscarded="273696" />
  <memory-copied type="tenure" objects="14262" bytes="1104080" bytesdiscarded="128" />
  <ownableSynchronizers candidates="68" cleared="57" />
  <references type="soft" candidates="2" cleared="0" enqueued="0" dynamicThreshold="32" maxThreshold="32" />
  <references type="weak" candidates="3786" cleared="119" enqueued="119" />
  <references type="phantom" candidates="40" cleared="0" enqueued="0" />
  <object-monitors candidates="6" cleared="1"  />
</gc-op>
<gc-end id="262" type="scavenge" contextid="258" durationms="4.418" usertimems="14.461" systemtimems="1.210" stalltimems="5.649" timestamp="2024-07-18T15:29:23.243" activeThreads="6">
  <mem-info id="263" free="226357280" total="274989056" percent="82">
    <mem type="nursery" free="63025920" total="73662464" percent="85">
      <mem type="allocate" free="63025920" total="66256896" percent="95" />
      <mem type="survivor" free="0" total="7405568" percent="0" />
    </mem>
    <mem type="tenure" free="163331360" total="201326592" percent="81">
      <mem type="soa" free="153264416" total="191259648" percent="80" />
      <mem type="loa" free="10066944" total="10066944" percent="100" />
    </mem>
    <pending-finalizers system="0" default="0" reference="119" classloader="0" />
    <remembered-set count="2545" />
  </mem-info>
</gc-end>
<cycle-end id="264" type="scavenge" contextid="258" timestamp="2024-07-18T15:29:23.243" />
<allocation-satisfied id="265" threadId="0000000001582F00" bytesRequested="16392" />
<af-end id="266" timestamp="2024-07-18T15:29:23.244" threadId="0000000001583938" success="true" from="nursery"/>
<exclusive-end id="267" timestamp="2024-07-18T15:29:23.244" durationms="6.267" />

<exclusive-start id="268" timestamp="2024-07-18T15:29:23.303" intervalms="65.990">
  <response-info timems="0.100" idlems="0.092" threads="1" lastid="0000000001582F00" lastname="Unconstrained build operations Thread 94" />
</exclusive-start>
<af-start id="269" threadId="000000000157F038" totalBytesRequested="24" timestamp="2024-07-18T15:29:23.304" intervalms="66.014" type="nursery" />
<cycle-start id="270" type="scavenge" contextid="0" timestamp="2024-07-18T15:29:23.304" intervalms="66.007" />
<gc-start id="271" type="scavenge" contextid="270" timestamp="2024-07-18T15:29:23.304">
  <mem-info id="272" free="163331320" total="274989056" percent="59">
    <mem type="nursery" free="0" total="73662464" percent="0">
      <mem type="allocate" free="0" total="66256896" percent="0" />
      <mem type="survivor" free="0" total="7405568" percent="0" />
    </mem>
    <mem type="tenure" free="163331320" total="201326592" percent="81">
      <mem type="soa" free="153264376" total="191259648" percent="80" />
      <mem type="loa" free="10066944" total="10066944" percent="100" />
    </mem>
    <remembered-set count="2677" />
  </mem-info>
</gc-start>
<allocation-stats totalBytes="62926448" discardedBytes="99512" >
  <allocated-bytes non-tlh="688584" tlh="62237864" />
  <largest-consumer threadName="Unconstrained build operations Thread 97" threadId="0000000001586B00" bytes="10327224" />
</allocation-stats>
<gc-op id="273" type="scavenge" timems="2.748" contextid="270" timestamp="2024-07-18T15:29:23.307">
  <scavenger-info tenureage="14" tenuremask="4000" tiltratio="89" />
  <memory-copied type="nursery" objects="54829" bytes="3508176" bytesdiscarded="297504" />
  <ownableSynchronizers candidates="67" cleared="64" />
  <references type="soft" candidates="2" cleared="0" enqueued="0" dynamicThreshold="32" maxThreshold="32" />
  <references type="weak" candidates="8125" cleared="5722" enqueued="5722" />
  <references type="phantom" candidates="48" cleared="0" enqueued="0" />
  <object-monitors candidates="5" cleared="0"  />
</gc-op>
<heap-resize id="274" type="expand" space="nursery" amount="2752512" count="1" timems="0.027" reason="excessive time being spent scavenging" timestamp="2024-07-18T15:29:23.308" />
<gc-end id="275" type="scavenge" contextid="270" durationms="3.529" usertimems="10.314" systemtimems="0.862" stalltimems="5.528" timestamp="2024-07-18T15:29:23.308" activeThreads="6">
  <mem-info id="276" free="228206896" total="277741568" percent="82">
    <mem type="nursery" free="64875576" total="76414976" percent="84">
      <mem type="allocate" free="64875576" total="68681728" percent="94" />
      <mem type="survivor" free="0" total="7733248" percent="0" />
    </mem>
    <mem type="tenure" free="163331320" total="201326592" percent="81">
      <mem type="soa" free="153264376" total="191259648" percent="80" />
      <mem type="loa" free="10066944" total="10066944" percent="100" />
    </mem>
    <pending-finalizers system="0" default="0" reference="5722" classloader="0" />
    <remembered-set count="2562" />
  </mem-info>
</gc-end>
<cycle-end id="277" type="scavenge" contextid="270" timestamp="2024-07-18T15:29:23.308" />
<allocation-satisfied id="278" threadId="000000000157E600" bytesRequested="24" />
<af-end id="279" timestamp="2024-07-18T15:29:23.308" threadId="000000000157F038" success="true" from="nursery"/>
<exclusive-end id="280" timestamp="2024-07-18T15:29:23.309" durationms="5.212" />

<exclusive-start id="281" timestamp="2024-07-18T15:29:23.372" intervalms="68.364">
  <response-info timems="0.119" idlems="0.094" threads="1" lastid="000000000157F200" lastname="Unconstrained build operations Thread 91" />
</exclusive-start>
<af-start id="282" threadId="0000000001587538" totalBytesRequested="48" timestamp="2024-07-18T15:29:23.372" intervalms="68.326" type="nursery" />
<cycle-start id="283" type="scavenge" contextid="0" timestamp="2024-07-18T15:29:23.372" intervalms="68.292" />
<gc-start id="284" type="scavenge" contextid="283" timestamp="2024-07-18T15:29:23.373">
  <mem-info id="285" free="163330952" total="277741568" percent="58">
    <mem type="nursery" free="0" total="76414976" percent="0">
      <mem type="allocate" free="0" total="68681728" percent="0" />
      <mem type="survivor" free="0" total="7733248" percent="0" />
    </mem>
    <mem type="tenure" free="163330952" total="201326592" percent="81">
      <mem type="soa" free="153264008" total="191259648" percent="80" />
      <mem type="loa" free="10066944" total="10066944" percent="100" />
    </mem>
    <remembered-set count="2666" />
  </mem-info>
</gc-start>
<allocation-stats totalBytes="64802848" discardedBytes="73096" >
  <allocated-bytes non-tlh="567936" tlh="64234912" />
  <largest-consumer threadName="Unconstrained build operations Thread 94" threadId="0000000001582F00" bytes="11011608" />
</allocation-stats>
<gc-op id="286" type="scavenge" timems="3.398" contextid="283" timestamp="2024-07-18T15:29:23.376">
  <scavenger-info tenureage="9" tenuremask="4200" tiltratio="89" />
  <memory-copied type="nursery" objects="54947" bytes="3889240" bytesdiscarded="279384" />
  <memory-copied type="tenure" objects="4511" bytes="144568" bytesdiscarded="64" />
  <ownableSynchronizers candidates="43" cleared="37" />
  <references type="soft" candidates="2" cleared="0" enqueued="0" dynamicThreshold="32" maxThreshold="32" />
  <references type="weak" candidates="3355" cleared="1029" enqueued="1029" />
  <references type="phantom" candidates="41" cleared="0" enqueued="0" />
  <object-monitors candidates="6" cleared="0"  />
</gc-op>
<gc-end id="287" type="scavenge" contextid="283" durationms="4.066" usertimems="13.640" systemtimems="1.128" stalltimems="5.782" timestamp="2024-07-18T15:29:23.377" activeThreads="6">
  <mem-info id="288" free="227627872" total="277741568" percent="81">
    <mem type="nursery" free="64578264" total="76414976" percent="84">
      <mem type="allocate" free="64578264" total="68747264" percent="93" />
      <mem type="survivor" free="0" total="7667712" percent="0" />
    </mem>
    <mem type="tenure" free="163049608" total="201326592" percent="80">
      <mem type="soa" free="152982664" total="191259648" percent="79" />
      <mem type="loa" free="10066944" total="10066944" percent="100" />
    </mem>
    <pending-finalizers system="0" default="0" reference="1029" classloader="0" />
    <remembered-set count="2423" />
  </mem-info>
</gc-end>
<cycle-end id="289" type="scavenge" contextid="283" timestamp="2024-07-18T15:29:23.377" />
<allocation-satisfied id="290" threadId="0000000001586B00" bytesRequested="48" />
<af-end id="291" timestamp="2024-07-18T15:29:23.377" threadId="0000000001587538" success="true" from="nursery"/>
<exclusive-end id="292" timestamp="2024-07-18T15:29:23.378" durationms="5.856" />

<exclusive-start id="293" timestamp="2024-07-18T15:29:23.437" intervalms="65.687">
  <response-info timems="0.102" idlems="0.101" threads="1" lastid="0000000001585F00" lastname="Unconstrained build operations Thread 96" />
</exclusive-start>
<af-start id="294" threadId="000000000157FC38" totalBytesRequested="24" timestamp="2024-07-18T15:29:23.438" intervalms="65.739" type="nursery" />
<cycle-start id="295" type="scavenge" contextid="0" timestamp="2024-07-18T15:29:23.438" intervalms="65.785" />
<gc-start id="296" type="scavenge" contextid="295" timestamp="2024-07-18T15:29:23.439">
  <mem-info id="297" free="163049560" total="277741568" percent="58">
    <mem type="nursery" free="0" total="76414976" percent="0">
      <mem type="allocate" free="0" total="68747264" percent="0" />
      <mem type="survivor" free="0" total="7667712" percent="0" />
    </mem>
    <mem type="tenure" free="163049560" total="201326592" percent="80">
      <mem type="soa" free="152982616" total="191259648" percent="79" />
      <mem type="loa" free="10066944" total="10066944" percent="100" />
    </mem>
    <remembered-set count="2526" />
  </mem-info>
</gc-start>
<allocation-stats totalBytes="64479952" discardedBytes="98360" >
  <allocated-bytes non-tlh="1865896" tlh="62614056" />
  <largest-consumer threadName="Unconstrained build operations Thread 90" threadId="000000000157E600" bytes="11001416" />
</allocation-stats>
<gc-op id="298" type="scavenge" timems="5.120" contextid="295" timestamp="2024-07-18T15:29:23.444">
  <scavenger-info tenureage="7" tenuremask="4280" tiltratio="89" />
  <memory-copied type="nursery" objects="90771" bytes="6700808" bytesdiscarded="103496" />
  <memory-copied type="tenure" objects="6556" bytes="230072" bytesdiscarded="16" />
  <ownableSynchronizers candidates="42" cleared="36" />
  <references type="weak" candidates="2191" cleared="167" enqueued="167" />
  <references type="phantom" candidates="39" cleared="0" enqueued="0" />
  <object-monitors candidates="6" cleared="0"  />
</gc-op>
<heap-resize id="299" type="expand" space="nursery" amount="3801088" count="1" timems="0.030" reason="excessive time being spent scavenging" timestamp="2024-07-18T15:29:23.444" />
<gc-end id="300" type="scavenge" contextid="295" durationms="6.145" usertimems="22.339" systemtimems="1.875" stalltimems="6.803" timestamp="2024-07-18T15:29:23.445" activeThreads="6">
  <mem-info id="301" free="225890504" total="281542656" percent="80">
    <mem type="nursery" free="63122288" total="80216064" percent="78">
      <mem type="allocate" free="63122288" total="69926912" percent="90" />
      <mem type="survivor" free="0" total="10289152" percent="0" />
    </mem>
    <mem type="tenure" free="162768216" total="201326592" percent="80">
      <mem type="soa" free="152701272" total="191259648" percent="79" />
      <mem type="loa" free="10066944" total="10066944" percent="100" />
    </mem>
    <pending-finalizers system="0" default="0" reference="167" classloader="0" />
    <remembered-set count="1704" />
  </mem-info>
</gc-end>
<cycle-end id="302" type="scavenge" contextid="295" timestamp="2024-07-18T15:29:23.445" />
<allocation-satisfied id="303" threadId="000000000157F200" bytesRequested="24" />
<af-end id="304" timestamp="2024-07-18T15:29:23.445" threadId="000000000157FC38" success="true" from="nursery"/>
<exclusive-end id="305" timestamp="2024-07-18T15:29:23.445" durationms="7.925" />

<exclusive-start id="306" timestamp="2024-07-18T15:29:23.498" intervalms="60.387">
  <response-info timems="0.102" idlems="0.102" threads="0" lastid="000000000157F200" lastname="Unconstrained build operations Thread 91" />
</exclusive-start>
<af-start id="307" threadId="000000000157FC38" totalBytesRequested="2064" timestamp="2024-07-18T15:29:23.498" intervalms="60.395" type="nursery" />
<cycle-start id="308" type="scavenge" contextid="0" timestamp="2024-07-18T15:29:23.499" intervalms="60.466" />
<gc-start id="309" type="scavenge" contextid="308" timestamp="2024-07-18T15:29:23.499">
  <mem-info id="310" free="162767816" total="281542656" percent="57">
    <mem type="nursery" free="0" total="80216064" percent="0">
      <mem type="allocate" free="0" total="69926912" percent="0" />
      <mem type="survivor" free="0" total="10289152" percent="0" />
    </mem>
    <mem type="tenure" free="162767816" total="201326592" percent="80">
      <mem type="soa" free="152700872" total="191259648" percent="79" />
      <mem type="loa" free="10066944" total="10066944" percent="100" />
    </mem>
    <remembered-set count="1796" />
  </mem-info>
</gc-start>
<allocation-stats totalBytes="63049440" discardedBytes="73248" >
  <allocated-bytes non-tlh="2299080" tlh="60750360" />
  <largest-consumer threadName="Unconstrained build operations Thread 94" threadId="0000000001582F00" bytes="10082032" />
</allocation-stats>
<gc-op id="311" type="scavenge" timems="3.946" contextid="308" timestamp="2024-07-18T15:29:23.503">
  <scavenger-info tenureage="6" tenuremask="4240" tiltratio="87" />
  <memory-copied type="nursery" objects="63154" bytes="4135736" bytesdiscarded="164888" />
  <memory-copied type="tenure" objects="7214" bytes="306728" bytesdiscarded="608" />
  <ownableSynchronizers candidates="38" cleared="32" />
  <references type="weak" candidates="1682" cleared="216" enqueued="216" />
  <references type="phantom" candidates="34" cleared="0" enqueued="0" />
  <object-monitors candidates="8" cleared="0"  />
</gc-op>
<gc-end id="312" type="scavenge" contextid="308" durationms="4.765" usertimems="16.950" systemtimems="1.392" stalltimems="8.433" timestamp="2024-07-18T15:29:23.504" activeThreads="7">
  <mem-info id="313" free="228761128" total="281542656" percent="81">
    <mem type="nursery" free="66477944" total="80216064" percent="82">
      <mem type="allocate" free="66477944" total="70778880" percent="93" />
      <mem type="survivor" free="0" total="9437184" percent="0" />
    </mem>
    <mem type="tenure" free="162283184" total="201326592" percent="80">
      <mem type="soa" free="152216240" total="191259648" percent="79" />
      <mem type="loa" free="10066944" total="10066944" percent="100" />
    </mem>
    <pending-finalizers system="0" default="0" reference="216" classloader="0" />
    <remembered-set count="1400" />
  </mem-info>
</gc-end>
<cycle-end id="314" type="scavenge" contextid="308" timestamp="2024-07-18T15:29:23.504" />
<allocation-satisfied id="315" threadId="000000000157F200" bytesRequested="2064" />
<af-end id="316" timestamp="2024-07-18T15:29:23.505" threadId="000000000157FC38" success="true" from="nursery"/>
<exclusive-end id="317" timestamp="2024-07-18T15:29:23.505" durationms="6.855" />

<exclusive-start id="318" timestamp="2024-07-18T15:29:23.575" intervalms="77.137">
  <response-info timems="0.116" idlems="0.116" threads="0" lastid="000000000157F200" lastname="Unconstrained build operations Thread 91" />
</exclusive-start>
<af-start id="319" threadId="000000000157FC38" totalBytesRequested="48" timestamp="2024-07-18T15:29:23.575" intervalms="77.131" type="nursery" />
<cycle-start id="320" type="scavenge" contextid="0" timestamp="2024-07-18T15:29:23.576" intervalms="77.064" />
<gc-start id="321" type="scavenge" contextid="320" timestamp="2024-07-18T15:29:23.576">
  <mem-info id="322" free="162281920" total="281542656" percent="57">
    <mem type="nursery" free="0" total="80216064" percent="0">
      <mem type="allocate" free="0" total="70778880" percent="0" />
      <mem type="survivor" free="0" total="9437184" percent="0" />
    </mem>
    <mem type="tenure" free="162281920" total="201326592" percent="80">
      <mem type="soa" free="152214976" total="191259648" percent="79" />
      <mem type="loa" free="10066944" total="10066944" percent="100" />
    </mem>
    <remembered-set count="1693" />
  </mem-info>
</gc-start>
<allocation-stats totalBytes="66383816" discardedBytes="95392" >
  <allocated-bytes non-tlh="1887192" tlh="64496624" />
  <largest-consumer threadName="Unconstrained build operations Thread 95" threadId="0000000001585300" bytes="13085504" />
</allocation-stats>
<gc-op id="323" type="scavenge" timems="3.066" contextid="320" timestamp="2024-07-18T15:29:23.579">
  <scavenger-info tenureage="14" tenuremask="4000" tiltratio="88" />
  <memory-copied type="nursery" objects="42095" bytes="2964088" bytesdiscarded="180784" />
  <ownableSynchronizers candidates="76" cleared="72" />
  <references type="weak" candidates="3662" cleared="1979" enqueued="1979" />
  <references type="phantom" candidates="36" cleared="0" enqueued="0" />
  <object-monitors candidates="8" cleared="0"  />
</gc-op>
<gc-end id="324" type="scavenge" contextid="320" durationms="3.714" usertimems="1.479" systemtimems="10.579" stalltimems="8.957" timestamp="2024-07-18T15:29:23.580" activeThreads="7">
  <mem-info id="325" free="230833088" total="281542656" percent="81">
    <mem type="nursery" free="68551168" total="80216064" percent="85">
      <mem type="allocate" free="68551168" total="71696384" percent="95" />
      <mem type="survivor" free="0" total="8519680" percent="0" />
    </mem>
    <mem type="tenure" free="162281920" total="201326592" percent="80">
      <mem type="soa" free="152214976" total="191259648" percent="79" />
      <mem type="loa" free="10066944" total="10066944" percent="100" />
    </mem>
    <pending-finalizers system="0" default="0" reference="1979" classloader="0" />
    <remembered-set count="1440" />
  </mem-info>
</gc-end>
<cycle-end id="326" type="scavenge" contextid="320" timestamp="2024-07-18T15:29:23.580" />
<allocation-satisfied id="327" threadId="000000000157F200" bytesRequested="48" />
<af-end id="328" timestamp="2024-07-18T15:29:23.580" threadId="000000000157FC38" success="true" from="nursery"/>
<exclusive-end id="329" timestamp="2024-07-18T15:29:23.580" durationms="5.444" />

<exclusive-start id="330" timestamp="2024-07-18T15:29:23.637" intervalms="62.327">
  <response-info timems="0.334" idlems="0.217" threads="1" lastid="0000000000022100" lastname="JIT Compilation Thread-000" />
</exclusive-start>
<af-start id="331" threadId="0000000001586938" totalBytesRequested="3200" timestamp="2024-07-18T15:29:23.638" intervalms="62.341" type="nursery" />
<cycle-start id="332" type="scavenge" contextid="0" timestamp="2024-07-18T15:29:23.638" intervalms="62.326" />
<gc-start id="333" type="scavenge" contextid="332" timestamp="2024-07-18T15:29:23.638">
  <mem-info id="334" free="162281920" total="281542656" percent="57">
    <mem type="nursery" free="0" total="80216064" percent="0">
      <mem type="allocate" free="0" total="71696384" percent="0" />
      <mem type="survivor" free="0" total="8519680" percent="0" />
    </mem>
    <mem type="tenure" free="162281920" total="201326592" percent="80">
      <mem type="soa" free="152214976" total="191259648" percent="79" />
      <mem type="loa" free="10066944" total="10066944" percent="100" />
    </mem>
    <remembered-set count="1557" />
  </mem-info>
</gc-start>
<allocation-stats totalBytes="68463776" discardedBytes="87392" >
  <allocated-bytes non-tlh="826216" tlh="67637560" />
  <largest-consumer threadName="Unconstrained build operations Thread 95" threadId="0000000001585300" bytes="11298232" />
</allocation-stats>
<gc-op id="335" type="scavenge" timems="2.568" contextid="332" timestamp="2024-07-18T15:29:23.641">
  <scavenger-info tenureage="14" tenuremask="4000" tiltratio="89" />
  <memory-copied type="nursery" objects="58702" bytes="4355200" bytesdiscarded="150736" />
  <ownableSynchronizers candidates="43" cleared="39" />
  <references type="weak" candidates="1913" cleared="117" enqueued="117" />
  <references type="phantom" candidates="47" cleared="0" enqueued="0" />
  <object-monitors candidates="8" cleared="0"  />
</gc-op>
<heap-resize id="336" type="expand" space="nursery" amount="3014656" count="1" timems="0.028" reason="excessive time being spent scavenging" timestamp="2024-07-18T15:29:23.642" />
<gc-end id="337" type="scavenge" contextid="332" durationms="3.446" usertimems="9.522" systemtimems="0.785" stalltimems="5.087" timestamp="2024-07-18T15:29:23.642" activeThreads="6">
  <mem-info id="338" free="232552104" total="284557312" percent="81">
    <mem type="nursery" free="70270184" total="83230720" percent="84">
      <mem type="allocate" free="70270184" total="74776576" percent="93" />
      <mem type="survivor" free="0" total="8454144" percent="0" />
    </mem>
    <mem type="tenure" free="162281920" total="201326592" percent="80">
      <mem type="soa" free="152214976" total="191259648" percent="79" />
      <mem type="loa" free="10066944" total="10066944" percent="100" />
    </mem>
    <pending-finalizers system="0" default="0" reference="117" classloader="0" />
    <remembered-set count="1441" />
  </mem-info>
</gc-end>
<cycle-end id="339" type="scavenge" contextid="332" timestamp="2024-07-18T15:29:23.642" />
<allocation-satisfied id="340" threadId="0000000001585F00" bytesRequested="3200" />
<af-end id="341" timestamp="2024-07-18T15:29:23.642" threadId="0000000001586938" success="true" from="nursery"/>
<exclusive-end id="342" timestamp="2024-07-18T15:29:23.643" durationms="5.218" />

<exclusive-start id="343" timestamp="2024-07-18T15:29:23.697" intervalms="59.578">
  <response-info timems="0.107" idlems="0.107" threads="0" lastid="000000000157DA00" lastname="Unconstrained build operations Thread 89" />
</exclusive-start>
<af-start id="344" threadId="000000000157E438" totalBytesRequested="14480" timestamp="2024-07-18T15:29:23.697" intervalms="59.549" type="nursery" />
<cycle-start id="345" type="scavenge" contextid="0" timestamp="2024-07-18T15:29:23.698" intervalms="59.568" />
<gc-start id="346" type="scavenge" contextid="345" timestamp="2024-07-18T15:29:23.698">
  <mem-info id="347" free="162281488" total="284557312" percent="57">
    <mem type="nursery" free="0" total="83230720" percent="0">
      <mem type="allocate" free="0" total="74776576" percent="0" />
      <mem type="survivor" free="0" total="8454144" percent="0" />
    </mem>
    <mem type="tenure" free="162281488" total="201326592" percent="80">
      <mem type="soa" free="152214544" total="191259648" percent="79" />
      <mem type="loa" free="10066944" total="10066944" percent="100" />
    </mem>
    <remembered-set count="1472" />
  </mem-info>
</gc-start>
<allocation-stats totalBytes="70201296" discardedBytes="69320" >
  <allocated-bytes non-tlh="959272" tlh="69242024" />
  <largest-consumer threadName="Unconstrained build operations Thread 95" threadId="0000000001585300" bytes="13196232" />
</allocation-stats>
<gc-op id="348" type="scavenge" timems="3.019" contextid="345" timestamp="2024-07-18T15:29:23.701">
  <scavenger-info tenureage="14" tenuremask="4000" tiltratio="89" />
  <memory-copied type="nursery" objects="53418" bytes="3642592" bytesdiscarded="127128" />
  <ownableSynchronizers candidates="8" cleared="2" />
  <references type="weak" candidates="1805" cleared="0" enqueued="0" />
  <references type="phantom" candidates="37" cleared="0" enqueued="0" />
  <object-monitors candidates="8" cleared="0"  />
</gc-op>
<gc-end id="349" type="scavenge" contextid="345" durationms="3.854" usertimems="0.000" systemtimems="13.052" stalltimems="4.860" timestamp="2024-07-18T15:29:23.702" activeThreads="6">
  <mem-info id="350" free="233419112" total="284557312" percent="82">
    <mem type="nursery" free="71137624" total="83230720" percent="85">
      <mem type="allocate" free="71137624" total="74907648" percent="94" />
      <mem type="survivor" free="0" total="8323072" percent="0" />
    </mem>
    <mem type="tenure" free="162281488" total="201326592" percent="80">
      <mem type="soa" free="152214544" total="191259648" percent="79" />
      <mem type="loa" free="10066944" total="10066944" percent="100" />
    </mem>
    <remembered-set count="1434" />
  </mem-info>
</gc-end>
<cycle-end id="351" type="scavenge" contextid="345" timestamp="2024-07-18T15:29:23.702" />
<allocation-satisfied id="352" threadId="000000000157DA00" bytesRequested="14480" />
<af-end id="353" timestamp="2024-07-18T15:29:23.702" threadId="000000000157E438" success="true" from="nursery"/>
<exclusive-end id="354" timestamp="2024-07-18T15:29:23.703" durationms="5.583" />

<exclusive-start id="355" timestamp="2024-07-18T15:29:23.788" intervalms="90.769">
  <response-info timems="0.101" idlems="0.101" threads="0" lastid="0000000001582200" lastname="Unconstrained build operations Thread 93" />
</exclusive-start>
<af-start id="356" threadId="0000000001582C38" totalBytesRequested="7280" timestamp="2024-07-18T15:29:23.788" intervalms="90.774" type="nursery" />
<cycle-start id="357" type="scavenge" contextid="0" timestamp="2024-07-18T15:29:23.788" intervalms="90.772" />
<gc-start id="358" type="scavenge" contextid="357" timestamp="2024-07-18T15:29:23.789">
  <mem-info id="359" free="162281440" total="284557312" percent="57">
    <mem type="nursery" free="0" total="83230720" percent="0">
      <mem type="allocate" free="0" total="74907648" percent="0" />
      <mem type="survivor" free="0" total="8323072" percent="0" />
    </mem>
    <mem type="tenure" free="162281440" total="201326592" percent="80">
      <mem type="soa" free="152214496" total="191259648" percent="79" />
      <mem type="loa" free="10066944" total="10066944" percent="100" />
    </mem>
    <remembered-set count="1550" />
  </mem-info>
</gc-start>
<allocation-stats totalBytes="70997128" discardedBytes="140544" >
  <allocated-bytes non-tlh="508072" tlh="70489056" />
  <largest-consumer threadName="Unconstrained build operations Thread 92" threadId="0000000001581600" bytes="17095896" />
</allocation-stats>
<gc-op id="360" type="scavenge" timems="3.248" contextid="357" timestamp="2024-07-18T15:29:23.792">
  <scavenger-info tenureage="14" tenuremask="4000" tiltratio="90" />
  <memory-copied type="nursery" objects="58626" bytes="3661696" bytesdiscarded="135760" />
  <ownableSynchronizers candidates="52" cleared="44" />
  <references type="weak" candidates="2543" cleared="587" enqueued="587" />
  <references type="phantom" candidates="33" cleared="0" enqueued="0" />
  <object-monitors candidates="8" cleared="0"  />
</gc-op>
<gc-end id="361" type="scavenge" contextid="357" durationms="3.948" usertimems="11.939" systemtimems="1.009" stalltimems="6.319" timestamp="2024-07-18T15:29:23.793" activeThreads="6">
  <mem-info id="362" free="233391352" total="284557312" percent="82">
    <mem type="nursery" free="71109912" total="83230720" percent="85">
      <mem type="allocate" free="71109912" total="74907648" percent="94" />
      <mem type="survivor" free="0" total="8323072" percent="0" />
    </mem>
    <mem type="tenure" free="162281440" total="201326592" percent="80">
      <mem type="soa" free="152214496" total="191259648" percent="79" />
      <mem type="loa" free="10066944" total="10066944" percent="100" />
    </mem>
    <pending-finalizers system="0" default="0" reference="587" classloader="0" />
    <remembered-set count="1458" />
  </mem-info>
</gc-end>
<cycle-end id="363" type="scavenge" contextid="357" timestamp="2024-07-18T15:29:23.793" />
<allocation-satisfied id="364" threadId="0000000001582200" bytesRequested="7280" />
<af-end id="365" timestamp="2024-07-18T15:29:23.793" threadId="0000000001582C38" success="true" from="nursery"/>
<exclusive-end id="366" timestamp="2024-07-18T15:29:23.794" durationms="5.878" />

<exclusive-start id="367" timestamp="2024-07-18T15:29:23.886" intervalms="98.583">
  <response-info timems="0.106" idlems="0.106" threads="0" lastid="000000000157DA00" lastname="Unconstrained build operations Thread 89" />
</exclusive-start>
<af-start id="368" threadId="000000000157E438" totalBytesRequested="64" timestamp="2024-07-18T15:29:23.887" intervalms="98.597" type="nursery" />
<cycle-start id="369" type="scavenge" contextid="0" timestamp="2024-07-18T15:29:23.887" intervalms="98.657" />
<gc-start id="370" type="scavenge" contextid="369" timestamp="2024-07-18T15:29:23.887">
  <mem-info id="371" free="162280816" total="284557312" percent="57">
    <mem type="nursery" free="0" total="83230720" percent="0">
      <mem type="allocate" free="0" total="74907648" percent="0" />
      <mem type="survivor" free="0" total="8323072" percent="0" />
    </mem>
    <mem type="tenure" free="162280816" total="201326592" percent="80">
      <mem type="soa" free="152213872" total="191259648" percent="79" />
      <mem type="loa" free="10066944" total="10066944" percent="100" />
    </mem>
    <remembered-set count="1565" />
  </mem-info>
</gc-start>
<allocation-stats totalBytes="71040792" discardedBytes="69744" >
  <allocated-bytes non-tlh="297264" tlh="70743528" />
  <largest-consumer threadName="Unconstrained build operations Thread 93" threadId="0000000001582200" bytes="15606928" />
</allocation-stats>
<gc-op id="372" type="scavenge" timems="3.447" contextid="369" timestamp="2024-07-18T15:29:23.891">
  <scavenger-info tenureage="14" tenuremask="4000" tiltratio="90" />
  <memory-copied type="nursery" objects="63354" bytes="4085480" bytesdiscarded="136264" />
  <ownableSynchronizers candidates="41" cleared="33" />
  <references type="weak" candidates="2107" cleared="52" enqueued="52" />
  <references type="phantom" candidates="38" cleared="0" enqueued="0" />
  <object-monitors candidates="8" cleared="0"  />
</gc-op>
<gc-end id="373" type="scavenge" contextid="369" durationms="4.403" usertimems="16.730" systemtimems="0.000" stalltimems="6.303" timestamp="2024-07-18T15:29:23.892" activeThreads="6">
  <mem-info id="374" free="232966360" total="284557312" percent="81">
    <mem type="nursery" free="70685544" total="83230720" percent="84">
      <mem type="allocate" free="70685544" total="74907648" percent="94" />
      <mem type="survivor" free="0" total="8323072" percent="0" />
    </mem>
    <mem type="tenure" free="162280816" total="201326592" percent="80">
      <mem type="soa" free="152213872" total="191259648" percent="79" />
      <mem type="loa" free="10066944" total="10066944" percent="100" />
    </mem>
    <pending-finalizers system="0" default="0" reference="52" classloader="0" />
    <remembered-set count="1462" />
  </mem-info>
</gc-end>
<cycle-end id="375" type="scavenge" contextid="369" timestamp="2024-07-18T15:29:23.892" />
<allocation-satisfied id="376" threadId="000000000157DA00" bytesRequested="64" />
<af-end id="377" timestamp="2024-07-18T15:29:23.892" threadId="000000000157E438" success="true" from="nursery"/>
<exclusive-end id="378" timestamp="2024-07-18T15:29:23.892" durationms="6.190" />

<exclusive-start id="379" timestamp="2024-07-18T15:29:23.997" intervalms="110.484">
  <response-info timems="0.135" idlems="0.107" threads="1" lastid="0000000001577900" lastname="Unconstrained build operations Thread 88" />
</exclusive-start>
<af-start id="380" threadId="000000000157E438" totalBytesRequested="10944" timestamp="2024-07-18T15:29:23.997" intervalms="110.456" type="nursery" />
<cycle-start id="381" type="scavenge" contextid="0" timestamp="2024-07-18T15:29:23.997" intervalms="110.410" />
<gc-start id="382" type="scavenge" contextid="381" timestamp="2024-07-18T15:29:23.998">
  <mem-info id="383" free="162280656" total="284557312" percent="57">
    <mem type="nursery" free="0" total="83230720" percent="0">
      <mem type="allocate" free="0" total="74907648" percent="0" />
      <mem type="survivor" free="0" total="8323072" percent="0" />
    </mem>
    <mem type="tenure" free="162280656" total="201326592" percent="80">
      <mem type="soa" free="152213712" total="191259648" percent="79" />
      <mem type="loa" free="10066944" total="10066944" percent="100" />
    </mem>
    <remembered-set count="1564" />
  </mem-info>
</gc-start>
<allocation-stats totalBytes="70624648" discardedBytes="61056" >
  <allocated-bytes non-tlh="359936" tlh="70264712" />
  <largest-consumer threadName="Unconstrained build operations Thread 88" threadId="0000000001577900" bytes="16350744" />
</allocation-stats>
<gc-op id="384" type="scavenge" timems="5.483" contextid="381" timestamp="2024-07-18T15:29:24.004">
  <scavenger-info tenureage="8" tenuremask="4300" tiltratio="90" />
  <memory-copied type="nursery" objects="65711" bytes="3765912" bytesdiscarded="124776" />
  <memory-copied type="tenure" objects="8105" bytes="772824" bytesdiscarded="88" />
  <ownableSynchronizers candidates="52" cleared="46" />
  <references type="weak" candidates="2361" cleared="356" enqueued="356" />
  <references type="phantom" candidates="25" cleared="0" enqueued="0" />
  <object-monitors candidates="8" cleared="0"  />
</gc-op>
<heap-resize id="385" type="expand" space="nursery" amount="3014656" count="1" timems="0.032" reason="excessive time being spent scavenging" timestamp="2024-07-18T15:29:24.004" />
<gc-end id="386" type="scavenge" contextid="381" durationms="7.168" usertimems="17.485" systemtimems="8.391" stalltimems="8.087" timestamp="2024-07-18T15:29:24.005" activeThreads="6">
  <mem-info id="387" free="235167248" total="287571968" percent="81">
    <mem type="nursery" free="73703712" total="86245376" percent="85">
      <mem type="allocate" free="73703712" total="77594624" percent="94" />
      <mem type="survivor" free="0" total="8650752" percent="0" />
    </mem>
    <mem type="tenure" free="161463536" total="201326592" percent="80">
      <mem type="soa" free="151396592" total="191259648" percent="79" />
      <mem type="loa" free="10066944" total="10066944" percent="100" />
    </mem>
    <pending-finalizers system="0" default="0" reference="356" classloader="0" />
    <remembered-set count="2085" />
  </mem-info>
</gc-end>
<cycle-end id="388" type="scavenge" contextid="381" timestamp="2024-07-18T15:29:24.005" />
<allocation-satisfied id="389" threadId="000000000157DA00" bytesRequested="10944" />
<af-end id="390" timestamp="2024-07-18T15:29:24.006" threadId="000000000157E438" success="true" from="nursery"/>
<exclusive-end id="391" timestamp="2024-07-18T15:29:24.006" durationms="9.270" />

<exclusive-start id="392" timestamp="2024-07-18T15:29:24.172" intervalms="175.411">
  <response-info timems="0.080" idlems="0.073" threads="1" lastid="0000000000604700" lastname="Daemon worker" />
</exclusive-start>
<af-start id="393" threadId="0000000001585D38" totalBytesRequested="24" timestamp="2024-07-18T15:29:24.172" intervalms="175.410" type="nursery" />
<cycle-start id="394" type="scavenge" contextid="0" timestamp="2024-07-18T15:29:24.173" intervalms="175.369" />
<gc-start id="395" type="scavenge" contextid="394" timestamp="2024-07-18T15:29:24.173">
  <mem-info id="396" free="161463424" total="287571968" percent="56">
    <mem type="nursery" free="0" total="86245376" percent="0">
      <mem type="allocate" free="0" total="77594624" percent="0" />
      <mem type="survivor" free="0" total="8650752" percent="0" />
    </mem>
    <mem type="tenure" free="161463424" total="201326592" percent="80">
      <mem type="soa" free="151396480" total="191259648" percent="79" />
      <mem type="loa" free="10066944" total="10066944" percent="100" />
    </mem>
    <remembered-set count="2703" />
  </mem-info>
</gc-start>
<allocation-stats totalBytes="73629000" discardedBytes="74824" >
  <allocated-bytes non-tlh="1583640" tlh="72045360" />
  <largest-consumer threadName="Unconstrained build operations Thread 95" threadId="0000000001585300" bytes="18237920" />
</allocation-stats>
<gc-op id="397" type="scavenge" timems="2.798" contextid="394" timestamp="2024-07-18T15:29:24.176">
  <scavenger-info tenureage="14" tenuremask="4000" tiltratio="89" />
  <memory-copied type="nursery" objects="32106" bytes="1561824" bytesdiscarded="192656" />
  <ownableSynchronizers candidates="119" cleared="115" />
  <references type="weak" candidates="3729" cleared="1716" enqueued="1716" />
  <references type="phantom" candidates="22" cleared="0" enqueued="0" />
  <object-monitors candidates="12" cleared="0"  />
</gc-op>
<gc-end id="398" type="scavenge" contextid="394" durationms="4.129" usertimems="9.803" systemtimems="0.813" stalltimems="6.393" timestamp="2024-07-18T15:29:24.177" activeThreads="6">
  <mem-info id="399" free="237303360" total="287571968" percent="82">
    <mem type="nursery" free="75839936" total="86245376" percent="87">
      <mem type="allocate" free="75839936" total="77594624" percent="97" />
      <mem type="survivor" free="0" total="8650752" percent="0" />
    </mem>
    <mem type="tenure" free="161463424" total="201326592" percent="80">
      <mem type="soa" free="151396480" total="191259648" percent="79" />
      <mem type="loa" free="10066944" total="10066944" percent="100" />
    </mem>
    <pending-finalizers system="0" default="0" reference="1716" classloader="0" />
    <remembered-set count="2201" />
  </mem-info>
</gc-end>
<cycle-end id="400" type="scavenge" contextid="394" timestamp="2024-07-18T15:29:24.178" />
<allocation-satisfied id="401" threadId="0000000001585300" bytesRequested="24" />
<af-end id="402" timestamp="2024-07-18T15:29:24.178" threadId="0000000001585D38" success="true" from="nursery"/>
<exclusive-end id="403" timestamp="2024-07-18T15:29:24.178" durationms="5.923" />

<exclusive-start id="404" timestamp="2024-07-18T15:29:24.303" intervalms="130.685">
  <response-info timems="0.100" idlems="0.100" threads="0" lastid="0000000001588F00" lastname="Unconstrained build operations Thread 98" />
</exclusive-start>
<af-start id="405" threadId="0000000001589938" totalBytesRequested="312" timestamp="2024-07-18T15:29:24.303" intervalms="130.694" type="nursery" />
<cycle-start id="406" type="scavenge" contextid="0" timestamp="2024-07-18T15:29:24.304" intervalms="130.749" />
<gc-start id="407" type="scavenge" contextid="406" timestamp="2024-07-18T15:29:24.304">
  <mem-info id="408" free="161463424" total="287571968" percent="56">
    <mem type="nursery" free="0" total="86245376" percent="0">
      <mem type="allocate" free="0" total="77594624" percent="0" />
      <mem type="survivor" free="0" total="8650752" percent="0" />
    </mem>
    <mem type="tenure" free="161463424" total="201326592" percent="80">
      <mem type="soa" free="151396480" total="191259648" percent="79" />
      <mem type="loa" free="10066944" total="10066944" percent="100" />
    </mem>
    <remembered-set count="2385" />
  </mem-info>
</gc-start>
<allocation-stats totalBytes="75713848" discardedBytes="126088" >
  <allocated-bytes non-tlh="175096" tlh="75538752" />
  <largest-consumer threadName="Daemon worker" threadId="0000000000604700" bytes="32673224" />
</allocation-stats>
<gc-op id="409" type="scavenge" timems="2.445" contextid="406" timestamp="2024-07-18T15:29:24.307">
  <scavenger-info tenureage="13" tenuremask="6000" tiltratio="89" />
  <memory-copied type="nursery" objects="33744" bytes="1700752" bytesdiscarded="297624" />
  <memory-copied type="tenure" objects="5339" bytes="202936" bytesdiscarded="0" />
  <ownableSynchronizers candidates="99" cleared="93" />
  <references type="weak" candidates="3052" cleared="1184" enqueued="1184" />
  <references type="phantom" candidates="28" cleared="0" enqueued="0" />
  <object-monitors candidates="15" cleared="2"  />
</gc-op>
<gc-end id="410" type="scavenge" contextid="406" durationms="3.534" usertimems="9.543" systemtimems="0.775" stalltimems="4.554" timestamp="2024-07-18T15:29:24.307" activeThreads="6">
  <mem-info id="411" free="236776008" total="287571968" percent="82">
    <mem type="nursery" free="75595984" total="86245376" percent="87">
      <mem type="allocate" free="75595984" total="77594624" percent="97" />
      <mem type="survivor" free="0" total="8650752" percent="0" />
    </mem>
    <mem type="tenure" free="161180024" total="201326592" percent="80">
      <mem type="soa" free="151113080" total="191259648" percent="79" />
      <mem type="loa" free="10066944" total="10066944" percent="100" />
    </mem>
    <pending-finalizers system="0" default="0" reference="1184" classloader="0" />
    <remembered-set count="1965" />
  </mem-info>
</gc-end>
<cycle-end id="412" type="scavenge" contextid="406" timestamp="2024-07-18T15:29:24.308" />
<allocation-satisfied id="413" threadId="0000000001588F00" bytesRequested="312" />
<af-end id="414" timestamp="2024-07-18T15:29:24.308" threadId="0000000001589938" success="true" from="nursery"/>
<exclusive-end id="415" timestamp="2024-07-18T15:29:24.308" durationms="5.248" />

<exclusive-start id="416" timestamp="2024-07-18T15:29:24.418" intervalms="114.930">
  <response-info timems="0.100" idlems="0.100" threads="0" lastid="0000000001585300" lastname="Unconstrained build operations Thread 95" />
</exclusive-start>
<af-start id="417" threadId="0000000001585D38" totalBytesRequested="24" timestamp="2024-07-18T15:29:24.418" intervalms="114.907" type="nursery" />
<cycle-start id="418" type="scavenge" contextid="0" timestamp="2024-07-18T15:29:24.418" intervalms="114.942" />
<gc-start id="419" type="scavenge" contextid="418" timestamp="2024-07-18T15:29:24.419">
  <mem-info id="420" free="161179192" total="287571968" percent="56">
    <mem type="nursery" free="0" total="86245376" percent="0">
      <mem type="allocate" free="0" total="77594624" percent="0" />
      <mem type="survivor" free="0" total="8650752" percent="0" />
    </mem>
    <mem type="tenure" free="161179192" total="201326592" percent="80">
      <mem type="soa" free="151112248" total="191259648" percent="79" />
      <mem type="loa" free="10066944" total="10066944" percent="100" />
    </mem>
    <remembered-set count="2266" />
  </mem-info>
</gc-start>
<allocation-stats totalBytes="75498808" discardedBytes="98008" >
  <allocated-bytes non-tlh="389704" tlh="75109104" />
  <largest-consumer threadName="Unconstrained build operations Thread 95" threadId="0000000001585300" bytes="18035488" />
</allocation-stats>
<gc-op id="421" type="scavenge" timems="3.005" contextid="418" timestamp="2024-07-18T15:29:24.422">
  <scavenger-info tenureage="13" tenuremask="6000" tiltratio="89" />
  <memory-copied type="nursery" objects="35617" bytes="1870928" bytesdiscarded="130384" />
  <memory-copied type="tenure" objects="3175" bytes="106392" bytesdiscarded="0" />
  <ownableSynchronizers candidates="144" cleared="138" />
  <references type="weak" candidates="3672" cleared="1669" enqueued="1669" />
  <references type="phantom" candidates="29" cleared="0" enqueued="0" />
  <object-monitors candidates="14" cleared="0"  />
</gc-op>
<gc-end id="422" type="scavenge" contextid="418" durationms="3.759" usertimems="10.370" systemtimems="0.866" stalltimems="6.981" timestamp="2024-07-18T15:29:24.423" activeThreads="6">
  <mem-info id="423" free="236640912" total="287571968" percent="82">
    <mem type="nursery" free="75593048" total="86245376" percent="87">
      <mem type="allocate" free="75593048" total="77594624" percent="97" />
      <mem type="survivor" free="0" total="8650752" percent="0" />
    </mem>
    <mem type="tenure" free="161047864" total="201326592" percent="79">
      <mem type="soa" free="150980920" total="191259648" percent="78" />
      <mem type="loa" free="10066944" total="10066944" percent="100" />
    </mem>
    <pending-finalizers system="0" default="0" reference="1669" classloader="0" />
    <remembered-set count="1768" />
  </mem-info>
</gc-end>
<cycle-end id="424" type="scavenge" contextid="418" timestamp="2024-07-18T15:29:24.423" />
<allocation-satisfied id="425" threadId="0000000001585300" bytesRequested="24" />
<af-end id="426" timestamp="2024-07-18T15:29:24.423" threadId="0000000001585D38" success="true" from="nursery"/>
<exclusive-end id="427" timestamp="2024-07-18T15:29:24.423" durationms="5.680" />

<exclusive-start id="428" timestamp="2024-07-18T15:29:24.560" intervalms="142.110">
  <response-info timems="0.088" idlems="0.088" threads="0" lastid="0000000001582F00" lastname="Unconstrained build operations Thread 94" />
</exclusive-start>
<af-start id="429" threadId="0000000001583938" totalBytesRequested="4064" timestamp="2024-07-18T15:29:24.560" intervalms="142.131" type="nursery" />
<cycle-start id="430" type="scavenge" contextid="0" timestamp="2024-07-18T15:29:24.561" intervalms="142.073" />
<gc-start id="431" type="scavenge" contextid="430" timestamp="2024-07-18T15:29:24.561">
  <mem-info id="432" free="161047864" total="287571968" percent="56">
    <mem type="nursery" free="0" total="86245376" percent="0">
      <mem type="allocate" free="0" total="77594624" percent="0" />
      <mem type="survivor" free="0" total="8650752" percent="0" />
    </mem>
    <mem type="tenure" free="161047864" total="201326592" percent="79">
      <mem type="soa" free="150980920" total="191259648" percent="78" />
      <mem type="loa" free="10066944" total="10066944" percent="100" />
    </mem>
    <remembered-set count="1979" />
  </mem-info>
</gc-start>
<allocation-stats totalBytes="75467240" discardedBytes="125808" >
  <allocated-bytes non-tlh="680568" tlh="74786672" />
  <largest-consumer threadName="Unconstrained build operations Thread 89" threadId="000000000157DA00" bytes="17894704" />
</allocation-stats>
<gc-op id="433" type="scavenge" timems="2.708" contextid="430" timestamp="2024-07-18T15:29:24.564">
  <scavenger-info tenureage="14" tenuremask="4000" tiltratio="89" />
  <memory-copied type="nursery" objects="35934" bytes="1567592" bytesdiscarded="141624" />
  <ownableSynchronizers candidates="185" cleared="178" />
  <references type="weak" candidates="3921" cleared="1374" enqueued="1374" />
  <references type="phantom" candidates="23" cleared="0" enqueued="0" />
  <object-monitors candidates="16" cleared="2"  />
</gc-op>
<gc-end id="434" type="scavenge" contextid="430" durationms="4.073" usertimems="9.445" systemtimems="0.820" stalltimems="5.874" timestamp="2024-07-18T15:29:24.565" activeThreads="6">
  <mem-info id="435" free="236933080" total="287571968" percent="82">
    <mem type="nursery" free="75885216" total="86245376" percent="87">
      <mem type="allocate" free="75885216" total="77594624" percent="97" />
      <mem type="survivor" free="0" total="8650752" percent="0" />
    </mem>
    <mem type="tenure" free="161047864" total="201326592" percent="79">
      <mem type="soa" free="150980920" total="191259648" percent="78" />
      <mem type="loa" free="10066944" total="10066944" percent="100" />
    </mem>
    <pending-finalizers system="0" default="0" reference="1374" classloader="0" />
    <remembered-set count="1830" />
  </mem-info>
</gc-end>
<cycle-end id="436" type="scavenge" contextid="430" timestamp="2024-07-18T15:29:24.565" />
<allocation-satisfied id="437" threadId="0000000001582F00" bytesRequested="4064" />
<af-end id="438" timestamp="2024-07-18T15:29:24.566" threadId="0000000001583938" success="true" from="nursery"/>
<exclusive-end id="439" timestamp="2024-07-18T15:29:24.566" durationms="6.207" />

<exclusive-start id="440" timestamp="2024-07-18T15:29:24.672" intervalms="111.621">
  <response-info timems="0.113" idlems="0.113" threads="0" lastid="000000000157DA00" lastname="Unconstrained build operations Thread 89" />
</exclusive-start>
<af-start id="441" threadId="000000000157E438" totalBytesRequested="48" timestamp="2024-07-18T15:29:24.672" intervalms="111.606" type="nursery" />
<cycle-start id="442" type="scavenge" contextid="0" timestamp="2024-07-18T15:29:24.672" intervalms="111.727" />
<gc-start id="443" type="scavenge" contextid="442" timestamp="2024-07-18T15:29:24.673">
  <mem-info id="444" free="161047824" total="287571968" percent="56">
    <mem type="nursery" free="0" total="86245376" percent="0">
      <mem type="allocate" free="0" total="77594624" percent="0" />
      <mem type="survivor" free="0" total="8650752" percent="0" />
    </mem>
    <mem type="tenure" free="161047824" total="201326592" percent="79">
      <mem type="soa" free="150980880" total="191259648" percent="78" />
      <mem type="loa" free="10066944" total="10066944" percent="100" />
    </mem>
    <remembered-set count="2058" />
  </mem-info>
</gc-start>
<allocation-stats totalBytes="75779848" discardedBytes="105408" >
  <allocated-bytes non-tlh="414288" tlh="75365560" />
  <largest-consumer threadName="Unconstrained build operations Thread 90" threadId="000000000157E600" bytes="17922312" />
</allocation-stats>
<gc-op id="445" type="scavenge" timems="3.117" contextid="442" timestamp="2024-07-18T15:29:24.676">
  <scavenger-info tenureage="14" tenuremask="4000" tiltratio="89" />
  <memory-copied type="nursery" objects="41176" bytes="1821368" bytesdiscarded="138056" />
  <ownableSynchronizers candidates="186" cleared="182" />
  <references type="weak" candidates="4043" cleared="946" enqueued="946" />
  <references type="phantom" candidates="23" cleared="0" enqueued="0" />
  <object-monitors candidates="14" cleared="0"  />
</gc-op>
<gc-end id="446" type="scavenge" contextid="442" durationms="3.780" usertimems="14.668" systemtimems="1.321" stalltimems="7.201" timestamp="2024-07-18T15:29:24.677" activeThreads="6">
  <mem-info id="447" free="236682848" total="287571968" percent="82">
    <mem type="nursery" free="75635024" total="86245376" percent="87">
      <mem type="allocate" free="75635024" total="77594624" percent="97" />
      <mem type="survivor" free="0" total="8650752" percent="0" />
    </mem>
    <mem type="tenure" free="161047824" total="201326592" percent="79">
      <mem type="soa" free="150980880" total="191259648" percent="78" />
      <mem type="loa" free="10066944" total="10066944" percent="100" />
    </mem>
    <pending-finalizers system="0" default="0" reference="946" classloader="0" />
    <remembered-set count="1894" />
  </mem-info>
</gc-end>
<cycle-end id="448" type="scavenge" contextid="442" timestamp="2024-07-18T15:29:24.677" />
<allocation-satisfied id="449" threadId="000000000157DA00" bytesRequested="48" />
<af-end id="450" timestamp="2024-07-18T15:29:24.677" threadId="000000000157E438" success="true" from="nursery"/>
<exclusive-end id="451" timestamp="2024-07-18T15:29:24.677" durationms="5.770" />

<exclusive-start id="452" timestamp="2024-07-18T15:29:25.300" intervalms="628.121">
  <response-info timems="0.045" idlems="0.045" threads="0" lastid="0000000000604700" lastname="Daemon worker" />
</exclusive-start>
<af-start id="453" threadId="0000000000605138" totalBytesRequested="2712" timestamp="2024-07-18T15:29:25.300" intervalms="628.299" type="nursery" />
<cycle-start id="454" type="scavenge" contextid="0" timestamp="2024-07-18T15:29:25.301" intervalms="628.386" />
<gc-start id="455" type="scavenge" contextid="454" timestamp="2024-07-18T15:29:25.301">
  <mem-info id="456" free="161038744" total="287571968" percent="55">
    <mem type="nursery" free="0" total="86245376" percent="0">
      <mem type="allocate" free="0" total="77594624" percent="0" />
      <mem type="survivor" free="0" total="8650752" percent="0" />
    </mem>
    <mem type="tenure" free="161038744" total="201326592" percent="79">
      <mem type="soa" free="150971800" total="191259648" percent="78" />
      <mem type="loa" free="10066944" total="10066944" percent="100" />
    </mem>
    <remembered-set count="2228" />
  </mem-info>
</gc-start>
<allocation-stats totalBytes="73401096" discardedBytes="2243008" >
  <allocated-bytes non-tlh="510080" tlh="72891016" />
  <largest-consumer threadName="Daemon worker" threadId="0000000000604700" bytes="61398456" />
</allocation-stats>
<gc-op id="457" type="scavenge" timems="3.410" contextid="454" timestamp="2024-07-18T15:29:25.305">
  <scavenger-info tenureage="7" tenuremask="6580" tiltratio="89" />
  <memory-copied type="nursery" objects="51730" bytes="2297864" bytesdiscarded="69472" />
  <memory-copied type="tenure" objects="5937" bytes="257440" bytesdiscarded="112" />
  <finalization candidates="40" enqueued="40" />
  <ownableSynchronizers candidates="38" cleared="36" />
  <references type="soft" candidates="14" cleared="0" enqueued="0" dynamicThreshold="32" maxThreshold="32" />
  <references type="weak" candidates="2851" cleared="90" enqueued="90" />
  <references type="phantom" candidates="38" cleared="26" enqueued="26" />
  <object-monitors candidates="14" cleared="0"  />
</gc-op>
<gc-end id="458" type="scavenge" contextid="454" durationms="4.910" usertimems="10.935" systemtimems="0.000" stalltimems="9.392" timestamp="2024-07-18T15:29:25.306" activeThreads="6">
  <mem-info id="459" free="235852368" total="287571968" percent="82">
    <mem type="nursery" free="75224000" total="86245376" percent="87">
      <mem type="allocate" free="75224000" total="77594624" percent="96" />
      <mem type="survivor" free="0" total="8650752" percent="0" />
    </mem>
    <mem type="tenure" free="160628368" total="201326592" percent="79">
      <mem type="soa" free="150561424" total="191259648" percent="78" />
      <mem type="loa" free="10066944" total="10066944" percent="100" />
    </mem>
    <pending-finalizers system="40" default="0" reference="116" classloader="0" />
    <remembered-set count="2031" />
  </mem-info>
</gc-end>
<cycle-end id="460" type="scavenge" contextid="454" timestamp="2024-07-18T15:29:25.307" />
<allocation-satisfied id="461" threadId="0000000000604700" bytesRequested="2712" />
<af-end id="462" timestamp="2024-07-18T15:29:25.307" threadId="0000000000605138" success="true" from="nursery"/>
<exclusive-end id="463" timestamp="2024-07-18T15:29:25.308" durationms="8.058" />

<exclusive-start id="464" timestamp="2024-07-18T15:29:25.835" intervalms="535.730">
  <response-info timems="0.075" idlems="0.075" threads="0" lastid="0000000000604700" lastname="Daemon worker" />
</exclusive-start>
<af-start id="465" threadId="0000000000605138" totalBytesRequested="21640" timestamp="2024-07-18T15:29:25.836" intervalms="535.671" type="nursery" />
<cycle-start id="466" type="scavenge" contextid="0" timestamp="2024-07-18T15:29:25.836" intervalms="535.617" />
<gc-start id="467" type="scavenge" contextid="466" timestamp="2024-07-18T15:29:25.837">
  <mem-info id="468" free="160628368" total="287571968" percent="55">
    <mem type="nursery" free="0" total="86245376" percent="0">
      <mem type="allocate" free="0" total="77594624" percent="0" />
      <mem type="survivor" free="0" total="8650752" percent="0" />
    </mem>
    <mem type="tenure" free="160628368" total="201326592" percent="79">
      <mem type="soa" free="150561424" total="191259648" percent="78" />
      <mem type="loa" free="10066944" total="10066944" percent="100" />
    </mem>
    <remembered-set count="2062" />
  </mem-info>
</gc-start>
<allocation-stats totalBytes="73099712" discardedBytes="2124288" >
  <allocated-bytes non-tlh="310072" tlh="72789640" />
  <largest-consumer threadName="Daemon worker" threadId="0000000000604700" bytes="72759496" />
</allocation-stats>
<gc-op id="469" type="scavenge" timems="2.121" contextid="466" timestamp="2024-07-18T15:29:25.839">
  <scavenger-info tenureage="7" tenuremask="7080" tiltratio="89" />
  <memory-copied type="nursery" objects="32925" bytes="1423376" bytesdiscarded="106512" />
  <memory-copied type="tenure" objects="5417" bytes="198368" bytesdiscarded="232" />
  <ownableSynchronizers candidates="2" cleared="0" />
  <references type="soft" candidates="14" cleared="0" enqueued="0" dynamicThreshold="32" maxThreshold="32" />
  <references type="weak" candidates="2322" cleared="0" enqueued="0" />
  <references type="phantom" candidates="10" cleared="0" enqueued="0" />
  <object-monitors candidates="14" cleared="0"  />
</gc-op>
<gc-end id="470" type="scavenge" contextid="466" durationms="3.355" usertimems="7.117" systemtimems="0.000" stalltimems="3.548" timestamp="2024-07-18T15:29:25.840" activeThreads="5">
  <mem-info id="471" free="236360480" total="287571968" percent="82">
    <mem type="nursery" free="76064656" total="86245376" percent="88">
      <mem type="allocate" free="76064656" total="77594624" percent="98" />
      <mem type="survivor" free="0" total="8650752" percent="0" />
    </mem>
    <mem type="tenure" free="160295824" total="201326592" percent="79">
      <mem type="soa" free="150228880" total="191259648" percent="78" />
      <mem type="loa" free="10066944" total="10066944" percent="100" />
    </mem>
    <remembered-set count="1845" />
  </mem-info>
</gc-end>
<cycle-end id="472" type="scavenge" contextid="466" timestamp="2024-07-18T15:29:25.841" />
<allocation-satisfied id="473" threadId="0000000000604700" bytesRequested="21640" />
<af-end id="474" timestamp="2024-07-18T15:29:25.841" threadId="0000000000605138" success="true" from="nursery"/>
<exclusive-end id="475" timestamp="2024-07-18T15:29:25.841" durationms="5.979" />

<exclusive-start id="476" timestamp="2024-07-18T15:29:26.228" intervalms="392.473">
  <response-info timems="0.050" idlems="0.050" threads="0" lastid="0000000000604700" lastname="Daemon worker" />
</exclusive-start>
<af-start id="477" threadId="0000000000605138" totalBytesRequested="8072" timestamp="2024-07-18T15:29:26.228" intervalms="392.540" type="nursery" />
<cycle-start id="478" type="scavenge" contextid="0" timestamp="2024-07-18T15:29:26.229" intervalms="392.547" />
<gc-start id="479" type="scavenge" contextid="478" timestamp="2024-07-18T15:29:26.229">
  <mem-info id="480" free="160295824" total="287571968" percent="55">
    <mem type="nursery" free="0" total="86245376" percent="0">
      <mem type="allocate" free="0" total="77594624" percent="0" />
      <mem type="survivor" free="0" total="8650752" percent="0" />
    </mem>
    <mem type="tenure" free="160295824" total="201326592" percent="79">
      <mem type="soa" free="150228880" total="191259648" percent="78" />
      <mem type="loa" free="10066944" total="10066944" percent="100" />
    </mem>
    <remembered-set count="1860" />
  </mem-info>
</gc-start>
<allocation-stats totalBytes="74638136" discardedBytes="1426520" >
  <allocated-bytes non-tlh="519760" tlh="74118376" />
  <largest-consumer threadName="Daemon worker" threadId="0000000000604700" bytes="74516312" />
</allocation-stats>
<gc-op id="481" type="scavenge" timems="2.121" contextid="478" timestamp="2024-07-18T15:29:26.232">
  <scavenger-info tenureage="5" tenuremask="40e0" tiltratio="89" />
  <memory-copied type="nursery" objects="18667" bytes="777040" bytesdiscarded="204864" />
  <memory-copied type="tenure" objects="11760" bytes="437424" bytesdiscarded="32" />
  <ownableSynchronizers candidates="2" cleared="0" />
  <references type="soft" candidates="14" cleared="0" enqueued="0" dynamicThreshold="32" maxThreshold="32" />
  <references type="weak" candidates="1297" cleared="0" enqueued="0" />
  <references type="phantom" candidates="5" cleared="0" enqueued="0" />
  <object-monitors candidates="14" cleared="0"  />
</gc-op>
<gc-end id="482" type="scavenge" contextid="478" durationms="3.279" usertimems="5.854" systemtimems="0.502" stalltimems="4.085" timestamp="2024-07-18T15:29:26.233" activeThreads="5">
  <mem-info id="483" free="236565680" total="287571968" percent="82">
    <mem type="nursery" free="76612640" total="86245376" percent="88">
      <mem type="allocate" free="76612640" total="77594624" percent="98" />
      <mem type="survivor" free="0" total="8650752" percent="0" />
    </mem>
    <mem type="tenure" free="159953040" total="201326592" percent="79">
      <mem type="soa" free="149886096" total="191259648" percent="78" />
      <mem type="loa" free="10066944" total="10066944" percent="100" />
    </mem>
    <remembered-set count="1277" />
  </mem-info>
</gc-end>
<cycle-end id="484" type="scavenge" contextid="478" timestamp="2024-07-18T15:29:26.233" />
<allocation-satisfied id="485" threadId="0000000000604700" bytesRequested="8072" />
<af-end id="486" timestamp="2024-07-18T15:29:26.234" threadId="0000000000605138" success="true" from="nursery"/>
<exclusive-end id="487" timestamp="2024-07-18T15:29:26.234" durationms="6.215" />

<exclusive-start id="488" timestamp="2024-07-18T15:29:26.618" intervalms="390.010">
  <response-info timems="0.062" idlems="0.062" threads="0" lastid="0000000000604700" lastname="Daemon worker" />
</exclusive-start>
<af-start id="489" threadId="0000000000605138" totalBytesRequested="8200" timestamp="2024-07-18T15:29:26.618" intervalms="389.982" type="nursery" />
<cycle-start id="490" type="scavenge" contextid="0" timestamp="2024-07-18T15:29:26.619" intervalms="389.936" />
<gc-start id="491" type="scavenge" contextid="490" timestamp="2024-07-18T15:29:26.619">
  <mem-info id="492" free="159953040" total="287571968" percent="55">
    <mem type="nursery" free="0" total="86245376" percent="0">
      <mem type="allocate" free="0" total="77594624" percent="0" />
      <mem type="survivor" free="0" total="8650752" percent="0" />
    </mem>
    <mem type="tenure" free="159953040" total="201326592" percent="79">
      <mem type="soa" free="149886096" total="191259648" percent="78" />
      <mem type="loa" free="10066944" total="10066944" percent="100" />
    </mem>
    <remembered-set count="1295" />
  </mem-info>
</gc-start>
<allocation-stats totalBytes="75297584" discardedBytes="1315056" >
  <allocated-bytes non-tlh="75904" tlh="75221680" />
  <largest-consumer threadName="Daemon worker" threadId="0000000000604700" bytes="75049896" />
</allocation-stats>
<gc-op id="493" type="scavenge" timems="1.252" contextid="490" timestamp="2024-07-18T15:29:26.621">
  <scavenger-info tenureage="14" tenuremask="4000" tiltratio="89" />
  <memory-copied type="nursery" objects="18333" bytes="685656" bytesdiscarded="400464" />
  <ownableSynchronizers candidates="2" cleared="0" />
  <references type="soft" candidates="14" cleared="0" enqueued="0" dynamicThreshold="32" maxThreshold="32" />
  <references type="weak" candidates="1298" cleared="0" enqueued="0" />
  <references type="phantom" candidates="6" cleared="0" enqueued="0" />
  <object-monitors candidates="14" cleared="0"  />
</gc-op>
<gc-end id="494" type="scavenge" contextid="490" durationms="2.329" usertimems="3.131" systemtimems="0.266" stalltimems="1.436" timestamp="2024-07-18T15:29:26.622" activeThreads="4">
  <mem-info id="495" free="236461456" total="287571968" percent="82">
    <mem type="nursery" free="76508416" total="86245376" percent="88">
      <mem type="allocate" free="76508416" total="77594624" percent="98" />
      <mem type="survivor" free="0" total="8650752" percent="0" />
    </mem>
    <mem type="tenure" free="159953040" total="201326592" percent="79">
      <mem type="soa" free="149886096" total="191259648" percent="78" />
      <mem type="loa" free="10066944" total="10066944" percent="100" />
    </mem>
    <remembered-set count="1277" />
  </mem-info>
</gc-end>
<cycle-end id="496" type="scavenge" contextid="490" timestamp="2024-07-18T15:29:26.622" />
<allocation-satisfied id="497" threadId="0000000000604700" bytesRequested="8200" />
<af-end id="498" timestamp="2024-07-18T15:29:26.623" threadId="0000000000605138" success="true" from="nursery"/>
<exclusive-end id="499" timestamp="2024-07-18T15:29:26.623" durationms="5.078" />

<exclusive-start id="500" timestamp="2024-07-18T15:29:27.150" intervalms="532.536">
  <response-info timems="0.060" idlems="0.060" threads="0" lastid="0000000000604700" lastname="Daemon worker" />
</exclusive-start>
<af-start id="501" threadId="0000000000605138" totalBytesRequested="104" timestamp="2024-07-18T15:29:27.151" intervalms="532.530" type="nursery" />
<cycle-start id="502" type="scavenge" contextid="0" timestamp="2024-07-18T15:29:27.151" intervalms="532.590" />
<gc-start id="503" type="scavenge" contextid="502" timestamp="2024-07-18T15:29:27.152">
  <mem-info id="504" free="159783144" total="287571968" percent="55">
    <mem type="nursery" free="0" total="86245376" percent="0">
      <mem type="allocate" free="0" total="77594624" percent="0" />
      <mem type="survivor" free="0" total="8650752" percent="0" />
    </mem>
    <mem type="tenure" free="159783144" total="201326592" percent="79">
      <mem type="soa" free="149716200" total="191259648" percent="78" />
      <mem type="loa" free="10066944" total="10066944" percent="100" />
    </mem>
    <remembered-set count="4442" />
  </mem-info>
</gc-start>
<allocation-stats totalBytes="76609040" discardedBytes="69272" >
  <allocated-bytes non-tlh="178096" tlh="76430944" />
  <largest-consumer threadName="Daemon worker" threadId="0000000000604700" bytes="76162520" />
</allocation-stats>
<gc-op id="505" type="scavenge" timems="2.637" contextid="502" timestamp="2024-07-18T15:29:27.155">
  <scavenger-info tenureage="4" tenuremask="6070" tiltratio="89" />
  <memory-copied type="nursery" objects="25078" bytes="914824" bytesdiscarded="268480" />
  <memory-copied type="tenure" objects="17331" bytes="624560" bytesdiscarded="120" />
  <finalization candidates="270" enqueued="270" />
  <ownableSynchronizers candidates="31" cleared="2" />
  <references type="soft" candidates="1556" cleared="0" enqueued="0" dynamicThreshold="32" maxThreshold="32" />
  <references type="weak" candidates="1672" cleared="1306" enqueued="1306" />
  <references type="phantom" candidates="120" cleared="110" enqueued="110" />
  <object-monitors candidates="14" cleared="0"  />
</gc-op>
<gc-end id="506" type="scavenge" contextid="502" durationms="4.091" usertimems="7.785" systemtimems="0.655" stalltimems="2.270" timestamp="2024-07-18T15:29:27.156" activeThreads="4">
  <mem-info id="507" free="235527904" total="287571968" percent="81">
    <mem type="nursery" free="76409600" total="86245376" percent="88">
      <mem type="allocate" free="76409600" total="77594624" percent="98" />
      <mem type="survivor" free="0" total="8650752" percent="0" />
    </mem>
    <mem type="tenure" free="159118304" total="201326592" percent="79">
      <mem type="soa" free="149051360" total="191259648" percent="77" />
      <mem type="loa" free="10066944" total="10066944" percent="100" />
    </mem>
    <pending-finalizers system="270" default="0" reference="1416" classloader="0" />
    <remembered-set count="3712" />
  </mem-info>
</gc-end>
<cycle-end id="508" type="scavenge" contextid="502" timestamp="2024-07-18T15:29:27.156" />
<allocation-satisfied id="509" threadId="0000000000604700" bytesRequested="104" />
<af-end id="510" timestamp="2024-07-18T15:29:27.157" threadId="0000000000605138" success="true" from="nursery"/>
<exclusive-end id="511" timestamp="2024-07-18T15:29:27.158" durationms="7.237" />

<exclusive-start id="512" timestamp="2024-07-18T15:29:30.218" intervalms="3067.488">
  <response-info timems="0.065" idlems="0.065" threads="0" lastid="000000000193C300" lastname="Execution worker Thread 10" />
</exclusive-start>
<af-start id="513" threadId="000000000193CD38" totalBytesRequested="49800" timestamp="2024-07-18T15:29:30.218" intervalms="3067.492" type="nursery" />
<cycle-start id="514" type="scavenge" contextid="0" timestamp="2024-07-18T15:29:30.219" intervalms="3067.522" />
<gc-start id="515" type="scavenge" contextid="514" timestamp="2024-07-18T15:29:30.219">
  <mem-info id="516" free="158505448" total="287571968" percent="55">
    <mem type="nursery" free="0" total="86245376" percent="0">
      <mem type="allocate" free="0" total="77594624" percent="0" />
      <mem type="survivor" free="0" total="8650752" percent="0" />
    </mem>
    <mem type="tenure" free="158505448" total="201326592" percent="78">
      <mem type="soa" free="148438504" total="191259648" percent="77" />
      <mem type="loa" free="10066944" total="10066944" percent="100" />
    </mem>
    <remembered-set count="13588" />
  </mem-info>
</gc-start>
<allocation-stats totalBytes="76046672" discardedBytes="975784" >
  <allocated-bytes non-tlh="3023168" tlh="73023504" />
  <largest-consumer threadName="Daemon worker" threadId="0000000000604700" bytes="49255112" />
</allocation-stats>
<gc-op id="517" type="scavenge" timems="7.066" contextid="514" timestamp="2024-07-18T15:29:30.227">
  <scavenger-info tenureage="14" tenuremask="4000" tiltratio="89" />
  <memory-copied type="nursery" objects="148063" bytes="8635832" bytesdiscarded="3856" />
  <memory-copied type="tenure" objects="11783" bytes="442144" bytesdiscarded="680" />
  <copy-failed type="nursery" objects="11783" bytes="443208" />
  <finalization candidates="916" enqueued="915" />
  <ownableSynchronizers candidates="537" cleared="127" />
  <references type="soft" candidates="6723" cleared="0" enqueued="0" dynamicThreshold="32" maxThreshold="32" />
  <references type="weak" candidates="7705" cleared="3676" enqueued="3674" />
  <references type="phantom" candidates="726" cleared="395" enqueued="395" />
  <object-monitors candidates="15" cleared="0"  />
</gc-op>
<gc-end id="518" type="scavenge" contextid="514" durationms="8.582" usertimems="22.665" systemtimems="2.027" stalltimems="4.148" timestamp="2024-07-18T15:29:30.228" activeThreads="4">
  <mem-info id="519" free="215698920" total="287571968" percent="75">
    <mem type="nursery" free="57540608" total="86245376" percent="66">
      <mem type="allocate" free="57540608" total="66191360" percent="86" />
      <mem type="survivor" free="0" total="20054016" percent="0" />
    </mem>
    <mem type="tenure" free="158158312" total="201326592" percent="78">
      <mem type="soa" free="148091368" total="191259648" percent="77" />
      <mem type="loa" free="10066944" total="10066944" percent="100" />
    </mem>
    <pending-finalizers system="914" default="1" reference="4069" classloader="0" />
    <remembered-set count="16267" />
  </mem-info>
</gc-end>
<cycle-end id="520" type="scavenge" contextid="514" timestamp="2024-07-18T15:29:30.228" />
<allocation-satisfied id="521" threadId="000000000193C300" bytesRequested="49800" />
<af-end id="522" timestamp="2024-07-18T15:29:30.229" threadId="000000000193CD38" success="true" from="nursery"/>
<exclusive-end id="523" timestamp="2024-07-18T15:29:30.230" durationms="11.660" />

<exclusive-start id="524" timestamp="2024-07-18T15:29:30.600" intervalms="382.476">
  <response-info timems="0.067" idlems="0.067" threads="0" lastid="000000000193C300" lastname="Execution worker Thread 10" />
</exclusive-start>
<af-start id="525" threadId="000000000193CD38" totalBytesRequested="9888" timestamp="2024-07-18T15:29:30.601" intervalms="382.489" type="nursery" />
<cycle-start id="526" type="scavenge" contextid="0" timestamp="2024-07-18T15:29:30.601" intervalms="382.452" />
<gc-start id="527" type="scavenge" contextid="526" timestamp="2024-07-18T15:29:30.602">
  <mem-info id="528" free="157768072" total="287571968" percent="54">
    <mem type="nursery" free="0" total="86245376" percent="0">
      <mem type="allocate" free="0" total="66191360" percent="0" />
      <mem type="survivor" free="0" total="20054016" percent="0" />
    </mem>
    <mem type="tenure" free="157768072" total="201326592" percent="78">
      <mem type="soa" free="147701128" total="191259648" percent="77" />
      <mem type="loa" free="10066944" total="10066944" percent="100" />
    </mem>
    <remembered-set count="21859" />
  </mem-info>
</gc-start>
<allocation-stats totalBytes="55569032" discardedBytes="2361816" >
  <allocated-bytes non-tlh="2770376" tlh="52798656" />
  <largest-consumer threadName="Execution worker Thread 10" threadId="000000000193C300" bytes="55491208" />
</allocation-stats>
<gc-op id="529" type="scavenge" timems="7.561" contextid="526" timestamp="2024-07-18T15:29:30.610">
  <scavenger-info tenureage="3" tenuremask="fff8" tiltratio="76" />
  <memory-copied type="nursery" objects="153397" bytes="9136952" bytesdiscarded="71712" />
  <memory-copied type="tenure" objects="383" bytes="9296" bytesdiscarded="0" />
  <finalization candidates="174" enqueued="173" />
  <ownableSynchronizers candidates="422" cleared="0" />
  <references type="soft" candidates="7000" cleared="0" enqueued="0" dynamicThreshold="32" maxThreshold="32" />
  <references type="weak" candidates="7371" cleared="2472" enqueued="2472" />
  <references type="phantom" candidates="452" cleared="85" enqueued="85" />
  <object-monitors candidates="15" cleared="0"  />
</gc-op>
<gc-end id="530" type="scavenge" contextid="526" durationms="8.782" usertimems="32.150" systemtimems="0.000" stalltimems="5.979" timestamp="2024-07-18T15:29:30.611" activeThreads="5">
  <mem-info id="531" free="222216096" total="287571968" percent="77">
    <mem type="nursery" free="64448024" total="86245376" percent="74">
      <mem type="allocate" free="64448024" total="73662464" percent="87" />
      <mem type="survivor" free="0" total="12582912" percent="0" />
    </mem>
    <mem type="tenure" free="157768072" total="201326592" percent="78">
      <mem type="soa" free="147701128" total="191259648" percent="77" />
      <mem type="loa" free="10066944" total="10066944" percent="100" />
    </mem>
    <pending-finalizers system="173" default="0" reference="2557" classloader="0" />
    <remembered-set count="19917" />
  </mem-info>
</gc-end>
<cycle-end id="532" type="scavenge" contextid="526" timestamp="2024-07-18T15:29:30.611" />
<allocation-satisfied id="533" threadId="000000000193C300" bytesRequested="9888" />
<af-end id="534" timestamp="2024-07-18T15:29:30.612" threadId="000000000193CD38" success="true" from="nursery"/>
<exclusive-end id="535" timestamp="2024-07-18T15:29:30.613" durationms="12.269" />

<exclusive-start id="536" timestamp="2024-07-18T15:29:32.860" intervalms="2260.027">
  <response-info timems="0.100" idlems="0.100" threads="0" lastid="0000000001EE8B00" lastname="Unconstrained build operations Thread 117" />
</exclusive-start>
<af-start id="537" threadId="0000000001EE9538" totalBytesRequested="1040" timestamp="2024-07-18T15:29:32.861" intervalms="2259.795" type="nursery" />
<cycle-start id="538" type="scavenge" contextid="0" timestamp="2024-07-18T15:29:32.861" intervalms="2259.617" />
<gc-start id="539" type="scavenge" contextid="538" timestamp="2024-07-18T15:29:32.861">
  <mem-info id="540" free="157434120" total="287571968" percent="54">
    <mem type="nursery" free="0" total="86245376" percent="0">
      <mem type="allocate" free="0" total="73662464" percent="0" />
      <mem type="survivor" free="0" total="12582912" percent="0" />
    </mem>
    <mem type="tenure" free="157434120" total="201326592" percent="78">
      <mem type="soa" free="147367176" total="191259648" percent="77" />
      <mem type="loa" free="10066944" total="10066944" percent="100" />
    </mem>
    <remembered-set count="25128" />
  </mem-info>
</gc-start>
<allocation-stats totalBytes="64649000" discardedBytes="132976" >
  <allocated-bytes non-tlh="1851216" tlh="62797784" />
  <largest-consumer threadName="Execution worker Thread 10" threadId="000000000193C300" bytes="45304760" />
</allocation-stats>
<gc-op id="541" type="scavenge" timems="10.109" contextid="538" timestamp="2024-07-18T15:29:32.872">
  <scavenger-info tenureage="3" tenuremask="ff88" tiltratio="85" />
  <memory-copied type="nursery" objects="213678" bytes="12494000" bytesdiscarded="77384" />
  <memory-copied type="tenure" objects="17309" bytes="627800" bytesdiscarded="104" />
  <copy-failed type="nursery" objects="2265" bytes="65840" />
  <finalization candidates="269" enqueued="268" />
  <ownableSynchronizers candidates="602" cleared="109" />
  <references type="soft" candidates="7310" cleared="0" enqueued="0" dynamicThreshold="32" maxThreshold="32" />
  <references type="weak" candidates="8485" cleared="2551" enqueued="2551" />
  <references type="phantom" candidates="479" cleared="109" enqueued="109" />
  <object-monitors candidates="16" cleared="0"  />
</gc-op>
<gc-end id="542" type="scavenge" contextid="538" durationms="10.850" usertimems="51.134" systemtimems="0.000" stalltimems="9.702" timestamp="2024-07-18T15:29:32.872" activeThreads="6">
  <mem-info id="543" free="211874568" total="287571968" percent="73">
    <mem type="nursery" free="55115776" total="86245376" percent="63">
      <mem type="allocate" free="55115776" total="67698688" percent="81" />
      <mem type="survivor" free="0" total="18546688" percent="0" />
    </mem>
    <mem type="tenure" free="156758792" total="201326592" percent="77">
      <mem type="soa" free="146691848" total="191259648" percent="76" />
      <mem type="loa" free="10066944" total="10066944" percent="100" />
    </mem>
    <pending-finalizers system="268" default="0" reference="2660" classloader="0" />
    <remembered-set count="17670" />
  </mem-info>
</gc-end>
<cycle-end id="544" type="scavenge" contextid="538" timestamp="2024-07-18T15:29:32.872" />
<allocation-satisfied id="545" threadId="0000000001EE8B00" bytesRequested="1040" />
<af-end id="546" timestamp="2024-07-18T15:29:32.873" threadId="0000000001EE9538" success="true" from="nursery"/>
<exclusive-end id="547" timestamp="2024-07-18T15:29:32.873" durationms="12.565" />

<exclusive-start id="548" timestamp="2024-07-18T15:29:33.438" intervalms="577.574">
  <response-info timems="0.089" idlems="0.089" threads="0" lastid="0000000001934A00" lastname="Execution worker Thread 8" />
</exclusive-start>
<af-start id="549" threadId="0000000001935438" totalBytesRequested="8200" timestamp="2024-07-18T15:29:33.438" intervalms="577.633" type="nursery" />
<cycle-start id="550" type="scavenge" contextid="0" timestamp="2024-07-18T15:29:33.439" intervalms="577.757" />
<gc-start id="551" type="scavenge" contextid="550" timestamp="2024-07-18T15:29:33.439">
  <mem-info id="552" free="156665096" total="287571968" percent="54">
    <mem type="nursery" free="0" total="86245376" percent="0">
      <mem type="allocate" free="0" total="67698688" percent="0" />
      <mem type="survivor" free="0" total="18546688" percent="0" />
    </mem>
    <mem type="tenure" free="156665096" total="201326592" percent="77">
      <mem type="soa" free="146598152" total="191259648" percent="76" />
      <mem type="loa" free="10066944" total="10066944" percent="100" />
    </mem>
    <remembered-set count="19380" />
  </mem-info>
</gc-start>
<allocation-stats totalBytes="55146072" discardedBytes="63400" >
  <allocated-bytes non-tlh="343928" tlh="54802144" />
  <largest-consumer threadName="Unconstrained build operations Thread 116" threadId="0000000001EE7F00" bytes="18581296" />
</allocation-stats>
<gc-op id="553" type="scavenge" timems="6.820" contextid="550" timestamp="2024-07-18T15:29:33.447">
  <scavenger-info tenureage="3" tenuremask="ffe8" tiltratio="78" />
  <memory-copied type="nursery" objects="78532" bytes="3668584" bytesdiscarded="699160" />
  <memory-copied type="tenure" objects="118862" bytes="7466160" bytesdiscarded="2232" />
  <finalization candidates="87" enqueued="86" />
  <ownableSynchronizers candidates="544" cleared="100" />
  <references type="soft" candidates="1842" cleared="0" enqueued="0" dynamicThreshold="32" maxThreshold="32" />
  <references type="weak" candidates="2861" cleared="641" enqueued="641" />
  <references type="phantom" candidates="95" cleared="42" enqueued="42" />
  <object-monitors candidates="16" cleared="0"  />
</gc-op>
<gc-end id="554" type="scavenge" contextid="550" durationms="8.243" usertimems="36.604" systemtimems="3.084" stalltimems="13.131" timestamp="2024-07-18T15:29:33.447" activeThreads="8">
  <mem-info id="555" free="213554304" total="287571968" percent="74">
    <mem type="nursery" free="64106624" total="86245376" percent="74">
      <mem type="allocate" free="64106624" total="68485120" percent="93" />
      <mem type="survivor" free="0" total="17760256" percent="0" />
    </mem>
    <mem type="tenure" free="149447680" total="201326592" percent="74">
      <mem type="soa" free="139380736" total="191259648" percent="72" />
      <mem type="loa" free="10066944" total="10066944" percent="100" />
    </mem>
    <pending-finalizers system="86" default="0" reference="683" classloader="0" />
    <remembered-set count="8921" />
  </mem-info>
</gc-end>
<cycle-end id="556" type="scavenge" contextid="550" timestamp="2024-07-18T15:29:33.448" />
<allocation-satisfied id="557" threadId="0000000001934A00" bytesRequested="8200" />
<af-end id="558" timestamp="2024-07-18T15:29:33.449" threadId="0000000001935438" success="true" from="nursery"/>
<exclusive-end id="559" timestamp="2024-07-18T15:29:33.449" durationms="10.925" />

<exclusive-start id="560" timestamp="2024-07-18T15:29:34.647" intervalms="1208.744">
  <response-info timems="0.156" idlems="0.156" threads="0" lastid="0000000001F4D300" lastname="Build operations Thread 7" />
</exclusive-start>
<af-start id="561" threadId="0000000001F4DD38" totalBytesRequested="520" timestamp="2024-07-18T15:29:34.647" intervalms="1208.813" type="nursery" />
<cycle-start id="562" type="scavenge" contextid="0" timestamp="2024-07-18T15:29:34.648" intervalms="1208.910" />
<gc-start id="563" type="scavenge" contextid="562" timestamp="2024-07-18T15:29:34.648">
  <mem-info id="564" free="149102656" total="287571968" percent="51">
    <mem type="nursery" free="0" total="86245376" percent="0">
      <mem type="allocate" free="0" total="68485120" percent="0" />
      <mem type="survivor" free="0" total="17760256" percent="0" />
    </mem>
    <mem type="tenure" free="149102656" total="201326592" percent="74">
      <mem type="soa" free="139035712" total="191259648" percent="72" />
      <mem type="loa" free="10066944" total="10066944" percent="100" />
    </mem>
    <remembered-set count="14927" />
  </mem-info>
</gc-start>
<allocation-stats totalBytes="64363632" discardedBytes="88016" >
  <allocated-bytes non-tlh="4153728" tlh="60209904" />
  <largest-consumer threadName="Execution worker Thread 8" threadId="0000000001934A00" bytes="42915648" />
</allocation-stats>
<gc-op id="565" type="scavenge" timems="12.288" contextid="562" timestamp="2024-07-18T15:29:34.661">
  <scavenger-info tenureage="3" tenuremask="ffe8" tiltratio="79" />
  <memory-copied type="nursery" objects="163256" bytes="7621888" bytesdiscarded="159800" />
  <memory-copied type="tenure" objects="9727" bytes="788232" bytesdiscarded="656" />
  <finalization candidates="432" enqueued="420" />
  <ownableSynchronizers candidates="145" cleared="6" />
  <references type="soft" candidates="1779" cleared="0" enqueued="0" dynamicThreshold="32" maxThreshold="32" />
  <references type="weak" candidates="3931" cleared="1487" enqueued="1486" />
  <references type="phantom" candidates="213" cleared="157" enqueued="157" />
  <object-monitors candidates="24" cleared="5"  />
</gc-op>
<gc-end id="566" type="scavenge" contextid="562" durationms="13.409" usertimems="50.122" systemtimems="14.201" stalltimems="36.030" timestamp="2024-07-18T15:29:34.662" activeThreads="9">
  <mem-info id="567" free="209402080" total="287571968" percent="72">
    <mem type="nursery" free="61544384" total="86245376" percent="71">
      <mem type="allocate" free="61544384" total="69337088" percent="88" />
      <mem type="survivor" free="0" total="16908288" percent="0" />
    </mem>
    <mem type="tenure" free="147857696" total="201326592" percent="73">
      <mem type="soa" free="137790752" total="191259648" percent="72" />
      <mem type="loa" free="10066944" total="10066944" percent="100" />
    </mem>
    <pending-finalizers system="372" default="48" reference="1643" classloader="0" />
    <remembered-set count="9539" />
  </mem-info>
</gc-end>
<cycle-end id="568" type="scavenge" contextid="562" timestamp="2024-07-18T15:29:34.662" />
<allocation-satisfied id="569" threadId="0000000001F4D300" bytesRequested="520" />
<af-end id="570" timestamp="2024-07-18T15:29:34.663" threadId="0000000001F4DD38" success="true" from="nursery"/>
<exclusive-end id="571" timestamp="2024-07-18T15:29:34.663" durationms="16.277" />

<exclusive-start id="572" timestamp="2024-07-18T15:29:34.826" intervalms="178.906">
  <response-info timems="0.130" idlems="0.130" threads="0" lastid="0000000001934A00" lastname="Execution worker Thread 8" />
</exclusive-start>
<af-start id="573" threadId="0000000001935438" totalBytesRequested="64" timestamp="2024-07-18T15:29:34.826" intervalms="178.790" type="nursery" />
<cycle-start id="574" type="scavenge" contextid="0" timestamp="2024-07-18T15:29:34.826" intervalms="178.554" />
<gc-start id="575" type="scavenge" contextid="574" timestamp="2024-07-18T15:29:34.826">
  <mem-info id="576" free="147857696" total="287571968" percent="51">
    <mem type="nursery" free="0" total="86245376" percent="0">
      <mem type="allocate" free="0" total="69337088" percent="0" />
      <mem type="survivor" free="0" total="16908288" percent="0" />
    </mem>
    <mem type="tenure" free="147857696" total="201326592" percent="73">
      <mem type="soa" free="137790752" total="191259648" percent="72" />
      <mem type="loa" free="10066944" total="10066944" percent="100" />
    </mem>
    <remembered-set count="9550" />
  </mem-info>
</gc-start>
<allocation-stats totalBytes="61325824" discardedBytes="218560" >
  <allocated-bytes non-tlh="164312" tlh="61161512" />
  <largest-consumer threadName="Cache worker for Java compile cache (/gradle/caches/8.8/javaCompile)" threadId="000000000139E300" bytes="9519752" />
</allocation-stats>
<gc-op id="577" type="scavenge" timems="6.521" contextid="574" timestamp="2024-07-18T15:29:34.833">
  <scavenger-info tenureage="3" tenuremask="ffe8" tiltratio="80" />
  <memory-copied type="nursery" objects="169770" bytes="6838152" bytesdiscarded="157000" />
  <memory-copied type="tenure" objects="41046" bytes="1930352" bytesdiscarded="400" />
  <finalization candidates="18" enqueued="6" />
  <ownableSynchronizers candidates="121" cleared="44" />
  <references type="soft" candidates="286" cleared="0" enqueued="0" dynamicThreshold="32" maxThreshold="32" />
  <references type="weak" candidates="2159" cleared="0" enqueued="0" />
  <references type="phantom" candidates="44" cleared="0" enqueued="0" />
  <object-monitors candidates="21" cleared="0"  />
</gc-op>
<gc-end id="578" type="scavenge" contextid="574" durationms="7.175" usertimems="40.480" systemtimems="0.000" stalltimems="17.864" timestamp="2024-07-18T15:29:34.834" activeThreads="9">
  <mem-info id="579" free="209917600" total="287571968" percent="72">
    <mem type="nursery" free="63911192" total="86245376" percent="74">
      <mem type="allocate" free="63911192" total="70909952" percent="90" />
      <mem type="survivor" free="0" total="15335424" percent="0" />
    </mem>
    <mem type="tenure" free="146006408" total="201326592" percent="72">
      <mem type="soa" free="135939464" total="191259648" percent="71" />
      <mem type="loa" free="10066944" total="10066944" percent="100" />
    </mem>
    <pending-finalizers system="0" default="6" reference="0" classloader="0" />
    <remembered-set count="7094" />
  </mem-info>
</gc-end>
<cycle-end id="580" type="scavenge" contextid="574" timestamp="2024-07-18T15:29:34.834" />
<allocation-satisfied id="581" threadId="0000000001934A00" bytesRequested="64" />
<af-end id="582" timestamp="2024-07-18T15:29:34.834" threadId="0000000001935438" success="true" from="nursery"/>
<exclusive-end id="583" timestamp="2024-07-18T15:29:34.835" durationms="9.043" />

<exclusive-start id="584" timestamp="2024-07-18T15:29:34.993" intervalms="167.705">
  <response-info timems="0.086" idlems="0.086" threads="0" lastid="0000000001F4BA00" lastname="Build operations Thread 5" />
</exclusive-start>
<af-start id="585" threadId="0000000001F4C438" totalBytesRequested="8200" timestamp="2024-07-18T15:29:34.994" intervalms="167.838" type="nursery" />
<cycle-start id="586" type="scavenge" contextid="0" timestamp="2024-07-18T15:29:34.994" intervalms="167.931" />
<gc-start id="587" type="scavenge" contextid="586" timestamp="2024-07-18T15:29:34.995">
  <mem-info id="588" free="146006408" total="287571968" percent="50">
    <mem type="nursery" free="0" total="86245376" percent="0">
      <mem type="allocate" free="0" total="70909952" percent="0" />
      <mem type="survivor" free="0" total="15335424" percent="0" />
    </mem>
    <mem type="tenure" free="146006408" total="201326592" percent="72">
      <mem type="soa" free="135939464" total="191259648" percent="71" />
      <mem type="loa" free="10066944" total="10066944" percent="100" />
    </mem>
    <remembered-set count="7101" />
  </mem-info>
</gc-start>
<allocation-stats totalBytes="63738432" discardedBytes="172760" >
  <allocated-bytes non-tlh="154536" tlh="63583896" />
  <largest-consumer threadName="Cache worker for Java compile cache (/gradle/caches/8.8/javaCompile)" threadId="000000000139E300" bytes="10986376" />
</allocation-stats>
<gc-op id="589" type="scavenge" timems="7.180" contextid="586" timestamp="2024-07-18T15:29:35.002">
  <scavenger-info tenureage="3" tenuremask="ffe8" tiltratio="82" />
  <memory-copied type="nursery" objects="173156" bytes="7191936" bytesdiscarded="129576" />
  <memory-copied type="tenure" objects="25121" bytes="803632" bytesdiscarded="224" />
  <finalization candidates="31" enqueued="21" />
  <ownableSynchronizers candidates="31" cleared="0" />
  <references type="soft" candidates="214" cleared="0" enqueued="0" dynamicThreshold="32" maxThreshold="32" />
  <references type="weak" candidates="3087" cleared="0" enqueued="0" />
  <references type="phantom" candidates="38" cleared="0" enqueued="0" />
  <object-monitors candidates="21" cleared="0"  />
</gc-op>
<gc-end id="590" type="scavenge" contextid="586" durationms="8.663" usertimems="41.941" systemtimems="0.000" stalltimems="29.343" timestamp="2024-07-18T15:29:35.003" activeThreads="10">
  <mem-info id="591" free="209966064" total="287571968" percent="73">
    <mem type="nursery" free="64897640" total="86245376" percent="75">
      <mem type="allocate" free="64897640" total="72220672" percent="89" />
      <mem type="survivor" free="0" total="14024704" percent="0" />
    </mem>
    <mem type="tenure" free="145068424" total="201326592" percent="72">
      <mem type="soa" free="135001480" total="191259648" percent="70" />
      <mem type="loa" free="10066944" total="10066944" percent="100" />
    </mem>
    <pending-finalizers system="0" default="21" reference="0" classloader="0" />
    <remembered-set count="3059" />
  </mem-info>
</gc-end>
<cycle-end id="592" type="scavenge" contextid="586" timestamp="2024-07-18T15:29:35.004" />
<allocation-satisfied id="593" threadId="0000000001F4BA00" bytesRequested="8200" />
<af-end id="594" timestamp="2024-07-18T15:29:35.004" threadId="0000000001F4C438" success="true" from="nursery"/>
<exclusive-end id="595" timestamp="2024-07-18T15:29:35.005" durationms="11.330" />

<exclusive-start id="596" timestamp="2024-07-18T15:29:35.150" intervalms="156.186">
  <response-info timems="0.104" idlems="0.104" threads="0" lastid="0000000001F4C600" lastname="Build operations Thread 6" />
</exclusive-start>
<af-start id="597" threadId="0000000001F4D038" totalBytesRequested="24" timestamp="2024-07-18T15:29:35.150" intervalms="156.047" type="nursery" />
<cycle-start id="598" type="scavenge" contextid="0" timestamp="2024-07-18T15:29:35.150" intervalms="155.973" />
<gc-start id="599" type="scavenge" contextid="598" timestamp="2024-07-18T15:29:35.150">
  <mem-info id="600" free="145068424" total="287571968" percent="50">
    <mem type="nursery" free="0" total="86245376" percent="0">
      <mem type="allocate" free="0" total="72220672" percent="0" />
      <mem type="survivor" free="0" total="14024704" percent="0" />
    </mem>
    <mem type="tenure" free="145068424" total="201326592" percent="72">
      <mem type="soa" free="135001480" total="191259648" percent="70" />
      <mem type="loa" free="10066944" total="10066944" percent="100" />
    </mem>
    <remembered-set count="3107" />
  </mem-info>
</gc-start>
<allocation-stats totalBytes="64771960" discardedBytes="125680" >
  <allocated-bytes non-tlh="2247088" tlh="62524872" />
  <largest-consumer threadName="Build operations Thread 6" threadId="0000000001F4C600" bytes="13387696" />
</allocation-stats>
<gc-op id="601" type="scavenge" timems="6.507" contextid="598" timestamp="2024-07-18T15:29:35.157">
  <scavenger-info tenureage="5" tenuremask="ffe0" tiltratio="83" />
  <memory-copied type="nursery" objects="177370" bytes="7084504" bytesdiscarded="177168" />
  <finalization candidates="13" enqueued="7" />
  <ownableSynchronizers candidates="16" cleared="0" />
  <references type="soft" candidates="214" cleared="0" enqueued="0" dynamicThreshold="32" maxThreshold="32" />
  <references type="weak" candidates="3919" cleared="0" enqueued="0" />
  <references type="phantom" candidates="37" cleared="0" enqueued="0" />
  <object-monitors candidates="21" cleared="0"  />
</gc-op>
<gc-end id="602" type="scavenge" contextid="598" durationms="7.648" usertimems="37.524" systemtimems="3.780" stalltimems="23.442" timestamp="2024-07-18T15:29:35.158" activeThreads="10">
  <mem-info id="603" free="211205992" total="287571968" percent="73">
    <mem type="nursery" free="66137568" total="86245376" percent="76">
      <mem type="allocate" free="66137568" total="73400320" percent="90" />
      <mem type="survivor" free="0" total="12845056" percent="0" />
    </mem>
    <mem type="tenure" free="145068424" total="201326592" percent="72">
      <mem type="soa" free="135001480" total="191259648" percent="70" />
      <mem type="loa" free="10066944" total="10066944" percent="100" />
    </mem>
    <pending-finalizers system="0" default="7" reference="0" classloader="0" />
    <remembered-set count="3059" />
  </mem-info>
</gc-end>
<cycle-end id="604" type="scavenge" contextid="598" timestamp="2024-07-18T15:29:35.158" />
<allocation-satisfied id="605" threadId="0000000001F4C600" bytesRequested="24" />
<af-end id="606" timestamp="2024-07-18T15:29:35.159" threadId="0000000001F4D038" success="true" from="nursery"/>
<exclusive-end id="607" timestamp="2024-07-18T15:29:35.159" durationms="9.423" />

<exclusive-start id="608" timestamp="2024-07-18T15:29:35.283" intervalms="133.732">
  <response-info timems="0.076" idlems="0.076" threads="0" lastid="000000000224A800" lastname="Build operations Thread 9" />
</exclusive-start>
<af-start id="609" threadId="000000000224B238" totalBytesRequested="2056" timestamp="2024-07-18T15:29:35.284" intervalms="133.900" type="nursery" />
<cycle-start id="610" type="scavenge" contextid="0" timestamp="2024-07-18T15:29:35.284" intervalms="134.031" />
<gc-start id="611" type="scavenge" contextid="610" timestamp="2024-07-18T15:29:35.285">
  <mem-info id="612" free="145068424" total="287571968" percent="50">
    <mem type="nursery" free="0" total="86245376" percent="0">
      <mem type="allocate" free="0" total="73400320" percent="0" />
      <mem type="survivor" free="0" total="12845056" percent="0" />
    </mem>
    <mem type="tenure" free="145068424" total="201326592" percent="72">
      <mem type="soa" free="135001480" total="191259648" percent="70" />
      <mem type="loa" free="10066944" total="10066944" percent="100" />
    </mem>
    <remembered-set count="3105" />
  </mem-info>
</gc-start>
<allocation-stats totalBytes="65972712" discardedBytes="164856" >
  <allocated-bytes non-tlh="1139616" tlh="64833096" />
  <largest-consumer threadName="Build operations Thread 9" threadId="000000000224A800" bytes="12256656" />
</allocation-stats>
<gc-op id="613" type="scavenge" timems="6.192" contextid="610" timestamp="2024-07-18T15:29:35.291">
  <scavenger-info tenureage="5" tenuremask="ffe0" tiltratio="85" />
  <memory-copied type="nursery" objects="182992" bytes="7068312" bytesdiscarded="159512" />
  <finalization candidates="6" enqueued="2" />
  <ownableSynchronizers candidates="16" cleared="0" />
  <references type="soft" candidates="214" cleared="0" enqueued="0" dynamicThreshold="32" maxThreshold="32" />
  <references type="weak" candidates="4871" cleared="0" enqueued="0" />
  <references type="phantom" candidates="33" cleared="0" enqueued="0" />
  <object-monitors candidates="22" cleared="0"  />
</gc-op>
<gc-end id="614" type="scavenge" contextid="610" durationms="7.715" usertimems="9.374" systemtimems="26.659" stalltimems="26.170" timestamp="2024-07-18T15:29:35.292" activeThreads="10">
  <mem-info id="615" free="212157544" total="287571968" percent="73">
    <mem type="nursery" free="67089120" total="86245376" percent="77">
      <mem type="allocate" free="67089120" total="74317824" percent="90" />
      <mem type="survivor" free="0" total="11927552" percent="0" />
    </mem>
    <mem type="tenure" free="145068424" total="201326592" percent="72">
      <mem type="soa" free="135001480" total="191259648" percent="70" />
      <mem type="loa" free="10066944" total="10066944" percent="100" />
    </mem>
    <pending-finalizers system="0" default="2" reference="0" classloader="0" />
    <remembered-set count="3049" />
  </mem-info>
</gc-end>
<cycle-end id="616" type="scavenge" contextid="610" timestamp="2024-07-18T15:29:35.293" />
<allocation-satisfied id="617" threadId="000000000224A800" bytesRequested="2056" />
<af-end id="618" timestamp="2024-07-18T15:29:35.293" threadId="000000000224B238" success="true" from="nursery"/>
<exclusive-end id="619" timestamp="2024-07-18T15:29:35.294" durationms="10.315" />

<exclusive-start id="620" timestamp="2024-07-18T15:29:35.438" intervalms="154.735">
  <response-info timems="0.078" idlems="0.078" threads="0" lastid="000000000139E300" lastname="Cache worker for Java compile cache (/gradle/caches/8.8/javaCom" />
</exclusive-start>
<af-start id="621" threadId="000000000139ED38" totalBytesRequested="4104" timestamp="2024-07-18T15:29:35.438" intervalms="154.634" type="nursery" />
<cycle-start id="622" type="scavenge" contextid="0" timestamp="2024-07-18T15:29:35.439" intervalms="154.783" />
<gc-start id="623" type="scavenge" contextid="622" timestamp="2024-07-18T15:29:35.440">
  <mem-info id="624" free="145068424" total="287571968" percent="50">
    <mem type="nursery" free="0" total="86245376" percent="0">
      <mem type="allocate" free="0" total="74317824" percent="0" />
      <mem type="survivor" free="0" total="11927552" percent="0" />
    </mem>
    <mem type="tenure" free="145068424" total="201326592" percent="72">
      <mem type="soa" free="135001480" total="191259648" percent="70" />
      <mem type="loa" free="10066944" total="10066944" percent="100" />
    </mem>
    <remembered-set count="3094" />
  </mem-info>
</gc-start>
<allocation-stats totalBytes="66981296" discardedBytes="107824" >
  <allocated-bytes non-tlh="94560" tlh="66886736" />
  <largest-consumer threadName="Build operations Thread 9" threadId="000000000224A800" bytes="20095800" />
</allocation-stats>
<gc-op id="625" type="scavenge" timems="7.105" contextid="622" timestamp="2024-07-18T15:29:35.447">
  <scavenger-info tenureage="6" tenuremask="ffc0" tiltratio="86" />
  <memory-copied type="nursery" objects="194160" bytes="7356320" bytesdiscarded="179864" />
  <finalization candidates="4" enqueued="1" />
  <ownableSynchronizers candidates="16" cleared="0" />
  <references type="soft" candidates="214" cleared="0" enqueued="0" dynamicThreshold="32" maxThreshold="32" />
  <references type="weak" candidates="6719" cleared="0" enqueued="0" />
  <references type="phantom" candidates="31" cleared="0" enqueued="0" />
  <object-monitors candidates="22" cleared="0"  />
</gc-op>
<heap-resize id="626" type="expand" space="nursery" amount="3145728" count="1" timems="0.067" reason="excessive time being spent scavenging" timestamp="2024-07-18T15:29:35.448" />
<gc-end id="627" type="scavenge" contextid="622" durationms="8.749" usertimems="39.568" systemtimems="4.013" stalltimems="25.327" timestamp="2024-07-18T15:29:35.448" activeThreads="10">
  <mem-info id="628" free="215126048" total="290717696" percent="73">
    <mem type="nursery" free="70057624" total="89391104" percent="78">
      <mem type="allocate" free="70057624" total="77594624" percent="90" />
      <mem type="survivor" free="0" total="11796480" percent="0" />
    </mem>
    <mem type="tenure" free="145068424" total="201326592" percent="72">
      <mem type="soa" free="135001480" total="191259648" percent="70" />
      <mem type="loa" free="10066944" total="10066944" percent="100" />
    </mem>
    <pending-finalizers system="0" default="1" reference="0" classloader="0" />
    <remembered-set count="3048" />
  </mem-info>
</gc-end>
<cycle-end id="629" type="scavenge" contextid="622" timestamp="2024-07-18T15:29:35.449" />
<allocation-satisfied id="630" threadId="000000000139E300" bytesRequested="4104" />
<af-end id="631" timestamp="2024-07-18T15:29:35.449" threadId="000000000139ED38" success="true" from="nursery"/>
<exclusive-end id="632" timestamp="2024-07-18T15:29:35.449" durationms="11.284" />

<exclusive-start id="633" timestamp="2024-07-18T15:29:35.780" intervalms="341.779">
  <response-info timems="0.087" idlems="0.087" threads="0" lastid="0000000001F4BA00" lastname="Build operations Thread 5" />
</exclusive-start>
<af-start id="634" threadId="0000000001F4C438" totalBytesRequested="8200" timestamp="2024-07-18T15:29:35.780" intervalms="341.863" type="nursery" />
<cycle-start id="635" type="scavenge" contextid="0" timestamp="2024-07-18T15:29:35.781" intervalms="341.744" />
<gc-start id="636" type="scavenge" contextid="635" timestamp="2024-07-18T15:29:35.781">
  <mem-info id="637" free="145068424" total="290717696" percent="49">
    <mem type="nursery" free="0" total="89391104" percent="0">
      <mem type="allocate" free="0" total="77594624" percent="0" />
      <mem type="survivor" free="0" total="11796480" percent="0" />
    </mem>
    <mem type="tenure" free="145068424" total="201326592" percent="72">
      <mem type="soa" free="135001480" total="191259648" percent="70" />
      <mem type="loa" free="10066944" total="10066944" percent="100" />
    </mem>
    <remembered-set count="3094" />
  </mem-info>
</gc-start>
<allocation-stats totalBytes="69719728" discardedBytes="337896" >
  <allocated-bytes non-tlh="149576" tlh="69570152" />
  <largest-consumer threadName="Build operations Thread 5" threadId="0000000001F4BA00" bytes="53636784" />
</allocation-stats>
<gc-op id="638" type="scavenge" timems="7.953" contextid="635" timestamp="2024-07-18T15:29:35.790">
  <scavenger-info tenureage="5" tenuremask="ffe0" tiltratio="86" />
  <memory-copied type="nursery" objects="94020" bytes="3241640" bytesdiscarded="733568" />
  <memory-copied type="tenure" objects="106883" bytes="4343720" bytesdiscarded="1952" />
  <finalization candidates="3" enqueued="2" />
  <ownableSynchronizers candidates="16" cleared="0" />
  <references type="weak" candidates="6756" cleared="0" enqueued="0" />
  <references type="phantom" candidates="6" cleared="0" enqueued="0" />
  <object-monitors candidates="22" cleared="0"  />
</gc-op>
<gc-end id="639" type="scavenge" contextid="635" durationms="9.194" usertimems="43.844" systemtimems="7.394" stalltimems="27.524" timestamp="2024-07-18T15:29:35.790" activeThreads="10">
  <mem-info id="640" free="215812608" total="290717696" percent="74">
    <mem type="nursery" free="74602456" total="89391104" percent="83">
      <mem type="allocate" free="74602456" total="78577664" percent="94" />
      <mem type="survivor" free="0" total="10813440" percent="0" />
    </mem>
    <mem type="tenure" free="141210152" total="201326592" percent="70">
      <mem type="soa" free="131143208" total="191259648" percent="68" />
      <mem type="loa" free="10066944" total="10066944" percent="100" />
    </mem>
    <pending-finalizers system="0" default="2" reference="0" classloader="0" />
    <remembered-set count="2582" />
  </mem-info>
</gc-end>
<cycle-end id="641" type="scavenge" contextid="635" timestamp="2024-07-18T15:29:35.791" />
<allocation-satisfied id="642" threadId="0000000001F4BA00" bytesRequested="8200" />
<af-end id="643" timestamp="2024-07-18T15:29:35.791" threadId="0000000001F4C438" success="true" from="nursery"/>
<exclusive-end id="644" timestamp="2024-07-18T15:29:35.791" durationms="11.675" />

<exclusive-start id="645" timestamp="2024-07-18T15:32:55.049" intervalms="199268.803">
  <response-info timems="0.107" idlems="0.107" threads="0" lastid="00000000001C9000" lastname="VM Runtime State Listener" />
</exclusive-start>
<sys-start reason="vm idle" id="646" timestamp="2024-07-18T15:32:55.049" intervalms="218859.663" />
<cycle-start id="647" type="global" contextid="0" timestamp="2024-07-18T15:32:55.050" intervalms="218860.138" />
<gc-start id="648" type="global" contextid="647" timestamp="2024-07-18T15:32:55.050">
  <mem-info id="649" free="195626728" total="290717696" percent="67">
    <mem type="nursery" free="54463544" total="89391104" percent="60">
      <mem type="allocate" free="54463544" total="78577664" percent="69" />
      <mem type="survivor" free="0" total="10813440" percent="0" />
    </mem>
    <mem type="tenure" free="141163184" total="201326592" percent="70">
      <mem type="soa" free="131096240" total="191259648" percent="68" />
      <mem type="loa" free="10066944" total="10066944" percent="100" />
    </mem>
    <remembered-set count="4842" />
  </mem-info>
</gc-start>
<allocation-stats totalBytes="20119584" discardedBytes="66296" >
  <allocated-bytes non-tlh="447256" tlh="19672328" />
  <largest-consumer threadName="Cache worker for Java compile cache (/gradle/caches/8.8/javaCompile)" threadId="000000000139E300" bytes="2342000" />
</allocation-stats>
<gc-op id="650" type="mark" timems="30.596" contextid="647" timestamp="2024-07-18T15:32:55.082">
  <trace-info objectcount="938889" scancount="810717" scanbytes="27733064" />
  <finalization candidates="880" enqueued="151" />
  <ownableSynchronizers candidates="5761" cleared="704" />
  <references type="soft" candidates="29356" cleared="0" enqueued="0" dynamicThreshold="32" maxThreshold="32" />
  <references type="weak" candidates="28987" cleared="5087" enqueued="5059" />
  <references type="phantom" candidates="1480" cleared="72" enqueued="72" />
  <stringconstants candidates="44820" cleared="1418"  />
  <object-monitors candidates="24" cleared="16"  />
</gc-op>
<gc-op id="651" type="classunload" timems="1.737" contextid="647" timestamp="2024-07-18T15:32:55.084">
  <classunload-info classloadercandidates="136" classloadersunloaded="11" classesunloaded="10" anonymousclassesunloaded="0" quiescems="0.000" setupms="1.618" scanms="0.107" postms="0.011" />
</gc-op>
<gc-op id="652" type="sweep" timems="2.352" contextid="647" timestamp="2024-07-18T15:32:55.086" />
<gc-end id="653" type="global" contextid="647" durationms="42.293" usertimems="221.245" systemtimems="2.334" stalltimems="216.799" timestamp="2024-07-18T15:32:55.093" activeThreads="12">
  <mem-info id="654" free="227142528" total="290717696" percent="78">
    <mem type="nursery" free="74820272" total="89391104" percent="83">
      <mem type="allocate" free="74820272" total="78577664" percent="95" />
      <mem type="survivor" free="0" total="10813440" percent="0" />
    </mem>
    <mem type="tenure" free="152322256" total="201326592" percent="75" micro-fragmented="1415644" macro-fragmented="99381968">
      <mem type="soa" free="142255312" total="191259648" percent="74" />
      <mem type="loa" free="10066944" total="10066944" percent="100" />
    </mem>
    <pending-finalizers system="150" default="1" reference="5131" classloader="0" />
    <remembered-set count="2714" />
  </mem-info>
</gc-end>
<cycle-end id="655" type="global" contextid="647" timestamp="2024-07-18T15:32:55.093" />
<heap-fixup timems="4.865" reason="class unloading"  timestamp="2024-07-18T15:32:55.093" />
<sys-end id="656" timestamp="2024-07-18T15:32:55.094" />
<exclusive-end id="657" timestamp="2024-07-18T15:32:55.094" durationms="45.307" />

<heap-resize id="658" type="release free pages" space="tenure" amount="149671936" count="1" timems="2.215" reason="idle" timestamp="2024-07-18T15:32:55.097" />
<exclusive-start id="659" timestamp="2024-07-18T15:36:19.491" intervalms="204442.571">
  <response-info timems="0.092" idlems="0.092" threads="0" lastid="0000000001571800" lastname="Unconstrained build operations Thread 37" />
</exclusive-start>
<af-start id="660" threadId="0000000001572238" totalBytesRequested="3144" timestamp="2024-07-18T15:36:19.491" intervalms="403711.321" type="nursery" />
<cycle-start id="661" type="scavenge" contextid="0" timestamp="2024-07-18T15:36:19.492" intervalms="403711.310" />
<gc-start id="662" type="scavenge" contextid="661" timestamp="2024-07-18T15:36:19.493">
  <mem-info id="663" free="152270592" total="290717696" percent="52">
    <mem type="nursery" free="0" total="89391104" percent="0">
      <mem type="allocate" free="0" total="78577664" percent="0" />
      <mem type="survivor" free="0" total="10813440" percent="0" />
    </mem>
    <mem type="tenure" free="152270592" total="201326592" percent="75">
      <mem type="soa" free="142203648" total="191259648" percent="74" />
      <mem type="loa" free="10066944" total="10066944" percent="100" />
    </mem>
    <remembered-set count="8139" />
  </mem-info>
</gc-start>
<allocation-stats totalBytes="74714448" discardedBytes="149264" >
  <allocated-bytes non-tlh="1838880" tlh="72875568" />
  <largest-consumer threadName="Daemon worker Thread 2" threadId="0000000001921B00" bytes="42483744" />
</allocation-stats>
<gc-op id="664" type="scavenge" timems="9.072" contextid="661" timestamp="2024-07-18T15:36:19.502">
  <scavenger-info tenureage="8" tenuremask="ff00" tiltratio="87" />
  <memory-copied type="nursery" objects="160847" bytes="6675408" bytesdiscarded="364536" />
  <finalization candidates="2" enqueued="2" />
  <ownableSynchronizers candidates="10694" cleared="10333" />
  <references type="soft" candidates="70" cleared="0" enqueued="0" dynamicThreshold="24" maxThreshold="32" />
  <references type="weak" candidates="5973" cleared="93" enqueued="93" />
  <references type="phantom" candidates="16" cleared="1" enqueued="1" />
  <object-monitors candidates="8" cleared="0"  />
</gc-op>
<gc-end id="665" type="scavenge" contextid="661" durationms="21.638" usertimems="70.312" systemtimems="6.203" stalltimems="36.182" timestamp="2024-07-18T15:36:19.515" activeThreads="11">
  <mem-info id="666" free="223597720" total="290717696" percent="76">
    <mem type="nursery" free="71327128" total="89391104" percent="79">
      <mem type="allocate" free="71327128" total="78381056" percent="91" />
      <mem type="survivor" free="0" total="11010048" percent="0" />
    </mem>
    <mem type="tenure" free="152270592" total="201326592" percent="75" macro-fragmented="69015248">
      <mem type="soa" free="142203648" total="191259648" percent="74" />
      <mem type="loa" free="10066944" total="10066944" percent="100" />
    </mem>
    <pending-finalizers system="2" default="0" reference="94" classloader="0" />
    <remembered-set count="7672" />
  </mem-info>
</gc-end>
<cycle-end id="667" type="scavenge" contextid="661" timestamp="2024-07-18T15:36:19.515" />
<allocation-satisfied id="668" threadId="0000000001571800" bytesRequested="3144" />
<af-end id="669" timestamp="2024-07-18T15:36:19.515" threadId="0000000001572238" success="true" from="nursery"/>
<exclusive-end id="670" timestamp="2024-07-18T15:36:19.515" durationms="24.129" />

<exclusive-start id="671" timestamp="2024-07-18T15:36:19.958" intervalms="466.809">
  <response-info timems="0.114" idlems="0.114" threads="0" lastid="0000000001586B00" lastname="Unconstrained build operations Thread 87" />
</exclusive-start>
<af-start id="672" threadId="0000000001587538" totalBytesRequested="16" timestamp="2024-07-18T15:36:19.958" intervalms="466.771" type="nursery" />
<cycle-start id="673" type="scavenge" contextid="0" timestamp="2024-07-18T15:36:19.959" intervalms="466.798" />
<gc-start id="674" type="scavenge" contextid="673" timestamp="2024-07-18T15:36:19.959">
  <mem-info id="675" free="152255944" total="290717696" percent="52">
    <mem type="nursery" free="0" total="89391104" percent="0">
      <mem type="allocate" free="0" total="78381056" percent="0" />
      <mem type="survivor" free="0" total="11010048" percent="0" />
    </mem>
    <mem type="tenure" free="152255944" total="201326592" percent="75">
      <mem type="soa" free="142189000" total="191259648" percent="74" />
      <mem type="loa" free="10066944" total="10066944" percent="100" />
    </mem>
    <remembered-set count="7985" />
  </mem-info>
</gc-start>
<allocation-stats totalBytes="71237992" discardedBytes="101512" >
  <allocated-bytes non-tlh="511504" tlh="70726488" />
  <largest-consumer threadName="Daemon worker Thread 2" threadId="0000000001921B00" bytes="32101000" />
</allocation-stats>
<gc-op id="676" type="scavenge" timems="7.331" contextid="673" timestamp="2024-07-18T15:36:19.967">
  <scavenger-info tenureage="7" tenuremask="ff80" tiltratio="87" />
  <memory-copied type="nursery" objects="189464" bytes="7268984" bytesdiscarded="160448" />
  <ownableSynchronizers candidates="831" cleared="443" />
  <references type="soft" candidates="85" cleared="0" enqueued="0" dynamicThreshold="24" maxThreshold="32" />
  <references type="weak" candidates="6599" cleared="46" enqueued="46" />
  <references type="phantom" candidates="11" cleared="0" enqueued="0" />
  <object-monitors candidates="9" cleared="0"  />
</gc-op>
<gc-end id="677" type="scavenge" contextid="673" durationms="9.458" usertimems="55.878" systemtimems="4.355" stalltimems="27.846" timestamp="2024-07-18T15:36:19.969" activeThreads="11">
  <mem-info id="678" free="224693032" total="290717696" percent="77">
    <mem type="nursery" free="72437088" total="89391104" percent="81">
      <mem type="allocate" free="72437088" total="79888384" percent="90" />
      <mem type="survivor" free="0" total="9502720" percent="0" />
    </mem>
    <mem type="tenure" free="152255944" total="201326592" percent="75" macro-fragmented="0">
      <mem type="soa" free="142189000" total="191259648" percent="74" />
      <mem type="loa" free="10066944" total="10066944" percent="100" />
    </mem>
    <pending-finalizers system="0" default="0" reference="46" classloader="0" />
    <remembered-set count="7894" />
  </mem-info>
</gc-end>
<cycle-end id="679" type="scavenge" contextid="673" timestamp="2024-07-18T15:36:19.969" />
<allocation-satisfied id="680" threadId="0000000001586B00" bytesRequested="16" />
<af-end id="681" timestamp="2024-07-18T15:36:19.970" threadId="0000000001587538" success="true" from="nursery"/>
<exclusive-end id="682" timestamp="2024-07-18T15:36:19.970" durationms="12.244" />

<exclusive-start id="683" timestamp="2024-07-18T15:36:23.999" intervalms="4040.806">
  <response-info timems="0.136" idlems="0.136" threads="0" lastid="0000000001EDF900" lastname="Unconstrained build operations Thread 107" />
</exclusive-start>
<af-start id="684" threadId="0000000001EE0338" totalBytesRequested="16" timestamp="2024-07-18T15:36:23.999" intervalms="4040.949" type="nursery" />
<cycle-start id="685" type="scavenge" contextid="0" timestamp="2024-07-18T15:36:24.000" intervalms="4040.856" />
<gc-start id="686" type="scavenge" contextid="685" timestamp="2024-07-18T15:36:24.000">
  <mem-info id="687" free="152232600" total="290717696" percent="52">
    <mem type="nursery" free="0" total="89391104" percent="0">
      <mem type="allocate" free="0" total="79888384" percent="0" />
      <mem type="survivor" free="0" total="9502720" percent="0" />
    </mem>
    <mem type="tenure" free="152232600" total="201326592" percent="75">
      <mem type="soa" free="142165656" total="191259648" percent="74" />
      <mem type="loa" free="10066944" total="10066944" percent="100" />
    </mem>
    <remembered-set count="8717" />
  </mem-info>
</gc-start>
<allocation-stats totalBytes="72336000" discardedBytes="122264" >
  <allocated-bytes non-tlh="647824" tlh="71688176" />
  <largest-consumer threadName="Execution worker" threadId="00000000013AC900" bytes="12094992" />
</allocation-stats>
<gc-op id="688" type="scavenge" timems="9.882" contextid="685" timestamp="2024-07-18T15:36:24.010">
  <scavenger-info tenureage="5" tenuremask="40e0" tiltratio="89" />
  <memory-copied type="nursery" objects="210838" bytes="9283584" bytesdiscarded="198208" />
  <memory-copied type="tenure" objects="59887" bytes="1889760" bytesdiscarded="6504" />
  <copy-failed type="nursery" objects="16397" bytes="538016" />
  <finalization candidates="30" enqueued="30" />
  <ownableSynchronizers candidates="737" cleared="245" />
  <references type="soft" candidates="108" cleared="0" enqueued="0" dynamicThreshold="24" maxThreshold="32" />
  <references type="weak" candidates="5292" cleared="92" enqueued="92" />
  <references type="phantom" candidates="25" cleared="3" enqueued="3" />
  <object-monitors candidates="9" cleared="0"  />
</gc-op>
<gc-end id="689" type="scavenge" contextid="685" durationms="10.726" usertimems="58.859" systemtimems="15.841" stalltimems="34.466" timestamp="2024-07-18T15:36:24.011" activeThreads="11">
  <mem-info id="690" free="215665416" total="290717696" percent="74">
    <mem type="nursery" free="65470464" total="89391104" percent="73">
      <mem type="allocate" free="65470464" total="74973184" percent="87" />
      <mem type="survivor" free="0" total="14417920" percent="0" />
    </mem>
    <mem type="tenure" free="150194952" total="201326592" percent="74" macro-fragmented="119258368">
      <mem type="soa" free="140128008" total="191259648" percent="73" />
      <mem type="loa" free="10066944" total="10066944" percent="100" />
    </mem>
    <pending-finalizers system="29" default="1" reference="95" classloader="0" />
    <remembered-set count="8466" />
  </mem-info>
</gc-end>
<cycle-end id="691" type="scavenge" contextid="685" timestamp="2024-07-18T15:36:24.011" />
<allocation-satisfied id="692" threadId="0000000001EDF900" bytesRequested="16" />
<af-end id="693" timestamp="2024-07-18T15:36:24.011" threadId="0000000001EE0338" success="true" from="nursery"/>
<exclusive-end id="694" timestamp="2024-07-18T15:36:24.012" durationms="12.872" />

<exclusive-start id="695" timestamp="2024-07-18T15:37:32.990" intervalms="68991.538">
  <response-info timems="0.069" idlems="0.069" threads="0" lastid="000000000153F300" lastname="Unconstrained build operations Thread 6" />
</exclusive-start>
<af-start id="696" threadId="000000000153FD38" totalBytesRequested="2056" timestamp="2024-07-18T15:37:32.991" intervalms="68991.583" type="nursery" />
<cycle-start id="697" type="scavenge" contextid="0" timestamp="2024-07-18T15:37:32.991" intervalms="68991.660" />
<gc-start id="698" type="scavenge" contextid="697" timestamp="2024-07-18T15:37:32.992">
  <mem-info id="699" free="150190904" total="290717696" percent="51">
    <mem type="nursery" free="0" total="89391104" percent="0">
      <mem type="allocate" free="0" total="74973184" percent="0" />
      <mem type="survivor" free="0" total="14417920" percent="0" />
    </mem>
    <mem type="tenure" free="150190904" total="201326592" percent="74">
      <mem type="soa" free="140123960" total="191259648" percent="73" />
      <mem type="loa" free="10066944" total="10066944" percent="100" />
    </mem>
    <remembered-set count="8712" />
  </mem-info>
</gc-start>
<allocation-stats totalBytes="65409400" discardedBytes="63048" >
  <allocated-bytes non-tlh="2099856" tlh="63309544" />
  <largest-consumer threadName="Daemon worker Thread 3" threadId="0000000001EEEC00" bytes="6525944" />
</allocation-stats>
<gc-op id="700" type="scavenge" timems="5.549" contextid="697" timestamp="2024-07-18T15:37:32.998">
  <scavenger-info tenureage="3" tenuremask="4038" tiltratio="83" />
  <memory-copied type="nursery" objects="61929" bytes="3086160" bytesdiscarded="573152" />
  <memory-copied type="tenure" objects="55318" bytes="2087576" bytesdiscarded="3504" />
  <finalization candidates="44" enqueued="44" />
  <ownableSynchronizers candidates="1221" cleared="838" />
  <references type="soft" candidates="15" cleared="0" enqueued="0" dynamicThreshold="24" maxThreshold="32" />
  <references type="weak" candidates="1834" cleared="115" enqueued="113" />
  <references type="phantom" candidates="11" cleared="0" enqueued="0" />
  <object-monitors candidates="12" cleared="3"  />
</gc-op>
<gc-end id="701" type="scavenge" contextid="697" durationms="8.800" usertimems="29.144" systemtimems="1.793" stalltimems="32.285" timestamp="2024-07-18T15:37:33.001" activeThreads="12">
  <mem-info id="702" free="220033928" total="290717696" percent="75">
    <mem type="nursery" free="71959784" total="89391104" percent="80">
      <mem type="allocate" free="71959784" total="75628544" percent="95" />
      <mem type="survivor" free="0" total="13762560" percent="0" />
    </mem>
    <mem type="tenure" free="148074144" total="201326592" percent="73" macro-fragmented="99381968">
      <mem type="soa" free="138007200" total="191259648" percent="72" />
      <mem type="loa" free="10066944" total="10066944" percent="100" />
    </mem>
    <pending-finalizers system="0" default="44" reference="113" classloader="0" />
    <remembered-set count="3831" />
  </mem-info>
</gc-end>
<cycle-end id="703" type="scavenge" contextid="697" timestamp="2024-07-18T15:37:33.001" />
<allocation-satisfied id="704" threadId="000000000153F300" bytesRequested="2056" />
<af-end id="705" timestamp="2024-07-18T15:37:33.002" threadId="000000000153FD38" success="true" from="nursery"/>
<exclusive-end id="706" timestamp="2024-07-18T15:37:33.002" durationms="11.502" />

<exclusive-start id="707" timestamp="2024-07-18T15:37:33.336" intervalms="345.641">
  <response-info timems="0.094" idlems="0.094" threads="0" lastid="0000000001EEEC00" lastname="Daemon worker Thread 3" />
</exclusive-start>
<af-start id="708" threadId="0000000001EEF638" totalBytesRequested="408" timestamp="2024-07-18T15:37:33.336" intervalms="345.495" type="nursery" />
<cycle-start id="709" type="scavenge" contextid="0" timestamp="2024-07-18T15:37:33.337" intervalms="345.356" />
<gc-start id="710" type="scavenge" contextid="709" timestamp="2024-07-18T15:37:33.337">
  <mem-info id="711" free="148074144" total="290717696" percent="50">
    <mem type="nursery" free="0" total="89391104" percent="0">
      <mem type="allocate" free="0" total="75628544" percent="0" />
      <mem type="survivor" free="0" total="13762560" percent="0" />
    </mem>
    <mem type="tenure" free="148074144" total="201326592" percent="73">
      <mem type="soa" free="138007200" total="191259648" percent="72" />
      <mem type="loa" free="10066944" total="10066944" percent="100" />
    </mem>
    <remembered-set count="3853" />
  </mem-info>
</gc-start>
<allocation-stats totalBytes="71900104" discardedBytes="59680" >
  <allocated-bytes non-tlh="813656" tlh="71086448" />
  <largest-consumer threadName="Daemon worker Thread 3" threadId="0000000001EEEC00" bytes="34482280" />
</allocation-stats>
<gc-op id="712" type="scavenge" timems="5.535" contextid="709" timestamp="2024-07-18T15:37:33.343">
  <scavenger-info tenureage="14" tenuremask="4000" tiltratio="84" />
  <memory-copied type="nursery" objects="91115" bytes="3697880" bytesdiscarded="144200" />
  <ownableSynchronizers candidates="530" cleared="175" />
  <references type="soft" candidates="40" cleared="0" enqueued="0" dynamicThreshold="24" maxThreshold="32" />
  <references type="weak" candidates="1884" cleared="92" enqueued="92" />
  <references type="phantom" candidates="11" cleared="0" enqueued="0" />
  <object-monitors candidates="11" cleared="0"  />
</gc-op>
<gc-end id="713" type="scavenge" contextid="709" durationms="14.186" usertimems="63.474" systemtimems="0.000" stalltimems="28.484" timestamp="2024-07-18T15:37:33.351" activeThreads="10">
  <mem-info id="714" free="221545728" total="290717696" percent="76">
    <mem type="nursery" free="73471584" total="89391104" percent="82">
      <mem type="allocate" free="73471584" total="77332480" percent="95" />
      <mem type="survivor" free="0" total="12058624" percent="0" />
    </mem>
    <mem type="tenure" free="148074144" total="201326592" percent="73" macro-fragmented="119258368">
      <mem type="soa" free="138007200" total="191259648" percent="72" />
      <mem type="loa" free="10066944" total="10066944" percent="100" />
    </mem>
    <pending-finalizers system="0" default="0" reference="92" classloader="0" />
    <remembered-set count="3547" />
  </mem-info>
</gc-end>
<cycle-end id="715" type="scavenge" contextid="709" timestamp="2024-07-18T15:37:33.352" />
<allocation-satisfied id="716" threadId="0000000001EEEC00" bytesRequested="408" />
<af-end id="717" timestamp="2024-07-18T15:37:33.352" threadId="0000000001EEF638" success="true" from="nursery"/>
<exclusive-end id="718" timestamp="2024-07-18T15:37:33.352" durationms="16.467" />

<exclusive-start id="719" timestamp="2024-07-18T15:37:37.953" intervalms="4616.570">
  <response-info timems="0.087" idlems="0.085" threads="1" lastid="0000000000952500" lastname="Unconstrained build operations Thread 89" />
</exclusive-start>
<af-start id="720" threadId="000000000156F138" totalBytesRequested="48" timestamp="2024-07-18T15:37:37.953" intervalms="4616.667" type="nursery" />
<cycle-start id="721" type="scavenge" contextid="0" timestamp="2024-07-18T15:37:37.954" intervalms="4617.028" />
<gc-start id="722" type="scavenge" contextid="721" timestamp="2024-07-18T15:37:37.954">
  <mem-info id="723" free="148068272" total="290717696" percent="50">
    <mem type="nursery" free="0" total="89391104" percent="0">
      <mem type="allocate" free="0" total="77332480" percent="0" />
      <mem type="survivor" free="0" total="12058624" percent="0" />
    </mem>
    <mem type="tenure" free="148068272" total="201326592" percent="73">
      <mem type="soa" free="138001328" total="191259648" percent="72" />
      <mem type="loa" free="10066944" total="10066944" percent="100" />
    </mem>
    <remembered-set count="3914" />
  </mem-info>
</gc-start>
<allocation-stats totalBytes="73382320" discardedBytes="94384" >
  <allocated-bytes non-tlh="500992" tlh="72881328" />
  <largest-consumer threadName="Daemon worker Thread 3" threadId="0000000001EEEC00" bytes="40619048" />
</allocation-stats>
<gc-op id="724" type="scavenge" timems="6.209" contextid="721" timestamp="2024-07-18T15:37:37.961">
  <scavenger-info tenureage="14" tenuremask="4000" tiltratio="86" />
  <memory-copied type="nursery" objects="157369" bytes="6485456" bytesdiscarded="160056" />
  <finalization candidates="2" enqueued="2" />
  <ownableSynchronizers candidates="1069" cleared="589" />
  <references type="soft" candidates="53" cleared="0" enqueued="0" dynamicThreshold="24" maxThreshold="32" />
  <references type="weak" candidates="2035" cleared="27" enqueued="27" />
  <references type="phantom" candidates="25" cleared="1" enqueued="1" />
  <object-monitors candidates="14" cleared="0"  />
</gc-op>
<gc-end id="725" type="scavenge" contextid="721" durationms="61.326" usertimems="87.269" systemtimems="0.000" stalltimems="21.668" timestamp="2024-07-18T15:37:38.016" activeThreads="9">
  <mem-info id="726" free="218989720" total="290717696" percent="75">
    <mem type="nursery" free="70921448" total="89391104" percent="79">
      <mem type="allocate" free="70921448" total="77594624" percent="91" />
      <mem type="survivor" free="0" total="11796480" percent="0" />
    </mem>
    <mem type="tenure" free="148068272" total="201326592" percent="73" macro-fragmented="0">
      <mem type="soa" free="138001328" total="191259648" percent="72" />
      <mem type="loa" free="10066944" total="10066944" percent="100" />
    </mem>
    <pending-finalizers system="1" default="1" reference="28" classloader="0" />
    <remembered-set count="3621" />
  </mem-info>
</gc-end>
<cycle-end id="727" type="scavenge" contextid="721" timestamp="2024-07-18T15:37:38.016" />
<allocation-satisfied id="728" threadId="000000000156E700" bytesRequested="48" />
<af-end id="729" timestamp="2024-07-18T15:37:38.017" threadId="000000000156F138" success="true" from="nursery"/>
<exclusive-end id="730" timestamp="2024-07-18T15:37:38.017" durationms="64.266" />

<exclusive-start id="731" timestamp="2024-07-18T15:37:38.443" intervalms="490.765">
  <response-info timems="0.054" idlems="0.054" threads="0" lastid="0000000001ED0300" lastname="Execution worker Thread 5" />
</exclusive-start>
<af-start id="732" threadId="0000000001ED0D38" totalBytesRequested="24" timestamp="2024-07-18T15:37:38.444" intervalms="490.675" type="nursery" />
<cycle-start id="733" type="scavenge" contextid="0" timestamp="2024-07-18T15:37:38.444" intervalms="490.400" />
<gc-start id="734" type="scavenge" contextid="733" timestamp="2024-07-18T15:37:38.445">
  <mem-info id="735" free="148068072" total="290717696" percent="50">
    <mem type="nursery" free="0" total="89391104" percent="0">
      <mem type="allocate" free="0" total="77594624" percent="0" />
      <mem type="survivor" free="0" total="11796480" percent="0" />
    </mem>
    <mem type="tenure" free="148068072" total="201326592" percent="73">
      <mem type="soa" free="138001128" total="191259648" percent="72" />
      <mem type="loa" free="10066944" total="10066944" percent="100" />
    </mem>
    <remembered-set count="3659" />
  </mem-info>
</gc-start>
<allocation-stats totalBytes="70873880" discardedBytes="47768" >
  <allocated-bytes non-tlh="1475496" tlh="69398384" />
  <largest-consumer threadName="Unconstrained build operations Thread 107" threadId="000000000139B200" bytes="21008304" />
</allocation-stats>
<gc-op id="736" type="scavenge" timems="8.186" contextid="733" timestamp="2024-07-18T15:37:38.454">
  <scavenger-info tenureage="14" tenuremask="4000" tiltratio="86" />
  <memory-copied type="nursery" objects="185280" bytes="8943480" bytesdiscarded="107816" />
  <finalization candidates="10" enqueued="0" />
  <ownableSynchronizers candidates="632" cleared="128" />
  <references type="soft" candidates="72" cleared="0" enqueued="0" dynamicThreshold="24" maxThreshold="32" />
  <references type="weak" candidates="2593" cleared="103" enqueued="34" />
  <references type="phantom" candidates="172" cleared="0" enqueued="0" />
  <object-monitors candidates="15" cleared="0"  />
</gc-op>
<gc-end id="737" type="scavenge" contextid="733" durationms="9.676" usertimems="37.770" systemtimems="7.363" stalltimems="27.253" timestamp="2024-07-18T15:37:38.454" activeThreads="9">
  <mem-info id="738" free="215400344" total="290717696" percent="74">
    <mem type="nursery" free="67332272" total="89391104" percent="75">
      <mem type="allocate" free="67332272" total="76414976" percent="88" />
      <mem type="survivor" free="0" total="12976128" percent="0" />
    </mem>
    <mem type="tenure" free="148068072" total="201326592" percent="73" macro-fragmented="0">
      <mem type="soa" free="138001128" total="191259648" percent="72" />
      <mem type="loa" free="10066944" total="10066944" percent="100" />
    </mem>
    <pending-finalizers system="0" default="0" reference="34" classloader="0" />
    <remembered-set count="3639" />
  </mem-info>
</gc-end>
<cycle-end id="739" type="scavenge" contextid="733" timestamp="2024-07-18T15:37:38.455" />
<allocation-satisfied id="740" threadId="0000000001ED0300" bytesRequested="24" />
<af-end id="741" timestamp="2024-07-18T15:37:38.455" threadId="0000000001ED0D38" success="true" from="nursery"/>
<exclusive-end id="742" timestamp="2024-07-18T15:37:38.456" durationms="12.433" />

<exclusive-start id="743" timestamp="2024-07-18T15:37:51.644" intervalms="13200.360">
  <response-info timems="0.068" idlems="0.068" threads="0" lastid="0000000001575400" lastname="Unconstrained build operations Thread 12" />
</exclusive-start>
<af-start id="744" threadId="0000000001575E38" totalBytesRequested="16392" timestamp="2024-07-18T15:37:51.644" intervalms="13200.329" type="nursery" />
<cycle-start id="745" type="scavenge" contextid="0" timestamp="2024-07-18T15:37:51.644" intervalms="13200.200" />
<gc-start id="746" type="scavenge" contextid="745" timestamp="2024-07-18T15:37:51.645">
  <mem-info id="747" free="148053416" total="290717696" percent="50">
    <mem type="nursery" free="0" total="89391104" percent="0">
      <mem type="allocate" free="0" total="76414976" percent="0" />
      <mem type="survivor" free="0" total="12976128" percent="0" />
    </mem>
    <mem type="tenure" free="148053416" total="201326592" percent="73">
      <mem type="soa" free="137986472" total="191259648" percent="72" />
      <mem type="loa" free="10066944" total="10066944" percent="100" />
    </mem>
    <remembered-set count="3947" />
  </mem-info>
</gc-start>
<allocation-stats totalBytes="67272568" discardedBytes="69352" >
  <allocated-bytes non-tlh="1213712" tlh="66058856" />
  <largest-consumer threadName="Daemon worker Thread 3" threadId="0000000001EEEC00" bytes="33603336" />
</allocation-stats>
<gc-op id="748" type="scavenge" timems="4.209" contextid="745" timestamp="2024-07-18T15:37:51.649">
  <scavenger-info tenureage="3" tenuremask="4018" tiltratio="85" />
  <memory-copied type="nursery" objects="76375" bytes="3599928" bytesdiscarded="136216" />
  <memory-copied type="tenure" objects="5425" bytes="268624" bytesdiscarded="1640" />
  <finalization candidates="44" enqueued="44" />
  <ownableSynchronizers candidates="1167" cleared="769" />
  <references type="soft" candidates="17" cleared="0" enqueued="0" dynamicThreshold="24" maxThreshold="32" />
  <references type="weak" candidates="1876" cleared="142" enqueued="123" />
  <references type="phantom" candidates="15" cleared="0" enqueued="0" />
  <object-monitors candidates="16" cleared="7"  />
</gc-op>
<gc-end id="749" type="scavenge" contextid="745" durationms="5.911" usertimems="9.324" systemtimems="9.269" stalltimems="18.753" timestamp="2024-07-18T15:37:51.651" activeThreads="9">
  <mem-info id="750" free="221010496" total="290717696" percent="76">
    <mem type="nursery" free="73189456" total="89391104" percent="81">
      <mem type="allocate" free="73189456" total="76939264" percent="95" />
      <mem type="survivor" free="0" total="12451840" percent="0" />
    </mem>
    <mem type="tenure" free="147821040" total="201326592" percent="73" macro-fragmented="82818304">
      <mem type="soa" free="137754096" total="191259648" percent="72" />
      <mem type="loa" free="10066944" total="10066944" percent="100" />
    </mem>
    <pending-finalizers system="0" default="44" reference="123" classloader="0" />
    <remembered-set count="3821" />
  </mem-info>
</gc-end>
<cycle-end id="751" type="scavenge" contextid="745" timestamp="2024-07-18T15:37:51.651" />
<allocation-satisfied id="752" threadId="0000000001575400" bytesRequested="16392" />
<af-end id="753" timestamp="2024-07-18T15:37:51.651" threadId="0000000001575E38" success="true" from="nursery"/>
<exclusive-end id="754" timestamp="2024-07-18T15:37:51.652" durationms="7.889" />

<exclusive-start id="755" timestamp="2024-07-18T15:37:51.830" intervalms="186.140">
  <response-info timems="0.046" idlems="0.046" threads="0" lastid="0000000001392D00" lastname="Unconstrained build operations Thread 55" />
</exclusive-start>
<af-start id="756" threadId="0000000001393738" totalBytesRequested="8200" timestamp="2024-07-18T15:37:51.830" intervalms="186.191" type="nursery" />
<cycle-start id="757" type="scavenge" contextid="0" timestamp="2024-07-18T15:37:51.831" intervalms="186.519" />
<gc-start id="758" type="scavenge" contextid="757" timestamp="2024-07-18T15:37:51.835">
  <mem-info id="759" free="147821040" total="290717696" percent="50">
    <mem type="nursery" free="0" total="89391104" percent="0">
      <mem type="allocate" free="0" total="76939264" percent="0" />
      <mem type="survivor" free="0" total="12451840" percent="0" />
    </mem>
    <mem type="tenure" free="147821040" total="201326592" percent="73">
      <mem type="soa" free="137754096" total="191259648" percent="72" />
      <mem type="loa" free="10066944" total="10066944" percent="100" />
    </mem>
    <remembered-set count="3848" />
  </mem-info>
</gc-start>
<allocation-stats totalBytes="73116520" discardedBytes="72936" >
  <allocated-bytes non-tlh="1114904" tlh="72001616" />
  <largest-consumer threadName="Daemon worker Thread 3" threadId="0000000001EEEC00" bytes="21722928" />
</allocation-stats>
<gc-op id="760" type="scavenge" timems="4.904" contextid="757" timestamp="2024-07-18T15:37:51.840">
  <scavenger-info tenureage="14" tenuremask="4000" tiltratio="86" />
  <memory-copied type="nursery" objects="113713" bytes="4719688" bytesdiscarded="94944" />
  <ownableSynchronizers candidates="583" cleared="214" />
  <references type="soft" candidates="52" cleared="0" enqueued="0" dynamicThreshold="24" maxThreshold="32" />
  <references type="weak" candidates="1938" cleared="115" enqueued="115" />
  <references type="phantom" candidates="10" cleared="0" enqueued="0" />
  <object-monitors candidates="9" cleared="0"  />
</gc-op>
<gc-end id="761" type="scavenge" contextid="757" durationms="6.928" usertimems="25.960" systemtimems="0.000" stalltimems="13.585" timestamp="2024-07-18T15:37:51.842" activeThreads="8">
  <mem-info id="762" free="221034952" total="290717696" percent="76">
    <mem type="nursery" free="73213912" total="89391104" percent="81">
      <mem type="allocate" free="73213912" total="78053376" percent="93" />
      <mem type="survivor" free="0" total="11337728" percent="0" />
    </mem>
    <mem type="tenure" free="147821040" total="201326592" percent="73" macro-fragmented="0">
      <mem type="soa" free="137754096" total="191259648" percent="72" />
      <mem type="loa" free="10066944" total="10066944" percent="100" />
    </mem>
    <pending-finalizers system="0" default="0" reference="115" classloader="0" />
    <remembered-set count="3819" />
  </mem-info>
</gc-end>
<cycle-end id="763" type="scavenge" contextid="757" timestamp="2024-07-18T15:37:51.842" />
<allocation-satisfied id="764" threadId="0000000001392D00" bytesRequested="8200" />
<af-end id="765" timestamp="2024-07-18T15:37:51.843" threadId="0000000001393738" success="true" from="nursery"/>
<exclusive-end id="766" timestamp="2024-07-18T15:37:51.844" durationms="13.944" />

<exclusive-start id="767" timestamp="2024-07-18T15:37:55.462" intervalms="3632.274">
  <response-info timems="0.102" idlems="0.102" threads="0" lastid="000000000153DA00" lastname="Unconstrained build operations Thread 110" />
</exclusive-start>
<af-start id="768" threadId="000000000153E438" totalBytesRequested="88" timestamp="2024-07-18T15:37:55.463" intervalms="3632.389" type="nursery" />
<cycle-start id="769" type="scavenge" contextid="0" timestamp="2024-07-18T15:37:55.463" intervalms="3632.307" />
<gc-start id="770" type="scavenge" contextid="769" timestamp="2024-07-18T15:37:55.465">
  <mem-info id="771" free="147815096" total="290717696" percent="50">
    <mem type="nursery" free="0" total="89391104" percent="0">
      <mem type="allocate" free="0" total="78053376" percent="0" />
      <mem type="survivor" free="0" total="11337728" percent="0" />
    </mem>
    <mem type="tenure" free="147815096" total="201326592" percent="73">
      <mem type="soa" free="137748152" total="191259648" percent="72" />
      <mem type="loa" free="10066944" total="10066944" percent="100" />
    </mem>
    <remembered-set count="4012" />
  </mem-info>
</gc-start>
<allocation-stats totalBytes="73134400" discardedBytes="85456" >
  <allocated-bytes non-tlh="837528" tlh="72296872" />
  <largest-consumer threadName="Daemon worker Thread 3" threadId="0000000001EEEC00" bytes="19624512" />
</allocation-stats>
<gc-op id="772" type="scavenge" timems="6.860" contextid="769" timestamp="2024-07-18T15:37:55.472">
  <scavenger-info tenureage="14" tenuremask="4000" tiltratio="87" />
  <memory-copied type="nursery" objects="209723" bytes="9408704" bytesdiscarded="230784" />
  <finalization candidates="2" enqueued="2" />
  <ownableSynchronizers candidates="1076" cleared="572" />
  <references type="soft" candidates="76" cleared="0" enqueued="0" dynamicThreshold="24" maxThreshold="32" />
  <references type="weak" candidates="2150" cleared="53" enqueued="53" />
  <references type="phantom" candidates="22" cleared="1" enqueued="1" />
  <object-monitors candidates="10" cleared="0"  />
</gc-op>
<gc-end id="773" type="scavenge" contextid="769" durationms="8.474" usertimems="34.601" systemtimems="0.000" stalltimems="19.504" timestamp="2024-07-18T15:37:55.473" activeThreads="8">
  <mem-info id="774" free="212135376" total="290717696" percent="72">
    <mem type="nursery" free="64320280" total="89391104" percent="71">
      <mem type="allocate" free="64320280" total="73990144" percent="86" />
      <mem type="survivor" free="0" total="15400960" percent="0" />
    </mem>
    <mem type="tenure" free="147815096" total="201326592" percent="73" macro-fragmented="82818304">
      <mem type="soa" free="137748152" total="191259648" percent="72" />
      <mem type="loa" free="10066944" total="10066944" percent="100" />
    </mem>
    <pending-finalizers system="1" default="1" reference="54" classloader="0" />
    <remembered-set count="3868" />
  </mem-info>
</gc-end>
<cycle-end id="775" type="scavenge" contextid="769" timestamp="2024-07-18T15:37:55.474" />
<allocation-satisfied id="776" threadId="000000000153DA00" bytesRequested="88" />
<af-end id="777" timestamp="2024-07-18T15:37:55.474" threadId="000000000153E438" success="true" from="nursery"/>
<exclusive-end id="778" timestamp="2024-07-18T15:37:55.475" durationms="12.528" />

<exclusive-start id="779" timestamp="2024-07-18T15:37:56.428" intervalms="965.664">
  <response-info timems="0.095" idlems="0.095" threads="0" lastid="0000000001432000" lastname="Execution worker Thread 2" />
</exclusive-start>
<af-start id="780" threadId="0000000001432A38" totalBytesRequested="24" timestamp="2024-07-18T15:37:56.428" intervalms="965.358" type="nursery" />
<cycle-start id="781" type="scavenge" contextid="0" timestamp="2024-07-18T15:37:56.428" intervalms="965.163" />
<gc-start id="782" type="scavenge" contextid="781" timestamp="2024-07-18T15:37:56.429">
  <mem-info id="783" free="147814904" total="290717696" percent="50">
    <mem type="nursery" free="0" total="89391104" percent="0">
      <mem type="allocate" free="0" total="73990144" percent="0" />
      <mem type="survivor" free="0" total="15400960" percent="0" />
    </mem>
    <mem type="tenure" free="147814904" total="201326592" percent="73">
      <mem type="soa" free="137747960" total="191259648" percent="72" />
      <mem type="loa" free="10066944" total="10066944" percent="100" />
    </mem>
    <remembered-set count="3937" />
  </mem-info>
</gc-start>
<allocation-stats totalBytes="64284736" discardedBytes="35736" >
  <allocated-bytes non-tlh="1733000" tlh="62551736" />
  <largest-consumer threadName="Execution worker Thread 10" threadId="0000000001389600" bytes="24434696" />
</allocation-stats>
<gc-op id="784" type="scavenge" timems="6.487" contextid="781" timestamp="2024-07-18T15:37:56.436">
  <scavenger-info tenureage="14" tenuremask="4000" tiltratio="82" />
  <memory-copied type="nursery" objects="184555" bytes="8275704" bytesdiscarded="158720" />
  <finalization candidates="44" enqueued="44" />
  <ownableSynchronizers candidates="807" cleared="242" />
  <references type="soft" candidates="76" cleared="0" enqueued="0" dynamicThreshold="24" maxThreshold="32" />
  <references type="weak" candidates="2139" cleared="29" enqueued="28" />
  <references type="phantom" candidates="28" cleared="0" enqueued="0" />
  <object-monitors candidates="10" cleared="0"  />
</gc-op>
<gc-end id="785" type="scavenge" contextid="781" durationms="7.377" usertimems="31.690" systemtimems="2.740" stalltimems="17.273" timestamp="2024-07-18T15:37:56.436" activeThreads="8">
  <mem-info id="786" free="214258824" total="290717696" percent="73">
    <mem type="nursery" free="66443920" total="89391104" percent="74">
      <mem type="allocate" free="66443920" total="74907648" percent="88" />
      <mem type="survivor" free="0" total="14483456" percent="0" />
    </mem>
    <mem type="tenure" free="147814904" total="201326592" percent="73" macro-fragmented="82818304">
      <mem type="soa" free="137747960" total="191259648" percent="72" />
      <mem type="loa" free="10066944" total="10066944" percent="100" />
    </mem>
    <pending-finalizers system="0" default="44" reference="28" classloader="0" />
    <remembered-set count="3875" />
  </mem-info>
</gc-end>
<cycle-end id="787" type="scavenge" contextid="781" timestamp="2024-07-18T15:37:56.437" />
<allocation-satisfied id="788" threadId="0000000001432000" bytesRequested="24" />
<af-end id="789" timestamp="2024-07-18T15:37:56.437" threadId="0000000001432A38" success="true" from="nursery"/>
<exclusive-end id="790" timestamp="2024-07-18T15:37:56.438" durationms="9.991" />

<exclusive-start id="791" timestamp="2024-07-18T15:38:37.874" intervalms="41446.227">
  <response-info timems="0.068" idlems="0.068" threads="0" lastid="0000000001573C00" lastname="Unconstrained build operations Thread 31" />
</exclusive-start>
<af-start id="792" threadId="0000000001574638" totalBytesRequested="24" timestamp="2024-07-18T15:38:37.874" intervalms="41446.473" type="nursery" />
<cycle-start id="793" type="scavenge" contextid="0" timestamp="2024-07-18T15:38:37.875" intervalms="41446.663" />
<gc-start id="794" type="scavenge" contextid="793" timestamp="2024-07-18T15:38:37.875">
  <mem-info id="795" free="147812792" total="290717696" percent="50">
    <mem type="nursery" free="0" total="89391104" percent="0">
      <mem type="allocate" free="0" total="74907648" percent="0" />
      <mem type="survivor" free="0" total="14483456" percent="0" />
    </mem>
    <mem type="tenure" free="147812792" total="201326592" percent="73">
      <mem type="soa" free="137745848" total="191259648" percent="72" />
      <mem type="loa" free="10066944" total="10066944" percent="100" />
    </mem>
    <remembered-set count="4003" />
  </mem-info>
</gc-start>
<allocation-stats totalBytes="66362672" discardedBytes="83360" >
  <allocated-bytes non-tlh="780952" tlh="65581720" />
  <largest-consumer threadName="Daemon worker Thread 3" threadId="0000000001EEEC00" bytes="35263136" />
</allocation-stats>
<gc-op id="796" type="scavenge" timems="5.043" contextid="793" timestamp="2024-07-18T15:38:37.881">
  <scavenger-info tenureage="3" tenuremask="4418" tiltratio="83" />
  <memory-copied type="nursery" objects="82693" bytes="3399312" bytesdiscarded="295520" />
  <memory-copied type="tenure" objects="19366" bytes="630744" bytesdiscarded="1352" />
  <ownableSynchronizers candidates="1078" cleared="716" />
  <references type="soft" candidates="29" cleared="0" enqueued="0" dynamicThreshold="24" maxThreshold="32" />
  <references type="weak" candidates="722" cleared="161" enqueued="142" />
  <references type="phantom" candidates="10" cleared="0" enqueued="0" />
  <object-monitors candidates="11" cleared="2"  />
</gc-op>
<gc-end id="797" type="scavenge" contextid="793" durationms="9.113" usertimems="29.273" systemtimems="6.545" stalltimems="14.911" timestamp="2024-07-18T15:38:37.885" activeThreads="8">
  <mem-info id="798" free="219242880" total="290717696" percent="75">
    <mem type="nursery" free="72181384" total="89391104" percent="80">
      <mem type="allocate" free="72181384" total="75890688" percent="95" />
      <mem type="survivor" free="0" total="13500416" percent="0" />
    </mem>
    <mem type="tenure" free="147061496" total="201326592" percent="73" macro-fragmented="39939376">
      <mem type="soa" free="136994552" total="191259648" percent="71" />
      <mem type="loa" free="10066944" total="10066944" percent="100" />
    </mem>
    <pending-finalizers system="0" default="0" reference="142" classloader="0" />
    <remembered-set count="2197" />
  </mem-info>
</gc-end>
<cycle-end id="799" type="scavenge" contextid="793" timestamp="2024-07-18T15:38:37.885" />
<allocation-satisfied id="800" threadId="0000000001573C00" bytesRequested="24" />
<af-end id="801" timestamp="2024-07-18T15:38:37.886" threadId="0000000001574638" success="true" from="nursery"/>
<exclusive-end id="802" timestamp="2024-07-18T15:38:37.886" durationms="12.438" />

<exclusive-start id="803" timestamp="2024-07-18T15:38:38.109" intervalms="235.414">
  <response-info timems="0.073" idlems="0.073" threads="0" lastid="0000000001EEEC00" lastname="Daemon worker Thread 3" />
</exclusive-start>
<af-start id="804" threadId="0000000001EEF638" totalBytesRequested="48" timestamp="2024-07-18T15:38:38.110" intervalms="235.438" type="nursery" />
<cycle-start id="805" type="scavenge" contextid="0" timestamp="2024-07-18T15:38:38.110" intervalms="235.341" />
<gc-start id="806" type="scavenge" contextid="805" timestamp="2024-07-18T15:38:38.111">
  <mem-info id="807" free="147061496" total="290717696" percent="50">
    <mem type="nursery" free="0" total="89391104" percent="0">
      <mem type="allocate" free="0" total="75890688" percent="0" />
      <mem type="survivor" free="0" total="13500416" percent="0" />
    </mem>
    <mem type="tenure" free="147061496" total="201326592" percent="73">
      <mem type="soa" free="136994552" total="191259648" percent="71" />
      <mem type="loa" free="10066944" total="10066944" percent="100" />
    </mem>
    <remembered-set count="2241" />
  </mem-info>
</gc-start>
<allocation-stats totalBytes="72130560" discardedBytes="50824" >
  <allocated-bytes non-tlh="819824" tlh="71310736" />
  <largest-consumer threadName="Daemon worker Thread 3" threadId="0000000001EEEC00" bytes="31704336" />
</allocation-stats>
<gc-op id="808" type="scavenge" timems="4.073" contextid="805" timestamp="2024-07-18T15:38:38.115">
  <scavenger-info tenureage="10" tenuremask="4400" tiltratio="84" />
  <memory-copied type="nursery" objects="108368" bytes="4703120" bytesdiscarded="102288" />
  <memory-copied type="tenure" objects="7280" bytes="229376" bytesdiscarded="648" />
  <ownableSynchronizers candidates="538" cleared="160" />
  <references type="soft" candidates="49" cleared="0" enqueued="0" dynamicThreshold="24" maxThreshold="32" />
  <references type="weak" candidates="440" cleared="108" enqueued="108" />
  <references type="phantom" candidates="10" cleared="0" enqueued="0" />
  <object-monitors candidates="9" cleared="0"  />
</gc-op>
<gc-end id="809" type="scavenge" contextid="805" durationms="9.073" usertimems="22.000" systemtimems="1.015" stalltimems="9.002" timestamp="2024-07-18T15:38:38.120" activeThreads="7">
  <mem-info id="810" free="219275824" total="290717696" percent="75">
    <mem type="nursery" free="72372728" total="89391104" percent="80">
      <mem type="allocate" free="72372728" total="77201408" percent="93" />
      <mem type="survivor" free="0" total="12189696" percent="0" />
    </mem>
    <mem type="tenure" free="146903096" total="201326592" percent="72" macro-fragmented="99381968">
      <mem type="soa" free="136836152" total="191259648" percent="71" />
      <mem type="loa" free="10066944" total="10066944" percent="100" />
    </mem>
    <pending-finalizers system="0" default="0" reference="108" classloader="0" />
    <remembered-set count="1030" />
  </mem-info>
</gc-end>
<cycle-end id="811" type="scavenge" contextid="805" timestamp="2024-07-18T15:38:38.120" />
<allocation-satisfied id="812" threadId="0000000001EEEC00" bytesRequested="48" />
<af-end id="813" timestamp="2024-07-18T15:38:38.121" threadId="0000000001EEF638" success="true" from="nursery"/>
<exclusive-end id="814" timestamp="2024-07-18T15:38:38.121" durationms="11.597" />

<exclusive-start id="815" timestamp="2024-07-18T15:38:41.646" intervalms="3536.623">
  <response-info timems="0.101" idlems="0.101" threads="0" lastid="0000000001394500" lastname="Unconstrained build operations Thread 107" />
</exclusive-start>
<af-start id="816" threadId="0000000001394F38" totalBytesRequested="8200" timestamp="2024-07-18T15:38:41.647" intervalms="3536.729" type="nursery" />
<cycle-start id="817" type="scavenge" contextid="0" timestamp="2024-07-18T15:38:41.647" intervalms="3536.814" />
<gc-start id="818" type="scavenge" contextid="817" timestamp="2024-07-18T15:38:41.648">
  <mem-info id="819" free="146902872" total="290717696" percent="50">
    <mem type="nursery" free="0" total="89391104" percent="0">
      <mem type="allocate" free="0" total="77201408" percent="0" />
      <mem type="survivor" free="0" total="12189696" percent="0" />
    </mem>
    <mem type="tenure" free="146902872" total="201326592" percent="72">
      <mem type="soa" free="136835928" total="191259648" percent="71" />
      <mem type="loa" free="10066944" total="10066944" percent="100" />
    </mem>
    <remembered-set count="1190" />
  </mem-info>
</gc-start>
<allocation-stats totalBytes="72267816" discardedBytes="105136" >
  <allocated-bytes non-tlh="626904" tlh="71640912" />
  <largest-consumer threadName="Execution worker Thread 8" threadId="0000000001938600" bytes="15979408" />
</allocation-stats>
<gc-op id="820" type="scavenge" timems="6.194" contextid="817" timestamp="2024-07-18T15:38:41.655">
  <scavenger-info tenureage="14" tenuremask="4000" tiltratio="86" />
  <memory-copied type="nursery" objects="182899" bytes="8004440" bytesdiscarded="76024" />
  <finalization candidates="3" enqueued="3" />
  <ownableSynchronizers candidates="1043" cleared="548" />
  <references type="soft" candidates="67" cleared="0" enqueued="0" dynamicThreshold="24" maxThreshold="32" />
  <references type="weak" candidates="619" cleared="59" enqueued="59" />
  <references type="phantom" candidates="22" cleared="1" enqueued="1" />
  <object-monitors candidates="11" cleared="0"  />
</gc-op>
<gc-end id="821" type="scavenge" contextid="817" durationms="20.129" usertimems="40.339" systemtimems="2.586" stalltimems="13.040" timestamp="2024-07-18T15:38:41.668" activeThreads="7">
  <mem-info id="822" free="215211808" total="290717696" percent="74">
    <mem type="nursery" free="68308936" total="89391104" percent="76">
      <mem type="allocate" free="68308936" total="76414976" percent="89" />
      <mem type="survivor" free="0" total="12976128" percent="0" />
    </mem>
    <mem type="tenure" free="146902872" total="201326592" percent="72" macro-fragmented="119258368">
      <mem type="soa" free="136835928" total="191259648" percent="71" />
      <mem type="loa" free="10066944" total="10066944" percent="100" />
    </mem>
    <pending-finalizers system="2" default="1" reference="60" classloader="0" />
    <remembered-set count="1031" />
  </mem-info>
</gc-end>
<cycle-end id="823" type="scavenge" contextid="817" timestamp="2024-07-18T15:38:41.669" />
<allocation-satisfied id="824" threadId="0000000001394500" bytesRequested="8200" />
<af-end id="825" timestamp="2024-07-18T15:38:41.670" threadId="0000000001394F38" success="true" from="nursery"/>
<exclusive-end id="826" timestamp="2024-07-18T15:38:41.670" durationms="23.973" />

<exclusive-start id="827" timestamp="2024-07-18T15:38:56.217" intervalms="14571.402">
  <response-info timems="0.053" idlems="0.053" threads="0" lastid="0000000001EEEC00" lastname="Daemon worker Thread 3" />
</exclusive-start>
<af-start id="828" threadId="0000000001EEF638" totalBytesRequested="1640" timestamp="2024-07-18T15:38:56.218" intervalms="14571.274" type="nursery" />
<cycle-start id="829" type="scavenge" contextid="0" timestamp="2024-07-18T15:38:56.218" intervalms="14571.165" />
<gc-start id="830" type="scavenge" contextid="829" timestamp="2024-07-18T15:38:56.219">
  <mem-info id="831" free="146902680" total="290717696" percent="50">
    <mem type="nursery" free="0" total="89391104" percent="0">
      <mem type="allocate" free="0" total="76414976" percent="0" />
      <mem type="survivor" free="0" total="12976128" percent="0" />
    </mem>
    <mem type="tenure" free="146902680" total="201326592" percent="72">
      <mem type="soa" free="136835736" total="191259648" percent="71" />
      <mem type="loa" free="10066944" total="10066944" percent="100" />
    </mem>
    <remembered-set count="1172" />
  </mem-info>
</gc-start>
<allocation-stats totalBytes="68239224" discardedBytes="69904" >
  <allocated-bytes non-tlh="2142776" tlh="66096448" />
  <largest-consumer threadName="Daemon worker Thread 3" threadId="0000000001EEEC00" bytes="8021992" />
</allocation-stats>
<gc-op id="832" type="scavenge" timems="3.499" contextid="829" timestamp="2024-07-18T15:38:56.223">
  <scavenger-info tenureage="14" tenuremask="4000" tiltratio="85" />
  <memory-copied type="nursery" objects="56152" bytes="2964992" bytesdiscarded="176696" />
  <finalization candidates="44" enqueued="44" />
  <ownableSynchronizers candidates="1212" cleared="841" />
  <references type="soft" candidates="10" cleared="0" enqueued="0" dynamicThreshold="24" maxThreshold="32" />
  <references type="weak" candidates="366" cleared="148" enqueued="112" />
  <references type="phantom" candidates="12" cleared="2" enqueued="2" />
  <object-monitors candidates="12" cleared="3"  />
</gc-op>
<gc-end id="833" type="scavenge" contextid="829" durationms="5.140" usertimems="10.973" systemtimems="0.938" stalltimems="12.510" timestamp="2024-07-18T15:38:56.224" activeThreads="7">
  <mem-info id="834" free="220887904" total="290717696" percent="75">
    <mem type="nursery" free="73985224" total="89391104" percent="82">
      <mem type="allocate" free="73985224" total="77135872" percent="95" />
      <mem type="survivor" free="0" total="12255232" percent="0" />
    </mem>
    <mem type="tenure" free="146902680" total="201326592" percent="72" macro-fragmented="69015248">
      <mem type="soa" free="136835736" total="191259648" percent="71" />
      <mem type="loa" free="10066944" total="10066944" percent="100" />
    </mem>
    <pending-finalizers system="0" default="44" reference="114" classloader="0" />
    <remembered-set count="1038" />
  </mem-info>
</gc-end>
<cycle-end id="835" type="scavenge" contextid="829" timestamp="2024-07-18T15:38:56.224" />
<allocation-satisfied id="836" threadId="0000000001EEEC00" bytesRequested="1640" />
<af-end id="837" timestamp="2024-07-18T15:38:56.225" threadId="0000000001EEF638" success="true" from="nursery"/>
<exclusive-end id="838" timestamp="2024-07-18T15:38:56.225" durationms="7.701" />

<exclusive-start id="839" timestamp="2024-07-18T15:38:56.391" intervalms="173.286">
  <response-info timems="0.066" idlems="0.066" threads="0" lastid="000000000060C400" lastname="Unconstrained build operations Thread 45" />
</exclusive-start>
<af-start id="840" threadId="000000000060CE38" totalBytesRequested="1032" timestamp="2024-07-18T15:38:56.391" intervalms="173.331" type="nursery" />
<cycle-start id="841" type="scavenge" contextid="0" timestamp="2024-07-18T15:38:56.392" intervalms="173.415" />
<gc-start id="842" type="scavenge" contextid="841" timestamp="2024-07-18T15:38:56.393">
  <mem-info id="843" free="146902680" total="290717696" percent="50">
    <mem type="nursery" free="0" total="89391104" percent="0">
      <mem type="allocate" free="0" total="77135872" percent="0" />
      <mem type="survivor" free="0" total="12255232" percent="0" />
    </mem>
    <mem type="tenure" free="146902680" total="201326592" percent="72">
      <mem type="soa" free="136835736" total="191259648" percent="71" />
      <mem type="loa" free="10066944" total="10066944" percent="100" />
    </mem>
    <remembered-set count="1053" />
  </mem-info>
</gc-start>
<allocation-stats totalBytes="73914272" discardedBytes="70952" >
  <allocated-bytes non-tlh="977200" tlh="72937072" />
  <largest-consumer threadName="Daemon worker Thread 3" threadId="0000000001EEEC00" bytes="35566040" />
</allocation-stats>
<gc-op id="844" type="scavenge" timems="4.711" contextid="841" timestamp="2024-07-18T15:38:56.398">
  <scavenger-info tenureage="14" tenuremask="4000" tiltratio="86" />
  <memory-copied type="nursery" objects="90624" bytes="4107656" bytesdiscarded="150776" />
  <ownableSynchronizers candidates="540" cleared="172" />
  <references type="soft" candidates="40" cleared="0" enqueued="0" dynamicThreshold="24" maxThreshold="32" />
  <references type="weak" candidates="404" cleared="89" enqueued="89" />
  <references type="phantom" candidates="12" cleared="0" enqueued="0" />
  <object-monitors candidates="9" cleared="0"  />
</gc-op>
<gc-end id="845" type="scavenge" contextid="841" durationms="7.680" usertimems="18.273" systemtimems="1.559" stalltimems="9.619" timestamp="2024-07-18T15:38:56.400" activeThreads="6">
  <mem-info id="846" free="221008264" total="290717696" percent="76">
    <mem type="nursery" free="74105584" total="89391104" percent="82">
      <mem type="allocate" free="74105584" total="78381056" percent="94" />
      <mem type="survivor" free="0" total="11010048" percent="0" />
    </mem>
    <mem type="tenure" free="146902680" total="201326592" percent="72" macro-fragmented="82818304">
      <mem type="soa" free="136835736" total="191259648" percent="71" />
      <mem type="loa" free="10066944" total="10066944" percent="100" />
    </mem>
    <pending-finalizers system="0" default="0" reference="89" classloader="0" />
    <remembered-set count="1037" />
  </mem-info>
</gc-end>
<cycle-end id="847" type="scavenge" contextid="841" timestamp="2024-07-18T15:38:56.401" />
<allocation-satisfied id="848" threadId="000000000060C400" bytesRequested="1032" />
<af-end id="849" timestamp="2024-07-18T15:38:56.402" threadId="000000000060CE38" success="true" from="nursery"/>
<exclusive-end id="850" timestamp="2024-07-18T15:38:56.402" durationms="11.376" />

<exclusive-start id="851" timestamp="2024-07-18T15:39:00.004" intervalms="3613.737">
  <response-info timems="0.091" idlems="0.090" threads="1" lastid="0000000001585300" lastname="Unconstrained build operations Thread 106" />
</exclusive-start>
<af-start id="852" threadId="0000000001931738" totalBytesRequested="8200" timestamp="2024-07-18T15:39:00.005" intervalms="3613.689" type="nursery" />
<cycle-start id="853" type="scavenge" contextid="0" timestamp="2024-07-18T15:39:00.005" intervalms="3613.837" />
<gc-start id="854" type="scavenge" contextid="853" timestamp="2024-07-18T15:39:00.007">
  <mem-info id="855" free="146898528" total="290717696" percent="50">
    <mem type="nursery" free="0" total="89391104" percent="0">
      <mem type="allocate" free="0" total="78381056" percent="0" />
      <mem type="survivor" free="0" total="11010048" percent="0" />
    </mem>
    <mem type="tenure" free="146898528" total="201326592" percent="72">
      <mem type="soa" free="136831584" total="191259648" percent="71" />
      <mem type="loa" free="10066944" total="10066944" percent="100" />
    </mem>
    <remembered-set count="1207" />
  </mem-info>
</gc-start>
<allocation-stats totalBytes="74026744" discardedBytes="82256" >
  <allocated-bytes non-tlh="729464" tlh="73297280" />
  <largest-consumer threadName="Daemon worker Thread 3" threadId="0000000001EEEC00" bytes="31255192" />
</allocation-stats>
<gc-op id="856" type="scavenge" timems="5.575" contextid="853" timestamp="2024-07-18T15:39:00.013">
  <scavenger-info tenureage="14" tenuremask="4000" tiltratio="87" />
  <memory-copied type="nursery" objects="144311" bytes="6140448" bytesdiscarded="60280" />
  <finalization candidates="2" enqueued="2" />
  <ownableSynchronizers candidates="1099" cleared="599" />
  <references type="soft" candidates="60" cleared="0" enqueued="0" dynamicThreshold="24" maxThreshold="32" />
  <references type="weak" candidates="598" cleared="36" enqueued="36" />
  <references type="phantom" candidates="23" cleared="1" enqueued="1" />
  <object-monitors candidates="10" cleared="0"  />
</gc-op>
<gc-end id="857" type="scavenge" contextid="853" durationms="26.365" usertimems="50.645" systemtimems="0.000" stalltimems="10.416" timestamp="2024-07-18T15:39:00.033" activeThreads="6">
  <mem-info id="858" free="219378920" total="290717696" percent="75">
    <mem type="nursery" free="72480392" total="89391104" percent="81">
      <mem type="allocate" free="72480392" total="78708736" percent="92" />
      <mem type="survivor" free="0" total="10682368" percent="0" />
    </mem>
    <mem type="tenure" free="146898528" total="201326592" percent="72" macro-fragmented="82818304">
      <mem type="soa" free="136831584" total="191259648" percent="71" />
      <mem type="loa" free="10066944" total="10066944" percent="100" />
    </mem>
    <pending-finalizers system="1" default="1" reference="37" classloader="0" />
    <remembered-set count="1097" />
  </mem-info>
</gc-end>
<cycle-end id="859" type="scavenge" contextid="853" timestamp="2024-07-18T15:39:00.034" />
<allocation-satisfied id="860" threadId="0000000001930D00" bytesRequested="8200" />
<af-end id="861" timestamp="2024-07-18T15:39:00.034" threadId="0000000001931738" success="true" from="nursery"/>
<exclusive-end id="862" timestamp="2024-07-18T15:39:00.035" durationms="30.369" />

<exclusive-start id="863" timestamp="2024-07-18T15:39:00.445" intervalms="440.470">
  <response-info timems="0.091" idlems="0.091" threads="0" lastid="0000000000B2CD00" lastname="Execution worker Thread 10" />
</exclusive-start>
<af-start id="864" threadId="0000000000B2D738" totalBytesRequested="8200" timestamp="2024-07-18T15:39:00.445" intervalms="440.416" type="nursery" />
<cycle-start id="865" type="scavenge" contextid="0" timestamp="2024-07-18T15:39:00.446" intervalms="440.233" />
<gc-start id="866" type="scavenge" contextid="865" timestamp="2024-07-18T15:39:00.446">
  <mem-info id="867" free="146898528" total="290717696" percent="50">
    <mem type="nursery" free="0" total="89391104" percent="0">
      <mem type="allocate" free="0" total="78708736" percent="0" />
      <mem type="survivor" free="0" total="10682368" percent="0" />
    </mem>
    <mem type="tenure" free="146898528" total="201326592" percent="72">
      <mem type="soa" free="136831584" total="191259648" percent="71" />
      <mem type="loa" free="10066944" total="10066944" percent="100" />
    </mem>
    <remembered-set count="1134" />
  </mem-info>
</gc-start>
<allocation-stats totalBytes="72430856" discardedBytes="49536" >
  <allocated-bytes non-tlh="1766176" tlh="70664680" />
  <largest-consumer threadName="Unconstrained build operations Thread 107" threadId="000000000224A800" bytes="20990824" />
</allocation-stats>
<gc-op id="868" type="scavenge" timems="5.691" contextid="865" timestamp="2024-07-18T15:39:00.453">
  <scavenger-info tenureage="11" tenuremask="4800" tiltratio="88" />
  <memory-copied type="nursery" objects="195988" bytes="10365920" bytesdiscarded="107072" />
  <memory-copied type="tenure" objects="1440" bytes="62848" bytesdiscarded="224" />
  <finalization candidates="39" enqueued="0" />
  <ownableSynchronizers candidates="650" cleared="113" />
  <references type="soft" candidates="76" cleared="0" enqueued="0" dynamicThreshold="24" maxThreshold="32" />
  <references type="weak" candidates="1108" cleared="97" enqueued="28" />
  <references type="phantom" candidates="229" cleared="0" enqueued="0" />
  <object-monitors candidates="10" cleared="0"  />
</gc-op>
<gc-end id="869" type="scavenge" contextid="865" durationms="12.049" usertimems="31.802" systemtimems="0.000" stalltimems="7.497" timestamp="2024-07-18T15:39:00.459" activeThreads="6">
  <mem-info id="870" free="209941160" total="290717696" percent="72">
    <mem type="nursery" free="63160304" total="89391104" percent="70">
      <mem type="allocate" free="63160304" total="73662464" percent="85" />
      <mem type="survivor" free="0" total="15728640" percent="0" />
    </mem>
    <mem type="tenure" free="146780856" total="201326592" percent="72" macro-fragmented="99381968">
      <mem type="soa" free="136713912" total="191259648" percent="71" />
      <mem type="loa" free="10066944" total="10066944" percent="100" />
    </mem>
    <pending-finalizers system="0" default="0" reference="28" classloader="0" />
    <remembered-set count="1106" />
  </mem-info>
</gc-end>
<cycle-end id="871" type="scavenge" contextid="865" timestamp="2024-07-18T15:39:00.459" />
<allocation-satisfied id="872" threadId="0000000000B2CD00" bytesRequested="8200" />
<af-end id="873" timestamp="2024-07-18T15:39:00.460" threadId="0000000000B2D738" success="true" from="nursery"/>
<exclusive-end id="874" timestamp="2024-07-18T15:39:00.461" durationms="15.845" />

<exclusive-start id="875" timestamp="2024-07-18T15:40:10.393" intervalms="69948.634">
  <response-info timems="0.046" idlems="0.046" threads="0" lastid="0000000001579100" lastname="Unconstrained build operations Thread 15" />
</exclusive-start>
<af-start id="876" threadId="0000000001579B38" totalBytesRequested="24" timestamp="2024-07-18T15:40:10.394" intervalms="69948.601" type="nursery" />
<cycle-start id="877" type="scavenge" contextid="0" timestamp="2024-07-18T15:40:10.394" intervalms="69948.559" />
<gc-start id="878" type="scavenge" contextid="877" timestamp="2024-07-18T15:40:10.395">
  <mem-info id="879" free="146780744" total="290717696" percent="50">
    <mem type="nursery" free="0" total="89391104" percent="0">
      <mem type="allocate" free="0" total="73662464" percent="0" />
      <mem type="survivor" free="0" total="15728640" percent="0" />
    </mem>
    <mem type="tenure" free="146780744" total="201326592" percent="72">
      <mem type="soa" free="136713800" total="191259648" percent="71" />
      <mem type="loa" free="10066944" total="10066944" percent="100" />
    </mem>
    <remembered-set count="1299" />
  </mem-info>
</gc-start>
<allocation-stats totalBytes="63066912" discardedBytes="93504" >
  <allocated-bytes non-tlh="992944" tlh="62073968" />
  <largest-consumer threadName="Daemon worker Thread 4" threadId="0000000001580A00" bytes="33372456" />
</allocation-stats>
<gc-op id="880" type="scavenge" timems="3.722" contextid="877" timestamp="2024-07-18T15:40:10.399">
  <scavenger-info tenureage="14" tenuremask="4000" tiltratio="82" />
  <memory-copied type="nursery" objects="66204" bytes="3663376" bytesdiscarded="105080" />
  <finalization candidates="45" enqueued="45" />
  <ownableSynchronizers candidates="1191" cleared="804" />
  <references type="soft" candidates="17" cleared="0" enqueued="0" dynamicThreshold="24" maxThreshold="32" />
  <references type="weak" candidates="414" cleared="149" enqueued="114" />
  <references type="phantom" candidates="17" cleared="2" enqueued="2" />
  <object-monitors candidates="11" cleared="2"  />
</gc-op>
<gc-end id="881" type="scavenge" contextid="877" durationms="11.790" usertimems="9.041" systemtimems="10.928" stalltimems="12.539" timestamp="2024-07-18T15:40:10.406" activeThreads="7">
  <mem-info id="882" free="217384792" total="290717696" percent="74">
    <mem type="nursery" free="70604048" total="89391104" percent="78">
      <mem type="allocate" free="70604048" total="74383360" percent="94" />
      <mem type="survivor" free="0" total="15007744" percent="0" />
    </mem>
    <mem type="tenure" free="146780744" total="201326592" percent="72" macro-fragmented="119258368">
      <mem type="soa" free="136713800" total="191259648" percent="71" />
      <mem type="loa" free="10066944" total="10066944" percent="100" />
    </mem>
    <pending-finalizers system="1" default="44" reference="116" classloader="0" />
    <remembered-set count="1070" />
  </mem-info>
</gc-end>
<cycle-end id="883" type="scavenge" contextid="877" timestamp="2024-07-18T15:40:10.407" />
<allocation-satisfied id="884" threadId="0000000001579100" bytesRequested="24" />
<af-end id="885" timestamp="2024-07-18T15:40:10.408" threadId="0000000001579B38" success="true" from="nursery"/>
<exclusive-end id="886" timestamp="2024-07-18T15:40:10.408" durationms="14.902" />

<exclusive-start id="887" timestamp="2024-07-18T15:40:10.544" intervalms="150.611">
  <response-info timems="0.058" idlems="0.058" threads="0" lastid="00000000013A9800" lastname="Unconstrained build operations Thread 57" />
</exclusive-start>
<af-start id="888" threadId="00000000013AA238" totalBytesRequested="1040" timestamp="2024-07-18T15:40:10.545" intervalms="150.738" type="nursery" />
<cycle-start id="889" type="scavenge" contextid="0" timestamp="2024-07-18T15:40:10.545" intervalms="150.796" />
<gc-start id="890" type="scavenge" contextid="889" timestamp="2024-07-18T15:40:10.546">
  <mem-info id="891" free="146780744" total="290717696" percent="50">
    <mem type="nursery" free="0" total="89391104" percent="0">
      <mem type="allocate" free="0" total="74383360" percent="0" />
      <mem type="survivor" free="0" total="15007744" percent="0" />
    </mem>
    <mem type="tenure" free="146780744" total="201326592" percent="72">
      <mem type="soa" free="136713800" total="191259648" percent="71" />
      <mem type="loa" free="10066944" total="10066944" percent="100" />
    </mem>
    <remembered-set count="1084" />
  </mem-info>
</gc-start>
<allocation-stats totalBytes="70543392" discardedBytes="60656" >
  <allocated-bytes non-tlh="1049368" tlh="69494024" />
  <largest-consumer threadName="Daemon worker Thread 4" threadId="0000000001580A00" bytes="21438936" />
</allocation-stats>
<gc-op id="892" type="scavenge" timems="3.642" contextid="889" timestamp="2024-07-18T15:40:10.550">
  <scavenger-info tenureage="14" tenuremask="4000" tiltratio="83" />
  <memory-copied type="nursery" objects="97539" bytes="4455776" bytesdiscarded="68928" />
  <memory-copied type="tenure" objects="5466" bytes="152328" bytesdiscarded="1408" />
  <ownableSynchronizers candidates="587" cleared="210" />
  <references type="soft" candidates="49" cleared="0" enqueued="0" dynamicThreshold="24" maxThreshold="32" />
  <references type="weak" candidates="461" cleared="113" enqueued="113" />
  <references type="phantom" candidates="11" cleared="0" enqueued="0" />
  <object-monitors candidates="9" cleared="0"  />
</gc-op>
<gc-end id="893" type="scavenge" contextid="889" durationms="5.443" usertimems="14.577" systemtimems="0.000" stalltimems="7.466" timestamp="2024-07-18T15:40:10.551" activeThreads="6">
  <mem-info id="894" free="218242280" total="290717696" percent="75">
    <mem type="nursery" free="71606928" total="89391104" percent="80">
      <mem type="allocate" free="71606928" total="76152832" percent="94" />
      <mem type="survivor" free="0" total="13238272" percent="0" />
    </mem>
    <mem type="tenure" free="146635352" total="201326592" percent="72" macro-fragmented="57512708">
      <mem type="soa" free="136568408" total="191259648" percent="71" />
      <mem type="loa" free="10066944" total="10066944" percent="100" />
    </mem>
    <pending-finalizers system="0" default="0" reference="113" classloader="0" />
    <remembered-set count="946" />
  </mem-info>
</gc-end>
<cycle-end id="895" type="scavenge" contextid="889" timestamp="2024-07-18T15:40:10.552" />
<allocation-satisfied id="896" threadId="00000000013A9800" bytesRequested="1040" />
<af-end id="897" timestamp="2024-07-18T15:40:10.553" threadId="00000000013AA238" success="true" from="nursery"/>
<exclusive-end id="898" timestamp="2024-07-18T15:40:10.553" durationms="8.967" />

<exclusive-start id="899" timestamp="2024-07-18T15:40:14.045" intervalms="3500.914">
  <response-info timems="0.113" idlems="0.113" threads="0" lastid="000000000139A600" lastname="Unconstrained build operations Thread 108" />
</exclusive-start>
<af-start id="900" threadId="000000000139B038" totalBytesRequested="80" timestamp="2024-07-18T15:40:14.045" intervalms="3500.875" type="nursery" />
<cycle-start id="901" type="scavenge" contextid="0" timestamp="2024-07-18T15:40:14.046" intervalms="3500.944" />
<gc-start id="902" type="scavenge" contextid="901" timestamp="2024-07-18T15:40:14.047">
  <mem-info id="903" free="146635352" total="290717696" percent="50">
    <mem type="nursery" free="0" total="89391104" percent="0">
      <mem type="allocate" free="0" total="76152832" percent="0" />
      <mem type="survivor" free="0" total="13238272" percent="0" />
    </mem>
    <mem type="tenure" free="146635352" total="201326592" percent="72">
      <mem type="soa" free="136568408" total="191259648" percent="71" />
      <mem type="loa" free="10066944" total="10066944" percent="100" />
    </mem>
    <remembered-set count="1113" />
  </mem-info>
</gc-start>
<allocation-stats totalBytes="71524912" discardedBytes="82016" >
  <allocated-bytes non-tlh="791632" tlh="70733280" />
  <largest-consumer threadName="Daemon worker Thread 4" threadId="0000000001580A00" bytes="19619832" />
</allocation-stats>
<gc-op id="904" type="scavenge" timems="6.831" contextid="901" timestamp="2024-07-18T15:40:14.054">
  <scavenger-info tenureage="11" tenuremask="4800" tiltratio="85" />
  <memory-copied type="nursery" objects="185671" bytes="8783712" bytesdiscarded="91096" />
  <memory-copied type="tenure" objects="5504" bytes="153640" bytesdiscarded="320" />
  <finalization candidates="1" enqueued="1" />
  <ownableSynchronizers candidates="1082" cleared="569" />
  <references type="soft" candidates="72" cleared="0" enqueued="0" dynamicThreshold="24" maxThreshold="32" />
  <references type="weak" candidates="671" cleared="45" enqueued="45" />
  <references type="phantom" candidates="23" cleared="1" enqueued="1" />
  <object-monitors candidates="11" cleared="0"  />
</gc-op>
<gc-end id="905" type="scavenge" contextid="901" durationms="16.974" usertimems="35.796" systemtimems="0.000" stalltimems="14.208" timestamp="2024-07-18T15:40:14.064" activeThreads="6">
  <mem-info id="906" free="212122960" total="290717696" percent="72">
    <mem type="nursery" free="65680288" total="89391104" percent="73">
      <mem type="allocate" free="65680288" total="74579968" percent="88" />
      <mem type="survivor" free="0" total="14811136" percent="0" />
    </mem>
    <mem type="tenure" free="146442672" total="201326592" percent="72" macro-fragmented="82818304">
      <mem type="soa" free="136375728" total="191259648" percent="71" />
      <mem type="loa" free="10066944" total="10066944" percent="100" />
    </mem>
    <pending-finalizers system="0" default="1" reference="46" classloader="0" />
    <remembered-set count="859" />
  </mem-info>
</gc-end>
<cycle-end id="907" type="scavenge" contextid="901" timestamp="2024-07-18T15:40:14.064" />
<allocation-satisfied id="908" threadId="000000000139A600" bytesRequested="80" />
<af-end id="909" timestamp="2024-07-18T15:40:14.065" threadId="000000000139B038" success="true" from="nursery"/>
<exclusive-end id="910" timestamp="2024-07-18T15:40:14.066" durationms="20.507" />

<exclusive-start id="911" timestamp="2024-07-18T15:40:14.816" intervalms="770.722">
  <response-info timems="0.290" idlems="0.176" threads="1" lastid="00000000014F1C00" lastname="Unconstrained build operations Thread 67" />
</exclusive-start>
<af-start id="912" threadId="0000000001433738" totalBytesRequested="24" timestamp="2024-07-18T15:40:14.816" intervalms="770.723" type="nursery" />
<cycle-start id="913" type="scavenge" contextid="0" timestamp="2024-07-18T15:40:14.817" intervalms="770.732" />
<gc-start id="914" type="scavenge" contextid="913" timestamp="2024-07-18T15:40:14.818">
  <mem-info id="915" free="146442672" total="290717696" percent="50">
    <mem type="nursery" free="0" total="89391104" percent="0">
      <mem type="allocate" free="0" total="74579968" percent="0" />
      <mem type="survivor" free="0" total="14811136" percent="0" />
    </mem>
    <mem type="tenure" free="146442672" total="201326592" percent="72">
      <mem type="soa" free="136375728" total="191259648" percent="71" />
      <mem type="loa" free="10066944" total="10066944" percent="100" />
    </mem>
    <remembered-set count="978" />
  </mem-info>
</gc-start>
<allocation-stats totalBytes="65648400" discardedBytes="31888" >
  <allocated-bytes non-tlh="1664864" tlh="63983536" />
  <largest-consumer threadName="Execution worker Thread 7" threadId="0000000000600B00" bytes="32053016" />
</allocation-stats>
<gc-op id="916" type="scavenge" timems="6.066" contextid="913" timestamp="2024-07-18T15:40:14.824">
  <scavenger-info tenureage="11" tenuremask="4800" tiltratio="83" />
  <memory-copied type="nursery" objects="158997" bytes="7600768" bytesdiscarded="74760" />
  <memory-copied type="tenure" objects="1509" bytes="64416" bytesdiscarded="256" />
  <finalization candidates="44" enqueued="44" />
  <ownableSynchronizers candidates="786" cleared="213" />
  <references type="soft" candidates="72" cleared="0" enqueued="0" dynamicThreshold="24" maxThreshold="32" />
  <references type="weak" candidates="706" cleared="72" enqueued="71" />
  <references type="phantom" candidates="27" cleared="0" enqueued="0" />
  <object-monitors candidates="11" cleared="0"  />
</gc-op>
<gc-end id="917" type="scavenge" contextid="913" durationms="13.492" usertimems="28.891" systemtimems="0.000" stalltimems="14.028" timestamp="2024-07-18T15:40:14.831" activeThreads="6">
  <mem-info id="918" free="214154560" total="290717696" percent="73">
    <mem type="nursery" free="67797624" total="89391104" percent="75">
      <mem type="allocate" free="67797624" total="75497472" percent="89" />
      <mem type="survivor" free="0" total="13893632" percent="0" />
    </mem>
    <mem type="tenure" free="146356936" total="201326592" percent="72" macro-fragmented="201903">
      <mem type="soa" free="136289992" total="191259648" percent="71" />
      <mem type="loa" free="10066944" total="10066944" percent="100" />
    </mem>
    <pending-finalizers system="0" default="44" reference="71" classloader="0" />
    <remembered-set count="851" />
  </mem-info>
</gc-end>
<cycle-end id="919" type="scavenge" contextid="913" timestamp="2024-07-18T15:40:14.832" />
<allocation-satisfied id="920" threadId="0000000001432D00" bytesRequested="24" />
<af-end id="921" timestamp="2024-07-18T15:40:14.832" threadId="0000000001433738" success="true" from="nursery"/>
<exclusive-end id="922" timestamp="2024-07-18T15:40:14.833" durationms="17.079" />

<exclusive-start id="923" timestamp="2024-07-18T15:40:56.692" intervalms="41876.508">
  <response-info timems="0.063" idlems="0.063" threads="0" lastid="00000000014F2800" lastname="Unconstrained build operations Thread 29" />
</exclusive-start>
<af-start id="924" threadId="00000000014F3238" totalBytesRequested="1040" timestamp="2024-07-18T15:40:56.693" intervalms="41876.524" type="nursery" />
<cycle-start id="925" type="scavenge" contextid="0" timestamp="2024-07-18T15:40:56.693" intervalms="41876.621" />
<gc-start id="926" type="scavenge" contextid="925" timestamp="2024-07-18T15:40:56.694">
  <mem-info id="927" free="146353984" total="290717696" percent="50">
    <mem type="nursery" free="0" total="89391104" percent="0">
      <mem type="allocate" free="0" total="75497472" percent="0" />
      <mem type="survivor" free="0" total="13893632" percent="0" />
    </mem>
    <mem type="tenure" free="146353984" total="201326592" percent="72">
      <mem type="soa" free="136287040" total="191259648" percent="71" />
      <mem type="loa" free="10066944" total="10066944" percent="100" />
    </mem>
    <remembered-set count="1034" />
  </mem-info>
</gc-start>
<allocation-stats totalBytes="67699688" discardedBytes="100224" >
  <allocated-bytes non-tlh="912296" tlh="66787392" />
  <largest-consumer threadName="Daemon worker Thread 4" threadId="0000000001580A00" bytes="35005368" />
</allocation-stats>
<gc-op id="928" type="scavenge" timems="4.430" contextid="925" timestamp="2024-07-18T15:40:56.699">
  <scavenger-info tenureage="3" tenuremask="4008" tiltratio="84" />
  <memory-copied type="nursery" objects="66687" bytes="3029992" bytesdiscarded="78280" />
  <memory-copied type="tenure" objects="21" bytes="336" bytesdiscarded="0" />
  <finalization candidates="1" enqueued="1" />
  <ownableSynchronizers candidates="1114" cleared="762" />
  <references type="soft" candidates="28" cleared="0" enqueued="0" dynamicThreshold="24" maxThreshold="32" />
  <references type="weak" candidates="476" cleared="182" enqueued="146" />
  <references type="phantom" candidates="15" cleared="2" enqueued="2" />
  <object-monitors candidates="12" cleared="3"  />
</gc-op>
<gc-end id="929" type="scavenge" contextid="925" durationms="8.174" usertimems="17.399" systemtimems="0.605" stalltimems="11.145" timestamp="2024-07-18T15:40:56.702" activeThreads="6">
  <mem-info id="930" free="219682288" total="290717696" percent="75">
    <mem type="nursery" free="73359648" total="89391104" percent="82">
      <mem type="allocate" free="73359648" total="76480512" percent="95" />
      <mem type="survivor" free="0" total="12910592" percent="0" />
    </mem>
    <mem type="tenure" free="146322640" total="201326592" percent="72" macro-fragmented="39939376">
      <mem type="soa" free="136255696" total="191259648" percent="71" />
      <mem type="loa" free="10066944" total="10066944" percent="100" />
    </mem>
    <pending-finalizers system="1" default="0" reference="148" classloader="0" />
    <remembered-set count="884" />
  </mem-info>
</gc-end>
<cycle-end id="931" type="scavenge" contextid="925" timestamp="2024-07-18T15:40:56.703" />
<allocation-satisfied id="932" threadId="00000000014F2800" bytesRequested="1040" />
<af-end id="933" timestamp="2024-07-18T15:40:56.704" threadId="00000000014F3238" success="true" from="nursery"/>
<exclusive-end id="934" timestamp="2024-07-18T15:40:56.704" durationms="11.589" />

<exclusive-start id="935" timestamp="2024-07-18T15:40:56.885" intervalms="192.705">
  <response-info timems="0.085" idlems="0.085" threads="0" lastid="0000000001ECA300" lastname="Unconstrained build operations Thread 66" />
</exclusive-start>
<af-start id="936" threadId="0000000001ECAD38" totalBytesRequested="152" timestamp="2024-07-18T15:40:56.885" intervalms="192.618" type="nursery" />
<cycle-start id="937" type="scavenge" contextid="0" timestamp="2024-07-18T15:40:56.886" intervalms="192.403" />
<gc-start id="938" type="scavenge" contextid="937" timestamp="2024-07-18T15:40:56.887">
  <mem-info id="939" free="146322640" total="290717696" percent="50">
    <mem type="nursery" free="0" total="89391104" percent="0">
      <mem type="allocate" free="0" total="76480512" percent="0" />
      <mem type="survivor" free="0" total="12910592" percent="0" />
    </mem>
    <mem type="tenure" free="146322640" total="201326592" percent="72">
      <mem type="soa" free="136255696" total="191259648" percent="71" />
      <mem type="loa" free="10066944" total="10066944" percent="100" />
    </mem>
    <remembered-set count="915" />
  </mem-info>
</gc-start>
<allocation-stats totalBytes="73304696" discardedBytes="54952" >
  <allocated-bytes non-tlh="853632" tlh="72451064" />
  <largest-consumer threadName="Daemon worker Thread 4" threadId="0000000001580A00" bytes="33961424" />
</allocation-stats>
<gc-op id="940" type="scavenge" timems="3.561" contextid="937" timestamp="2024-07-18T15:40:56.891">
  <scavenger-info tenureage="14" tenuremask="4000" tiltratio="85" />
  <memory-copied type="nursery" objects="90839" bytes="4138792" bytesdiscarded="102776" />
  <ownableSynchronizers candidates="654" cleared="218" />
  <references type="soft" candidates="54" cleared="0" enqueued="0" dynamicThreshold="24" maxThreshold="32" />
  <references type="weak" candidates="451" cleared="53" enqueued="53" />
  <references type="phantom" candidates="12" cleared="0" enqueued="0" />
  <object-monitors candidates="9" cleared="0"  />
</gc-op>
<gc-end id="941" type="scavenge" contextid="937" durationms="4.936" usertimems="13.389" systemtimems="0.000" stalltimems="7.756" timestamp="2024-07-18T15:40:56.892" activeThreads="6">
  <mem-info id="942" free="219914896" total="290717696" percent="75">
    <mem type="nursery" free="73592256" total="89391104" percent="82">
      <mem type="allocate" free="73592256" total="77856768" percent="94" />
      <mem type="survivor" free="0" total="11534336" percent="0" />
    </mem>
    <mem type="tenure" free="146322640" total="201326592" percent="72" macro-fragmented="99381968">
      <mem type="soa" free="136255696" total="191259648" percent="71" />
      <mem type="loa" free="10066944" total="10066944" percent="100" />
    </mem>
    <pending-finalizers system="0" default="0" reference="53" classloader="0" />
    <remembered-set count="880" />
  </mem-info>
</gc-end>
<cycle-end id="943" type="scavenge" contextid="937" timestamp="2024-07-18T15:40:56.892" />
<allocation-satisfied id="944" threadId="0000000001ECA300" bytesRequested="152" />
<af-end id="945" timestamp="2024-07-18T15:40:56.893" threadId="0000000001ECAD38" success="true" from="nursery"/>
<exclusive-end id="946" timestamp="2024-07-18T15:40:56.893" durationms="8.033" />

<exclusive-start id="947" timestamp="2024-07-18T15:41:00.406" intervalms="3520.684">
  <response-info timems="0.075" idlems="0.075" threads="0" lastid="0000000001929400" lastname="Execution worker Thread 10" />
</exclusive-start>
<af-start id="948" threadId="0000000001929E38" totalBytesRequested="48" timestamp="2024-07-18T15:41:00.406" intervalms="3520.762" type="nursery" />
<cycle-start id="949" type="scavenge" contextid="0" timestamp="2024-07-18T15:41:00.407" intervalms="3520.914" />
<gc-start id="950" type="scavenge" contextid="949" timestamp="2024-07-18T15:41:00.408">
  <mem-info id="951" free="146288200" total="290717696" percent="50">
    <mem type="nursery" free="0" total="89391104" percent="0">
      <mem type="allocate" free="0" total="77856768" percent="0" />
      <mem type="survivor" free="0" total="11534336" percent="0" />
    </mem>
    <mem type="tenure" free="146288200" total="201326592" percent="72">
      <mem type="soa" free="136221256" total="191259648" percent="71" />
      <mem type="loa" free="10066944" total="10066944" percent="100" />
    </mem>
    <remembered-set count="1577" />
  </mem-info>
</gc-start>
<allocation-stats totalBytes="73545200" discardedBytes="80768" >
  <allocated-bytes non-tlh="685088" tlh="72860112" />
  <largest-consumer threadName="Execution worker" threadId="0000000001399A00" bytes="15544328" />
</allocation-stats>
<gc-op id="952" type="scavenge" timems="5.324" contextid="949" timestamp="2024-07-18T15:41:00.414">
  <scavenger-info tenureage="14" tenuremask="4000" tiltratio="87" />
  <memory-copied type="nursery" objects="181636" bytes="8201032" bytesdiscarded="75680" />
  <finalization candidates="1" enqueued="1" />
  <ownableSynchronizers candidates="994" cleared="491" />
  <references type="soft" candidates="73" cleared="0" enqueued="0" dynamicThreshold="24" maxThreshold="32" />
  <references type="weak" candidates="669" cleared="69" enqueued="69" />
  <references type="phantom" candidates="23" cleared="1" enqueued="1" />
  <object-monitors candidates="10" cleared="0"  />
</gc-op>
<gc-end id="953" type="scavenge" contextid="949" durationms="11.472" usertimems="26.549" systemtimems="1.387" stalltimems="8.718" timestamp="2024-07-18T15:41:00.419" activeThreads="6">
  <mem-info id="954" free="213677496" total="290717696" percent="73">
    <mem type="nursery" free="67389296" total="89391104" percent="75">
      <mem type="allocate" free="67389296" total="75694080" percent="89" />
      <mem type="survivor" free="0" total="13697024" percent="0" />
    </mem>
    <mem type="tenure" free="146288200" total="201326592" percent="72" macro-fragmented="99381968">
      <mem type="soa" free="136221256" total="191259648" percent="71" />
      <mem type="loa" free="10066944" total="10066944" percent="100" />
    </mem>
    <pending-finalizers system="0" default="1" reference="70" classloader="0" />
    <remembered-set count="1396" />
  </mem-info>
</gc-end>
<cycle-end id="955" type="scavenge" contextid="949" timestamp="2024-07-18T15:41:00.420" />
<allocation-satisfied id="956" threadId="0000000001929400" bytesRequested="48" />
<af-end id="957" timestamp="2024-07-18T15:41:00.421" threadId="0000000001929E38" success="true" from="nursery"/>
<exclusive-end id="958" timestamp="2024-07-18T15:41:00.421" durationms="15.356" />

<exclusive-start id="959" timestamp="2024-07-18T15:41:52.137" intervalms="51731.004">
  <response-info timems="0.052" idlems="0.052" threads="0" lastid="0000000001580A00" lastname="Daemon worker Thread 4" />
</exclusive-start>
<af-start id="960" threadId="0000000001581438" totalBytesRequested="208" timestamp="2024-07-18T15:41:52.137" intervalms="51731.031" type="nursery" />
<cycle-start id="961" type="scavenge" contextid="0" timestamp="2024-07-18T15:41:52.138" intervalms="51730.997" />
<gc-start id="962" type="scavenge" contextid="961" timestamp="2024-07-18T15:41:52.138">
  <mem-info id="963" free="146283768" total="290717696" percent="50">
    <mem type="nursery" free="0" total="89391104" percent="0">
      <mem type="allocate" free="0" total="75694080" percent="0" />
      <mem type="survivor" free="0" total="13697024" percent="0" />
    </mem>
    <mem type="tenure" free="146283768" total="201326592" percent="72">
      <mem type="soa" free="136216824" total="191259648" percent="71" />
      <mem type="loa" free="10066944" total="10066944" percent="100" />
    </mem>
    <remembered-set count="1637" />
  </mem-info>
</gc-start>
<allocation-stats totalBytes="67330440" discardedBytes="63288" >
  <allocated-bytes non-tlh="2085192" tlh="65245248" />
  <largest-consumer threadName="Daemon worker Thread 4" threadId="0000000001580A00" bytes="8279928" />
</allocation-stats>
<gc-op id="964" type="scavenge" timems="3.651" contextid="961" timestamp="2024-07-18T15:41:52.143">
  <scavenger-info tenureage="14" tenuremask="4000" tiltratio="84" />
  <memory-copied type="nursery" objects="52497" bytes="3028392" bytesdiscarded="166336" />
  <memory-copied type="tenure" objects="362" bytes="11208" bytesdiscarded="8" />
  <finalization candidates="44" enqueued="44" />
  <ownableSynchronizers candidates="1231" cleared="852" />
  <references type="soft" candidates="12" cleared="0" enqueued="0" dynamicThreshold="24" maxThreshold="32" />
  <references type="weak" candidates="387" cleared="150" enqueued="114" />
  <references type="phantom" candidates="13" cleared="2" enqueued="2" />
  <object-monitors candidates="11" cleared="2"  />
</gc-op>
<gc-end id="965" type="scavenge" contextid="961" durationms="5.037" usertimems="10.870" systemtimems="0.925" stalltimems="10.226" timestamp="2024-07-18T15:41:52.143" activeThreads="6">
  <mem-info id="966" free="219503616" total="290717696" percent="75">
    <mem type="nursery" free="73273312" total="89391104" percent="81">
      <mem type="allocate" free="73273312" total="76480512" percent="95" />
      <mem type="survivor" free="0" total="12910592" percent="0" />
    </mem>
    <mem type="tenure" free="146230304" total="201326592" percent="72" macro-fragmented="99381968">
      <mem type="soa" free="136163360" total="191259648" percent="71" />
      <mem type="loa" free="10066944" total="10066944" percent="100" />
    </mem>
    <pending-finalizers system="0" default="44" reference="116" classloader="0" />
    <remembered-set count="1389" />
  </mem-info>
</gc-end>
<cycle-end id="967" type="scavenge" contextid="961" timestamp="2024-07-18T15:41:52.144" />
<allocation-satisfied id="968" threadId="0000000001580A00" bytesRequested="208" />
<af-end id="969" timestamp="2024-07-18T15:41:52.145" threadId="0000000001581438" success="true" from="nursery"/>
<exclusive-end id="970" timestamp="2024-07-18T15:41:52.145" durationms="8.175" />

<exclusive-start id="971" timestamp="2024-07-18T15:41:52.285" intervalms="148.520">
  <response-info timems="0.370" idlems="0.370" threads="0" lastid="0000000001548800" lastname="Unconstrained build operations Thread 47" />
</exclusive-start>
<af-start id="972" threadId="0000000001549238" totalBytesRequested="8200" timestamp="2024-07-18T15:41:52.286" intervalms="148.465" type="nursery" />
<cycle-start id="973" type="scavenge" contextid="0" timestamp="2024-07-18T15:41:52.286" intervalms="148.331" />
<gc-start id="974" type="scavenge" contextid="973" timestamp="2024-07-18T15:41:52.287">
  <mem-info id="975" free="146230304" total="290717696" percent="50">
    <mem type="nursery" free="0" total="89391104" percent="0">
      <mem type="allocate" free="0" total="76480512" percent="0" />
      <mem type="survivor" free="0" total="12910592" percent="0" />
    </mem>
    <mem type="tenure" free="146230304" total="201326592" percent="72">
      <mem type="soa" free="136163360" total="191259648" percent="71" />
      <mem type="loa" free="10066944" total="10066944" percent="100" />
    </mem>
    <remembered-set count="1403" />
  </mem-info>
</gc-start>
<allocation-stats totalBytes="73209368" discardedBytes="63944" >
  <allocated-bytes non-tlh="869200" tlh="72340168" />
  <largest-consumer threadName="Daemon worker Thread 4" threadId="0000000001580A00" bytes="35868728" />
</allocation-stats>
<gc-op id="976" type="scavenge" timems="3.207" contextid="973" timestamp="2024-07-18T15:41:52.291">
  <scavenger-info tenureage="14" tenuremask="4000" tiltratio="85" />
  <memory-copied type="nursery" objects="76708" bytes="3470504" bytesdiscarded="154008" />
  <ownableSynchronizers candidates="545" cleared="173" />
  <references type="soft" candidates="38" cleared="0" enqueued="0" dynamicThreshold="24" maxThreshold="32" />
  <references type="weak" candidates="411" cleared="89" enqueued="89" />
  <references type="phantom" candidates="13" cleared="0" enqueued="0" />
  <object-monitors candidates="9" cleared="0"  />
</gc-op>
<gc-end id="977" type="scavenge" contextid="973" durationms="5.369" usertimems="11.998" systemtimems="0.000" stalltimems="4.622" timestamp="2024-07-18T15:41:52.293" activeThreads="5">
  <mem-info id="978" free="220769712" total="290717696" percent="75">
    <mem type="nursery" free="74539408" total="89391104" percent="83">
      <mem type="allocate" free="74539408" total="78184448" percent="95" />
      <mem type="survivor" free="0" total="11206656" percent="0" />
    </mem>
    <mem type="tenure" free="146230304" total="201326592" percent="72" macro-fragmented="0">
      <mem type="soa" free="136163360" total="191259648" percent="71" />
      <mem type="loa" free="10066944" total="10066944" percent="100" />
    </mem>
    <pending-finalizers system="0" default="0" reference="89" classloader="0" />
    <remembered-set count="1215" />
  </mem-info>
</gc-end>
<cycle-end id="979" type="scavenge" contextid="973" timestamp="2024-07-18T15:41:52.293" />
<allocation-satisfied id="980" threadId="0000000001548800" bytesRequested="8200" />
<af-end id="981" timestamp="2024-07-18T15:41:52.294" threadId="0000000001549238" success="true" from="nursery"/>
<exclusive-end id="982" timestamp="2024-07-18T15:41:52.294" durationms="9.092" />

<exclusive-start id="983" timestamp="2024-07-18T15:41:55.937" intervalms="3651.502">
  <response-info timems="0.122" idlems="0.122" threads="0" lastid="0000000001ED4000" lastname="Unconstrained build operations Thread 104" />
</exclusive-start>
<af-start id="984" threadId="0000000001ED4A38" totalBytesRequested="8200" timestamp="2024-07-18T15:41:55.937" intervalms="3651.486" type="nursery" />
<cycle-start id="985" type="scavenge" contextid="0" timestamp="2024-07-18T15:41:55.937" intervalms="3651.494" />
<gc-start id="986" type="scavenge" contextid="985" timestamp="2024-07-18T15:41:55.939">
  <mem-info id="987" free="146230304" total="290717696" percent="50">
    <mem type="nursery" free="0" total="89391104" percent="0">
      <mem type="allocate" free="0" total="78184448" percent="0" />
      <mem type="survivor" free="0" total="11206656" percent="0" />
    </mem>
    <mem type="tenure" free="146230304" total="201326592" percent="72">
      <mem type="soa" free="136163360" total="191259648" percent="71" />
      <mem type="loa" free="10066944" total="10066944" percent="100" />
    </mem>
    <remembered-set count="1411" />
  </mem-info>
</gc-start>
<allocation-stats totalBytes="74443088" discardedBytes="96320" >
  <allocated-bytes non-tlh="798800" tlh="73644288" />
  <largest-consumer threadName="Daemon worker Thread 4" threadId="0000000001580A00" bytes="31388232" />
</allocation-stats>
<gc-op id="988" type="scavenge" timems="4.656" contextid="985" timestamp="2024-07-18T15:41:55.944">
  <scavenger-info tenureage="14" tenuremask="4000" tiltratio="87" />
  <memory-copied type="nursery" objects="136123" bytes="5948744" bytesdiscarded="55040" />
  <memory-copied type="tenure" objects="35" bytes="2072" bytesdiscarded="0" />
  <finalization candidates="1" enqueued="1" />
  <ownableSynchronizers candidates="1103" cleared="596" />
  <references type="soft" candidates="61" cleared="0" enqueued="0" dynamicThreshold="24" maxThreshold="32" />
  <references type="weak" candidates="593" cleared="29" enqueued="29" />
  <references type="phantom" candidates="24" cleared="1" enqueued="1" />
  <object-monitors candidates="10" cleared="0"  />
</gc-op>
<gc-end id="989" type="scavenge" contextid="985" durationms="11.901" usertimems="22.418" systemtimems="1.046" stalltimems="6.218" timestamp="2024-07-18T15:41:55.951" activeThreads="5">
  <mem-info id="990" free="218608480" total="290717696" percent="75">
    <mem type="nursery" free="72412432" total="89391104" percent="81">
      <mem type="allocate" free="72412432" total="78446592" percent="92" />
      <mem type="survivor" free="0" total="10944512" percent="0" />
    </mem>
    <mem type="tenure" free="146196048" total="201326592" percent="72" macro-fragmented="99381968">
      <mem type="soa" free="136129104" total="191259648" percent="71" />
      <mem type="loa" free="10066944" total="10066944" percent="100" />
    </mem>
    <pending-finalizers system="0" default="1" reference="30" classloader="0" />
    <remembered-set count="1187" />
  </mem-info>
</gc-end>
<cycle-end id="991" type="scavenge" contextid="985" timestamp="2024-07-18T15:41:55.951" />
<allocation-satisfied id="992" threadId="0000000001ED4000" bytesRequested="8200" />
<af-end id="993" timestamp="2024-07-18T15:41:55.952" threadId="0000000001ED4A38" success="true" from="nursery"/>
<exclusive-end id="994" timestamp="2024-07-18T15:41:55.953" durationms="15.892" />

<exclusive-start id="995" timestamp="2024-07-18T15:41:56.285" intervalms="348.616">
  <response-info timems="0.091" idlems="0.091" threads="0" lastid="0000000001E7CA00" lastname="Execution worker" />
</exclusive-start>
<af-start id="996" threadId="0000000001E7D438" totalBytesRequested="88" timestamp="2024-07-18T15:41:56.286" intervalms="348.639" type="nursery" />
<cycle-start id="997" type="scavenge" contextid="0" timestamp="2024-07-18T15:41:56.286" intervalms="348.681" />
<gc-start id="998" type="scavenge" contextid="997" timestamp="2024-07-18T15:41:56.287">
  <mem-info id="999" free="146196048" total="290717696" percent="50">
    <mem type="nursery" free="0" total="89391104" percent="0">
      <mem type="allocate" free="0" total="78446592" percent="0" />
      <mem type="survivor" free="0" total="10944512" percent="0" />
    </mem>
    <mem type="tenure" free="146196048" total="201326592" percent="72">
      <mem type="soa" free="136129104" total="191259648" percent="71" />
      <mem type="loa" free="10066944" total="10066944" percent="100" />
    </mem>
    <remembered-set count="1226" />
  </mem-info>
</gc-start>
<allocation-stats totalBytes="72372488" discardedBytes="39944" >
  <allocated-bytes non-tlh="1659624" tlh="70712864" />
  <largest-consumer threadName="Unconstrained build operations Thread 107" threadId="00000000013AC900" bytes="21021128" />
</allocation-stats>
<gc-op id="1000" type="scavenge" timems="6.071" contextid="997" timestamp="2024-07-18T15:41:56.294">
  <scavenger-info tenureage="14" tenuremask="4000" tiltratio="87" />
  <memory-copied type="nursery" objects="187808" bytes="10140600" bytesdiscarded="50184" />
  <memory-copied type="tenure" objects="1287" bytes="58960" bytesdiscarded="144" />
  <finalization candidates="39" enqueued="0" />
  <ownableSynchronizers candidates="657" cleared="113" />
  <references type="soft" candidates="76" cleared="0" enqueued="0" dynamicThreshold="24" maxThreshold="32" />
  <references type="weak" candidates="1108" cleared="97" enqueued="28" />
  <references type="phantom" candidates="227" cleared="0" enqueued="0" />
  <object-monitors candidates="10" cleared="0"  />
</gc-op>
<gc-end id="1001" type="scavenge" contextid="997" durationms="8.395" usertimems="26.480" systemtimems="0.000" stalltimems="5.356" timestamp="2024-07-18T15:41:56.295" activeThreads="5">
  <mem-info id="1002" free="209745360" total="290717696" percent="72">
    <mem type="nursery" free="63635824" total="89391104" percent="71">
      <mem type="allocate" free="63635824" total="73859072" percent="86" />
      <mem type="survivor" free="0" total="15532032" percent="0" />
    </mem>
    <mem type="tenure" free="146109536" total="201326592" percent="72" macro-fragmented="0">
      <mem type="soa" free="136042592" total="191259648" percent="71" />
      <mem type="loa" free="10066944" total="10066944" percent="100" />
    </mem>
    <pending-finalizers system="0" default="0" reference="28" classloader="0" />
    <remembered-set count="1204" />
  </mem-info>
</gc-end>
<cycle-end id="1003" type="scavenge" contextid="997" timestamp="2024-07-18T15:41:56.296" />
<allocation-satisfied id="1004" threadId="0000000001E7CA00" bytesRequested="88" />
<af-end id="1005" timestamp="2024-07-18T15:41:56.297" threadId="0000000001E7D438" success="true" from="nursery"/>
<exclusive-end id="1006" timestamp="2024-07-18T15:41:56.297" durationms="11.673" />

<exclusive-start id="1007" timestamp="2024-07-18T15:42:01.440" intervalms="5154.904">
  <response-info timems="0.054" idlems="0.054" threads="0" lastid="0000000001586B00" lastname="Unconstrained build operations Thread 12" />
</exclusive-start>
<af-start id="1008" threadId="0000000001587538" totalBytesRequested="8200" timestamp="2024-07-18T15:42:01.441" intervalms="5154.970" type="nursery" />
<cycle-start id="1009" type="scavenge" contextid="0" timestamp="2024-07-18T15:42:01.441" intervalms="5154.963" />
<gc-start id="1010" type="scavenge" contextid="1009" timestamp="2024-07-18T15:42:01.442">
  <mem-info id="1011" free="146109536" total="290717696" percent="50">
    <mem type="nursery" free="0" total="89391104" percent="0">
      <mem type="allocate" free="0" total="73859072" percent="0" />
      <mem type="survivor" free="0" total="15532032" percent="0" />
    </mem>
    <mem type="tenure" free="146109536" total="201326592" percent="72">
      <mem type="soa" free="136042592" total="191259648" percent="71" />
      <mem type="loa" free="10066944" total="10066944" percent="100" />
    </mem>
    <remembered-set count="1430" />
  </mem-info>
</gc-start>
<allocation-stats totalBytes="63554408" discardedBytes="81416" >
  <allocated-bytes non-tlh="951968" tlh="62602440" />
  <largest-consumer threadName="Daemon worker Thread 4" threadId="0000000001580A00" bytes="33453176" />
</allocation-stats>
<gc-op id="1012" type="scavenge" timems="3.206" contextid="1009" timestamp="2024-07-18T15:42:01.446">
  <scavenger-info tenureage="12" tenuremask="5000" tiltratio="82" />
  <memory-copied type="nursery" objects="53120" bytes="3016328" bytesdiscarded="154920" />
  <memory-copied type="tenure" objects="1217" bytes="56808" bytesdiscarded="104" />
  <finalization candidates="44" enqueued="44" />
  <ownableSynchronizers candidates="1180" cleared="793" />
  <references type="soft" candidates="17" cleared="0" enqueued="0" dynamicThreshold="24" maxThreshold="32" />
  <references type="weak" candidates="409" cleared="157" enqueued="122" />
  <references type="phantom" candidates="13" cleared="2" enqueued="2" />
  <object-monitors candidates="11" cleared="2"  />
</gc-op>
<gc-end id="1013" type="scavenge" contextid="1009" durationms="6.197" usertimems="11.033" systemtimems="0.942" stalltimems="8.903" timestamp="2024-07-18T15:42:01.448" activeThreads="6">
  <mem-info id="1014" free="217310584" total="290717696" percent="74">
    <mem type="nursery" free="71459768" total="89391104" percent="79">
      <mem type="allocate" free="71459768" total="74645504" percent="95" />
      <mem type="survivor" free="0" total="14745600" percent="0" />
    </mem>
    <mem type="tenure" free="145850816" total="201326592" percent="72" macro-fragmented="82818304">
      <mem type="soa" free="135783872" total="191259648" percent="70" />
      <mem type="loa" free="10066944" total="10066944" percent="100" />
    </mem>
    <pending-finalizers system="0" default="44" reference="124" classloader="0" />
    <remembered-set count="1190" />
  </mem-info>
</gc-end>
<cycle-end id="1015" type="scavenge" contextid="1009" timestamp="2024-07-18T15:42:01.448" />
<allocation-satisfied id="1016" threadId="0000000001586B00" bytesRequested="8200" />
<af-end id="1017" timestamp="2024-07-18T15:42:01.449" threadId="0000000001587538" success="true" from="nursery"/>
<exclusive-end id="1018" timestamp="2024-07-18T15:42:01.449" durationms="9.261" />

<exclusive-start id="1019" timestamp="2024-07-18T15:42:01.586" intervalms="145.692">
  <response-info timems="0.067" idlems="0.067" threads="0" lastid="0000000001580A00" lastname="Daemon worker Thread 4" />
</exclusive-start>
<af-start id="1020" threadId="0000000001581438" totalBytesRequested="16392" timestamp="2024-07-18T15:42:01.586" intervalms="145.687" type="nursery" />
<cycle-start id="1021" type="scavenge" contextid="0" timestamp="2024-07-18T15:42:01.587" intervalms="145.722" />
<gc-start id="1022" type="scavenge" contextid="1021" timestamp="2024-07-18T15:42:01.588">
  <mem-info id="1023" free="145850816" total="290717696" percent="50">
    <mem type="nursery" free="0" total="89391104" percent="0">
      <mem type="allocate" free="0" total="74645504" percent="0" />
      <mem type="survivor" free="0" total="14745600" percent="0" />
    </mem>
    <mem type="tenure" free="145850816" total="201326592" percent="72">
      <mem type="soa" free="135783872" total="191259648" percent="70" />
      <mem type="loa" free="10066944" total="10066944" percent="100" />
    </mem>
    <remembered-set count="1202" />
  </mem-info>
</gc-start>
<allocation-stats totalBytes="71389160" discardedBytes="70608" >
  <allocated-bytes non-tlh="959168" tlh="70429992" />
  <largest-consumer threadName="Daemon worker Thread 4" threadId="0000000001580A00" bytes="23139264" />
</allocation-stats>
<gc-op id="1024" type="scavenge" timems="3.741" contextid="1021" timestamp="2024-07-18T15:42:01.592">
  <scavenger-info tenureage="14" tenuremask="4000" tiltratio="83" />
  <memory-copied type="nursery" objects="91949" bytes="4193008" bytesdiscarded="66448" />
  <memory-copied type="tenure" objects="216" bytes="16960" bytesdiscarded="544" />
  <ownableSynchronizers candidates="590" cleared="209" />
  <references type="soft" candidates="46" cleared="0" enqueued="0" dynamicThreshold="24" maxThreshold="32" />
  <references type="weak" candidates="447" cleared="110" enqueued="110" />
  <references type="phantom" candidates="12" cleared="0" enqueued="0" />
  <object-monitors candidates="9" cleared="0"  />
</gc-op>
<gc-end id="1025" type="scavenge" contextid="1021" durationms="5.131" usertimems="22.243" systemtimems="1.026" stalltimems="5.646" timestamp="2024-07-18T15:42:01.593" activeThreads="5">
  <mem-info id="1026" free="217907656" total="290717696" percent="74">
    <mem type="nursery" free="72065040" total="89391104" percent="80">
      <mem type="allocate" free="72065040" total="76349440" percent="94" />
      <mem type="survivor" free="0" total="13041664" percent="0" />
    </mem>
    <mem type="tenure" free="145842616" total="201326592" percent="72" macro-fragmented="99381968">
      <mem type="soa" free="135775672" total="191259648" percent="70" />
      <mem type="loa" free="10066944" total="10066944" percent="100" />
    </mem>
    <pending-finalizers system="0" default="0" reference="110" classloader="0" />
    <remembered-set count="1143" />
  </mem-info>
</gc-end>
<cycle-end id="1027" type="scavenge" contextid="1021" timestamp="2024-07-18T15:42:01.594" />
<allocation-satisfied id="1028" threadId="0000000001580A00" bytesRequested="16392" />
<af-end id="1029" timestamp="2024-07-18T15:42:01.594" threadId="0000000001581438" success="true" from="nursery"/>
<exclusive-end id="1030" timestamp="2024-07-18T15:42:01.595" durationms="8.921" />

<exclusive-start id="1031" timestamp="2024-07-18T15:42:05.344" intervalms="3758.486">
  <response-info timems="0.106" idlems="0.106" threads="0" lastid="000000000139D600" lastname="Unconstrained build operations Thread 105" />
</exclusive-start>
<af-start id="1032" threadId="000000000139E038" totalBytesRequested="24" timestamp="2024-07-18T15:42:05.345" intervalms="3758.534" type="nursery" />
<cycle-start id="1033" type="scavenge" contextid="0" timestamp="2024-07-18T15:42:05.345" intervalms="3758.592" />
<gc-start id="1034" type="scavenge" contextid="1033" timestamp="2024-07-18T15:42:05.347">
  <mem-info id="1035" free="145842616" total="290717696" percent="50">
    <mem type="nursery" free="0" total="89391104" percent="0">
      <mem type="allocate" free="0" total="76349440" percent="0" />
      <mem type="survivor" free="0" total="13041664" percent="0" />
    </mem>
    <mem type="tenure" free="145842616" total="201326592" percent="72">
      <mem type="soa" free="135775672" total="191259648" percent="70" />
      <mem type="loa" free="10066944" total="10066944" percent="100" />
    </mem>
    <remembered-set count="1353" />
  </mem-info>
</gc-start>
<allocation-stats totalBytes="71983944" discardedBytes="81096" >
  <allocated-bytes non-tlh="782392" tlh="71201552" />
  <largest-consumer threadName="Daemon worker Thread 4" threadId="0000000001580A00" bytes="19251736" />
</allocation-stats>
<gc-op id="1036" type="scavenge" timems="6.148" contextid="1033" timestamp="2024-07-18T15:42:05.354">
  <scavenger-info tenureage="14" tenuremask="4000" tiltratio="85" />
  <memory-copied type="nursery" objects="169750" bytes="7939352" bytesdiscarded="70760" />
  <finalization candidates="1" enqueued="1" />
  <ownableSynchronizers candidates="1085" cleared="575" />
  <references type="soft" candidates="68" cleared="0" enqueued="0" dynamicThreshold="24" maxThreshold="32" />
  <references type="weak" candidates="650" cleared="51" enqueued="51" />
  <references type="phantom" candidates="27" cleared="1" enqueued="1" />
  <object-monitors candidates="10" cleared="0"  />
</gc-op>
<gc-end id="1037" type="scavenge" contextid="1033" durationms="10.922" usertimems="27.221" systemtimems="0.000" stalltimems="6.988" timestamp="2024-07-18T15:42:05.358" activeThreads="5">
  <mem-info id="1038" free="213693960" total="290717696" percent="73">
    <mem type="nursery" free="67851344" total="89391104" percent="75">
      <mem type="allocate" free="67851344" total="75890688" percent="89" />
      <mem type="survivor" free="0" total="13500416" percent="0" />
    </mem>
    <mem type="tenure" free="145842616" total="201326592" percent="72" macro-fragmented="82818304">
      <mem type="soa" free="135775672" total="191259648" percent="70" />
      <mem type="loa" free="10066944" total="10066944" percent="100" />
    </mem>
    <pending-finalizers system="0" default="1" reference="52" classloader="0" />
    <remembered-set count="1148" />
  </mem-info>
</gc-end>
<cycle-end id="1039" type="scavenge" contextid="1033" timestamp="2024-07-18T15:42:05.358" />
<allocation-satisfied id="1040" threadId="000000000139D600" bytesRequested="24" />
<af-end id="1041" timestamp="2024-07-18T15:42:05.359" threadId="000000000139E038" success="true" from="nursery"/>
<exclusive-end id="1042" timestamp="2024-07-18T15:42:05.360" durationms="15.228" />

<exclusive-start id="1043" timestamp="2024-07-18T15:43:24.642" intervalms="79297.659">
  <response-info timems="0.069" idlems="0.069" threads="0" lastid="0000000000600B00" lastname="Daemon worker Thread 5" />
</exclusive-start>
<af-start id="1044" threadId="0000000000601538" totalBytesRequested="24" timestamp="2024-07-18T15:43:24.642" intervalms="79297.590" type="nursery" />
<cycle-start id="1045" type="scavenge" contextid="0" timestamp="2024-07-18T15:43:24.643" intervalms="79297.516" />
<gc-start id="1046" type="scavenge" contextid="1045" timestamp="2024-07-18T15:43:24.644">
  <mem-info id="1047" free="145842616" total="290717696" percent="50">
    <mem type="nursery" free="0" total="89391104" percent="0">
      <mem type="allocate" free="0" total="75890688" percent="0" />
      <mem type="survivor" free="0" total="13500416" percent="0" />
    </mem>
    <mem type="tenure" free="145842616" total="201326592" percent="72">
      <mem type="soa" free="135775672" total="191259648" percent="70" />
      <mem type="loa" free="10066944" total="10066944" percent="100" />
    </mem>
    <remembered-set count="1320" />
  </mem-info>
</gc-start>
<allocation-stats totalBytes="67797752" discardedBytes="53592" >
  <allocated-bytes non-tlh="1734824" tlh="66062928" />
  <largest-consumer threadName="Daemon worker Thread 5" threadId="0000000000600B00" bytes="1921432" />
</allocation-stats>
<gc-op id="1048" type="scavenge" timems="3.304" contextid="1045" timestamp="2024-07-18T15:43:24.647">
  <scavenger-info tenureage="11" tenuremask="4800" tiltratio="84" />
  <memory-copied type="nursery" objects="33178" bytes="2015536" bytesdiscarded="202336" />
  <memory-copied type="tenure" objects="1295" bytes="59080" bytesdiscarded="24" />
  <finalization candidates="44" enqueued="44" />
  <ownableSynchronizers candidates="1194" cleared="828" />
  <references type="soft" candidates="1" cleared="0" enqueued="0" dynamicThreshold="24" maxThreshold="32" />
  <references type="weak" candidates="277" cleared="82" enqueued="71" />
  <references type="phantom" candidates="13" cleared="2" enqueued="2" />
  <object-monitors candidates="11" cleared="2"  />
</gc-op>
<gc-end id="1049" type="scavenge" contextid="1045" durationms="5.588" usertimems="9.510" systemtimems="0.000" stalltimems="7.891" timestamp="2024-07-18T15:43:24.649" activeThreads="5">
  <mem-info id="1050" free="220240096" total="290717696" percent="75">
    <mem type="nursery" free="74516592" total="89391104" percent="83">
      <mem type="allocate" free="74516592" total="76742656" percent="97" />
      <mem type="survivor" free="0" total="12648448" percent="0" />
    </mem>
    <mem type="tenure" free="145723504" total="201326592" percent="72" macro-fragmented="119258368">
      <mem type="soa" free="135656560" total="191259648" percent="70" />
      <mem type="loa" free="10066944" total="10066944" percent="100" />
    </mem>
    <pending-finalizers system="0" default="44" reference="73" classloader="0" />
    <remembered-set count="1141" />
  </mem-info>
</gc-end>
<cycle-end id="1051" type="scavenge" contextid="1045" timestamp="2024-07-18T15:43:24.650" />
<allocation-satisfied id="1052" threadId="0000000000600B00" bytesRequested="24" />
<af-end id="1053" timestamp="2024-07-18T15:43:24.650" threadId="0000000000601538" success="true" from="nursery"/>
<exclusive-end id="1054" timestamp="2024-07-18T15:43:24.651" durationms="8.769" />

<exclusive-start id="1055" timestamp="2024-07-18T15:43:24.811" intervalms="169.344">
  <response-info timems="0.062" idlems="0.062" threads="0" lastid="000000000156E700" lastname="Unconstrained build operations Thread 34" />
</exclusive-start>
<af-start id="1056" threadId="000000000156F138" totalBytesRequested="48" timestamp="2024-07-18T15:43:24.812" intervalms="169.326" type="nursery" />
<cycle-start id="1057" type="scavenge" contextid="0" timestamp="2024-07-18T15:43:24.812" intervalms="169.117" />
<gc-start id="1058" type="scavenge" contextid="1057" timestamp="2024-07-18T15:43:24.813">
  <mem-info id="1059" free="145723504" total="290717696" percent="50">
    <mem type="nursery" free="0" total="89391104" percent="0">
      <mem type="allocate" free="0" total="76742656" percent="0" />
      <mem type="survivor" free="0" total="12648448" percent="0" />
    </mem>
    <mem type="tenure" free="145723504" total="201326592" percent="72">
      <mem type="soa" free="135656560" total="191259648" percent="70" />
      <mem type="loa" free="10066944" total="10066944" percent="100" />
    </mem>
    <remembered-set count="1158" />
  </mem-info>
</gc-start>
<allocation-stats totalBytes="74411528" discardedBytes="105064" >
  <allocated-bytes non-tlh="1246120" tlh="73165408" />
  <largest-consumer threadName="Daemon worker Thread 5" threadId="0000000000600B00" bytes="33314280" />
</allocation-stats>
<gc-op id="1060" type="scavenge" timems="3.717" contextid="1057" timestamp="2024-07-18T15:43:24.817">
  <scavenger-info tenureage="14" tenuremask="4000" tiltratio="85" />
  <memory-copied type="nursery" objects="86712" bytes="4124928" bytesdiscarded="100408" />
  <ownableSynchronizers candidates="547" cleared="182" />
  <references type="soft" candidates="39" cleared="0" enqueued="0" dynamicThreshold="24" maxThreshold="32" />
  <references type="weak" candidates="413" cleared="97" enqueued="97" />
  <references type="phantom" candidates="10" cleared="0" enqueued="0" />
  <object-monitors candidates="9" cleared="0"  />
</gc-op>
<gc-end id="1061" type="scavenge" contextid="1057" durationms="4.785" usertimems="11.827" systemtimems="0.000" stalltimems="3.145" timestamp="2024-07-18T15:43:24.818" activeThreads="4">
  <mem-info id="1062" free="219336448" total="290717696" percent="75">
    <mem type="nursery" free="73612944" total="89391104" percent="82">
      <mem type="allocate" free="73612944" total="77856768" percent="94" />
      <mem type="survivor" free="0" total="11534336" percent="0" />
    </mem>
    <mem type="tenure" free="145723504" total="201326592" percent="72" macro-fragmented="119258368">
      <mem type="soa" free="135656560" total="191259648" percent="70" />
      <mem type="loa" free="10066944" total="10066944" percent="100" />
    </mem>
    <pending-finalizers system="0" default="0" reference="97" classloader="0" />
    <remembered-set count="1136" />
  </mem-info>
</gc-end>
<cycle-end id="1063" type="scavenge" contextid="1057" timestamp="2024-07-18T15:43:24.818" />
<allocation-satisfied id="1064" threadId="000000000156E700" bytesRequested="48" />
<af-end id="1065" timestamp="2024-07-18T15:43:24.819" threadId="000000000156F138" success="true" from="nursery"/>
<exclusive-end id="1066" timestamp="2024-07-18T15:43:24.819" durationms="7.639" />

<exclusive-start id="1067" timestamp="2024-07-18T15:43:26.752" intervalms="1940.694">
  <response-info timems="0.071" idlems="0.071" threads="0" lastid="0000000001389600" lastname="Execution worker Thread 9" />
</exclusive-start>
<af-start id="1068" threadId="000000000138A038" totalBytesRequested="72" timestamp="2024-07-18T15:43:26.752" intervalms="1940.592" type="nursery" />
<cycle-start id="1069" type="scavenge" contextid="0" timestamp="2024-07-18T15:43:26.753" intervalms="1940.772" />
<gc-start id="1070" type="scavenge" contextid="1069" timestamp="2024-07-18T15:43:26.754">
  <mem-info id="1071" free="145723504" total="290717696" percent="50">
    <mem type="nursery" free="0" total="89391104" percent="0">
      <mem type="allocate" free="0" total="77856768" percent="0" />
      <mem type="survivor" free="0" total="11534336" percent="0" />
    </mem>
    <mem type="tenure" free="145723504" total="201326592" percent="72">
      <mem type="soa" free="135656560" total="191259648" percent="70" />
      <mem type="loa" free="10066944" total="10066944" percent="100" />
    </mem>
    <remembered-set count="1277" />
  </mem-info>
</gc-start>
<allocation-stats totalBytes="73538168" discardedBytes="74776" >
  <allocated-bytes non-tlh="577648" tlh="72960520" />
  <largest-consumer threadName="Daemon worker Thread 5" threadId="0000000000600B00" bytes="38768520" />
</allocation-stats>
<gc-op id="1072" type="scavenge" timems="5.709" contextid="1069" timestamp="2024-07-18T15:43:26.761">
  <scavenger-info tenureage="14" tenuremask="4000" tiltratio="87" />
  <memory-copied type="nursery" objects="138947" bytes="5672944" bytesdiscarded="87712" />
  <memory-copied type="tenure" objects="33" bytes="3672" bytesdiscarded="1040" />
  <finalization candidates="1" enqueued="1" />
  <ownableSynchronizers candidates="1003" cleared="544" />
  <references type="soft" candidates="54" cleared="0" enqueued="0" dynamicThreshold="24" maxThreshold="32" />
  <references type="weak" candidates="518" cleared="4" enqueued="4" />
  <references type="phantom" candidates="19" cleared="0" enqueued="0" />
  <object-monitors candidates="10" cleared="0"  />
</gc-op>
<gc-end id="1073" type="scavenge" contextid="1069" durationms="8.285" usertimems="19.900" systemtimems="0.000" stalltimems="4.391" timestamp="2024-07-18T15:43:26.763" activeThreads="4">
  <mem-info id="1074" free="218374816" total="290717696" percent="75">
    <mem type="nursery" free="72655752" total="89391104" percent="81">
      <mem type="allocate" free="72655752" total="78446592" percent="92" />
      <mem type="survivor" free="0" total="10944512" percent="0" />
    </mem>
    <mem type="tenure" free="145719064" total="201326592" percent="72" macro-fragmented="119258368">
      <mem type="soa" free="135652120" total="191259648" percent="70" />
      <mem type="loa" free="10066944" total="10066944" percent="100" />
    </mem>
    <pending-finalizers system="0" default="1" reference="4" classloader="0" />
    <remembered-set count="1140" />
  </mem-info>
</gc-end>
<cycle-end id="1075" type="scavenge" contextid="1069" timestamp="2024-07-18T15:43:26.763" />
<allocation-satisfied id="1076" threadId="0000000001389600" bytesRequested="72" />
<af-end id="1077" timestamp="2024-07-18T15:43:26.764" threadId="000000000138A038" success="true" from="nursery"/>
<exclusive-end id="1078" timestamp="2024-07-18T15:43:26.764" durationms="12.243" />

<exclusive-start id="1079" timestamp="2024-07-18T15:43:28.206" intervalms="1453.590">
  <response-info timems="0.084" idlems="0.084" threads="0" lastid="0000000001579100" lastname="Unconstrained build operations Thread 107" />
</exclusive-start>
<af-start id="1080" threadId="0000000001579B38" totalBytesRequested="24" timestamp="2024-07-18T15:43:28.206" intervalms="1453.721" type="nursery" />
<cycle-start id="1081" type="scavenge" contextid="0" timestamp="2024-07-18T15:43:28.207" intervalms="1453.792" />
<gc-start id="1082" type="scavenge" contextid="1081" timestamp="2024-07-18T15:43:28.208">
  <mem-info id="1083" free="145719064" total="290717696" percent="50">
    <mem type="nursery" free="0" total="89391104" percent="0">
      <mem type="allocate" free="0" total="78446592" percent="0" />
      <mem type="survivor" free="0" total="10944512" percent="0" />
    </mem>
    <mem type="tenure" free="145719064" total="201326592" percent="72">
      <mem type="soa" free="135652120" total="191259648" percent="70" />
      <mem type="loa" free="10066944" total="10066944" percent="100" />
    </mem>
    <remembered-set count="1221" />
  </mem-info>
</gc-start>
<allocation-stats totalBytes="72579688" discardedBytes="76064" >
  <allocated-bytes non-tlh="557224" tlh="72022464" />
  <largest-consumer threadName="Unconstrained build operations Thread 107" threadId="0000000001579100" bytes="19151056" />
</allocation-stats>
<gc-op id="1084" type="scavenge" timems="5.664" contextid="1081" timestamp="2024-07-18T15:43:28.214">
  <scavenger-info tenureage="14" tenuremask="4000" tiltratio="87" />
  <memory-copied type="nursery" objects="168750" bytes="7476168" bytesdiscarded="28400" />
  <ownableSynchronizers candidates="639" cleared="142" />
  <references type="soft" candidates="72" cleared="0" enqueued="0" dynamicThreshold="24" maxThreshold="32" />
  <references type="weak" candidates="645" cleared="60" enqueued="60" />
  <references type="phantom" candidates="24" cleared="1" enqueued="1" />
  <object-monitors candidates="10" cleared="0"  />
</gc-op>
<gc-end id="1085" type="scavenge" contextid="1081" durationms="8.839" usertimems="19.695" systemtimems="1.731" stalltimems="3.317" timestamp="2024-07-18T15:43:28.217" activeThreads="4">
  <mem-info id="1086" free="216766112" total="290717696" percent="74">
    <mem type="nursery" free="71047048" total="89391104" percent="79">
      <mem type="allocate" free="71047048" total="78577664" percent="90" />
      <mem type="survivor" free="0" total="10813440" percent="0" />
    </mem>
    <mem type="tenure" free="145719064" total="201326592" percent="72" macro-fragmented="82818304">
      <mem type="soa" free="135652120" total="191259648" percent="70" />
      <mem type="loa" free="10066944" total="10066944" percent="100" />
    </mem>
    <pending-finalizers system="0" default="0" reference="61" classloader="0" />
    <remembered-set count="1142" />
  </mem-info>
</gc-end>
<cycle-end id="1087" type="scavenge" contextid="1081" timestamp="2024-07-18T15:43:28.217" />
<allocation-satisfied id="1088" threadId="0000000001579100" bytesRequested="24" />
<af-end id="1089" timestamp="2024-07-18T15:43:28.218" threadId="0000000001579B38" success="true" from="nursery"/>
<exclusive-end id="1090" timestamp="2024-07-18T15:43:28.219" durationms="12.842" />

<exclusive-start id="1091" timestamp="2024-07-18T15:43:33.932" intervalms="5726.787">
  <response-info timems="0.048" idlems="0.048" threads="0" lastid="0000000000600B00" lastname="Daemon worker Thread 5" />
</exclusive-start>
<af-start id="1092" threadId="0000000000601538" totalBytesRequested="232" timestamp="2024-07-18T15:43:33.933" intervalms="5726.796" type="nursery" />
<cycle-start id="1093" type="scavenge" contextid="0" timestamp="2024-07-18T15:43:33.933" intervalms="5726.728" />
<gc-start id="1094" type="scavenge" contextid="1093" timestamp="2024-07-18T15:43:33.934">
  <mem-info id="1095" free="145718840" total="290717696" percent="50">
    <mem type="nursery" free="0" total="89391104" percent="0">
      <mem type="allocate" free="0" total="78577664" percent="0" />
      <mem type="survivor" free="0" total="10813440" percent="0" />
    </mem>
    <mem type="tenure" free="145718840" total="201326592" percent="72">
      <mem type="soa" free="135651896" total="191259648" percent="70" />
      <mem type="loa" free="10066944" total="10066944" percent="100" />
    </mem>
    <remembered-set count="1364" />
  </mem-info>
</gc-start>
<allocation-stats totalBytes="70974592" discardedBytes="72680" >
  <allocated-bytes non-tlh="2072752" tlh="68901840" />
  <largest-consumer threadName="Daemon worker Thread 5" threadId="0000000000600B00" bytes="28071344" />
</allocation-stats>
<gc-op id="1096" type="scavenge" timems="3.316" contextid="1093" timestamp="2024-07-18T15:43:33.938">
  <scavenger-info tenureage="3" tenuremask="5008" tiltratio="87" />
  <memory-copied type="nursery" objects="52320" bytes="2963784" bytesdiscarded="53168" />
  <memory-copied type="tenure" objects="2067" bytes="77184" bytesdiscarded="40" />
  <finalization candidates="46" enqueued="46" />
  <ownableSynchronizers candidates="1218" cleared="840" />
  <references type="soft" candidates="12" cleared="0" enqueued="0" dynamicThreshold="24" maxThreshold="32" />
  <references type="weak" candidates="390" cleared="154" enqueued="118" />
  <references type="phantom" candidates="13" cleared="2" enqueued="2" />
  <object-monitors candidates="11" cleared="2"  />
</gc-op>
<gc-end id="1097" type="scavenge" contextid="1093" durationms="5.431" usertimems="10.486" systemtimems="0.027" stalltimems="7.445" timestamp="2024-07-18T15:43:33.939" activeThreads="5">
  <mem-info id="1098" free="221628016" total="290717696" percent="76">
    <mem type="nursery" free="75945048" total="89391104" percent="84">
      <mem type="allocate" free="75945048" total="78970880" percent="96" />
      <mem type="survivor" free="0" total="10420224" percent="0" />
    </mem>
    <mem type="tenure" free="145682968" total="201326592" percent="72" macro-fragmented="99381968">
      <mem type="soa" free="135616024" total="191259648" percent="70" />
      <mem type="loa" free="10066944" total="10066944" percent="100" />
    </mem>
    <pending-finalizers system="2" default="44" reference="120" classloader="0" />
    <remembered-set count="778" />
  </mem-info>
</gc-end>
<cycle-end id="1099" type="scavenge" contextid="1093" timestamp="2024-07-18T15:43:33.940" />
<allocation-satisfied id="1100" threadId="0000000000600B00" bytesRequested="232" />
<af-end id="1101" timestamp="2024-07-18T15:43:33.941" threadId="0000000000601538" success="true" from="nursery"/>
<exclusive-end id="1102" timestamp="2024-07-18T15:43:33.941" durationms="8.356" />

<exclusive-start id="1103" timestamp="2024-07-18T15:43:34.066" intervalms="133.883">
  <response-info timems="0.079" idlems="0.079" threads="0" lastid="000000000149E400" lastname="Unconstrained build operations Thread 55" />
</exclusive-start>
<af-start id="1104" threadId="000000000149EE38" totalBytesRequested="8200" timestamp="2024-07-18T15:43:34.067" intervalms="133.857" type="nursery" />
<cycle-start id="1105" type="scavenge" contextid="0" timestamp="2024-07-18T15:43:34.067" intervalms="133.904" />
<gc-start id="1106" type="scavenge" contextid="1105" timestamp="2024-07-18T15:43:34.069">
  <mem-info id="1107" free="145684056" total="290717696" percent="50">
    <mem type="nursery" free="1088" total="89391104" percent="0">
      <mem type="allocate" free="1088" total="78970880" percent="0" />
      <mem type="survivor" free="0" total="10420224" percent="0" />
    </mem>
    <mem type="tenure" free="145682968" total="201326592" percent="72">
      <mem type="soa" free="135616024" total="191259648" percent="70" />
      <mem type="loa" free="10066944" total="10066944" percent="100" />
    </mem>
    <remembered-set count="789" />
  </mem-info>
</gc-start>
<allocation-stats totalBytes="75839832" discardedBytes="104128" >
  <allocated-bytes non-tlh="1115160" tlh="74724672" />
  <largest-consumer threadName="Daemon worker Thread 5" threadId="0000000000600B00" bytes="24336864" />
</allocation-stats>
<gc-op id="1108" type="scavenge" timems="4.001" contextid="1105" timestamp="2024-07-18T15:43:34.074">
  <scavenger-info tenureage="14" tenuremask="4000" tiltratio="88" />
  <memory-copied type="nursery" objects="86425" bytes="3908360" bytesdiscarded="49520" />
  <ownableSynchronizers candidates="592" cleared="210" />
  <references type="soft" candidates="46" cleared="0" enqueued="0" dynamicThreshold="24" maxThreshold="32" />
  <references type="weak" candidates="459" cleared="113" enqueued="113" />
  <references type="phantom" candidates="12" cleared="0" enqueued="0" />
  <object-monitors candidates="9" cleared="0"  />
</gc-op>
<gc-end id="1109" type="scavenge" contextid="1105" durationms="5.651" usertimems="12.440" systemtimems="0.917" stalltimems="7.105" timestamp="2024-07-18T15:43:34.075" activeThreads="5">
  <mem-info id="1110" free="221658976" total="290717696" percent="76">
    <mem type="nursery" free="75976008" total="89391104" percent="84">
      <mem type="allocate" free="75976008" total="79953920" percent="95" />
      <mem type="survivor" free="0" total="9437184" percent="0" />
    </mem>
    <mem type="tenure" free="145682968" total="201326592" percent="72" macro-fragmented="0">
      <mem type="soa" free="135616024" total="191259648" percent="70" />
      <mem type="loa" free="10066944" total="10066944" percent="100" />
    </mem>
    <pending-finalizers system="0" default="0" reference="113" classloader="0" />
    <remembered-set count="776" />
  </mem-info>
</gc-end>
<cycle-end id="1111" type="scavenge" contextid="1105" timestamp="2024-07-18T15:43:34.075" />
<allocation-satisfied id="1112" threadId="000000000149E400" bytesRequested="8200" />
<af-end id="1113" timestamp="2024-07-18T15:43:34.076" threadId="000000000149EE38" success="true" from="nursery"/>
<exclusive-end id="1114" timestamp="2024-07-18T15:43:34.077" durationms="10.241" />

<exclusive-start id="1115" timestamp="2024-07-18T15:43:37.315" intervalms="3248.301">
  <response-info timems="0.087" idlems="0.087" threads="0" lastid="0000000000570C00" lastname="Unconstrained build operations Thread 105" />
</exclusive-start>
<af-start id="1116" threadId="0000000000571638" totalBytesRequested="16392" timestamp="2024-07-18T15:43:37.315" intervalms="3248.377" type="nursery" />
<cycle-start id="1117" type="scavenge" contextid="0" timestamp="2024-07-18T15:43:37.316" intervalms="3248.451" />
<gc-start id="1118" type="scavenge" contextid="1117" timestamp="2024-07-18T15:43:37.317">
  <mem-info id="1119" free="145682968" total="290717696" percent="50">
    <mem type="nursery" free="0" total="89391104" percent="0">
      <mem type="allocate" free="0" total="79953920" percent="0" />
      <mem type="survivor" free="0" total="9437184" percent="0" />
    </mem>
    <mem type="tenure" free="145682968" total="201326592" percent="72">
      <mem type="soa" free="135616024" total="191259648" percent="70" />
      <mem type="loa" free="10066944" total="10066944" percent="100" />
    </mem>
    <remembered-set count="952" />
  </mem-info>
</gc-start>
<allocation-stats totalBytes="75878592" discardedBytes="97416" >
  <allocated-bytes non-tlh="831592" tlh="75047000" />
  <largest-consumer threadName="Daemon worker Thread 5" threadId="0000000000600B00" bytes="19775896" />
</allocation-stats>
<gc-op id="1120" type="scavenge" timems="5.646" contextid="1117" timestamp="2024-07-18T15:43:37.323">
  <scavenger-info tenureage="14" tenuremask="4000" tiltratio="89" />
  <memory-copied type="nursery" objects="176571" bytes="8402096" bytesdiscarded="69776" />
  <finalization candidates="1" enqueued="1" />
  <ownableSynchronizers candidates="1096" cleared="583" />
  <references type="soft" candidates="70" cleared="0" enqueued="0" dynamicThreshold="24" maxThreshold="32" />
  <references type="weak" candidates="661" cleared="50" enqueued="50" />
  <references type="phantom" candidates="28" cleared="1" enqueued="1" />
  <object-monitors candidates="10" cleared="0"  />
</gc-op>
<gc-end id="1121" type="scavenge" contextid="1117" durationms="9.923" usertimems="25.109" systemtimems="0.000" stalltimems="6.313" timestamp="2024-07-18T15:43:37.326" activeThreads="5">
  <mem-info id="1122" free="212683352" total="290717696" percent="73">
    <mem type="nursery" free="67000384" total="89391104" percent="74">
      <mem type="allocate" free="67000384" total="75497472" percent="88" />
      <mem type="survivor" free="0" total="13893632" percent="0" />
    </mem>
    <mem type="tenure" free="145682968" total="201326592" percent="72" macro-fragmented="99381968">
      <mem type="soa" free="135616024" total="191259648" percent="70" />
      <mem type="loa" free="10066944" total="10066944" percent="100" />
    </mem>
    <pending-finalizers system="0" default="1" reference="51" classloader="0" />
    <remembered-set count="783" />
  </mem-info>
</gc-end>
<cycle-end id="1123" type="scavenge" contextid="1117" timestamp="2024-07-18T15:43:37.327" />
<allocation-satisfied id="1124" threadId="0000000000570C00" bytesRequested="16392" />
<af-end id="1125" timestamp="2024-07-18T15:43:37.328" threadId="0000000000571638" success="true" from="nursery"/>
<exclusive-end id="1126" timestamp="2024-07-18T15:43:37.328" durationms="13.377" />

<exclusive-start id="1127" timestamp="2024-07-18T15:44:20.190" intervalms="42875.435">
  <response-info timems="0.053" idlems="0.053" threads="0" lastid="0000000000600B00" lastname="Daemon worker Thread 5" />
</exclusive-start>
<af-start id="1128" threadId="0000000000601538" totalBytesRequested="1040" timestamp="2024-07-18T15:44:20.190" intervalms="42875.324" type="nursery" />
<cycle-start id="1129" type="scavenge" contextid="0" timestamp="2024-07-18T15:44:20.191" intervalms="42875.118" />
<gc-start id="1130" type="scavenge" contextid="1129" timestamp="2024-07-18T15:44:20.191">
  <mem-info id="1131" free="145682968" total="290717696" percent="50">
    <mem type="nursery" free="0" total="89391104" percent="0">
      <mem type="allocate" free="0" total="75497472" percent="0" />
      <mem type="survivor" free="0" total="13893632" percent="0" />
    </mem>
    <mem type="tenure" free="145682968" total="201326592" percent="72">
      <mem type="soa" free="135616024" total="191259648" percent="70" />
      <mem type="loa" free="10066944" total="10066944" percent="100" />
    </mem>
    <remembered-set count="951" />
  </mem-info>
</gc-start>
<allocation-stats totalBytes="66953256" discardedBytes="47128" >
  <allocated-bytes non-tlh="1567256" tlh="65386000" />
  <largest-consumer threadName="included builds" threadId="000000000138F000" bytes="2395304" />
</allocation-stats>
<gc-op id="1132" type="scavenge" timems="3.617" contextid="1129" timestamp="2024-07-18T15:44:20.196">
  <scavenger-info tenureage="14" tenuremask="4000" tiltratio="84" />
  <memory-copied type="nursery" objects="30742" bytes="1933528" bytesdiscarded="123360" />
  <memory-copied type="tenure" objects="1513" bytes="67768" bytesdiscarded="80" />
  <finalization candidates="44" enqueued="44" />
  <ownableSynchronizers candidates="1143" cleared="796" />
  <references type="soft" candidates="2" cleared="0" enqueued="0" dynamicThreshold="24" maxThreshold="32" />
  <references type="weak" candidates="313" cleared="106" enqueued="70" />
  <references type="phantom" candidates="12" cleared="2" enqueued="2" />
  <object-monitors candidates="11" cleared="2"  />
</gc-op>
<gc-end id="1133" type="scavenge" contextid="1129" durationms="5.905" usertimems="9.972" systemtimems="0.895" stalltimems="12.124" timestamp="2024-07-18T15:44:20.197" activeThreads="6">
  <mem-info id="1134" free="219842664" total="290717696" percent="75">
    <mem type="nursery" free="74289688" total="89391104" percent="83">
      <mem type="allocate" free="74289688" total="76349440" percent="97" />
      <mem type="survivor" free="0" total="13041664" percent="0" />
    </mem>
    <mem type="tenure" free="145552976" total="201326592" percent="72" macro-fragmented="0">
      <mem type="soa" free="135486032" total="191259648" percent="70" />
      <mem type="loa" free="10066944" total="10066944" percent="100" />
    </mem>
    <pending-finalizers system="0" default="44" reference="72" classloader="0" />
    <remembered-set count="734" />
  </mem-info>
</gc-end>
<cycle-end id="1135" type="scavenge" contextid="1129" timestamp="2024-07-18T15:44:20.198" />
<allocation-satisfied id="1136" threadId="0000000000600B00" bytesRequested="1040" />
<af-end id="1137" timestamp="2024-07-18T15:44:20.198" threadId="0000000000601538" success="true" from="nursery"/>
<exclusive-end id="1138" timestamp="2024-07-18T15:44:20.199" durationms="8.667" />

<exclusive-start id="1139" timestamp="2024-07-18T15:44:20.348" intervalms="157.661">
  <response-info timems="0.070" idlems="0.070" threads="0" lastid="000000000148D100" lastname="Unconstrained build operations Thread 40" />
</exclusive-start>
<af-start id="1140" threadId="000000000148DB38" totalBytesRequested="3144" timestamp="2024-07-18T15:44:20.348" intervalms="157.691" type="nursery" />
<cycle-start id="1141" type="scavenge" contextid="0" timestamp="2024-07-18T15:44:20.349" intervalms="157.844" />
<gc-start id="1142" type="scavenge" contextid="1141" timestamp="2024-07-18T15:44:20.350">
  <mem-info id="1143" free="145552976" total="290717696" percent="50">
    <mem type="nursery" free="0" total="89391104" percent="0">
      <mem type="allocate" free="0" total="76349440" percent="0" />
      <mem type="survivor" free="0" total="13041664" percent="0" />
    </mem>
    <mem type="tenure" free="145552976" total="201326592" percent="72">
      <mem type="soa" free="135486032" total="191259648" percent="70" />
      <mem type="loa" free="10066944" total="10066944" percent="100" />
    </mem>
    <remembered-set count="763" />
  </mem-info>
</gc-start>
<allocation-stats totalBytes="74203768" discardedBytes="85920" >
  <allocated-bytes non-tlh="1214344" tlh="72989424" />
  <largest-consumer threadName="Daemon worker Thread 5" threadId="0000000000600B00" bytes="33991768" />
</allocation-stats>
<gc-op id="1144" type="scavenge" timems="4.750" contextid="1141" timestamp="2024-07-18T15:44:20.355">
  <scavenger-info tenureage="12" tenuremask="5000" tiltratio="85" />
  <memory-copied type="nursery" objects="80925" bytes="3966192" bytesdiscarded="54344" />
  <memory-copied type="tenure" objects="1220" bytes="57104" bytesdiscarded="296" />
  <ownableSynchronizers candidates="568" cleared="197" />
  <references type="soft" candidates="38" cleared="0" enqueued="0" dynamicThreshold="24" maxThreshold="32" />
  <references type="weak" candidates="427" cleared="97" enqueued="97" />
  <references type="phantom" candidates="14" cleared="0" enqueued="0" />
  <object-monitors candidates="9" cleared="0"  />
</gc-op>
<gc-end id="1145" type="scavenge" contextid="1141" durationms="6.519" usertimems="17.510" systemtimems="1.570" stalltimems="5.402" timestamp="2024-07-18T15:44:20.356" activeThreads="5">
  <mem-info id="1146" free="219047784" total="290717696" percent="75">
    <mem type="nursery" free="73494808" total="89391104" percent="82">
      <mem type="allocate" free="73494808" total="77529088" percent="94" />
      <mem type="survivor" free="0" total="11862016" percent="0" />
    </mem>
    <mem type="tenure" free="145552976" total="201326592" percent="72" macro-fragmented="82818304">
      <mem type="soa" free="135486032" total="191259648" percent="70" />
      <mem type="loa" free="10066944" total="10066944" percent="100" />
    </mem>
    <pending-finalizers system="0" default="0" reference="97" classloader="0" />
    <remembered-set count="739" />
  </mem-info>
</gc-end>
<cycle-end id="1147" type="scavenge" contextid="1141" timestamp="2024-07-18T15:44:20.357" />
<allocation-satisfied id="1148" threadId="000000000148D100" bytesRequested="3144" />
<af-end id="1149" timestamp="2024-07-18T15:44:20.358" threadId="000000000148DB38" success="true" from="nursery"/>
<exclusive-end id="1150" timestamp="2024-07-18T15:44:20.358" durationms="10.342" />

<exclusive-start id="1151" timestamp="2024-07-18T15:44:22.476" intervalms="2128.371">
  <response-info timems="0.151" idlems="0.151" threads="0" lastid="00000000014F6500" lastname="Cache worker for execution history cache (/workspace/project/.g" />
</exclusive-start>
<af-start id="1152" threadId="00000000014F6F38" totalBytesRequested="8200" timestamp="2024-07-18T15:44:22.476" intervalms="2128.305" type="nursery" />
<cycle-start id="1153" type="scavenge" contextid="0" timestamp="2024-07-18T15:44:22.477" intervalms="2128.201" />
<gc-start id="1154" type="scavenge" contextid="1153" timestamp="2024-07-18T15:44:22.479">
  <mem-info id="1155" free="145552976" total="290717696" percent="50">
    <mem type="nursery" free="0" total="89391104" percent="0">
      <mem type="allocate" free="0" total="77529088" percent="0" />
      <mem type="survivor" free="0" total="11862016" percent="0" />
    </mem>
    <mem type="tenure" free="145552976" total="201326592" percent="72">
      <mem type="soa" free="135486032" total="191259648" percent="70" />
      <mem type="loa" free="10066944" total="10066944" percent="100" />
    </mem>
    <remembered-set count="872" />
  </mem-info>
</gc-start>
<allocation-stats totalBytes="73425080" discardedBytes="69728" >
  <allocated-bytes non-tlh="547944" tlh="72877136" />
  <largest-consumer threadName="Daemon worker Thread 5" threadId="0000000000600B00" bytes="38375048" />
</allocation-stats>
<gc-op id="1156" type="scavenge" timems="7.272" contextid="1153" timestamp="2024-07-18T15:44:22.487">
  <scavenger-info tenureage="14" tenuremask="4000" tiltratio="86" />
  <memory-copied type="nursery" objects="124384" bytes="5120272" bytesdiscarded="39728" />
  <memory-copied type="tenure" objects="21" bytes="560" bytesdiscarded="0" />
  <finalization candidates="1" enqueued="1" />
  <ownableSynchronizers candidates="954" cleared="492" />
  <references type="soft" candidates="53" cleared="0" enqueued="0" dynamicThreshold="24" maxThreshold="32" />
  <references type="weak" candidates="469" cleared="3" enqueued="3" />
  <references type="phantom" candidates="18" cleared="0" enqueued="0" />
  <object-monitors candidates="10" cleared="0"  />
</gc-op>
<gc-end id="1157" type="scavenge" contextid="1153" durationms="11.065" usertimems="39.722" systemtimems="1.745" stalltimems="8.385" timestamp="2024-07-18T15:44:22.490" activeThreads="5">
  <mem-info id="1158" free="218794088" total="290717696" percent="75">
    <mem type="nursery" free="73262288" total="89391104" percent="81">
      <mem type="allocate" free="73262288" total="78446592" percent="93" />
      <mem type="survivor" free="0" total="10944512" percent="0" />
    </mem>
    <mem type="tenure" free="145531800" total="201326592" percent="72" macro-fragmented="119258368">
      <mem type="soa" free="135464856" total="191259648" percent="70" />
      <mem type="loa" free="10066944" total="10066944" percent="100" />
    </mem>
    <pending-finalizers system="0" default="1" reference="3" classloader="0" />
    <remembered-set count="742" />
  </mem-info>
</gc-end>
<cycle-end id="1159" type="scavenge" contextid="1153" timestamp="2024-07-18T15:44:22.491" />
<allocation-satisfied id="1160" threadId="00000000014F6500" bytesRequested="8200" />
<af-end id="1161" timestamp="2024-07-18T15:44:22.491" threadId="00000000014F6F38" success="true" from="nursery"/>
<exclusive-end id="1162" timestamp="2024-07-18T15:44:22.491" durationms="15.286" />

<exclusive-start id="1163" timestamp="2024-07-18T15:44:24.355" intervalms="1879.067">
  <response-info timems="0.112" idlems="0.112" threads="0" lastid="0000000001493A00" lastname="Unconstrained build operations Thread 107" />
</exclusive-start>
<af-start id="1164" threadId="0000000001494438" totalBytesRequested="24" timestamp="2024-07-18T15:44:24.356" intervalms="1879.091" type="nursery" />
<cycle-start id="1165" type="scavenge" contextid="0" timestamp="2024-07-18T15:44:24.356" intervalms="1879.166" />
<gc-start id="1166" type="scavenge" contextid="1165" timestamp="2024-07-18T15:44:24.357">
  <mem-info id="1167" free="145531800" total="290717696" percent="50">
    <mem type="nursery" free="0" total="89391104" percent="0">
      <mem type="allocate" free="0" total="78446592" percent="0" />
      <mem type="survivor" free="0" total="10944512" percent="0" />
    </mem>
    <mem type="tenure" free="145531800" total="201326592" percent="72">
      <mem type="soa" free="135464856" total="191259648" percent="70" />
      <mem type="loa" free="10066944" total="10066944" percent="100" />
    </mem>
    <remembered-set count="816" />
  </mem-info>
</gc-start>
<allocation-stats totalBytes="73192856" discardedBytes="69432" >
  <allocated-bytes non-tlh="622744" tlh="72570112" />
  <largest-consumer threadName="Unconstrained build operations Thread 107" threadId="0000000001493A00" bytes="18669016" />
</allocation-stats>
<gc-op id="1168" type="scavenge" timems="5.309" contextid="1165" timestamp="2024-07-18T15:44:24.363">
  <scavenger-info tenureage="14" tenuremask="4000" tiltratio="87" />
  <memory-copied type="nursery" objects="165759" bytes="7307608" bytesdiscarded="89248" />
  <ownableSynchronizers candidates="693" cleared="193" />
  <references type="soft" candidates="72" cleared="0" enqueued="0" dynamicThreshold="24" maxThreshold="32" />
  <references type="weak" candidates="662" cleared="60" enqueued="60" />
  <references type="phantom" candidates="23" cleared="1" enqueued="1" />
  <object-monitors candidates="10" cleared="0"  />
</gc-op>
<gc-end id="1169" type="scavenge" contextid="1165" durationms="8.272" usertimems="24.182" systemtimems="0.000" stalltimems="4.521" timestamp="2024-07-18T15:44:24.366" activeThreads="5">
  <mem-info id="1170" free="216494872" total="290717696" percent="74">
    <mem type="nursery" free="70963072" total="89391104" percent="79">
      <mem type="allocate" free="70963072" total="78381056" percent="90" />
      <mem type="survivor" free="0" total="11010048" percent="0" />
    </mem>
    <mem type="tenure" free="145531800" total="201326592" percent="72" macro-fragmented="119258368">
      <mem type="soa" free="135464856" total="191259648" percent="70" />
      <mem type="loa" free="10066944" total="10066944" percent="100" />
    </mem>
    <pending-finalizers system="0" default="0" reference="61" classloader="0" />
    <remembered-set count="739" />
  </mem-info>
</gc-end>
<cycle-end id="1171" type="scavenge" contextid="1165" timestamp="2024-07-18T15:44:24.366" />
<allocation-satisfied id="1172" threadId="0000000001493A00" bytesRequested="24" />
<af-end id="1173" timestamp="2024-07-18T15:44:24.366" threadId="0000000001494438" success="true" from="nursery"/>
<exclusive-end id="1174" timestamp="2024-07-18T15:44:24.367" durationms="11.430" />

<exclusive-start id="1175" timestamp="2024-07-18T15:44:38.843" intervalms="14487.874">
  <response-info timems="0.055" idlems="0.055" threads="0" lastid="0000000000600B00" lastname="Daemon worker Thread 5" />
</exclusive-start>
<af-start id="1176" threadId="0000000000601538" totalBytesRequested="16" timestamp="2024-07-18T15:44:38.843" intervalms="14487.880" type="nursery" />
<cycle-start id="1177" type="scavenge" contextid="0" timestamp="2024-07-18T15:44:38.844" intervalms="14487.815" />
<gc-start id="1178" type="scavenge" contextid="1177" timestamp="2024-07-18T15:44:38.844">
  <mem-info id="1179" free="145531800" total="290717696" percent="50">
    <mem type="nursery" free="0" total="89391104" percent="0">
      <mem type="allocate" free="0" total="78381056" percent="0" />
      <mem type="survivor" free="0" total="11010048" percent="0" />
    </mem>
    <mem type="tenure" free="145531800" total="201326592" percent="72">
      <mem type="soa" free="135464856" total="191259648" percent="70" />
      <mem type="loa" free="10066944" total="10066944" percent="100" />
    </mem>
    <remembered-set count="924" />
  </mem-info>
</gc-start>
<allocation-stats totalBytes="70893040" discardedBytes="70032" >
  <allocated-bytes non-tlh="2144720" tlh="68748320" />
  <largest-consumer threadName="Daemon worker Thread 5" threadId="0000000000600B00" bytes="27378816" />
</allocation-stats>
<gc-op id="1180" type="scavenge" timems="3.582" contextid="1177" timestamp="2024-07-18T15:44:38.849">
  <scavenger-info tenureage="3" tenuremask="4008" tiltratio="87" />
  <memory-copied type="nursery" objects="57099" bytes="3152992" bytesdiscarded="188200" />
  <memory-copied type="tenure" objects="133" bytes="19376" bytesdiscarded="200" />
  <finalization candidates="44" enqueued="44" />
  <ownableSynchronizers candidates="1225" cleared="843" />
  <references type="soft" candidates="12" cleared="0" enqueued="0" dynamicThreshold="24" maxThreshold="32" />
  <references type="weak" candidates="388" cleared="151" enqueued="117" />
  <references type="phantom" candidates="12" cleared="2" enqueued="2" />
  <object-monitors candidates="12" cleared="3"  />
</gc-op>
<gc-end id="1181" type="scavenge" contextid="1177" durationms="5.423" usertimems="2.510" systemtimems="9.482" stalltimems="10.702" timestamp="2024-07-18T15:44:38.850" activeThreads="6">
  <mem-info id="1182" free="221022216" total="290717696" percent="76">
    <mem type="nursery" free="75490416" total="89391104" percent="84">
      <mem type="allocate" free="75490416" total="78839808" percent="95" />
      <mem type="survivor" free="0" total="10551296" percent="0" />
    </mem>
    <mem type="tenure" free="145531800" total="201326592" percent="72" macro-fragmented="119258368">
      <mem type="soa" free="135464856" total="191259648" percent="70" />
      <mem type="loa" free="10066944" total="10066944" percent="100" />
    </mem>
    <pending-finalizers system="0" default="44" reference="119" classloader="0" />
    <remembered-set count="740" />
  </mem-info>
</gc-end>
<cycle-end id="1183" type="scavenge" contextid="1177" timestamp="2024-07-18T15:44:38.850" />
<allocation-satisfied id="1184" threadId="0000000000600B00" bytesRequested="16" />
<af-end id="1185" timestamp="2024-07-18T15:44:38.851" threadId="0000000000601538" success="true" from="nursery"/>
<exclusive-end id="1186" timestamp="2024-07-18T15:44:38.851" durationms="7.998" />

<exclusive-start id="1187" timestamp="2024-07-18T15:44:38.991" intervalms="148.037">
  <response-info timems="0.065" idlems="0.065" threads="0" lastid="000000000060C400" lastname="Unconstrained build operations Thread 53" />
</exclusive-start>
<af-start id="1188" threadId="000000000060CE38" totalBytesRequested="24" timestamp="2024-07-18T15:44:38.992" intervalms="148.111" type="nursery" />
<cycle-start id="1189" type="scavenge" contextid="0" timestamp="2024-07-18T15:44:38.992" intervalms="148.131" />
<gc-start id="1190" type="scavenge" contextid="1189" timestamp="2024-07-18T15:44:38.994">
  <mem-info id="1191" free="145531800" total="290717696" percent="50">
    <mem type="nursery" free="0" total="89391104" percent="0">
      <mem type="allocate" free="0" total="78839808" percent="0" />
      <mem type="survivor" free="0" total="10551296" percent="0" />
    </mem>
    <mem type="tenure" free="145531800" total="201326592" percent="72">
      <mem type="soa" free="135464856" total="191259648" percent="70" />
      <mem type="loa" free="10066944" total="10066944" percent="100" />
    </mem>
    <remembered-set count="775" />
  </mem-info>
</gc-start>
<allocation-stats totalBytes="75417728" discardedBytes="72688" >
  <allocated-bytes non-tlh="1114944" tlh="74302784" />
  <largest-consumer threadName="Daemon worker Thread 5" threadId="0000000000600B00" bytes="29348752" />
</allocation-stats>
<gc-op id="1192" type="scavenge" timems="3.428" contextid="1189" timestamp="2024-07-18T15:44:38.998">
  <scavenger-info tenureage="14" tenuremask="4000" tiltratio="88" />
  <memory-copied type="nursery" objects="92490" bytes="4286904" bytesdiscarded="63184" />
  <ownableSynchronizers candidates="586" cleared="207" />
  <references type="soft" candidates="46" cleared="0" enqueued="0" dynamicThreshold="24" maxThreshold="32" />
  <references type="weak" candidates="453" cleared="111" enqueued="111" />
  <references type="phantom" candidates="11" cleared="0" enqueued="0" />
  <object-monitors candidates="9" cleared="0"  />
</gc-op>
<gc-end id="1193" type="scavenge" contextid="1189" durationms="4.700" usertimems="11.507" systemtimems="1.055" stalltimems="4.297" timestamp="2024-07-18T15:44:38.998" activeThreads="5">
  <mem-info id="1194" free="220854576" total="290717696" percent="75">
    <mem type="nursery" free="75322776" total="89391104" percent="84">
      <mem type="allocate" free="75322776" total="79691776" percent="94" />
      <mem type="survivor" free="0" total="9699328" percent="0" />
    </mem>
    <mem type="tenure" free="145531800" total="201326592" percent="72" macro-fragmented="119258368">
      <mem type="soa" free="135464856" total="191259648" percent="70" />
      <mem type="loa" free="10066944" total="10066944" percent="100" />
    </mem>
    <pending-finalizers system="0" default="0" reference="111" classloader="0" />
    <remembered-set count="737" />
  </mem-info>
</gc-end>
<cycle-end id="1195" type="scavenge" contextid="1189" timestamp="2024-07-18T15:44:38.999" />
<allocation-satisfied id="1196" threadId="000000000060C400" bytesRequested="24" />
<af-end id="1197" timestamp="2024-07-18T15:44:38.999" threadId="000000000060CE38" success="true" from="nursery"/>
<exclusive-end id="1198" timestamp="2024-07-18T15:44:39.000" durationms="8.536" />

<exclusive-start id="1199" timestamp="2024-07-18T15:44:42.347" intervalms="3355.488">
  <response-info timems="0.090" idlems="0.066" threads="1" lastid="0000000000604700" lastname="Unconstrained build operations Thread 107" />
</exclusive-start>
<af-start id="1200" threadId="0000000001436738" totalBytesRequested="16" timestamp="2024-07-18T15:44:42.347" intervalms="3355.488" type="nursery" />
<cycle-start id="1201" type="scavenge" contextid="0" timestamp="2024-07-18T15:44:42.348" intervalms="3355.565" />
<gc-start id="1202" type="scavenge" contextid="1201" timestamp="2024-07-18T15:44:42.348">
  <mem-info id="1203" free="145531800" total="290717696" percent="50">
    <mem type="nursery" free="0" total="89391104" percent="0">
      <mem type="allocate" free="0" total="79691776" percent="0" />
      <mem type="survivor" free="0" total="9699328" percent="0" />
    </mem>
    <mem type="tenure" free="145531800" total="201326592" percent="72">
      <mem type="soa" free="135464856" total="191259648" percent="70" />
      <mem type="loa" free="10066944" total="10066944" percent="100" />
    </mem>
    <remembered-set count="931" />
  </mem-info>
</gc-start>
<allocation-stats totalBytes="75227688" discardedBytes="95088" >
  <allocated-bytes non-tlh="897192" tlh="74330496" />
  <largest-consumer threadName="Daemon worker Thread 5" threadId="0000000000600B00" bytes="20534040" />
</allocation-stats>
<gc-op id="1204" type="scavenge" timems="5.239" contextid="1201" timestamp="2024-07-18T15:44:42.354">
  <scavenger-info tenureage="14" tenuremask="4000" tiltratio="89" />
  <memory-copied type="nursery" objects="174522" bytes="8295128" bytesdiscarded="45488" />
  <memory-copied type="tenure" objects="19" bytes="552" bytesdiscarded="0" />
  <finalization candidates="1" enqueued="1" />
  <ownableSynchronizers candidates="1098" cleared="584" />
  <references type="soft" candidates="72" cleared="0" enqueued="0" dynamicThreshold="24" maxThreshold="32" />
  <references type="weak" candidates="691" cleared="49" enqueued="49" />
  <references type="phantom" candidates="29" cleared="1" enqueued="1" />
  <object-monitors candidates="10" cleared="0"  />
</gc-op>
<gc-end id="1205" type="scavenge" contextid="1201" durationms="8.396" usertimems="20.180" systemtimems="1.874" stalltimems="6.020" timestamp="2024-07-18T15:44:42.357" activeThreads="5">
  <mem-info id="1206" free="213187080" total="290717696" percent="73">
    <mem type="nursery" free="67656296" total="89391104" percent="75">
      <mem type="allocate" free="67656296" total="76021760" percent="88" />
      <mem type="survivor" free="0" total="13369344" percent="0" />
    </mem>
    <mem type="tenure" free="145530784" total="201326592" percent="72" macro-fragmented="119258368">
      <mem type="soa" free="135463840" total="191259648" percent="70" />
      <mem type="loa" free="10066944" total="10066944" percent="100" />
    </mem>
    <pending-finalizers system="0" default="1" reference="50" classloader="0" />
    <remembered-set count="741" />
  </mem-info>
</gc-end>
<cycle-end id="1207" type="scavenge" contextid="1201" timestamp="2024-07-18T15:44:42.357" />
<allocation-satisfied id="1208" threadId="0000000001435D00" bytesRequested="16" />
<af-end id="1209" timestamp="2024-07-18T15:44:42.358" threadId="0000000001436738" success="true" from="nursery"/>
<exclusive-end id="1210" timestamp="2024-07-18T15:44:42.359" durationms="11.968" />

<exclusive-start id="1211" timestamp="2024-07-18T15:45:37.032" intervalms="54685.486">
  <response-info timems="0.038" idlems="0.038" threads="0" lastid="00000000005AF900" lastname="Daemon periodic checks" />
</exclusive-start>
<af-start id="1212" threadId="00000000005B0338" totalBytesRequested="48" timestamp="2024-07-18T15:45:37.032" intervalms="54685.451" type="nursery" />
<cycle-start id="1213" type="scavenge" contextid="0" timestamp="2024-07-18T15:45:37.033" intervalms="54685.325" />
<gc-start id="1214" type="scavenge" contextid="1213" timestamp="2024-07-18T15:45:37.033">
  <mem-info id="1215" free="145530784" total="290717696" percent="50">
    <mem type="nursery" free="0" total="89391104" percent="0">
      <mem type="allocate" free="0" total="76021760" percent="0" />
      <mem type="survivor" free="0" total="13369344" percent="0" />
    </mem>
    <mem type="tenure" free="145530784" total="201326592" percent="72">
      <mem type="soa" free="135463840" total="191259648" percent="70" />
      <mem type="loa" free="10066944" total="10066944" percent="100" />
    </mem>
    <remembered-set count="872" />
  </mem-info>
</gc-start>
<allocation-stats totalBytes="67608272" discardedBytes="48024" >
  <allocated-bytes non-tlh="1720008" tlh="65888264" />
  <largest-consumer threadName="included builds" threadId="0000000001EDE900" bytes="24300256" />
</allocation-stats>
<gc-op id="1216" type="scavenge" timems="2.832" contextid="1213" timestamp="2024-07-18T15:45:37.037">
  <scavenger-info tenureage="14" tenuremask="4000" tiltratio="85" />
  <memory-copied type="nursery" objects="16728" bytes="1422848" bytesdiscarded="126160" />
  <memory-copied type="tenure" objects="1332" bytes="78104" bytesdiscarded="1744" />
  <finalization candidates="44" enqueued="44" />
  <ownableSynchronizers candidates="850" cleared="640" />
  <references type="soft" candidates="1" cleared="0" enqueued="0" dynamicThreshold="24" maxThreshold="32" />
  <references type="weak" candidates="201" cleared="98" enqueued="70" />
  <references type="phantom" candidates="5" cleared="0" enqueued="0" />
  <object-monitors candidates="11" cleared="1"  />
</gc-op>
<gc-end id="1217" type="scavenge" contextid="1213" durationms="4.630" usertimems="8.786" systemtimems="0.000" stalltimems="9.055" timestamp="2024-07-18T15:45:37.038" activeThreads="6">
  <mem-info id="1218" free="220526880" total="290717696" percent="75">
    <mem type="nursery" free="75192184" total="89391104" percent="84">
      <mem type="allocate" free="75192184" total="76742656" percent="97" />
      <mem type="survivor" free="0" total="12648448" percent="0" />
    </mem>
    <mem type="tenure" free="145334696" total="201326592" percent="72" macro-fragmented="99381968">
      <mem type="soa" free="135267752" total="191259648" percent="70" />
      <mem type="loa" free="10066944" total="10066944" percent="100" />
    </mem>
    <pending-finalizers system="0" default="44" reference="70" classloader="0" />
    <remembered-set count="720" />
  </mem-info>
</gc-end>
<cycle-end id="1219" type="scavenge" contextid="1213" timestamp="2024-07-18T15:45:37.039" />
<allocation-satisfied id="1220" threadId="00000000005AF900" bytesRequested="48" />
<af-end id="1221" timestamp="2024-07-18T15:45:37.039" threadId="00000000005B0338" success="true" from="nursery"/>
<exclusive-end id="1222" timestamp="2024-07-18T15:45:37.040" durationms="7.466" />

<exclusive-start id="1223" timestamp="2024-07-18T15:45:44.353" intervalms="7320.458">
  <response-info timems="0.079" idlems="0.079" threads="0" lastid="000000000139BF00" lastname="Unconstrained build operations Thread 34" />
</exclusive-start>
<af-start id="1224" threadId="000000000139C938" totalBytesRequested="24" timestamp="2024-07-18T15:45:44.353" intervalms="7320.527" type="nursery" />
<cycle-start id="1225" type="scavenge" contextid="0" timestamp="2024-07-18T15:45:44.354" intervalms="7320.721" />
<gc-start id="1226" type="scavenge" contextid="1225" timestamp="2024-07-18T15:45:44.356">
  <mem-info id="1227" free="145334496" total="290717696" percent="49">
    <mem type="nursery" free="0" total="89391104" percent="0">
      <mem type="allocate" free="0" total="76742656" percent="0" />
      <mem type="survivor" free="0" total="12648448" percent="0" />
    </mem>
    <mem type="tenure" free="145334496" total="201326592" percent="72">
      <mem type="soa" free="135267552" total="191259648" percent="70" />
      <mem type="loa" free="10066944" total="10066944" percent="100" />
    </mem>
    <remembered-set count="885" />
  </mem-info>
</gc-start>
<allocation-stats totalBytes="75114968" discardedBytes="77416" >
  <allocated-bytes non-tlh="1180760" tlh="73934208" />
  <largest-consumer threadName="Daemon worker Thread 6" threadId="00000000013A5C00" bytes="37071744" />
</allocation-stats>
<gc-op id="1228" type="scavenge" timems="3.901" contextid="1225" timestamp="2024-07-18T15:45:44.361">
  <scavenger-info tenureage="14" tenuremask="4000" tiltratio="85" />
  <memory-copied type="nursery" objects="90725" bytes="4331296" bytesdiscarded="73008" />
  <ownableSynchronizers candidates="730" cleared="359" />
  <references type="soft" candidates="37" cleared="0" enqueued="0" dynamicThreshold="24" maxThreshold="32" />
  <references type="weak" candidates="429" cleared="105" enqueued="97" />
  <references type="phantom" candidates="12" cleared="2" enqueued="2" />
  <object-monitors candidates="10" cleared="1"  />
</gc-op>
<gc-end id="1229" type="scavenge" contextid="1225" durationms="5.817" usertimems="14.530" systemtimems="0.000" stalltimems="5.490" timestamp="2024-07-18T15:45:44.362" activeThreads="5">
  <mem-info id="1230" free="218511000" total="290717696" percent="75">
    <mem type="nursery" free="73176504" total="89391104" percent="81">
      <mem type="allocate" free="73176504" total="77594624" percent="94" />
      <mem type="survivor" free="0" total="11796480" percent="0" />
    </mem>
    <mem type="tenure" free="145334496" total="201326592" percent="72" macro-fragmented="0">
      <mem type="soa" free="135267552" total="191259648" percent="70" />
      <mem type="loa" free="10066944" total="10066944" percent="100" />
    </mem>
    <pending-finalizers system="0" default="0" reference="99" classloader="0" />
    <remembered-set count="742" />
  </mem-info>
</gc-end>
<cycle-end id="1231" type="scavenge" contextid="1225" timestamp="2024-07-18T15:45:44.362" />
<allocation-satisfied id="1232" threadId="000000000139BF00" bytesRequested="24" />
<af-end id="1233" timestamp="2024-07-18T15:45:44.363" threadId="000000000139C938" success="true" from="nursery"/>
<exclusive-end id="1234" timestamp="2024-07-18T15:45:44.363" durationms="10.705" />

<exclusive-start id="1235" timestamp="2024-07-18T15:45:46.212" intervalms="1859.388">
  <response-info timems="0.109" idlems="0.109" threads="0" lastid="00000000014F1000" lastname="Cache worker for file hash cache (/workspace/project/.gradle/8." />
</exclusive-start>
<af-start id="1236" threadId="00000000014F1A38" totalBytesRequested="4104" timestamp="2024-07-18T15:45:46.212" intervalms="1859.181" type="nursery" />
<cycle-start id="1237" type="scavenge" contextid="0" timestamp="2024-07-18T15:45:46.213" intervalms="1858.957" />
<gc-start id="1238" type="scavenge" contextid="1237" timestamp="2024-07-18T15:45:46.214">
  <mem-info id="1239" free="145334000" total="290717696" percent="49">
    <mem type="nursery" free="0" total="89391104" percent="0">
      <mem type="allocate" free="0" total="77594624" percent="0" />
      <mem type="survivor" free="0" total="11796480" percent="0" />
    </mem>
    <mem type="tenure" free="145334000" total="201326592" percent="72">
      <mem type="soa" free="135267056" total="191259648" percent="70" />
      <mem type="loa" free="10066944" total="10066944" percent="100" />
    </mem>
    <remembered-set count="880" />
  </mem-info>
</gc-start>
<allocation-stats totalBytes="73087024" discardedBytes="89976" >
  <allocated-bytes non-tlh="528912" tlh="72558112" />
  <largest-consumer threadName="Daemon worker Thread 6" threadId="00000000013A5C00" bytes="38637008" />
</allocation-stats>
<gc-op id="1240" type="scavenge" timems="5.861" contextid="1237" timestamp="2024-07-18T15:45:46.220">
  <scavenger-info tenureage="14" tenuremask="4000" tiltratio="86" />
  <memory-copied type="nursery" objects="125331" bytes="5145792" bytesdiscarded="63544" />
  <memory-copied type="tenure" objects="3" bytes="120" bytesdiscarded="0" />
  <finalization candidates="1" enqueued="1" />
  <ownableSynchronizers candidates="953" cleared="492" />
  <references type="soft" candidates="52" cleared="0" enqueued="0" dynamicThreshold="24" maxThreshold="32" />
  <references type="weak" candidates="458" cleared="4" enqueued="4" />
  <references type="phantom" candidates="15" cleared="0" enqueued="0" />
  <object-monitors candidates="10" cleared="0"  />
</gc-op>
<gc-end id="1241" type="scavenge" contextid="1237" durationms="7.536" usertimems="23.545" systemtimems="0.000" stalltimems="6.358" timestamp="2024-07-18T15:45:46.221" activeThreads="5">
  <mem-info id="1242" free="218677880" total="290717696" percent="75">
    <mem type="nursery" free="73343880" total="89391104" percent="82">
      <mem type="allocate" free="73343880" total="78577664" percent="93" />
      <mem type="survivor" free="0" total="10813440" percent="0" />
    </mem>
    <mem type="tenure" free="145334000" total="201326592" percent="72" macro-fragmented="99381968">
      <mem type="soa" free="135267056" total="191259648" percent="70" />
      <mem type="loa" free="10066944" total="10066944" percent="100" />
    </mem>
    <pending-finalizers system="0" default="1" reference="4" classloader="0" />
    <remembered-set count="745" />
  </mem-info>
</gc-end>
<cycle-end id="1243" type="scavenge" contextid="1237" timestamp="2024-07-18T15:45:46.222" />
<allocation-satisfied id="1244" threadId="00000000014F1000" bytesRequested="4104" />
<af-end id="1245" timestamp="2024-07-18T15:45:46.223" threadId="00000000014F1A38" success="true" from="nursery"/>
<exclusive-end id="1246" timestamp="2024-07-18T15:45:46.223" durationms="11.275" />

<exclusive-start id="1247" timestamp="2024-07-18T15:45:48.033" intervalms="1821.186">
  <response-info timems="0.099" idlems="0.099" threads="0" lastid="00000000013A1300" lastname="Unconstrained build operations Thread 106" />
</exclusive-start>
<af-start id="1248" threadId="00000000013A1D38" totalBytesRequested="10008" timestamp="2024-07-18T15:45:48.034" intervalms="1821.396" type="nursery" />
<cycle-start id="1249" type="scavenge" contextid="0" timestamp="2024-07-18T15:45:48.034" intervalms="1821.628" />
<gc-start id="1250" type="scavenge" contextid="1249" timestamp="2024-07-18T15:45:48.035">
  <mem-info id="1251" free="145333616" total="290717696" percent="49">
    <mem type="nursery" free="0" total="89391104" percent="0">
      <mem type="allocate" free="0" total="78577664" percent="0" />
      <mem type="survivor" free="0" total="10813440" percent="0" />
    </mem>
    <mem type="tenure" free="145333616" total="201326592" percent="72">
      <mem type="soa" free="135266672" total="191259648" percent="70" />
      <mem type="loa" free="10066944" total="10066944" percent="100" />
    </mem>
    <remembered-set count="834" />
  </mem-info>
</gc-start>
<allocation-stats totalBytes="73257720" discardedBytes="86544" >
  <allocated-bytes non-tlh="619200" tlh="72638520" />
  <largest-consumer threadName="Unconstrained build operations Thread 106" threadId="00000000013A1300" bytes="18197592" />
</allocation-stats>
<gc-op id="1252" type="scavenge" timems="4.704" contextid="1249" timestamp="2024-07-18T15:45:48.041">
  <scavenger-info tenureage="14" tenuremask="4000" tiltratio="87" />
  <memory-copied type="nursery" objects="161498" bytes="7170992" bytesdiscarded="60096" />
  <memory-copied type="tenure" objects="19" bytes="1520" bytesdiscarded="0" />
  <ownableSynchronizers candidates="699" cleared="200" />
  <references type="soft" candidates="71" cleared="0" enqueued="0" dynamicThreshold="24" maxThreshold="32" />
  <references type="weak" candidates="659" cleared="61" enqueued="61" />
  <references type="phantom" candidates="23" cleared="1" enqueued="1" />
  <object-monitors candidates="10" cleared="0"  />
</gc-op>
<gc-end id="1253" type="scavenge" contextid="1249" durationms="7.083" usertimems="14.843" systemtimems="7.743" stalltimems="6.170" timestamp="2024-07-18T15:45:48.042" activeThreads="6">
  <mem-info id="1254" free="216721104" total="290717696" percent="74">
    <mem type="nursery" free="71390784" total="89391104" percent="79">
      <mem type="allocate" free="71390784" total="78643200" percent="90" />
      <mem type="survivor" free="0" total="10747904" percent="0" />
    </mem>
    <mem type="tenure" free="145330320" total="201326592" percent="72" macro-fragmented="119258368">
      <mem type="soa" free="135263376" total="191259648" percent="70" />
      <mem type="loa" free="10066944" total="10066944" percent="100" />
    </mem>
    <pending-finalizers system="0" default="0" reference="62" classloader="0" />
    <remembered-set count="748" />
  </mem-info>
</gc-end>
<cycle-end id="1255" type="scavenge" contextid="1249" timestamp="2024-07-18T15:45:48.043" />
<allocation-satisfied id="1256" threadId="00000000013A1300" bytesRequested="10008" />
<af-end id="1257" timestamp="2024-07-18T15:45:48.044" threadId="00000000013A1D38" success="true" from="nursery"/>
<exclusive-end id="1258" timestamp="2024-07-18T15:45:48.044" durationms="10.962" />

