<?xml version="1.0" ?>

<verbosegc xmlns="http://www.ibm.com/j9/verbosegc" version="254af5a04_CMPRSS">

<initialized id="1" timestamp="2024-07-17T18:05:34.075">
  <attribute name="gcPolicy" value="-Xgcpolicy:gencon" />
  <attribute name="maxHeapSize" value="0x20000000" />
  <attribute name="initialHeapSize" value="0x10000000" />
  <attribute name="compressedRefs" value="true" />
  <attribute name="compressedRefsDisplacement" value="0x0" />
  <attribute name="compressedRefsShift" value="0x3" />
  <attribute name="pageSize" value="0x1000" />
  <attribute name="pageType" value="not used" />
  <attribute name="requestedPageSize" value="0x1000" />
  <attribute name="requestedPageType" value="not used" />
  <attribute name="gcthreads" value="12" />
  <attribute name="gcthreads Concurrent Mark" value="1" />
  <attribute name="packetListSplit" value="2" />
  <attribute name="cacheListSplit" value="2" />
  <attribute name="splitFreeListSplitAmount" value="2" />
  <attribute name="numaNodes" value="0" />
  <system>
    <attribute name="physicalMemory" value="16621170688" />
    <attribute name="addressablePhysicalMemory" value="16621170688" />
    <attribute name="container memory limit set" value="false" />
    <attribute name="numCPUs" value="12" />
    <attribute name="numCPUs active" value="12" />
    <attribute name="architecture" value="amd64" />
    <attribute name="os" value="Linux" />
    <attribute name="osVersion" value="5.15.153.1-microsoft-standard-WSL2" />
  </system>
  <vmargs>
    <vmarg name="-Xoptionsfile=/opt/java/openjdk/lib/options.default" />
    <vmarg name="-Xlockword:mode=default,noLockword=java/lang/String,noLockword=java/util/MapEntry,noLockword=java/util/HashMap$Entry,noLockword..." />
    <vmarg name="-XX:+EnsureHashed:java/lang/Class,java/lang/Thread" />
    <vmarg name="-Xjcl:jclse29" />
    <vmarg name="-Dcom.ibm.oti.vm.bootstrap.library.path=/opt/java/openjdk/lib/default:/opt/java/openjdk/lib" />
    <vmarg name="-Dsun.boot.library.path=/opt/java/openjdk/lib/default:/opt/java/openjdk/lib" />
    <vmarg name="-Djava.library.path=/opt/java/openjdk/lib/default:/opt/java/openjdk/lib:/usr/lib64:/usr/lib" />
    <vmarg name="-Djava.home=/opt/java/openjdk" />
    <vmarg name="-Duser.dir=/gradle/daemon/8.8" />
    <vmarg name="-XX:+IgnoreUnrecognizedVMOptions" />
    <vmarg name="-XX:+PortableSharedCache" />
    <vmarg name="-XX:+IdleTuningGcOnIdle" />
    <vmarg name="-Xshareclasses:name=openj9_system_scc,cacheDir=/opt/java/.scc,readonly,nonFatal" />
    <vmarg name="-Xverbosegclog:/logs/verbosegc.%seq.log,10,1024" />
    <vmarg name="-XX:+IgnoreUnrecognizedVMOptions" />
    <vmarg name="-XX:+IdleTuningGcOnIdle" />
    <vmarg name="-Xshareclasses:name=openj9_system_scc,cacheDir=/opt/java/.scc,readonly,nonFatal" />
    <vmarg name="-Dosgi.checkConfiguration=false" />
    <vmarg name="-XX:+IgnoreUnrecognizedVMOptions" />
    <vmarg name="-XX:+IdleTuningGcOnIdle" />
    <vmarg name="-Xshareclasses:name=openj9_system_scc,cacheDir=/opt/java/.scc,readonly,nonFatal" />
    <vmarg name="-Dosgi.checkConfiguration=false" />
    <vmarg name="--add-opens=java.base/java.util=ALL-UNNAMED" />
    <vmarg name="--add-opens=java.base/java.lang=ALL-UNNAMED" />
    <vmarg name="--add-opens=java.base/java.lang.invoke=ALL-UNNAMED" />
    <vmarg name="--add-opens=java.prefs/java.util.prefs=ALL-UNNAMED" />
    <vmarg name="--add-opens=java.base/java.nio.charset=ALL-UNNAMED" />
    <vmarg name="--add-opens=java.base/java.net=ALL-UNNAMED" />
    <vmarg name="--add-opens=java.base/java.util.concurrent.atomic=ALL-UNNAMED" />
    <vmarg name="-XX:MaxMetaspaceSize=384m" />
    <vmarg name="-XX:+HeapDumpOnOutOfMemoryError" />
    <vmarg name="-Xms256m" />
    <vmarg name="-Xmx512m" />
    <vmarg name="-Dfile.encoding=UTF-8" />
    <vmarg name="-Duser.country=US" />
    <vmarg name="-Duser.language=en" />
    <vmarg name="-Duser.variant" />
    <vmarg name="-Djava.class.path=/opt/gradle/lib/gradle-launcher-8.8.jar" />
    <vmarg name="-javaagent:/opt/gradle/lib/agents/gradle-instrumentation-agent-8.8.jar" />
    <vmarg name="-Dsun.java.command=org.gradle.launcher.daemon.bootstrap.GradleDaemon 8.8" />
    <vmarg name="-Dsun.java.launcher=SUN_STANDARD" />
  </vmargs>
</initialized>

<exclusive-start id="2" timestamp="2024-07-17T18:05:34.914" intervalms="838.320">
  <response-info timems="0.077" idlems="0.077" threads="0" lastid="000000000001E500" lastname="main" />
</exclusive-start>
<af-start id="3" threadId="000000000001EF38" totalBytesRequested="32" timestamp="2024-07-17T18:05:34.914" intervalms="838.953" type="nursery" />
<cycle-start id="4" type="scavenge" contextid="0" timestamp="2024-07-17T18:05:34.915" intervalms="839.360" />
<gc-start id="5" type="scavenge" contextid="4" timestamp="2024-07-17T18:05:34.915">
  <mem-info id="6" free="200844176" total="268435456" percent="74">
    <mem type="nursery" free="0" total="67108864" percent="0">
      <mem type="allocate" free="0" total="33554432" percent="0" />
      <mem type="survivor" free="0" total="33554432" percent="0" />
    </mem>
    <mem type="tenure" free="200844176" total="201326592" percent="99">
      <mem type="soa" free="190777232" total="191259648" percent="99" />
      <mem type="loa" free="10066944" total="10066944" percent="100" />
    </mem>
    <remembered-set count="6305" />
  </mem-info>
</gc-start>
<allocation-stats totalBytes="34018664" discardedBytes="18184" >
  <allocated-bytes non-tlh="6963920" tlh="27054744" />
  <largest-consumer threadName="main" threadId="000000000001E500" bytes="33895792" />
</allocation-stats>
<gc-op id="7" type="scavenge" timems="19.005" contextid="4" timestamp="2024-07-17T18:05:34.935">
  <scavenger-info tenureage="1" tenuremask="fffe" tiltratio="50" />
  <memory-copied type="nursery" objects="41830" bytes="9579856" bytesdiscarded="312584" />
  <finalization candidates="672" enqueued="425" />
  <ownableSynchronizers candidates="7" cleared="0" />
  <references type="soft" candidates="367" cleared="0" enqueued="0" dynamicThreshold="32" maxThreshold="32" />
  <references type="weak" candidates="2540" cleared="2236" enqueued="2234" />
  <references type="phantom" candidates="540" cleared="66" enqueued="66" />
  <object-monitors candidates="1" cleared="0"  />
</gc-op>
<gc-end id="8" type="scavenge" contextid="4" durationms="20.825" usertimems="30.890" systemtimems="29.415" stalltimems="100.562" timestamp="2024-07-17T18:05:34.936" activeThreads="12">
  <mem-info id="9" free="224502104" total="268435456" percent="83">
    <mem type="nursery" free="23657928" total="67108864" percent="35">
      <mem type="allocate" free="23657928" total="33554432" percent="70" />
      <mem type="survivor" free="0" total="33554432" percent="0" />
    </mem>
    <mem type="tenure" free="200844176" total="201326592" percent="99">
      <mem type="soa" free="190777232" total="191259648" percent="99" />
      <mem type="loa" free="10066944" total="10066944" percent="100" />
    </mem>
    <pending-finalizers system="425" default="0" reference="2300" classloader="0" />
    <remembered-set count="6305" />
  </mem-info>
</gc-end>
<cycle-end id="10" type="scavenge" contextid="4" timestamp="2024-07-17T18:05:34.937" />
<allocation-satisfied id="11" threadId="000000000001E500" bytesRequested="32" />
<af-end id="12" timestamp="2024-07-17T18:05:34.937" threadId="000000000001EF38" success="true" from="nursery"/>
<exclusive-end id="13" timestamp="2024-07-17T18:05:34.938" durationms="24.037" />

<exclusive-start id="14" timestamp="2024-07-17T18:05:35.149" intervalms="234.987">
  <response-info timems="0.042" idlems="0.042" threads="0" lastid="000000000001E500" lastname="main" />
</exclusive-start>
<af-start id="15" threadId="000000000001EF38" totalBytesRequested="8200" timestamp="2024-07-17T18:05:35.149" intervalms="234.727" type="nursery" />
<cycle-start id="16" type="scavenge" contextid="0" timestamp="2024-07-17T18:05:35.149" intervalms="234.734" />
<gc-start id="17" type="scavenge" contextid="16" timestamp="2024-07-17T18:05:35.150">
  <mem-info id="18" free="200826920" total="268435456" percent="74">
    <mem type="nursery" free="0" total="67108864" percent="0">
      <mem type="allocate" free="0" total="33554432" percent="0" />
      <mem type="survivor" free="0" total="33554432" percent="0" />
    </mem>
    <mem type="tenure" free="200826920" total="201326592" percent="99">
      <mem type="soa" free="190759976" total="191259648" percent="99" />
      <mem type="loa" free="10066944" total="10066944" percent="100" />
    </mem>
    <remembered-set count="6488" />
  </mem-info>
</gc-start>
<allocation-stats totalBytes="23618488" discardedBytes="56696" >
  <allocated-bytes non-tlh="3111968" tlh="20506520" />
  <largest-consumer threadName="main" threadId="000000000001E500" bytes="23594592" />
</allocation-stats>
<gc-op id="19" type="scavenge" timems="7.394" contextid="16" timestamp="2024-07-17T18:05:35.158">
  <scavenger-info tenureage="1" tenuremask="7ffe" tiltratio="50" />
  <memory-copied type="nursery" objects="24369" bytes="4293312" bytesdiscarded="649400" />
  <memory-copied type="tenure" objects="34704" bytes="9331472" bytesdiscarded="2912" />
  <finalization candidates="268" enqueued="12" />
  <ownableSynchronizers candidates="8" cleared="0" />
  <references type="soft" candidates="31" cleared="0" enqueued="0" dynamicThreshold="32" maxThreshold="32" />
  <references type="weak" candidates="237" cleared="229" enqueued="227" />
  <references type="phantom" candidates="523" cleared="10" enqueued="10" />
  <object-monitors candidates="1" cleared="0"  />
</gc-op>
<gc-end id="20" type="scavenge" contextid="16" durationms="8.506" usertimems="15.247" systemtimems="16.315" stalltimems="52.258" timestamp="2024-07-17T18:05:35.158" activeThreads="12">
  <mem-info id="21" free="219809128" total="268435456" percent="81">
    <mem type="nursery" free="28610464" total="67108864" percent="42">
      <mem type="allocate" free="28610464" total="33554432" percent="85" />
      <mem type="survivor" free="0" total="33554432" percent="0" />
    </mem>
    <mem type="tenure" free="191198664" total="201326592" percent="94">
      <mem type="soa" free="181131720" total="191259648" percent="94" />
      <mem type="loa" free="10066944" total="10066944" percent="100" />
    </mem>
    <pending-finalizers system="12" default="0" reference="237" classloader="0" />
    <remembered-set count="6670" />
  </mem-info>
</gc-end>
<cycle-end id="22" type="scavenge" contextid="16" timestamp="2024-07-17T18:05:35.159" />
<allocation-satisfied id="23" threadId="000000000001E500" bytesRequested="8200" />
<af-end id="24" timestamp="2024-07-17T18:05:35.159" threadId="000000000001EF38" success="true" from="nursery"/>
<exclusive-end id="25" timestamp="2024-07-17T18:05:35.159" durationms="10.703" />

<exclusive-start id="26" timestamp="2024-07-17T18:05:36.227" intervalms="1078.273">
  <response-info timems="0.040" idlems="0.040" threads="0" lastid="0000000000604500" lastname="Daemon worker" />
</exclusive-start>
<af-start id="27" threadId="0000000000604F38" totalBytesRequested="14104" timestamp="2024-07-17T18:05:36.227" intervalms="1078.260" type="nursery" />
<cycle-start id="28" type="scavenge" contextid="0" timestamp="2024-07-17T18:05:36.228" intervalms="1078.161" />
<gc-start id="29" type="scavenge" contextid="28" timestamp="2024-07-17T18:05:36.228">
  <mem-info id="30" free="190543416" total="268435456" percent="70">
    <mem type="nursery" free="0" total="67108864" percent="0">
      <mem type="allocate" free="0" total="33554432" percent="0" />
      <mem type="survivor" free="0" total="33554432" percent="0" />
    </mem>
    <mem type="tenure" free="190543416" total="201326592" percent="94">
      <mem type="soa" free="180476472" total="191259648" percent="94" />
      <mem type="loa" free="10066944" total="10066944" percent="100" />
    </mem>
    <remembered-set count="16413" />
  </mem-info>
</gc-start>
<allocation-stats totalBytes="29216592" discardedBytes="49120" >
  <allocated-bytes non-tlh="926912" tlh="28289680" />
  <largest-consumer threadName="main" threadId="000000000001E500" bytes="15522560" />
</allocation-stats>
<gc-op id="31" type="scavenge" timems="9.840" contextid="28" timestamp="2024-07-17T18:05:36.238">
  <scavenger-info tenureage="1" tenuremask="7ffe" tiltratio="50" />
  <memory-copied type="nursery" objects="61863" bytes="2228240" bytesdiscarded="595024" />
  <memory-copied type="tenure" objects="23611" bytes="4264960" bytesdiscarded="4160" />
  <finalization candidates="1117" enqueued="698" />
  <ownableSynchronizers candidates="73" cleared="6" />
  <references type="soft" candidates="3736" cleared="0" enqueued="0" dynamicThreshold="32" maxThreshold="32" />
  <references type="weak" candidates="4709" cleared="4270" enqueued="4223" />
  <references type="phantom" candidates="121" cleared="101" enqueued="101" />
  <object-monitors candidates="2" cleared="0"  />
</gc-op>
<gc-end id="32" type="scavenge" contextid="28" durationms="10.841" usertimems="37.348" systemtimems="9.799" stalltimems="45.819" timestamp="2024-07-17T18:05:36.239" activeThreads="10">
  <mem-info id="33" free="216761504" total="268435456" percent="80">
    <mem type="nursery" free="30727584" total="67108864" percent="45">
      <mem type="allocate" free="30727584" total="33554432" percent="91" />
      <mem type="survivor" free="0" total="33554432" percent="0" />
    </mem>
    <mem type="tenure" free="186033920" total="201326592" percent="92">
      <mem type="soa" free="175966976" total="191259648" percent="92" />
      <mem type="loa" free="10066944" total="10066944" percent="100" />
    </mem>
    <pending-finalizers system="698" default="0" reference="4324" classloader="0" />
    <remembered-set count="9830" />
  </mem-info>
</gc-end>
<cycle-end id="34" type="scavenge" contextid="28" timestamp="2024-07-17T18:05:36.239" />
<allocation-satisfied id="35" threadId="0000000000604500" bytesRequested="14104" />
<af-end id="36" timestamp="2024-07-17T18:05:36.240" threadId="0000000000604F38" success="true" from="nursery"/>
<exclusive-end id="37" timestamp="2024-07-17T18:05:36.240" durationms="13.050" />

<exclusive-start id="38" timestamp="2024-07-17T18:05:37.190" intervalms="962.641">
  <response-info timems="0.047" idlems="0.047" threads="0" lastid="0000000000604500" lastname="Daemon worker" />
</exclusive-start>
<af-start id="39" threadId="0000000000604F38" totalBytesRequested="656" timestamp="2024-07-17T18:05:37.190" intervalms="962.715" type="nursery" />
<cycle-start id="40" type="scavenge" contextid="0" timestamp="2024-07-17T18:05:37.190" intervalms="962.747" />
<gc-start id="41" type="scavenge" contextid="40" timestamp="2024-07-17T18:05:37.191">
  <mem-info id="42" free="185583608" total="268435456" percent="69">
    <mem type="nursery" free="0" total="67108864" percent="0">
      <mem type="allocate" free="0" total="33554432" percent="0" />
      <mem type="survivor" free="0" total="33554432" percent="0" />
    </mem>
    <mem type="tenure" free="185583608" total="201326592" percent="92">
      <mem type="soa" free="175516664" total="191259648" percent="91" />
      <mem type="loa" free="10066944" total="10066944" percent="100" />
    </mem>
    <remembered-set count="15389" />
  </mem-info>
</gc-start>
<allocation-stats totalBytes="31141608" discardedBytes="36288" >
  <allocated-bytes non-tlh="464416" tlh="30677192" />
  <largest-consumer threadName="Daemon worker" threadId="0000000000604500" bytes="31034640" />
</allocation-stats>
<gc-op id="43" type="scavenge" timems="6.711" contextid="40" timestamp="2024-07-17T18:05:37.198">
  <scavenger-info tenureage="2" tenuremask="7ffc" tiltratio="50" />
  <memory-copied type="nursery" objects="95478" bytes="3336696" bytesdiscarded="266696" />
  <finalization candidates="785" enqueued="321" />
  <ownableSynchronizers candidates="248" cleared="5" />
  <references type="soft" candidates="4521" cleared="0" enqueued="0" dynamicThreshold="32" maxThreshold="32" />
  <references type="weak" candidates="5620" cleared="4895" enqueued="4895" />
  <references type="phantom" candidates="88" cleared="62" enqueued="62" />
  <object-monitors candidates="2" cleared="0"  />
</gc-op>
<gc-end id="44" type="scavenge" contextid="40" durationms="7.759" usertimems="36.927" systemtimems="0.000" stalltimems="20.041" timestamp="2024-07-17T18:05:37.198" activeThreads="9">
  <mem-info id="45" free="215530576" total="268435456" percent="80">
    <mem type="nursery" free="29946968" total="67108864" percent="44">
      <mem type="allocate" free="29946968" total="33554432" percent="89" />
      <mem type="survivor" free="0" total="33554432" percent="0" />
    </mem>
    <mem type="tenure" free="185583608" total="201326592" percent="92">
      <mem type="soa" free="175516664" total="191259648" percent="91" />
      <mem type="loa" free="10066944" total="10066944" percent="100" />
    </mem>
    <pending-finalizers system="321" default="0" reference="4957" classloader="0" />
    <remembered-set count="14726" />
  </mem-info>
</gc-end>
<cycle-end id="46" type="scavenge" contextid="40" timestamp="2024-07-17T18:05:37.199" />
<allocation-satisfied id="47" threadId="0000000000604500" bytesRequested="656" />
<af-end id="48" timestamp="2024-07-17T18:05:37.200" threadId="0000000000604F38" success="true" from="nursery"/>
<exclusive-end id="49" timestamp="2024-07-17T18:05:37.200" durationms="10.360" />

<exclusive-start id="50" timestamp="2024-07-17T18:05:38.060" intervalms="870.697">
  <response-info timems="0.047" idlems="0.024" threads="1" lastid="0000000000022100" lastname="JIT Compilation Thread-000" />
</exclusive-start>
<af-start id="51" threadId="0000000000604F38" totalBytesRequested="1032" timestamp="2024-07-17T18:05:38.061" intervalms="870.587" type="nursery" />
<cycle-start id="52" type="scavenge" contextid="0" timestamp="2024-07-17T18:05:38.061" intervalms="870.500" />
<gc-start id="53" type="scavenge" contextid="52" timestamp="2024-07-17T18:05:38.061">
  <mem-info id="54" free="185232272" total="268435456" percent="69">
    <mem type="nursery" free="0" total="67108864" percent="0">
      <mem type="allocate" free="0" total="33554432" percent="0" />
      <mem type="survivor" free="0" total="33554432" percent="0" />
    </mem>
    <mem type="tenure" free="185232272" total="201326592" percent="92">
      <mem type="soa" free="175165328" total="191259648" percent="91" />
      <mem type="loa" free="10066944" total="10066944" percent="100" />
    </mem>
    <remembered-set count="18795" />
  </mem-info>
</gc-start>
<allocation-stats totalBytes="30260880" discardedBytes="37424" >
  <allocated-bytes non-tlh="537096" tlh="29723784" />
  <largest-consumer threadName="Daemon worker" threadId="0000000000604500" bytes="30232128" />
</allocation-stats>
<gc-op id="55" type="scavenge" timems="7.432" contextid="52" timestamp="2024-07-17T18:05:38.069">
  <scavenger-info tenureage="3" tenuremask="7ff8" tiltratio="50" />
  <memory-copied type="nursery" objects="124509" bytes="4312784" bytesdiscarded="385752" />
  <finalization candidates="762" enqueued="293" />
  <ownableSynchronizers candidates="444" cleared="2" />
  <references type="soft" candidates="5430" cleared="0" enqueued="0" dynamicThreshold="32" maxThreshold="32" />
  <references type="weak" candidates="5075" cleared="3999" enqueued="3996" />
  <references type="phantom" candidates="139" cleared="107" enqueued="107" />
  <object-monitors candidates="2" cleared="0"  />
</gc-op>
<gc-end id="56" type="scavenge" contextid="52" durationms="8.463" usertimems="44.186" systemtimems="0.000" stalltimems="22.608" timestamp="2024-07-17T18:05:38.070" activeThreads="9">
  <mem-info id="57" free="215065512" total="268435456" percent="80">
    <mem type="nursery" free="29833240" total="67108864" percent="44">
      <mem type="allocate" free="29833240" total="34537472" percent="86" />
      <mem type="survivor" free="0" total="32571392" percent="0" />
    </mem>
    <mem type="tenure" free="185232272" total="201326592" percent="92">
      <mem type="soa" free="175165328" total="191259648" percent="91" />
      <mem type="loa" free="10066944" total="10066944" percent="100" />
    </mem>
    <pending-finalizers system="293" default="0" reference="4103" classloader="0" />
    <remembered-set count="11212" />
  </mem-info>
</gc-end>
<cycle-end id="58" type="scavenge" contextid="52" timestamp="2024-07-17T18:05:38.070" />
<allocation-satisfied id="59" threadId="0000000000604500" bytesRequested="1032" />
<af-end id="60" timestamp="2024-07-17T18:05:38.071" threadId="0000000000604F38" success="true" from="nursery"/>
<exclusive-end id="61" timestamp="2024-07-17T18:05:38.071" durationms="10.469" />

<exclusive-start id="62" timestamp="2024-07-17T18:05:38.763" intervalms="703.131">
  <response-info timems="0.044" idlems="0.044" threads="0" lastid="0000000000604500" lastname="Daemon worker" />
</exclusive-start>
<af-start id="63" threadId="0000000000604F38" totalBytesRequested="40" timestamp="2024-07-17T18:05:38.764" intervalms="703.251" type="nursery" />
<cycle-start id="64" type="scavenge" contextid="0" timestamp="2024-07-17T18:05:38.764" intervalms="703.399" />
<gc-start id="65" type="scavenge" contextid="64" timestamp="2024-07-17T18:05:38.765">
  <mem-info id="66" free="184749064" total="268435456" percent="68">
    <mem type="nursery" free="0" total="67108864" percent="0">
      <mem type="allocate" free="0" total="34537472" percent="0" />
      <mem type="survivor" free="0" total="32571392" percent="0" />
    </mem>
    <mem type="tenure" free="184749064" total="201326592" percent="91">
      <mem type="soa" free="174682120" total="191259648" percent="91" />
      <mem type="loa" free="10066944" total="10066944" percent="100" />
    </mem>
    <remembered-set count="17521" />
  </mem-info>
</gc-start>
<allocation-stats totalBytes="30295128" discardedBytes="21320" >
  <allocated-bytes non-tlh="1704768" tlh="28590360" />
  <largest-consumer threadName="Daemon worker" threadId="0000000000604500" bytes="30274648" />
</allocation-stats>
<gc-op id="67" type="scavenge" timems="8.024" contextid="64" timestamp="2024-07-17T18:05:38.773">
  <scavenger-info tenureage="3" tenuremask="7ff8" tiltratio="51" />
  <memory-copied type="nursery" objects="112356" bytes="3901280" bytesdiscarded="252240" />
  <memory-copied type="tenure" objects="53704" bytes="1922928" bytesdiscarded="560" />
  <finalization candidates="793" enqueued="324" />
  <ownableSynchronizers candidates="2147" cleared="8" />
  <references type="soft" candidates="4812" cleared="0" enqueued="0" dynamicThreshold="32" maxThreshold="32" />
  <references type="weak" candidates="4686" cleared="3100" enqueued="3100" />
  <references type="phantom" candidates="144" cleared="126" enqueued="126" />
  <object-monitors candidates="2" cleared="0"  />
</gc-op>
<gc-end id="68" type="scavenge" contextid="64" durationms="9.118" usertimems="28.397" systemtimems="20.084" stalltimems="20.145" timestamp="2024-07-17T18:05:38.774" activeThreads="9">
  <mem-info id="69" free="218494120" total="268435456" percent="81">
    <mem type="nursery" free="35883480" total="67108864" percent="53">
      <mem type="allocate" free="35883480" total="40042496" percent="89" />
      <mem type="survivor" free="0" total="27066368" percent="0" />
    </mem>
    <mem type="tenure" free="182610640" total="201326592" percent="90">
      <mem type="soa" free="172543696" total="191259648" percent="90" />
      <mem type="loa" free="10066944" total="10066944" percent="100" />
    </mem>
    <pending-finalizers system="324" default="0" reference="3226" classloader="0" />
    <remembered-set count="12515" />
  </mem-info>
</gc-end>
<cycle-end id="70" type="scavenge" contextid="64" timestamp="2024-07-17T18:05:38.774" />
<allocation-satisfied id="71" threadId="0000000000604500" bytesRequested="40" />
<af-end id="72" timestamp="2024-07-17T18:05:38.775" threadId="0000000000604F38" success="true" from="nursery"/>
<exclusive-end id="73" timestamp="2024-07-17T18:05:38.775" durationms="11.787" />

<exclusive-start id="74" timestamp="2024-07-17T18:05:39.516" intervalms="752.874">
  <response-info timems="0.032" idlems="0.032" threads="0" lastid="0000000000604500" lastname="Daemon worker" />
</exclusive-start>
<af-start id="75" threadId="0000000000604F38" totalBytesRequested="224960" timestamp="2024-07-17T18:05:39.517" intervalms="752.798" type="nursery" />
<cycle-start id="76" type="scavenge" contextid="0" timestamp="2024-07-17T18:05:39.517" intervalms="752.810" />
<gc-start id="77" type="scavenge" contextid="76" timestamp="2024-07-17T18:05:39.518">
  <mem-info id="78" free="182477576" total="268435456" percent="67">
    <mem type="nursery" free="151400" total="67108864" percent="0">
      <mem type="allocate" free="151400" total="40042496" percent="0" />
      <mem type="survivor" free="0" total="27066368" percent="0" />
    </mem>
    <mem type="tenure" free="182326176" total="201326592" percent="90">
      <mem type="soa" free="172259232" total="191259648" percent="90" />
      <mem type="loa" free="10066944" total="10066944" percent="100" />
    </mem>
    <remembered-set count="16509" />
  </mem-info>
</gc-start>
<allocation-stats totalBytes="35919440" discardedBytes="97104" >
  <allocated-bytes non-tlh="2764416" tlh="33155024" />
  <largest-consumer threadName="Daemon worker" threadId="0000000000604500" bytes="35088744" />
</allocation-stats>
<gc-op id="79" type="scavenge" timems="8.164" contextid="76" timestamp="2024-07-17T18:05:39.526">
  <scavenger-info tenureage="3" tenuremask="7ff8" tiltratio="59" />
  <memory-copied type="nursery" objects="147556" bytes="6118104" bytesdiscarded="251704" />
  <memory-copied type="tenure" objects="27751" bytes="953376" bytesdiscarded="192" />
  <finalization candidates="398" enqueued="339" />
  <ownableSynchronizers candidates="3456" cleared="0" />
  <references type="soft" candidates="7208" cleared="0" enqueued="0" dynamicThreshold="32" maxThreshold="32" />
  <references type="weak" candidates="4597" cleared="1844" enqueued="1844" />
  <references type="phantom" candidates="171" cleared="157" enqueued="157" />
  <object-monitors candidates="2" cleared="0"  />
</gc-op>
<gc-end id="80" type="scavenge" contextid="76" durationms="9.348" usertimems="52.396" systemtimems="0.000" stalltimems="28.920" timestamp="2024-07-17T18:05:39.527" activeThreads="10">
  <mem-info id="81" free="218478336" total="268435456" percent="81">
    <mem type="nursery" free="37139552" total="67108864" percent="55">
      <mem type="allocate" free="37139552" total="43515904" percent="85" />
      <mem type="survivor" free="0" total="23592960" percent="0" />
    </mem>
    <mem type="tenure" free="181338784" total="201326592" percent="90">
      <mem type="soa" free="171271840" total="191259648" percent="89" />
      <mem type="loa" free="10066944" total="10066944" percent="100" />
    </mem>
    <pending-finalizers system="338" default="1" reference="2001" classloader="0" />
    <remembered-set count="13075" />
  </mem-info>
</gc-end>
<cycle-end id="82" type="scavenge" contextid="76" timestamp="2024-07-17T18:05:39.527" />
<allocation-satisfied id="83" threadId="0000000000604500" bytesRequested="224960" />
<af-end id="84" timestamp="2024-07-17T18:05:39.528" threadId="0000000000604F38" success="true" from="nursery"/>
<exclusive-end id="85" timestamp="2024-07-17T18:05:39.528" durationms="11.850" />

<exclusive-start id="86" timestamp="2024-07-17T18:05:40.398" intervalms="881.404">
  <response-info timems="0.062" idlems="0.062" threads="0" lastid="0000000000604500" lastname="Daemon worker" />
</exclusive-start>
<af-start id="87" threadId="0000000000604F38" totalBytesRequested="1768" timestamp="2024-07-17T18:05:40.398" intervalms="881.445" type="nursery" />
<cycle-start id="88" type="scavenge" contextid="0" timestamp="2024-07-17T18:05:40.398" intervalms="881.331" />
<gc-start id="89" type="scavenge" contextid="88" timestamp="2024-07-17T18:05:40.399">
  <mem-info id="90" free="180999856" total="268435456" percent="67">
    <mem type="nursery" free="0" total="67108864" percent="0">
      <mem type="allocate" free="0" total="43515904" percent="0" />
      <mem type="survivor" free="0" total="23592960" percent="0" />
    </mem>
    <mem type="tenure" free="180999856" total="201326592" percent="89">
      <mem type="soa" free="170932912" total="191259648" percent="89" />
      <mem type="loa" free="10066944" total="10066944" percent="100" />
    </mem>
    <remembered-set count="16819" />
  </mem-info>
</gc-start>
<allocation-stats totalBytes="37387552" discardedBytes="90928" >
  <allocated-bytes non-tlh="1803016" tlh="35584536" />
  <largest-consumer threadName="Daemon worker" threadId="0000000000604500" bytes="37334304" />
</allocation-stats>
<gc-op id="91" type="scavenge" timems="10.834" contextid="88" timestamp="2024-07-17T18:05:40.410">
  <scavenger-info tenureage="3" tenuremask="7ff8" tiltratio="64" />
  <memory-copied type="nursery" objects="182152" bytes="6624136" bytesdiscarded="133592" />
  <memory-copied type="tenure" objects="31405" bytes="1050520" bytesdiscarded="96" />
  <finalization candidates="205" enqueued="200" />
  <ownableSynchronizers candidates="3296" cleared="15" />
  <references type="soft" candidates="7152" cleared="0" enqueued="0" dynamicThreshold="32" maxThreshold="32" />
  <references type="weak" candidates="5082" cleared="2643" enqueued="2375" />
  <references type="phantom" candidates="99" cleared="91" enqueued="91" />
  <object-monitors candidates="2" cleared="0"  />
</gc-op>
<gc-end id="92" type="scavenge" contextid="88" durationms="11.875" usertimems="61.832" systemtimems="9.366" stalltimems="28.539" timestamp="2024-07-17T18:05:40.411" activeThreads="10">
  <mem-info id="93" free="219770616" total="268435456" percent="81">
    <mem type="nursery" free="39821384" total="67108864" percent="59">
      <mem type="allocate" free="39821384" total="46596096" percent="85" />
      <mem type="survivor" free="0" total="20512768" percent="0" />
    </mem>
    <mem type="tenure" free="179949232" total="201326592" percent="89">
      <mem type="soa" free="169882288" total="191259648" percent="88" />
      <mem type="loa" free="10066944" total="10066944" percent="100" />
    </mem>
    <pending-finalizers system="200" default="0" reference="2466" classloader="0" />
    <remembered-set count="9571" />
  </mem-info>
</gc-end>
<cycle-end id="94" type="scavenge" contextid="88" timestamp="2024-07-17T18:05:40.411" />
<allocation-satisfied id="95" threadId="0000000000604500" bytesRequested="1768" />
<af-end id="96" timestamp="2024-07-17T18:05:40.412" threadId="0000000000604F38" success="true" from="nursery"/>
<exclusive-end id="97" timestamp="2024-07-17T18:05:40.412" durationms="14.333" />

<exclusive-start id="98" timestamp="2024-07-17T18:05:41.263" intervalms="865.257">
  <response-info timems="0.046" idlems="0.046" threads="0" lastid="0000000000604500" lastname="Daemon worker" />
</exclusive-start>
<af-start id="99" threadId="0000000000604F38" totalBytesRequested="24" timestamp="2024-07-17T18:05:41.263" intervalms="865.146" type="nursery" />
<cycle-start id="100" type="scavenge" contextid="0" timestamp="2024-07-17T18:05:41.264" intervalms="865.104" />
<gc-start id="101" type="scavenge" contextid="100" timestamp="2024-07-17T18:05:41.264">
  <mem-info id="102" free="179650512" total="268435456" percent="66">
    <mem type="nursery" free="0" total="67108864" percent="0">
      <mem type="allocate" free="0" total="46596096" percent="0" />
      <mem type="survivor" free="0" total="20512768" percent="0" />
    </mem>
    <mem type="tenure" free="179650512" total="201326592" percent="89">
      <mem type="soa" free="169583568" total="191259648" percent="88" />
      <mem type="loa" free="10066944" total="10066944" percent="100" />
    </mem>
    <remembered-set count="13926" />
  </mem-info>
</gc-start>
<allocation-stats totalBytes="40086480" discardedBytes="33624" >
  <allocated-bytes non-tlh="4485168" tlh="35601312" />
  <largest-consumer threadName="Daemon worker" threadId="0000000000604500" bytes="38941840" />
</allocation-stats>
<gc-op id="103" type="scavenge" timems="12.642" contextid="100" timestamp="2024-07-17T18:05:41.277">
  <scavenger-info tenureage="3" tenuremask="7ff8" tiltratio="69" />
  <memory-copied type="nursery" objects="204391" bytes="7453360" bytesdiscarded="174136" />
  <memory-copied type="tenure" objects="43398" bytes="1579760" bytesdiscarded="184" />
  <finalization candidates="382" enqueued="382" />
  <ownableSynchronizers candidates="4202" cleared="29" />
  <references type="soft" candidates="7951" cleared="0" enqueued="0" dynamicThreshold="32" maxThreshold="32" />
  <references type="weak" candidates="7771" cleared="2918" enqueued="2770" />
  <references type="phantom" candidates="146" cleared="135" enqueued="135" />
  <object-monitors candidates="2" cleared="0"  />
</gc-op>
<gc-end id="104" type="scavenge" contextid="100" durationms="13.627" usertimems="66.876" systemtimems="13.862" stalltimems="48.637" timestamp="2024-07-17T18:05:41.277" activeThreads="11">
  <mem-info id="105" free="219381256" total="268435456" percent="81">
    <mem type="nursery" free="41113416" total="67108864" percent="61">
      <mem type="allocate" free="41113416" total="48758784" percent="84" />
      <mem type="survivor" free="0" total="18350080" percent="0" />
    </mem>
    <mem type="tenure" free="178267840" total="201326592" percent="88">
      <mem type="soa" free="168200896" total="191259648" percent="87" />
      <mem type="loa" free="10066944" total="10066944" percent="100" />
    </mem>
    <pending-finalizers system="382" default="0" reference="2905" classloader="0" />
    <remembered-set count="10181" />
  </mem-info>
</gc-end>
<cycle-end id="106" type="scavenge" contextid="100" timestamp="2024-07-17T18:05:41.278" />
<allocation-satisfied id="107" threadId="0000000000604500" bytesRequested="24" />
<af-end id="108" timestamp="2024-07-17T18:05:41.278" threadId="0000000000604F38" success="true" from="nursery"/>
<exclusive-end id="109" timestamp="2024-07-17T18:05:41.279" durationms="15.706" />

<exclusive-start id="110" timestamp="2024-07-17T18:05:42.224" intervalms="961.455">
  <response-info timems="0.048" idlems="0.048" threads="0" lastid="0000000000604500" lastname="Daemon worker" />
</exclusive-start>
<af-start id="111" threadId="0000000000604F38" totalBytesRequested="2432" timestamp="2024-07-17T18:05:42.225" intervalms="961.445" type="nursery" />
<cycle-start id="112" type="scavenge" contextid="0" timestamp="2024-07-17T18:05:42.225" intervalms="961.468" />
<gc-start id="113" type="scavenge" contextid="112" timestamp="2024-07-17T18:05:42.225">
  <mem-info id="114" free="177949480" total="268435456" percent="66">
    <mem type="nursery" free="0" total="67108864" percent="0">
      <mem type="allocate" free="0" total="48758784" percent="0" />
      <mem type="survivor" free="0" total="18350080" percent="0" />
    </mem>
    <mem type="tenure" free="177949480" total="201326592" percent="88">
      <mem type="soa" free="167882536" total="191259648" percent="87" />
      <mem type="loa" free="10066944" total="10066944" percent="100" />
    </mem>
    <remembered-set count="14309" />
  </mem-info>
</gc-start>
<allocation-stats totalBytes="41391336" discardedBytes="40440" >
  <allocated-bytes non-tlh="3138440" tlh="38252896" />
  <largest-consumer threadName="Daemon worker" threadId="0000000000604500" bytes="41129712" />
</allocation-stats>
<gc-op id="115" type="scavenge" timems="11.919" contextid="112" timestamp="2024-07-17T18:05:42.238">
  <scavenger-info tenureage="3" tenuremask="7ff8" tiltratio="72" />
  <memory-copied type="nursery" objects="170654" bytes="6095160" bytesdiscarded="208912" />
  <memory-copied type="tenure" objects="66211" bytes="2563536" bytesdiscarded="1088" />
  <finalization candidates="663" enqueued="662" />
  <ownableSynchronizers candidates="2667" cleared="24" />
  <references type="soft" candidates="6406" cleared="0" enqueued="0" dynamicThreshold="32" maxThreshold="32" />
  <references type="weak" candidates="7649" cleared="3487" enqueued="3486" />
  <references type="phantom" candidates="145" cleared="128" enqueued="128" />
  <object-monitors candidates="2" cleared="0"  />
</gc-op>
<gc-end id="116" type="scavenge" contextid="112" durationms="12.757" usertimems="72.043" systemtimems="4.135" stalltimems="54.506" timestamp="2024-07-17T18:05:42.238" activeThreads="11">
  <mem-info id="117" free="219809336" total="268435456" percent="81">
    <mem type="nursery" free="44403696" total="67108864" percent="66">
      <mem type="allocate" free="44403696" total="50724864" percent="87" />
      <mem type="survivor" free="0" total="16384000" percent="0" />
    </mem>
    <mem type="tenure" free="175405640" total="201326592" percent="87">
      <mem type="soa" free="165338696" total="191259648" percent="86" />
      <mem type="loa" free="10066944" total="10066944" percent="100" />
    </mem>
    <pending-finalizers system="662" default="0" reference="3614" classloader="0" />
    <remembered-set count="10118" />
  </mem-info>
</gc-end>
<cycle-end id="118" type="scavenge" contextid="112" timestamp="2024-07-17T18:05:42.238" />
<allocation-satisfied id="119" threadId="0000000000604500" bytesRequested="2432" />
<af-end id="120" timestamp="2024-07-17T18:05:42.239" threadId="0000000000604F38" success="true" from="nursery"/>
<exclusive-end id="121" timestamp="2024-07-17T18:05:42.239" durationms="14.716" />

<exclusive-start id="122" timestamp="2024-07-17T18:05:43.035" intervalms="810.829">
  <response-info timems="0.053" idlems="0.053" threads="0" lastid="0000000000604500" lastname="Daemon worker" />
</exclusive-start>
<af-start id="123" threadId="0000000000604F38" totalBytesRequested="16" timestamp="2024-07-17T18:05:43.036" intervalms="810.849" type="nursery" />
<cycle-start id="124" type="scavenge" contextid="0" timestamp="2024-07-17T18:05:43.036" intervalms="810.835" />
<gc-start id="125" type="scavenge" contextid="124" timestamp="2024-07-17T18:05:43.036">
  <mem-info id="126" free="175102776" total="268435456" percent="65">
    <mem type="nursery" free="0" total="67108864" percent="0">
      <mem type="allocate" free="0" total="50724864" percent="0" />
      <mem type="survivor" free="0" total="16384000" percent="0" />
    </mem>
    <mem type="tenure" free="175102776" total="201326592" percent="86">
      <mem type="soa" free="165035832" total="191259648" percent="86" />
      <mem type="loa" free="10066944" total="10066944" percent="100" />
    </mem>
    <remembered-set count="14523" />
  </mem-info>
</gc-start>
<allocation-stats totalBytes="44626744" discardedBytes="79816" >
  <allocated-bytes non-tlh="405464" tlh="44221280" />
  <largest-consumer threadName="Daemon worker" threadId="0000000000604500" bytes="32693792" />
</allocation-stats>
<gc-op id="127" type="scavenge" timems="9.415" contextid="124" timestamp="2024-07-17T18:05:43.046">
  <scavenger-info tenureage="3" tenuremask="7ff8" tiltratio="75" />
  <memory-copied type="nursery" objects="137757" bytes="5512096" bytesdiscarded="291912" />
  <memory-copied type="tenure" objects="65154" bytes="2240224" bytesdiscarded="784" />
  <finalization candidates="479" enqueued="478" />
  <ownableSynchronizers candidates="1377" cleared="72" />
  <references type="soft" candidates="6321" cleared="0" enqueued="0" dynamicThreshold="32" maxThreshold="32" />
  <references type="weak" candidates="6026" cleared="1637" enqueued="1637" />
  <references type="phantom" candidates="206" cleared="185" enqueued="185" />
  <object-monitors candidates="5" cleared="3"  />
</gc-op>
<gc-end id="128" type="scavenge" contextid="124" durationms="10.391" usertimems="51.825" systemtimems="12.916" stalltimems="38.161" timestamp="2024-07-17T18:05:43.047" activeThreads="11">
  <mem-info id="129" free="219759656" total="268435456" percent="81">
    <mem type="nursery" free="46746352" total="67108864" percent="69">
      <mem type="allocate" free="46746352" total="52559872" percent="88" />
      <mem type="survivor" free="0" total="14548992" percent="0" />
    </mem>
    <mem type="tenure" free="173013304" total="201326592" percent="85">
      <mem type="soa" free="162946360" total="191259648" percent="85" />
      <mem type="loa" free="10066944" total="10066944" percent="100" />
    </mem>
    <pending-finalizers system="478" default="0" reference="1822" classloader="0" />
    <remembered-set count="10667" />
  </mem-info>
</gc-end>
<cycle-end id="130" type="scavenge" contextid="124" timestamp="2024-07-17T18:05:43.047" />
<allocation-satisfied id="131" threadId="0000000000604500" bytesRequested="16" />
<af-end id="132" timestamp="2024-07-17T18:05:43.048" threadId="0000000000604F38" success="true" from="nursery"/>
<exclusive-end id="133" timestamp="2024-07-17T18:05:43.048" durationms="12.564" />

<exclusive-start id="134" timestamp="2024-07-17T18:05:43.360" intervalms="324.706">
  <response-info timems="0.093" idlems="0.093" threads="0" lastid="00000000014A2F00" lastname="Unconstrained build operations Thread 42" />
</exclusive-start>
<af-start id="135" threadId="00000000014A3938" totalBytesRequested="8200" timestamp="2024-07-17T18:05:43.360" intervalms="324.757" type="nursery" />
<cycle-start id="136" type="scavenge" contextid="0" timestamp="2024-07-17T18:05:43.361" intervalms="324.896" />
<gc-start id="137" type="scavenge" contextid="136" timestamp="2024-07-17T18:05:43.361">
  <mem-info id="138" free="173002208" total="268435456" percent="64">
    <mem type="nursery" free="0" total="67108864" percent="0">
      <mem type="allocate" free="0" total="52559872" percent="0" />
      <mem type="survivor" free="0" total="14548992" percent="0" />
    </mem>
    <mem type="tenure" free="173002208" total="201326592" percent="85">
      <mem type="soa" free="162935264" total="191259648" percent="85" />
      <mem type="loa" free="10066944" total="10066944" percent="100" />
    </mem>
    <remembered-set count="10896" />
  </mem-info>
</gc-start>
<allocation-stats totalBytes="46681856" discardedBytes="75592" >
  <allocated-bytes non-tlh="896496" tlh="45785360" />
  <largest-consumer threadName="Daemon worker" threadId="0000000000604500" bytes="20142032" />
</allocation-stats>
<gc-op id="139" type="scavenge" timems="9.542" contextid="136" timestamp="2024-07-17T18:05:43.371">
  <scavenger-info tenureage="3" tenuremask="7ff8" tiltratio="78" />
  <memory-copied type="nursery" objects="108839" bytes="5328736" bytesdiscarded="201320" />
  <memory-copied type="tenure" objects="65024" bytes="2382760" bytesdiscarded="1056" />
  <finalization candidates="6" enqueued="5" />
  <ownableSynchronizers candidates="1421" cleared="71" />
  <references type="soft" candidates="2433" cleared="0" enqueued="0" dynamicThreshold="32" maxThreshold="32" />
  <references type="weak" candidates="1331" cleared="59" enqueued="59" />
  <references type="phantom" candidates="14" cleared="0" enqueued="0" />
  <object-monitors candidates="2" cleared="0"  />
</gc-op>
<gc-end id="140" type="scavenge" contextid="136" durationms="10.487" usertimems="63.453" systemtimems="0.000" stalltimems="43.752" timestamp="2024-07-17T18:05:43.372" activeThreads="12">
  <mem-info id="141" free="219115488" total="268435456" percent="81">
    <mem type="nursery" free="48656912" total="67108864" percent="72">
      <mem type="allocate" free="48656912" total="54198272" percent="89" />
      <mem type="survivor" free="0" total="12910592" percent="0" />
    </mem>
    <mem type="tenure" free="170458576" total="201326592" percent="84">
      <mem type="soa" free="160391632" total="191259648" percent="83" />
      <mem type="loa" free="10066944" total="10066944" percent="100" />
    </mem>
    <pending-finalizers system="5" default="0" reference="59" classloader="0" />
    <remembered-set count="6630" />
  </mem-info>
</gc-end>
<cycle-end id="142" type="scavenge" contextid="136" timestamp="2024-07-17T18:05:43.372" />
<allocation-satisfied id="143" threadId="00000000014A2F00" bytesRequested="8200" />
<af-end id="144" timestamp="2024-07-17T18:05:43.372" threadId="00000000014A3938" success="true" from="nursery"/>
<exclusive-end id="145" timestamp="2024-07-17T18:05:43.373" durationms="12.726" />

<exclusive-start id="146" timestamp="2024-07-17T18:05:43.868" intervalms="508.446">
  <response-info timems="0.084" idlems="0.084" threads="0" lastid="0000000000604500" lastname="Daemon worker" />
</exclusive-start>
<af-start id="147" threadId="0000000000604F38" totalBytesRequested="24" timestamp="2024-07-17T18:05:43.869" intervalms="508.410" type="nursery" />
<cycle-start id="148" type="scavenge" contextid="0" timestamp="2024-07-17T18:05:43.869" intervalms="508.424" />
<gc-start id="149" type="scavenge" contextid="148" timestamp="2024-07-17T18:05:43.870">
  <mem-info id="150" free="170441016" total="268435456" percent="63">
    <mem type="nursery" free="0" total="67108864" percent="0">
      <mem type="allocate" free="0" total="54198272" percent="0" />
      <mem type="survivor" free="0" total="12910592" percent="0" />
    </mem>
    <mem type="tenure" free="170441016" total="201326592" percent="84">
      <mem type="soa" free="160374072" total="191259648" percent="83" />
      <mem type="loa" free="10066944" total="10066944" percent="100" />
    </mem>
    <remembered-set count="6955" />
  </mem-info>
</gc-start>
<allocation-stats totalBytes="48610608" discardedBytes="63864" >
  <allocated-bytes non-tlh="386472" tlh="48224136" />
  <largest-consumer threadName="Daemon worker" threadId="0000000000604500" bytes="20073552" />
</allocation-stats>
<gc-op id="151" type="scavenge" timems="9.085" contextid="148" timestamp="2024-07-17T18:05:43.879">
  <scavenger-info tenureage="3" tenuremask="7fe8" tiltratio="80" />
  <memory-copied type="nursery" objects="87344" bytes="4371128" bytesdiscarded="320832" />
  <memory-copied type="tenure" objects="28825" bytes="1061648" bytesdiscarded="400" />
  <finalization candidates="22" enqueued="21" />
  <ownableSynchronizers candidates="380" cleared="118" />
  <references type="soft" candidates="822" cleared="0" enqueued="0" dynamicThreshold="32" maxThreshold="32" />
  <references type="weak" candidates="789" cleared="125" enqueued="125" />
  <references type="phantom" candidates="17" cleared="11" enqueued="11" />
  <object-monitors candidates="2" cleared="0"  />
</gc-op>
<gc-end id="152" type="scavenge" contextid="148" durationms="10.234" usertimems="40.004" systemtimems="8.593" stalltimems="55.373" timestamp="2024-07-17T18:05:43.880" activeThreads="12">
  <mem-info id="153" free="219990696" total="268435456" percent="81">
    <mem type="nursery" free="50799096" total="67108864" percent="75">
      <mem type="allocate" free="50799096" total="55508992" percent="91" />
      <mem type="survivor" free="0" total="11599872" percent="0" />
    </mem>
    <mem type="tenure" free="169191600" total="201326592" percent="84">
      <mem type="soa" free="159124656" total="191259648" percent="83" />
      <mem type="loa" free="10066944" total="10066944" percent="100" />
    </mem>
    <pending-finalizers system="21" default="0" reference="136" classloader="0" />
    <remembered-set count="2221" />
  </mem-info>
</gc-end>
<cycle-end id="154" type="scavenge" contextid="148" timestamp="2024-07-17T18:05:43.880" />
<allocation-satisfied id="155" threadId="0000000000604500" bytesRequested="24" />
<af-end id="156" timestamp="2024-07-17T18:05:43.881" threadId="0000000000604F38" success="true" from="nursery"/>
<exclusive-end id="157" timestamp="2024-07-17T18:05:43.881" durationms="12.816" />

<exclusive-start id="158" timestamp="2024-07-17T18:05:44.483" intervalms="614.725">
  <response-info timems="0.130" idlems="0.090" threads="2" lastid="0000000000604500" lastname="Daemon worker" />
</exclusive-start>
<af-start id="159" threadId="0000000001386938" totalBytesRequested="520" timestamp="2024-07-17T18:05:44.484" intervalms="614.810" type="nursery" />
<cycle-start id="160" type="scavenge" contextid="0" timestamp="2024-07-17T18:05:44.484" intervalms="614.886" />
<gc-start id="161" type="scavenge" contextid="160" timestamp="2024-07-17T18:05:44.485">
  <mem-info id="162" free="169124072" total="268435456" percent="63">
    <mem type="nursery" free="0" total="67108864" percent="0">
      <mem type="allocate" free="0" total="55508992" percent="0" />
      <mem type="survivor" free="0" total="11599872" percent="0" />
    </mem>
    <mem type="tenure" free="169124072" total="201326592" percent="84">
      <mem type="soa" free="159057128" total="191259648" percent="83" />
      <mem type="loa" free="10066944" total="10066944" percent="100" />
    </mem>
    <remembered-set count="3283" />
  </mem-info>
</gc-start>
<allocation-stats totalBytes="50274872" discardedBytes="591752" >
  <allocated-bytes non-tlh="1642376" tlh="48632496" />
  <largest-consumer threadName="Daemon worker" threadId="0000000000604500" bytes="16905128" />
</allocation-stats>
<gc-op id="163" type="scavenge" timems="9.578" contextid="160" timestamp="2024-07-17T18:05:44.495">
  <scavenger-info tenureage="3" tenuremask="7fc8" tiltratio="82" />
  <memory-copied type="nursery" objects="75477" bytes="4011344" bytesdiscarded="244712" />
  <memory-copied type="tenure" objects="30031" bytes="1398856" bytesdiscarded="616" />
  <finalization candidates="216" enqueued="216" />
  <ownableSynchronizers candidates="516" cleared="229" />
  <references type="soft" candidates="171" cleared="0" enqueued="0" dynamicThreshold="32" maxThreshold="32" />
  <references type="weak" candidates="1269" cleared="685" enqueued="685" />
  <references type="phantom" candidates="165" cleared="116" enqueued="116" />
  <object-monitors candidates="51" cleared="47"  />
</gc-op>
<gc-end id="164" type="scavenge" contextid="160" durationms="11.172" usertimems="35.881" systemtimems="12.874" stalltimems="53.959" timestamp="2024-07-17T18:05:44.496" activeThreads="11">
  <mem-info id="165" free="220445056" total="268435456" percent="82">
    <mem type="nursery" free="52549360" total="67108864" percent="78">
      <mem type="allocate" free="52549360" total="56819712" percent="92" />
      <mem type="survivor" free="0" total="10289152" percent="0" />
    </mem>
    <mem type="tenure" free="167895696" total="201326592" percent="83">
      <mem type="soa" free="157828752" total="191259648" percent="82" />
      <mem type="loa" free="10066944" total="10066944" percent="100" />
    </mem>
    <pending-finalizers system="216" default="0" reference="801" classloader="0" />
    <remembered-set count="2114" />
  </mem-info>
</gc-end>
<cycle-end id="166" type="scavenge" contextid="160" timestamp="2024-07-17T18:05:44.496" />
<allocation-satisfied id="167" threadId="0000000001385F00" bytesRequested="520" />
<af-end id="168" timestamp="2024-07-17T18:05:44.497" threadId="0000000001386938" success="true" from="nursery"/>
<exclusive-end id="169" timestamp="2024-07-17T18:05:44.497" durationms="13.648" />

<exclusive-start id="170" timestamp="2024-07-17T18:05:44.650" intervalms="166.779">
  <response-info timems="2.118" idlems="1.253" threads="6" lastid="0000000000604500" lastname="Daemon worker" />
</exclusive-start>
<af-start id="171" threadId="000000000156FE38" totalBytesRequested="216" timestamp="2024-07-17T18:05:44.651" intervalms="167.663" type="nursery" />
<cycle-start id="172" type="scavenge" contextid="0" timestamp="2024-07-17T18:05:44.652" intervalms="167.854" />
<gc-start id="173" type="scavenge" contextid="172" timestamp="2024-07-17T18:05:44.653">
  <mem-info id="174" free="167895584" total="268435456" percent="62">
    <mem type="nursery" free="0" total="67108864" percent="0">
      <mem type="allocate" free="0" total="56819712" percent="0" />
      <mem type="survivor" free="0" total="10289152" percent="0" />
    </mem>
    <mem type="tenure" free="167895584" total="201326592" percent="83">
      <mem type="soa" free="157828640" total="191259648" percent="82" />
      <mem type="loa" free="10066944" total="10066944" percent="100" />
    </mem>
    <remembered-set count="2221" />
  </mem-info>
</gc-start>
<allocation-stats totalBytes="52093832" discardedBytes="455640" >
  <allocated-bytes non-tlh="1300032" tlh="50793800" />
  <largest-consumer threadName="Unconstrained build operations Thread 81" threadId="0000000000950300" bytes="12229616" />
</allocation-stats>
<gc-op id="175" type="scavenge" timems="11.061" contextid="172" timestamp="2024-07-17T18:05:44.665">
  <scavenger-info tenureage="7" tenuremask="7f80" tiltratio="84" />
  <memory-copied type="nursery" objects="95773" bytes="5069712" bytesdiscarded="282920" />
  <finalization candidates="1" enqueued="1" />
  <ownableSynchronizers candidates="312" cleared="106" />
  <references type="soft" candidates="171" cleared="0" enqueued="0" dynamicThreshold="32" maxThreshold="32" />
  <references type="weak" candidates="923" cleared="73" enqueued="73" />
  <references type="phantom" candidates="63" cleared="0" enqueued="0" />
  <object-monitors candidates="5" cleared="0"  />
</gc-op>
<gc-end id="176" type="scavenge" contextid="172" durationms="12.672" usertimems="29.683" systemtimems="23.042" stalltimems="50.991" timestamp="2024-07-17T18:05:44.665" activeThreads="10">
  <mem-info id="177" free="220006976" total="268435456" percent="81">
    <mem type="nursery" free="52111392" total="67108864" percent="77">
      <mem type="allocate" free="52111392" total="57475072" percent="90" />
      <mem type="survivor" free="0" total="9633792" percent="0" />
    </mem>
    <mem type="tenure" free="167895584" total="201326592" percent="83">
      <mem type="soa" free="157828640" total="191259648" percent="82" />
      <mem type="loa" free="10066944" total="10066944" percent="100" />
    </mem>
    <pending-finalizers system="1" default="0" reference="73" classloader="0" />
    <remembered-set count="1827" />
  </mem-info>
</gc-end>
<cycle-end id="178" type="scavenge" contextid="172" timestamp="2024-07-17T18:05:44.666" />
<allocation-satisfied id="179" threadId="000000000156F400" bytesRequested="216" />
<af-end id="180" timestamp="2024-07-17T18:05:44.666" threadId="000000000156FE38" success="true" from="nursery"/>
<exclusive-end id="181" timestamp="2024-07-17T18:05:44.667" durationms="16.775" />

<exclusive-start id="182" timestamp="2024-07-17T18:05:44.765" intervalms="114.906">
  <response-info timems="0.150" idlems="0.068" threads="2" lastid="0000000000604500" lastname="Daemon worker" />
</exclusive-start>
<af-start id="183" threadId="0000000001571638" totalBytesRequested="1912" timestamp="2024-07-17T18:05:44.765" intervalms="114.004" type="nursery" />
<cycle-start id="184" type="scavenge" contextid="0" timestamp="2024-07-17T18:05:44.766" intervalms="113.722" />
<gc-start id="185" type="scavenge" contextid="184" timestamp="2024-07-17T18:05:44.766">
  <mem-info id="186" free="167895584" total="268435456" percent="62">
    <mem type="nursery" free="0" total="67108864" percent="0">
      <mem type="allocate" free="0" total="57475072" percent="0" />
      <mem type="survivor" free="0" total="9633792" percent="0" />
    </mem>
    <mem type="tenure" free="167895584" total="201326592" percent="83">
      <mem type="soa" free="157828640" total="191259648" percent="82" />
      <mem type="loa" free="10066944" total="10066944" percent="100" />
    </mem>
    <remembered-set count="1908" />
  </mem-info>
</gc-start>
<allocation-stats totalBytes="51516584" discardedBytes="594808" >
  <allocated-bytes non-tlh="2719160" tlh="48797424" />
  <largest-consumer threadName="Unconstrained build operations Thread 84" threadId="0000000001570C00" bytes="10042600" />
</allocation-stats>
<gc-op id="187" type="scavenge" timems="8.672" contextid="184" timestamp="2024-07-17T18:05:44.775">
  <scavenger-info tenureage="3" tenuremask="7f18" tiltratio="85" />
  <memory-copied type="nursery" objects="68175" bytes="3502976" bytesdiscarded="308720" />
  <memory-copied type="tenure" objects="42077" bytes="2187096" bytesdiscarded="480" />
  <ownableSynchronizers candidates="256" cleared="69" />
  <references type="soft" candidates="118" cleared="0" enqueued="0" dynamicThreshold="32" maxThreshold="32" />
  <references type="weak" candidates="955" cleared="49" enqueued="49" />
  <references type="phantom" candidates="58" cleared="0" enqueued="0" />
  <object-monitors candidates="6" cleared="0"  />
</gc-op>
<heap-resize id="188" type="expand" space="nursery" amount="3670016" count="1" timems="0.042" reason="excessive time being spent scavenging" timestamp="2024-07-17T18:05:44.776" />
<gc-end id="189" type="scavenge" contextid="184" durationms="10.215" usertimems="26.236" systemtimems="22.008" stalltimems="25.398" timestamp="2024-07-17T18:05:44.776" activeThreads="9">
  <mem-info id="190" free="223402912" total="272105472" percent="82">
    <mem type="nursery" free="57527472" total="70778880" percent="81">
      <mem type="allocate" free="57527472" total="61341696" percent="93" />
      <mem type="survivor" free="0" total="9437184" percent="0" />
    </mem>
    <mem type="tenure" free="165875440" total="201326592" percent="82">
      <mem type="soa" free="155808496" total="191259648" percent="81" />
      <mem type="loa" free="10066944" total="10066944" percent="100" />
    </mem>
    <pending-finalizers system="0" default="0" reference="49" classloader="0" />
    <remembered-set count="1390" />
  </mem-info>
</gc-end>
<cycle-end id="191" type="scavenge" contextid="184" timestamp="2024-07-17T18:05:44.777" />
<allocation-satisfied id="192" threadId="0000000001570C00" bytesRequested="1912" />
<af-end id="193" timestamp="2024-07-17T18:05:44.777" threadId="0000000001571638" success="true" from="nursery"/>
<exclusive-end id="194" timestamp="2024-07-17T18:05:44.778" durationms="12.983" />

<exclusive-start id="195" timestamp="2024-07-17T18:05:44.887" intervalms="122.603">
  <response-info timems="0.618" idlems="0.342" threads="3" lastid="0000000000950F00" lastname="Unconstrained build operations Thread 82" />
</exclusive-start>
<af-start id="196" threadId="0000000001578F38" totalBytesRequested="14936" timestamp="2024-07-17T18:05:44.888" intervalms="122.742" type="nursery" />
<cycle-start id="197" type="scavenge" contextid="0" timestamp="2024-07-17T18:05:44.889" intervalms="122.922" />
<gc-start id="198" type="scavenge" contextid="197" timestamp="2024-07-17T18:05:44.889">
  <mem-info id="199" free="165875440" total="272105472" percent="60">
    <mem type="nursery" free="0" total="70778880" percent="0">
      <mem type="allocate" free="0" total="61341696" percent="0" />
      <mem type="survivor" free="0" total="9437184" percent="0" />
    </mem>
    <mem type="tenure" free="165875440" total="201326592" percent="82">
      <mem type="soa" free="155808496" total="191259648" percent="81" />
      <mem type="loa" free="10066944" total="10066944" percent="100" />
    </mem>
    <remembered-set count="1474" />
  </mem-info>
</gc-start>
<allocation-stats totalBytes="57102720" discardedBytes="424752" >
  <allocated-bytes non-tlh="706072" tlh="56396648" />
  <largest-consumer threadName="Unconstrained build operations Thread 84" threadId="0000000001570C00" bytes="11313256" />
</allocation-stats>
<gc-op id="200" type="scavenge" timems="10.249" contextid="197" timestamp="2024-07-17T18:05:44.900">
  <scavenger-info tenureage="9" tenuremask="7e00" tiltratio="86" />
  <memory-copied type="nursery" objects="81451" bytes="3935760" bytesdiscarded="66072" />
  <ownableSynchronizers candidates="181" cleared="53" />
  <references type="soft" candidates="118" cleared="0" enqueued="0" dynamicThreshold="32" maxThreshold="32" />
  <references type="weak" candidates="1102" cleared="45" enqueued="45" />
  <references type="phantom" candidates="62" cleared="0" enqueued="0" />
  <object-monitors candidates="6" cleared="1"  />
</gc-op>
<heap-resize id="201" type="expand" space="nursery" amount="2883584" count="1" timems="0.149" reason="excessive time being spent scavenging" timestamp="2024-07-17T18:05:44.901" />
<gc-end id="202" type="scavenge" contextid="197" durationms="11.946" usertimems="0.000" systemtimems="53.028" stalltimems="33.118" timestamp="2024-07-17T18:05:44.901" activeThreads="9">
  <mem-info id="203" free="227079352" total="274989056" percent="82">
    <mem type="nursery" free="61203912" total="73662464" percent="83">
      <mem type="allocate" free="61203912" total="65208320" percent="93" />
      <mem type="survivor" free="0" total="8454144" percent="0" />
    </mem>
    <mem type="tenure" free="165875440" total="201326592" percent="82">
      <mem type="soa" free="155808496" total="191259648" percent="81" />
      <mem type="loa" free="10066944" total="10066944" percent="100" />
    </mem>
    <pending-finalizers system="0" default="0" reference="45" classloader="0" />
    <remembered-set count="1398" />
  </mem-info>
</gc-end>
<cycle-end id="204" type="scavenge" contextid="197" timestamp="2024-07-17T18:05:44.902" />
<allocation-satisfied id="205" threadId="0000000001578500" bytesRequested="14936" />
<af-end id="206" timestamp="2024-07-17T18:05:44.903" threadId="0000000001578F38" success="true" from="nursery"/>
<exclusive-end id="207" timestamp="2024-07-17T18:05:44.903" durationms="15.595" />

<exclusive-start id="208" timestamp="2024-07-17T18:05:45.064" intervalms="176.227">
  <response-info timems="0.207" idlems="0.158" threads="3" lastid="0000000001570C00" lastname="Unconstrained build operations Thread 84" />
</exclusive-start>
<af-start id="209" threadId="000000000156FE38" totalBytesRequested="37472" timestamp="2024-07-17T18:05:45.064" intervalms="176.042" type="nursery" />
<cycle-start id="210" type="scavenge" contextid="0" timestamp="2024-07-17T18:05:45.064" intervalms="175.831" />
<gc-start id="211" type="scavenge" contextid="210" timestamp="2024-07-17T18:05:45.065">
  <mem-info id="212" free="165875440" total="274989056" percent="60">
    <mem type="nursery" free="0" total="73662464" percent="0">
      <mem type="allocate" free="0" total="65208320" percent="0" />
      <mem type="survivor" free="0" total="8454144" percent="0" />
    </mem>
    <mem type="tenure" free="165875440" total="201326592" percent="82">
      <mem type="soa" free="155808496" total="191259648" percent="81" />
      <mem type="loa" free="10066944" total="10066944" percent="100" />
    </mem>
    <remembered-set count="1491" />
  </mem-info>
</gc-start>
<allocation-stats totalBytes="61019056" discardedBytes="184856" >
  <allocated-bytes non-tlh="252944" tlh="60766112" />
  <largest-consumer threadName="Unconstrained build operations Thread 84" threadId="0000000001570C00" bytes="8918440" />
</allocation-stats>
<gc-op id="213" type="scavenge" timems="6.252" contextid="210" timestamp="2024-07-17T18:05:45.072">
  <scavenger-info tenureage="4" tenuremask="7c10" tiltratio="88" />
  <memory-copied type="nursery" objects="17719" bytes="756648" bytesdiscarded="268776" />
  <memory-copied type="tenure" objects="24190" bytes="912872" bytesdiscarded="1640" />
  <ownableSynchronizers candidates="229" cleared="98" />
  <references type="weak" candidates="1100" cleared="101" enqueued="101" />
  <references type="phantom" candidates="21" cleared="0" enqueued="0" />
  <object-monitors candidates="6" cleared="1"  />
</gc-op>
<gc-end id="214" type="scavenge" contextid="210" durationms="7.306" usertimems="24.584" systemtimems="2.848" stalltimems="24.594" timestamp="2024-07-17T18:05:45.072" activeThreads="9">
  <mem-info id="215" free="230093672" total="274989056" percent="83">
    <mem type="nursery" free="65231360" total="73662464" percent="88">
      <mem type="allocate" free="65231360" total="66256896" percent="98" />
      <mem type="survivor" free="0" total="7405568" percent="0" />
    </mem>
    <mem type="tenure" free="164862312" total="201326592" percent="81">
      <mem type="soa" free="154795368" total="191259648" percent="80" />
      <mem type="loa" free="10066944" total="10066944" percent="100" />
    </mem>
    <pending-finalizers system="0" default="0" reference="101" classloader="0" />
    <remembered-set count="1186" />
  </mem-info>
</gc-end>
<cycle-end id="216" type="scavenge" contextid="210" timestamp="2024-07-17T18:05:45.073" />
<allocation-satisfied id="217" threadId="000000000156F400" bytesRequested="37472" />
<af-end id="218" timestamp="2024-07-17T18:05:45.073" threadId="000000000156FE38" success="true" from="nursery"/>
<exclusive-end id="219" timestamp="2024-07-17T18:05:45.074" durationms="9.939" />

<exclusive-start id="220" timestamp="2024-07-17T18:05:45.497" intervalms="433.714">
  <response-info timems="0.128" idlems="0.128" threads="0" lastid="000000000157A900" lastname="Unconstrained build operations Thread 88" />
</exclusive-start>
<af-start id="221" threadId="000000000157B338" totalBytesRequested="32" timestamp="2024-07-17T18:05:45.498" intervalms="433.723" type="nursery" />
<cycle-start id="222" type="scavenge" contextid="0" timestamp="2024-07-17T18:05:45.498" intervalms="433.738" />
<gc-start id="223" type="scavenge" contextid="222" timestamp="2024-07-17T18:05:45.499">
  <mem-info id="224" free="164813144" total="274989056" percent="59">
    <mem type="nursery" free="0" total="73662464" percent="0">
      <mem type="allocate" free="0" total="66256896" percent="0" />
      <mem type="survivor" free="0" total="7405568" percent="0" />
    </mem>
    <mem type="tenure" free="164813144" total="201326592" percent="81">
      <mem type="soa" free="154746200" total="191259648" percent="80" />
      <mem type="loa" free="10066944" total="10066944" percent="100" />
    </mem>
    <remembered-set count="2314" />
  </mem-info>
</gc-start>
<allocation-stats totalBytes="65172808" discardedBytes="107720" >
  <allocated-bytes non-tlh="1354192" tlh="63818616" />
  <largest-consumer threadName="Daemon worker" threadId="0000000000604500" bytes="7294528" />
</allocation-stats>
<gc-op id="225" type="scavenge" timems="5.548" contextid="222" timestamp="2024-07-17T18:05:45.505">
  <scavenger-info tenureage="11" tenuremask="7800" tiltratio="89" />
  <memory-copied type="nursery" objects="48575" bytes="3383344" bytesdiscarded="416640" />
  <finalization candidates="107" enqueued="107" />
  <ownableSynchronizers candidates="237" cleared="223" />
  <references type="soft" candidates="111" cleared="0" enqueued="0" dynamicThreshold="32" maxThreshold="32" />
  <references type="weak" candidates="4347" cleared="2490" enqueued="2490" />
  <references type="phantom" candidates="137" cleared="61" enqueued="61" />
  <object-monitors candidates="56" cleared="47"  />
</gc-op>
<gc-end id="226" type="scavenge" contextid="222" durationms="6.532" usertimems="12.066" systemtimems="9.194" stalltimems="23.044" timestamp="2024-07-17T18:05:45.505" activeThreads="8">
  <mem-info id="227" free="227268304" total="274989056" percent="82">
    <mem type="nursery" free="62455160" total="73662464" percent="84">
      <mem type="allocate" free="62455160" total="66256896" percent="94" />
      <mem type="survivor" free="0" total="7405568" percent="0" />
    </mem>
    <mem type="tenure" free="164813144" total="201326592" percent="81">
      <mem type="soa" free="154746200" total="191259648" percent="80" />
      <mem type="loa" free="10066944" total="10066944" percent="100" />
    </mem>
    <pending-finalizers system="107" default="0" reference="2551" classloader="0" />
    <remembered-set count="1990" />
  </mem-info>
</gc-end>
<cycle-end id="228" type="scavenge" contextid="222" timestamp="2024-07-17T18:05:45.506" />
<allocation-satisfied id="229" threadId="000000000157A900" bytesRequested="32" />
<af-end id="230" timestamp="2024-07-17T18:05:45.506" threadId="000000000157B338" success="true" from="nursery"/>
<exclusive-end id="231" timestamp="2024-07-17T18:05:45.506" durationms="9.119" />

<exclusive-start id="232" timestamp="2024-07-17T18:05:45.807" intervalms="309.171">
  <response-info timems="0.135" idlems="0.135" threads="0" lastid="00000000005AF700" lastname="Daemon periodic checks" />
</exclusive-start>
<af-start id="233" threadId="00000000005B0138" totalBytesRequested="1032" timestamp="2024-07-17T18:05:45.808" intervalms="310.001" type="nursery" />
<cycle-start id="234" type="scavenge" contextid="0" timestamp="2024-07-17T18:05:45.808" intervalms="310.165" />
<gc-start id="235" type="scavenge" contextid="234" timestamp="2024-07-17T18:05:45.809">
  <mem-info id="236" free="164812048" total="274989056" percent="59">
    <mem type="nursery" free="0" total="73662464" percent="0">
      <mem type="allocate" free="0" total="66256896" percent="0" />
      <mem type="survivor" free="0" total="7405568" percent="0" />
    </mem>
    <mem type="tenure" free="164812048" total="201326592" percent="81">
      <mem type="soa" free="154745104" total="191259648" percent="80" />
      <mem type="loa" free="10066944" total="10066944" percent="100" />
    </mem>
    <remembered-set count="2118" />
  </mem-info>
</gc-start>
<allocation-stats totalBytes="62362016" discardedBytes="94240" >
  <allocated-bytes non-tlh="999704" tlh="61362312" />
  <largest-consumer threadName="Unconstrained build operations Thread 90" threadId="000000000157C200" bytes="17288128" />
</allocation-stats>
<gc-op id="237" type="scavenge" timems="4.501" contextid="234" timestamp="2024-07-17T18:05:45.814">
  <scavenger-info tenureage="12" tenuremask="7000" tiltratio="89" />
  <memory-copied type="nursery" objects="42538" bytes="2469128" bytesdiscarded="249656" />
  <ownableSynchronizers candidates="169" cleared="152" />
  <references type="soft" candidates="111" cleared="0" enqueued="0" dynamicThreshold="32" maxThreshold="32" />
  <references type="weak" candidates="3492" cleared="1162" enqueued="1162" />
  <references type="phantom" candidates="56" cleared="0" enqueued="0" />
  <object-monitors candidates="10" cleared="0"  />
</gc-op>
<gc-end id="238" type="scavenge" contextid="234" durationms="6.234" usertimems="19.538" systemtimems="1.089" stalltimems="9.915" timestamp="2024-07-17T18:05:45.815" activeThreads="7">
  <mem-info id="239" free="228349520" total="274989056" percent="83">
    <mem type="nursery" free="63537472" total="73662464" percent="86">
      <mem type="allocate" free="63537472" total="66256896" percent="95" />
      <mem type="survivor" free="0" total="7405568" percent="0" />
    </mem>
    <mem type="tenure" free="164812048" total="201326592" percent="81">
      <mem type="soa" free="154745104" total="191259648" percent="80" />
      <mem type="loa" free="10066944" total="10066944" percent="100" />
    </mem>
    <pending-finalizers system="0" default="0" reference="1162" classloader="0" />
    <remembered-set count="1943" />
  </mem-info>
</gc-end>
<cycle-end id="240" type="scavenge" contextid="234" timestamp="2024-07-17T18:05:45.816" />
<allocation-satisfied id="241" threadId="00000000005AF700" bytesRequested="1032" />
<af-end id="242" timestamp="2024-07-17T18:05:45.817" threadId="00000000005B0138" success="true" from="nursery"/>
<exclusive-end id="243" timestamp="2024-07-17T18:05:45.817" durationms="10.316" />

<exclusive-start id="244" timestamp="2024-07-17T18:05:46.023" intervalms="216.189">
  <response-info timems="0.119" idlems="0.119" threads="0" lastid="000000000157F200" lastname="Unconstrained build operations Thread 92" />
</exclusive-start>
<af-start id="245" threadId="000000000157FC38" totalBytesRequested="1032" timestamp="2024-07-17T18:05:46.023" intervalms="215.385" type="nursery" />
<cycle-start id="246" type="scavenge" contextid="0" timestamp="2024-07-17T18:05:46.024" intervalms="215.285" />
<gc-start id="247" type="scavenge" contextid="246" timestamp="2024-07-17T18:05:46.024">
  <mem-info id="248" free="164810304" total="274989056" percent="59">
    <mem type="nursery" free="0" total="73662464" percent="0">
      <mem type="allocate" free="0" total="66256896" percent="0" />
      <mem type="survivor" free="0" total="7405568" percent="0" />
    </mem>
    <mem type="tenure" free="164810304" total="201326592" percent="81">
      <mem type="soa" free="154743360" total="191259648" percent="80" />
      <mem type="loa" free="10066944" total="10066944" percent="100" />
    </mem>
    <remembered-set count="2068" />
  </mem-info>
</gc-start>
<allocation-stats totalBytes="63455816" discardedBytes="83400" >
  <allocated-bytes non-tlh="701952" tlh="62753864" />
  <largest-consumer threadName="Unconstrained build operations Thread 90" threadId="000000000157C200" bytes="18321432" />
</allocation-stats>
<gc-op id="249" type="scavenge" timems="4.758" contextid="246" timestamp="2024-07-17T18:05:46.030">
  <scavenger-info tenureage="13" tenuremask="6000" tiltratio="89" />
  <memory-copied type="nursery" objects="51735" bytes="3013024" bytesdiscarded="113424" />
  <ownableSynchronizers candidates="178" cleared="163" />
  <references type="soft" candidates="111" cleared="0" enqueued="0" dynamicThreshold="32" maxThreshold="32" />
  <references type="weak" candidates="5761" cleared="2231" enqueued="2231" />
  <references type="phantom" candidates="70" cleared="0" enqueued="0" />
  <object-monitors candidates="12" cleared="0"  />
</gc-op>
<gc-end id="250" type="scavenge" contextid="246" durationms="6.425" usertimems="18.895" systemtimems="2.212" stalltimems="11.603" timestamp="2024-07-17T18:05:46.031" activeThreads="7">
  <mem-info id="251" free="227939872" total="274989056" percent="82">
    <mem type="nursery" free="63129568" total="73662464" percent="85">
      <mem type="allocate" free="63129568" total="66256896" percent="95" />
      <mem type="survivor" free="0" total="7405568" percent="0" />
    </mem>
    <mem type="tenure" free="164810304" total="201326592" percent="81">
      <mem type="soa" free="154743360" total="191259648" percent="80" />
      <mem type="loa" free="10066944" total="10066944" percent="100" />
    </mem>
    <pending-finalizers system="0" default="0" reference="2231" classloader="0" />
    <remembered-set count="1613" />
  </mem-info>
</gc-end>
<cycle-end id="252" type="scavenge" contextid="246" timestamp="2024-07-17T18:05:46.031" />
<allocation-satisfied id="253" threadId="000000000157F200" bytesRequested="1032" />
<af-end id="254" timestamp="2024-07-17T18:05:46.032" threadId="000000000157FC38" success="true" from="nursery"/>
<exclusive-end id="255" timestamp="2024-07-17T18:05:46.032" durationms="9.269" />

<exclusive-start id="256" timestamp="2024-07-17T18:05:46.139" intervalms="116.502">
  <response-info timems="0.126" idlems="0.126" threads="0" lastid="000000000157F200" lastname="Unconstrained build operations Thread 92" />
</exclusive-start>
<af-start id="257" threadId="000000000157FC38" totalBytesRequested="8440" timestamp="2024-07-17T18:05:46.140" intervalms="116.470" type="nursery" />
<cycle-start id="258" type="scavenge" contextid="0" timestamp="2024-07-17T18:05:46.140" intervalms="116.385" />
<gc-start id="259" type="scavenge" contextid="258" timestamp="2024-07-17T18:05:46.140">
  <mem-info id="260" free="164809584" total="274989056" percent="59">
    <mem type="nursery" free="0" total="73662464" percent="0">
      <mem type="allocate" free="0" total="66256896" percent="0" />
      <mem type="survivor" free="0" total="7405568" percent="0" />
    </mem>
    <mem type="tenure" free="164809584" total="201326592" percent="81">
      <mem type="soa" free="154742640" total="191259648" percent="80" />
      <mem type="loa" free="10066944" total="10066944" percent="100" />
    </mem>
    <remembered-set count="1679" />
  </mem-info>
</gc-start>
<allocation-stats totalBytes="63046640" discardedBytes="83648" >
  <allocated-bytes non-tlh="485928" tlh="62560712" />
  <largest-consumer threadName="Unconstrained build operations Thread 92" threadId="000000000157F200" bytes="10961256" />
</allocation-stats>
<gc-op id="261" type="scavenge" timems="5.367" contextid="258" timestamp="2024-07-17T18:05:46.146">
  <scavenger-info tenureage="14" tenuremask="4000" tiltratio="89" />
  <memory-copied type="nursery" objects="74884" bytes="4146808" bytesdiscarded="180072" />
  <ownableSynchronizers candidates="79" cleared="67" />
  <references type="soft" candidates="111" cleared="0" enqueued="0" dynamicThreshold="32" maxThreshold="32" />
  <references type="weak" candidates="5408" cleared="864" enqueued="864" />
  <references type="phantom" candidates="72" cleared="0" enqueued="0" />
  <object-monitors candidates="12" cleared="1"  />
</gc-op>
<gc-end id="262" type="scavenge" contextid="258" durationms="6.256" usertimems="23.188" systemtimems="0.000" stalltimems="13.571" timestamp="2024-07-17T18:05:46.147" activeThreads="7">
  <mem-info id="263" free="226738736" total="274989056" percent="82">
    <mem type="nursery" free="61929152" total="73662464" percent="84">
      <mem type="allocate" free="61929152" total="66256896" percent="93" />
      <mem type="survivor" free="0" total="7405568" percent="0" />
    </mem>
    <mem type="tenure" free="164809584" total="201326592" percent="81">
      <mem type="soa" free="154742640" total="191259648" percent="80" />
      <mem type="loa" free="10066944" total="10066944" percent="100" />
    </mem>
    <pending-finalizers system="0" default="0" reference="864" classloader="0" />
    <remembered-set count="1604" />
  </mem-info>
</gc-end>
<cycle-end id="264" type="scavenge" contextid="258" timestamp="2024-07-17T18:05:46.147" />
<allocation-satisfied id="265" threadId="000000000157F200" bytesRequested="8440" />
<af-end id="266" timestamp="2024-07-17T18:05:46.147" threadId="000000000157FC38" success="true" from="nursery"/>
<exclusive-end id="267" timestamp="2024-07-17T18:05:46.148" durationms="8.445" />

<exclusive-start id="268" timestamp="2024-07-17T18:05:46.257" intervalms="118.152">
  <response-info timems="0.158" idlems="0.100" threads="2" lastid="0000000001583B00" lastname="Unconstrained build operations Thread 96" />
</exclusive-start>
<af-start id="269" threadId="0000000001582C38" totalBytesRequested="21168" timestamp="2024-07-17T18:05:46.258" intervalms="118.212" type="nursery" />
<cycle-start id="270" type="scavenge" contextid="0" timestamp="2024-07-17T18:05:46.258" intervalms="118.297" />
<gc-start id="271" type="scavenge" contextid="270" timestamp="2024-07-17T18:05:46.259">
  <mem-info id="272" free="164809544" total="274989056" percent="59">
    <mem type="nursery" free="0" total="73662464" percent="0">
      <mem type="allocate" free="0" total="66256896" percent="0" />
      <mem type="survivor" free="0" total="7405568" percent="0" />
    </mem>
    <mem type="tenure" free="164809544" total="201326592" percent="81">
      <mem type="soa" free="154742600" total="191259648" percent="80" />
      <mem type="loa" free="10066944" total="10066944" percent="100" />
    </mem>
    <remembered-set count="1672" />
  </mem-info>
</gc-start>
<allocation-stats totalBytes="61838120" discardedBytes="91072" >
  <allocated-bytes non-tlh="940760" tlh="60897360" />
  <largest-consumer threadName="Unconstrained build operations Thread 90" threadId="000000000157C200" bytes="9935936" />
</allocation-stats>
<gc-op id="273" type="scavenge" timems="5.968" contextid="270" timestamp="2024-07-17T18:05:46.265">
  <scavenger-info tenureage="4" tenuremask="4010" tiltratio="89" />
  <memory-copied type="nursery" objects="53877" bytes="3623784" bytesdiscarded="102016" />
  <memory-copied type="tenure" objects="13357" bytes="1047640" bytesdiscarded="832" />
  <ownableSynchronizers candidates="87" cleared="73" />
  <references type="weak" candidates="8376" cleared="6079" enqueued="6079" />
  <references type="phantom" candidates="54" cleared="0" enqueued="0" />
  <object-monitors candidates="11" cleared="0"  />
</gc-op>
<gc-end id="274" type="scavenge" contextid="270" durationms="6.911" usertimems="25.611" systemtimems="1.799" stalltimems="13.743" timestamp="2024-07-17T18:05:46.266" activeThreads="7">
  <mem-info id="275" free="226198544" total="274989056" percent="82">
    <mem type="nursery" free="62530592" total="73662464" percent="84">
      <mem type="allocate" free="62530592" total="66256896" percent="94" />
      <mem type="survivor" free="0" total="7405568" percent="0" />
    </mem>
    <mem type="tenure" free="163667952" total="201326592" percent="81">
      <mem type="soa" free="153601008" total="191259648" percent="80" />
      <mem type="loa" free="10066944" total="10066944" percent="100" />
    </mem>
    <pending-finalizers system="0" default="0" reference="6079" classloader="0" />
    <remembered-set count="2439" />
  </mem-info>
</gc-end>
<cycle-end id="276" type="scavenge" contextid="270" timestamp="2024-07-17T18:05:46.266" />
<allocation-satisfied id="277" threadId="0000000001582200" bytesRequested="21168" />
<af-end id="278" timestamp="2024-07-17T18:05:46.267" threadId="0000000001582C38" success="true" from="nursery"/>
<exclusive-end id="279" timestamp="2024-07-17T18:05:46.267" durationms="9.411" />

<exclusive-start id="280" timestamp="2024-07-17T18:05:46.347" intervalms="89.760">
  <response-info timems="0.193" idlems="0.128" threads="3" lastid="000000000157A900" lastname="Unconstrained build operations Thread 88" />
</exclusive-start>
<af-start id="281" threadId="0000000001582C38" totalBytesRequested="224" timestamp="2024-07-17T18:05:46.347" intervalms="89.687" type="nursery" />
<cycle-start id="282" type="scavenge" contextid="0" timestamp="2024-07-17T18:05:46.348" intervalms="89.624" />
<gc-start id="283" type="scavenge" contextid="282" timestamp="2024-07-17T18:05:46.348">
  <mem-info id="284" free="163667952" total="274989056" percent="59">
    <mem type="nursery" free="0" total="73662464" percent="0">
      <mem type="allocate" free="0" total="66256896" percent="0" />
      <mem type="survivor" free="0" total="7405568" percent="0" />
    </mem>
    <mem type="tenure" free="163667952" total="201326592" percent="81">
      <mem type="soa" free="153601008" total="191259648" percent="80" />
      <mem type="loa" free="10066944" total="10066944" percent="100" />
    </mem>
    <remembered-set count="2518" />
  </mem-info>
</gc-start>
<allocation-stats totalBytes="62463872" discardedBytes="66720" >
  <allocated-bytes non-tlh="653000" tlh="61810872" />
  <largest-consumer threadName="Unconstrained build operations Thread 97" threadId="0000000001585F00" bytes="9189824" />
</allocation-stats>
<gc-op id="285" type="scavenge" timems="5.207" contextid="282" timestamp="2024-07-17T18:05:46.354">
  <scavenger-info tenureage="9" tenuremask="4200" tiltratio="89" />
  <memory-copied type="nursery" objects="53233" bytes="3803520" bytesdiscarded="166416" />
  <memory-copied type="tenure" objects="4427" bytes="151840" bytesdiscarded="88" />
  <ownableSynchronizers candidates="21" cleared="15" />
  <references type="weak" candidates="2179" cleared="46" enqueued="46" />
  <references type="phantom" candidates="52" cleared="0" enqueued="0" />
  <object-monitors candidates="11" cleared="0"  />
</gc-op>
<heap-resize id="286" type="expand" space="nursery" amount="3407872" count="1" timems="0.035" reason="excessive time being spent scavenging" timestamp="2024-07-17T18:05:46.354" />
<gc-end id="287" type="scavenge" contextid="282" durationms="6.481" usertimems="13.683" systemtimems="10.613" stalltimems="10.832" timestamp="2024-07-17T18:05:46.355" activeThreads="7">
  <mem-info id="288" free="228443808" total="278396928" percent="82">
    <mem type="nursery" free="65301168" total="77070336" percent="84">
      <mem type="allocate" free="65301168" total="69271552" percent="94" />
      <mem type="survivor" free="0" total="7798784" percent="0" />
    </mem>
    <mem type="tenure" free="163142640" total="201326592" percent="81">
      <mem type="soa" free="153075696" total="191259648" percent="80" />
      <mem type="loa" free="10066944" total="10066944" percent="100" />
    </mem>
    <pending-finalizers system="0" default="0" reference="46" classloader="0" />
    <remembered-set count="2347" />
  </mem-info>
</gc-end>
<cycle-end id="289" type="scavenge" contextid="282" timestamp="2024-07-17T18:05:46.355" />
<allocation-satisfied id="290" threadId="0000000001582200" bytesRequested="224" />
<af-end id="291" timestamp="2024-07-17T18:05:46.356" threadId="0000000001582C38" success="true" from="nursery"/>
<exclusive-end id="292" timestamp="2024-07-17T18:05:46.356" durationms="8.812" />

<exclusive-start id="293" timestamp="2024-07-17T18:05:46.449" intervalms="101.459">
  <response-info timems="0.157" idlems="0.099" threads="1" lastid="0000000001585F00" lastname="Unconstrained build operations Thread 97" />
</exclusive-start>
<af-start id="294" threadId="0000000001584538" totalBytesRequested="4104" timestamp="2024-07-17T18:05:46.449" intervalms="101.530" type="nursery" />
<cycle-start id="295" type="scavenge" contextid="0" timestamp="2024-07-17T18:05:46.449" intervalms="101.584" />
<gc-start id="296" type="scavenge" contextid="295" timestamp="2024-07-17T18:05:46.450">
  <mem-info id="297" free="163142488" total="278396928" percent="58">
    <mem type="nursery" free="0" total="77070336" percent="0">
      <mem type="allocate" free="0" total="69271552" percent="0" />
      <mem type="survivor" free="0" total="7798784" percent="0" />
    </mem>
    <mem type="tenure" free="163142488" total="201326592" percent="81">
      <mem type="soa" free="153075544" total="191259648" percent="80" />
      <mem type="loa" free="10066944" total="10066944" percent="100" />
    </mem>
    <remembered-set count="2437" />
  </mem-info>
</gc-start>
<allocation-stats totalBytes="65212904" discardedBytes="88416" >
  <allocated-bytes non-tlh="1477904" tlh="63735000" />
  <largest-consumer threadName="Unconstrained build operations Thread 91" threadId="000000000157E600" bytes="9456760" />
</allocation-stats>
<gc-op id="298" type="scavenge" timems="7.431" contextid="295" timestamp="2024-07-17T18:05:46.458">
  <scavenger-info tenureage="7" tenuremask="4380" tiltratio="89" />
  <memory-copied type="nursery" objects="92198" bytes="7070376" bytesdiscarded="115776" />
  <memory-copied type="tenure" objects="9001" bytes="313368" bytesdiscarded="72" />
  <ownableSynchronizers candidates="36" cleared="32" />
  <references type="weak" candidates="1798" cleared="95" enqueued="95" />
  <references type="phantom" candidates="40" cleared="0" enqueued="0" />
  <object-monitors candidates="11" cleared="0"  />
</gc-op>
<heap-resize id="299" type="expand" space="nursery" amount="2883584" count="1" timems="0.044" reason="excessive time being spent scavenging" timestamp="2024-07-17T18:05:46.459" />
<gc-end id="300" type="scavenge" contextid="295" durationms="9.005" usertimems="19.337" systemtimems="16.668" stalltimems="14.175" timestamp="2024-07-17T18:05:46.459" activeThreads="7">
  <mem-info id="301" free="224487432" total="281280512" percent="79">
    <mem type="nursery" free="61626288" total="79953920" percent="77">
      <mem type="allocate" free="61626288" total="68812800" percent="89" />
      <mem type="survivor" free="0" total="11141120" percent="0" />
    </mem>
    <mem type="tenure" free="162861144" total="201326592" percent="80">
      <mem type="soa" free="152794200" total="191259648" percent="79" />
      <mem type="loa" free="10066944" total="10066944" percent="100" />
    </mem>
    <pending-finalizers system="0" default="0" reference="95" classloader="0" />
    <remembered-set count="1461" />
  </mem-info>
</gc-end>
<cycle-end id="302" type="scavenge" contextid="295" timestamp="2024-07-17T18:05:46.460" />
<allocation-satisfied id="303" threadId="0000000001583B00" bytesRequested="4104" />
<af-end id="304" timestamp="2024-07-17T18:05:46.461" threadId="0000000001584538" success="true" from="nursery"/>
<exclusive-end id="305" timestamp="2024-07-17T18:05:46.461" durationms="12.450" />

<exclusive-start id="306" timestamp="2024-07-17T18:05:46.553" intervalms="104.207">
  <response-info timems="0.141" idlems="0.141" threads="0" lastid="000000000157E600" lastname="Unconstrained build operations Thread 91" />
</exclusive-start>
<af-start id="307" threadId="000000000157F038" totalBytesRequested="16" timestamp="2024-07-17T18:05:46.553" intervalms="104.203" type="nursery" />
<cycle-start id="308" type="scavenge" contextid="0" timestamp="2024-07-17T18:05:46.554" intervalms="104.221" />
<gc-start id="309" type="scavenge" contextid="308" timestamp="2024-07-17T18:05:46.554">
  <mem-info id="310" free="162860576" total="281280512" percent="57">
    <mem type="nursery" free="0" total="79953920" percent="0">
      <mem type="allocate" free="0" total="68812800" percent="0" />
      <mem type="survivor" free="0" total="11141120" percent="0" />
    </mem>
    <mem type="tenure" free="162860576" total="201326592" percent="80">
      <mem type="soa" free="152793632" total="191259648" percent="79" />
      <mem type="loa" free="10066944" total="10066944" percent="100" />
    </mem>
    <remembered-set count="1571" />
  </mem-info>
</gc-start>
<allocation-stats totalBytes="61574904" discardedBytes="51952" >
  <allocated-bytes non-tlh="2375112" tlh="59199792" />
  <largest-consumer threadName="Unconstrained build operations Thread 97" threadId="0000000001585F00" bytes="12012720" />
</allocation-stats>
<gc-op id="311" type="scavenge" timems="4.637" contextid="308" timestamp="2024-07-17T18:05:46.559">
  <scavenger-info tenureage="14" tenuremask="4000" tiltratio="86" />
  <memory-copied type="nursery" objects="68201" bytes="4578952" bytesdiscarded="106040" />
  <ownableSynchronizers candidates="32" cleared="28" />
  <references type="weak" candidates="1916" cleared="130" enqueued="130" />
  <references type="phantom" candidates="37" cleared="0" enqueued="0" />
  <object-monitors candidates="11" cleared="0"  />
</gc-op>
<gc-end id="312" type="scavenge" contextid="308" durationms="6.374" usertimems="20.438" systemtimems="2.423" stalltimems="10.485" timestamp="2024-07-17T18:05:46.560" activeThreads="7">
  <mem-info id="313" free="227905552" total="281280512" percent="81">
    <mem type="nursery" free="65044976" total="79953920" percent="81">
      <mem type="allocate" free="65044976" total="69730304" percent="93" />
      <mem type="survivor" free="0" total="10223616" percent="0" />
    </mem>
    <mem type="tenure" free="162860576" total="201326592" percent="80">
      <mem type="soa" free="152793632" total="191259648" percent="79" />
      <mem type="loa" free="10066944" total="10066944" percent="100" />
    </mem>
    <pending-finalizers system="0" default="0" reference="130" classloader="0" />
    <remembered-set count="1484" />
  </mem-info>
</gc-end>
<cycle-end id="314" type="scavenge" contextid="308" timestamp="2024-07-17T18:05:46.561" />
<allocation-satisfied id="315" threadId="000000000157E600" bytesRequested="16" />
<af-end id="316" timestamp="2024-07-17T18:05:46.562" threadId="000000000157F038" success="true" from="nursery"/>
<exclusive-end id="317" timestamp="2024-07-17T18:05:46.562" durationms="8.987" />

<exclusive-start id="318" timestamp="2024-07-17T18:05:46.647" intervalms="93.872">
  <response-info timems="0.128" idlems="0.128" threads="0" lastid="000000000157E600" lastname="Unconstrained build operations Thread 91" />
</exclusive-start>
<af-start id="319" threadId="000000000157F038" totalBytesRequested="2056" timestamp="2024-07-17T18:05:46.647" intervalms="93.800" type="nursery" />
<cycle-start id="320" type="scavenge" contextid="0" timestamp="2024-07-17T18:05:46.647" intervalms="93.704" />
<gc-start id="321" type="scavenge" contextid="320" timestamp="2024-07-17T18:05:46.648">
  <mem-info id="322" free="162860480" total="281280512" percent="57">
    <mem type="nursery" free="0" total="79953920" percent="0">
      <mem type="allocate" free="0" total="69730304" percent="0" />
      <mem type="survivor" free="0" total="10223616" percent="0" />
    </mem>
    <mem type="tenure" free="162860480" total="201326592" percent="80">
      <mem type="soa" free="152793536" total="191259648" percent="79" />
      <mem type="loa" free="10066944" total="10066944" percent="100" />
    </mem>
    <remembered-set count="1625" />
  </mem-info>
</gc-start>
<allocation-stats totalBytes="64959528" discardedBytes="85544" >
  <allocated-bytes non-tlh="1171376" tlh="63788152" />
  <largest-consumer threadName="Unconstrained build operations Thread 97" threadId="0000000001585F00" bytes="12914800" />
</allocation-stats>
<gc-op id="323" type="scavenge" timems="5.257" contextid="320" timestamp="2024-07-17T18:05:46.654">
  <scavenger-info tenureage="7" tenuremask="4080" tiltratio="87" />
  <memory-copied type="nursery" objects="53066" bytes="3659512" bytesdiscarded="238272" />
  <memory-copied type="tenure" objects="4983" bytes="179232" bytesdiscarded="0" />
  <ownableSynchronizers candidates="43" cleared="34" />
  <references type="weak" candidates="2138" cleared="41" enqueued="41" />
  <references type="phantom" candidates="36" cleared="0" enqueued="0" />
  <object-monitors candidates="12" cleared="0"  />
</gc-op>
<heap-resize id="324" type="expand" space="nursery" amount="3538944" count="1" timems="0.041" reason="excessive time being spent scavenging" timestamp="2024-07-17T18:05:46.656" />
<gc-end id="325" type="scavenge" contextid="320" durationms="8.568" usertimems="16.708" systemtimems="12.204" stalltimems="11.028" timestamp="2024-07-17T18:05:46.657" activeThreads="7">
  <mem-info id="326" free="232621968" total="284819456" percent="81">
    <mem type="nursery" free="69960912" total="83492864" percent="83">
      <mem type="allocate" free="69960912" total="73859072" percent="94" />
      <mem type="survivor" free="0" total="9633792" percent="0" />
    </mem>
    <mem type="tenure" free="162661056" total="201326592" percent="80">
      <mem type="soa" free="152594112" total="191259648" percent="79" />
      <mem type="loa" free="10066944" total="10066944" percent="100" />
    </mem>
    <pending-finalizers system="0" default="0" reference="41" classloader="0" />
    <remembered-set count="1374" />
  </mem-info>
</gc-end>
<cycle-end id="327" type="scavenge" contextid="320" timestamp="2024-07-17T18:05:46.657" />
<allocation-satisfied id="328" threadId="000000000157E600" bytesRequested="2056" />
<af-end id="329" timestamp="2024-07-17T18:05:46.658" threadId="000000000157F038" success="true" from="nursery"/>
<exclusive-end id="330" timestamp="2024-07-17T18:05:46.658" durationms="11.094" />

<exclusive-start id="331" timestamp="2024-07-17T18:05:46.786" intervalms="138.921">
  <response-info timems="0.182" idlems="0.106" threads="2" lastid="0000000000022100" lastname="JIT Compilation Thread-000" />
</exclusive-start>
<af-start id="332" threadId="000000000157F038" totalBytesRequested="2624" timestamp="2024-07-17T18:05:46.786" intervalms="138.955" type="nursery" />
<cycle-start id="333" type="scavenge" contextid="0" timestamp="2024-07-17T18:05:46.786" intervalms="138.984" />
<gc-start id="334" type="scavenge" contextid="333" timestamp="2024-07-17T18:05:46.787">
  <mem-info id="335" free="162659792" total="284819456" percent="57">
    <mem type="nursery" free="0" total="83492864" percent="0">
      <mem type="allocate" free="0" total="73859072" percent="0" />
      <mem type="survivor" free="0" total="9633792" percent="0" />
    </mem>
    <mem type="tenure" free="162659792" total="201326592" percent="80">
      <mem type="soa" free="152592848" total="191259648" percent="79" />
      <mem type="loa" free="10066944" total="10066944" percent="100" />
    </mem>
    <remembered-set count="1510" />
  </mem-info>
</gc-start>
<allocation-stats totalBytes="69852400" discardedBytes="109776" >
  <allocated-bytes non-tlh="695536" tlh="69156864" />
  <largest-consumer threadName="Unconstrained build operations Thread 96" threadId="0000000001583B00" bytes="15276152" />
</allocation-stats>
<gc-op id="336" type="scavenge" timems="4.310" contextid="333" timestamp="2024-07-17T18:05:46.792">
  <scavenger-info tenureage="14" tenuremask="4000" tiltratio="88" />
  <memory-copied type="nursery" objects="55629" bytes="3974136" bytesdiscarded="217208" />
  <ownableSynchronizers candidates="58" cleared="51" />
  <references type="weak" candidates="3557" cleared="1957" enqueued="1957" />
  <references type="phantom" candidates="40" cleared="0" enqueued="0" />
  <object-monitors candidates="12" cleared="0"  />
</gc-op>
<gc-end id="337" type="scavenge" contextid="333" durationms="6.416" usertimems="19.140" systemtimems="1.092" stalltimems="10.028" timestamp="2024-07-17T18:05:46.793" activeThreads="7">
  <mem-info id="338" free="233572296" total="284819456" percent="82">
    <mem type="nursery" free="70912504" total="83492864" percent="84">
      <mem type="allocate" free="70912504" total="75104256" percent="94" />
      <mem type="survivor" free="0" total="8388608" percent="0" />
    </mem>
    <mem type="tenure" free="162659792" total="201326592" percent="80">
      <mem type="soa" free="152592848" total="191259648" percent="79" />
      <mem type="loa" free="10066944" total="10066944" percent="100" />
    </mem>
    <pending-finalizers system="0" default="0" reference="1957" classloader="0" />
    <remembered-set count="1370" />
  </mem-info>
</gc-end>
<cycle-end id="339" type="scavenge" contextid="333" timestamp="2024-07-17T18:05:46.794" />
<allocation-satisfied id="340" threadId="000000000157E600" bytesRequested="2624" />
<af-end id="341" timestamp="2024-07-17T18:05:46.794" threadId="000000000157F038" success="true" from="nursery"/>
<exclusive-end id="342" timestamp="2024-07-17T18:05:46.795" durationms="8.981" />

<exclusive-start id="343" timestamp="2024-07-17T18:05:46.889" intervalms="103.522">
  <response-info timems="0.185" idlems="0.112" threads="1" lastid="000000000157E600" lastname="Unconstrained build operations Thread 91" />
</exclusive-start>
<af-start id="344" threadId="0000000000604F38" totalBytesRequested="32" timestamp="2024-07-17T18:05:46.889" intervalms="103.461" type="nursery" />
<cycle-start id="345" type="scavenge" contextid="0" timestamp="2024-07-17T18:05:46.890" intervalms="103.389" />
<gc-start id="346" type="scavenge" contextid="345" timestamp="2024-07-17T18:05:46.890">
  <mem-info id="347" free="162659744" total="284819456" percent="57">
    <mem type="nursery" free="0" total="83492864" percent="0">
      <mem type="allocate" free="0" total="75104256" percent="0" />
      <mem type="survivor" free="0" total="8388608" percent="0" />
    </mem>
    <mem type="tenure" free="162659744" total="201326592" percent="80">
      <mem type="soa" free="152592800" total="191259648" percent="79" />
      <mem type="loa" free="10066944" total="10066944" percent="100" />
    </mem>
    <remembered-set count="1489" />
  </mem-info>
</gc-start>
<allocation-stats totalBytes="70849432" discardedBytes="63120" >
  <allocated-bytes non-tlh="1275912" tlh="69573520" />
  <largest-consumer threadName="Unconstrained build operations Thread 97" threadId="0000000001585F00" bytes="13634200" />
</allocation-stats>
<gc-op id="348" type="scavenge" timems="4.718" contextid="345" timestamp="2024-07-17T18:05:46.895">
  <scavenger-info tenureage="14" tenuremask="4000" tiltratio="89" />
  <memory-copied type="nursery" objects="70612" bytes="5159520" bytesdiscarded="166416" />
  <ownableSynchronizers candidates="52" cleared="47" />
  <references type="weak" candidates="1849" cleared="110" enqueued="110" />
  <references type="phantom" candidates="40" cleared="0" enqueued="0" />
  <object-monitors candidates="12" cleared="0"  />
</gc-op>
<gc-end id="349" type="scavenge" contextid="345" durationms="5.903" usertimems="13.590" systemtimems="6.909" stalltimems="12.314" timestamp="2024-07-17T18:05:46.896" activeThreads="7">
  <mem-info id="350" free="232437704" total="284819456" percent="81">
    <mem type="nursery" free="69777960" total="83492864" percent="83">
      <mem type="allocate" free="69777960" total="75104256" percent="92" />
      <mem type="survivor" free="0" total="8388608" percent="0" />
    </mem>
    <mem type="tenure" free="162659744" total="201326592" percent="80">
      <mem type="soa" free="152592800" total="191259648" percent="79" />
      <mem type="loa" free="10066944" total="10066944" percent="100" />
    </mem>
    <pending-finalizers system="0" default="0" reference="110" classloader="0" />
    <remembered-set count="1399" />
  </mem-info>
</gc-end>
<cycle-end id="351" type="scavenge" contextid="345" timestamp="2024-07-17T18:05:46.897" />
<allocation-satisfied id="352" threadId="0000000000604500" bytesRequested="32" />
<af-end id="353" timestamp="2024-07-17T18:05:46.897" threadId="0000000000604F38" success="true" from="nursery"/>
<exclusive-end id="354" timestamp="2024-07-17T18:05:46.897" durationms="7.965" />

<exclusive-start id="355" timestamp="2024-07-17T18:05:46.991" intervalms="101.645">
  <response-info timems="0.210" idlems="0.131" threads="2" lastid="0000000000604500" lastname="Daemon worker" />
</exclusive-start>
<af-start id="356" threadId="0000000001584538" totalBytesRequested="48" timestamp="2024-07-17T18:05:46.991" intervalms="101.840" type="nursery" />
<cycle-start id="357" type="scavenge" contextid="0" timestamp="2024-07-17T18:05:46.992" intervalms="102.004" />
<gc-start id="358" type="scavenge" contextid="357" timestamp="2024-07-17T18:05:46.992">
  <mem-info id="359" free="162658688" total="284819456" percent="57">
    <mem type="nursery" free="0" total="83492864" percent="0">
      <mem type="allocate" free="0" total="75104256" percent="0" />
      <mem type="survivor" free="0" total="8388608" percent="0" />
    </mem>
    <mem type="tenure" free="162658688" total="201326592" percent="80">
      <mem type="soa" free="152591744" total="191259648" percent="79" />
      <mem type="loa" free="10066944" total="10066944" percent="100" />
    </mem>
    <remembered-set count="1519" />
  </mem-info>
</gc-start>
<allocation-stats totalBytes="69721744" discardedBytes="57272" >
  <allocated-bytes non-tlh="1353192" tlh="68368552" />
  <largest-consumer threadName="Unconstrained build operations Thread 93" threadId="000000000157FE00" bytes="12928176" />
</allocation-stats>
<gc-op id="360" type="scavenge" timems="4.984" contextid="357" timestamp="2024-07-17T18:05:46.998">
  <scavenger-info tenureage="7" tenuremask="4080" tiltratio="89" />
  <memory-copied type="nursery" objects="48791" bytes="2773200" bytesdiscarded="362584" />
  <memory-copied type="tenure" objects="4557" bytes="866176" bytesdiscarded="120" />
  <ownableSynchronizers candidates="49" cleared="41" />
  <references type="weak" candidates="2070" cleared="595" enqueued="595" />
  <references type="phantom" candidates="27" cleared="0" enqueued="0" />
  <object-monitors candidates="12" cleared="0"  />
</gc-op>
<gc-end id="361" type="scavenge" contextid="357" durationms="5.899" usertimems="23.605" systemtimems="11.793" stalltimems="11.860" timestamp="2024-07-17T18:05:46.998" activeThreads="7">
  <mem-info id="362" free="233952520" total="284819456" percent="82">
    <mem type="nursery" free="71968232" total="83492864" percent="86">
      <mem type="allocate" free="71968232" total="75104256" percent="95" />
      <mem type="survivor" free="0" total="8388608" percent="0" />
    </mem>
    <mem type="tenure" free="161984288" total="201326592" percent="80">
      <mem type="soa" free="151917344" total="191259648" percent="79" />
      <mem type="loa" free="10066944" total="10066944" percent="100" />
    </mem>
    <pending-finalizers system="0" default="0" reference="595" classloader="0" />
    <remembered-set count="1803" />
  </mem-info>
</gc-end>
<cycle-end id="363" type="scavenge" contextid="357" timestamp="2024-07-17T18:05:46.999" />
<allocation-satisfied id="364" threadId="0000000001583B00" bytesRequested="48" />
<af-end id="365" timestamp="2024-07-17T18:05:46.999" threadId="0000000001584538" success="true" from="nursery"/>
<exclusive-end id="366" timestamp="2024-07-17T18:05:46.999" durationms="8.481" />

<exclusive-start id="367" timestamp="2024-07-17T18:05:47.110" intervalms="119.389">
  <response-info timems="0.148" idlems="0.118" threads="2" lastid="0000000001586B00" lastname="Unconstrained build operations Thread 98" />
</exclusive-start>
<af-start id="368" threadId="0000000001580838" totalBytesRequested="32" timestamp="2024-07-17T18:05:47.111" intervalms="119.296" type="nursery" />
<cycle-start id="369" type="scavenge" contextid="0" timestamp="2024-07-17T18:05:47.111" intervalms="119.215" />
<gc-start id="370" type="scavenge" contextid="369" timestamp="2024-07-17T18:05:47.111">
  <mem-info id="371" free="161984288" total="284819456" percent="56">
    <mem type="nursery" free="0" total="83492864" percent="0">
      <mem type="allocate" free="0" total="75104256" percent="0" />
      <mem type="survivor" free="0" total="8388608" percent="0" />
    </mem>
    <mem type="tenure" free="161984288" total="201326592" percent="80">
      <mem type="soa" free="151917344" total="191259648" percent="79" />
      <mem type="loa" free="10066944" total="10066944" percent="100" />
    </mem>
    <remembered-set count="1894" />
  </mem-info>
</gc-start>
<allocation-stats totalBytes="71901936" discardedBytes="66296" >
  <allocated-bytes non-tlh="114128" tlh="71787808" />
  <largest-consumer threadName="Unconstrained build operations Thread 93" threadId="000000000157FE00" bytes="15527040" />
</allocation-stats>
<gc-op id="372" type="scavenge" timems="4.312" contextid="369" timestamp="2024-07-17T18:05:47.116">
  <scavenger-info tenureage="14" tenuremask="4000" tiltratio="89" />
  <memory-copied type="nursery" objects="59753" bytes="3410192" bytesdiscarded="203160" />
  <ownableSynchronizers candidates="23" cleared="15" />
  <references type="weak" candidates="1540" cleared="20" enqueued="20" />
  <references type="phantom" candidates="31" cleared="0" enqueued="0" />
  <object-monitors candidates="12" cleared="0"  />
</gc-op>
<gc-end id="373" type="scavenge" contextid="369" durationms="5.636" usertimems="23.367" systemtimems="0.000" stalltimems="8.455" timestamp="2024-07-17T18:05:47.117" activeThreads="7">
  <mem-info id="374" free="233474904" total="284819456" percent="81">
    <mem type="nursery" free="71490616" total="83492864" percent="85">
      <mem type="allocate" free="71490616" total="75104256" percent="95" />
      <mem type="survivor" free="0" total="8388608" percent="0" />
    </mem>
    <mem type="tenure" free="161984288" total="201326592" percent="80">
      <mem type="soa" free="151917344" total="191259648" percent="79" />
      <mem type="loa" free="10066944" total="10066944" percent="100" />
    </mem>
    <pending-finalizers system="0" default="0" reference="20" classloader="0" />
    <remembered-set count="1774" />
  </mem-info>
</gc-end>
<cycle-end id="375" type="scavenge" contextid="369" timestamp="2024-07-17T18:05:47.117" />
<allocation-satisfied id="376" threadId="000000000157FE00" bytesRequested="32" />
<af-end id="377" timestamp="2024-07-17T18:05:47.118" threadId="0000000001580838" success="true" from="nursery"/>
<exclusive-end id="378" timestamp="2024-07-17T18:05:47.118" durationms="8.150" />

<exclusive-start id="379" timestamp="2024-07-17T18:05:47.251" intervalms="140.359">
  <response-info timems="0.110" idlems="0.110" threads="0" lastid="000000000157A900" lastname="Unconstrained build operations Thread 88" />
</exclusive-start>
<af-start id="380" threadId="000000000157B338" totalBytesRequested="72" timestamp="2024-07-17T18:05:47.251" intervalms="140.296" type="nursery" />
<cycle-start id="381" type="scavenge" contextid="0" timestamp="2024-07-17T18:05:47.251" intervalms="140.250" />
<gc-start id="382" type="scavenge" contextid="381" timestamp="2024-07-17T18:05:47.252">
  <mem-info id="383" free="161984288" total="284819456" percent="56">
    <mem type="nursery" free="0" total="83492864" percent="0">
      <mem type="allocate" free="0" total="75104256" percent="0" />
      <mem type="survivor" free="0" total="8388608" percent="0" />
    </mem>
    <mem type="tenure" free="161984288" total="201326592" percent="80">
      <mem type="soa" free="151917344" total="191259648" percent="79" />
      <mem type="loa" free="10066944" total="10066944" percent="100" />
    </mem>
    <remembered-set count="2074" />
  </mem-info>
</gc-start>
<allocation-stats totalBytes="71419800" discardedBytes="70816" >
  <allocated-bytes non-tlh="1023120" tlh="70396680" />
  <largest-consumer threadName="Unconstrained build operations Thread 88" threadId="000000000157A900" bytes="19002032" />
</allocation-stats>
<gc-op id="384" type="scavenge" timems="4.005" contextid="381" timestamp="2024-07-17T18:05:47.256">
  <scavenger-info tenureage="14" tenuremask="4000" tiltratio="89" />
  <memory-copied type="nursery" objects="27614" bytes="1348568" bytesdiscarded="241640" />
  <ownableSynchronizers candidates="47" cleared="37" />
  <references type="weak" candidates="1705" cleared="58" enqueued="58" />
  <references type="phantom" candidates="18" cleared="0" enqueued="0" />
  <object-monitors candidates="12" cleared="0"  />
</gc-op>
<gc-end id="385" type="scavenge" contextid="381" durationms="5.560" usertimems="25.222" systemtimems="0.000" stalltimems="11.549" timestamp="2024-07-17T18:05:47.257" activeThreads="7">
  <mem-info id="386" free="235498232" total="284819456" percent="82">
    <mem type="nursery" free="73513944" total="83492864" percent="88">
      <mem type="allocate" free="73513944" total="75104256" percent="97" />
      <mem type="survivor" free="0" total="8388608" percent="0" />
    </mem>
    <mem type="tenure" free="161984288" total="201326592" percent="80">
      <mem type="soa" free="151917344" total="191259648" percent="79" />
      <mem type="loa" free="10066944" total="10066944" percent="100" />
    </mem>
    <pending-finalizers system="0" default="0" reference="58" classloader="0" />
    <remembered-set count="1783" />
  </mem-info>
</gc-end>
<cycle-end id="387" type="scavenge" contextid="381" timestamp="2024-07-17T18:05:47.258" />
<allocation-satisfied id="388" threadId="000000000157A900" bytesRequested="72" />
<af-end id="389" timestamp="2024-07-17T18:05:47.258" threadId="000000000157B338" success="true" from="nursery"/>
<exclusive-end id="390" timestamp="2024-07-17T18:05:47.258" durationms="7.868" />

<exclusive-start id="391" timestamp="2024-07-17T18:05:47.653" intervalms="402.920">
  <response-info timems="0.127" idlems="0.127" threads="0" lastid="000000000157A900" lastname="Unconstrained build operations Thread 88" />
</exclusive-start>
<af-start id="392" threadId="000000000157B338" totalBytesRequested="32" timestamp="2024-07-17T18:05:47.654" intervalms="402.920" type="nursery" />
<cycle-start id="393" type="scavenge" contextid="0" timestamp="2024-07-17T18:05:47.654" intervalms="402.949" />
<gc-start id="394" type="scavenge" contextid="393" timestamp="2024-07-17T18:05:47.655">
  <mem-info id="395" free="161984016" total="284819456" percent="56">
    <mem type="nursery" free="0" total="83492864" percent="0">
      <mem type="allocate" free="0" total="75104256" percent="0" />
      <mem type="survivor" free="0" total="8388608" percent="0" />
    </mem>
    <mem type="tenure" free="161984016" total="201326592" percent="80">
      <mem type="soa" free="151917072" total="191259648" percent="79" />
      <mem type="loa" free="10066944" total="10066944" percent="100" />
    </mem>
    <remembered-set count="2049" />
  </mem-info>
</gc-start>
<allocation-stats totalBytes="73359064" discardedBytes="155152" >
  <allocated-bytes non-tlh="518720" tlh="72840344" />
  <largest-consumer threadName="Unconstrained build operations Thread 88" threadId="000000000157A900" bytes="22472640" />
</allocation-stats>
<gc-op id="396" type="scavenge" timems="3.574" contextid="393" timestamp="2024-07-17T18:05:47.659">
  <scavenger-info tenureage="14" tenuremask="4000" tiltratio="89" />
  <memory-copied type="nursery" objects="31893" bytes="1594856" bytesdiscarded="232704" />
  <ownableSynchronizers candidates="160" cleared="156" />
  <references type="weak" candidates="4443" cleared="2327" enqueued="2327" />
  <references type="phantom" candidates="26" cleared="0" enqueued="0" />
  <object-monitors candidates="18" cleared="1"  />
</gc-op>
<gc-end id="397" type="scavenge" contextid="393" durationms="5.566" usertimems="12.535" systemtimems="1.391" stalltimems="8.861" timestamp="2024-07-17T18:05:47.660" activeThreads="6">
  <mem-info id="398" free="235260424" total="284819456" percent="82">
    <mem type="nursery" free="73276408" total="83492864" percent="87">
      <mem type="allocate" free="73276408" total="75104256" percent="97" />
      <mem type="survivor" free="0" total="8388608" percent="0" />
    </mem>
    <mem type="tenure" free="161984016" total="201326592" percent="80">
      <mem type="soa" free="151917072" total="191259648" percent="79" />
      <mem type="loa" free="10066944" total="10066944" percent="100" />
    </mem>
    <pending-finalizers system="0" default="0" reference="2327" classloader="0" />
    <remembered-set count="1830" />
  </mem-info>
</gc-end>
<cycle-end id="399" type="scavenge" contextid="393" timestamp="2024-07-17T18:05:47.661" />
<allocation-satisfied id="400" threadId="000000000157A900" bytesRequested="32" />
<af-end id="401" timestamp="2024-07-17T18:05:47.661" threadId="000000000157B338" success="true" from="nursery"/>
<exclusive-end id="402" timestamp="2024-07-17T18:05:47.661" durationms="7.955" />

<exclusive-start id="403" timestamp="2024-07-17T18:05:47.813" intervalms="159.594">
  <response-info timems="0.148" idlems="0.077" threads="1" lastid="0000000000604500" lastname="Daemon worker" />
</exclusive-start>
<af-start id="404" threadId="0000000001580838" totalBytesRequested="15688" timestamp="2024-07-17T18:05:47.813" intervalms="159.597" type="nursery" />
<cycle-start id="405" type="scavenge" contextid="0" timestamp="2024-07-17T18:05:47.814" intervalms="159.583" />
<gc-start id="406" type="scavenge" contextid="405" timestamp="2024-07-17T18:05:47.814">
  <mem-info id="407" free="161983912" total="284819456" percent="56">
    <mem type="nursery" free="0" total="83492864" percent="0">
      <mem type="allocate" free="0" total="75104256" percent="0" />
      <mem type="survivor" free="0" total="8388608" percent="0" />
    </mem>
    <mem type="tenure" free="161983912" total="201326592" percent="80">
      <mem type="soa" free="151916968" total="191259648" percent="79" />
      <mem type="loa" free="10066944" total="10066944" percent="100" />
    </mem>
    <remembered-set count="2102" />
  </mem-info>
</gc-start>
<allocation-stats totalBytes="73168008" discardedBytes="108504" >
  <allocated-bytes non-tlh="761664" tlh="72406344" />
  <largest-consumer threadName="Unconstrained build operations Thread 92" threadId="000000000157F200" bytes="18797904" />
</allocation-stats>
<gc-op id="408" type="scavenge" timems="5.233" contextid="405" timestamp="2024-07-17T18:05:47.820">
  <scavenger-info tenureage="14" tenuremask="4000" tiltratio="89" />
  <memory-copied type="nursery" objects="52073" bytes="2787928" bytesdiscarded="152608" />
  <ownableSynchronizers candidates="115" cleared="112" />
  <references type="weak" candidates="3913" cleared="1476" enqueued="1476" />
  <references type="phantom" candidates="41" cleared="0" enqueued="0" />
  <object-monitors candidates="17" cleared="3"  />
</gc-op>
<gc-end id="409" type="scavenge" contextid="405" durationms="6.854" usertimems="18.600" systemtimems="2.051" stalltimems="10.378" timestamp="2024-07-17T18:05:47.821" activeThreads="6">
  <mem-info id="410" free="234147168" total="284819456" percent="82">
    <mem type="nursery" free="72163256" total="83492864" percent="86">
      <mem type="allocate" free="72163256" total="75104256" percent="96" />
      <mem type="survivor" free="0" total="8388608" percent="0" />
    </mem>
    <mem type="tenure" free="161983912" total="201326592" percent="80">
      <mem type="soa" free="151916968" total="191259648" percent="79" />
      <mem type="loa" free="10066944" total="10066944" percent="100" />
    </mem>
    <pending-finalizers system="0" default="0" reference="1476" classloader="0" />
    <remembered-set count="1907" />
  </mem-info>
</gc-end>
<cycle-end id="411" type="scavenge" contextid="405" timestamp="2024-07-17T18:05:47.822" />
<allocation-satisfied id="412" threadId="000000000157FE00" bytesRequested="15688" />
<af-end id="413" timestamp="2024-07-17T18:05:47.822" threadId="0000000001580838" success="true" from="nursery"/>
<exclusive-end id="414" timestamp="2024-07-17T18:05:47.823" durationms="9.516" />

<exclusive-start id="415" timestamp="2024-07-17T18:05:47.911" intervalms="98.363">
  <response-info timems="0.120" idlems="0.120" threads="0" lastid="000000000157A900" lastname="Unconstrained build operations Thread 88" />
</exclusive-start>
<af-start id="416" threadId="000000000157B338" totalBytesRequested="32" timestamp="2024-07-17T18:05:47.912" intervalms="98.316" type="nursery" />
<cycle-start id="417" type="scavenge" contextid="0" timestamp="2024-07-17T18:05:47.912" intervalms="98.269" />
<gc-start id="418" type="scavenge" contextid="417" timestamp="2024-07-17T18:05:47.912">
  <mem-info id="419" free="161983184" total="284819456" percent="56">
    <mem type="nursery" free="0" total="83492864" percent="0">
      <mem type="allocate" free="0" total="75104256" percent="0" />
      <mem type="survivor" free="0" total="8388608" percent="0" />
    </mem>
    <mem type="tenure" free="161983184" total="201326592" percent="80">
      <mem type="soa" free="151916240" total="191259648" percent="79" />
      <mem type="loa" free="10066944" total="10066944" percent="100" />
    </mem>
    <remembered-set count="2059" />
  </mem-info>
</gc-start>
<allocation-stats totalBytes="72079664" discardedBytes="84320" >
  <allocated-bytes non-tlh="615160" tlh="71464504" />
  <largest-consumer threadName="Unconstrained build operations Thread 92" threadId="000000000157F200" bytes="12197824" />
</allocation-stats>
<gc-op id="420" type="scavenge" timems="4.356" contextid="417" timestamp="2024-07-17T18:05:47.917">
  <scavenger-info tenureage="14" tenuremask="4000" tiltratio="89" />
  <memory-copied type="nursery" objects="40572" bytes="2457296" bytesdiscarded="153680" />
  <memory-copied type="tenure" objects="5412" bytes="189184" bytesdiscarded="128" />
  <ownableSynchronizers candidates="79" cleared="74" />
  <references type="weak" candidates="2628" cleared="376" enqueued="376" />
  <references type="phantom" candidates="34" cleared="0" enqueued="0" />
  <object-monitors candidates="15" cleared="0"  />
</gc-op>
<heap-resize id="421" type="expand" space="nursery" amount="3014656" count="1" timems="0.035" reason="excessive time being spent scavenging" timestamp="2024-07-17T18:05:47.917" />
<gc-end id="422" type="scavenge" contextid="417" durationms="5.910" usertimems="0.000" systemtimems="16.236" stalltimems="9.984" timestamp="2024-07-17T18:05:47.918" activeThreads="6">
  <mem-info id="423" free="236745528" total="287834112" percent="82">
    <mem type="nursery" free="75179880" total="86507520" percent="86">
      <mem type="allocate" free="75179880" total="77791232" percent="96" />
      <mem type="survivor" free="0" total="8716288" percent="0" />
    </mem>
    <mem type="tenure" free="161565648" total="201326592" percent="80">
      <mem type="soa" free="151498704" total="191259648" percent="79" />
      <mem type="loa" free="10066944" total="10066944" percent="100" />
    </mem>
    <pending-finalizers system="0" default="0" reference="376" classloader="0" />
    <remembered-set count="1759" />
  </mem-info>
</gc-end>
<cycle-end id="424" type="scavenge" contextid="417" timestamp="2024-07-17T18:05:47.919" />
<allocation-satisfied id="425" threadId="000000000157A900" bytesRequested="32" />
<af-end id="426" timestamp="2024-07-17T18:05:47.919" threadId="000000000157B338" success="true" from="nursery"/>
<exclusive-end id="427" timestamp="2024-07-17T18:05:47.919" durationms="8.103" />

<exclusive-start id="428" timestamp="2024-07-17T18:05:48.109" intervalms="197.997">
  <response-info timems="0.137" idlems="0.137" threads="0" lastid="0000000000604500" lastname="Daemon worker" />
</exclusive-start>
<af-start id="429" threadId="0000000000604F38" totalBytesRequested="22200" timestamp="2024-07-17T18:05:48.110" intervalms="198.228" type="nursery" />
<cycle-start id="430" type="scavenge" contextid="0" timestamp="2024-07-17T18:05:48.110" intervalms="198.380" />
<gc-start id="431" type="scavenge" contextid="430" timestamp="2024-07-17T18:05:48.111">
  <mem-info id="432" free="161565648" total="287834112" percent="56">
    <mem type="nursery" free="0" total="86507520" percent="0">
      <mem type="allocate" free="0" total="77791232" percent="0" />
      <mem type="survivor" free="0" total="8716288" percent="0" />
    </mem>
    <mem type="tenure" free="161565648" total="201326592" percent="80">
      <mem type="soa" free="151498704" total="191259648" percent="79" />
      <mem type="loa" free="10066944" total="10066944" percent="100" />
    </mem>
    <remembered-set count="1990" />
  </mem-info>
</gc-start>
<allocation-stats totalBytes="75080592" discardedBytes="99288" >
  <allocated-bytes non-tlh="420080" tlh="74660512" />
  <largest-consumer threadName="Unconstrained build operations Thread 98" threadId="0000000001586B00" bytes="13647896" />
</allocation-stats>
<gc-op id="433" type="scavenge" timems="4.716" contextid="430" timestamp="2024-07-17T18:05:48.116">
  <scavenger-info tenureage="14" tenuremask="4000" tiltratio="89" />
  <memory-copied type="nursery" objects="37301" bytes="1695680" bytesdiscarded="70016" />
  <memory-copied type="tenure" objects="2096" bytes="71744" bytesdiscarded="0" />
  <ownableSynchronizers candidates="221" cleared="213" />
  <references type="weak" candidates="4649" cleared="1928" enqueued="1928" />
  <references type="phantom" candidates="28" cleared="0" enqueued="0" />
  <object-monitors candidates="15" cleared="0"  />
</gc-op>
<gc-end id="434" type="scavenge" contextid="430" durationms="6.074" usertimems="18.102" systemtimems="0.000" stalltimems="8.759" timestamp="2024-07-17T18:05:48.117" activeThreads="6">
  <mem-info id="435" free="237656448" total="287834112" percent="82">
    <mem type="nursery" free="76090800" total="86507520" percent="87">
      <mem type="allocate" free="76090800" total="77856768" percent="97" />
      <mem type="survivor" free="0" total="8650752" percent="0" />
    </mem>
    <mem type="tenure" free="161565648" total="201326592" percent="80">
      <mem type="soa" free="151498704" total="191259648" percent="79" />
      <mem type="loa" free="10066944" total="10066944" percent="100" />
    </mem>
    <pending-finalizers system="0" default="0" reference="1928" classloader="0" />
    <remembered-set count="1738" />
  </mem-info>
</gc-end>
<cycle-end id="436" type="scavenge" contextid="430" timestamp="2024-07-17T18:05:48.118" />
<allocation-satisfied id="437" threadId="0000000000604500" bytesRequested="22200" />
<af-end id="438" timestamp="2024-07-17T18:05:48.118" threadId="0000000000604F38" success="true" from="nursery"/>
<exclusive-end id="439" timestamp="2024-07-17T18:05:48.118" durationms="8.952" />

<exclusive-start id="440" timestamp="2024-07-17T18:05:48.229" intervalms="119.374">
  <response-info timems="0.116" idlems="0.116" threads="0" lastid="0000000000765100" lastname="Cache worker for journal cache (/gradle/caches/journal-1)" />
</exclusive-start>
<af-start id="441" threadId="0000000000765B38" totalBytesRequested="4104" timestamp="2024-07-17T18:05:48.229" intervalms="119.171" type="nursery" />
<cycle-start id="442" type="scavenge" contextid="0" timestamp="2024-07-17T18:05:48.229" intervalms="119.063" />
<gc-start id="443" type="scavenge" contextid="442" timestamp="2024-07-17T18:05:48.230">
  <mem-info id="444" free="161565608" total="287834112" percent="56">
    <mem type="nursery" free="0" total="86507520" percent="0">
      <mem type="allocate" free="0" total="77856768" percent="0" />
      <mem type="survivor" free="0" total="8650752" percent="0" />
    </mem>
    <mem type="tenure" free="161565608" total="201326592" percent="80">
      <mem type="soa" free="151498664" total="191259648" percent="79" />
      <mem type="loa" free="10066944" total="10066944" percent="100" />
    </mem>
    <remembered-set count="1931" />
  </mem-info>
</gc-start>
<allocation-stats totalBytes="76004528" discardedBytes="86312" >
  <allocated-bytes non-tlh="623968" tlh="75380560" />
  <largest-consumer threadName="Unconstrained build operations Thread 90" threadId="000000000157C200" bytes="13351768" />
</allocation-stats>
<gc-op id="445" type="scavenge" timems="4.788" contextid="442" timestamp="2024-07-17T18:05:48.235">
  <scavenger-info tenureage="14" tenuremask="4000" tiltratio="90" />
  <memory-copied type="nursery" objects="42629" bytes="2084000" bytesdiscarded="231064" />
  <ownableSynchronizers candidates="155" cleared="148" />
  <references type="weak" candidates="3954" cleared="794" enqueued="794" />
  <references type="phantom" candidates="28" cleared="0" enqueued="0" />
  <object-monitors candidates="15" cleared="0"  />
</gc-op>
<gc-end id="446" type="scavenge" contextid="442" durationms="5.950" usertimems="6.867" systemtimems="10.893" stalltimems="11.403" timestamp="2024-07-17T18:05:48.236" activeThreads="6">
  <mem-info id="447" free="237107048" total="287834112" percent="82">
    <mem type="nursery" free="75541440" total="86507520" percent="87">
      <mem type="allocate" free="75541440" total="77856768" percent="97" />
      <mem type="survivor" free="0" total="8650752" percent="0" />
    </mem>
    <mem type="tenure" free="161565608" total="201326592" percent="80">
      <mem type="soa" free="151498664" total="191259648" percent="79" />
      <mem type="loa" free="10066944" total="10066944" percent="100" />
    </mem>
    <pending-finalizers system="0" default="0" reference="794" classloader="0" />
    <remembered-set count="1788" />
  </mem-info>
</gc-end>
<cycle-end id="448" type="scavenge" contextid="442" timestamp="2024-07-17T18:05:48.236" />
<allocation-satisfied id="449" threadId="0000000000765100" bytesRequested="4104" />
<af-end id="450" timestamp="2024-07-17T18:05:48.237" threadId="0000000000765B38" success="true" from="nursery"/>
<exclusive-end id="451" timestamp="2024-07-17T18:05:48.237" durationms="8.284" />

<exclusive-start id="452" timestamp="2024-07-17T18:05:48.703" intervalms="474.383">
  <response-info timems="0.084" idlems="0.084" threads="0" lastid="0000000000604500" lastname="Daemon worker" />
</exclusive-start>
<af-start id="453" threadId="0000000000604F38" totalBytesRequested="8200" timestamp="2024-07-17T18:05:48.703" intervalms="474.396" type="nursery" />
<cycle-start id="454" type="scavenge" contextid="0" timestamp="2024-07-17T18:05:48.704" intervalms="474.467" />
<gc-start id="455" type="scavenge" contextid="454" timestamp="2024-07-17T18:05:48.704">
  <mem-info id="456" free="161556528" total="287834112" percent="56">
    <mem type="nursery" free="0" total="86507520" percent="0">
      <mem type="allocate" free="0" total="77856768" percent="0" />
      <mem type="survivor" free="0" total="8650752" percent="0" />
    </mem>
    <mem type="tenure" free="161556528" total="201326592" percent="80">
      <mem type="soa" free="151489584" total="191259648" percent="79" />
      <mem type="loa" free="10066944" total="10066944" percent="100" />
    </mem>
    <remembered-set count="2163" />
  </mem-info>
</gc-start>
<allocation-stats totalBytes="73918968" discardedBytes="1631552" >
  <allocated-bytes non-tlh="574064" tlh="73344904" />
  <largest-consumer threadName="Daemon worker" threadId="0000000000604500" bytes="48815368" />
</allocation-stats>
<gc-op id="457" type="scavenge" timems="3.745" contextid="454" timestamp="2024-07-17T18:05:48.709">
  <scavenger-info tenureage="6" tenuremask="6640" tiltratio="90" />
  <memory-copied type="nursery" objects="48540" bytes="2223104" bytesdiscarded="290488" />
  <memory-copied type="tenure" objects="6401" bytes="264736" bytesdiscarded="136" />
  <finalization candidates="40" enqueued="40" />
  <ownableSynchronizers candidates="73" cleared="71" />
  <references type="soft" candidates="14" cleared="0" enqueued="0" dynamicThreshold="32" maxThreshold="32" />
  <references type="weak" candidates="2937" cleared="129" enqueued="129" />
  <references type="phantom" candidates="35" cleared="26" enqueued="26" />
  <object-monitors candidates="15" cleared="0"  />
</gc-op>
<gc-end id="458" type="scavenge" contextid="454" durationms="5.603" usertimems="12.489" systemtimems="1.422" stalltimems="9.044" timestamp="2024-07-17T18:05:48.710" activeThreads="6">
  <mem-info id="459" free="236342168" total="287834112" percent="82">
    <mem type="nursery" free="75339880" total="86507520" percent="87">
      <mem type="allocate" free="75339880" total="77856768" percent="96" />
      <mem type="survivor" free="0" total="8650752" percent="0" />
    </mem>
    <mem type="tenure" free="161002288" total="201326592" percent="79">
      <mem type="soa" free="150935344" total="191259648" percent="78" />
      <mem type="loa" free="10066944" total="10066944" percent="100" />
    </mem>
    <pending-finalizers system="40" default="0" reference="155" classloader="0" />
    <remembered-set count="2035" />
  </mem-info>
</gc-end>
<cycle-end id="460" type="scavenge" contextid="454" timestamp="2024-07-17T18:05:48.710" />
<allocation-satisfied id="461" threadId="0000000000604500" bytesRequested="8200" />
<af-end id="462" timestamp="2024-07-17T18:05:48.711" threadId="0000000000604F38" success="true" from="nursery"/>
<exclusive-end id="463" timestamp="2024-07-17T18:05:48.711" durationms="8.207" />

<exclusive-start id="464" timestamp="2024-07-17T18:05:49.231" intervalms="528.105">
  <response-info timems="0.099" idlems="0.099" threads="0" lastid="0000000000604500" lastname="Daemon worker" />
</exclusive-start>
<af-start id="465" threadId="0000000000604F38" totalBytesRequested="8200" timestamp="2024-07-17T18:05:49.232" intervalms="528.216" type="nursery" />
<cycle-start id="466" type="scavenge" contextid="0" timestamp="2024-07-17T18:05:49.232" intervalms="528.331" />
<gc-start id="467" type="scavenge" contextid="466" timestamp="2024-07-17T18:05:49.233">
  <mem-info id="468" free="161002288" total="287834112" percent="55">
    <mem type="nursery" free="0" total="86507520" percent="0">
      <mem type="allocate" free="0" total="77856768" percent="0" />
      <mem type="survivor" free="0" total="8650752" percent="0" />
    </mem>
    <mem type="tenure" free="161002288" total="201326592" percent="79">
      <mem type="soa" free="150935344" total="191259648" percent="78" />
      <mem type="loa" free="10066944" total="10066944" percent="100" />
    </mem>
    <remembered-set count="2066" />
  </mem-info>
</gc-start>
<allocation-stats totalBytes="73099552" discardedBytes="2240328" >
  <allocated-bytes non-tlh="170536" tlh="72929016" />
  <largest-consumer threadName="Daemon worker" threadId="0000000000604500" bytes="72774600" />
</allocation-stats>
<gc-op id="469" type="scavenge" timems="3.206" contextid="466" timestamp="2024-07-17T18:05:49.237">
  <scavenger-info tenureage="8" tenuremask="5300" tiltratio="90" />
  <memory-copied type="nursery" objects="32295" bytes="1204424" bytesdiscarded="122888" />
  <memory-copied type="tenure" objects="3497" bytes="160168" bytesdiscarded="80" />
  <ownableSynchronizers candidates="2" cleared="0" />
  <references type="soft" candidates="14" cleared="0" enqueued="0" dynamicThreshold="32" maxThreshold="32" />
  <references type="weak" candidates="2510" cleared="0" enqueued="0" />
  <references type="phantom" candidates="7" cleared="0" enqueued="0" />
  <object-monitors candidates="15" cleared="0"  />
</gc-op>
<gc-end id="470" type="scavenge" contextid="466" durationms="4.821" usertimems="11.136" systemtimems="0.000" stalltimems="7.551" timestamp="2024-07-17T18:05:49.238" activeThreads="6">
  <mem-info id="471" free="237121280" total="287834112" percent="82">
    <mem type="nursery" free="76529368" total="86507520" percent="88">
      <mem type="allocate" free="76529368" total="77856768" percent="98" />
      <mem type="survivor" free="0" total="8650752" percent="0" />
    </mem>
    <mem type="tenure" free="160591912" total="201326592" percent="79">
      <mem type="soa" free="150524968" total="191259648" percent="78" />
      <mem type="loa" free="10066944" total="10066944" percent="100" />
    </mem>
    <remembered-set count="1886" />
  </mem-info>
</gc-end>
<cycle-end id="472" type="scavenge" contextid="466" timestamp="2024-07-17T18:05:49.239" />
<allocation-satisfied id="473" threadId="0000000000604500" bytesRequested="8200" />
<af-end id="474" timestamp="2024-07-17T18:05:49.239" threadId="0000000000604F38" success="true" from="nursery"/>
<exclusive-end id="475" timestamp="2024-07-17T18:05:49.240" durationms="8.494" />

<exclusive-start id="476" timestamp="2024-07-17T18:05:49.845" intervalms="613.666">
  <response-info timems="0.180" idlems="0.180" threads="0" lastid="0000000000604500" lastname="Daemon worker" />
</exclusive-start>
<af-start id="477" threadId="0000000000604F38" totalBytesRequested="13792" timestamp="2024-07-17T18:05:49.845" intervalms="613.609" type="nursery" />
<cycle-start id="478" type="scavenge" contextid="0" timestamp="2024-07-17T18:05:49.846" intervalms="613.490" />
<gc-start id="479" type="scavenge" contextid="478" timestamp="2024-07-17T18:05:49.846">
  <mem-info id="480" free="160591912" total="287834112" percent="55">
    <mem type="nursery" free="0" total="86507520" percent="0">
      <mem type="allocate" free="0" total="77856768" percent="0" />
      <mem type="survivor" free="0" total="8650752" percent="0" />
    </mem>
    <mem type="tenure" free="160591912" total="201326592" percent="79">
      <mem type="soa" free="150524968" total="191259648" percent="78" />
      <mem type="loa" free="10066944" total="10066944" percent="100" />
    </mem>
    <remembered-set count="1898" />
  </mem-info>
</gc-start>
<allocation-stats totalBytes="75352328" discardedBytes="1177040" >
  <allocated-bytes non-tlh="616296" tlh="74736032" />
  <largest-consumer threadName="Daemon worker" threadId="0000000000604500" bytes="75263544" />
</allocation-stats>
<gc-op id="481" type="scavenge" timems="3.660" contextid="478" timestamp="2024-07-17T18:05:49.850">
  <scavenger-info tenureage="6" tenuremask="40c0" tiltratio="90" />
  <memory-copied type="nursery" objects="22484" bytes="869488" bytesdiscarded="86592" />
  <memory-copied type="tenure" objects="10108" bytes="389384" bytesdiscarded="96" />
  <ownableSynchronizers candidates="2" cleared="0" />
  <references type="soft" candidates="14" cleared="0" enqueued="0" dynamicThreshold="32" maxThreshold="32" />
  <references type="weak" candidates="1621" cleared="0" enqueued="0" />
  <references type="phantom" candidates="5" cleared="0" enqueued="0" />
  <object-monitors candidates="15" cleared="0"  />
</gc-op>
<gc-end id="482" type="scavenge" contextid="478" durationms="4.882" usertimems="11.869" systemtimems="1.324" stalltimems="5.515" timestamp="2024-07-17T18:05:49.851" activeThreads="5">
  <mem-info id="483" free="237221664" total="287834112" percent="82">
    <mem type="nursery" free="76900608" total="86507520" percent="88">
      <mem type="allocate" free="76900608" total="77856768" percent="98" />
      <mem type="survivor" free="0" total="8650752" percent="0" />
    </mem>
    <mem type="tenure" free="160321056" total="201326592" percent="79">
      <mem type="soa" free="150254112" total="191259648" percent="78" />
      <mem type="loa" free="10066944" total="10066944" percent="100" />
    </mem>
    <remembered-set count="1268" />
  </mem-info>
</gc-end>
<cycle-end id="484" type="scavenge" contextid="478" timestamp="2024-07-17T18:05:49.852" />
<allocation-satisfied id="485" threadId="0000000000604500" bytesRequested="13792" />
<af-end id="486" timestamp="2024-07-17T18:05:49.852" threadId="0000000000604F38" success="true" from="nursery"/>
<exclusive-end id="487" timestamp="2024-07-17T18:05:49.852" durationms="7.427" />

<exclusive-start id="488" timestamp="2024-07-17T18:05:50.448" intervalms="602.589">
  <response-info timems="0.078" idlems="0.078" threads="0" lastid="0000000000604500" lastname="Daemon worker" />
</exclusive-start>
<af-start id="489" threadId="0000000000604F38" totalBytesRequested="8200" timestamp="2024-07-17T18:05:50.448" intervalms="602.581" type="nursery" />
<cycle-start id="490" type="scavenge" contextid="0" timestamp="2024-07-17T18:05:50.448" intervalms="602.537" />
<gc-start id="491" type="scavenge" contextid="490" timestamp="2024-07-17T18:05:50.449">
  <mem-info id="492" free="160321056" total="287834112" percent="55">
    <mem type="nursery" free="0" total="86507520" percent="0">
      <mem type="allocate" free="0" total="77856768" percent="0" />
      <mem type="survivor" free="0" total="8650752" percent="0" />
    </mem>
    <mem type="tenure" free="160321056" total="201326592" percent="79">
      <mem type="soa" free="150254112" total="191259648" percent="78" />
      <mem type="loa" free="10066944" total="10066944" percent="100" />
    </mem>
    <remembered-set count="1284" />
  </mem-info>
</gc-start>
<allocation-stats totalBytes="75359696" discardedBytes="1540912" >
  <allocated-bytes non-tlh="179880" tlh="75179816" />
  <largest-consumer threadName="Daemon worker" threadId="0000000000604500" bytes="75112040" />
</allocation-stats>
<gc-op id="493" type="scavenge" timems="2.363" contextid="490" timestamp="2024-07-17T18:05:50.452">
  <scavenger-info tenureage="5" tenuremask="4020" tiltratio="90" />
  <memory-copied type="nursery" objects="16052" bytes="655280" bytesdiscarded="176080" />
  <memory-copied type="tenure" objects="6998" bytes="243376" bytesdiscarded="808" />
  <ownableSynchronizers candidates="2" cleared="0" />
  <references type="soft" candidates="14" cleared="0" enqueued="0" dynamicThreshold="32" maxThreshold="32" />
  <references type="weak" candidates="992" cleared="0" enqueued="0" />
  <references type="phantom" candidates="5" cleared="0" enqueued="0" />
  <object-monitors candidates="15" cleared="0"  />
</gc-op>
<gc-end id="494" type="scavenge" contextid="490" durationms="3.736" usertimems="7.240" systemtimems="0.803" stalltimems="4.173" timestamp="2024-07-17T18:05:50.453" activeThreads="5">
  <mem-info id="495" free="237153856" total="287834112" percent="82">
    <mem type="nursery" free="77025320" total="86507520" percent="89">
      <mem type="allocate" free="77025320" total="77856768" percent="98" />
      <mem type="survivor" free="0" total="8650752" percent="0" />
    </mem>
    <mem type="tenure" free="160128536" total="201326592" percent="79">
      <mem type="soa" free="150061592" total="191259648" percent="78" />
      <mem type="loa" free="10066944" total="10066944" percent="100" />
    </mem>
    <remembered-set count="1286" />
  </mem-info>
</gc-end>
<cycle-end id="496" type="scavenge" contextid="490" timestamp="2024-07-17T18:05:50.453" />
<allocation-satisfied id="497" threadId="0000000000604500" bytesRequested="8200" />
<af-end id="498" timestamp="2024-07-17T18:05:50.454" threadId="0000000000604F38" success="true" from="nursery"/>
<exclusive-end id="499" timestamp="2024-07-17T18:05:50.454" durationms="6.413" />

<exclusive-start id="500" timestamp="2024-07-17T18:05:51.056" intervalms="608.233">
  <response-info timems="0.076" idlems="0.076" threads="0" lastid="0000000000604500" lastname="Daemon worker" />
</exclusive-start>
<af-start id="501" threadId="0000000000604F38" totalBytesRequested="18152" timestamp="2024-07-17T18:05:51.056" intervalms="608.146" type="nursery" />
<cycle-start id="502" type="scavenge" contextid="0" timestamp="2024-07-17T18:05:51.056" intervalms="608.129" />
<gc-start id="503" type="scavenge" contextid="502" timestamp="2024-07-17T18:05:51.057">
  <mem-info id="504" free="160074104" total="287834112" percent="55">
    <mem type="nursery" free="0" total="86507520" percent="0">
      <mem type="allocate" free="0" total="77856768" percent="0" />
      <mem type="survivor" free="0" total="8650752" percent="0" />
    </mem>
    <mem type="tenure" free="160074104" total="201326592" percent="79">
      <mem type="soa" free="150007160" total="191259648" percent="78" />
      <mem type="loa" free="10066944" total="10066944" percent="100" />
    </mem>
    <remembered-set count="2416" />
  </mem-info>
</gc-start>
<allocation-stats totalBytes="76194952" discardedBytes="884800" >
  <allocated-bytes non-tlh="62632" tlh="76132320" />
  <largest-consumer threadName="Daemon worker" threadId="0000000000604500" bytes="75857320" />
</allocation-stats>
<gc-op id="505" type="scavenge" timems="2.701" contextid="502" timestamp="2024-07-17T18:05:51.060">
  <scavenger-info tenureage="4" tenuremask="40b0" tiltratio="90" />
  <memory-copied type="nursery" objects="8162" bytes="313920" bytesdiscarded="398280" />
  <memory-copied type="tenure" objects="13794" bytes="498552" bytesdiscarded="32" />
  <finalization candidates="92" enqueued="92" />
  <ownableSynchronizers candidates="5" cleared="0" />
  <references type="soft" candidates="438" cleared="0" enqueued="0" dynamicThreshold="32" maxThreshold="32" />
  <references type="weak" candidates="616" cleared="474" enqueued="474" />
  <references type="phantom" candidates="41" cleared="35" enqueued="35" />
  <object-monitors candidates="15" cleared="0"  />
</gc-op>
<gc-end id="506" type="scavenge" contextid="502" durationms="3.931" usertimems="7.782" systemtimems="0.865" stalltimems="5.386" timestamp="2024-07-17T18:05:51.061" activeThreads="5">
  <mem-info id="507" free="236854904" total="287834112" percent="82">
    <mem type="nursery" free="77144064" total="86507520" percent="89">
      <mem type="allocate" free="77144064" total="77856768" percent="99" />
      <mem type="survivor" free="0" total="8650752" percent="0" />
    </mem>
    <mem type="tenure" free="159710840" total="201326592" percent="79">
      <mem type="soa" free="149643896" total="191259648" percent="78" />
      <mem type="loa" free="10066944" total="10066944" percent="100" />
    </mem>
    <pending-finalizers system="92" default="0" reference="509" classloader="0" />
    <remembered-set count="1828" />
  </mem-info>
</gc-end>
<cycle-end id="508" type="scavenge" contextid="502" timestamp="2024-07-17T18:05:51.061" />
<allocation-satisfied id="509" threadId="0000000000604500" bytesRequested="18152" />
<af-end id="510" timestamp="2024-07-17T18:05:51.062" threadId="0000000000604F38" success="true" from="nursery"/>
<exclusive-end id="511" timestamp="2024-07-17T18:05:51.062" durationms="6.353" />

<exclusive-start id="512" timestamp="2024-07-17T18:05:55.720" intervalms="4664.500">
  <response-info timems="0.075" idlems="0.075" threads="0" lastid="000000000191FA00" lastname="Execution worker Thread 3" />
</exclusive-start>
<af-start id="513" threadId="0000000001920438" totalBytesRequested="12168" timestamp="2024-07-17T18:05:55.721" intervalms="4664.555" type="nursery" />
<cycle-start id="514" type="scavenge" contextid="0" timestamp="2024-07-17T18:05:55.721" intervalms="4664.567" />
<gc-start id="515" type="scavenge" contextid="514" timestamp="2024-07-17T18:05:55.722">
  <mem-info id="516" free="159053848" total="287834112" percent="55">
    <mem type="nursery" free="0" total="86507520" percent="0">
      <mem type="allocate" free="0" total="77856768" percent="0" />
      <mem type="survivor" free="0" total="8650752" percent="0" />
    </mem>
    <mem type="tenure" free="159053848" total="201326592" percent="79">
      <mem type="soa" free="148986904" total="191259648" percent="77" />
      <mem type="loa" free="10066944" total="10066944" percent="100" />
    </mem>
    <remembered-set count="12575" />
  </mem-info>
</gc-start>
<allocation-stats totalBytes="77624856" discardedBytes="176200" >
  <allocated-bytes non-tlh="2150000" tlh="75474856" />
  <largest-consumer threadName="Daemon worker" threadId="0000000000604500" bytes="61525536" />
</allocation-stats>
<gc-op id="517" type="scavenge" timems="8.409" contextid="514" timestamp="2024-07-17T18:05:55.731">
  <scavenger-info tenureage="14" tenuremask="4000" tiltratio="90" />
  <memory-copied type="nursery" objects="153951" bytes="8633888" bytesdiscarded="5152" />
  <memory-copied type="tenure" objects="4511" bytes="200816" bytesdiscarded="320" />
  <copy-failed type="nursery" objects="4511" bytes="200960" />
  <finalization candidates="1080" enqueued="1079" />
  <ownableSynchronizers candidates="537" cleared="127" />
  <references type="soft" candidates="7557" cleared="0" enqueued="0" dynamicThreshold="32" maxThreshold="32" />
  <references type="weak" candidates="8933" cleared="4330" enqueued="4328" />
  <references type="phantom" candidates="787" cleared="465" enqueued="465" />
  <object-monitors candidates="16" cleared="0"  />
</gc-op>
<gc-end id="518" type="scavenge" contextid="514" durationms="11.164" usertimems="37.227" systemtimems="0.000" stalltimems="6.773" timestamp="2024-07-17T18:05:55.733" activeThreads="5">
  <mem-info id="519" free="216669464" total="287834112" percent="75">
    <mem type="nursery" free="57671680" total="86507520" percent="66">
      <mem type="allocate" free="57671680" total="66322432" percent="86" />
      <mem type="survivor" free="0" total="20185088" percent="0" />
    </mem>
    <mem type="tenure" free="158997784" total="201326592" percent="78">
      <mem type="soa" free="148930840" total="191259648" percent="77" />
      <mem type="loa" free="10066944" total="10066944" percent="100" />
    </mem>
    <pending-finalizers system="1078" default="1" reference="4793" classloader="0" />
    <remembered-set count="12989" />
  </mem-info>
</gc-end>
<cycle-end id="520" type="scavenge" contextid="514" timestamp="2024-07-17T18:05:55.733" />
<allocation-satisfied id="521" threadId="000000000191FA00" bytesRequested="12168" />
<af-end id="522" timestamp="2024-07-17T18:05:55.734" threadId="0000000001920438" success="true" from="nursery"/>
<exclusive-end id="523" timestamp="2024-07-17T18:05:55.734" durationms="14.017" />

<exclusive-start id="524" timestamp="2024-07-17T18:05:56.184" intervalms="463.440">
  <response-info timems="0.081" idlems="0.081" threads="0" lastid="000000000191FA00" lastname="Execution worker Thread 3" />
</exclusive-start>
<af-start id="525" threadId="0000000001920438" totalBytesRequested="36568" timestamp="2024-07-17T18:05:56.184" intervalms="463.386" type="nursery" />
<cycle-start id="526" type="scavenge" contextid="0" timestamp="2024-07-17T18:05:56.184" intervalms="463.471" />
<gc-start id="527" type="scavenge" contextid="526" timestamp="2024-07-17T18:05:56.185">
  <mem-info id="528" free="158642320" total="287834112" percent="55">
    <mem type="nursery" free="0" total="86507520" percent="0">
      <mem type="allocate" free="0" total="66322432" percent="0" />
      <mem type="survivor" free="0" total="20185088" percent="0" />
    </mem>
    <mem type="tenure" free="158642320" total="201326592" percent="78">
      <mem type="soa" free="148575376" total="191259648" percent="77" />
      <mem type="loa" free="10066944" total="10066944" percent="100" />
    </mem>
    <remembered-set count="18149" />
  </mem-info>
</gc-start>
<allocation-stats totalBytes="55326432" discardedBytes="2700712" >
  <allocated-bytes non-tlh="3571696" tlh="51754736" />
  <largest-consumer threadName="Execution worker Thread 3" threadId="000000000191FA00" bytes="55136512" />
</allocation-stats>
<gc-op id="529" type="scavenge" timems="8.093" contextid="526" timestamp="2024-07-17T18:05:56.194">
  <scavenger-info tenureage="3" tenuremask="ffe8" tiltratio="76" />
  <memory-copied type="nursery" objects="169916" bytes="9748136" bytesdiscarded="107920" />
  <memory-copied type="tenure" objects="315" bytes="7704" bytesdiscarded="0" />
  <finalization candidates="115" enqueued="114" />
  <ownableSynchronizers candidates="421" cleared="2" />
  <references type="soft" candidates="7744" cleared="0" enqueued="0" dynamicThreshold="32" maxThreshold="32" />
  <references type="weak" candidates="7984" cleared="2517" enqueued="2517" />
  <references type="phantom" candidates="401" cleared="52" enqueued="52" />
  <object-monitors candidates="16" cleared="0"  />
</gc-op>
<gc-end id="530" type="scavenge" contextid="526" durationms="9.477" usertimems="31.046" systemtimems="13.679" stalltimems="12.312" timestamp="2024-07-17T18:05:56.195" activeThreads="7">
  <mem-info id="531" free="221326952" total="287834112" percent="76">
    <mem type="nursery" free="62684632" total="86507520" percent="72">
      <mem type="allocate" free="62684632" total="72548352" percent="86" />
      <mem type="survivor" free="0" total="13959168" percent="0" />
    </mem>
    <mem type="tenure" free="158642320" total="201326592" percent="78">
      <mem type="soa" free="148575376" total="191259648" percent="77" />
      <mem type="loa" free="10066944" total="10066944" percent="100" />
    </mem>
    <pending-finalizers system="114" default="0" reference="2569" classloader="0" />
    <remembered-set count="17416" />
  </mem-info>
</gc-end>
<cycle-end id="532" type="scavenge" contextid="526" timestamp="2024-07-17T18:05:56.195" />
<allocation-satisfied id="533" threadId="000000000191FA00" bytesRequested="36568" />
<af-end id="534" timestamp="2024-07-17T18:05:56.196" threadId="0000000001920438" success="true" from="nursery"/>
<exclusive-end id="535" timestamp="2024-07-17T18:05:56.196" durationms="12.222" />

<exclusive-start id="536" timestamp="2024-07-17T18:05:59.138" intervalms="2954.584">
  <response-info timems="0.125" idlems="0.125" threads="0" lastid="00000000019F5E00" lastname="Unconstrained build operations Thread 112" />
</exclusive-start>
<af-start id="537" threadId="00000000019F6838" totalBytesRequested="1040" timestamp="2024-07-17T18:05:59.139" intervalms="2954.546" type="nursery" />
<cycle-start id="538" type="scavenge" contextid="0" timestamp="2024-07-17T18:05:59.139" intervalms="2954.413" />
<gc-start id="539" type="scavenge" contextid="538" timestamp="2024-07-17T18:05:59.140">
  <mem-info id="540" free="158212512" total="287834112" percent="54">
    <mem type="nursery" free="0" total="86507520" percent="0">
      <mem type="allocate" free="0" total="72548352" percent="0" />
      <mem type="survivor" free="0" total="13959168" percent="0" />
    </mem>
    <mem type="tenure" free="158212512" total="201326592" percent="78">
      <mem type="soa" free="148145568" total="191259648" percent="77" />
      <mem type="loa" free="10066944" total="10066944" percent="100" />
    </mem>
    <remembered-set count="23904" />
  </mem-info>
</gc-start>
<allocation-stats totalBytes="62999720" discardedBytes="114720" >
  <allocated-bytes non-tlh="1723376" tlh="61276344" />
  <largest-consumer threadName="Execution worker Thread 3" threadId="000000000191FA00" bytes="57854504" />
</allocation-stats>
<gc-op id="541" type="scavenge" timems="11.233" contextid="538" timestamp="2024-07-17T18:05:59.151">
  <scavenger-info tenureage="3" tenuremask="ffa8" tiltratio="83" />
  <memory-copied type="nursery" objects="194200" bytes="10965256" bytesdiscarded="134208" />
  <memory-copied type="tenure" objects="6265" bytes="251864" bytesdiscarded="112" />
  <finalization candidates="341" enqueued="340" />
  <ownableSynchronizers candidates="559" cleared="85" />
  <references type="soft" candidates="8886" cleared="0" enqueued="0" dynamicThreshold="32" maxThreshold="32" />
  <references type="weak" candidates="9590" cleared="2933" enqueued="2933" />
  <references type="phantom" candidates="519" cleared="146" enqueued="146" />
  <object-monitors candidates="17" cleared="0"  />
</gc-op>
<gc-end id="542" type="scavenge" contextid="538" durationms="12.632" usertimems="64.663" systemtimems="0.000" stalltimems="25.966" timestamp="2024-07-17T18:05:59.152" activeThreads="8">
  <mem-info id="543" free="218814624" total="287834112" percent="76">
    <mem type="nursery" free="61306144" total="86507520" percent="70">
      <mem type="allocate" free="61306144" total="72417280" percent="84" />
      <mem type="survivor" free="0" total="14090240" percent="0" />
    </mem>
    <mem type="tenure" free="157508480" total="201326592" percent="78">
      <mem type="soa" free="147441536" total="191259648" percent="77" />
      <mem type="loa" free="10066944" total="10066944" percent="100" />
    </mem>
    <pending-finalizers system="340" default="0" reference="3079" classloader="0" />
    <remembered-set count="16416" />
  </mem-info>
</gc-end>
<cycle-end id="544" type="scavenge" contextid="538" timestamp="2024-07-17T18:05:59.153" />
<allocation-satisfied id="545" threadId="00000000019F5E00" bytesRequested="1040" />
<af-end id="546" timestamp="2024-07-17T18:05:59.153" threadId="00000000019F6838" success="true" from="nursery"/>
<exclusive-end id="547" timestamp="2024-07-17T18:05:59.153" durationms="15.139" />

<exclusive-start id="548" timestamp="2024-07-17T18:05:59.476" intervalms="337.817">
  <response-info timems="0.127" idlems="0.127" threads="0" lastid="000000000139B700" lastname="Unconstrained build operations Thread 17" />
</exclusive-start>
<af-start id="549" threadId="000000000139C138" totalBytesRequested="24" timestamp="2024-07-17T18:05:59.476" intervalms="337.848" type="nursery" />
<cycle-start id="550" type="scavenge" contextid="0" timestamp="2024-07-17T18:05:59.477" intervalms="337.872" />
<gc-start id="551" type="scavenge" contextid="550" timestamp="2024-07-17T18:05:59.477">
  <mem-info id="552" free="157501040" total="287834112" percent="54">
    <mem type="nursery" free="0" total="86507520" percent="0">
      <mem type="allocate" free="0" total="72417280" percent="0" />
      <mem type="survivor" free="0" total="14090240" percent="0" />
    </mem>
    <mem type="tenure" free="157501040" total="201326592" percent="78">
      <mem type="soa" free="147434096" total="191259648" percent="77" />
      <mem type="loa" free="10066944" total="10066944" percent="100" />
    </mem>
    <remembered-set count="16749" />
  </mem-info>
</gc-start>
<allocation-stats totalBytes="61245272" discardedBytes="68312" >
  <allocated-bytes non-tlh="336416" tlh="60908856" />
  <largest-consumer threadName="Unconstrained build operations Thread 6" threadId="0000000001396200" bytes="21057960" />
</allocation-stats>
<gc-op id="553" type="scavenge" timems="13.101" contextid="550" timestamp="2024-07-17T18:05:59.491">
  <scavenger-info tenureage="3" tenuremask="ffa8" tiltratio="83" />
  <memory-copied type="nursery" objects="76167" bytes="3712296" bytesdiscarded="373560" />
  <memory-copied type="tenure" objects="134589" bytes="7927792" bytesdiscarded="4960" />
  <finalization candidates="1" enqueued="0" />
  <ownableSynchronizers candidates="552" cleared="74" />
  <references type="soft" candidates="1775" cleared="0" enqueued="0" dynamicThreshold="32" maxThreshold="32" />
  <references type="weak" candidates="2302" cleared="49" enqueued="49" />
  <references type="phantom" candidates="56" cleared="0" enqueued="0" />
  <object-monitors candidates="18" cleared="0"  />
</gc-op>
<gc-end id="554" type="scavenge" contextid="550" durationms="14.552" usertimems="82.516" systemtimems="0.000" stalltimems="29.690" timestamp="2024-07-17T18:05:59.492" activeThreads="9">
  <mem-info id="555" free="218504392" total="287834112" percent="75">
    <mem type="nursery" free="68583656" total="86507520" percent="79">
      <mem type="allocate" free="68583656" total="72679424" percent="94" />
      <mem type="survivor" free="0" total="13828096" percent="0" />
    </mem>
    <mem type="tenure" free="149920736" total="201326592" percent="74">
      <mem type="soa" free="139853792" total="191259648" percent="73" />
      <mem type="loa" free="10066944" total="10066944" percent="100" />
    </mem>
    <pending-finalizers system="0" default="0" reference="49" classloader="0" />
    <remembered-set count="8558" />
  </mem-info>
</gc-end>
<cycle-end id="556" type="scavenge" contextid="550" timestamp="2024-07-17T18:05:59.492" />
<allocation-satisfied id="557" threadId="000000000139B700" bytesRequested="24" />
<af-end id="558" timestamp="2024-07-17T18:05:59.493" threadId="000000000139C138" success="true" from="nursery"/>
<exclusive-end id="559" timestamp="2024-07-17T18:05:59.493" durationms="16.889" />

<exclusive-start id="560" timestamp="2024-07-17T18:06:02.055" intervalms="2578.673">
  <response-info timems="0.149" idlems="0.149" threads="0" lastid="0000000001438D00" lastname="Cache worker for Java compile cache (/gradle/caches/8.8/javaCom" />
</exclusive-start>
<af-start id="561" threadId="0000000001439738" totalBytesRequested="4104" timestamp="2024-07-17T18:06:02.055" intervalms="2578.684" type="nursery" />
<cycle-start id="562" type="scavenge" contextid="0" timestamp="2024-07-17T18:06:02.055" intervalms="2578.709" />
<gc-start id="563" type="scavenge" contextid="562" timestamp="2024-07-17T18:06:02.056">
  <mem-info id="564" free="149482192" total="287834112" percent="51">
    <mem type="nursery" free="0" total="86507520" percent="0">
      <mem type="allocate" free="0" total="72679424" percent="0" />
      <mem type="survivor" free="0" total="13828096" percent="0" />
    </mem>
    <mem type="tenure" free="149482192" total="201326592" percent="74">
      <mem type="soa" free="139415248" total="191259648" percent="72" />
      <mem type="loa" free="10066944" total="10066944" percent="100" />
    </mem>
    <remembered-set count="16199" />
  </mem-info>
</gc-start>
<allocation-stats totalBytes="68850120" discardedBytes="172080" >
  <allocated-bytes non-tlh="4220240" tlh="64629880" />
  <largest-consumer threadName="Execution worker Thread 3" threadId="000000000191FA00" bytes="48965120" />
</allocation-stats>
<gc-op id="565" type="scavenge" timems="11.799" contextid="562" timestamp="2024-07-17T18:06:02.068">
  <scavenger-info tenureage="3" tenuremask="ffe8" tiltratio="84" />
  <memory-copied type="nursery" objects="157034" bytes="7358784" bytesdiscarded="169600" />
  <memory-copied type="tenure" objects="9047" bytes="732000" bytesdiscarded="64" />
  <finalization candidates="520" enqueued="508" />
  <ownableSynchronizers candidates="191" cleared="52" />
  <references type="soft" candidates="1873" cleared="0" enqueued="0" dynamicThreshold="32" maxThreshold="32" />
  <references type="weak" candidates="4668" cleared="2098" enqueued="2097" />
  <references type="phantom" candidates="271" cleared="199" enqueued="199" />
  <object-monitors candidates="24" cleared="5"  />
</gc-op>
<gc-end id="566" type="scavenge" contextid="562" durationms="13.357" usertimems="83.155" systemtimems="0.000" stalltimems="43.678" timestamp="2024-07-17T18:06:02.069" activeThreads="11">
  <mem-info id="567" free="213830880" total="287834112" percent="74">
    <mem type="nursery" free="65335192" total="86507520" percent="75">
      <mem type="allocate" free="65335192" total="72876032" percent="89" />
      <mem type="survivor" free="0" total="13631488" percent="0" />
    </mem>
    <mem type="tenure" free="148495688" total="201326592" percent="73">
      <mem type="soa" free="138428744" total="191259648" percent="72" />
      <mem type="loa" free="10066944" total="10066944" percent="100" />
    </mem>
    <pending-finalizers system="461" default="47" reference="2296" classloader="0" />
    <remembered-set count="9680" />
  </mem-info>
</gc-end>
<cycle-end id="568" type="scavenge" contextid="562" timestamp="2024-07-17T18:06:02.070" />
<allocation-satisfied id="569" threadId="0000000001438D00" bytesRequested="4104" />
<af-end id="570" timestamp="2024-07-17T18:06:02.071" threadId="0000000001439738" success="true" from="nursery"/>
<exclusive-end id="571" timestamp="2024-07-17T18:06:02.071" durationms="16.093" />

<exclusive-start id="572" timestamp="2024-07-17T18:06:02.330" intervalms="274.997">
  <response-info timems="1.300" idlems="0.864" threads="2" lastid="0000000000029A00" lastname="JIT Compilation Thread-002" />
</exclusive-start>
<af-start id="573" threadId="000000000223E738" totalBytesRequested="24" timestamp="2024-07-17T18:06:02.330" intervalms="275.003" type="nursery" />
<cycle-start id="574" type="scavenge" contextid="0" timestamp="2024-07-17T18:06:02.330" intervalms="275.004" />
<gc-start id="575" type="scavenge" contextid="574" timestamp="2024-07-17T18:06:02.331">
  <mem-info id="576" free="148495688" total="287834112" percent="51">
    <mem type="nursery" free="0" total="86507520" percent="0">
      <mem type="allocate" free="0" total="72876032" percent="0" />
      <mem type="survivor" free="0" total="13631488" percent="0" />
    </mem>
    <mem type="tenure" free="148495688" total="201326592" percent="73">
      <mem type="soa" free="138428744" total="191259648" percent="72" />
      <mem type="loa" free="10066944" total="10066944" percent="100" />
    </mem>
    <remembered-set count="9692" />
  </mem-info>
</gc-start>
<allocation-stats totalBytes="65157128" discardedBytes="178064" >
  <allocated-bytes non-tlh="167896" tlh="64989232" />
  <largest-consumer threadName="Cache worker for Java compile cache (/gradle/caches/8.8/javaCompile)" threadId="0000000001438D00" bytes="10035840" />
</allocation-stats>
<gc-op id="577" type="scavenge" timems="11.431" contextid="574" timestamp="2024-07-17T18:06:02.343">
  <scavenger-info tenureage="5" tenuremask="ffe0" tiltratio="84" />
  <memory-copied type="nursery" objects="214363" bytes="8980016" bytesdiscarded="342312" />
  <finalization candidates="19" enqueued="7" />
  <ownableSynchronizers candidates="130" cleared="44" />
  <references type="soft" candidates="1873" cleared="0" enqueued="0" dynamicThreshold="32" maxThreshold="32" />
  <references type="weak" candidates="3651" cleared="0" enqueued="0" />
  <references type="phantom" candidates="73" cleared="0" enqueued="0" />
  <object-monitors candidates="20" cleared="0"  />
</gc-op>
<gc-end id="578" type="scavenge" contextid="574" durationms="12.292" usertimems="72.453" systemtimems="0.000" stalltimems="56.925" timestamp="2024-07-17T18:06:02.344" activeThreads="12">
  <mem-info id="579" free="213089488" total="287834112" percent="74">
    <mem type="nursery" free="64593800" total="86507520" percent="74">
      <mem type="allocate" free="64593800" total="73924608" percent="87" />
      <mem type="survivor" free="0" total="12582912" percent="0" />
    </mem>
    <mem type="tenure" free="148495688" total="201326592" percent="73">
      <mem type="soa" free="138428744" total="191259648" percent="72" />
      <mem type="loa" free="10066944" total="10066944" percent="100" />
    </mem>
    <pending-finalizers system="0" default="7" reference="0" classloader="0" />
    <remembered-set count="9525" />
  </mem-info>
</gc-end>
<cycle-end id="580" type="scavenge" contextid="574" timestamp="2024-07-17T18:06:02.344" />
<allocation-satisfied id="581" threadId="000000000223DD00" bytesRequested="24" />
<af-end id="582" timestamp="2024-07-17T18:06:02.344" threadId="000000000223E738" success="true" from="nursery"/>
<exclusive-end id="583" timestamp="2024-07-17T18:06:02.345" durationms="14.979" />

<exclusive-start id="584" timestamp="2024-07-17T18:06:02.583" intervalms="252.766">
  <response-info timems="0.106" idlems="0.106" threads="0" lastid="000000000223DD00" lastname="Build operations Thread 8" />
</exclusive-start>
<af-start id="585" threadId="000000000223E738" totalBytesRequested="8200" timestamp="2024-07-17T18:06:02.583" intervalms="252.765" type="nursery" />
<cycle-start id="586" type="scavenge" contextid="0" timestamp="2024-07-17T18:06:02.583" intervalms="252.758" />
<gc-start id="587" type="scavenge" contextid="586" timestamp="2024-07-17T18:06:02.584">
  <mem-info id="588" free="148495688" total="287834112" percent="51">
    <mem type="nursery" free="0" total="86507520" percent="0">
      <mem type="allocate" free="0" total="73924608" percent="0" />
      <mem type="survivor" free="0" total="12582912" percent="0" />
    </mem>
    <mem type="tenure" free="148495688" total="201326592" percent="73">
      <mem type="soa" free="138428744" total="191259648" percent="72" />
      <mem type="loa" free="10066944" total="10066944" percent="100" />
    </mem>
    <remembered-set count="9564" />
  </mem-info>
</gc-start>
<allocation-stats totalBytes="64422224" discardedBytes="171576" >
  <allocated-bytes non-tlh="154496" tlh="64267728" />
  <largest-consumer threadName="Cache worker for Java compile cache (/gradle/caches/8.8/javaCompile)" threadId="0000000001438D00" bytes="11100224" />
</allocation-stats>
<gc-op id="589" type="scavenge" timems="11.198" contextid="586" timestamp="2024-07-17T18:06:02.596">
  <scavenger-info tenureage="3" tenuremask="fff8" tiltratio="85" />
  <memory-copied type="nursery" objects="184017" bytes="7580416" bytesdiscarded="287024" />
  <memory-copied type="tenure" objects="62095" bytes="2685896" bytesdiscarded="696" />
  <finalization candidates="34" enqueued="23" />
  <ownableSynchronizers candidates="86" cleared="0" />
  <references type="soft" candidates="285" cleared="0" enqueued="0" dynamicThreshold="32" maxThreshold="32" />
  <references type="weak" candidates="3197" cleared="0" enqueued="0" />
  <references type="phantom" candidates="43" cleared="0" enqueued="0" />
  <object-monitors candidates="20" cleared="0"  />
</gc-op>
<gc-end id="590" type="scavenge" contextid="586" durationms="12.332" usertimems="62.769" systemtimems="17.572" stalltimems="38.145" timestamp="2024-07-17T18:06:02.596" activeThreads="11">
  <mem-info id="591" free="212209608" total="287834112" percent="73">
    <mem type="nursery" free="66448200" total="86507520" percent="76">
      <mem type="allocate" free="66448200" total="74317824" percent="89" />
      <mem type="survivor" free="0" total="12189696" percent="0" />
    </mem>
    <mem type="tenure" free="145761408" total="201326592" percent="72">
      <mem type="soa" free="135694464" total="191259648" percent="70" />
      <mem type="loa" free="10066944" total="10066944" percent="100" />
    </mem>
    <pending-finalizers system="0" default="23" reference="0" classloader="0" />
    <remembered-set count="4010" />
  </mem-info>
</gc-end>
<cycle-end id="592" type="scavenge" contextid="586" timestamp="2024-07-17T18:06:02.597" />
<allocation-satisfied id="593" threadId="000000000223DD00" bytesRequested="8200" />
<af-end id="594" timestamp="2024-07-17T18:06:02.597" threadId="000000000223E738" success="true" from="nursery"/>
<exclusive-end id="595" timestamp="2024-07-17T18:06:02.597" durationms="14.627" />

<exclusive-start id="596" timestamp="2024-07-17T18:06:02.789" intervalms="206.734">
  <response-info timems="0.108" idlems="0.108" threads="0" lastid="0000000001391200" lastname="Build operations Thread 3" />
</exclusive-start>
<af-start id="597" threadId="0000000001391C38" totalBytesRequested="8200" timestamp="2024-07-17T18:06:02.790" intervalms="206.742" type="nursery" />
<cycle-start id="598" type="scavenge" contextid="0" timestamp="2024-07-17T18:06:02.790" intervalms="206.762" />
<gc-start id="599" type="scavenge" contextid="598" timestamp="2024-07-17T18:06:02.790">
  <mem-info id="600" free="145761408" total="287834112" percent="50">
    <mem type="nursery" free="0" total="86507520" percent="0">
      <mem type="allocate" free="0" total="74317824" percent="0" />
      <mem type="survivor" free="0" total="12189696" percent="0" />
    </mem>
    <mem type="tenure" free="145761408" total="201326592" percent="72">
      <mem type="soa" free="135694464" total="191259648" percent="70" />
      <mem type="loa" free="10066944" total="10066944" percent="100" />
    </mem>
    <remembered-set count="4051" />
  </mem-info>
</gc-start>
<allocation-stats totalBytes="66321544" discardedBytes="126656" >
  <allocated-bytes non-tlh="2440688" tlh="63880856" />
  <largest-consumer threadName="Build operations Thread 5" threadId="0000000001EF8400" bytes="13944168" />
</allocation-stats>
<gc-op id="601" type="scavenge" timems="9.306" contextid="598" timestamp="2024-07-17T18:06:02.800">
  <scavenger-info tenureage="6" tenuremask="ffc0" tiltratio="85" />
  <memory-copied type="nursery" objects="184765" bytes="7295128" bytesdiscarded="223016" />
  <finalization candidates="11" enqueued="5" />
  <ownableSynchronizers candidates="31" cleared="0" />
  <references type="soft" candidates="285" cleared="0" enqueued="0" dynamicThreshold="32" maxThreshold="32" />
  <references type="weak" candidates="4067" cleared="0" enqueued="0" />
  <references type="phantom" candidates="38" cleared="0" enqueued="0" />
  <object-monitors candidates="20" cleared="0"  />
</gc-op>
<gc-end id="602" type="scavenge" contextid="598" durationms="10.188" usertimems="57.901" systemtimems="0.000" stalltimems="51.965" timestamp="2024-07-17T18:06:02.801" activeThreads="12">
  <mem-info id="603" free="213280376" total="287834112" percent="74">
    <mem type="nursery" free="67518968" total="86507520" percent="78">
      <mem type="allocate" free="67518968" total="75038720" percent="89" />
      <mem type="survivor" free="0" total="11468800" percent="0" />
    </mem>
    <mem type="tenure" free="145761408" total="201326592" percent="72">
      <mem type="soa" free="135694464" total="191259648" percent="70" />
      <mem type="loa" free="10066944" total="10066944" percent="100" />
    </mem>
    <pending-finalizers system="0" default="5" reference="0" classloader="0" />
    <remembered-set count="4011" />
  </mem-info>
</gc-end>
<cycle-end id="604" type="scavenge" contextid="598" timestamp="2024-07-17T18:06:02.801" />
<allocation-satisfied id="605" threadId="0000000001391200" bytesRequested="8200" />
<af-end id="606" timestamp="2024-07-17T18:06:02.802" threadId="0000000001391C38" success="true" from="nursery"/>
<exclusive-end id="607" timestamp="2024-07-17T18:06:02.802" durationms="12.576" />

<exclusive-start id="608" timestamp="2024-07-17T18:06:03.011" intervalms="222.202">
  <response-info timems="0.204" idlems="0.204" threads="0" lastid="0000000002241A00" lastname="Build operations Thread 9" />
</exclusive-start>
<af-start id="609" threadId="0000000002242438" totalBytesRequested="24" timestamp="2024-07-17T18:06:03.012" intervalms="222.755" type="nursery" />
<cycle-start id="610" type="scavenge" contextid="0" timestamp="2024-07-17T18:06:03.013" intervalms="222.889" />
<gc-start id="611" type="scavenge" contextid="610" timestamp="2024-07-17T18:06:03.014">
  <mem-info id="612" free="145761408" total="287834112" percent="50">
    <mem type="nursery" free="0" total="86507520" percent="0">
      <mem type="allocate" free="0" total="75038720" percent="0" />
      <mem type="survivor" free="0" total="11468800" percent="0" />
    </mem>
    <mem type="tenure" free="145761408" total="201326592" percent="72">
      <mem type="soa" free="135694464" total="191259648" percent="70" />
      <mem type="loa" free="10066944" total="10066944" percent="100" />
    </mem>
    <remembered-set count="4050" />
  </mem-info>
</gc-start>
<allocation-stats totalBytes="67381704" discardedBytes="137264" >
  <allocated-bytes non-tlh="1233192" tlh="66148512" />
  <largest-consumer threadName="Build operations Thread 9" threadId="0000000002241A00" bytes="13570744" />
</allocation-stats>
<gc-op id="613" type="scavenge" timems="9.750" contextid="610" timestamp="2024-07-17T18:06:03.024">
  <scavenger-info tenureage="5" tenuremask="ffe0" tiltratio="86" />
  <memory-copied type="nursery" objects="189423" bytes="7312816" bytesdiscarded="184504" />
  <finalization candidates="6" enqueued="3" />
  <ownableSynchronizers candidates="31" cleared="0" />
  <references type="soft" candidates="285" cleared="0" enqueued="0" dynamicThreshold="32" maxThreshold="32" />
  <references type="weak" candidates="5020" cleared="0" enqueued="0" />
  <references type="phantom" candidates="36" cleared="0" enqueued="0" />
  <object-monitors candidates="20" cleared="0"  />
</gc-op>
<gc-end id="614" type="scavenge" contextid="610" durationms="11.342" usertimems="45.935" systemtimems="15.545" stalltimems="43.902" timestamp="2024-07-17T18:06:03.025" activeThreads="11">
  <mem-info id="615" free="213891152" total="287834112" percent="74">
    <mem type="nursery" free="68129744" total="86507520" percent="78">
      <mem type="allocate" free="68129744" total="75628544" percent="90" />
      <mem type="survivor" free="0" total="10878976" percent="0" />
    </mem>
    <mem type="tenure" free="145761408" total="201326592" percent="72">
      <mem type="soa" free="135694464" total="191259648" percent="70" />
      <mem type="loa" free="10066944" total="10066944" percent="100" />
    </mem>
    <pending-finalizers system="0" default="3" reference="0" classloader="0" />
    <remembered-set count="4007" />
  </mem-info>
</gc-end>
<cycle-end id="616" type="scavenge" contextid="610" timestamp="2024-07-17T18:06:03.026" />
<allocation-satisfied id="617" threadId="0000000002241A00" bytesRequested="24" />
<af-end id="618" timestamp="2024-07-17T18:06:03.026" threadId="0000000002242438" success="true" from="nursery"/>
<exclusive-end id="619" timestamp="2024-07-17T18:06:03.027" durationms="15.060" />

<exclusive-start id="620" timestamp="2024-07-17T18:06:03.237" intervalms="225.245">
  <response-info timems="0.115" idlems="0.115" threads="0" lastid="0000000001EF8400" lastname="Build operations Thread 5" />
</exclusive-start>
<af-start id="621" threadId="0000000001EF8E38" totalBytesRequested="464" timestamp="2024-07-17T18:06:03.237" intervalms="224.776" type="nursery" />
<cycle-start id="622" type="scavenge" contextid="0" timestamp="2024-07-17T18:06:03.238" intervalms="224.673" />
<gc-start id="623" type="scavenge" contextid="622" timestamp="2024-07-17T18:06:03.238">
  <mem-info id="624" free="145761408" total="287834112" percent="50">
    <mem type="nursery" free="0" total="86507520" percent="0">
      <mem type="allocate" free="0" total="75628544" percent="0" />
      <mem type="survivor" free="0" total="10878976" percent="0" />
    </mem>
    <mem type="tenure" free="145761408" total="201326592" percent="72">
      <mem type="soa" free="135694464" total="191259648" percent="70" />
      <mem type="loa" free="10066944" total="10066944" percent="100" />
    </mem>
    <remembered-set count="4048" />
  </mem-info>
</gc-start>
<allocation-stats totalBytes="68070648" discardedBytes="59096" >
  <allocated-bytes non-tlh="249704" tlh="67820944" />
  <largest-consumer threadName="Build operations Thread 6" threadId="0000000002236400" bytes="20507264" />
</allocation-stats>
<gc-op id="625" type="scavenge" timems="9.347" contextid="622" timestamp="2024-07-17T18:06:03.248">
  <scavenger-info tenureage="6" tenuremask="ffc0" tiltratio="87" />
  <memory-copied type="nursery" objects="191056" bytes="7196464" bytesdiscarded="148888" />
  <finalization candidates="3" enqueued="1" />
  <ownableSynchronizers candidates="31" cleared="0" />
  <references type="soft" candidates="285" cleared="0" enqueued="0" dynamicThreshold="32" maxThreshold="32" />
  <references type="weak" candidates="6875" cleared="0" enqueued="0" />
  <references type="phantom" candidates="35" cleared="0" enqueued="0" />
  <object-monitors candidates="20" cleared="0"  />
</gc-op>
<gc-end id="626" type="scavenge" contextid="622" durationms="10.742" usertimems="54.075" systemtimems="4.476" stalltimems="41.479" timestamp="2024-07-17T18:06:03.249" activeThreads="11">
  <mem-info id="627" free="214501976" total="287834112" percent="74">
    <mem type="nursery" free="68740568" total="86507520" percent="79">
      <mem type="allocate" free="68740568" total="76087296" percent="90" />
      <mem type="survivor" free="0" total="10420224" percent="0" />
    </mem>
    <mem type="tenure" free="145761408" total="201326592" percent="72">
      <mem type="soa" free="135694464" total="191259648" percent="70" />
      <mem type="loa" free="10066944" total="10066944" percent="100" />
    </mem>
    <pending-finalizers system="0" default="1" reference="0" classloader="0" />
    <remembered-set count="4009" />
  </mem-info>
</gc-end>
<cycle-end id="628" type="scavenge" contextid="622" timestamp="2024-07-17T18:06:03.249" />
<allocation-satisfied id="629" threadId="0000000001EF8400" bytesRequested="464" />
<af-end id="630" timestamp="2024-07-17T18:06:03.250" threadId="0000000001EF8E38" success="true" from="nursery"/>
<exclusive-end id="631" timestamp="2024-07-17T18:06:03.250" durationms="13.225" />

<exclusive-start id="632" timestamp="2024-07-17T18:06:03.713" intervalms="475.898">
  <response-info timems="0.102" idlems="0.102" threads="0" lastid="0000000002236400" lastname="Build operations Thread 6" />
</exclusive-start>
<af-start id="633" threadId="0000000002236E38" totalBytesRequested="8200" timestamp="2024-07-17T18:06:03.713" intervalms="475.826" type="nursery" />
<cycle-start id="634" type="scavenge" contextid="0" timestamp="2024-07-17T18:06:03.713" intervalms="475.838" />
<gc-start id="635" type="scavenge" contextid="634" timestamp="2024-07-17T18:06:03.714">
  <mem-info id="636" free="145761408" total="287834112" percent="50">
    <mem type="nursery" free="0" total="86507520" percent="0">
      <mem type="allocate" free="0" total="76087296" percent="0" />
      <mem type="survivor" free="0" total="10420224" percent="0" />
    </mem>
    <mem type="tenure" free="145761408" total="201326592" percent="72">
      <mem type="soa" free="135694464" total="191259648" percent="70" />
      <mem type="loa" free="10066944" total="10066944" percent="100" />
    </mem>
    <remembered-set count="4050" />
  </mem-info>
</gc-start>
<allocation-stats totalBytes="68380024" discardedBytes="360544" >
  <allocated-bytes non-tlh="464" tlh="68379560" />
  <largest-consumer threadName="Build operations Thread 6" threadId="0000000002236400" bytes="55199056" />
</allocation-stats>
<gc-op id="637" type="scavenge" timems="10.383" contextid="634" timestamp="2024-07-17T18:06:03.725">
  <scavenger-info tenureage="7" tenuremask="ff80" tiltratio="87" />
  <memory-copied type="nursery" objects="197024" bytes="7327128" bytesdiscarded="417544" />
  <finalization candidates="2" enqueued="1" />
  <ownableSynchronizers candidates="31" cleared="0" />
  <references type="soft" candidates="285" cleared="0" enqueued="0" dynamicThreshold="32" maxThreshold="32" />
  <references type="weak" candidates="8966" cleared="0" enqueued="0" />
  <references type="phantom" candidates="33" cleared="0" enqueued="0" />
  <object-monitors candidates="20" cleared="0"  />
</gc-op>
<gc-end id="638" type="scavenge" contextid="634" durationms="11.744" usertimems="48.229" systemtimems="15.880" stalltimems="46.516" timestamp="2024-07-17T18:06:03.726" activeThreads="11">
  <mem-info id="639" free="214430360" total="287834112" percent="74">
    <mem type="nursery" free="68668952" total="86507520" percent="79">
      <mem type="allocate" free="68668952" total="76414976" percent="89" />
      <mem type="survivor" free="0" total="10092544" percent="0" />
    </mem>
    <mem type="tenure" free="145761408" total="201326592" percent="72">
      <mem type="soa" free="135694464" total="191259648" percent="70" />
      <mem type="loa" free="10066944" total="10066944" percent="100" />
    </mem>
    <pending-finalizers system="0" default="1" reference="0" classloader="0" />
    <remembered-set count="4010" />
  </mem-info>
</gc-end>
<cycle-end id="640" type="scavenge" contextid="634" timestamp="2024-07-17T18:06:03.726" />
<allocation-satisfied id="641" threadId="0000000002236400" bytesRequested="8200" />
<af-end id="642" timestamp="2024-07-17T18:06:03.727" threadId="0000000002236E38" success="true" from="nursery"/>
<exclusive-end id="643" timestamp="2024-07-17T18:06:03.727" durationms="14.619" />

<exclusive-start id="644" timestamp="2024-07-17T18:07:05.983" intervalms="62270.162">
  <response-info timems="0.111" idlems="0.111" threads="0" lastid="0000000001549200" lastname="Unconstrained build operations Thread 22" />
</exclusive-start>
<af-start id="645" threadId="0000000001549C38" totalBytesRequested="88" timestamp="2024-07-17T18:07:05.983" intervalms="62270.329" type="nursery" />
<cycle-start id="646" type="scavenge" contextid="0" timestamp="2024-07-17T18:07:05.984" intervalms="62270.353" />
<gc-start id="647" type="scavenge" contextid="646" timestamp="2024-07-17T18:07:05.984">
  <mem-info id="648" free="145713120" total="287834112" percent="50">
    <mem type="nursery" free="0" total="86507520" percent="0">
      <mem type="allocate" free="0" total="76414976" percent="0" />
      <mem type="survivor" free="0" total="10092544" percent="0" />
    </mem>
    <mem type="tenure" free="145713120" total="201326592" percent="72">
      <mem type="soa" free="135646176" total="191259648" percent="70" />
      <mem type="loa" free="10066944" total="10066944" percent="100" />
    </mem>
    <remembered-set count="6292" />
  </mem-info>
</gc-start>
<allocation-stats totalBytes="68618616" discardedBytes="98624" >
  <allocated-bytes non-tlh="1030672" tlh="67587944" />
  <largest-consumer threadName="Daemon worker Thread 2" threadId="0000000001942200" bytes="34536072" />
</allocation-stats>
<gc-op id="649" type="scavenge" timems="15.030" contextid="646" timestamp="2024-07-17T18:07:06.000">
  <scavenger-info tenureage="8" tenuremask="ff00" tiltratio="88" />
  <memory-copied type="nursery" objects="240540" bytes="9328344" bytesdiscarded="262816" />
  <finalization candidates="152" enqueued="152" />
  <ownableSynchronizers candidates="701" cleared="329" />
  <references type="soft" candidates="343" cleared="0" enqueued="0" dynamicThreshold="32" maxThreshold="32" />
  <references type="weak" candidates="9770" cleared="353" enqueued="353" />
  <references type="phantom" candidates="89" cleared="73" enqueued="73" />
  <object-monitors candidates="24" cleared="2"  />
</gc-op>
<gc-end id="650" type="scavenge" contextid="646" durationms="29.369" usertimems="123.260" systemtimems="13.817" stalltimems="52.700" timestamp="2024-07-17T18:07:06.014" activeThreads="11">
  <mem-info id="651" free="210033784" total="287834112" percent="72">
    <mem type="nursery" free="64320664" total="86507520" percent="74">
      <mem type="allocate" free="64320664" total="73924608" percent="87" />
      <mem type="survivor" free="0" total="12582912" percent="0" />
    </mem>
    <mem type="tenure" free="145713120" total="201326592" percent="72" macro-fragmented="82818304">
      <mem type="soa" free="135646176" total="191259648" percent="70" />
      <mem type="loa" free="10066944" total="10066944" percent="100" />
    </mem>
    <pending-finalizers system="151" default="1" reference="426" classloader="0" />
    <remembered-set count="5259" />
  </mem-info>
</gc-end>
<cycle-end id="652" type="scavenge" contextid="646" timestamp="2024-07-17T18:07:06.014" />
<allocation-satisfied id="653" threadId="0000000001549200" bytesRequested="88" />
<af-end id="654" timestamp="2024-07-17T18:07:06.015" threadId="0000000001549C38" success="true" from="nursery"/>
<exclusive-end id="655" timestamp="2024-07-17T18:07:06.015" durationms="32.390" />

<exclusive-start id="656" timestamp="2024-07-17T18:07:06.611" intervalms="628.243">
  <response-info timems="0.132" idlems="0.132" threads="0" lastid="000000000138AC00" lastname="Unconstrained build operations Thread 59" />
</exclusive-start>
<af-start id="657" threadId="000000000138B638" totalBytesRequested="16392" timestamp="2024-07-17T18:07:06.611" intervalms="628.146" type="nursery" />
<cycle-start id="658" type="scavenge" contextid="0" timestamp="2024-07-17T18:07:06.612" intervalms="628.177" />
<gc-start id="659" type="scavenge" contextid="658" timestamp="2024-07-17T18:07:06.613">
  <mem-info id="660" free="145713120" total="287834112" percent="50">
    <mem type="nursery" free="0" total="86507520" percent="0">
      <mem type="allocate" free="0" total="73924608" percent="0" />
      <mem type="survivor" free="0" total="12582912" percent="0" />
    </mem>
    <mem type="tenure" free="145713120" total="201326592" percent="72">
      <mem type="soa" free="135646176" total="191259648" percent="70" />
      <mem type="loa" free="10066944" total="10066944" percent="100" />
    </mem>
    <remembered-set count="5302" />
  </mem-info>
</gc-start>
<allocation-stats totalBytes="64260144" discardedBytes="60520" >
  <allocated-bytes non-tlh="770704" tlh="63489440" />
  <largest-consumer threadName="Daemon worker Thread 2" threadId="0000000001942200" bytes="21405184" />
</allocation-stats>
<gc-op id="661" type="scavenge" timems="14.812" contextid="658" timestamp="2024-07-17T18:07:06.628">
  <scavenger-info tenureage="9" tenuremask="fe00" tiltratio="85" />
  <memory-copied type="nursery" objects="241096" bytes="9247408" bytesdiscarded="236472" />
  <ownableSynchronizers candidates="546" cleared="145" />
  <references type="soft" candidates="367" cleared="0" enqueued="0" dynamicThreshold="32" maxThreshold="32" />
  <references type="weak" candidates="9581" cleared="99" enqueued="99" />
  <references type="phantom" candidates="17" cleared="0" enqueued="0" />
  <object-monitors candidates="23" cleared="0"  />
</gc-op>
<gc-end id="662" type="scavenge" contextid="658" durationms="23.772" usertimems="86.237" systemtimems="11.793" stalltimems="44.955" timestamp="2024-07-17T18:07:06.636" activeThreads="12">
  <mem-info id="663" free="211509280" total="287834112" percent="73">
    <mem type="nursery" free="65796160" total="86507520" percent="76">
      <mem type="allocate" free="65796160" total="75300864" percent="87" />
      <mem type="survivor" free="0" total="11206656" percent="0" />
    </mem>
    <mem type="tenure" free="145713120" total="201326592" percent="72" macro-fragmented="99381968">
      <mem type="soa" free="135646176" total="191259648" percent="70" />
      <mem type="loa" free="10066944" total="10066944" percent="100" />
    </mem>
    <pending-finalizers system="0" default="0" reference="99" classloader="0" />
    <remembered-set count="4472" />
  </mem-info>
</gc-end>
<cycle-end id="664" type="scavenge" contextid="658" timestamp="2024-07-17T18:07:06.637" />
<allocation-satisfied id="665" threadId="000000000138AC00" bytesRequested="16392" />
<af-end id="666" timestamp="2024-07-17T18:07:06.638" threadId="000000000138B638" success="true" from="nursery"/>
<exclusive-end id="667" timestamp="2024-07-17T18:07:06.638" durationms="26.775" />

<exclusive-start id="668" timestamp="2024-07-17T18:07:13.786" intervalms="7175.266">
  <response-info timems="0.173" idlems="0.173" threads="0" lastid="0000000001387C00" lastname="Unconstrained build operations Thread 107" />
</exclusive-start>
<af-start id="669" threadId="0000000001388638" totalBytesRequested="16" timestamp="2024-07-17T18:07:13.787" intervalms="7175.164" type="nursery" />
<cycle-start id="670" type="scavenge" contextid="0" timestamp="2024-07-17T18:07:13.787" intervalms="7175.113" />
<gc-start id="671" type="scavenge" contextid="670" timestamp="2024-07-17T18:07:13.788">
  <mem-info id="672" free="145704608" total="287834112" percent="50">
    <mem type="nursery" free="0" total="86507520" percent="0">
      <mem type="allocate" free="0" total="75300864" percent="0" />
      <mem type="survivor" free="0" total="11206656" percent="0" />
    </mem>
    <mem type="tenure" free="145704608" total="201326592" percent="72">
      <mem type="soa" free="135637664" total="191259648" percent="70" />
      <mem type="loa" free="10066944" total="10066944" percent="100" />
    </mem>
    <remembered-set count="5105" />
  </mem-info>
</gc-start>
<allocation-stats totalBytes="65638464" discardedBytes="166208" >
  <allocated-bytes non-tlh="737616" tlh="64900848" />
  <largest-consumer threadName="Daemon worker Thread 2" threadId="0000000001942200" bytes="20639584" />
</allocation-stats>
<gc-op id="673" type="scavenge" timems="16.779" contextid="670" timestamp="2024-07-17T18:07:13.805">
  <scavenger-info tenureage="3" tenuremask="40f8" tiltratio="87" />
  <memory-copied type="nursery" objects="238223" bytes="10169856" bytesdiscarded="307792" />
  <memory-copied type="tenure" objects="83114" bytes="2877872" bytesdiscarded="1176" />
  <finalization candidates="30" enqueued="30" />
  <ownableSynchronizers candidates="1091" cleared="554" />
  <references type="soft" candidates="392" cleared="0" enqueued="0" dynamicThreshold="32" maxThreshold="32" />
  <references type="weak" candidates="2975" cleared="72" enqueued="72" />
  <references type="phantom" candidates="33" cleared="3" enqueued="3" />
  <object-monitors candidates="24" cleared="0"  />
</gc-op>
<gc-end id="674" type="scavenge" contextid="670" durationms="241.346" usertimems="342.529" systemtimems="0.782" stalltimems="55.717" timestamp="2024-07-17T18:07:14.029" activeThreads="11">
  <mem-info id="675" free="205958464" total="287834112" percent="71">
    <mem type="nursery" free="63421096" total="86507520" percent="73">
      <mem type="allocate" free="63421096" total="73924608" percent="85" />
      <mem type="survivor" free="0" total="12582912" percent="0" />
    </mem>
    <mem type="tenure" free="142537368" total="201326592" percent="70" macro-fragmented="119258368">
      <mem type="soa" free="132470424" total="191259648" percent="69" />
      <mem type="loa" free="10066944" total="10066944" percent="100" />
    </mem>
    <pending-finalizers system="29" default="1" reference="75" classloader="0" />
    <remembered-set count="24091" />
  </mem-info>
</gc-end>
<cycle-end id="676" type="scavenge" contextid="670" timestamp="2024-07-17T18:07:14.030" />
<allocation-satisfied id="677" threadId="0000000001387C00" bytesRequested="16" />
<af-end id="678" timestamp="2024-07-17T18:07:14.030" threadId="0000000001388638" success="true" from="nursery"/>
<exclusive-end id="679" timestamp="2024-07-17T18:07:14.030" durationms="244.199" />

<exclusive-start id="680" timestamp="2024-07-17T18:07:14.807" intervalms="1020.918">
  <response-info timems="0.137" idlems="0.137" threads="0" lastid="0000000001ED9000" lastname="Execution worker Thread 3" />
</exclusive-start>
<af-start id="681" threadId="0000000001ED9A38" totalBytesRequested="48" timestamp="2024-07-17T18:07:14.808" intervalms="1021.028" type="nursery" />
<cycle-start id="682" type="scavenge" contextid="0" timestamp="2024-07-17T18:07:14.808" intervalms="1021.084" />
<gc-start id="683" type="scavenge" contextid="682" timestamp="2024-07-17T18:07:14.809">
  <mem-info id="684" free="142537368" total="287834112" percent="49">
    <mem type="nursery" free="0" total="86507520" percent="0">
      <mem type="allocate" free="0" total="73924608" percent="0" />
      <mem type="survivor" free="0" total="12582912" percent="0" />
    </mem>
    <mem type="tenure" free="142537368" total="201326592" percent="70">
      <mem type="soa" free="132470424" total="191259648" percent="69" />
      <mem type="loa" free="10066944" total="10066944" percent="100" />
    </mem>
    <remembered-set count="24128" />
  </mem-info>
</gc-start>
<allocation-stats totalBytes="63384552" discardedBytes="36544" >
  <allocated-bytes non-tlh="1339144" tlh="62045408" />
  <largest-consumer threadName="Unconstrained build operations Thread 107" threadId="0000000001387C00" bytes="19818576" />
</allocation-stats>
<gc-op id="685" type="scavenge" timems="11.034" contextid="682" timestamp="2024-07-17T18:07:14.820">
  <scavenger-info tenureage="9" tenuremask="4600" tiltratio="85" />
  <memory-copied type="nursery" objects="201327" bytes="10476376" bytesdiscarded="193864" />
  <memory-copied type="tenure" objects="64989" bytes="2283944" bytesdiscarded="424" />
  <finalization candidates="44" enqueued="0" />
  <ownableSynchronizers candidates="668" cleared="101" />
  <references type="soft" candidates="112" cleared="0" enqueued="0" dynamicThreshold="32" maxThreshold="32" />
  <references type="weak" candidates="1440" cleared="92" enqueued="23" />
  <references type="phantom" candidates="242" cleared="0" enqueued="0" />
  <object-monitors candidates="25" cleared="0"  />
</gc-op>
<gc-end id="686" type="scavenge" contextid="682" durationms="12.431" usertimems="79.748" systemtimems="10.010" stalltimems="47.096" timestamp="2024-07-17T18:07:14.821" activeThreads="12">
  <mem-info id="687" free="203545664" total="287834112" percent="70">
    <mem type="nursery" free="63291840" total="86507520" percent="73">
      <mem type="allocate" free="63291840" total="73990144" percent="85" />
      <mem type="survivor" free="0" total="12517376" percent="0" />
    </mem>
    <mem type="tenure" free="140253824" total="201326592" percent="69" macro-fragmented="99381968">
      <mem type="soa" free="130186880" total="191259648" percent="68" />
      <mem type="loa" free="10066944" total="10066944" percent="100" />
    </mem>
    <pending-finalizers system="0" default="0" reference="23" classloader="0" />
    <remembered-set count="1623" />
  </mem-info>
</gc-end>
<cycle-end id="688" type="scavenge" contextid="682" timestamp="2024-07-17T18:07:14.822" />
<allocation-satisfied id="689" threadId="0000000001ED9000" bytesRequested="48" />
<af-end id="690" timestamp="2024-07-17T18:07:14.822" threadId="0000000001ED9A38" success="true" from="nursery"/>
<exclusive-end id="691" timestamp="2024-07-17T18:07:14.823" durationms="15.523" />

<exclusive-start id="692" timestamp="2024-07-17T18:10:28.820" intervalms="194013.137">
  <response-info timems="0.083" idlems="0.083" threads="0" lastid="00000000001C9000" lastname="VM Runtime State Listener" />
</exclusive-start>
<sys-start reason="vm idle" id="693" timestamp="2024-07-17T18:10:28.821" intervalms="294745.270" />
<cycle-start id="694" type="global" contextid="0" timestamp="2024-07-17T18:10:28.821" intervalms="294745.839" />
<gc-start id="695" type="global" contextid="694" timestamp="2024-07-17T18:10:28.822">
  <mem-info id="696" free="185880104" total="287834112" percent="64">
    <mem type="nursery" free="45626928" total="86507520" percent="52">
      <mem type="allocate" free="45626928" total="73990144" percent="61" />
      <mem type="survivor" free="0" total="12517376" percent="0" />
    </mem>
    <mem type="tenure" free="140253176" total="201326592" percent="69">
      <mem type="soa" free="130186232" total="191259648" percent="68" />
      <mem type="loa" free="10066944" total="10066944" percent="100" />
    </mem>
    <remembered-set count="1771" />
  </mem-info>
</gc-start>
<allocation-stats totalBytes="17616864" discardedBytes="48696" >
  <allocated-bytes non-tlh="343576" tlh="17273288" />
  <largest-consumer threadName="Daemon periodic checks" threadId="00000000005AF700" bytes="1170536" />
</allocation-stats>
<gc-op id="697" type="mark" timems="37.227" contextid="694" timestamp="2024-07-17T18:10:28.860">
  <trace-info objectcount="923765" scancount="801311" scanbytes="27134680" />
  <finalization candidates="771" enqueued="44" />
  <ownableSynchronizers candidates="6314" cleared="1210" />
  <references type="soft" candidates="29365" cleared="0" enqueued="0" dynamicThreshold="32" maxThreshold="32" />
  <references type="weak" candidates="28470" cleared="4532" enqueued="4495" />
  <references type="phantom" candidates="1410" cleared="2" enqueued="2" />
  <stringconstants candidates="44885" cleared="1418"  />
  <object-monitors candidates="26" cleared="18"  />
</gc-op>
<gc-op id="698" type="classunload" timems="3.174" contextid="694" timestamp="2024-07-17T18:10:28.864">
  <classunload-info classloadercandidates="172" classloadersunloaded="13" classesunloaded="14" anonymousclassesunloaded="4" quiescems="0.000" setupms="3.068" scanms="0.091" postms="0.014" />
</gc-op>
<gc-op id="699" type="sweep" timems="2.576" contextid="694" timestamp="2024-07-17T18:10:28.866" />
<gc-end id="700" type="global" contextid="694" durationms="53.633" usertimems="260.254" systemtimems="13.437" stalltimems="259.599" timestamp="2024-07-17T18:10:28.876" activeThreads="12">
  <mem-info id="701" free="223010272" total="287834112" percent="77">
    <mem type="nursery" free="72190072" total="86507520" percent="83">
      <mem type="allocate" free="72190072" total="73990144" percent="97" />
      <mem type="survivor" free="0" total="12517376" percent="0" />
    </mem>
    <mem type="tenure" free="150820200" total="201326592" percent="74" micro-fragmented="1394854" macro-fragmented="69015248">
      <mem type="soa" free="140753256" total="191259648" percent="73" />
      <mem type="loa" free="10066944" total="10066944" percent="100" />
    </mem>
    <pending-finalizers system="0" default="44" reference="4497" classloader="0" />
    <remembered-set count="1381" />
  </mem-info>
</gc-end>
<cycle-end id="702" type="global" contextid="694" timestamp="2024-07-17T18:10:28.876" />
<heap-fixup timems="6.863" reason="class unloading"  timestamp="2024-07-17T18:10:28.876" />
<sys-end id="703" timestamp="2024-07-17T18:10:28.877" />
<exclusive-end id="704" timestamp="2024-07-17T18:10:28.877" durationms="56.426" />

<heap-resize id="705" type="release free pages" space="tenure" amount="148013056" count="1" timems="2.594" reason="idle" timestamp="2024-07-17T18:10:28.880" />
