<?xml version="1.0" ?>

<verbosegc xmlns="http://www.ibm.com/j9/verbosegc" version="254af5a04_CMPRSS">

<initialized id="1" timestamp="2024-07-17T20:35:46.741">
  <attribute name="gcPolicy" value="-Xgcpolicy:gencon" />
  <attribute name="maxHeapSize" value="0xf7ac0000" />
  <attribute name="initialHeapSize" value="0x800000" />
  <attribute name="compressedRefs" value="true" />
  <attribute name="compressedRefsDisplacement" value="0x0" />
  <attribute name="compressedRefsShift" value="0x3" />
  <attribute name="pageSize" value="0x1000" />
  <attribute name="pageType" value="not used" />
  <attribute name="requestedPageSize" value="0x1000" />
  <attribute name="requestedPageType" value="not used" />
  <attribute name="gcthreads" value="12" />
  <attribute name="gcthreads Concurrent Mark" value="1" />
  <attribute name="packetListSplit" value="2" />
  <attribute name="cacheListSplit" value="2" />
  <attribute name="splitFreeListSplitAmount" value="2" />
  <attribute name="numaNodes" value="0" />
  <system>
    <attribute name="physicalMemory" value="16621170688" />
    <attribute name="addressablePhysicalMemory" value="16621170688" />
    <attribute name="container memory limit set" value="false" />
    <attribute name="numCPUs" value="12" />
    <attribute name="numCPUs active" value="12" />
    <attribute name="architecture" value="amd64" />
    <attribute name="os" value="Linux" />
    <attribute name="osVersion" value="5.15.153.1-microsoft-standard-WSL2" />
  </system>
  <vmargs>
    <vmarg name="-Xoptionsfile=/opt/java/openjdk/lib/options.default" />
    <vmarg name="-Xlockword:mode=default,noLockword=java/lang/String,noLockword=java/util/MapEntry,noLockword=java/util/HashMap$Entry,noLockword..." />
    <vmarg name="-XX:+EnsureHashed:java/lang/Class,java/lang/Thread" />
    <vmarg name="-Xjcl:jclse29" />
    <vmarg name="-Dcom.ibm.oti.vm.bootstrap.library.path=/opt/java/openjdk/lib/default:/opt/java/openjdk/lib" />
    <vmarg name="-Dsun.boot.library.path=/opt/java/openjdk/lib/default:/opt/java/openjdk/lib" />
    <vmarg name="-Djava.library.path=/opt/java/openjdk/lib/default:/opt/java/openjdk/lib:/usr/lib64:/usr/lib" />
    <vmarg name="-Djava.home=/opt/java/openjdk" />
    <vmarg name="-Duser.dir=/opt/ibm/wlp/output/defaultServer" />
    <vmarg name="-XX:+IgnoreUnrecognizedVMOptions" />
    <vmarg name="-XX:+PortableSharedCache" />
    <vmarg name="-XX:+IdleTuningGcOnIdle" />
    <vmarg name="-Xshareclasses:name=openj9_system_scc,cacheDir=/opt/java/.scc,readonly,nonFatal" />
    <vmarg name="-Xverbosegclog:/logs/verbosegc.%seq.log,10,1024" />
    <vmarg name="-XX:+IgnoreUnrecognizedVMOptions" />
    <vmarg name="-XX:+IdleTuningGcOnIdle" />
    <vmarg name="-Xshareclasses:name=openj9_system_scc,cacheDir=/opt/java/.scc,readonly,nonFatal" />
    <vmarg name="-Dosgi.checkConfiguration=false" />
    <vmarg name="-XX:+IgnoreUnrecognizedVMOptions" />
    <vmarg name="-XX:+IdleTuningGcOnIdle" />
    <vmarg name="-Xshareclasses:name=openj9_system_scc,cacheDir=/opt/java/.scc,readonly,nonFatal" />
    <vmarg name="-Dosgi.checkConfiguration=false" />
    <vmarg name="-javaagent:/opt/ibm/wlp/bin/tools/ws-javaagent.jar" />
    <vmarg name="-Djava.awt.headless=true" />
    <vmarg name="-Djdk.attach.allowAttachSelf=true" />
    <vmarg name="-Xbootclasspath/a:/opt/ibm/zosconnect/lib/icu4j-71.1.jar:/opt/ibm/zosconnect/lib/icu4j-charset-71.1.jar" />
    <vmarg name="--add-exports=java.base/sun.security.action=ALL-UNNAMED" />
    <vmarg name="--add-exports=java.naming/com.sun.jndi.ldap=ALL-UNNAMED" />
    <vmarg name="--add-exports=java.naming/com.sun.jndi.url.ldap=ALL-UNNAMED" />
    <vmarg name="--add-exports=jdk.naming.dns/com.sun.jndi.dns=ALL-UNNAMED" />
    <vmarg name="--add-exports=jdk.naming.dns/com.sun.jndi.url.dns=ALL-UNNAMED" />
    <vmarg name="--add-exports=java.security.jgss/sun.security.krb5.internal=ALL-UNNAMED" />
    <vmarg name="--add-exports=jdk.attach/sun.tools.attach=ALL-UNNAMED" />
    <vmarg name="--add-opens=java.base/java.util=ALL-UNNAMED" />
    <vmarg name="--add-opens=java.base/java.lang=ALL-UNNAMED" />
    <vmarg name="--add-opens=java.base/java.util.concurrent=ALL-UNNAMED" />
    <vmarg name="--add-opens=java.base/java.io=ALL-UNNAMED" />
    <vmarg name="--add-opens=java.base/java.nio=ALL-UNNAMED" />
    <vmarg name="--add-opens=java.base/sun.nio.ch=ALL-UNNAMED" />
    <vmarg name="--add-opens=java.naming/javax.naming.spi=ALL-UNNAMED" />
    <vmarg name="--add-opens=java.naming/com.sun.naming.internal=ALL-UNNAMED" />
    <vmarg name="--add-opens=jdk.naming.rmi/com.sun.jndi.url.rmi=ALL-UNNAMED" />
    <vmarg name="--add-opens=java.naming/javax.naming=ALL-UNNAMED" />
    <vmarg name="--add-opens=java.rmi/java.rmi=ALL-UNNAMED" />
    <vmarg name="--add-opens=java.sql/java.sql=ALL-UNNAMED" />
    <vmarg name="--add-opens=java.management/javax.management=ALL-UNNAMED" />
    <vmarg name="--add-opens=java.base/java.lang.reflect=ALL-UNNAMED" />
    <vmarg name="--add-opens=java.desktop/java.awt.image=ALL-UNNAMED" />
    <vmarg name="--add-opens=java.base/java.security=ALL-UNNAMED" />
    <vmarg name="--add-opens=java.base/java.net=ALL-UNNAMED" />
    <vmarg name="--add-opens=java.base/java.text=ALL-UNNAMED" />
    <vmarg name="--add-opens=java.base/sun.net.www.protocol.https=ALL-UNNAMED" />
    <vmarg name="--add-exports=jdk.management.agent/jdk.internal.agent=ALL-UNNAMED" />
    <vmarg name="--add-exports=java.base/jdk.internal.vm=ALL-UNNAMED" />
    <vmarg name="-Djava.class.path=/opt/ibm/wlp/bin/tools/ws-server.jar" />
    <vmarg name="-Dsun.java.command=/opt/ibm/wlp/bin/tools/ws-server.jar defaultServer --clean" />
    <vmarg name="-Dsun.java.launcher=SUN_STANDARD" />
  </vmargs>
</initialized>

<exclusive-start id="2" timestamp="2024-07-17T20:35:46.882" intervalms="141.179">
  <response-info timems="0.029" idlems="0.029" threads="0" lastid="000000000001E500" lastname="main" />
</exclusive-start>
<af-start id="3" threadId="000000000001EF38" totalBytesRequested="24" timestamp="2024-07-17T20:35:46.882" intervalms="141.465" type="nursery" />
<cycle-start id="4" type="scavenge" contextid="0" timestamp="2024-07-17T20:35:46.883" intervalms="141.733" />
<gc-start id="5" type="scavenge" contextid="4" timestamp="2024-07-17T20:35:46.883">
  <mem-info id="6" free="6075128" total="8388608" percent="72">
    <mem type="nursery" free="0" total="2097152" percent="0">
      <mem type="allocate" free="0" total="1048576" percent="0" />
      <mem type="survivor" free="0" total="1048576" percent="0" />
    </mem>
    <mem type="tenure" free="6075128" total="6291456" percent="96">
      <mem type="soa" free="5759736" total="5976064" percent="96" />
      <mem type="loa" free="315392" total="315392" percent="100" />
    </mem>
    <remembered-set count="3010" />
  </mem-info>
</gc-start>
<allocation-stats totalBytes="1264328" discardedBytes="576" >
  <allocated-bytes non-tlh="232720" tlh="1031608" />
  <largest-consumer threadName="main" threadId="000000000001E500" bytes="1211080" />
</allocation-stats>
<gc-op id="7" type="scavenge" timems="1.444" contextid="4" timestamp="2024-07-17T20:35:46.885">
  <scavenger-info tenureage="2" tenuremask="fffc" tiltratio="50" />
  <memory-copied type="nursery" objects="10138" bytes="480016" bytesdiscarded="88928" />
  <finalization candidates="170" enqueued="106" />
  <ownableSynchronizers candidates="1" cleared="0" />
  <references type="soft" candidates="20" cleared="0" enqueued="0" dynamicThreshold="32" maxThreshold="32" />
  <references type="weak" candidates="125" cleared="26" enqueued="26" />
  <references type="phantom" candidates="23" cleared="5" enqueued="5" />
  <object-monitors candidates="1" cleared="0"  />
</gc-op>
<gc-end id="8" type="scavenge" contextid="4" durationms="2.347" usertimems="2.242" systemtimems="0.854" stalltimems="2.702" timestamp="2024-07-17T20:35:46.885" activeThreads="4">
  <mem-info id="9" free="6553616" total="8388608" percent="78">
    <mem type="nursery" free="478488" total="2097152" percent="22">
      <mem type="allocate" free="478488" total="1048576" percent="45" />
      <mem type="survivor" free="0" total="1048576" percent="0" />
    </mem>
    <mem type="tenure" free="6075128" total="6291456" percent="96">
      <mem type="soa" free="5759736" total="5976064" percent="96" />
      <mem type="loa" free="315392" total="315392" percent="100" />
    </mem>
    <pending-finalizers system="106" default="0" reference="31" classloader="0" />
    <remembered-set count="3010" />
  </mem-info>
</gc-end>
<cycle-end id="10" type="scavenge" contextid="4" timestamp="2024-07-17T20:35:46.886" />
<allocation-satisfied id="11" threadId="000000000001E500" bytesRequested="24" />
<af-end id="12" timestamp="2024-07-17T20:35:46.886" threadId="000000000001EF38" success="true" from="nursery"/>
<exclusive-end id="13" timestamp="2024-07-17T20:35:46.886" durationms="4.204" />

<exclusive-start id="14" timestamp="2024-07-17T20:35:46.904" intervalms="21.734">
  <response-info timems="0.030" idlems="0.030" threads="0" lastid="000000000001E500" lastname="main" />
</exclusive-start>
<af-start id="15" threadId="000000000001EF38" totalBytesRequested="13408" timestamp="2024-07-17T20:35:46.904" intervalms="21.790" type="nursery" />
<cycle-start id="16" type="scavenge" contextid="0" timestamp="2024-07-17T20:35:46.905" intervalms="21.865" />
<gc-start id="17" type="scavenge" contextid="16" timestamp="2024-07-17T20:35:46.905">
  <mem-info id="18" free="6028952" total="8388608" percent="71">
    <mem type="nursery" free="0" total="2097152" percent="0">
      <mem type="allocate" free="0" total="1048576" percent="0" />
      <mem type="survivor" free="0" total="1048576" percent="0" />
    </mem>
    <mem type="tenure" free="6028952" total="6291456" percent="95">
      <mem type="soa" free="5713560" total="5976064" percent="95" />
      <mem type="loa" free="315392" total="315392" percent="100" />
    </mem>
    <remembered-set count="3817" />
  </mem-info>
</gc-start>
<allocation-stats totalBytes="485248" discardedBytes="39416" >
  <allocated-bytes non-tlh="46200" tlh="439048" />
  <largest-consumer threadName="main" threadId="000000000001E500" bytes="411400" />
</allocation-stats>
<gc-op id="19" type="scavenge" timems="1.292" contextid="16" timestamp="2024-07-17T20:35:46.907">
  <scavenger-info tenureage="5" tenuremask="7fe0" tiltratio="50" />
  <memory-copied type="nursery" objects="11335" bytes="514472" bytesdiscarded="231112" />
  <finalization candidates="119" enqueued="35" />
  <ownableSynchronizers candidates="1" cleared="0" />
  <references type="soft" candidates="39" cleared="0" enqueued="0" dynamicThreshold="32" maxThreshold="32" />
  <references type="weak" candidates="209" cleared="84" enqueued="84" />
  <references type="phantom" candidates="21" cleared="3" enqueued="3" />
  <object-monitors candidates="1" cleared="0"  />
</gc-op>
<heap-resize id="20" type="expand" space="nursery" amount="131072" count="1" timems="0.054" reason="excessive time being spent scavenging" timestamp="2024-07-17T20:35:46.907" />
<gc-end id="21" type="scavenge" contextid="16" durationms="2.523" usertimems="3.102" systemtimems="0.000" stalltimems="1.026" timestamp="2024-07-17T20:35:46.907" activeThreads="3">
  <mem-info id="22" free="6396240" total="8519680" percent="75">
    <mem type="nursery" free="367288" total="2228224" percent="16">
      <mem type="allocate" free="367288" total="1114112" percent="32" />
      <mem type="survivor" free="0" total="1114112" percent="0" />
    </mem>
    <mem type="tenure" free="6028952" total="6291456" percent="95">
      <mem type="soa" free="5713560" total="5976064" percent="95" />
      <mem type="loa" free="315392" total="315392" percent="100" />
    </mem>
    <pending-finalizers system="35" default="0" reference="87" classloader="0" />
    <remembered-set count="3817" />
  </mem-info>
</gc-end>
<cycle-end id="23" type="scavenge" contextid="16" timestamp="2024-07-17T20:35:46.908" />
<allocation-satisfied id="24" threadId="000000000001E500" bytesRequested="13408" />
<af-end id="25" timestamp="2024-07-17T20:35:46.908" threadId="000000000001EF38" success="true" from="nursery"/>
<exclusive-end id="26" timestamp="2024-07-17T20:35:46.908" durationms="4.618" />

<exclusive-start id="27" timestamp="2024-07-17T20:35:46.921" intervalms="17.464">
  <response-info timems="0.083" idlems="0.061" threads="1" lastid="0000000000022100" lastname="JIT Compilation Thread-000" />
</exclusive-start>
<af-start id="28" threadId="000000000001EF38" totalBytesRequested="16392" timestamp="2024-07-17T20:35:46.922" intervalms="17.368" type="nursery" />
<cycle-start id="29" type="scavenge" contextid="0" timestamp="2024-07-17T20:35:46.922" intervalms="17.234" />
<gc-start id="30" type="scavenge" contextid="29" timestamp="2024-07-17T20:35:46.922">
  <mem-info id="31" free="6021104" total="8519680" percent="70">
    <mem type="nursery" free="0" total="2228224" percent="0">
      <mem type="allocate" free="0" total="1114112" percent="0" />
      <mem type="survivor" free="0" total="1114112" percent="0" />
    </mem>
    <mem type="tenure" free="6021104" total="6291456" percent="95">
      <mem type="soa" free="5705712" total="5976064" percent="95" />
      <mem type="loa" free="315392" total="315392" percent="100" />
    </mem>
    <remembered-set count="3912" />
  </mem-info>
</gc-start>
<allocation-stats totalBytes="360312" discardedBytes="14824" >
  <allocated-bytes non-tlh="32528" tlh="327784" />
  <largest-consumer threadName="main" threadId="000000000001E500" bytes="360312" />
</allocation-stats>
<gc-op id="32" type="scavenge" timems="1.346" contextid="29" timestamp="2024-07-17T20:35:46.924">
  <scavenger-info tenureage="4" tenuremask="7ff0" tiltratio="50" />
  <memory-copied type="nursery" objects="11871" bytes="561264" bytesdiscarded="176160" />
  <finalization candidates="86" enqueued="1" />
  <ownableSynchronizers candidates="1" cleared="0" />
  <references type="soft" candidates="41" cleared="0" enqueued="0" dynamicThreshold="32" maxThreshold="32" />
  <references type="weak" candidates="175" cleared="50" enqueued="50" />
  <references type="phantom" candidates="20" cleared="1" enqueued="1" />
  <object-monitors candidates="1" cleared="0"  />
</gc-op>
<heap-resize id="33" type="expand" space="nursery" amount="131072" count="1" timems="0.018" reason="excessive time being spent scavenging" timestamp="2024-07-17T20:35:46.924" />
<gc-end id="34" type="scavenge" contextid="29" durationms="2.249" usertimems="2.858" systemtimems="0.000" stalltimems="1.270" timestamp="2024-07-17T20:35:46.924" activeThreads="3">
  <mem-info id="35" free="6462104" total="8650752" percent="74">
    <mem type="nursery" free="441000" total="2359296" percent="18">
      <mem type="allocate" free="441000" total="1179648" percent="37" />
      <mem type="survivor" free="0" total="1179648" percent="0" />
    </mem>
    <mem type="tenure" free="6021104" total="6291456" percent="95">
      <mem type="soa" free="5705712" total="5976064" percent="95" />
      <mem type="loa" free="315392" total="315392" percent="100" />
    </mem>
    <pending-finalizers system="1" default="0" reference="51" classloader="0" />
    <remembered-set count="1712" />
  </mem-info>
</gc-end>
<cycle-end id="36" type="scavenge" contextid="29" timestamp="2024-07-17T20:35:46.925" />
<allocation-satisfied id="37" threadId="000000000001E500" bytesRequested="16392" />
<af-end id="38" timestamp="2024-07-17T20:35:46.925" threadId="000000000001EF38" success="true" from="nursery"/>
<exclusive-end id="39" timestamp="2024-07-17T20:35:46.925" durationms="3.872" />

<exclusive-start id="40" timestamp="2024-07-17T20:35:46.937" intervalms="15.964">
  <response-info timems="0.031" idlems="0.031" threads="0" lastid="000000000001E500" lastname="main" />
</exclusive-start>
<af-start id="41" threadId="000000000001EF38" totalBytesRequested="1032" timestamp="2024-07-17T20:35:46.938" intervalms="16.115" type="nursery" />
<cycle-start id="42" type="scavenge" contextid="0" timestamp="2024-07-17T20:35:46.938" intervalms="16.281" />
<gc-start id="43" type="scavenge" contextid="42" timestamp="2024-07-17T20:35:46.938">
  <mem-info id="44" free="6010184" total="8650752" percent="69">
    <mem type="nursery" free="0" total="2359296" percent="0">
      <mem type="allocate" free="0" total="1179648" percent="0" />
      <mem type="survivor" free="0" total="1179648" percent="0" />
    </mem>
    <mem type="tenure" free="6010184" total="6291456" percent="95">
      <mem type="soa" free="5694792" total="5976064" percent="95" />
      <mem type="loa" free="315392" total="315392" percent="100" />
    </mem>
    <remembered-set count="1875" />
  </mem-info>
</gc-start>
<allocation-stats totalBytes="450704" discardedBytes="1216" >
  <allocated-bytes non-tlh="27312" tlh="423392" />
  <largest-consumer threadName="main" threadId="000000000001E500" bytes="450704" />
</allocation-stats>
<gc-op id="45" type="scavenge" timems="1.540" contextid="42" timestamp="2024-07-17T20:35:46.941">
  <scavenger-info tenureage="3" tenuremask="fff8" tiltratio="50" />
  <memory-copied type="nursery" objects="2071" bytes="82488" bytesdiscarded="21008" />
  <memory-copied type="tenure" objects="9895" bytes="465736" bytesdiscarded="448" />
  <finalization candidates="128" enqueued="26" />
  <ownableSynchronizers candidates="2" cleared="0" />
  <references type="soft" candidates="37" cleared="0" enqueued="0" dynamicThreshold="32" maxThreshold="32" />
  <references type="weak" candidates="90" cleared="43" enqueued="43" />
  <references type="phantom" candidates="4" cleared="3" enqueued="3" />
  <object-monitors candidates="1" cleared="0"  />
</gc-op>
<heap-resize id="46" type="expand" space="nursery" amount="262144" count="1" timems="0.024" reason="excessive time being spent scavenging" timestamp="2024-07-17T20:35:46.941" />
<gc-end id="47" type="scavenge" contextid="42" durationms="2.703" usertimems="3.965" systemtimems="0.000" stalltimems="1.017" timestamp="2024-07-17T20:35:46.941" activeThreads="3">
  <mem-info id="48" free="6659768" total="8912896" percent="74">
    <mem type="nursery" free="1207040" total="2621440" percent="46">
      <mem type="allocate" free="1207040" total="1310720" percent="92" />
      <mem type="survivor" free="0" total="1310720" percent="0" />
    </mem>
    <mem type="tenure" free="5452728" total="6291456" percent="86">
      <mem type="soa" free="5137336" total="5976064" percent="85" />
      <mem type="loa" free="315392" total="315392" percent="100" />
    </mem>
    <pending-finalizers system="26" default="0" reference="46" classloader="0" />
    <remembered-set count="432" />
  </mem-info>
</gc-end>
<cycle-end id="49" type="scavenge" contextid="42" timestamp="2024-07-17T20:35:46.941" />
<allocation-satisfied id="50" threadId="000000000001E500" bytesRequested="1032" />
<af-end id="51" timestamp="2024-07-17T20:35:46.942" threadId="000000000001EF38" success="true" from="nursery"/>
<exclusive-end id="52" timestamp="2024-07-17T20:35:46.942" durationms="4.581" />

<exclusive-start id="53" timestamp="2024-07-17T20:35:47.052" intervalms="114.944">
  <response-info timems="0.031" idlems="0.031" threads="0" lastid="000000000001E500" lastname="main" />
</exclusive-start>
<af-start id="54" threadId="000000000001EF38" totalBytesRequested="482208" timestamp="2024-07-17T20:35:47.053" intervalms="114.973" type="nursery" />
<cycle-start id="55" type="scavenge" contextid="0" timestamp="2024-07-17T20:35:47.053" intervalms="115.209" />
<gc-start id="56" type="scavenge" contextid="55" timestamp="2024-07-17T20:35:47.054">
  <mem-info id="57" free="5633720" total="8912896" percent="63">
    <mem type="nursery" free="248576" total="2621440" percent="9">
      <mem type="allocate" free="248576" total="1310720" percent="18" />
      <mem type="survivor" free="0" total="1310720" percent="0" />
    </mem>
    <mem type="tenure" free="5385144" total="6291456" percent="85">
      <mem type="soa" free="5069752" total="5976064" percent="84" />
      <mem type="loa" free="315392" total="315392" percent="100" />
    </mem>
    <remembered-set count="1522" />
  </mem-info>
</gc-start>
<allocation-stats totalBytes="1025048" discardedBytes="1000" >
  <allocated-bytes non-tlh="68616" tlh="956432" />
  <largest-consumer threadName="main" threadId="000000000001E500" bytes="1025048" />
</allocation-stats>
<gc-op id="58" type="scavenge" timems="1.270" contextid="55" timestamp="2024-07-17T20:35:47.056">
  <scavenger-info tenureage="3" tenuremask="fff8" tiltratio="50" />
  <memory-copied type="nursery" objects="7603" bytes="346456" bytesdiscarded="120640" />
  <memory-copied type="tenure" objects="1081" bytes="36472" bytesdiscarded="0" />
  <finalization candidates="115" enqueued="46" />
  <ownableSynchronizers candidates="1" cleared="0" />
  <references type="soft" candidates="79" cleared="0" enqueued="0" dynamicThreshold="32" maxThreshold="32" />
  <references type="weak" candidates="101" cleared="46" enqueued="46" />
  <references type="phantom" candidates="12" cleared="7" enqueued="7" />
  <object-monitors candidates="1" cleared="0"  />
</gc-op>
<gc-end id="59" type="scavenge" contextid="55" durationms="2.365" usertimems="1.737" systemtimems="0.517" stalltimems="1.590" timestamp="2024-07-17T20:35:47.056" activeThreads="3">
  <mem-info id="60" free="6180784" total="8912896" percent="69">
    <mem type="nursery" free="843256" total="2621440" percent="32">
      <mem type="allocate" free="843256" total="1310720" percent="64" />
      <mem type="survivor" free="0" total="1310720" percent="0" />
    </mem>
    <mem type="tenure" free="5337528" total="6291456" percent="84">
      <mem type="soa" free="5022136" total="5976064" percent="84" />
      <mem type="loa" free="315392" total="315392" percent="100" />
    </mem>
    <pending-finalizers system="46" default="0" reference="53" classloader="0" />
    <remembered-set count="1384" />
  </mem-info>
</gc-end>
<cycle-end id="61" type="scavenge" contextid="55" timestamp="2024-07-17T20:35:47.056" />
<allocation-satisfied id="62" threadId="000000000001E500" bytesRequested="482208" />
<af-end id="63" timestamp="2024-07-17T20:35:47.057" threadId="000000000001EF38" success="true" from="nursery"/>
<exclusive-end id="64" timestamp="2024-07-17T20:35:47.057" durationms="5.052" />

<exclusive-start id="65" timestamp="2024-07-17T20:35:47.067" intervalms="14.463">
  <response-info timems="0.030" idlems="0.030" threads="0" lastid="000000000001E500" lastname="main" />
</exclusive-start>
<af-start id="66" threadId="000000000001EF38" totalBytesRequested="4104" timestamp="2024-07-17T20:35:47.067" intervalms="14.407" type="nursery" />
<cycle-start id="67" type="scavenge" contextid="0" timestamp="2024-07-17T20:35:47.067" intervalms="14.152" />
<gc-start id="68" type="scavenge" contextid="67" timestamp="2024-07-17T20:35:47.068">
  <mem-info id="69" free="5291184" total="8912896" percent="59">
    <mem type="nursery" free="0" total="2621440" percent="0">
      <mem type="allocate" free="0" total="1310720" percent="0" />
      <mem type="survivor" free="0" total="1310720" percent="0" />
    </mem>
    <mem type="tenure" free="5291184" total="6291456" percent="84">
      <mem type="soa" free="4975792" total="5976064" percent="83" />
      <mem type="loa" free="315392" total="315392" percent="100" />
    </mem>
    <remembered-set count="2253" />
  </mem-info>
</gc-start>
<allocation-stats totalBytes="886752" discardedBytes="2848" >
  <allocated-bytes non-tlh="592280" tlh="294472" />
  <largest-consumer threadName="main" threadId="000000000001E500" bytes="886752" />
</allocation-stats>
<gc-op id="70" type="scavenge" timems="1.355" contextid="67" timestamp="2024-07-17T20:35:47.070">
  <scavenger-info tenureage="4" tenuremask="fff0" tiltratio="50" />
  <memory-copied type="nursery" objects="11024" bytes="1125104" bytesdiscarded="77968" />
  <finalization candidates="56" enqueued="4" />
  <ownableSynchronizers candidates="1" cleared="0" />
  <references type="soft" candidates="87" cleared="0" enqueued="0" dynamicThreshold="32" maxThreshold="32" />
  <references type="weak" candidates="60" cleared="1" enqueued="1" />
  <references type="phantom" candidates="10" cleared="1" enqueued="1" />
  <object-monitors candidates="1" cleared="0"  />
</gc-op>
<heap-resize id="71" type="expand" space="nursery" amount="262144" count="1" timems="0.023" reason="excessive time being spent scavenging" timestamp="2024-07-17T20:35:47.070" />
<gc-end id="72" type="scavenge" contextid="67" durationms="2.729" usertimems="2.590" systemtimems="0.000" stalltimems="1.672" timestamp="2024-07-17T20:35:47.071" activeThreads="3">
  <mem-info id="73" free="5529576" total="9175040" percent="60">
    <mem type="nursery" free="238392" total="2883584" percent="8">
      <mem type="allocate" free="238392" total="1441792" percent="16" />
      <mem type="survivor" free="0" total="1441792" percent="0" />
    </mem>
    <mem type="tenure" free="5291184" total="6291456" percent="84">
      <mem type="soa" free="4975792" total="5976064" percent="83" />
      <mem type="loa" free="315392" total="315392" percent="100" />
    </mem>
    <pending-finalizers system="4" default="0" reference="2" classloader="0" />
    <remembered-set count="2106" />
  </mem-info>
</gc-end>
<cycle-end id="74" type="scavenge" contextid="67" timestamp="2024-07-17T20:35:47.071" />
<allocation-satisfied id="75" threadId="000000000001E500" bytesRequested="4104" />
<af-end id="76" timestamp="2024-07-17T20:35:47.071" threadId="000000000001EF38" success="true" from="nursery"/>
<exclusive-end id="77" timestamp="2024-07-17T20:35:47.072" durationms="4.888" />

<exclusive-start id="78" timestamp="2024-07-17T20:35:47.077" intervalms="10.041">
  <response-info timems="0.032" idlems="0.032" threads="0" lastid="000000000001E500" lastname="main" />
</exclusive-start>
<af-start id="79" threadId="000000000001EF38" totalBytesRequested="13400" timestamp="2024-07-17T20:35:47.077" intervalms="9.997" type="nursery" />
<cycle-start id="80" type="scavenge" contextid="0" timestamp="2024-07-17T20:35:47.077" intervalms="9.996" />
<gc-start id="81" type="scavenge" contextid="80" timestamp="2024-07-17T20:35:47.078">
  <mem-info id="82" free="5280992" total="9175040" percent="57">
    <mem type="nursery" free="0" total="2883584" percent="0">
      <mem type="allocate" free="0" total="1441792" percent="0" />
      <mem type="survivor" free="0" total="1441792" percent="0" />
    </mem>
    <mem type="tenure" free="5280992" total="6291456" percent="83">
      <mem type="soa" free="4965600" total="5976064" percent="83" />
      <mem type="loa" free="315392" total="315392" percent="100" />
    </mem>
    <remembered-set count="2250" />
  </mem-info>
</gc-start>
<allocation-stats totalBytes="228240" discardedBytes="20344" >
  <allocated-bytes non-tlh="14296" tlh="213944" />
  <largest-consumer threadName="main" threadId="000000000001E500" bytes="228240" />
</allocation-stats>
<gc-op id="83" type="scavenge" timems="1.604" contextid="80" timestamp="2024-07-17T20:35:47.080">
  <scavenger-info tenureage="3" tenuremask="7ff8" tiltratio="50" />
  <memory-copied type="nursery" objects="11081" bytes="1093560" bytesdiscarded="68728" />
  <memory-copied type="tenure" objects="791" bytes="27744" bytesdiscarded="0" />
  <finalization candidates="52" enqueued="0" />
  <ownableSynchronizers candidates="1" cleared="0" />
  <references type="soft" candidates="76" cleared="0" enqueued="0" dynamicThreshold="32" maxThreshold="32" />
  <references type="weak" candidates="42" cleared="1" enqueued="1" />
  <references type="phantom" candidates="7" cleared="0" enqueued="0" />
  <object-monitors candidates="1" cleared="0"  />
</gc-op>
<heap-resize id="84" type="expand" space="nursery" amount="393216" count="1" timems="0.022" reason="excessive time being spent scavenging" timestamp="2024-07-17T20:35:47.080" />
<gc-end id="85" type="scavenge" contextid="80" durationms="3.075" usertimems="2.935" systemtimems="0.000" stalltimems="1.998" timestamp="2024-07-17T20:35:47.081" activeThreads="3">
  <mem-info id="86" free="5717280" total="9568256" percent="59">
    <mem type="nursery" free="475448" total="3276800" percent="14">
      <mem type="allocate" free="475448" total="1638400" percent="29" />
      <mem type="survivor" free="0" total="1638400" percent="0" />
    </mem>
    <mem type="tenure" free="5241832" total="6291456" percent="83">
      <mem type="soa" free="4926440" total="5976064" percent="82" />
      <mem type="loa" free="315392" total="315392" percent="100" />
    </mem>
    <pending-finalizers system="0" default="0" reference="1" classloader="0" />
    <remembered-set count="1210" />
  </mem-info>
</gc-end>
<cycle-end id="87" type="scavenge" contextid="80" timestamp="2024-07-17T20:35:47.081" />
<allocation-satisfied id="88" threadId="000000000001E500" bytesRequested="13400" />
<af-end id="89" timestamp="2024-07-17T20:35:47.082" threadId="000000000001EF38" success="true" from="nursery"/>
<exclusive-end id="90" timestamp="2024-07-17T20:35:47.082" durationms="5.140" />

<exclusive-start id="91" timestamp="2024-07-17T20:35:47.093" intervalms="16.036">
  <response-info timems="0.028" idlems="0.028" threads="0" lastid="000000000001E500" lastname="main" />
</exclusive-start>
<af-start id="92" threadId="000000000001EF38" totalBytesRequested="24" timestamp="2024-07-17T20:35:47.093" intervalms="15.982" type="nursery" />
<cycle-start id="93" type="scavenge" contextid="0" timestamp="2024-07-17T20:35:47.093" intervalms="15.925" />
<gc-start id="94" type="scavenge" contextid="93" timestamp="2024-07-17T20:35:47.094">
  <mem-info id="95" free="5239856" total="9568256" percent="54">
    <mem type="nursery" free="0" total="3276800" percent="0">
      <mem type="allocate" free="0" total="1638400" percent="0" />
      <mem type="survivor" free="0" total="1638400" percent="0" />
    </mem>
    <mem type="tenure" free="5239856" total="6291456" percent="83">
      <mem type="soa" free="4924464" total="5976064" percent="82" />
      <mem type="loa" free="315392" total="315392" percent="100" />
    </mem>
    <remembered-set count="1242" />
  </mem-info>
</gc-start>
<allocation-stats totalBytes="477272" discardedBytes="152" >
  <allocated-bytes non-tlh="15376" tlh="461896" />
  <largest-consumer threadName="main" threadId="000000000001E500" bytes="477272" />
</allocation-stats>
<gc-op id="96" type="scavenge" timems="1.692" contextid="93" timestamp="2024-07-17T20:35:47.096">
  <scavenger-info tenureage="2" tenuremask="fffc" tiltratio="50" />
  <memory-copied type="nursery" objects="6505" bytes="253680" bytesdiscarded="100240" />
  <memory-copied type="tenure" objects="9275" bytes="1041088" bytesdiscarded="1216" />
  <finalization candidates="34" enqueued="0" />
  <references type="soft" candidates="7" cleared="0" enqueued="0" dynamicThreshold="32" maxThreshold="32" />
  <references type="weak" candidates="15" cleared="15" enqueued="15" />
  <object-monitors candidates="1" cleared="0"  />
</gc-op>
<heap-resize id="97" type="expand" space="nursery" amount="262144" count="1" timems="0.021" reason="excessive time being spent scavenging" timestamp="2024-07-17T20:35:47.096" />
<gc-end id="98" type="scavenge" contextid="93" durationms="2.784" usertimems="2.542" systemtimems="0.744" stalltimems="2.051" timestamp="2024-07-17T20:35:47.096" activeThreads="3">
  <mem-info id="99" free="5724272" total="9830400" percent="58">
    <mem type="nursery" free="1611776" total="3538944" percent="45">
      <mem type="allocate" free="1611776" total="1966080" percent="81" />
      <mem type="survivor" free="0" total="1572864" percent="0" />
    </mem>
    <mem type="tenure" free="4112496" total="6291456" percent="65">
      <mem type="soa" free="3797104" total="5976064" percent="63" />
      <mem type="loa" free="315392" total="315392" percent="100" />
    </mem>
    <pending-finalizers system="0" default="0" reference="15" classloader="0" />
    <remembered-set count="264" />
  </mem-info>
</gc-end>
<cycle-end id="100" type="scavenge" contextid="93" timestamp="2024-07-17T20:35:47.097" />
<allocation-satisfied id="101" threadId="000000000001E500" bytesRequested="24" />
<af-end id="102" timestamp="2024-07-17T20:35:47.097" threadId="000000000001EF38" success="true" from="nursery"/>
<exclusive-end id="103" timestamp="2024-07-17T20:35:47.097" durationms="4.491" />

<exclusive-start id="104" timestamp="2024-07-17T20:35:47.126" intervalms="33.282">
  <response-info timems="0.047" idlems="0.047" threads="0" lastid="000000000001E500" lastname="main" />
</exclusive-start>
<af-start id="105" threadId="000000000001EF38" totalBytesRequested="3080" timestamp="2024-07-17T20:35:47.127" intervalms="33.515" type="nursery" />
<cycle-start id="106" type="scavenge" contextid="0" timestamp="2024-07-17T20:35:47.127" intervalms="33.663" />
<gc-start id="107" type="scavenge" contextid="106" timestamp="2024-07-17T20:35:47.127">
  <mem-info id="108" free="4047520" total="9830400" percent="41">
    <mem type="nursery" free="0" total="3538944" percent="0">
      <mem type="allocate" free="0" total="1966080" percent="0" />
      <mem type="survivor" free="0" total="1572864" percent="0" />
    </mem>
    <mem type="tenure" free="4047520" total="6291456" percent="64">
      <mem type="soa" free="3732128" total="5976064" percent="62" />
      <mem type="loa" free="315392" total="315392" percent="100" />
    </mem>
    <remembered-set count="1072" />
  </mem-info>
</gc-start>
<allocation-stats totalBytes="1620240" discardedBytes="56512" >
  <allocated-bytes non-tlh="155552" tlh="1464688" />
  <largest-consumer threadName="main" threadId="000000000001E500" bytes="1620240" />
</allocation-stats>
<gc-op id="109" type="scavenge" timems="1.131" contextid="106" timestamp="2024-07-17T20:35:47.129">
  <scavenger-info tenureage="2" tenuremask="fffc" tiltratio="55" />
  <memory-copied type="nursery" objects="1350" bytes="66536" bytesdiscarded="26768" />
  <memory-copied type="tenure" objects="1774" bytes="50608" bytesdiscarded="8" />
  <finalization candidates="46" enqueued="30" />
  <references type="soft" candidates="15" cleared="0" enqueued="0" dynamicThreshold="32" maxThreshold="32" />
  <references type="weak" candidates="73" cleared="53" enqueued="53" />
  <references type="phantom" candidates="6" cleared="5" enqueued="5" />
  <object-monitors candidates="1" cleared="0"  />
</gc-op>
<gc-end id="110" type="scavenge" contextid="106" durationms="2.122" usertimems="1.169" systemtimems="0.319" stalltimems="1.886" timestamp="2024-07-17T20:35:47.130" activeThreads="3">
  <mem-info id="111" free="6200224" total="9830400" percent="63">
    <mem type="nursery" free="2200320" total="3538944" percent="62">
      <mem type="allocate" free="2200320" total="2293760" percent="95" />
      <mem type="survivor" free="0" total="1245184" percent="0" />
    </mem>
    <mem type="tenure" free="3999904" total="6291456" percent="63">
      <mem type="soa" free="3684512" total="5976064" percent="61" />
      <mem type="loa" free="315392" total="315392" percent="100" />
    </mem>
    <pending-finalizers system="30" default="0" reference="58" classloader="0" />
    <remembered-set count="917" />
  </mem-info>
</gc-end>
<cycle-end id="112" type="scavenge" contextid="106" timestamp="2024-07-17T20:35:47.130" />
<allocation-satisfied id="113" threadId="000000000001E500" bytesRequested="3080" />
<af-end id="114" timestamp="2024-07-17T20:35:47.130" threadId="000000000001EF38" success="true" from="nursery"/>
<exclusive-end id="115" timestamp="2024-07-17T20:35:47.131" durationms="4.483" />

<exclusive-start id="116" timestamp="2024-07-17T20:35:47.211" intervalms="85.284">
  <response-info timems="0.037" idlems="0.037" threads="0" lastid="000000000001E500" lastname="main" />
</exclusive-start>
<af-start id="117" threadId="000000000001EF38" totalBytesRequested="16392" timestamp="2024-07-17T20:35:47.212" intervalms="85.155" type="nursery" />
<cycle-start id="118" type="scavenge" contextid="0" timestamp="2024-07-17T20:35:47.212" intervalms="85.076" />
<gc-start id="119" type="scavenge" contextid="118" timestamp="2024-07-17T20:35:47.212">
  <mem-info id="120" free="3808656" total="9830400" percent="38">
    <mem type="nursery" free="0" total="3538944" percent="0">
      <mem type="allocate" free="0" total="2293760" percent="0" />
      <mem type="survivor" free="0" total="1245184" percent="0" />
    </mem>
    <mem type="tenure" free="3808656" total="6291456" percent="60">
      <mem type="soa" free="3493264" total="5976064" percent="58" />
      <mem type="loa" free="315392" total="315392" percent="100" />
    </mem>
    <remembered-set count="3470" />
  </mem-info>
</gc-start>
<allocation-stats totalBytes="2388920" discardedBytes="2648" >
  <allocated-bytes non-tlh="284880" tlh="2104040" />
  <largest-consumer threadName="main" threadId="000000000001E500" bytes="2388920" />
</allocation-stats>
<gc-op id="121" type="scavenge" timems="1.447" contextid="118" timestamp="2024-07-17T20:35:47.214">
  <scavenger-info tenureage="3" tenuremask="fff8" tiltratio="64" />
  <memory-copied type="nursery" objects="14287" bytes="665064" bytesdiscarded="53384" />
  <finalization candidates="467" enqueued="299" />
  <ownableSynchronizers candidates="4" cleared="0" />
  <references type="soft" candidates="1301" cleared="0" enqueued="0" dynamicThreshold="32" maxThreshold="32" />
  <references type="weak" candidates="630" cleared="412" enqueued="412" />
  <references type="phantom" candidates="50" cleared="36" enqueued="36" />
  <object-monitors candidates="4" cleared="0"  />
</gc-op>
<gc-end id="122" type="scavenge" contextid="118" durationms="2.399" usertimems="2.458" systemtimems="0.526" stalltimems="0.165" timestamp="2024-07-17T20:35:47.215" activeThreads="2">
  <mem-info id="123" free="5382864" total="9830400" percent="54">
    <mem type="nursery" free="1574208" total="3538944" percent="44">
      <mem type="allocate" free="1574208" total="2293760" percent="68" />
      <mem type="survivor" free="0" total="1245184" percent="0" />
    </mem>
    <mem type="tenure" free="3808656" total="6291456" percent="60">
      <mem type="soa" free="3493264" total="5976064" percent="58" />
      <mem type="loa" free="315392" total="315392" percent="100" />
    </mem>
    <pending-finalizers system="299" default="0" reference="448" classloader="0" />
    <remembered-set count="3424" />
  </mem-info>
</gc-end>
<cycle-end id="124" type="scavenge" contextid="118" timestamp="2024-07-17T20:35:47.215" />
<allocation-satisfied id="125" threadId="000000000001E500" bytesRequested="16392" />
<af-end id="126" timestamp="2024-07-17T20:35:47.216" threadId="000000000001EF38" success="true" from="nursery"/>
<exclusive-end id="127" timestamp="2024-07-17T20:35:47.216" durationms="4.716" />

<exclusive-start id="128" timestamp="2024-07-17T20:35:47.262" intervalms="50.784">
  <response-info timems="0.037" idlems="0.037" threads="0" lastid="000000000001E500" lastname="main" />
</exclusive-start>
<af-start id="129" threadId="000000000001EF38" totalBytesRequested="16" timestamp="2024-07-17T20:35:47.263" intervalms="50.817" type="nursery" />
<cycle-start id="130" type="scavenge" contextid="0" timestamp="2024-07-17T20:35:47.263" intervalms="50.844" />
<gc-start id="131" type="scavenge" contextid="130" timestamp="2024-07-17T20:35:47.263">
  <mem-info id="132" free="3750544" total="9830400" percent="38">
    <mem type="nursery" free="0" total="3538944" percent="0">
      <mem type="allocate" free="0" total="2293760" percent="0" />
      <mem type="survivor" free="0" total="1245184" percent="0" />
    </mem>
    <mem type="tenure" free="3750544" total="6291456" percent="59">
      <mem type="soa" free="3435152" total="5976064" percent="57" />
      <mem type="loa" free="315392" total="315392" percent="100" />
    </mem>
    <remembered-set count="4415" />
  </mem-info>
</gc-start>
<allocation-stats totalBytes="1631768" discardedBytes="552" >
  <allocated-bytes non-tlh="168120" tlh="1463648" />
  <largest-consumer threadName="main" threadId="000000000001E500" bytes="1627672" />
</allocation-stats>
<gc-op id="133" type="scavenge" timems="2.700" contextid="130" timestamp="2024-07-17T20:35:47.267">
  <scavenger-info tenureage="3" tenuremask="fff8" tiltratio="64" />
  <memory-copied type="nursery" objects="26000" bytes="1088712" bytesdiscarded="26048" />
  <memory-copied type="tenure" objects="25" bytes="888" bytesdiscarded="0" />
  <finalization candidates="204" enqueued="19" />
  <ownableSynchronizers candidates="9" cleared="0" />
  <references type="soft" candidates="4299" cleared="0" enqueued="0" dynamicThreshold="32" maxThreshold="32" />
  <references type="weak" candidates="446" cleared="199" enqueued="199" />
  <references type="phantom" candidates="23" cleared="8" enqueued="8" />
  <object-monitors candidates="5" cleared="0"  />
</gc-op>
<heap-resize id="134" type="expand" space="nursery" amount="262144" count="1" timems="0.024" reason="excessive time being spent scavenging" timestamp="2024-07-17T20:35:47.267" />
<gc-end id="135" type="scavenge" contextid="130" durationms="3.906" usertimems="4.827" systemtimems="0.000" stalltimems="0.726" timestamp="2024-07-17T20:35:47.267" activeThreads="2">
  <mem-info id="136" free="4600904" total="10092544" percent="45">
    <mem type="nursery" free="850360" total="3801088" percent="22">
      <mem type="allocate" free="850360" total="1966080" percent="43" />
      <mem type="survivor" free="0" total="1835008" percent="0" />
    </mem>
    <mem type="tenure" free="3750544" total="6291456" percent="59">
      <mem type="soa" free="3435152" total="5976064" percent="57" />
      <mem type="loa" free="315392" total="315392" percent="100" />
    </mem>
    <pending-finalizers system="19" default="0" reference="207" classloader="0" />
    <remembered-set count="3663" />
  </mem-info>
</gc-end>
<cycle-end id="137" type="scavenge" contextid="130" timestamp="2024-07-17T20:35:47.267" />
<allocation-satisfied id="138" threadId="000000000001E500" bytesRequested="16" />
<af-end id="139" timestamp="2024-07-17T20:35:47.268" threadId="000000000001EF38" success="true" from="nursery"/>
<exclusive-end id="140" timestamp="2024-07-17T20:35:47.268" durationms="6.117" />

<exclusive-start id="141" timestamp="2024-07-17T20:35:47.301" intervalms="39.261">
  <response-info timems="0.041" idlems="0.022" threads="1" lastid="0000000000022100" lastname="JIT Compilation Thread-000" />
</exclusive-start>
<af-start id="142" threadId="000000000001EF38" totalBytesRequested="56" timestamp="2024-07-17T20:35:47.302" intervalms="39.161" type="nursery" />
<cycle-start id="143" type="scavenge" contextid="0" timestamp="2024-07-17T20:35:47.302" intervalms="39.075" />
<gc-start id="144" type="scavenge" contextid="143" timestamp="2024-07-17T20:35:47.302">
  <mem-info id="145" free="3692576" total="10092544" percent="36">
    <mem type="nursery" free="0" total="3801088" percent="0">
      <mem type="allocate" free="0" total="1966080" percent="0" />
      <mem type="survivor" free="0" total="1835008" percent="0" />
    </mem>
    <mem type="tenure" free="3692576" total="6291456" percent="58">
      <mem type="soa" free="3377184" total="5976064" percent="56" />
      <mem type="loa" free="315392" total="315392" percent="100" />
    </mem>
    <remembered-set count="4476" />
  </mem-info>
</gc-start>
<allocation-stats totalBytes="907816" discardedBytes="512" >
  <allocated-bytes non-tlh="57984" tlh="849832" />
  <largest-consumer threadName="main" threadId="000000000001E500" bytes="907816" />
</allocation-stats>
<gc-op id="146" type="scavenge" timems="2.442" contextid="143" timestamp="2024-07-17T20:35:47.305">
  <scavenger-info tenureage="2" tenuremask="7ffc" tiltratio="51" />
  <memory-copied type="nursery" objects="16618" bytes="585296" bytesdiscarded="77280" />
  <memory-copied type="tenure" objects="12682" bytes="607232" bytesdiscarded="48" />
  <finalization candidates="274" enqueued="58" />
  <ownableSynchronizers candidates="12" cleared="0" />
  <references type="soft" candidates="3064" cleared="0" enqueued="0" dynamicThreshold="32" maxThreshold="32" />
  <references type="weak" candidates="279" cleared="220" enqueued="220" />
  <references type="phantom" candidates="17" cleared="15" enqueued="15" />
  <object-monitors candidates="5" cleared="0"  />
</gc-op>
<heap-resize id="147" type="expand" space="nursery" amount="262144" count="1" timems="0.024" reason="excessive time being spent scavenging" timestamp="2024-07-17T20:35:47.306" />
<gc-end id="148" type="scavenge" contextid="143" durationms="3.599" usertimems="5.978" systemtimems="0.000" stalltimems="1.267" timestamp="2024-07-17T20:35:47.306" activeThreads="3">
  <mem-info id="149" free="4676496" total="10354688" percent="45">
    <mem type="nursery" free="1630600" total="4063232" percent="40">
      <mem type="allocate" free="1630600" total="2293760" percent="71" />
      <mem type="survivor" free="0" total="1769472" percent="0" />
    </mem>
    <mem type="tenure" free="3045896" total="6291456" percent="48">
      <mem type="soa" free="2730504" total="5976064" percent="45" />
      <mem type="loa" free="315392" total="315392" percent="100" />
    </mem>
    <pending-finalizers system="58" default="0" reference="235" classloader="0" />
    <remembered-set count="1964" />
  </mem-info>
</gc-end>
<cycle-end id="150" type="scavenge" contextid="143" timestamp="2024-07-17T20:35:47.306" />
<allocation-satisfied id="151" threadId="000000000001E500" bytesRequested="56" />
<af-end id="152" timestamp="2024-07-17T20:35:47.307" threadId="000000000001EF38" success="true" from="nursery"/>
<exclusive-end id="153" timestamp="2024-07-17T20:35:47.307" durationms="5.623" />

<exclusive-start id="154" timestamp="2024-07-17T20:35:47.354" intervalms="52.971">
  <response-info timems="0.031" idlems="0.031" threads="0" lastid="000000000001E500" lastname="main" />
</exclusive-start>
<af-start id="155" threadId="000000000001EF38" totalBytesRequested="72" timestamp="2024-07-17T20:35:47.355" intervalms="53.100" type="nursery" />
<cycle-start id="156" type="scavenge" contextid="0" timestamp="2024-07-17T20:35:47.355" intervalms="53.126" />
<gc-start id="157" type="scavenge" contextid="156" timestamp="2024-07-17T20:35:47.356">
  <mem-info id="158" free="2993464" total="10354688" percent="28">
    <mem type="nursery" free="0" total="4063232" percent="0">
      <mem type="allocate" free="0" total="2293760" percent="0" />
      <mem type="survivor" free="0" total="1769472" percent="0" />
    </mem>
    <mem type="tenure" free="2993464" total="6291456" percent="47">
      <mem type="soa" free="2678072" total="5976064" percent="44" />
      <mem type="loa" free="315392" total="315392" percent="100" />
    </mem>
    <remembered-set count="2622" />
  </mem-info>
</gc-start>
<allocation-stats totalBytes="1681568" discardedBytes="1464" >
  <allocated-bytes non-tlh="52488" tlh="1629080" />
  <largest-consumer threadName="main" threadId="000000000001E500" bytes="1681568" />
</allocation-stats>
<gc-op id="159" type="scavenge" timems="2.512" contextid="156" timestamp="2024-07-17T20:35:47.359">
  <scavenger-info tenureage="2" tenuremask="7ffc" tiltratio="56" />
  <memory-copied type="nursery" objects="14331" bytes="496368" bytesdiscarded="153064" />
  <memory-copied type="tenure" objects="12578" bytes="457440" bytesdiscarded="584" />
  <finalization candidates="132" enqueued="57" />
  <ownableSynchronizers candidates="19" cleared="2" />
  <references type="soft" candidates="81" cleared="0" enqueued="0" dynamicThreshold="32" maxThreshold="32" />
  <references type="weak" candidates="332" cleared="267" enqueued="267" />
  <references type="phantom" candidates="7" cleared="5" enqueued="5" />
  <object-monitors candidates="5" cleared="0"  />
</gc-op>
<gc-end id="160" type="scavenge" contextid="156" durationms="3.729" usertimems="4.986" systemtimems="0.876" stalltimems="1.505" timestamp="2024-07-17T20:35:47.359" activeThreads="3">
  <mem-info id="161" free="4469944" total="10354688" percent="43">
    <mem type="nursery" free="1971632" total="4063232" percent="48">
      <mem type="allocate" free="1971632" total="2621440" percent="75" />
      <mem type="survivor" free="0" total="1441792" percent="0" />
    </mem>
    <mem type="tenure" free="2498312" total="6291456" percent="39">
      <mem type="soa" free="2182920" total="5976064" percent="36" />
      <mem type="loa" free="315392" total="315392" percent="100" />
    </mem>
    <pending-finalizers system="57" default="0" reference="272" classloader="0" />
    <remembered-set count="1590" />
  </mem-info>
</gc-end>
<cycle-end id="162" type="scavenge" contextid="156" timestamp="2024-07-17T20:35:47.360" />
<allocation-satisfied id="163" threadId="000000000001E500" bytesRequested="72" />
<af-end id="164" timestamp="2024-07-17T20:35:47.360" threadId="000000000001EF38" success="true" from="nursery"/>
<exclusive-end id="165" timestamp="2024-07-17T20:35:47.361" durationms="6.323" />

<exclusive-start id="166" timestamp="2024-07-17T20:35:47.407" intervalms="52.848">
  <response-info timems="0.037" idlems="0.037" threads="0" lastid="000000000001E500" lastname="main" />
</exclusive-start>
<af-start id="167" threadId="000000000001EF38" totalBytesRequested="4400" timestamp="2024-07-17T20:35:47.408" intervalms="52.692" type="nursery" />
<cycle-start id="168" type="scavenge" contextid="0" timestamp="2024-07-17T20:35:47.408" intervalms="52.632" />
<gc-start id="169" type="scavenge" contextid="168" timestamp="2024-07-17T20:35:47.408">
  <mem-info id="170" free="2432064" total="10354688" percent="23">
    <mem type="nursery" free="0" total="4063232" percent="0">
      <mem type="allocate" free="0" total="2621440" percent="0" />
      <mem type="survivor" free="0" total="1441792" percent="0" />
    </mem>
    <mem type="tenure" free="2432064" total="6291456" percent="38">
      <mem type="soa" free="2116672" total="5976064" percent="35" />
      <mem type="loa" free="315392" total="315392" percent="100" />
    </mem>
    <remembered-set count="2474" />
  </mem-info>
</gc-start>
<allocation-stats totalBytes="2027848" discardedBytes="10032" >
  <allocated-bytes non-tlh="105008" tlh="1922840" />
  <largest-consumer threadName="main" threadId="000000000001E500" bytes="1816208" />
</allocation-stats>
<gc-op id="171" type="scavenge" timems="1.521" contextid="168" timestamp="2024-07-17T20:35:47.410">
  <scavenger-info tenureage="2" tenuremask="7ffc" tiltratio="64" />
  <memory-copied type="nursery" objects="17803" bytes="625176" bytesdiscarded="32920" />
  <memory-copied type="tenure" objects="3080" bytes="94520" bytesdiscarded="8" />
  <finalization candidates="190" enqueued="87" />
  <ownableSynchronizers candidates="23" cleared="1" />
  <references type="soft" candidates="76" cleared="0" enqueued="0" dynamicThreshold="32" maxThreshold="32" />
  <references type="weak" candidates="411" cleared="286" enqueued="286" />
  <references type="phantom" candidates="16" cleared="11" enqueued="11" />
  <object-monitors candidates="5" cleared="0"  />
</gc-op>
<gc-end id="172" type="scavenge" contextid="168" durationms="2.078" usertimems="3.029" systemtimems="0.480" stalltimems="1.098" timestamp="2024-07-17T20:35:47.410" activeThreads="3">
  <mem-info id="173" free="4418112" total="10354688" percent="42">
    <mem type="nursery" free="2093312" total="4063232" percent="51">
      <mem type="allocate" free="2093312" total="2752512" percent="76" />
      <mem type="survivor" free="0" total="1310720" percent="0" />
    </mem>
    <mem type="tenure" free="2324800" total="6291456" percent="36">
      <mem type="soa" free="2009408" total="5976064" percent="33" />
      <mem type="loa" free="315392" total="315392" percent="100" />
    </mem>
    <pending-finalizers system="87" default="0" reference="297" classloader="0" />
    <remembered-set count="1671" />
  </mem-info>
</gc-end>
<cycle-end id="174" type="scavenge" contextid="168" timestamp="2024-07-17T20:35:47.410" />
<allocation-satisfied id="175" threadId="000000000001E500" bytesRequested="4400" />
<af-end id="176" timestamp="2024-07-17T20:35:47.411" threadId="000000000001EF38" success="true" from="nursery"/>
<exclusive-end id="177" timestamp="2024-07-17T20:35:47.411" durationms="3.586" />

<exclusive-start id="178" timestamp="2024-07-17T20:35:47.473" intervalms="65.642">
  <response-info timems="0.031" idlems="0.031" threads="0" lastid="000000000001E500" lastname="main" />
</exclusive-start>
<af-start id="179" threadId="000000000001EF38" totalBytesRequested="1032" timestamp="2024-07-17T20:35:47.473" intervalms="65.710" type="nursery" />
<cycle-start id="180" type="scavenge" contextid="0" timestamp="2024-07-17T20:35:47.474" intervalms="65.760" />
<gc-start id="181" type="scavenge" contextid="180" timestamp="2024-07-17T20:35:47.474">
  <mem-info id="182" free="2324000" total="10354688" percent="22">
    <mem type="nursery" free="0" total="4063232" percent="0">
      <mem type="allocate" free="0" total="2752512" percent="0" />
      <mem type="survivor" free="0" total="1310720" percent="0" />
    </mem>
    <mem type="tenure" free="2324000" total="6291456" percent="36">
      <mem type="soa" free="2008608" total="5976064" percent="33" />
      <mem type="loa" free="315392" total="315392" percent="100" />
    </mem>
    <remembered-set count="1701" />
  </mem-info>
</gc-start>
<allocation-stats totalBytes="2062696" discardedBytes="31416" >
  <allocated-bytes non-tlh="326632" tlh="1736064" />
  <largest-consumer threadName="main" threadId="000000000001E500" bytes="2062696" />
</allocation-stats>
<gc-op id="183" type="scavenge" timems="2.413" contextid="180" timestamp="2024-07-17T20:35:47.477">
  <scavenger-info tenureage="2" tenuremask="7ffc" tiltratio="67" />
  <memory-copied type="nursery" objects="8193" bytes="348648" bytesdiscarded="60896" />
  <memory-copied type="tenure" objects="9902" bytes="291760" bytesdiscarded="64" />
  <finalization candidates="72" enqueued="0" />
  <ownableSynchronizers candidates="19" cleared="0" />
  <references type="soft" candidates="59" cleared="0" enqueued="0" dynamicThreshold="32" maxThreshold="32" />
  <references type="weak" candidates="89" cleared="0" enqueued="0" />
  <references type="phantom" candidates="3" cleared="0" enqueued="0" />
  <object-monitors candidates="5" cleared="0"  />
</gc-op>
<gc-end id="184" type="scavenge" contextid="180" durationms="3.692" usertimems="4.702" systemtimems="0.774" stalltimems="2.035" timestamp="2024-07-17T20:35:47.478" activeThreads="3">
  <mem-info id="185" free="4593176" total="10354688" percent="44">
    <mem type="nursery" free="2473464" total="4063232" percent="60">
      <mem type="allocate" free="2473464" total="2883584" percent="85" />
      <mem type="survivor" free="0" total="1179648" percent="0" />
    </mem>
    <mem type="tenure" free="2119712" total="6291456" percent="33">
      <mem type="soa" free="1804320" total="5976064" percent="30" />
      <mem type="loa" free="315392" total="315392" percent="100" />
    </mem>
    <remembered-set count="1032" />
  </mem-info>
</gc-end>
<cycle-end id="186" type="scavenge" contextid="180" timestamp="2024-07-17T20:35:47.478" />
<allocation-satisfied id="187" threadId="000000000001E500" bytesRequested="1032" />
<af-end id="188" timestamp="2024-07-17T20:35:47.479" threadId="000000000001EF38" success="true" from="nursery"/>
<exclusive-end id="189" timestamp="2024-07-17T20:35:47.479" durationms="6.000" />

<exclusive-start id="190" timestamp="2024-07-17T20:35:47.525" intervalms="51.780">
  <response-info timems="0.064" idlems="0.064" threads="0" lastid="000000000001E500" lastname="main" />
</exclusive-start>
<af-start id="191" threadId="000000000001EF38" totalBytesRequested="8200" timestamp="2024-07-17T20:35:47.525" intervalms="51.764" type="nursery" />
<cycle-start id="192" type="scavenge" contextid="0" timestamp="2024-07-17T20:35:47.525" intervalms="51.779" />
<gc-start id="193" type="scavenge" contextid="192" timestamp="2024-07-17T20:35:47.526">
  <mem-info id="194" free="2119560" total="10354688" percent="20">
    <mem type="nursery" free="0" total="4063232" percent="0">
      <mem type="allocate" free="0" total="2883584" percent="0" />
      <mem type="survivor" free="0" total="1179648" percent="0" />
    </mem>
    <mem type="tenure" free="2119560" total="6291456" percent="33">
      <mem type="soa" free="1804168" total="5976064" percent="30" />
      <mem type="loa" free="315392" total="315392" percent="100" />
    </mem>
    <remembered-set count="1044" />
  </mem-info>
</gc-start>
<allocation-stats totalBytes="2405312" discardedBytes="68304" >
  <allocated-bytes non-tlh="561168" tlh="1844144" />
  <largest-consumer threadName="main" threadId="000000000001E500" bytes="2405312" />
</allocation-stats>
<gc-op id="195" type="scavenge" timems="1.808" contextid="192" timestamp="2024-07-17T20:35:47.528">
  <scavenger-info tenureage="2" tenuremask="7ffc" tiltratio="70" />
  <memory-copied type="nursery" objects="809" bytes="35760" bytesdiscarded="69696" />
  <memory-copied type="tenure" objects="7611" bytes="288280" bytesdiscarded="248" />
  <finalization candidates="45" enqueued="0" />
  <ownableSynchronizers candidates="11" cleared="0" />
  <references type="phantom" candidates="3" cleared="0" enqueued="0" />
  <object-monitors candidates="5" cleared="0"  />
</gc-op>
<heap-resize id="196" type="expand" space="nursery" amount="262144" count="1" timems="0.028" reason="excessive time being spent scavenging" timestamp="2024-07-17T20:35:47.529" />
<gc-end id="197" type="scavenge" contextid="192" durationms="3.132" usertimems="3.674" systemtimems="0.105" stalltimems="1.693" timestamp="2024-07-17T20:35:47.529" activeThreads="3">
  <mem-info id="198" free="4944520" total="10616832" percent="46">
    <mem type="nursery" free="3105792" total="4325376" percent="71">
      <mem type="allocate" free="3105792" total="3211264" percent="96" />
      <mem type="survivor" free="0" total="1114112" percent="0" />
    </mem>
    <mem type="tenure" free="1838728" total="6291456" percent="29">
      <mem type="soa" free="1523336" total="5976064" percent="25" />
      <mem type="loa" free="315392" total="315392" percent="100" />
    </mem>
    <remembered-set count="144" />
  </mem-info>
</gc-end>
<cycle-end id="199" type="scavenge" contextid="192" timestamp="2024-07-17T20:35:47.529" />
<allocation-satisfied id="200" threadId="000000000001E500" bytesRequested="8200" />
<af-end id="201" timestamp="2024-07-17T20:35:47.530" threadId="000000000001EF38" success="true" from="nursery"/>
<exclusive-end id="202" timestamp="2024-07-17T20:35:47.530" durationms="5.646" />

<exclusive-start id="203" timestamp="2024-07-17T20:35:47.585" intervalms="60.574">
  <response-info timems="0.060" idlems="0.060" threads="0" lastid="000000000001E500" lastname="main" />
</exclusive-start>
<af-start id="204" threadId="000000000001EF38" totalBytesRequested="146912" timestamp="2024-07-17T20:35:47.585" intervalms="60.428" type="nursery" />
<cycle-start id="205" type="scavenge" contextid="0" timestamp="2024-07-17T20:35:47.586" intervalms="60.253" />
<gc-start id="206" type="scavenge" contextid="205" timestamp="2024-07-17T20:35:47.586">
  <mem-info id="207" free="1910456" total="10616832" percent="17">
    <mem type="nursery" free="72128" total="4325376" percent="1">
      <mem type="allocate" free="72128" total="3211264" percent="2" />
      <mem type="survivor" free="0" total="1114112" percent="0" />
    </mem>
    <mem type="tenure" free="1838328" total="6291456" percent="29">
      <mem type="soa" free="1522936" total="5976064" percent="25" />
      <mem type="loa" free="315392" total="315392" percent="100" />
    </mem>
    <remembered-set count="226" />
  </mem-info>
</gc-start>
<allocation-stats totalBytes="3009288" discardedBytes="24776" >
  <allocated-bytes non-tlh="420792" tlh="2588496" />
  <largest-consumer threadName="main" threadId="000000000001E500" bytes="3009288" />
</allocation-stats>
<gc-op id="208" type="scavenge" timems="0.608" contextid="205" timestamp="2024-07-17T20:35:47.587">
  <scavenger-info tenureage="3" tenuremask="7ff8" tiltratio="74" />
  <memory-copied type="nursery" objects="1427" bytes="49544" bytesdiscarded="25200" />
  <references type="phantom" candidates="2" cleared="0" enqueued="0" />
  <object-monitors candidates="5" cleared="0"  />
</gc-op>
<gc-end id="209" type="scavenge" contextid="205" durationms="1.069" usertimems="1.004" systemtimems="0.000" stalltimems="0.861" timestamp="2024-07-17T20:35:47.587" activeThreads="3">
  <mem-info id="210" free="5236984" total="10616832" percent="49">
    <mem type="nursery" free="3398656" total="4325376" percent="78">
      <mem type="allocate" free="3398656" total="3473408" percent="97" />
      <mem type="survivor" free="0" total="851968" percent="0" />
    </mem>
    <mem type="tenure" free="1838328" total="6291456" percent="29">
      <mem type="soa" free="1522936" total="5976064" percent="25" />
      <mem type="loa" free="315392" total="315392" percent="100" />
    </mem>
    <remembered-set count="134" />
  </mem-info>
</gc-end>
<cycle-end id="211" type="scavenge" contextid="205" timestamp="2024-07-17T20:35:47.587" />
<allocation-satisfied id="212" threadId="000000000001E500" bytesRequested="146912" />
<af-end id="213" timestamp="2024-07-17T20:35:47.587" threadId="000000000001EF38" success="true" from="nursery"/>
<exclusive-end id="214" timestamp="2024-07-17T20:35:47.587" durationms="2.263" />

<exclusive-start id="215" timestamp="2024-07-17T20:35:47.640" intervalms="54.731">
  <response-info timems="0.033" idlems="0.033" threads="0" lastid="000000000001E500" lastname="main" />
</exclusive-start>
<af-start id="216" threadId="000000000001EF38" totalBytesRequested="5008" timestamp="2024-07-17T20:35:47.640" intervalms="54.770" type="nursery" />
<cycle-start id="217" type="scavenge" contextid="0" timestamp="2024-07-17T20:35:47.640" intervalms="54.826" />
<gc-start id="218" type="scavenge" contextid="217" timestamp="2024-07-17T20:35:47.641">
  <mem-info id="219" free="1837792" total="10616832" percent="17">
    <mem type="nursery" free="0" total="4325376" percent="0">
      <mem type="allocate" free="0" total="3473408" percent="0" />
      <mem type="survivor" free="0" total="851968" percent="0" />
    </mem>
    <mem type="tenure" free="1837792" total="6291456" percent="29">
      <mem type="soa" free="1522400" total="5976064" percent="25" />
      <mem type="loa" free="315392" total="315392" percent="100" />
    </mem>
    <remembered-set count="215" />
  </mem-info>
</gc-start>
<allocation-stats totalBytes="3269304" discardedBytes="129888" >
  <allocated-bytes non-tlh="747072" tlh="2522232" />
  <largest-consumer threadName="main" threadId="000000000001E500" bytes="3269304" />
</allocation-stats>
<gc-op id="220" type="scavenge" timems="0.500" contextid="217" timestamp="2024-07-17T20:35:47.641">
  <scavenger-info tenureage="4" tenuremask="7ff0" tiltratio="80" />
  <memory-copied type="nursery" objects="2050" bytes="79648" bytesdiscarded="13784" />
  <references type="phantom" candidates="3" cleared="0" enqueued="0" />
  <object-monitors candidates="5" cleared="0"  />
</gc-op>
<gc-end id="221" type="scavenge" contextid="217" durationms="1.091" usertimems="0.695" systemtimems="0.000" stalltimems="0.362" timestamp="2024-07-17T20:35:47.642" activeThreads="2">
  <mem-info id="222" free="5348832" total="10616832" percent="50">
    <mem type="nursery" free="3511040" total="4325376" percent="81">
      <mem type="allocate" free="3511040" total="3604480" percent="97" />
      <mem type="survivor" free="0" total="720896" percent="0" />
    </mem>
    <mem type="tenure" free="1837792" total="6291456" percent="29">
      <mem type="soa" free="1522400" total="5976064" percent="25" />
      <mem type="loa" free="315392" total="315392" percent="100" />
    </mem>
    <remembered-set count="139" />
  </mem-info>
</gc-end>
<cycle-end id="223" type="scavenge" contextid="217" timestamp="2024-07-17T20:35:47.642" />
<allocation-satisfied id="224" threadId="000000000001E500" bytesRequested="5008" />
<af-end id="225" timestamp="2024-07-17T20:35:47.642" threadId="000000000001EF38" success="true" from="nursery"/>
<exclusive-end id="226" timestamp="2024-07-17T20:35:47.642" durationms="2.547" />

<exclusive-start id="227" timestamp="2024-07-17T20:35:47.714" intervalms="73.676">
  <response-info timems="0.029" idlems="0.029" threads="0" lastid="000000000001E500" lastname="main" />
</exclusive-start>
<af-start id="228" threadId="000000000001EF38" totalBytesRequested="54608" timestamp="2024-07-17T20:35:47.714" intervalms="73.678" type="nursery" />
<cycle-start id="229" type="scavenge" contextid="0" timestamp="2024-07-17T20:35:47.714" intervalms="73.702" />
<gc-start id="230" type="scavenge" contextid="229" timestamp="2024-07-17T20:35:47.714">
  <mem-info id="231" free="1837472" total="10616832" percent="17">
    <mem type="nursery" free="0" total="4325376" percent="0">
      <mem type="allocate" free="0" total="3604480" percent="0" />
      <mem type="survivor" free="0" total="720896" percent="0" />
    </mem>
    <mem type="tenure" free="1837472" total="6291456" percent="29">
      <mem type="soa" free="1522080" total="5976064" percent="25" />
      <mem type="loa" free="315392" total="315392" percent="100" />
    </mem>
    <remembered-set count="226" />
  </mem-info>
</gc-start>
<allocation-stats totalBytes="3412880" discardedBytes="98480" >
  <allocated-bytes non-tlh="620168" tlh="2792712" />
  <largest-consumer threadName="main" threadId="000000000001E500" bytes="3412880" />
</allocation-stats>
<gc-op id="232" type="scavenge" timems="0.555" contextid="229" timestamp="2024-07-17T20:35:47.715">
  <scavenger-info tenureage="5" tenuremask="ffe0" tiltratio="83" />
  <memory-copied type="nursery" objects="2743" bytes="95816" bytesdiscarded="26544" />
  <references type="phantom" candidates="2" cleared="0" enqueued="0" />
  <object-monitors candidates="5" cleared="0"  />
</gc-op>
<gc-end id="233" type="scavenge" contextid="229" durationms="0.968" usertimems="0.656" systemtimems="0.106" stalltimems="0.373" timestamp="2024-07-17T20:35:47.715" activeThreads="2">
  <mem-info id="234" free="5450656" total="10616832" percent="51">
    <mem type="nursery" free="3613184" total="4325376" percent="83">
      <mem type="allocate" free="3613184" total="3735552" percent="96" />
      <mem type="survivor" free="0" total="589824" percent="0" />
    </mem>
    <mem type="tenure" free="1837472" total="6291456" percent="29">
      <mem type="soa" free="1522080" total="5976064" percent="25" />
      <mem type="loa" free="315392" total="315392" percent="100" />
    </mem>
    <remembered-set count="137" />
  </mem-info>
</gc-end>
<cycle-end id="235" type="scavenge" contextid="229" timestamp="2024-07-17T20:35:47.715" />
<allocation-satisfied id="236" threadId="000000000001E500" bytesRequested="54608" />
<af-end id="237" timestamp="2024-07-17T20:35:47.716" threadId="000000000001EF38" success="true" from="nursery"/>
<exclusive-end id="238" timestamp="2024-07-17T20:35:47.716" durationms="2.249" />

<exclusive-start id="239" timestamp="2024-07-17T20:35:47.785" intervalms="71.052">
  <response-info timems="0.034" idlems="0.034" threads="0" lastid="000000000001E500" lastname="main" />
</exclusive-start>
<af-start id="240" threadId="000000000001EF38" totalBytesRequested="235856" timestamp="2024-07-17T20:35:47.785" intervalms="71.003" type="nursery" />
<cycle-start id="241" type="scavenge" contextid="0" timestamp="2024-07-17T20:35:47.785" intervalms="70.952" />
<gc-start id="242" type="scavenge" contextid="241" timestamp="2024-07-17T20:35:47.785">
  <mem-info id="243" free="1837368" total="10616832" percent="17">
    <mem type="nursery" free="0" total="4325376" percent="0">
      <mem type="allocate" free="0" total="3735552" percent="0" />
      <mem type="survivor" free="0" total="589824" percent="0" />
    </mem>
    <mem type="tenure" free="1837368" total="6291456" percent="29">
      <mem type="soa" free="1521976" total="5976064" percent="25" />
      <mem type="loa" free="315392" total="315392" percent="100" />
    </mem>
    <remembered-set count="218" />
  </mem-info>
</gc-start>
<allocation-stats totalBytes="3544936" discardedBytes="68352" >
  <allocated-bytes non-tlh="646544" tlh="2898392" />
  <largest-consumer threadName="main" threadId="000000000001E500" bytes="3544936" />
</allocation-stats>
<gc-op id="244" type="scavenge" timems="0.600" contextid="241" timestamp="2024-07-17T20:35:47.786">
  <scavenger-info tenureage="3" tenuremask="fff8" tiltratio="86" />
  <memory-copied type="nursery" objects="2049" bytes="72848" bytesdiscarded="30824" />
  <memory-copied type="tenure" objects="1374" bytes="45840" bytesdiscarded="64" />
  <references type="phantom" candidates="2" cleared="0" enqueued="0" />
  <object-monitors candidates="5" cleared="0"  />
</gc-op>
<gc-end id="245" type="scavenge" contextid="241" durationms="1.019" usertimems="0.686" systemtimems="0.111" stalltimems="0.451" timestamp="2024-07-17T20:35:47.786" activeThreads="2">
  <mem-info id="246" free="5497400" total="10616832" percent="51">
    <mem type="nursery" free="3697408" total="4325376" percent="85">
      <mem type="allocate" free="3697408" total="3801088" percent="97" />
      <mem type="survivor" free="0" total="524288" percent="0" />
    </mem>
    <mem type="tenure" free="1799992" total="6291456" percent="28">
      <mem type="soa" free="1484600" total="5976064" percent="24" />
      <mem type="loa" free="315392" total="315392" percent="100" />
    </mem>
    <remembered-set count="196" />
  </mem-info>
</gc-end>
<cycle-end id="247" type="scavenge" contextid="241" timestamp="2024-07-17T20:35:47.786" />
<allocation-satisfied id="248" threadId="000000000001E500" bytesRequested="235856" />
<af-end id="249" timestamp="2024-07-17T20:35:47.787" threadId="000000000001EF38" success="true" from="nursery"/>
<exclusive-end id="250" timestamp="2024-07-17T20:35:47.787" durationms="2.099" />

<exclusive-start id="251" timestamp="2024-07-17T20:35:47.839" intervalms="54.683">
  <response-info timems="0.030" idlems="0.030" threads="0" lastid="000000000001E500" lastname="main" />
</exclusive-start>
<af-start id="252" threadId="000000000001EF38" totalBytesRequested="3096" timestamp="2024-07-17T20:35:47.840" intervalms="54.876" type="nursery" />
<cycle-start id="253" type="scavenge" contextid="0" timestamp="2024-07-17T20:35:47.840" intervalms="55.039" />
<gc-start id="254" type="scavenge" contextid="253" timestamp="2024-07-17T20:35:47.840">
  <mem-info id="255" free="1799992" total="10616832" percent="16">
    <mem type="nursery" free="0" total="4325376" percent="0">
      <mem type="allocate" free="0" total="3801088" percent="0" />
      <mem type="survivor" free="0" total="524288" percent="0" />
    </mem>
    <mem type="tenure" free="1799992" total="6291456" percent="28">
      <mem type="soa" free="1484600" total="5976064" percent="24" />
      <mem type="loa" free="315392" total="315392" percent="100" />
    </mem>
    <remembered-set count="276" />
  </mem-info>
</gc-start>
<allocation-stats totalBytes="3610760" discardedBytes="86648" >
  <allocated-bytes non-tlh="1300304" tlh="2310456" />
  <largest-consumer threadName="main" threadId="000000000001E500" bytes="3610760" />
</allocation-stats>
<gc-op id="256" type="scavenge" timems="0.563" contextid="253" timestamp="2024-07-17T20:35:47.842">
  <scavenger-info tenureage="3" tenuremask="ff88" tiltratio="87" />
  <memory-copied type="nursery" objects="1919" bytes="80960" bytesdiscarded="34744" />
  <memory-copied type="tenure" objects="620" bytes="20760" bytesdiscarded="24" />
  <references type="weak" candidates="1" cleared="0" enqueued="0" />
  <references type="phantom" candidates="4" cleared="0" enqueued="0" />
  <object-monitors candidates="5" cleared="0"  />
</gc-op>
<gc-end id="257" type="scavenge" contextid="253" durationms="1.489" usertimems="0.732" systemtimems="0.126" stalltimems="0.313" timestamp="2024-07-17T20:35:47.842" activeThreads="2">
  <mem-info id="258" free="5482808" total="10616832" percent="51">
    <mem type="nursery" free="3750912" total="4325376" percent="86">
      <mem type="allocate" free="3750912" total="3866624" percent="97" />
      <mem type="survivor" free="0" total="458752" percent="0" />
    </mem>
    <mem type="tenure" free="1731896" total="6291456" percent="27">
      <mem type="soa" free="1416504" total="5976064" percent="23" />
      <mem type="loa" free="315392" total="315392" percent="100" />
    </mem>
    <remembered-set count="195" />
  </mem-info>
</gc-end>
<cycle-end id="259" type="scavenge" contextid="253" timestamp="2024-07-17T20:35:47.842" />
<allocation-satisfied id="260" threadId="000000000001E500" bytesRequested="3096" />
<af-end id="261" timestamp="2024-07-17T20:35:47.843" threadId="000000000001EF38" success="true" from="nursery"/>
<exclusive-end id="262" timestamp="2024-07-17T20:35:47.843" durationms="3.418" />

<exclusive-start id="263" timestamp="2024-07-17T20:35:47.908" intervalms="68.692">
  <response-info timems="0.035" idlems="0.035" threads="0" lastid="000000000001E500" lastname="main" />
</exclusive-start>
<af-start id="264" threadId="000000000001EF38" totalBytesRequested="127288" timestamp="2024-07-17T20:35:47.908" intervalms="68.573" type="nursery" />
<cycle-start id="265" type="scavenge" contextid="0" timestamp="2024-07-17T20:35:47.909" intervalms="68.448" />
<gc-start id="266" type="scavenge" contextid="265" timestamp="2024-07-17T20:35:47.909">
  <mem-info id="267" free="1853568" total="10616832" percent="17">
    <mem type="nursery" free="121672" total="4325376" percent="2">
      <mem type="allocate" free="121672" total="3866624" percent="3" />
      <mem type="survivor" free="0" total="458752" percent="0" />
    </mem>
    <mem type="tenure" free="1731896" total="6291456" percent="27">
      <mem type="soa" free="1416504" total="5976064" percent="23" />
      <mem type="loa" free="315392" total="315392" percent="100" />
    </mem>
    <remembered-set count="298" />
  </mem-info>
</gc-start>
<allocation-stats totalBytes="3566912" discardedBytes="62328" >
  <allocated-bytes non-tlh="532664" tlh="3034248" />
  <largest-consumer threadName="main" threadId="000000000001E500" bytes="3566912" />
</allocation-stats>
<gc-op id="268" type="scavenge" timems="0.626" contextid="265" timestamp="2024-07-17T20:35:47.910">
  <scavenger-info tenureage="5" tenuremask="ffe0" tiltratio="89" />
  <memory-copied type="nursery" objects="2628" bytes="96272" bytesdiscarded="36328" />
  <references type="phantom" candidates="2" cleared="0" enqueued="0" />
  <object-monitors candidates="5" cleared="0"  />
</gc-op>
<gc-end id="269" type="scavenge" contextid="265" durationms="1.453" usertimems="0.820" systemtimems="0.147" stalltimems="0.365" timestamp="2024-07-17T20:35:47.910" activeThreads="2">
  <mem-info id="270" free="5465912" total="10616832" percent="51">
    <mem type="nursery" free="3734016" total="4325376" percent="86">
      <mem type="allocate" free="3734016" total="3866624" percent="96" />
      <mem type="survivor" free="0" total="458752" percent="0" />
    </mem>
    <mem type="tenure" free="1731896" total="6291456" percent="27">
      <mem type="soa" free="1416504" total="5976064" percent="23" />
      <mem type="loa" free="315392" total="315392" percent="100" />
    </mem>
    <remembered-set count="213" />
  </mem-info>
</gc-end>
<cycle-end id="271" type="scavenge" contextid="265" timestamp="2024-07-17T20:35:47.911" />
<allocation-satisfied id="272" threadId="000000000001E500" bytesRequested="127288" />
<af-end id="273" timestamp="2024-07-17T20:35:47.911" threadId="000000000001EF38" success="true" from="nursery"/>
<exclusive-end id="274" timestamp="2024-07-17T20:35:47.911" durationms="3.001" />

<exclusive-start id="275" timestamp="2024-07-17T20:35:47.972" intervalms="63.811">
  <response-info timems="0.032" idlems="0.032" threads="0" lastid="000000000001E500" lastname="main" />
</exclusive-start>
<af-start id="276" threadId="000000000001EF38" totalBytesRequested="8200" timestamp="2024-07-17T20:35:47.972" intervalms="63.895" type="nursery" />
<cycle-start id="277" type="scavenge" contextid="0" timestamp="2024-07-17T20:35:47.973" intervalms="63.970" />
<gc-start id="278" type="scavenge" contextid="277" timestamp="2024-07-17T20:35:47.973">
  <mem-info id="279" free="1731576" total="10616832" percent="16">
    <mem type="nursery" free="0" total="4325376" percent="0">
      <mem type="allocate" free="0" total="3866624" percent="0" />
      <mem type="survivor" free="0" total="458752" percent="0" />
    </mem>
    <mem type="tenure" free="1731576" total="6291456" percent="27">
      <mem type="soa" free="1416184" total="5976064" percent="23" />
      <mem type="loa" free="315392" total="315392" percent="100" />
    </mem>
    <remembered-set count="314" />
  </mem-info>
</gc-start>
<allocation-stats totalBytes="3610680" discardedBytes="123656" >
  <allocated-bytes non-tlh="897280" tlh="2713400" />
  <largest-consumer threadName="main" threadId="000000000001E500" bytes="3610680" />
</allocation-stats>
<gc-op id="280" type="scavenge" timems="0.568" contextid="277" timestamp="2024-07-17T20:35:47.974">
  <scavenger-info tenureage="3" tenuremask="fff8" tiltratio="89" />
  <memory-copied type="nursery" objects="1991" bytes="257392" bytesdiscarded="21960" />
  <memory-copied type="tenure" objects="1374" bytes="46312" bytesdiscarded="24" />
  <references type="phantom" candidates="3" cleared="0" enqueued="0" />
  <object-monitors candidates="5" cleared="0"  />
</gc-op>
<gc-end id="281" type="scavenge" contextid="277" durationms="1.253" usertimems="0.743" systemtimems="0.147" stalltimems="0.262" timestamp="2024-07-17T20:35:47.974" activeThreads="2">
  <mem-info id="282" free="5224368" total="10616832" percent="49">
    <mem type="nursery" free="3521720" total="4325376" percent="81">
      <mem type="allocate" free="3521720" total="3801088" percent="92" />
      <mem type="survivor" free="0" total="524288" percent="0" />
    </mem>
    <mem type="tenure" free="1702648" total="6291456" percent="27">
      <mem type="soa" free="1387256" total="5976064" percent="23" />
      <mem type="loa" free="315392" total="315392" percent="100" />
    </mem>
    <remembered-set count="229" />
  </mem-info>
</gc-end>
<cycle-end id="283" type="scavenge" contextid="277" timestamp="2024-07-17T20:35:47.974" />
<allocation-satisfied id="284" threadId="000000000001E500" bytesRequested="8200" />
<af-end id="285" timestamp="2024-07-17T20:35:47.975" threadId="000000000001EF38" success="true" from="nursery"/>
<exclusive-end id="286" timestamp="2024-07-17T20:35:47.975" durationms="2.915" />

<exclusive-start id="287" timestamp="2024-07-17T20:35:48.037" intervalms="65.159">
  <response-info timems="0.026" idlems="0.026" threads="0" lastid="000000000001E500" lastname="main" />
</exclusive-start>
<af-start id="288" threadId="000000000001EF38" totalBytesRequested="8200" timestamp="2024-07-17T20:35:48.037" intervalms="65.073" type="nursery" />
<cycle-start id="289" type="scavenge" contextid="0" timestamp="2024-07-17T20:35:48.038" intervalms="64.997" />
<gc-start id="290" type="scavenge" contextid="289" timestamp="2024-07-17T20:35:48.038">
  <mem-info id="291" free="1702608" total="10616832" percent="16">
    <mem type="nursery" free="0" total="4325376" percent="0">
      <mem type="allocate" free="0" total="3801088" percent="0" />
      <mem type="survivor" free="0" total="524288" percent="0" />
    </mem>
    <mem type="tenure" free="1702608" total="6291456" percent="27">
      <mem type="soa" free="1387216" total="5976064" percent="23" />
      <mem type="loa" free="315392" total="315392" percent="100" />
    </mem>
    <remembered-set count="332" />
  </mem-info>
</gc-start>
<allocation-stats totalBytes="3469328" discardedBytes="52432" >
  <allocated-bytes non-tlh="470144" tlh="2999184" />
  <largest-consumer threadName="main" threadId="000000000001E500" bytes="3469328" />
</allocation-stats>
<gc-op id="292" type="scavenge" timems="0.530" contextid="289" timestamp="2024-07-17T20:35:48.039">
  <scavenger-info tenureage="3" tenuremask="ffc8" tiltratio="87" />
  <memory-copied type="nursery" objects="2129" bytes="174824" bytesdiscarded="56304" />
  <memory-copied type="tenure" objects="507" bytes="24600" bytesdiscarded="24" />
  <references type="phantom" candidates="3" cleared="0" enqueued="0" />
  <object-monitors candidates="5" cleared="0"  />
</gc-op>
<gc-end id="293" type="scavenge" contextid="289" durationms="1.085" usertimems="0.857" systemtimems="0.000" stalltimems="0.201" timestamp="2024-07-17T20:35:48.039" activeThreads="2">
  <mem-info id="294" free="5224928" total="10616832" percent="49">
    <mem type="nursery" free="3635480" total="4325376" percent="84">
      <mem type="allocate" free="3635480" total="3866624" percent="94" />
      <mem type="survivor" free="0" total="458752" percent="0" />
    </mem>
    <mem type="tenure" free="1589448" total="6291456" percent="25">
      <mem type="soa" free="1274056" total="5976064" percent="21" />
      <mem type="loa" free="315392" total="315392" percent="100" />
    </mem>
    <remembered-set count="246" />
  </mem-info>
</gc-end>
<cycle-end id="295" type="scavenge" contextid="289" timestamp="2024-07-17T20:35:48.039" />
<allocation-satisfied id="296" threadId="000000000001E500" bytesRequested="8200" />
<af-end id="297" timestamp="2024-07-17T20:35:48.039" threadId="000000000001EF38" success="true" from="nursery"/>
<exclusive-end id="298" timestamp="2024-07-17T20:35:48.040" durationms="2.482" />

<exclusive-start id="299" timestamp="2024-07-17T20:35:48.098" intervalms="60.963">
  <response-info timems="0.025" idlems="0.025" threads="0" lastid="000000000001E500" lastname="main" />
</exclusive-start>
<af-start id="300" threadId="000000000001EF38" totalBytesRequested="8200" timestamp="2024-07-17T20:35:48.098" intervalms="60.981" type="nursery" />
<cycle-start id="301" type="scavenge" contextid="0" timestamp="2024-07-17T20:35:48.099" intervalms="61.006" />
<gc-start id="302" type="scavenge" contextid="301" timestamp="2024-07-17T20:35:48.099">
  <mem-info id="303" free="1589304" total="10616832" percent="14">
    <mem type="nursery" free="0" total="4325376" percent="0">
      <mem type="allocate" free="0" total="3866624" percent="0" />
      <mem type="survivor" free="0" total="458752" percent="0" />
    </mem>
    <mem type="tenure" free="1589304" total="6291456" percent="25">
      <mem type="soa" free="1273912" total="5976064" percent="21" />
      <mem type="loa" free="315392" total="315392" percent="100" />
    </mem>
    <remembered-set count="352" />
  </mem-info>
</gc-start>
<allocation-stats totalBytes="3601856" discardedBytes="33768" >
  <allocated-bytes non-tlh="788040" tlh="2813816" />
  <largest-consumer threadName="main" threadId="000000000001E500" bytes="3601856" />
</allocation-stats>
<gc-op id="304" type="scavenge" timems="0.486" contextid="301" timestamp="2024-07-17T20:35:48.100">
  <scavenger-info tenureage="3" tenuremask="ffe8" tiltratio="89" />
  <memory-copied type="nursery" objects="2003" bytes="204072" bytesdiscarded="32488" />
  <memory-copied type="tenure" objects="726" bytes="24464" bytesdiscarded="16" />
  <references type="phantom" candidates="3" cleared="0" enqueued="0" />
  <object-monitors candidates="5" cleared="0"  />
</gc-op>
<gc-end id="305" type="scavenge" contextid="301" durationms="1.190" usertimems="0.658" systemtimems="0.133" stalltimems="0.227" timestamp="2024-07-17T20:35:48.100" activeThreads="2">
  <mem-info id="306" free="5190424" total="10616832" percent="48">
    <mem type="nursery" free="3630048" total="4325376" percent="83">
      <mem type="allocate" free="3630048" total="3866624" percent="93" />
      <mem type="survivor" free="0" total="458752" percent="0" />
    </mem>
    <mem type="tenure" free="1560376" total="6291456" percent="24">
      <mem type="soa" free="1244984" total="5976064" percent="20" />
      <mem type="loa" free="315392" total="315392" percent="100" />
    </mem>
    <remembered-set count="254" />
  </mem-info>
</gc-end>
<cycle-end id="307" type="scavenge" contextid="301" timestamp="2024-07-17T20:35:48.100" />
<allocation-satisfied id="308" threadId="000000000001E500" bytesRequested="8200" />
<af-end id="309" timestamp="2024-07-17T20:35:48.101" threadId="000000000001EF38" success="true" from="nursery"/>
<exclusive-end id="310" timestamp="2024-07-17T20:35:48.101" durationms="2.782" />

<exclusive-start id="311" timestamp="2024-07-17T20:35:48.162" intervalms="63.773">
  <response-info timems="0.029" idlems="0.029" threads="0" lastid="000000000001E500" lastname="main" />
</exclusive-start>
<af-start id="312" threadId="000000000001EF38" totalBytesRequested="16392" timestamp="2024-07-17T20:35:48.162" intervalms="63.752" type="nursery" />
<cycle-start id="313" type="scavenge" contextid="0" timestamp="2024-07-17T20:35:48.162" intervalms="63.740" />
<gc-start id="314" type="scavenge" contextid="313" timestamp="2024-07-17T20:35:48.162">
  <mem-info id="315" free="1560312" total="10616832" percent="14">
    <mem type="nursery" free="0" total="4325376" percent="0">
      <mem type="allocate" free="0" total="3866624" percent="0" />
      <mem type="survivor" free="0" total="458752" percent="0" />
    </mem>
    <mem type="tenure" free="1560312" total="6291456" percent="24">
      <mem type="soa" free="1244920" total="5976064" percent="20" />
      <mem type="loa" free="315392" total="315392" percent="100" />
    </mem>
    <remembered-set count="374" />
  </mem-info>
</gc-start>
<allocation-stats totalBytes="3534592" discardedBytes="95520" >
  <allocated-bytes non-tlh="468088" tlh="3066504" />
  <largest-consumer threadName="main" threadId="000000000001E500" bytes="3534592" />
</allocation-stats>
<gc-op id="316" type="scavenge" timems="0.518" contextid="313" timestamp="2024-07-17T20:35:48.163">
  <scavenger-info tenureage="3" tenuremask="ffe8" tiltratio="89" />
  <memory-copied type="nursery" objects="2124" bytes="255512" bytesdiscarded="33376" />
  <memory-copied type="tenure" objects="642" bytes="21584" bytesdiscarded="0" />
  <references type="phantom" candidates="3" cleared="0" enqueued="0" />
  <object-monitors candidates="5" cleared="0"  />
</gc-op>
<gc-end id="317" type="scavenge" contextid="313" durationms="1.120" usertimems="0.895" systemtimems="0.000" stalltimems="0.184" timestamp="2024-07-17T20:35:48.164" activeThreads="2">
  <mem-info id="318" free="5138032" total="10616832" percent="48">
    <mem type="nursery" free="3577720" total="4325376" percent="82">
      <mem type="allocate" free="3577720" total="3866624" percent="92" />
      <mem type="survivor" free="0" total="458752" percent="0" />
    </mem>
    <mem type="tenure" free="1560312" total="6291456" percent="24">
      <mem type="soa" free="1244920" total="5976064" percent="20" />
      <mem type="loa" free="315392" total="315392" percent="100" />
    </mem>
    <remembered-set count="264" />
  </mem-info>
</gc-end>
<cycle-end id="319" type="scavenge" contextid="313" timestamp="2024-07-17T20:35:48.164" />
<allocation-satisfied id="320" threadId="000000000001E500" bytesRequested="16392" />
<af-end id="321" timestamp="2024-07-17T20:35:48.164" threadId="000000000001EF38" success="true" from="nursery"/>
<exclusive-end id="322" timestamp="2024-07-17T20:35:48.164" durationms="2.550" />

<exclusive-start id="323" timestamp="2024-07-17T20:35:48.219" intervalms="57.480">
  <response-info timems="0.025" idlems="0.025" threads="0" lastid="000000000001E500" lastname="main" />
</exclusive-start>
<af-start id="324" threadId="000000000001EF38" totalBytesRequested="123016" timestamp="2024-07-17T20:35:48.220" intervalms="57.531" type="nursery" />
<cycle-start id="325" type="scavenge" contextid="0" timestamp="2024-07-17T20:35:48.220" intervalms="57.562" />
<gc-start id="326" type="scavenge" contextid="325" timestamp="2024-07-17T20:35:48.220">
  <mem-info id="327" free="1598928" total="10616832" percent="15">
    <mem type="nursery" free="38776" total="4325376" percent="0">
      <mem type="allocate" free="38776" total="3866624" percent="1" />
      <mem type="survivor" free="0" total="458752" percent="0" />
    </mem>
    <mem type="tenure" free="1560152" total="6291456" percent="24">
      <mem type="soa" free="1244760" total="5976064" percent="20" />
      <mem type="loa" free="315392" total="315392" percent="100" />
    </mem>
    <remembered-set count="449" />
  </mem-info>
</gc-start>
<allocation-stats totalBytes="3465280" discardedBytes="73824" >
  <allocated-bytes non-tlh="799200" tlh="2666080" />
  <largest-consumer threadName="main" threadId="000000000001E500" bytes="3465280" />
</allocation-stats>
<gc-op id="328" type="scavenge" timems="0.547" contextid="325" timestamp="2024-07-17T20:35:48.221">
  <scavenger-info tenureage="3" tenuremask="6008" tiltratio="89" />
  <memory-copied type="nursery" objects="2035" bytes="83408" bytesdiscarded="81456" />
  <memory-copied type="tenure" objects="704" bytes="23704" bytesdiscarded="32" />
  <references type="phantom" candidates="2" cleared="0" enqueued="0" />
  <object-monitors candidates="5" cleared="0"  />
</gc-op>
<gc-end id="329" type="scavenge" contextid="325" durationms="1.288" usertimems="0.783" systemtimems="0.155" stalltimems="0.238" timestamp="2024-07-17T20:35:48.221" activeThreads="2">
  <mem-info id="330" free="5202256" total="10616832" percent="49">
    <mem type="nursery" free="3701752" total="4325376" percent="85">
      <mem type="allocate" free="3701752" total="3866624" percent="95" />
      <mem type="survivor" free="0" total="458752" percent="0" />
    </mem>
    <mem type="tenure" free="1500504" total="6291456" percent="23">
      <mem type="soa" free="1185112" total="5976064" percent="19" />
      <mem type="loa" free="315392" total="315392" percent="100" />
    </mem>
    <remembered-set count="234" />
  </mem-info>
</gc-end>
<cycle-end id="331" type="scavenge" contextid="325" timestamp="2024-07-17T20:35:48.222" />
<allocation-satisfied id="332" threadId="000000000001E500" bytesRequested="123016" />
<af-end id="333" timestamp="2024-07-17T20:35:48.222" threadId="000000000001EF38" success="true" from="nursery"/>
<exclusive-end id="334" timestamp="2024-07-17T20:35:48.222" durationms="2.885" />

<exclusive-start id="335" timestamp="2024-07-17T20:35:48.278" intervalms="58.930">
  <response-info timems="0.032" idlems="0.032" threads="0" lastid="000000000001E500" lastname="main" />
</exclusive-start>
<af-start id="336" threadId="000000000001EF38" totalBytesRequested="16392" timestamp="2024-07-17T20:35:48.278" intervalms="58.901" type="nursery" />
<cycle-start id="337" type="scavenge" contextid="0" timestamp="2024-07-17T20:35:48.279" intervalms="58.827" />
<gc-start id="338" type="scavenge" contextid="337" timestamp="2024-07-17T20:35:48.279">
  <mem-info id="339" free="1500408" total="10616832" percent="14">
    <mem type="nursery" free="0" total="4325376" percent="0">
      <mem type="allocate" free="0" total="3866624" percent="0" />
      <mem type="survivor" free="0" total="458752" percent="0" />
    </mem>
    <mem type="tenure" free="1500408" total="6291456" percent="23">
      <mem type="soa" free="1185016" total="5976064" percent="19" />
      <mem type="loa" free="315392" total="315392" percent="100" />
    </mem>
    <remembered-set count="330" />
  </mem-info>
</gc-start>
<allocation-stats totalBytes="3627880" discardedBytes="73968" >
  <allocated-bytes non-tlh="774032" tlh="2853848" />
  <largest-consumer threadName="main" threadId="000000000001E500" bytes="3627880" />
</allocation-stats>
<gc-op id="340" type="scavenge" timems="0.535" contextid="337" timestamp="2024-07-17T20:35:48.280">
  <scavenger-info tenureage="3" tenuremask="ffe8" tiltratio="89" />
  <memory-copied type="nursery" objects="2162" bytes="323824" bytesdiscarded="84520" />
  <memory-copied type="tenure" objects="597" bytes="20016" bytesdiscarded="24" />
  <references type="phantom" candidates="3" cleared="0" enqueued="0" />
  <object-monitors candidates="5" cleared="0"  />
</gc-op>
<gc-end id="341" type="scavenge" contextid="337" durationms="1.092" usertimems="0.850" systemtimems="0.000" stalltimems="0.150" timestamp="2024-07-17T20:35:48.280" activeThreads="2">
  <mem-info id="342" free="4712656" total="10616832" percent="44">
    <mem type="nursery" free="3261656" total="4325376" percent="75">
      <mem type="allocate" free="3261656" total="3670016" percent="88" />
      <mem type="survivor" free="0" total="655360" percent="0" />
    </mem>
    <mem type="tenure" free="1451000" total="6291456" percent="23">
      <mem type="soa" free="1135608" total="5976064" percent="19" />
      <mem type="loa" free="315392" total="315392" percent="100" />
    </mem>
    <remembered-set count="226" />
  </mem-info>
</gc-end>
<cycle-end id="343" type="scavenge" contextid="337" timestamp="2024-07-17T20:35:48.280" />
<allocation-satisfied id="344" threadId="000000000001E500" bytesRequested="16392" />
<af-end id="345" timestamp="2024-07-17T20:35:48.281" threadId="000000000001EF38" success="true" from="nursery"/>
<exclusive-end id="346" timestamp="2024-07-17T20:35:48.281" durationms="2.568" />

<exclusive-start id="347" timestamp="2024-07-17T20:35:48.332" intervalms="53.481">
  <response-info timems="0.026" idlems="0.026" threads="0" lastid="000000000001E500" lastname="main" />
</exclusive-start>
<af-start id="348" threadId="000000000001EF38" totalBytesRequested="72928" timestamp="2024-07-17T20:35:48.332" intervalms="53.412" type="nursery" />
<cycle-start id="349" type="scavenge" contextid="0" timestamp="2024-07-17T20:35:48.332" intervalms="53.447" />
<gc-start id="350" type="scavenge" contextid="349" timestamp="2024-07-17T20:35:48.332">
  <mem-info id="351" free="1501392" total="10616832" percent="14">
    <mem type="nursery" free="50392" total="4325376" percent="1">
      <mem type="allocate" free="50392" total="3670016" percent="1" />
      <mem type="survivor" free="0" total="655360" percent="0" />
    </mem>
    <mem type="tenure" free="1451000" total="6291456" percent="23">
      <mem type="soa" free="1135608" total="5976064" percent="19" />
      <mem type="loa" free="315392" total="315392" percent="100" />
    </mem>
    <remembered-set count="335" />
  </mem-info>
</gc-start>
<allocation-stats totalBytes="3206848" discardedBytes="4416" >
  <allocated-bytes non-tlh="354824" tlh="2852024" />
  <largest-consumer threadName="main" threadId="000000000001E500" bytes="3206848" />
</allocation-stats>
<gc-op id="352" type="scavenge" timems="0.590" contextid="349" timestamp="2024-07-17T20:35:48.333">
  <scavenger-info tenureage="3" tenuremask="4008" tiltratio="84" />
  <memory-copied type="nursery" objects="2029" bytes="83352" bytesdiscarded="13664" />
  <memory-copied type="tenure" objects="697" bytes="23256" bytesdiscarded="0" />
  <references type="phantom" candidates="2" cleared="0" enqueued="0" />
  <object-monitors candidates="5" cleared="0"  />
</gc-op>
<gc-end id="353" type="scavenge" contextid="349" durationms="1.185" usertimems="0.988" systemtimems="0.000" stalltimems="0.155" timestamp="2024-07-17T20:35:48.333" activeThreads="2">
  <mem-info id="354" free="5089528" total="10616832" percent="47">
    <mem type="nursery" free="3638528" total="4325376" percent="84">
      <mem type="allocate" free="3638528" total="3735552" percent="97" />
      <mem type="survivor" free="0" total="589824" percent="0" />
    </mem>
    <mem type="tenure" free="1451000" total="6291456" percent="23">
      <mem type="soa" free="1135608" total="5976064" percent="19" />
      <mem type="loa" free="315392" total="315392" percent="100" />
    </mem>
    <remembered-set count="226" />
  </mem-info>
</gc-end>
<cycle-end id="355" type="scavenge" contextid="349" timestamp="2024-07-17T20:35:48.334" />
<allocation-satisfied id="356" threadId="000000000001E500" bytesRequested="72928" />
<af-end id="357" timestamp="2024-07-17T20:35:48.334" threadId="000000000001EF38" success="true" from="nursery"/>
<exclusive-end id="358" timestamp="2024-07-17T20:35:48.334" durationms="2.668" />

<exclusive-start id="359" timestamp="2024-07-17T20:35:48.408" intervalms="76.491">
  <response-info timems="0.054" idlems="0.054" threads="0" lastid="000000000001E500" lastname="main" />
</exclusive-start>
<af-start id="360" threadId="000000000001EF38" totalBytesRequested="4408" timestamp="2024-07-17T20:35:48.409" intervalms="76.683" type="nursery" />
<cycle-start id="361" type="scavenge" contextid="0" timestamp="2024-07-17T20:35:48.409" intervalms="76.783" />
<gc-start id="362" type="scavenge" contextid="361" timestamp="2024-07-17T20:35:48.409">
  <mem-info id="363" free="1451000" total="10616832" percent="13">
    <mem type="nursery" free="0" total="4325376" percent="0">
      <mem type="allocate" free="0" total="3735552" percent="0" />
      <mem type="survivor" free="0" total="589824" percent="0" />
    </mem>
    <mem type="tenure" free="1451000" total="6291456" percent="23">
      <mem type="soa" free="1135608" total="5976064" percent="19" />
      <mem type="loa" free="315392" total="315392" percent="100" />
    </mem>
    <remembered-set count="342" />
  </mem-info>
</gc-start>
<allocation-stats totalBytes="3604616" discardedBytes="33912" >
  <allocated-bytes non-tlh="407128" tlh="3197488" />
  <largest-consumer threadName="main" threadId="000000000001E500" bytes="3604616" />
</allocation-stats>
<gc-op id="364" type="scavenge" timems="0.781" contextid="361" timestamp="2024-07-17T20:35:48.410">
  <scavenger-info tenureage="3" tenuremask="4008" tiltratio="86" />
  <memory-copied type="nursery" objects="2011" bytes="67720" bytesdiscarded="19056" />
  <memory-copied type="tenure" objects="720" bytes="39240" bytesdiscarded="24" />
  <references type="phantom" candidates="2" cleared="0" enqueued="0" />
  <object-monitors candidates="5" cleared="0"  />
</gc-op>
<gc-end id="365" type="scavenge" contextid="361" durationms="1.475" usertimems="1.115" systemtimems="0.000" stalltimems="0.407" timestamp="2024-07-17T20:35:48.411" activeThreads="2">
  <mem-info id="366" free="5126136" total="10616832" percent="48">
    <mem type="nursery" free="3714304" total="4325376" percent="85">
      <mem type="allocate" free="3714304" total="3801088" percent="97" />
      <mem type="survivor" free="0" total="524288" percent="0" />
    </mem>
    <mem type="tenure" free="1411832" total="6291456" percent="22">
      <mem type="soa" free="1096440" total="5976064" percent="18" />
      <mem type="loa" free="315392" total="315392" percent="100" />
    </mem>
    <remembered-set count="242" />
  </mem-info>
</gc-end>
<cycle-end id="367" type="scavenge" contextid="361" timestamp="2024-07-17T20:35:48.411" />
<allocation-satisfied id="368" threadId="000000000001E500" bytesRequested="4408" />
<af-end id="369" timestamp="2024-07-17T20:35:48.411" threadId="000000000001EF38" success="true" from="nursery"/>
<exclusive-end id="370" timestamp="2024-07-17T20:35:48.411" durationms="3.189" />

<exclusive-start id="371" timestamp="2024-07-17T20:35:48.478" intervalms="70.208">
  <response-info timems="0.031" idlems="0.031" threads="0" lastid="000000000001E500" lastname="main" />
</exclusive-start>
<af-start id="372" threadId="000000000001EF38" totalBytesRequested="11152" timestamp="2024-07-17T20:35:48.479" intervalms="70.017" type="nursery" />
<cycle-start id="373" type="scavenge" contextid="0" timestamp="2024-07-17T20:35:48.479" intervalms="69.948" />
<gc-start id="374" type="scavenge" contextid="373" timestamp="2024-07-17T20:35:48.479">
  <mem-info id="375" free="1411832" total="10616832" percent="13">
    <mem type="nursery" free="0" total="4325376" percent="0">
      <mem type="allocate" free="0" total="3801088" percent="0" />
      <mem type="survivor" free="0" total="524288" percent="0" />
    </mem>
    <mem type="tenure" free="1411832" total="6291456" percent="22">
      <mem type="soa" free="1096440" total="5976064" percent="18" />
      <mem type="loa" free="315392" total="315392" percent="100" />
    </mem>
    <remembered-set count="364" />
  </mem-info>
</gc-start>
<allocation-stats totalBytes="3593088" discardedBytes="121216" >
  <allocated-bytes non-tlh="937288" tlh="2655800" />
  <largest-consumer threadName="main" threadId="000000000001E500" bytes="3593088" />
</allocation-stats>
<gc-op id="376" type="scavenge" timems="0.384" contextid="373" timestamp="2024-07-17T20:35:48.480">
  <scavenger-info tenureage="3" tenuremask="ffe8" tiltratio="87" />
  <memory-copied type="nursery" objects="2057" bytes="69136" bytesdiscarded="67048" />
  <memory-copied type="tenure" objects="624" bytes="21000" bytesdiscarded="0" />
  <references type="phantom" candidates="2" cleared="0" enqueued="0" />
  <object-monitors candidates="5" cleared="0"  />
</gc-op>
<gc-end id="377" type="scavenge" contextid="373" durationms="0.854" usertimems="0.731" systemtimems="0.000" stalltimems="0.081" timestamp="2024-07-17T20:35:48.480" activeThreads="2">
  <mem-info id="378" free="5142264" total="10616832" percent="48">
    <mem type="nursery" free="3730432" total="4325376" percent="86">
      <mem type="allocate" free="3730432" total="3866624" percent="96" />
      <mem type="survivor" free="0" total="458752" percent="0" />
    </mem>
    <mem type="tenure" free="1411832" total="6291456" percent="22">
      <mem type="soa" free="1096440" total="5976064" percent="18" />
      <mem type="loa" free="315392" total="315392" percent="100" />
    </mem>
    <remembered-set count="258" />
  </mem-info>
</gc-end>
<cycle-end id="379" type="scavenge" contextid="373" timestamp="2024-07-17T20:35:48.480" />
<allocation-satisfied id="380" threadId="000000000001E500" bytesRequested="11152" />
<af-end id="381" timestamp="2024-07-17T20:35:48.480" threadId="000000000001EF38" success="true" from="nursery"/>
<exclusive-end id="382" timestamp="2024-07-17T20:35:48.480" durationms="2.032" />

<exclusive-start id="383" timestamp="2024-07-17T20:35:48.546" intervalms="67.148">
  <response-info timems="0.024" idlems="0.024" threads="0" lastid="000000000001E500" lastname="main" />
</exclusive-start>
<af-start id="384" threadId="000000000001EF38" totalBytesRequested="3520" timestamp="2024-07-17T20:35:48.546" intervalms="67.159" type="nursery" />
<cycle-start id="385" type="scavenge" contextid="0" timestamp="2024-07-17T20:35:48.546" intervalms="67.067" />
<gc-start id="386" type="scavenge" contextid="385" timestamp="2024-07-17T20:35:48.546">
  <mem-info id="387" free="1411832" total="10616832" percent="13">
    <mem type="nursery" free="0" total="4325376" percent="0">
      <mem type="allocate" free="0" total="3866624" percent="0" />
      <mem type="survivor" free="0" total="458752" percent="0" />
    </mem>
    <mem type="tenure" free="1411832" total="6291456" percent="22">
      <mem type="soa" free="1096440" total="5976064" percent="18" />
      <mem type="loa" free="315392" total="315392" percent="100" />
    </mem>
    <remembered-set count="420" />
  </mem-info>
</gc-start>
<allocation-stats totalBytes="3661096" discardedBytes="69336" >
  <allocated-bytes non-tlh="347776" tlh="3313320" />
  <largest-consumer threadName="main" threadId="000000000001E500" bytes="3661096" />
</allocation-stats>
<gc-op id="388" type="scavenge" timems="0.681" contextid="385" timestamp="2024-07-17T20:35:48.547">
  <scavenger-info tenureage="3" tenuremask="c008" tiltratio="89" />
  <memory-copied type="nursery" objects="2229" bytes="74768" bytesdiscarded="42728" />
  <memory-copied type="tenure" objects="664" bytes="22216" bytesdiscarded="0" />
  <references type="phantom" candidates="2" cleared="0" enqueued="0" />
  <object-monitors candidates="5" cleared="0"  />
</gc-op>
<gc-end id="389" type="scavenge" contextid="385" durationms="1.179" usertimems="1.036" systemtimems="0.000" stalltimems="0.370" timestamp="2024-07-17T20:35:48.547" activeThreads="2">
  <mem-info id="390" free="5160952" total="10616832" percent="48">
    <mem type="nursery" free="3749120" total="4325376" percent="86">
      <mem type="allocate" free="3749120" total="3866624" percent="96" />
      <mem type="survivor" free="0" total="458752" percent="0" />
    </mem>
    <mem type="tenure" free="1411832" total="6291456" percent="22">
      <mem type="soa" free="1096440" total="5976064" percent="18" />
      <mem type="loa" free="315392" total="315392" percent="100" />
    </mem>
    <remembered-set count="285" />
  </mem-info>
</gc-end>
<cycle-end id="391" type="scavenge" contextid="385" timestamp="2024-07-17T20:35:48.547" />
<allocation-satisfied id="392" threadId="000000000001E500" bytesRequested="3520" />
<af-end id="393" timestamp="2024-07-17T20:35:48.548" threadId="000000000001EF38" success="true" from="nursery"/>
<exclusive-end id="394" timestamp="2024-07-17T20:35:48.548" durationms="2.248" />

<exclusive-start id="395" timestamp="2024-07-17T20:35:48.610" intervalms="64.976">
  <response-info timems="0.221" idlems="0.160" threads="1" lastid="0000000000022100" lastname="JIT Compilation Thread-000" />
</exclusive-start>
<af-start id="396" threadId="000000000001EF38" totalBytesRequested="3560" timestamp="2024-07-17T20:35:48.611" intervalms="65.051" type="nursery" />
<cycle-start id="397" type="scavenge" contextid="0" timestamp="2024-07-17T20:35:48.611" intervalms="65.244" />
<gc-start id="398" type="scavenge" contextid="397" timestamp="2024-07-17T20:35:48.611">
  <mem-info id="399" free="1396008" total="10616832" percent="13">
    <mem type="nursery" free="0" total="4325376" percent="0">
      <mem type="allocate" free="0" total="3866624" percent="0" />
      <mem type="survivor" free="0" total="458752" percent="0" />
    </mem>
    <mem type="tenure" free="1396008" total="6291456" percent="22">
      <mem type="soa" free="1080616" total="5976064" percent="18" />
      <mem type="loa" free="315392" total="315392" percent="100" />
    </mem>
    <remembered-set count="1031" />
  </mem-info>
</gc-start>
<allocation-stats totalBytes="3758864" discardedBytes="6080" >
  <allocated-bytes non-tlh="459912" tlh="3298952" />
  <largest-consumer threadName="main" threadId="000000000001E500" bytes="3754768" />
</allocation-stats>
<gc-op id="400" type="scavenge" timems="1.199" contextid="397" timestamp="2024-07-17T20:35:48.613">
  <scavenger-info tenureage="3" tenuremask="c008" tiltratio="89" />
  <memory-copied type="nursery" objects="6493" bytes="411928" bytesdiscarded="45864" />
  <memory-copied type="tenure" objects="1338" bytes="49528" bytesdiscarded="24" />
  <copy-failed type="nursery" objects="636" bytes="25920" />
  <finalization candidates="77" enqueued="45" />
  <ownableSynchronizers candidates="58" cleared="31" />
  <references type="soft" candidates="30" cleared="0" enqueued="0" dynamicThreshold="32" maxThreshold="32" />
  <references type="weak" candidates="94" cleared="66" enqueued="66" />
  <references type="phantom" candidates="52" cleared="17" enqueued="17" />
  <object-monitors candidates="6" cleared="0"  />
</gc-op>
<gc-end id="401" type="scavenge" contextid="397" durationms="2.220" usertimems="1.451" systemtimems="0.563" stalltimems="0.571" timestamp="2024-07-17T20:35:48.614" activeThreads="2">
  <mem-info id="402" free="4160296" total="10616832" percent="39">
    <mem type="nursery" free="2883584" total="4325376" percent="66">
      <mem type="allocate" free="2883584" total="3342336" percent="86" />
      <mem type="survivor" free="0" total="983040" percent="0" />
    </mem>
    <mem type="tenure" free="1276712" total="6291456" percent="20">
      <mem type="soa" free="961320" total="5976064" percent="16" />
      <mem type="loa" free="315392" total="315392" percent="100" />
    </mem>
    <pending-finalizers system="45" default="0" reference="83" classloader="0" />
    <remembered-set count="693" />
  </mem-info>
</gc-end>
<cycle-end id="403" type="scavenge" contextid="397" timestamp="2024-07-17T20:35:48.614" />
<allocation-satisfied id="404" threadId="000000000001E500" bytesRequested="3560" />
<af-end id="405" timestamp="2024-07-17T20:35:48.615" threadId="000000000001EF38" success="true" from="nursery"/>
<exclusive-end id="406" timestamp="2024-07-17T20:35:48.615" durationms="4.532" />

<exclusive-start id="407" timestamp="2024-07-17T20:35:48.652" intervalms="41.075">
  <response-info timems="0.052" idlems="0.052" threads="0" lastid="000000000001E500" lastname="main" />
</exclusive-start>
<af-start id="408" threadId="000000000001EF38" totalBytesRequested="72" timestamp="2024-07-17T20:35:48.652" intervalms="41.232" type="nursery" />
<cycle-start id="409" type="scavenge" contextid="0" timestamp="2024-07-17T20:35:48.652" intervalms="41.205" />
<gc-start id="410" type="scavenge" contextid="409" timestamp="2024-07-17T20:35:48.653">
  <mem-info id="411" free="1274336" total="10616832" percent="12">
    <mem type="nursery" free="0" total="4325376" percent="0">
      <mem type="allocate" free="0" total="3342336" percent="0" />
      <mem type="survivor" free="0" total="983040" percent="0" />
    </mem>
    <mem type="tenure" free="1274336" total="6291456" percent="20">
      <mem type="soa" free="958944" total="5976064" percent="16" />
      <mem type="loa" free="315392" total="315392" percent="100" />
    </mem>
    <remembered-set count="927" />
  </mem-info>
</gc-start>
<allocation-stats totalBytes="2884672" discardedBytes="1288" >
  <allocated-bytes non-tlh="5936" tlh="2878736" />
  <largest-consumer threadName="main" threadId="000000000001E500" bytes="2880576" />
</allocation-stats>
<gc-op id="412" type="scavenge" timems="2.018" contextid="409" timestamp="2024-07-17T20:35:48.656">
  <scavenger-info tenureage="3" tenuremask="ffe8" tiltratio="77" />
  <memory-copied type="nursery" objects="14202" bytes="923944" bytesdiscarded="56112" />
  <memory-copied type="tenure" objects="1245" bytes="34096" bytesdiscarded="200" />
  <copy-failed type="nursery" objects="822" bytes="21496" />
  <finalization candidates="30" enqueued="0" />
  <ownableSynchronizers candidates="91" cleared="39" />
  <references type="soft" candidates="30" cleared="0" enqueued="0" dynamicThreshold="32" maxThreshold="32" />
  <references type="weak" candidates="43" cleared="15" enqueued="15" />
  <references type="phantom" candidates="71" cleared="0" enqueued="0" />
  <object-monitors candidates="6" cleared="0"  />
</gc-op>
<heap-resize id="413" type="expand" space="nursery" amount="262144" count="1" timems="0.028" reason="excessive time being spent scavenging" timestamp="2024-07-17T20:35:48.656" />
<gc-end id="414" type="scavenge" contextid="409" durationms="3.482" usertimems="2.916" systemtimems="0.471" stalltimems="1.105" timestamp="2024-07-17T20:35:48.656" activeThreads="2">
  <mem-info id="415" free="3043808" total="10878976" percent="27">
    <mem type="nursery" free="1769472" total="4587520" percent="38">
      <mem type="allocate" free="1769472" total="2752512" percent="64" />
      <mem type="survivor" free="0" total="1835008" percent="0" />
    </mem>
    <mem type="tenure" free="1274336" total="6291456" percent="20">
      <mem type="soa" free="958944" total="5976064" percent="16" />
      <mem type="loa" free="315392" total="315392" percent="100" />
    </mem>
    <pending-finalizers system="0" default="0" reference="15" classloader="0" />
    <remembered-set count="1021" />
  </mem-info>
</gc-end>
<cycle-end id="416" type="scavenge" contextid="409" timestamp="2024-07-17T20:35:48.657" />
<allocation-satisfied id="417" threadId="000000000001E500" bytesRequested="72" />
<af-end id="418" timestamp="2024-07-17T20:35:48.657" threadId="000000000001EF38" success="true" from="nursery"/>
<exclusive-end id="419" timestamp="2024-07-17T20:35:48.657" durationms="5.840" />

<exclusive-start id="420" timestamp="2024-07-17T20:35:48.683" intervalms="31.156">
  <response-info timems="0.045" idlems="0.045" threads="0" lastid="000000000001E500" lastname="main" />
</exclusive-start>
<af-start id="421" threadId="000000000001EF38" totalBytesRequested="1032" timestamp="2024-07-17T20:35:48.683" intervalms="31.098" type="nursery" />
<cycle-start id="422" type="scavenge" contextid="0" timestamp="2024-07-17T20:35:48.684" intervalms="31.162" />
<gc-start id="423" type="scavenge" contextid="422" timestamp="2024-07-17T20:35:48.684">
  <mem-info id="424" free="1272160" total="10878976" percent="11">
    <mem type="nursery" free="0" total="4587520" percent="0">
      <mem type="allocate" free="0" total="2752512" percent="0" />
      <mem type="survivor" free="0" total="1835008" percent="0" />
    </mem>
    <mem type="tenure" free="1272160" total="6291456" percent="20">
      <mem type="soa" free="956768" total="5976064" percent="16" />
      <mem type="loa" free="315392" total="315392" percent="100" />
    </mem>
    <remembered-set count="1116" />
  </mem-info>
</gc-start>
<allocation-stats totalBytes="1770080" discardedBytes="1568" >
  <allocated-bytes non-tlh="2248" tlh="1767832" />
  <largest-consumer threadName="main" threadId="000000000001E500" bytes="1770080" />
</allocation-stats>
<gc-op id="425" type="scavenge" timems="1.689" contextid="422" timestamp="2024-07-17T20:35:48.686">
  <scavenger-info tenureage="3" tenuremask="ffe8" tiltratio="60" />
  <memory-copied type="nursery" objects="13647" bytes="797976" bytesdiscarded="42728" />
  <memory-copied type="tenure" objects="569" bytes="17448" bytesdiscarded="0" />
  <finalization candidates="54" enqueued="12" />
  <ownableSynchronizers candidates="52" cleared="0" />
  <references type="soft" candidates="30" cleared="0" enqueued="0" dynamicThreshold="32" maxThreshold="32" />
  <references type="weak" candidates="36" cleared="5" enqueued="5" />
  <references type="phantom" candidates="72" cleared="1" enqueued="1" />
  <object-monitors candidates="6" cleared="0"  />
</gc-op>
<heap-resize id="426" type="expand" space="nursery" amount="262144" count="1" timems="0.026" reason="excessive time being spent scavenging" timestamp="2024-07-17T20:35:48.687" />
<gc-end id="427" type="scavenge" contextid="422" durationms="3.361" usertimems="2.448" systemtimems="0.386" stalltimems="0.816" timestamp="2024-07-17T20:35:48.687" activeThreads="2">
  <mem-info id="428" free="3575520" total="11141120" percent="32">
    <mem type="nursery" free="2303360" total="4849664" percent="47">
      <mem type="allocate" free="2303360" total="3145728" percent="73" />
      <mem type="survivor" free="0" total="1703936" percent="0" />
    </mem>
    <mem type="tenure" free="1272160" total="6291456" percent="20">
      <mem type="soa" free="956768" total="5976064" percent="16" />
      <mem type="loa" free="315392" total="315392" percent="100" />
    </mem>
    <pending-finalizers system="12" default="0" reference="6" classloader="0" />
    <remembered-set count="811" />
  </mem-info>
</gc-end>
<cycle-end id="429" type="scavenge" contextid="422" timestamp="2024-07-17T20:35:48.688" />
<allocation-satisfied id="430" threadId="000000000001E500" bytesRequested="1032" />
<af-end id="431" timestamp="2024-07-17T20:35:48.688" threadId="000000000001EF38" success="true" from="nursery"/>
<exclusive-end id="432" timestamp="2024-07-17T20:35:48.689" durationms="5.921" />

<exclusive-start id="433" timestamp="2024-07-17T20:35:48.707" intervalms="24.723">
  <response-info timems="0.055" idlems="0.055" threads="0" lastid="000000000001E500" lastname="main" />
</exclusive-start>
<af-start id="434" threadId="000000000001EF38" totalBytesRequested="1040" timestamp="2024-07-17T20:35:48.708" intervalms="24.760" type="nursery" />
<cycle-start id="435" type="scavenge" contextid="0" timestamp="2024-07-17T20:35:48.708" intervalms="24.743" />
<gc-start id="436" type="scavenge" contextid="435" timestamp="2024-07-17T20:35:48.709">
  <mem-info id="437" free="1272112" total="11141120" percent="11">
    <mem type="nursery" free="0" total="4849664" percent="0">
      <mem type="allocate" free="0" total="3145728" percent="0" />
      <mem type="survivor" free="0" total="1703936" percent="0" />
    </mem>
    <mem type="tenure" free="1272112" total="6291456" percent="20">
      <mem type="soa" free="956720" total="5976064" percent="16" />
      <mem type="loa" free="315392" total="315392" percent="100" />
    </mem>
    <remembered-set count="841" />
  </mem-info>
</gc-start>
<allocation-stats totalBytes="2299912" discardedBytes="3496" >
  <allocated-bytes non-tlh="1080" tlh="2298832" />
  <largest-consumer threadName="main" threadId="000000000001E500" bytes="2299912" />
</allocation-stats>
<gc-op id="438" type="scavenge" timems="2.175" contextid="435" timestamp="2024-07-17T20:35:48.712">
  <scavenger-info tenureage="2" tenuremask="ffec" tiltratio="64" />
  <memory-copied type="nursery" objects="3576" bytes="149896" bytesdiscarded="151168" />
  <memory-copied type="tenure" objects="11385" bytes="723736" bytesdiscarded="1040" />
  <finalization candidates="42" enqueued="0" />
  <ownableSynchronizers candidates="52" cleared="0" />
  <references type="weak" candidates="3" cleared="0" enqueued="0" />
  <object-monitors candidates="6" cleared="0"  />
</gc-op>
<heap-resize id="439" type="expand" space="nursery" amount="393216" count="1" timems="0.031" reason="excessive time being spent scavenging" timestamp="2024-07-17T20:35:48.712" />
<gc-end id="440" type="scavenge" contextid="435" durationms="3.690" usertimems="3.743" systemtimems="0.145" stalltimems="0.806" timestamp="2024-07-17T20:35:48.712" activeThreads="2">
  <mem-info id="441" free="3835656" total="11534336" percent="33">
    <mem type="nursery" free="3368952" total="5242880" percent="64">
      <mem type="allocate" free="3368952" total="3670016" percent="91" />
      <mem type="survivor" free="0" total="1572864" percent="0" />
    </mem>
    <mem type="tenure" free="466704" total="6291456" percent="7">
      <mem type="soa" free="151312" total="5976064" percent="2" />
      <mem type="loa" free="315392" total="315392" percent="100" />
    </mem>
    <remembered-set count="278" />
  </mem-info>
</gc-end>
<cycle-end id="442" type="scavenge" contextid="435" timestamp="2024-07-17T20:35:48.713" />
<allocation-satisfied id="443" threadId="000000000001E500" bytesRequested="1040" />
<af-end id="444" timestamp="2024-07-17T20:35:48.713" threadId="000000000001EF38" success="true" from="nursery"/>
<exclusive-end id="445" timestamp="2024-07-17T20:35:48.714" durationms="6.181" />

<exclusive-start id="446" timestamp="2024-07-17T20:35:48.777" intervalms="69.866">
  <response-info timems="0.044" idlems="0.044" threads="0" lastid="00000000005D5300" lastname="Equinox start level thread - Equinox Container: 9554b210-53da-4" />
</exclusive-start>
<af-start id="447" threadId="00000000005D5D38" totalBytesRequested="24" timestamp="2024-07-17T20:35:48.778" intervalms="69.793" type="tenure" />
<cycle-start id="448" type="global" contextid="0" timestamp="2024-07-17T20:35:48.778" intervalms="2037.113" />
<gc-start id="449" type="global" contextid="448" timestamp="2024-07-17T20:35:48.778">
  <mem-info id="450" free="1329144" total="11534336" percent="11">
    <mem type="nursery" free="1013752" total="5242880" percent="19">
      <mem type="allocate" free="1013752" total="3670016" percent="27" />
      <mem type="survivor" free="0" total="1572864" percent="0" />
    </mem>
    <mem type="tenure" free="315392" total="6291456" percent="5">
      <mem type="soa" free="0" total="5976064" percent="0" />
      <mem type="loa" free="315392" total="315392" percent="100" />
    </mem>
    <remembered-set count="2697" />
  </mem-info>
</gc-start>
<allocation-stats totalBytes="2499208" discardedBytes="6552" >
  <allocated-bytes non-tlh="159800" tlh="2339408" />
  <largest-consumer threadName="Equinox start level thread - Equinox Container: 9554b210-53da-498d-8998-aadc2a2bd547" threadId="00000000005D5300" bytes="1156480" />
</allocation-stats>
<gc-op id="451" type="mark" timems="6.997" contextid="448" timestamp="2024-07-17T20:35:48.786">
  <trace-info objectcount="123401" scancount="98916" scanbytes="3172912" />
  <finalization candidates="790" enqueued="189" />
  <ownableSynchronizers candidates="98" cleared="2" />
  <references type="soft" candidates="4689" cleared="0" enqueued="0" dynamicThreshold="32" maxThreshold="32" />
  <references type="weak" candidates="1010" cleared="240" enqueued="240" />
  <references type="phantom" candidates="131" cleared="15" enqueued="15" />
  <stringconstants candidates="10291" cleared="55"  />
  <object-monitors candidates="15" cleared="8"  />
</gc-op>
<gc-op id="452" type="classunload" timems="0.022" contextid="448" timestamp="2024-07-17T20:35:48.786">
  <classunload-info classloadercandidates="19" classloadersunloaded="0" classesunloaded="0" anonymousclassesunloaded="0" quiescems="0.000" setupms="0.019" scanms="0.002" postms="0.000" />
</gc-op>
<gc-op id="453" type="sweep" timems="0.900" contextid="448" timestamp="2024-07-17T20:35:48.788" />
<heap-resize id="454" type="expand" space="tenure" amount="1572864" count="1" timems="0.036" reason="insufficient free space following gc" timestamp="2024-07-17T20:35:48.788" />
<gc-end id="455" type="global" contextid="448" durationms="9.718" usertimems="22.120" systemtimems="0.000" stalltimems="18.629" timestamp="2024-07-17T20:35:48.788" activeThreads="5">
  <mem-info id="456" free="5393544" total="13107200" percent="41">
    <mem type="nursery" free="3004824" total="5242880" percent="57">
      <mem type="allocate" free="3004824" total="3670016" percent="81" />
      <mem type="survivor" free="0" total="1572864" percent="0" />
    </mem>
    <mem type="tenure" free="2388720" total="7864320" percent="30" micro-fragmented="95337" macro-fragmented="0">
      <mem type="soa" free="1995504" total="7471104" percent="26" />
      <mem type="loa" free="393216" total="393216" percent="100" />
    </mem>
    <pending-finalizers system="189" default="0" reference="255" classloader="0" />
    <remembered-set count="2389" />
  </mem-info>
</gc-end>
<cycle-end id="457" type="global" contextid="448" timestamp="2024-07-17T20:35:48.789" />
<allocation-satisfied id="458" threadId="00000000005D5300" bytesRequested="24" />
<af-end id="459" timestamp="2024-07-17T20:35:48.789" threadId="00000000005D5D38" success="true" from="tenure-soa"/>
<exclusive-end id="460" timestamp="2024-07-17T20:35:48.789" durationms="11.808" />

<exclusive-start id="461" timestamp="2024-07-17T20:35:48.878" intervalms="100.817">
  <response-info timems="0.059" idlems="0.059" threads="0" lastid="00000000005C6800" lastname="Equinox start level thread - Equinox Container: 9554b210-53da-4" />
</exclusive-start>
<af-start id="462" threadId="00000000005C7238" totalBytesRequested="80" timestamp="2024-07-17T20:35:48.878" intervalms="100.829" type="nursery" />
<cycle-start id="463" type="scavenge" contextid="0" timestamp="2024-07-17T20:35:48.879" intervalms="170.621" />
<gc-start id="464" type="scavenge" contextid="463" timestamp="2024-07-17T20:35:48.879">
  <mem-info id="465" free="2189968" total="13107200" percent="16">
    <mem type="nursery" free="0" total="5242880" percent="0">
      <mem type="allocate" free="0" total="3670016" percent="0" />
      <mem type="survivor" free="0" total="1572864" percent="0" />
    </mem>
    <mem type="tenure" free="2189968" total="7864320" percent="27">
      <mem type="soa" free="1796752" total="7471104" percent="24" />
      <mem type="loa" free="393216" total="393216" percent="100" />
    </mem>
    <remembered-set count="4764" />
  </mem-info>
</gc-start>
<allocation-stats totalBytes="3157056" discardedBytes="23712" >
  <allocated-bytes non-tlh="460480" tlh="2696576" />
  <largest-consumer threadName="Equinox start level thread - Equinox Container: 9554b210-53da-498d-8998-aadc2a2bd547" threadId="00000000005C6800" bytes="1764392" />
</allocation-stats>
<gc-op id="466" type="scavenge" timems="2.468" contextid="463" timestamp="2024-07-17T20:35:48.882">
  <scavenger-info tenureage="2" tenuremask="f00c" tiltratio="70" />
  <memory-copied type="nursery" objects="18716" bytes="756720" bytesdiscarded="15768" />
  <memory-copied type="tenure" objects="131" bytes="3776" bytesdiscarded="0" />
  <finalization candidates="332" enqueued="110" />
  <ownableSynchronizers candidates="306" cleared="204" />
  <references type="soft" candidates="276" cleared="0" enqueued="0" dynamicThreshold="9" maxThreshold="32" />
  <references type="weak" candidates="720" cleared="334" enqueued="334" />
  <references type="phantom" candidates="28" cleared="23" enqueued="23" />
  <object-monitors candidates="11" cleared="0"  />
</gc-op>
<gc-end id="467" type="scavenge" contextid="463" durationms="3.204" usertimems="4.978" systemtimems="0.000" stalltimems="0.348" timestamp="2024-07-17T20:35:48.882" activeThreads="2">
  <mem-info id="468" free="5144976" total="13107200" percent="39">
    <mem type="nursery" free="2960112" total="5242880" percent="56">
      <mem type="allocate" free="2960112" total="3735552" percent="79" />
      <mem type="survivor" free="0" total="1507328" percent="0" />
    </mem>
    <mem type="tenure" free="2184864" total="7864320" percent="27">
      <mem type="soa" free="1791648" total="7471104" percent="23" />
      <mem type="loa" free="393216" total="393216" percent="100" />
    </mem>
    <pending-finalizers system="110" default="0" reference="357" classloader="0" />
    <remembered-set count="4516" />
  </mem-info>
</gc-end>
<cycle-end id="469" type="scavenge" contextid="463" timestamp="2024-07-17T20:35:48.883" />
<allocation-satisfied id="470" threadId="00000000005C6800" bytesRequested="80" />
<af-end id="471" timestamp="2024-07-17T20:35:48.883" threadId="00000000005C7238" success="true" from="nursery"/>
<exclusive-end id="472" timestamp="2024-07-17T20:35:48.883" durationms="4.956" />

<exclusive-start id="473" timestamp="2024-07-17T20:35:48.933" intervalms="55.315">
  <response-info timems="0.096" idlems="0.068" threads="1" lastid="0000000000022100" lastname="JIT Compilation Thread-000" />
</exclusive-start>
<af-start id="474" threadId="00000000005C7238" totalBytesRequested="72" timestamp="2024-07-17T20:35:48.934" intervalms="55.224" type="nursery" />
<cycle-start id="475" type="scavenge" contextid="0" timestamp="2024-07-17T20:35:48.934" intervalms="55.096" />
<gc-start id="476" type="scavenge" contextid="475" timestamp="2024-07-17T20:35:48.934">
  <mem-info id="477" free="2171288" total="13107200" percent="16">
    <mem type="nursery" free="0" total="5242880" percent="0">
      <mem type="allocate" free="0" total="3735552" percent="0" />
      <mem type="survivor" free="0" total="1507328" percent="0" />
    </mem>
    <mem type="tenure" free="2171288" total="7864320" percent="27">
      <mem type="soa" free="1778072" total="7471104" percent="23" />
      <mem type="loa" free="393216" total="393216" percent="100" />
    </mem>
    <remembered-set count="4787" />
  </mem-info>
</gc-start>
<allocation-stats totalBytes="2968800" discardedBytes="2688" >
  <allocated-bytes non-tlh="44240" tlh="2924560" />
  <largest-consumer threadName="Equinox start level thread - Equinox Container: 9554b210-53da-498d-8998-aadc2a2bd547" threadId="00000000005C6800" bytes="2006656" />
</allocation-stats>
<gc-op id="478" type="scavenge" timems="2.364" contextid="475" timestamp="2024-07-17T20:35:48.937">
  <scavenger-info tenureage="4" tenuremask="fff0" tiltratio="71" />
  <memory-copied type="nursery" objects="24753" bytes="1011688" bytesdiscarded="35528" />
  <finalization candidates="214" enqueued="3" />
  <ownableSynchronizers candidates="302" cleared="94" />
  <references type="soft" candidates="306" cleared="0" enqueued="0" dynamicThreshold="9" maxThreshold="32" />
  <references type="weak" candidates="461" cleared="23" enqueued="23" />
  <references type="phantom" candidates="7" cleared="1" enqueued="1" />
  <object-monitors candidates="12" cleared="1"  />
</gc-op>
<gc-end id="479" type="scavenge" contextid="475" durationms="3.082" usertimems="6.260" systemtimems="0.000" stalltimems="1.112" timestamp="2024-07-17T20:35:48.937" activeThreads="3">
  <mem-info id="480" free="4856696" total="13107200" percent="37">
    <mem type="nursery" free="2685408" total="5242880" percent="51">
      <mem type="allocate" free="2685408" total="3735552" percent="71" />
      <mem type="survivor" free="0" total="1507328" percent="0" />
    </mem>
    <mem type="tenure" free="2171288" total="7864320" percent="27">
      <mem type="soa" free="1778072" total="7471104" percent="23" />
      <mem type="loa" free="393216" total="393216" percent="100" />
    </mem>
    <pending-finalizers system="3" default="0" reference="24" classloader="0" />
    <remembered-set count="4702" />
  </mem-info>
</gc-end>
<cycle-end id="481" type="scavenge" contextid="475" timestamp="2024-07-17T20:35:48.938" />
<allocation-satisfied id="482" threadId="00000000005C6800" bytesRequested="72" />
<af-end id="483" timestamp="2024-07-17T20:35:48.938" threadId="00000000005C7238" success="true" from="nursery"/>
<exclusive-end id="484" timestamp="2024-07-17T20:35:48.938" durationms="4.660" />

<exclusive-start id="485" timestamp="2024-07-17T20:35:49.001" intervalms="67.778">
  <response-info timems="0.115" idlems="0.075" threads="1" lastid="0000000000022100" lastname="JIT Compilation Thread-000" />
</exclusive-start>
<af-start id="486" threadId="0000000000804338" totalBytesRequested="16392" timestamp="2024-07-17T20:35:49.001" intervalms="67.714" type="nursery" />
<cycle-start id="487" type="scavenge" contextid="0" timestamp="2024-07-17T20:35:49.002" intervalms="67.686" />
<gc-start id="488" type="scavenge" contextid="487" timestamp="2024-07-17T20:35:49.002">
  <mem-info id="489" free="2087480" total="13107200" percent="15">
    <mem type="nursery" free="0" total="5242880" percent="0">
      <mem type="allocate" free="0" total="3735552" percent="0" />
      <mem type="survivor" free="0" total="1507328" percent="0" />
    </mem>
    <mem type="tenure" free="2087480" total="7864320" percent="26">
      <mem type="soa" free="1694264" total="7471104" percent="22" />
      <mem type="loa" free="393216" total="393216" percent="100" />
    </mem>
    <remembered-set count="5853" />
  </mem-info>
</gc-start>
<allocation-stats totalBytes="2753984" discardedBytes="13040" >
  <allocated-bytes non-tlh="81688" tlh="2672296" />
  <largest-consumer threadName="Equinox start level thread - Equinox Container: 9554b210-53da-498d-8998-aadc2a2bd547" threadId="00000000005CA500" bytes="1158328" />
</allocation-stats>
<gc-op id="490" type="scavenge" timems="2.529" contextid="487" timestamp="2024-07-17T20:35:49.005">
  <scavenger-info tenureage="3" tenuremask="fff8" tiltratio="71" />
  <memory-copied type="nursery" objects="37556" bytes="1468552" bytesdiscarded="33904" />
  <memory-copied type="tenure" objects="43" bytes="688" bytesdiscarded="0" />
  <finalization candidates="234" enqueued="15" />
  <ownableSynchronizers candidates="700" cleared="189" />
  <references type="soft" candidates="660" cleared="0" enqueued="0" dynamicThreshold="9" maxThreshold="32" />
  <references type="weak" candidates="813" cleared="224" enqueued="224" />
  <references type="phantom" candidates="11" cleared="4" enqueued="4" />
  <object-monitors candidates="15" cleared="1"  />
</gc-op>
<gc-end id="491" type="scavenge" contextid="487" durationms="3.148" usertimems="7.437" systemtimems="0.000" stalltimems="2.732" timestamp="2024-07-17T20:35:49.005" activeThreads="4">
  <mem-info id="492" free="3707192" total="13107200" percent="28">
    <mem type="nursery" free="1638400" total="5242880" percent="31">
      <mem type="allocate" free="1638400" total="3145728" percent="52" />
      <mem type="survivor" free="0" total="2097152" percent="0" />
    </mem>
    <mem type="tenure" free="2068792" total="7864320" percent="26">
      <mem type="soa" free="1675576" total="7471104" percent="22" />
      <mem type="loa" free="393216" total="393216" percent="100" />
    </mem>
    <pending-finalizers system="15" default="0" reference="228" classloader="0" />
    <remembered-set count="2444" />
  </mem-info>
</gc-end>
<cycle-end id="493" type="scavenge" contextid="487" timestamp="2024-07-17T20:35:49.005" />
<allocation-satisfied id="494" threadId="0000000000803900" bytesRequested="16392" />
<af-end id="495" timestamp="2024-07-17T20:35:49.006" threadId="0000000000804338" success="true" from="nursery"/>
<exclusive-end id="496" timestamp="2024-07-17T20:35:49.006" durationms="4.440" />

<exclusive-start id="497" timestamp="2024-07-17T20:35:49.022" intervalms="20.537">
  <response-info timems="0.038" idlems="0.038" threads="0" lastid="0000000000803900" lastname="Default Executor-thread-1" />
</exclusive-start>
<af-start id="498" threadId="0000000000804338" totalBytesRequested="8200" timestamp="2024-07-17T20:35:49.022" intervalms="20.611" type="nursery" />
<cycle-start id="499" type="scavenge" contextid="0" timestamp="2024-07-17T20:35:49.022" intervalms="20.609" />
<gc-start id="500" type="scavenge" contextid="499" timestamp="2024-07-17T20:35:49.023">
  <mem-info id="501" free="2068576" total="13107200" percent="15">
    <mem type="nursery" free="0" total="5242880" percent="0">
      <mem type="allocate" free="0" total="3145728" percent="0" />
      <mem type="survivor" free="0" total="2097152" percent="0" />
    </mem>
    <mem type="tenure" free="2068576" total="7864320" percent="26">
      <mem type="soa" free="1675360" total="7471104" percent="22" />
      <mem type="loa" free="393216" total="393216" percent="100" />
    </mem>
    <remembered-set count="2450" />
  </mem-info>
</gc-start>
<allocation-stats totalBytes="1578392" discardedBytes="60224" >
  <allocated-bytes non-tlh="16608" tlh="1561784" />
  <largest-consumer threadName="Default Executor-thread-1" threadId="0000000000803900" bytes="1578392" />
</allocation-stats>
<gc-op id="502" type="scavenge" timems="2.632" contextid="499" timestamp="2024-07-17T20:35:49.025">
  <scavenger-info tenureage="3" tenuremask="6008" tiltratio="60" />
  <memory-copied type="nursery" objects="24199" bytes="944344" bytesdiscarded="161120" />
  <memory-copied type="tenure" objects="17282" bytes="654440" bytesdiscarded="248" />
  <finalization candidates="219" enqueued="0" />
  <ownableSynchronizers candidates="511" cleared="0" />
  <references type="soft" candidates="386" cleared="0" enqueued="0" dynamicThreshold="9" maxThreshold="32" />
  <references type="weak" candidates="203" cleared="0" enqueued="0" />
  <references type="phantom" candidates="2" cleared="0" enqueued="0" />
  <object-monitors candidates="14" cleared="0"  />
</gc-op>
<heap-resize id="503" type="expand" space="nursery" amount="524288" count="1" timems="0.024" reason="excessive time being spent scavenging" timestamp="2024-07-17T20:35:49.026" />
<gc-end id="504" type="scavenge" contextid="499" durationms="3.446" usertimems="7.874" systemtimems="0.000" stalltimems="2.750" timestamp="2024-07-17T20:35:49.026" activeThreads="4">
  <mem-info id="505" free="3474176" total="13631488" percent="25">
    <mem type="nursery" free="2365440" total="5767168" percent="41">
      <mem type="allocate" free="2365440" total="3473408" percent="68" />
      <mem type="survivor" free="0" total="2293760" percent="0" />
    </mem>
    <mem type="tenure" free="1108736" total="7864320" percent="14">
      <mem type="soa" free="715520" total="7471104" percent="9" />
      <mem type="loa" free="393216" total="393216" percent="100" />
    </mem>
    <remembered-set count="1531" />
  </mem-info>
</gc-end>
<cycle-end id="506" type="scavenge" contextid="499" timestamp="2024-07-17T20:35:49.026" />
<allocation-satisfied id="507" threadId="0000000000803900" bytesRequested="8200" />
<af-end id="508" timestamp="2024-07-17T20:35:49.027" threadId="0000000000804338" success="true" from="nursery"/>
<exclusive-end id="509" timestamp="2024-07-17T20:35:49.027" durationms="4.927" />

<concurrent-kickoff id="510" timestamp="2024-07-17T20:35:49.045">
  <kickoff reason="threshold reached" targetBytes="2334129" thresholdFreeBytes="323352"  remainingFree="202752" tenureFreeBytes="1108520" nurseryFreeBytes="202752" />
</concurrent-kickoff>
<exclusive-start id="511" timestamp="2024-07-17T20:35:49.045" intervalms="23.120">
  <response-info timems="0.036" idlems="0.036" threads="0" lastid="0000000000803900" lastname="Default Executor-thread-1" />
</exclusive-start>
<cycle-start id="512" type="global" contextid="0" timestamp="2024-07-17T20:35:49.045" intervalms="266.964" />
<concurrent-start id="513" type="global mark" contextid="512" timestamp="2024-07-17T20:35:49.045">
</concurrent-start>
<exclusive-end id="514" timestamp="2024-07-17T20:35:49.045" durationms="0.588" />

<exclusive-start id="515" timestamp="2024-07-17T20:35:49.049" intervalms="4.203">
  <response-info timems="0.059" idlems="0.059" threads="0" lastid="0000000000803900" lastname="Default Executor-thread-1" />
</exclusive-start>
<af-start id="516" threadId="0000000000804338" totalBytesRequested="8200" timestamp="2024-07-17T20:35:49.049" intervalms="27.309" type="nursery" />
<cycle-start id="517" type="scavenge" contextid="0" timestamp="2024-07-17T20:35:49.050" intervalms="27.408" />
<gc-start id="518" type="scavenge" contextid="517" timestamp="2024-07-17T20:35:49.050">
  <mem-info id="519" free="1108520" total="13631488" percent="8">
    <mem type="nursery" free="0" total="5767168" percent="0">
      <mem type="allocate" free="0" total="3473408" percent="0" />
      <mem type="survivor" free="0" total="2293760" percent="0" />
    </mem>
    <mem type="tenure" free="1108520" total="7864320" percent="14">
      <mem type="soa" free="715304" total="7471104" percent="9" />
      <mem type="loa" free="393216" total="393216" percent="100" />
    </mem>
    <remembered-set count="1538" />
  </mem-info>
</gc-start>
<allocation-stats totalBytes="2283208" discardedBytes="82448" >
  <allocated-bytes non-tlh="8416" tlh="2274792" />
  <largest-consumer threadName="Default Executor-thread-1" threadId="0000000000803900" bytes="2283208" />
</allocation-stats>
<gc-op id="520" type="scavenge" timems="2.446" contextid="517" timestamp="2024-07-17T20:35:49.053">
  <scavenger-info tenureage="3" tenuremask="6008" tiltratio="60" />
  <memory-copied type="nursery" objects="23120" bytes="818064" bytesdiscarded="41536" />
  <memory-copied type="tenure" objects="6723" bytes="326472" bytesdiscarded="112" />
  <finalization candidates="9" enqueued="0" />
  <ownableSynchronizers candidates="411" cleared="0" />
  <references type="soft" candidates="356" cleared="0" enqueued="0" dynamicThreshold="9" maxThreshold="32" />
  <references type="weak" candidates="153" cleared="0" enqueued="0" />
  <references type="phantom" candidates="2" cleared="0" enqueued="0" />
  <object-monitors candidates="14" cleared="0"  />
</gc-op>
<heap-resize id="521" type="expand" space="nursery" amount="393216" count="1" timems="0.024" reason="excessive time being spent scavenging" timestamp="2024-07-17T20:35:49.053" />
<gc-end id="522" type="scavenge" contextid="517" durationms="3.271" usertimems="5.819" systemtimems="0.000" stalltimems="3.980" timestamp="2024-07-17T20:35:49.053" activeThreads="4">
  <mem-info id="523" free="4031768" total="14024704" percent="28">
    <mem type="nursery" free="3333112" total="6160384" percent="54">
      <mem type="allocate" free="3333112" total="4194304" percent="79" />
      <mem type="survivor" free="0" total="1966080" percent="0" />
    </mem>
    <mem type="tenure" free="698656" total="7864320" percent="8">
      <mem type="soa" free="305440" total="7471104" percent="4" />
      <mem type="loa" free="393216" total="393216" percent="100" />
    </mem>
    <remembered-set count="728" />
  </mem-info>
</gc-end>
<cycle-end id="524" type="scavenge" contextid="517" timestamp="2024-07-17T20:35:49.053" />
<allocation-satisfied id="525" threadId="0000000000803900" bytesRequested="8200" />
<af-end id="526" timestamp="2024-07-17T20:35:49.054" threadId="0000000000804338" success="true" from="nursery"/>
<exclusive-end id="527" timestamp="2024-07-17T20:35:49.054" durationms="4.913" />

<exclusive-start id="528" timestamp="2024-07-17T20:35:49.090" intervalms="40.549">
  <response-info timems="0.038" idlems="0.038" threads="0" lastid="0000000000803900" lastname="Default Executor-thread-1" />
</exclusive-start>
<af-start id="529" threadId="0000000000804338" totalBytesRequested="2440" timestamp="2024-07-17T20:35:49.090" intervalms="40.526" type="nursery" />
<percolate-collect id="530" from="nursery" to="global" reason="concurrent mark exhausted" timestamp="2024-07-17T20:35:49.090"/>
<concurrent-end id="531" type="global mark" contextid="512" timestamp="2024-07-17T20:35:49.090">
<gc-op id="532" type="trace" timems="44.313" contextid="512" timestamp="2024-07-17T20:35:49.090">
  <trace bytesTraced="3662104" workStackOverflowCount="0" />
  <card-cleaning reason="card cleaning threshold reached" bytesTraced="1576" cardsCleaned="4" />
</gc-op>
</concurrent-end>

<gc-start id="533" type="global" contextid="512" timestamp="2024-07-17T20:35:49.091">
  <mem-info id="534" free="698656" total="14024704" percent="4">
    <mem type="nursery" free="0" total="6160384" percent="0">
      <mem type="allocate" free="0" total="4194304" percent="0" />
      <mem type="survivor" free="0" total="1966080" percent="0" />
    </mem>
    <mem type="tenure" free="698656" total="7864320" percent="8">
      <mem type="soa" free="305440" total="7471104" percent="4" />
      <mem type="loa" free="393216" total="393216" percent="100" />
    </mem>
    <remembered-set count="728" />
  </mem-info>
</gc-start>
<allocation-stats totalBytes="3162080" discardedBytes="171032" >
  <allocated-bytes non-tlh="8200" tlh="3153880" />
  <largest-consumer threadName="Default Executor-thread-1" threadId="0000000000803900" bytes="3162080" />
</allocation-stats>
<concurrent-halted id="535" timestamp="2024-07-17T20:35:49.091">
  <halted state="Complete" status="exhausted" />
  <traced bytesTarget="2312109" bytesTotal="3663680" bytesByMutator="853320" bytesByHelper="2810360" percent="158" />
  <cards cleaned="4" thresholdBytes="127380" />
</concurrent-halted>
<gc-op id="536" type="rs-scan" timems="1.579" contextid="512" timestamp="2024-07-17T20:35:49.093">
  <scan objectsFound="24258" bytesTraced="778360" workStackOverflowCount="0" />
</gc-op>
<gc-op id="537" type="card-cleaning" timems="0.336" contextid="512" timestamp="2024-07-17T20:35:49.093">
  <card-cleaning cardsCleaned="1" bytesTraced="436" workStackOverflowCount="0" />
</gc-op>
<gc-op id="538" type="mark" timems="4.683" contextid="512" timestamp="2024-07-17T20:35:49.098">
  <trace-info objectcount="3250" scancount="1872" scanbytes="51024" />
  <finalization candidates="687" enqueued="0" />
  <ownableSynchronizers candidates="595" cleared="0" />
  <references type="soft" candidates="5256" cleared="0" enqueued="0" dynamicThreshold="9" maxThreshold="32" />
  <references type="weak" candidates="1202" cleared="0" enqueued="0" />
  <references type="phantom" candidates="120" cleared="0" enqueued="0" />
  <stringconstants candidates="12263" cleared="19"  />
  <object-monitors candidates="14" cleared="0"  />
</gc-op>
<gc-op id="539" type="classunload" timems="0.014" contextid="512" timestamp="2024-07-17T20:35:49.098">
  <classunload-info classloadercandidates="33" classloadersunloaded="0" classesunloaded="0" anonymousclassesunloaded="0" quiescems="0.000" setupms="0.012" scanms="0.002" postms="0.000" />
</gc-op>
<gc-op id="540" type="sweep" timems="0.822" contextid="512" timestamp="2024-07-17T20:35:49.099" />
<heap-resize id="541" type="expand" space="tenure" amount="1769472" count="1" timems="0.028" reason="insufficient free space following gc" timestamp="2024-07-17T20:35:49.100" />
<gc-end id="542" type="global" contextid="512" durationms="8.951" usertimems="14.896" systemtimems="1.572" stalltimems="22.326" timestamp="2024-07-17T20:35:49.100" activeThreads="6">
  <mem-info id="543" free="5453992" total="15794176" percent="34">
    <mem type="nursery" free="2551088" total="6160384" percent="41">
      <mem type="allocate" free="2551088" total="4194304" percent="60" />
      <mem type="survivor" free="0" total="1966080" percent="0" />
    </mem>
    <mem type="tenure" free="2902904" total="9633792" percent="30" micro-fragmented="168733" macro-fragmented="0">
      <mem type="soa" free="2420600" total="9151488" percent="26" />
      <mem type="loa" free="482304" total="482304" percent="100" />
    </mem>
    <remembered-set count="728" />
  </mem-info>
</gc-end>
<cycle-end id="544" type="global" contextid="512" timestamp="2024-07-17T20:35:49.100" />
<allocation-satisfied id="545" threadId="0000000000803900" bytesRequested="2440" />
<af-end id="546" timestamp="2024-07-17T20:35:49.100" threadId="0000000000804338" success="true" from="nursery"/>
<exclusive-end id="547" timestamp="2024-07-17T20:35:49.100" durationms="10.763" />

<exclusive-start id="548" timestamp="2024-07-17T20:35:49.123" intervalms="33.452">
  <response-info timems="0.035" idlems="0.035" threads="0" lastid="0000000000803900" lastname="Default Executor-thread-1" />
</exclusive-start>
<af-start id="549" threadId="0000000000804338" totalBytesRequested="16392" timestamp="2024-07-17T20:35:49.123" intervalms="33.483" type="nursery" />
<cycle-start id="550" type="scavenge" contextid="0" timestamp="2024-07-17T20:35:49.124" intervalms="73.929" />
<gc-start id="551" type="scavenge" contextid="550" timestamp="2024-07-17T20:35:49.124">
  <mem-info id="552" free="2955888" total="15794176" percent="18">
    <mem type="nursery" free="52984" total="6160384" percent="0">
      <mem type="allocate" free="52984" total="4194304" percent="1" />
      <mem type="survivor" free="0" total="1966080" percent="0" />
    </mem>
    <mem type="tenure" free="2902904" total="9633792" percent="30">
      <mem type="soa" free="2420600" total="9151488" percent="26" />
      <mem type="loa" free="482304" total="482304" percent="100" />
    </mem>
    <remembered-set count="728" />
  </mem-info>
</gc-start>
<allocation-stats totalBytes="2472712" discardedBytes="15304" >
  <allocated-bytes non-tlh="926664" tlh="1546048" />
  <largest-consumer threadName="Default Executor-thread-1" threadId="0000000000803900" bytes="2472712" />
</allocation-stats>
<gc-op id="553" type="scavenge" timems="2.624" contextid="550" timestamp="2024-07-17T20:35:49.127">
  <scavenger-info tenureage="2" tenuremask="600c" tiltratio="68" />
  <memory-copied type="nursery" objects="19470" bytes="708480" bytesdiscarded="55696" />
  <memory-copied type="tenure" objects="17463" bytes="616792" bytesdiscarded="1080" />
  <finalization candidates="8" enqueued="0" />
  <ownableSynchronizers candidates="1190" cleared="885" />
  <references type="phantom" candidates="1" cleared="0" enqueued="0" />
  <object-monitors candidates="14" cleared="0"  />
</gc-op>
<gc-end id="554" type="scavenge" contextid="550" durationms="3.389" usertimems="5.872" systemtimems="0.617" stalltimems="3.910" timestamp="2024-07-17T20:35:49.127" activeThreads="4">
  <mem-info id="555" free="5826304" total="15794176" percent="36">
    <mem type="nursery" free="3692264" total="6160384" percent="59">
      <mem type="allocate" free="3692264" total="4456448" percent="82" />
      <mem type="survivor" free="0" total="1703936" percent="0" />
    </mem>
    <mem type="tenure" free="2134040" total="9633792" percent="22">
      <mem type="soa" free="1651736" total="9151488" percent="18" />
      <mem type="loa" free="482304" total="482304" percent="100" />
    </mem>
    <remembered-set count="229" />
  </mem-info>
</gc-end>
<cycle-end id="556" type="scavenge" contextid="550" timestamp="2024-07-17T20:35:49.128" />
<allocation-satisfied id="557" threadId="0000000000803900" bytesRequested="16392" />
<af-end id="558" timestamp="2024-07-17T20:35:49.128" threadId="0000000000804338" success="true" from="nursery"/>
<exclusive-end id="559" timestamp="2024-07-17T20:35:49.128" durationms="5.013" />

<exclusive-start id="560" timestamp="2024-07-17T20:35:49.163" intervalms="39.950">
  <response-info timems="0.031" idlems="0.031" threads="0" lastid="0000000000803900" lastname="Default Executor-thread-1" />
</exclusive-start>
<af-start id="561" threadId="0000000000804338" totalBytesRequested="16392" timestamp="2024-07-17T20:35:49.163" intervalms="39.939" type="nursery" />
<cycle-start id="562" type="scavenge" contextid="0" timestamp="2024-07-17T20:35:49.164" intervalms="39.991" />
<gc-start id="563" type="scavenge" contextid="562" timestamp="2024-07-17T20:35:49.164">
  <mem-info id="564" free="2134040" total="15794176" percent="13">
    <mem type="nursery" free="0" total="6160384" percent="0">
      <mem type="allocate" free="0" total="4456448" percent="0" />
      <mem type="survivor" free="0" total="1703936" percent="0" />
    </mem>
    <mem type="tenure" free="2134040" total="9633792" percent="22">
      <mem type="soa" free="1651736" total="9151488" percent="18" />
      <mem type="loa" free="482304" total="482304" percent="100" />
    </mem>
    <remembered-set count="240" />
  </mem-info>
</gc-start>
<allocation-stats totalBytes="3617952" discardedBytes="74312" >
  <allocated-bytes non-tlh="16392" tlh="3601560" />
  <largest-consumer threadName="Default Executor-thread-1" threadId="0000000000803900" bytes="3617952" />
</allocation-stats>
<gc-op id="565" type="scavenge" timems="1.540" contextid="562" timestamp="2024-07-17T20:35:49.166">
  <scavenger-info tenureage="2" tenuremask="6004" tiltratio="72" />
  <memory-copied type="nursery" objects="22592" bytes="831296" bytesdiscarded="107240" />
  <memory-copied type="tenure" objects="5644" bytes="199480" bytesdiscarded="320" />
  <references type="phantom" candidates="1" cleared="0" enqueued="0" />
  <object-monitors candidates="14" cleared="0"  />
</gc-op>
<gc-end id="566" type="scavenge" contextid="562" durationms="2.203" usertimems="3.851" systemtimems="0.000" stalltimems="2.298" timestamp="2024-07-17T20:35:49.166" activeThreads="4">
  <mem-info id="567" free="5512424" total="15794176" percent="34">
    <mem type="nursery" free="3648976" total="6160384" percent="59">
      <mem type="allocate" free="3648976" total="4587520" percent="79" />
      <mem type="survivor" free="0" total="1572864" percent="0" />
    </mem>
    <mem type="tenure" free="1863448" total="9633792" percent="19">
      <mem type="soa" free="1381144" total="9151488" percent="15" />
      <mem type="loa" free="482304" total="482304" percent="100" />
    </mem>
    <remembered-set count="264" />
  </mem-info>
</gc-end>
<cycle-end id="568" type="scavenge" contextid="562" timestamp="2024-07-17T20:35:49.166" />
<allocation-satisfied id="569" threadId="0000000000803900" bytesRequested="16392" />
<af-end id="570" timestamp="2024-07-17T20:35:49.167" threadId="0000000000804338" success="true" from="nursery"/>
<exclusive-end id="571" timestamp="2024-07-17T20:35:49.167" durationms="3.931" />

<exclusive-start id="572" timestamp="2024-07-17T20:35:49.196" intervalms="33.435">
  <response-info timems="0.042" idlems="0.042" threads="0" lastid="0000000000803900" lastname="Default Executor-thread-1" />
</exclusive-start>
<af-start id="573" threadId="0000000000804338" totalBytesRequested="8200" timestamp="2024-07-17T20:35:49.197" intervalms="33.449" type="nursery" />
<cycle-start id="574" type="scavenge" contextid="0" timestamp="2024-07-17T20:35:49.197" intervalms="33.451" />
<gc-start id="575" type="scavenge" contextid="574" timestamp="2024-07-17T20:35:49.197">
  <mem-info id="576" free="1863448" total="15794176" percent="11">
    <mem type="nursery" free="0" total="6160384" percent="0">
      <mem type="allocate" free="0" total="4587520" percent="0" />
      <mem type="survivor" free="0" total="1572864" percent="0" />
    </mem>
    <mem type="tenure" free="1863448" total="9633792" percent="19">
      <mem type="soa" free="1381144" total="9151488" percent="15" />
      <mem type="loa" free="482304" total="482304" percent="100" />
    </mem>
    <remembered-set count="311" />
  </mem-info>
</gc-start>
<allocation-stats totalBytes="3580976" discardedBytes="68000" >
  <allocated-bytes non-tlh="16392" tlh="3564584" />
  <largest-consumer threadName="Default Executor-thread-1" threadId="0000000000803900" bytes="3580976" />
</allocation-stats>
<gc-op id="577" type="scavenge" timems="1.662" contextid="574" timestamp="2024-07-17T20:35:49.199">
  <scavenger-info tenureage="13" tenuremask="6000" tiltratio="74" />
  <memory-copied type="nursery" objects="31509" bytes="1149296" bytesdiscarded="57624" />
  <references type="phantom" candidates="1" cleared="0" enqueued="0" />
  <object-monitors candidates="14" cleared="0"  />
</gc-op>
<heap-resize id="578" type="expand" space="nursery" amount="262144" count="1" timems="0.026" reason="excessive time being spent scavenging" timestamp="2024-07-17T20:35:49.200" />
<gc-end id="579" type="scavenge" contextid="574" durationms="2.639" usertimems="3.725" systemtimems="0.388" stalltimems="2.275" timestamp="2024-07-17T20:35:49.200" activeThreads="4">
  <mem-info id="580" free="5244040" total="16056320" percent="32">
    <mem type="nursery" free="3380592" total="6422528" percent="52">
      <mem type="allocate" free="3380592" total="4587520" percent="73" />
      <mem type="survivor" free="0" total="1835008" percent="0" />
    </mem>
    <mem type="tenure" free="1863448" total="9633792" percent="19">
      <mem type="soa" free="1381144" total="9151488" percent="15" />
      <mem type="loa" free="482304" total="482304" percent="100" />
    </mem>
    <remembered-set count="257" />
  </mem-info>
</gc-end>
<cycle-end id="581" type="scavenge" contextid="574" timestamp="2024-07-17T20:35:49.200" />
<allocation-satisfied id="582" threadId="0000000000803900" bytesRequested="8200" />
<af-end id="583" timestamp="2024-07-17T20:35:49.201" threadId="0000000000804338" success="true" from="nursery"/>
<exclusive-end id="584" timestamp="2024-07-17T20:35:49.201" durationms="4.522" />

<exclusive-start id="585" timestamp="2024-07-17T20:35:49.233" intervalms="36.889">
  <response-info timems="0.034" idlems="0.034" threads="0" lastid="0000000000803900" lastname="Default Executor-thread-1" />
</exclusive-start>
<af-start id="586" threadId="0000000000804338" totalBytesRequested="24" timestamp="2024-07-17T20:35:49.234" intervalms="36.899" type="nursery" />
<cycle-start id="587" type="scavenge" contextid="0" timestamp="2024-07-17T20:35:49.234" intervalms="36.890" />
<gc-start id="588" type="scavenge" contextid="587" timestamp="2024-07-17T20:35:49.234">
  <mem-info id="589" free="1863448" total="16056320" percent="11">
    <mem type="nursery" free="0" total="6422528" percent="0">
      <mem type="allocate" free="0" total="4587520" percent="0" />
      <mem type="survivor" free="0" total="1835008" percent="0" />
    </mem>
    <mem type="tenure" free="1863448" total="9633792" percent="19">
      <mem type="soa" free="1381144" total="9151488" percent="15" />
      <mem type="loa" free="482304" total="482304" percent="100" />
    </mem>
    <remembered-set count="267" />
  </mem-info>
</gc-start>
<allocation-stats totalBytes="3379064" discardedBytes="1528" >
  <allocated-bytes non-tlh="8200" tlh="3370864" />
  <largest-consumer threadName="Default Executor-thread-1" threadId="0000000000803900" bytes="3379064" />
</allocation-stats>
<gc-op id="590" type="scavenge" timems="1.878" contextid="587" timestamp="2024-07-17T20:35:49.237">
  <scavenger-info tenureage="13" tenuremask="6000" tiltratio="71" />
  <memory-copied type="nursery" objects="39806" bytes="1473560" bytesdiscarded="54944" />
  <references type="phantom" candidates="1" cleared="0" enqueued="0" />
  <object-monitors candidates="14" cleared="0"  />
</gc-op>
<gc-end id="591" type="scavenge" contextid="587" durationms="2.639" usertimems="4.686" systemtimems="0.486" stalltimems="2.017" timestamp="2024-07-17T20:35:49.237" activeThreads="4">
  <mem-info id="592" free="4725848" total="16056320" percent="29">
    <mem type="nursery" free="2862400" total="6422528" percent="44">
      <mem type="allocate" free="2862400" total="4390912" percent="65" />
      <mem type="survivor" free="0" total="2031616" percent="0" />
    </mem>
    <mem type="tenure" free="1863448" total="9633792" percent="19">
      <mem type="soa" free="1381144" total="9151488" percent="15" />
      <mem type="loa" free="482304" total="482304" percent="100" />
    </mem>
    <remembered-set count="266" />
  </mem-info>
</gc-end>
<cycle-end id="593" type="scavenge" contextid="587" timestamp="2024-07-17T20:35:49.237" />
<allocation-satisfied id="594" threadId="0000000000803900" bytesRequested="24" />
<af-end id="595" timestamp="2024-07-17T20:35:49.238" threadId="0000000000804338" success="true" from="nursery"/>
<exclusive-end id="596" timestamp="2024-07-17T20:35:49.238" durationms="4.328" />

<exclusive-start id="597" timestamp="2024-07-17T20:35:49.265" intervalms="32.043">
  <response-info timems="0.035" idlems="0.035" threads="0" lastid="0000000000803900" lastname="Default Executor-thread-1" />
</exclusive-start>
<af-start id="598" threadId="0000000000804338" totalBytesRequested="8200" timestamp="2024-07-17T20:35:49.266" intervalms="32.059" type="nursery" />
<cycle-start id="599" type="scavenge" contextid="0" timestamp="2024-07-17T20:35:49.266" intervalms="32.063" />
<gc-start id="600" type="scavenge" contextid="599" timestamp="2024-07-17T20:35:49.266">
  <mem-info id="601" free="1863448" total="16056320" percent="11">
    <mem type="nursery" free="0" total="6422528" percent="0">
      <mem type="allocate" free="0" total="4390912" percent="0" />
      <mem type="survivor" free="0" total="2031616" percent="0" />
    </mem>
    <mem type="tenure" free="1863448" total="9633792" percent="19">
      <mem type="soa" free="1381144" total="9151488" percent="15" />
      <mem type="loa" free="482304" total="482304" percent="100" />
    </mem>
    <remembered-set count="276" />
  </mem-info>
</gc-start>
<allocation-stats totalBytes="2761696" discardedBytes="100704" >
  <allocated-bytes non-tlh="24" tlh="2761672" />
  <largest-consumer threadName="Default Executor-thread-1" threadId="0000000000803900" bytes="2761696" />
</allocation-stats>
<gc-op id="602" type="scavenge" timems="2.441" contextid="599" timestamp="2024-07-17T20:35:49.269">
  <scavenger-info tenureage="2" tenuremask="701c" tiltratio="68" />
  <memory-copied type="nursery" objects="15288" bytes="543104" bytesdiscarded="66152" />
  <memory-copied type="tenure" objects="31499" bytes="1148504" bytesdiscarded="1336" />
  <references type="phantom" candidates="1" cleared="0" enqueued="0" />
  <object-monitors candidates="14" cleared="0"  />
</gc-op>
<heap-resize id="603" type="expand" space="nursery" amount="393216" count="1" timems="0.035" reason="excessive time being spent scavenging" timestamp="2024-07-17T20:35:49.270" />
<gc-end id="604" type="scavenge" contextid="599" durationms="3.577" usertimems="5.785" systemtimems="0.599" stalltimems="3.144" timestamp="2024-07-17T20:35:49.270" activeThreads="4">
  <mem-info id="605" free="4875600" total="16449536" percent="29">
    <mem type="nursery" free="4109328" total="6815744" percent="60">
      <mem type="allocate" free="4109328" total="4718592" percent="87" />
      <mem type="survivor" free="0" total="2097152" percent="0" />
    </mem>
    <mem type="tenure" free="766272" total="9633792" percent="7">
      <mem type="soa" free="283968" total="9151488" percent="3" />
      <mem type="loa" free="482304" total="482304" percent="100" />
    </mem>
    <remembered-set count="303" />
  </mem-info>
</gc-end>
<cycle-end id="606" type="scavenge" contextid="599" timestamp="2024-07-17T20:35:49.270" />
<allocation-satisfied id="607" threadId="0000000000803900" bytesRequested="8200" />
<af-end id="608" timestamp="2024-07-17T20:35:49.271" threadId="0000000000804338" success="true" from="nursery"/>
<exclusive-end id="609" timestamp="2024-07-17T20:35:49.271" durationms="5.463" />

<concurrent-kickoff id="610" timestamp="2024-07-17T20:35:49.303">
  <kickoff reason="threshold reached" targetBytes="3147820" thresholdFreeBytes="436111"  remainingFree="365576" tenureFreeBytes="766272" nurseryFreeBytes="365576" />
</concurrent-kickoff>
<exclusive-start id="611" timestamp="2024-07-17T20:35:49.303" intervalms="37.665">
  <response-info timems="0.029" idlems="0.029" threads="0" lastid="0000000000803900" lastname="Default Executor-thread-1" />
</exclusive-start>
<cycle-start id="612" type="global" contextid="0" timestamp="2024-07-17T20:35:49.303" intervalms="258.256" />
<concurrent-start id="613" type="global mark" contextid="612" timestamp="2024-07-17T20:35:49.303">
</concurrent-start>
<exclusive-end id="614" timestamp="2024-07-17T20:35:49.304" durationms="0.656" />

<exclusive-start id="615" timestamp="2024-07-17T20:35:49.312" intervalms="8.456">
  <response-info timems="0.040" idlems="0.040" threads="0" lastid="0000000000803900" lastname="Default Executor-thread-1" />
</exclusive-start>
<af-start id="616" threadId="0000000000804338" totalBytesRequested="16392" timestamp="2024-07-17T20:35:49.312" intervalms="46.121" type="nursery" />
<cycle-start id="617" type="scavenge" contextid="0" timestamp="2024-07-17T20:35:49.312" intervalms="46.139" />
<gc-start id="618" type="scavenge" contextid="617" timestamp="2024-07-17T20:35:49.312">
  <mem-info id="619" free="766272" total="16449536" percent="4">
    <mem type="nursery" free="0" total="6815744" percent="0">
      <mem type="allocate" free="0" total="4718592" percent="0" />
      <mem type="survivor" free="0" total="2097152" percent="0" />
    </mem>
    <mem type="tenure" free="766272" total="9633792" percent="7">
      <mem type="soa" free="283968" total="9151488" percent="3" />
      <mem type="loa" free="482304" total="482304" percent="100" />
    </mem>
    <remembered-set count="365" />
  </mem-info>
</gc-start>
<allocation-stats totalBytes="3935384" discardedBytes="173944" >
  <allocated-bytes non-tlh="16400" tlh="3918984" />
  <largest-consumer threadName="Default Executor-thread-1" threadId="0000000000803900" bytes="3935384" />
</allocation-stats>
<gc-op id="620" type="scavenge" timems="1.397" contextid="617" timestamp="2024-07-17T20:35:49.314">
  <scavenger-info tenureage="12" tenuremask="7000" tiltratio="69" />
  <memory-copied type="nursery" objects="24830" bytes="904296" bytesdiscarded="91408" />
  <references type="phantom" candidates="1" cleared="0" enqueued="0" />
  <object-monitors candidates="14" cleared="0"  />
</gc-op>
<gc-end id="621" type="scavenge" contextid="617" durationms="2.281" usertimems="3.447" systemtimems="0.355" stalltimems="1.720" timestamp="2024-07-17T20:35:49.315" activeThreads="4">
  <mem-info id="622" free="4685760" total="16449536" percent="28">
    <mem type="nursery" free="3919488" total="6815744" percent="57">
      <mem type="allocate" free="3919488" total="4915200" percent="79" />
      <mem type="survivor" free="0" total="1900544" percent="0" />
    </mem>
    <mem type="tenure" free="766272" total="9633792" percent="7">
      <mem type="soa" free="283968" total="9151488" percent="3" />
      <mem type="loa" free="482304" total="482304" percent="100" />
    </mem>
    <remembered-set count="365" />
  </mem-info>
</gc-end>
<cycle-end id="623" type="scavenge" contextid="617" timestamp="2024-07-17T20:35:49.315" />
<allocation-satisfied id="624" threadId="0000000000803900" bytesRequested="16392" />
<af-end id="625" timestamp="2024-07-17T20:35:49.316" threadId="0000000000804338" success="true" from="nursery"/>
<exclusive-end id="626" timestamp="2024-07-17T20:35:49.317" durationms="5.101" />

<concurrent-end id="627" type="global mark" contextid="612" timestamp="2024-07-17T20:35:49.321">
<gc-op id="628" type="trace" timems="17.479" contextid="612" timestamp="2024-07-17T20:35:49.321">
  <trace bytesTraced="4967860" workStackOverflowCount="0" />
  <card-cleaning reason="card cleaning threshold reached" bytesTraced="11100" cardsCleaned="14" />
</gc-op>
</concurrent-end>

<exclusive-start id="629" timestamp="2024-07-17T20:35:49.322" intervalms="10.048">
  <response-info timems="0.038" idlems="0.038" threads="0" lastid="0000000000803900" lastname="Default Executor-thread-1" />
</exclusive-start>
<concurrent-global-final id="630" timestamp="2024-07-17T20:35:49.322" contextid="612" intervalms="2580.817" >
  <concurrent-trace-info reason="card cleaning threshold reached" tracedByMutators="1461196" tracedByHelpers="3517764" cardsCleaned="14" workStackOverflowCount="0" />
</concurrent-global-final>
<gc-start id="631" type="global" contextid="612" timestamp="2024-07-17T20:35:49.322">
  <mem-info id="632" free="4456376" total="16449536" percent="27">
    <mem type="nursery" free="3690104" total="6815744" percent="54">
      <mem type="allocate" free="3690104" total="4915200" percent="75" />
      <mem type="survivor" free="0" total="1900544" percent="0" />
    </mem>
    <mem type="tenure" free="766272" total="9633792" percent="7">
      <mem type="soa" free="283968" total="9151488" percent="3" />
      <mem type="loa" free="482304" total="482304" percent="100" />
    </mem>
    <remembered-set count="368" />
  </mem-info>
</gc-start>
<allocation-stats totalBytes="228072" discardedBytes="1312" >
  <allocated-bytes non-tlh="16392" tlh="211680" />
  <largest-consumer threadName="Default Executor-thread-1" threadId="0000000000803900" bytes="228072" />
</allocation-stats>
<gc-op id="633" type="rs-scan" timems="1.465" contextid="612" timestamp="2024-07-17T20:35:49.324">
  <scan objectsFound="19544" bytesTraced="566308" workStackOverflowCount="0" />
</gc-op>
<gc-op id="634" type="card-cleaning" timems="0.772" contextid="612" timestamp="2024-07-17T20:35:49.325">
  <card-cleaning cardsCleaned="5" bytesTraced="18548" workStackOverflowCount="0" />
</gc-op>
<gc-op id="635" type="mark" timems="2.310" contextid="612" timestamp="2024-07-17T20:35:49.328">
  <trace-info objectcount="145" scancount="140" scanbytes="2816" />
  <finalization candidates="687" enqueued="0" />
  <ownableSynchronizers candidates="595" cleared="0" />
  <references type="soft" candidates="5256" cleared="0" enqueued="0" dynamicThreshold="9" maxThreshold="32" />
  <references type="weak" candidates="1202" cleared="0" enqueued="0" />
  <references type="phantom" candidates="120" cleared="0" enqueued="0" />
  <stringconstants candidates="12244" cleared="0"  />
  <object-monitors candidates="14" cleared="0"  />
</gc-op>
<gc-op id="636" type="sweep" timems="0.952" contextid="612" timestamp="2024-07-17T20:35:49.329" />
<heap-resize id="637" type="expand" space="tenure" amount="2818048" count="1" timems="0.032" reason="insufficient free space following gc" timestamp="2024-07-17T20:35:49.329" />
<gc-end id="638" type="global" contextid="612" durationms="7.530" usertimems="2.770" systemtimems="10.394" stalltimems="13.005" timestamp="2024-07-17T20:35:49.330" activeThreads="7">
  <mem-info id="639" free="7719312" total="19267584" percent="40">
    <mem type="nursery" free="3967456" total="6815744" percent="58">
      <mem type="allocate" free="3967456" total="4915200" percent="80" />
      <mem type="survivor" free="0" total="1900544" percent="0" />
    </mem>
    <mem type="tenure" free="3751856" total="12451840" percent="30" micro-fragmented="130875" macro-fragmented="0">
      <mem type="soa" free="3129264" total="11829248" percent="26" />
      <mem type="loa" free="622592" total="622592" percent="100" />
    </mem>
    <remembered-set count="368" />
  </mem-info>
</gc-end>
<cycle-end id="640" type="global" contextid="612" timestamp="2024-07-17T20:35:49.330" />
<exclusive-end id="641" timestamp="2024-07-17T20:35:49.330" durationms="8.597" />

<exclusive-start id="642" timestamp="2024-07-17T20:35:49.371" intervalms="49.184">
  <response-info timems="0.040" idlems="0.040" threads="0" lastid="0000000000803900" lastname="Default Executor-thread-1" />
</exclusive-start>
<af-start id="643" threadId="0000000000804338" totalBytesRequested="16" timestamp="2024-07-17T20:35:49.371" intervalms="59.279" type="nursery" />
<cycle-start id="644" type="scavenge" contextid="0" timestamp="2024-07-17T20:35:49.371" intervalms="59.299" />
<gc-start id="645" type="scavenge" contextid="644" timestamp="2024-07-17T20:35:49.372">
  <mem-info id="646" free="3751856" total="19267584" percent="19">
    <mem type="nursery" free="0" total="6815744" percent="0">
      <mem type="allocate" free="0" total="4915200" percent="0" />
      <mem type="survivor" free="0" total="1900544" percent="0" />
    </mem>
    <mem type="tenure" free="3751856" total="12451840" percent="30">
      <mem type="soa" free="3129264" total="11829248" percent="26" />
      <mem type="loa" free="622592" total="622592" percent="100" />
    </mem>
    <remembered-set count="464" />
  </mem-info>
</gc-start>
<allocation-stats totalBytes="3962696" discardedBytes="4136" >
  <allocated-bytes non-tlh="81968" tlh="3880728" />
  <largest-consumer threadName="Default Executor-thread-1" threadId="0000000000803900" bytes="3962696" />
</allocation-stats>
<gc-op id="647" type="scavenge" timems="1.726" contextid="644" timestamp="2024-07-17T20:35:49.374">
  <scavenger-info tenureage="2" tenuremask="700c" tiltratio="72" />
  <memory-copied type="nursery" objects="19823" bytes="725304" bytesdiscarded="124728" />
  <memory-copied type="tenure" objects="15277" bytes="541960" bytesdiscarded="832" />
  <ownableSynchronizers candidates="1190" cleared="1190" />
  <object-monitors candidates="14" cleared="0"  />
</gc-op>
<gc-end id="648" type="scavenge" contextid="644" durationms="2.596" usertimems="0.000" systemtimems="5.023" stalltimems="1.502" timestamp="2024-07-17T20:35:49.374" activeThreads="4">
  <mem-info id="649" free="7343280" total="19267584" percent="38">
    <mem type="nursery" free="4261776" total="6815744" percent="62">
      <mem type="allocate" free="4261776" total="5111808" percent="83" />
      <mem type="survivor" free="0" total="1703936" percent="0" />
    </mem>
    <mem type="tenure" free="3081504" total="12451840" percent="24">
      <mem type="soa" free="2458912" total="11829248" percent="20" />
      <mem type="loa" free="622592" total="622592" percent="100" />
    </mem>
    <remembered-set count="355" />
  </mem-info>
</gc-end>
<cycle-end id="650" type="scavenge" contextid="644" timestamp="2024-07-17T20:35:49.375" />
<allocation-satisfied id="651" threadId="0000000000803900" bytesRequested="16" />
<af-end id="652" timestamp="2024-07-17T20:35:49.375" threadId="0000000000804338" success="true" from="nursery"/>
<exclusive-end id="653" timestamp="2024-07-17T20:35:49.376" durationms="4.993" />

<exclusive-start id="654" timestamp="2024-07-17T20:35:49.412" intervalms="40.858">
  <response-info timems="0.059" idlems="0.059" threads="0" lastid="0000000000803900" lastname="Default Executor-thread-1" />
</exclusive-start>
<af-start id="655" threadId="0000000000804338" totalBytesRequested="16392" timestamp="2024-07-17T20:35:49.412" intervalms="40.889" type="nursery" />
<cycle-start id="656" type="scavenge" contextid="0" timestamp="2024-07-17T20:35:49.412" intervalms="40.959" />
<gc-start id="657" type="scavenge" contextid="656" timestamp="2024-07-17T20:35:49.413">
  <mem-info id="658" free="3081504" total="19267584" percent="15">
    <mem type="nursery" free="0" total="6815744" percent="0">
      <mem type="allocate" free="0" total="5111808" percent="0" />
      <mem type="survivor" free="0" total="1703936" percent="0" />
    </mem>
    <mem type="tenure" free="3081504" total="12451840" percent="24">
      <mem type="soa" free="2458912" total="11829248" percent="20" />
      <mem type="loa" free="622592" total="622592" percent="100" />
    </mem>
    <remembered-set count="561" />
  </mem-info>
</gc-start>
<allocation-stats totalBytes="4162848" discardedBytes="98928" >
  <allocated-bytes non-tlh="16" tlh="4162832" />
  <largest-consumer threadName="Default Executor-thread-1" threadId="0000000000803900" bytes="4162848" />
</allocation-stats>
<gc-op id="659" type="scavenge" timems="2.402" contextid="656" timestamp="2024-07-17T20:35:49.416">
  <scavenger-info tenureage="12" tenuremask="7000" tiltratio="75" />
  <memory-copied type="nursery" objects="29258" bytes="1120400" bytesdiscarded="59248" />
  <references type="phantom" candidates="1" cleared="0" enqueued="0" />
  <object-monitors candidates="14" cleared="0"  />
</gc-op>
<heap-resize id="660" type="expand" space="nursery" amount="393216" count="1" timems="0.046" reason="excessive time being spent scavenging" timestamp="2024-07-17T20:35:49.417" />
<gc-end id="661" type="scavenge" contextid="656" durationms="3.937" usertimems="6.586" systemtimems="0.777" stalltimems="2.482" timestamp="2024-07-17T20:35:49.417" activeThreads="4">
  <mem-info id="662" free="7210264" total="19660800" percent="36">
    <mem type="nursery" free="4128760" total="7208960" percent="57">
      <mem type="allocate" free="4128760" total="5308416" percent="77" />
      <mem type="survivor" free="0" total="1900544" percent="0" />
    </mem>
    <mem type="tenure" free="3081504" total="12451840" percent="24">
      <mem type="soa" free="2458912" total="11829248" percent="20" />
      <mem type="loa" free="622592" total="622592" percent="100" />
    </mem>
    <remembered-set count="348" />
  </mem-info>
</gc-end>
<cycle-end id="663" type="scavenge" contextid="656" timestamp="2024-07-17T20:35:49.417" />
<allocation-satisfied id="664" threadId="0000000000803900" bytesRequested="16392" />
<af-end id="665" timestamp="2024-07-17T20:35:49.418" threadId="0000000000804338" success="true" from="nursery"/>
<exclusive-end id="666" timestamp="2024-07-17T20:35:49.418" durationms="6.782" />

<exclusive-start id="667" timestamp="2024-07-17T20:35:49.460" intervalms="48.671">
  <response-info timems="0.060" idlems="0.060" threads="0" lastid="00000000007BFC00" lastname="Scheduled Executor-thread-1" />
</exclusive-start>
<af-start id="668" threadId="00000000007C0638" totalBytesRequested="24" timestamp="2024-07-17T20:35:49.461" intervalms="48.649" type="nursery" />
<cycle-start id="669" type="scavenge" contextid="0" timestamp="2024-07-17T20:35:49.461" intervalms="48.659" />
<gc-start id="670" type="scavenge" contextid="669" timestamp="2024-07-17T20:35:49.461">
  <mem-info id="671" free="3081208" total="19660800" percent="15">
    <mem type="nursery" free="0" total="7208960" percent="0">
      <mem type="allocate" free="0" total="5308416" percent="0" />
      <mem type="survivor" free="0" total="1900544" percent="0" />
    </mem>
    <mem type="tenure" free="3081208" total="12451840" percent="24">
      <mem type="soa" free="2458616" total="11829248" percent="20" />
      <mem type="loa" free="622592" total="622592" percent="100" />
    </mem>
    <remembered-set count="407" />
  </mem-info>
</gc-start>
<allocation-stats totalBytes="4049112" discardedBytes="79944" >
  <allocated-bytes non-tlh="16688" tlh="4032424" />
  <largest-consumer threadName="Default Executor-thread-1" threadId="0000000000803900" bytes="4049112" />
</allocation-stats>
<gc-op id="672" type="scavenge" timems="1.745" contextid="669" timestamp="2024-07-17T20:35:49.464">
  <scavenger-info tenureage="2" tenuremask="700c" tiltratio="73" />
  <memory-copied type="nursery" objects="19372" bytes="763280" bytesdiscarded="102048" />
  <memory-copied type="tenure" objects="19823" bytes="725304" bytesdiscarded="832" />
  <references type="phantom" candidates="1" cleared="0" enqueued="0" />
  <object-monitors candidates="14" cleared="0"  />
</gc-op>
<gc-end id="673" type="scavenge" contextid="669" durationms="2.855" usertimems="5.314" systemtimems="0.000" stalltimems="1.531" timestamp="2024-07-17T20:35:49.464" activeThreads="4">
  <mem-info id="674" free="6937584" total="19660800" percent="35">
    <mem type="nursery" free="4639688" total="7208960" percent="64">
      <mem type="allocate" free="4639688" total="5505024" percent="84" />
      <mem type="survivor" free="0" total="1703936" percent="0" />
    </mem>
    <mem type="tenure" free="2297896" total="12451840" percent="18">
      <mem type="soa" free="1675304" total="11829248" percent="14" />
      <mem type="loa" free="622592" total="622592" percent="100" />
    </mem>
    <remembered-set count="338" />
  </mem-info>
</gc-end>
<cycle-end id="675" type="scavenge" contextid="669" timestamp="2024-07-17T20:35:49.465" />
<allocation-satisfied id="676" threadId="00000000007BFC00" bytesRequested="24" />
<af-end id="677" timestamp="2024-07-17T20:35:49.465" threadId="00000000007C0638" success="true" from="nursery"/>
<exclusive-end id="678" timestamp="2024-07-17T20:35:49.466" durationms="5.380" />

<exclusive-start id="679" timestamp="2024-07-17T20:35:49.509" intervalms="48.766">
  <response-info timems="0.042" idlems="0.042" threads="0" lastid="0000000000803900" lastname="Default Executor-thread-1" />
</exclusive-start>
<af-start id="680" threadId="0000000000804338" totalBytesRequested="8200" timestamp="2024-07-17T20:35:49.509" intervalms="48.740" type="nursery" />
<cycle-start id="681" type="scavenge" contextid="0" timestamp="2024-07-17T20:35:49.510" intervalms="48.666" />
<gc-start id="682" type="scavenge" contextid="681" timestamp="2024-07-17T20:35:49.510">
  <mem-info id="683" free="2296904" total="19660800" percent="11">
    <mem type="nursery" free="0" total="7208960" percent="0">
      <mem type="allocate" free="0" total="5505024" percent="0" />
      <mem type="survivor" free="0" total="1703936" percent="0" />
    </mem>
    <mem type="tenure" free="2296904" total="12451840" percent="18">
      <mem type="soa" free="1674312" total="11829248" percent="14" />
      <mem type="loa" free="622592" total="622592" percent="100" />
    </mem>
    <remembered-set count="490" />
  </mem-info>
</gc-start>
<allocation-stats totalBytes="4527712" discardedBytes="112968" >
  <allocated-bytes non-tlh="1016" tlh="4526696" />
  <largest-consumer threadName="Default Executor-thread-1" threadId="0000000000803900" bytes="4506232" />
</allocation-stats>
<gc-op id="684" type="scavenge" timems="2.017" contextid="681" timestamp="2024-07-17T20:35:49.513">
  <scavenger-info tenureage="12" tenuremask="7000" tiltratio="76" />
  <memory-copied type="nursery" objects="30707" bytes="1143128" bytesdiscarded="171688" />
  <ownableSynchronizers candidates="4" cleared="0" />
  <references type="weak" candidates="13" cleared="1" enqueued="1" />
  <references type="phantom" candidates="1" cleared="0" enqueued="0" />
  <object-monitors candidates="16" cleared="0"  />
</gc-op>
<heap-resize id="685" type="expand" space="nursery" amount="262144" count="1" timems="0.026" reason="excessive time being spent scavenging" timestamp="2024-07-17T20:35:49.513" />
<gc-end id="686" type="scavenge" contextid="681" durationms="3.326" usertimems="4.275" systemtimems="0.527" stalltimems="3.289" timestamp="2024-07-17T20:35:49.513" activeThreads="4">
  <mem-info id="687" free="6618112" total="19922944" percent="33">
    <mem type="nursery" free="4321208" total="7471104" percent="57">
      <mem type="allocate" free="4321208" total="5636096" percent="76" />
      <mem type="survivor" free="0" total="1835008" percent="0" />
    </mem>
    <mem type="tenure" free="2296904" total="12451840" percent="18">
      <mem type="soa" free="1674312" total="11829248" percent="14" />
      <mem type="loa" free="622592" total="622592" percent="100" />
    </mem>
    <pending-finalizers system="0" default="0" reference="1" classloader="0" />
    <remembered-set count="449" />
  </mem-info>
</gc-end>
<cycle-end id="688" type="scavenge" contextid="681" timestamp="2024-07-17T20:35:49.514" />
<allocation-satisfied id="689" threadId="0000000000803900" bytesRequested="8200" />
<af-end id="690" timestamp="2024-07-17T20:35:49.514" threadId="0000000000804338" success="true" from="nursery"/>
<exclusive-end id="691" timestamp="2024-07-17T20:35:49.515" durationms="5.484" />

<exclusive-start id="692" timestamp="2024-07-17T20:35:49.567" intervalms="58.234">
  <response-info timems="0.062" idlems="0.062" threads="0" lastid="0000000000803900" lastname="Default Executor-thread-1" />
</exclusive-start>
<af-start id="693" threadId="0000000000804338" totalBytesRequested="64" timestamp="2024-07-17T20:35:49.568" intervalms="58.227" type="nursery" />
<cycle-start id="694" type="scavenge" contextid="0" timestamp="2024-07-17T20:35:49.568" intervalms="58.221" />
<gc-start id="695" type="scavenge" contextid="694" timestamp="2024-07-17T20:35:49.568">
  <mem-info id="696" free="2269752" total="19922944" percent="11">
    <mem type="nursery" free="0" total="7471104" percent="0">
      <mem type="allocate" free="0" total="5636096" percent="0" />
      <mem type="survivor" free="0" total="1835008" percent="0" />
    </mem>
    <mem type="tenure" free="2269752" total="12451840" percent="18">
      <mem type="soa" free="1647160" total="11829248" percent="13" />
      <mem type="loa" free="622592" total="622592" percent="100" />
    </mem>
    <remembered-set count="843" />
  </mem-info>
</gc-start>
<allocation-stats totalBytes="4347768" discardedBytes="592" >
  <allocated-bytes non-tlh="35352" tlh="4312416" />
  <largest-consumer threadName="Default Executor-thread-1" threadId="0000000000803900" bytes="4347768" />
</allocation-stats>
<gc-op id="697" type="scavenge" timems="2.283" contextid="694" timestamp="2024-07-17T20:35:49.571">
  <scavenger-info tenureage="3" tenuremask="7008" tiltratio="75" />
  <memory-copied type="nursery" objects="37654" bytes="1228960" bytesdiscarded="172248" />
  <memory-copied type="tenure" objects="9425" bytes="386552" bytesdiscarded="456" />
  <finalization candidates="11" enqueued="7" />
  <ownableSynchronizers candidates="4" cleared="0" />
  <references type="soft" candidates="8" cleared="0" enqueued="0" dynamicThreshold="9" maxThreshold="32" />
  <references type="weak" candidates="56" cleared="18" enqueued="18" />
  <references type="phantom" candidates="1" cleared="1" enqueued="1" />
  <object-monitors candidates="16" cleared="0"  />
</gc-op>
<gc-end id="698" type="scavenge" contextid="694" durationms="3.331" usertimems="5.426" systemtimems="0.582" stalltimems="3.119" timestamp="2024-07-17T20:35:49.572" activeThreads="4">
  <mem-info id="699" free="6202112" total="19922944" percent="31">
    <mem type="nursery" free="4496896" total="7471104" percent="60">
      <mem type="allocate" free="4496896" total="5898240" percent="76" />
      <mem type="survivor" free="0" total="1572864" percent="0" />
    </mem>
    <mem type="tenure" free="1705216" total="12451840" percent="13">
      <mem type="soa" free="1082624" total="11829248" percent="9" />
      <mem type="loa" free="622592" total="622592" percent="100" />
    </mem>
    <pending-finalizers system="7" default="0" reference="19" classloader="0" />
    <remembered-set count="773" />
  </mem-info>
</gc-end>
<cycle-end id="700" type="scavenge" contextid="694" timestamp="2024-07-17T20:35:49.572" />
<allocation-satisfied id="701" threadId="0000000000803900" bytesRequested="64" />
<af-end id="702" timestamp="2024-07-17T20:35:49.573" threadId="0000000000804338" success="true" from="nursery"/>
<exclusive-end id="703" timestamp="2024-07-17T20:35:49.573" durationms="5.497" />

<concurrent-kickoff id="704" timestamp="2024-07-17T20:35:49.623">
  <kickoff reason="threshold reached" targetBytes="4490281" thresholdFreeBytes="621621"  remainingFree="597440" tenureFreeBytes="1705216" nurseryFreeBytes="597440" />
</concurrent-kickoff>
<exclusive-start id="705" timestamp="2024-07-17T20:35:49.623" intervalms="55.749">
  <response-info timems="0.064" idlems="0.064" threads="0" lastid="0000000000803900" lastname="Default Executor-thread-1" />
</exclusive-start>
<cycle-start id="706" type="global" contextid="0" timestamp="2024-07-17T20:35:49.623" intervalms="320.071" />
<concurrent-start id="707" type="global mark" contextid="706" timestamp="2024-07-17T20:35:49.624">
</concurrent-start>
<exclusive-end id="708" timestamp="2024-07-17T20:35:49.624" durationms="1.073" />

<exclusive-start id="709" timestamp="2024-07-17T20:35:49.638" intervalms="14.942">
  <response-info timems="0.052" idlems="0.052" threads="0" lastid="0000000000803900" lastname="Default Executor-thread-1" />
</exclusive-start>
<af-start id="710" threadId="0000000000804338" totalBytesRequested="32" timestamp="2024-07-17T20:35:49.638" intervalms="70.772" type="nursery" />
<cycle-start id="711" type="scavenge" contextid="0" timestamp="2024-07-17T20:35:49.639" intervalms="70.860" />
<gc-start id="712" type="scavenge" contextid="711" timestamp="2024-07-17T20:35:49.639">
  <mem-info id="713" free="1705216" total="19922944" percent="8">
    <mem type="nursery" free="0" total="7471104" percent="0">
      <mem type="allocate" free="0" total="5898240" percent="0" />
      <mem type="survivor" free="0" total="1572864" percent="0" />
    </mem>
    <mem type="tenure" free="1705216" total="12451840" percent="13">
      <mem type="soa" free="1082624" total="11829248" percent="9" />
      <mem type="loa" free="622592" total="622592" percent="100" />
    </mem>
    <remembered-set count="779" />
  </mem-info>
</gc-start>
<allocation-stats totalBytes="4496192" discardedBytes="704" >
  <allocated-bytes non-tlh="64" tlh="4496128" />
  <largest-consumer threadName="Default Executor-thread-1" threadId="0000000000803900" bytes="4496192" />
</allocation-stats>
<gc-op id="714" type="scavenge" timems="2.818" contextid="711" timestamp="2024-07-17T20:35:49.643">
  <scavenger-info tenureage="2" tenuremask="700c" tiltratio="78" />
  <memory-copied type="nursery" objects="18167" bytes="522232" bytesdiscarded="55040" />
  <memory-copied type="tenure" objects="21226" bytes="754720" bytesdiscarded="792" />
  <finalization candidates="4" enqueued="0" />
  <ownableSynchronizers candidates="4" cleared="0" />
  <references type="soft" candidates="8" cleared="0" enqueued="0" dynamicThreshold="9" maxThreshold="32" />
  <references type="weak" candidates="27" cleared="1" enqueued="1" />
  <object-monitors candidates="16" cleared="0"  />
</gc-op>
<gc-end id="715" type="scavenge" contextid="711" durationms="3.864" usertimems="6.441" systemtimems="0.764" stalltimems="4.026" timestamp="2024-07-17T20:35:49.643" activeThreads="4">
  <mem-info id="716" free="6259712" total="19922944" percent="31">
    <mem type="nursery" free="5320960" total="7471104" percent="71">
      <mem type="allocate" free="5320960" total="5898240" percent="90" />
      <mem type="survivor" free="0" total="1572864" percent="0" />
    </mem>
    <mem type="tenure" free="938752" total="12451840" percent="7">
      <mem type="soa" free="316160" total="11829248" percent="2" />
      <mem type="loa" free="622592" total="622592" percent="100" />
    </mem>
    <pending-finalizers system="0" default="0" reference="1" classloader="0" />
    <remembered-set count="622" />
  </mem-info>
</gc-end>
<cycle-end id="717" type="scavenge" contextid="711" timestamp="2024-07-17T20:35:49.643" />
<allocation-satisfied id="718" threadId="0000000000803900" bytesRequested="32" />
<af-end id="719" timestamp="2024-07-17T20:35:49.644" threadId="0000000000804338" success="true" from="nursery"/>
<exclusive-end id="720" timestamp="2024-07-17T20:35:49.644" durationms="6.518" />

<concurrent-end id="721" type="global mark" contextid="706" timestamp="2024-07-17T20:35:49.646">
<gc-op id="722" type="trace" timems="22.343" contextid="706" timestamp="2024-07-17T20:35:49.646">
  <trace bytesTraced="6382896" workStackOverflowCount="0" />
  <card-cleaning reason="card cleaning threshold reached" bytesTraced="54448" cardsCleaned="128" />
</gc-op>
</concurrent-end>

<exclusive-start id="723" timestamp="2024-07-17T20:35:49.647" intervalms="8.719">
  <response-info timems="0.054" idlems="0.054" threads="0" lastid="0000000000803900" lastname="Default Executor-thread-1" />
</exclusive-start>
<concurrent-global-final id="724" timestamp="2024-07-17T20:35:49.647" contextid="706" intervalms="325.112" >
  <concurrent-trace-info reason="card cleaning threshold reached" tracedByMutators="3255664" tracedByHelpers="3181680" cardsCleaned="128" workStackOverflowCount="0" />
</concurrent-global-final>
<gc-start id="725" type="global" contextid="706" timestamp="2024-07-17T20:35:49.647">
  <mem-info id="726" free="6124512" total="19922944" percent="30">
    <mem type="nursery" free="5185760" total="7471104" percent="69">
      <mem type="allocate" free="5185760" total="5898240" percent="87" />
      <mem type="survivor" free="0" total="1572864" percent="0" />
    </mem>
    <mem type="tenure" free="938752" total="12451840" percent="7">
      <mem type="soa" free="316160" total="11829248" percent="2" />
      <mem type="loa" free="622592" total="622592" percent="100" />
    </mem>
    <remembered-set count="623" />
  </mem-info>
</gc-start>
<allocation-stats totalBytes="135192" discardedBytes="8" >
  <allocated-bytes non-tlh="32" tlh="135160" />
  <largest-consumer threadName="Default Executor-thread-1" threadId="0000000000803900" bytes="135192" />
</allocation-stats>
<gc-op id="727" type="rs-scan" timems="1.344" contextid="706" timestamp="2024-07-17T20:35:49.649">
  <scan objectsFound="13996" bytesTraced="450896" workStackOverflowCount="0" />
</gc-op>
<gc-op id="728" type="card-cleaning" timems="0.711" contextid="706" timestamp="2024-07-17T20:35:49.650">
  <card-cleaning cardsCleaned="1" bytesTraced="1252" workStackOverflowCount="0" />
</gc-op>
<gc-op id="729" type="mark" timems="3.051" contextid="706" timestamp="2024-07-17T20:35:49.653">
  <trace-info objectcount="1857" scancount="1845" scanbytes="49628" />
  <finalization candidates="691" enqueued="0" />
  <ownableSynchronizers candidates="599" cleared="2" />
  <references type="soft" candidates="5262" cleared="0" enqueued="0" dynamicThreshold="9" maxThreshold="32" />
  <references type="weak" candidates="1240" cleared="0" enqueued="0" />
  <references type="phantom" candidates="119" cleared="0" enqueued="0" />
  <stringconstants candidates="12468" cleared="0"  />
  <object-monitors candidates="16" cleared="0"  />
</gc-op>
<gc-op id="730" type="sweep" timems="1.507" contextid="706" timestamp="2024-07-17T20:35:49.655" />
<heap-resize id="731" type="expand" space="tenure" amount="3342336" count="1" timems="0.120" reason="insufficient free space following gc" timestamp="2024-07-17T20:35:49.656" />
<gc-end id="732" type="global" contextid="706" durationms="8.669" usertimems="5.105" systemtimems="10.608" stalltimems="27.194" timestamp="2024-07-17T20:35:49.656" activeThreads="9">
  <mem-info id="733" free="10143080" total="23265280" percent="43">
    <mem type="nursery" free="5369280" total="7471104" percent="71">
      <mem type="allocate" free="5369280" total="5898240" percent="91" />
      <mem type="survivor" free="0" total="1572864" percent="0" />
    </mem>
    <mem type="tenure" free="4773800" total="15794176" percent="30" micro-fragmented="130536" macro-fragmented="0">
      <mem type="soa" free="3983272" total="15003648" percent="26" />
      <mem type="loa" free="790528" total="790528" percent="100" />
    </mem>
    <remembered-set count="574" />
  </mem-info>
</gc-end>
<cycle-end id="734" type="global" contextid="706" timestamp="2024-07-17T20:35:49.656" />
<exclusive-end id="735" timestamp="2024-07-17T20:35:49.657" durationms="9.918" />

<exclusive-start id="736" timestamp="2024-07-17T20:35:49.672" intervalms="25.441">
  <response-info timems="0.175" idlems="0.175" threads="0" lastid="0000000000803900" lastname="Default Executor-thread-1" />
</exclusive-start>
<af-start id="737" threadId="0000000000804338" totalBytesRequested="72" timestamp="2024-07-17T20:35:49.673" intervalms="34.124" type="nursery" />
<cycle-start id="738" type="scavenge" contextid="0" timestamp="2024-07-17T20:35:49.673" intervalms="34.031" />
<gc-start id="739" type="scavenge" contextid="738" timestamp="2024-07-17T20:35:49.673">
  <mem-info id="740" free="4773800" total="23265280" percent="20">
    <mem type="nursery" free="0" total="7471104" percent="0">
      <mem type="allocate" free="0" total="5898240" percent="0" />
      <mem type="survivor" free="0" total="1572864" percent="0" />
    </mem>
    <mem type="tenure" free="4773800" total="15794176" percent="30">
      <mem type="soa" free="3983272" total="15003648" percent="26" />
      <mem type="loa" free="790528" total="790528" percent="100" />
    </mem>
    <remembered-set count="579" />
  </mem-info>
</gc-start>
<allocation-stats totalBytes="5368728" discardedBytes="552" >
  <allocated-bytes non-tlh="0" tlh="5368728" />
  <largest-consumer threadName="Default Executor-thread-1" threadId="0000000000803900" bytes="5368728" />
</allocation-stats>
<gc-op id="741" type="scavenge" timems="1.896" contextid="738" timestamp="2024-07-17T20:35:49.676">
  <scavenger-info tenureage="13" tenuremask="6000" tiltratio="78" />
  <memory-copied type="nursery" objects="19300" bytes="554880" bytesdiscarded="73080" />
  <finalization candidates="4" enqueued="0" />
  <ownableSynchronizers candidates="1194" cleared="1194" />
  <references type="soft" candidates="8" cleared="0" enqueued="0" dynamicThreshold="9" maxThreshold="32" />
  <references type="weak" candidates="26" cleared="0" enqueued="0" />
  <object-monitors candidates="16" cleared="0"  />
</gc-op>
<heap-resize id="742" type="expand" space="nursery" amount="524288" count="1" timems="0.038" reason="excessive time being spent scavenging" timestamp="2024-07-17T20:35:49.676" />
<gc-end id="743" type="scavenge" contextid="738" durationms="3.275" usertimems="4.385" systemtimems="0.535" stalltimems="2.465" timestamp="2024-07-17T20:35:49.676" activeThreads="4">
  <mem-info id="744" free="10633896" total="23789568" percent="44">
    <mem type="nursery" free="5860096" total="7995392" percent="73">
      <mem type="allocate" free="5860096" total="6488064" percent="90" />
      <mem type="survivor" free="0" total="1507328" percent="0" />
    </mem>
    <mem type="tenure" free="4773800" total="15794176" percent="30">
      <mem type="soa" free="3983272" total="15003648" percent="26" />
      <mem type="loa" free="790528" total="790528" percent="100" />
    </mem>
    <remembered-set count="358" />
  </mem-info>
</gc-end>
<cycle-end id="745" type="scavenge" contextid="738" timestamp="2024-07-17T20:35:49.677" />
<allocation-satisfied id="746" threadId="0000000000803900" bytesRequested="72" />
<af-end id="747" timestamp="2024-07-17T20:35:49.677" threadId="0000000000804338" success="true" from="nursery"/>
<exclusive-end id="748" timestamp="2024-07-17T20:35:49.677" durationms="5.086" />

<exclusive-start id="749" timestamp="2024-07-17T20:35:49.697" intervalms="25.090">
  <response-info timems="0.046" idlems="0.046" threads="0" lastid="0000000000803900" lastname="Default Executor-thread-1" />
</exclusive-start>
<af-start id="750" threadId="0000000000804338" totalBytesRequested="72" timestamp="2024-07-17T20:35:49.698" intervalms="25.167" type="nursery" />
<cycle-start id="751" type="scavenge" contextid="0" timestamp="2024-07-17T20:35:49.698" intervalms="25.201" />
<gc-start id="752" type="scavenge" contextid="751" timestamp="2024-07-17T20:35:49.698">
  <mem-info id="753" free="4773536" total="23789568" percent="20">
    <mem type="nursery" free="0" total="7995392" percent="0">
      <mem type="allocate" free="0" total="6488064" percent="0" />
      <mem type="survivor" free="0" total="1507328" percent="0" />
    </mem>
    <mem type="tenure" free="4773536" total="15794176" percent="30">
      <mem type="soa" free="3983008" total="15003648" percent="26" />
      <mem type="loa" free="790528" total="790528" percent="100" />
    </mem>
    <remembered-set count="383" />
  </mem-info>
</gc-start>
<allocation-stats totalBytes="5859640" discardedBytes="720" >
  <allocated-bytes non-tlh="336" tlh="5859304" />
  <largest-consumer threadName="Default Executor-thread-1" threadId="0000000000803900" bytes="5859640" />
</allocation-stats>
<gc-op id="754" type="scavenge" timems="1.993" contextid="751" timestamp="2024-07-17T20:35:49.701">
  <scavenger-info tenureage="3" tenuremask="4008" tiltratio="81" />
  <memory-copied type="nursery" objects="2485" bytes="72648" bytesdiscarded="85816" />
  <memory-copied type="tenure" objects="15914" bytes="458152" bytesdiscarded="2152" />
  <finalization candidates="4" enqueued="0" />
  <references type="weak" candidates="2" cleared="2" enqueued="2" />
  <object-monitors candidates="16" cleared="0"  />
</gc-op>
<heap-resize id="755" type="expand" space="nursery" amount="524288" count="1" timems="0.031" reason="excessive time being spent scavenging" timestamp="2024-07-17T20:35:49.702" />
<gc-end id="756" type="scavenge" contextid="751" durationms="3.384" usertimems="4.083" systemtimems="0.494" stalltimems="3.582" timestamp="2024-07-17T20:35:49.702" activeThreads="4">
  <mem-info id="757" free="11248152" total="24313856" percent="46">
    <mem type="nursery" free="6984960" total="8519680" percent="81">
      <mem type="allocate" free="6984960" total="7143424" percent="97" />
      <mem type="survivor" free="0" total="1376256" percent="0" />
    </mem>
    <mem type="tenure" free="4263192" total="15794176" percent="26">
      <mem type="soa" free="3472664" total="15003648" percent="23" />
      <mem type="loa" free="790528" total="790528" percent="100" />
    </mem>
    <pending-finalizers system="0" default="0" reference="2" classloader="0" />
    <remembered-set count="265" />
  </mem-info>
</gc-end>
<cycle-end id="758" type="scavenge" contextid="751" timestamp="2024-07-17T20:35:49.702" />
<allocation-satisfied id="759" threadId="0000000000803900" bytesRequested="72" />
<af-end id="760" timestamp="2024-07-17T20:35:49.703" threadId="0000000000804338" success="true" from="nursery"/>
<exclusive-end id="761" timestamp="2024-07-17T20:35:49.703" durationms="5.851" />

<exclusive-start id="762" timestamp="2024-07-17T20:35:49.747" intervalms="49.443">
  <response-info timems="0.047" idlems="0.047" threads="0" lastid="0000000000803900" lastname="Default Executor-thread-1" />
</exclusive-start>
<af-start id="763" threadId="0000000000804338" totalBytesRequested="72" timestamp="2024-07-17T20:35:49.747" intervalms="49.332" type="nursery" />
<cycle-start id="764" type="scavenge" contextid="0" timestamp="2024-07-17T20:35:49.747" intervalms="49.361" />
<gc-start id="765" type="scavenge" contextid="764" timestamp="2024-07-17T20:35:49.748">
  <mem-info id="766" free="4263192" total="24313856" percent="17">
    <mem type="nursery" free="0" total="8519680" percent="0">
      <mem type="allocate" free="0" total="7143424" percent="0" />
      <mem type="survivor" free="0" total="1376256" percent="0" />
    </mem>
    <mem type="tenure" free="4263192" total="15794176" percent="26">
      <mem type="soa" free="3472664" total="15003648" percent="23" />
      <mem type="loa" free="790528" total="790528" percent="100" />
    </mem>
    <remembered-set count="489" />
  </mem-info>
</gc-start>
<allocation-stats totalBytes="6983264" discardedBytes="1696" >
  <allocated-bytes non-tlh="72" tlh="6983192" />
  <largest-consumer threadName="Default Executor-thread-1" threadId="0000000000803900" bytes="6983264" />
</allocation-stats>
<gc-op id="767" type="scavenge" timems="1.101" contextid="764" timestamp="2024-07-17T20:35:49.749">
  <scavenger-info tenureage="14" tenuremask="4000" tiltratio="83" />
  <memory-copied type="nursery" objects="9044" bytes="254176" bytesdiscarded="65312" />
  <object-monitors candidates="16" cleared="0"  />
</gc-op>
<gc-end id="768" type="scavenge" contextid="764" durationms="2.002" usertimems="2.168" systemtimems="0.259" stalltimems="1.790" timestamp="2024-07-17T20:35:49.750" activeThreads="4">
  <mem-info id="769" free="11349272" total="24313856" percent="46">
    <mem type="nursery" free="7086080" total="8519680" percent="83">
      <mem type="allocate" free="7086080" total="7405568" percent="95" />
      <mem type="survivor" free="0" total="1114112" percent="0" />
    </mem>
    <mem type="tenure" free="4263192" total="15794176" percent="26">
      <mem type="soa" free="3472664" total="15003648" percent="23" />
      <mem type="loa" free="790528" total="790528" percent="100" />
    </mem>
    <remembered-set count="489" />
  </mem-info>
</gc-end>
<cycle-end id="770" type="scavenge" contextid="764" timestamp="2024-07-17T20:35:49.750" />
<allocation-satisfied id="771" threadId="0000000000803900" bytesRequested="72" />
<af-end id="772" timestamp="2024-07-17T20:35:49.751" threadId="0000000000804338" success="true" from="nursery"/>
<exclusive-end id="773" timestamp="2024-07-17T20:35:49.751" durationms="4.149" />

<exclusive-start id="774" timestamp="2024-07-17T20:35:49.775" intervalms="28.502">
  <response-info timems="0.074" idlems="0.074" threads="0" lastid="0000000000803900" lastname="Default Executor-thread-1" />
</exclusive-start>
<af-start id="775" threadId="0000000000804338" totalBytesRequested="24" timestamp="2024-07-17T20:35:49.776" intervalms="28.528" type="nursery" />
<cycle-start id="776" type="scavenge" contextid="0" timestamp="2024-07-17T20:35:49.776" intervalms="28.519" />
<gc-start id="777" type="scavenge" contextid="776" timestamp="2024-07-17T20:35:49.776">
  <mem-info id="778" free="4263192" total="24313856" percent="17">
    <mem type="nursery" free="0" total="8519680" percent="0">
      <mem type="allocate" free="0" total="7405568" percent="0" />
      <mem type="survivor" free="0" total="1114112" percent="0" />
    </mem>
    <mem type="tenure" free="4263192" total="15794176" percent="26">
      <mem type="soa" free="3472664" total="15003648" percent="23" />
      <mem type="loa" free="790528" total="790528" percent="100" />
    </mem>
    <remembered-set count="534" />
  </mem-info>
</gc-start>
<allocation-stats totalBytes="7085224" discardedBytes="856" >
  <allocated-bytes non-tlh="72" tlh="7085152" />
  <largest-consumer threadName="Default Executor-thread-1" threadId="0000000000803900" bytes="7085224" />
</allocation-stats>
<gc-op id="779" type="scavenge" timems="1.623" contextid="776" timestamp="2024-07-17T20:35:49.778">
  <scavenger-info tenureage="14" tenuremask="4000" tiltratio="86" />
  <memory-copied type="nursery" objects="11763" bytes="330496" bytesdiscarded="38400" />
  <object-monitors candidates="16" cleared="0"  />
</gc-op>
<heap-resize id="780" type="expand" space="nursery" amount="393216" count="1" timems="0.027" reason="excessive time being spent scavenging" timestamp="2024-07-17T20:35:49.779" />
<gc-end id="781" type="scavenge" contextid="776" durationms="2.977" usertimems="2.685" systemtimems="0.222" stalltimems="1.694" timestamp="2024-07-17T20:35:49.779" activeThreads="3">
  <mem-info id="782" free="11758616" total="24707072" percent="47">
    <mem type="nursery" free="7495424" total="8912896" percent="84">
      <mem type="allocate" free="7495424" total="7864320" percent="95" />
      <mem type="survivor" free="0" total="1048576" percent="0" />
    </mem>
    <mem type="tenure" free="4263192" total="15794176" percent="26">
      <mem type="soa" free="3472664" total="15003648" percent="23" />
      <mem type="loa" free="790528" total="790528" percent="100" />
    </mem>
    <remembered-set count="530" />
  </mem-info>
</gc-end>
<cycle-end id="783" type="scavenge" contextid="776" timestamp="2024-07-17T20:35:49.780" />
<allocation-satisfied id="784" threadId="0000000000803900" bytesRequested="24" />
<af-end id="785" timestamp="2024-07-17T20:35:49.780" threadId="0000000000804338" success="true" from="nursery"/>
<exclusive-end id="786" timestamp="2024-07-17T20:35:49.780" durationms="5.061" />

<exclusive-start id="787" timestamp="2024-07-17T20:35:49.803" intervalms="27.439">
  <response-info timems="0.052" idlems="0.052" threads="0" lastid="0000000000803900" lastname="Default Executor-thread-1" />
</exclusive-start>
<af-start id="788" threadId="0000000000804338" totalBytesRequested="32" timestamp="2024-07-17T20:35:49.803" intervalms="27.538" type="nursery" />
<cycle-start id="789" type="scavenge" contextid="0" timestamp="2024-07-17T20:35:49.804" intervalms="27.594" />
<gc-start id="790" type="scavenge" contextid="789" timestamp="2024-07-17T20:35:49.804">
  <mem-info id="791" free="4263192" total="24707072" percent="17">
    <mem type="nursery" free="0" total="8912896" percent="0">
      <mem type="allocate" free="0" total="7864320" percent="0" />
      <mem type="survivor" free="0" total="1048576" percent="0" />
    </mem>
    <mem type="tenure" free="4263192" total="15794176" percent="26">
      <mem type="soa" free="3472664" total="15003648" percent="23" />
      <mem type="loa" free="790528" total="790528" percent="100" />
    </mem>
    <remembered-set count="549" />
  </mem-info>
</gc-start>
<allocation-stats totalBytes="7494768" discardedBytes="656" >
  <allocated-bytes non-tlh="24" tlh="7494744" />
  <largest-consumer threadName="Default Executor-thread-1" threadId="0000000000803900" bytes="7494768" />
</allocation-stats>
<gc-op id="792" type="scavenge" timems="0.939" contextid="789" timestamp="2024-07-17T20:35:49.806">
  <scavenger-info tenureage="2" tenuremask="4004" tiltratio="88" />
  <memory-copied type="nursery" objects="6844" bytes="194616" bytesdiscarded="53704" />
  <memory-copied type="tenure" objects="6559" bytes="181528" bytesdiscarded="56" />
  <object-monitors candidates="16" cleared="0"  />
</gc-op>
<gc-end id="793" type="scavenge" contextid="789" durationms="2.077" usertimems="2.052" systemtimems="0.000" stalltimems="0.736" timestamp="2024-07-17T20:35:49.806" activeThreads="3">
  <mem-info id="794" free="11782424" total="24707072" percent="47">
    <mem type="nursery" free="7747072" total="8912896" percent="86">
      <mem type="allocate" free="7747072" total="7995392" percent="96" />
      <mem type="survivor" free="0" total="917504" percent="0" />
    </mem>
    <mem type="tenure" free="4035352" total="15794176" percent="25">
      <mem type="soa" free="3244824" total="15003648" percent="21" />
      <mem type="loa" free="790528" total="790528" percent="100" />
    </mem>
    <remembered-set count="349" />
  </mem-info>
</gc-end>
<cycle-end id="795" type="scavenge" contextid="789" timestamp="2024-07-17T20:35:49.806" />
<allocation-satisfied id="796" threadId="0000000000803900" bytesRequested="32" />
<af-end id="797" timestamp="2024-07-17T20:35:49.807" threadId="0000000000804338" success="true" from="nursery"/>
<exclusive-end id="798" timestamp="2024-07-17T20:35:49.807" durationms="4.683" />

<exclusive-start id="799" timestamp="2024-07-17T20:35:49.834" intervalms="30.975">
  <response-info timems="0.059" idlems="0.059" threads="0" lastid="0000000000803900" lastname="Default Executor-thread-1" />
</exclusive-start>
<af-start id="800" threadId="0000000000804338" totalBytesRequested="24" timestamp="2024-07-17T20:35:49.834" intervalms="30.959" type="nursery" />
<cycle-start id="801" type="scavenge" contextid="0" timestamp="2024-07-17T20:35:49.834" intervalms="30.820" />
<gc-start id="802" type="scavenge" contextid="801" timestamp="2024-07-17T20:35:49.835">
  <mem-info id="803" free="4035352" total="24707072" percent="16">
    <mem type="nursery" free="0" total="8912896" percent="0">
      <mem type="allocate" free="0" total="7995392" percent="0" />
      <mem type="survivor" free="0" total="917504" percent="0" />
    </mem>
    <mem type="tenure" free="4035352" total="15794176" percent="25">
      <mem type="soa" free="3244824" total="15003648" percent="21" />
      <mem type="loa" free="790528" total="790528" percent="100" />
    </mem>
    <remembered-set count="350" />
  </mem-info>
</gc-start>
<allocation-stats totalBytes="7746232" discardedBytes="840" >
  <allocated-bytes non-tlh="32" tlh="7746200" />
  <largest-consumer threadName="Default Executor-thread-1" threadId="0000000000803900" bytes="7746232" />
</allocation-stats>
<gc-op id="804" type="scavenge" timems="0.863" contextid="801" timestamp="2024-07-17T20:35:49.836">
  <scavenger-info tenureage="6" tenuremask="4040" tiltratio="89" />
  <memory-copied type="nursery" objects="5971" bytes="170952" bytesdiscarded="34616" />
  <memory-copied type="tenure" objects="1008" bytes="27784" bytesdiscarded="32" />
  <object-monitors candidates="16" cleared="0"  />
</gc-op>
<heap-resize id="805" type="expand" space="nursery" amount="393216" count="1" timems="0.026" reason="excessive time being spent scavenging" timestamp="2024-07-17T20:35:49.837" />
<gc-end id="806" type="scavenge" contextid="801" durationms="2.030" usertimems="2.066" systemtimems="0.000" stalltimems="0.645" timestamp="2024-07-17T20:35:49.837" activeThreads="3">
  <mem-info id="807" free="12123928" total="25100288" percent="48">
    <mem type="nursery" free="8117504" total="9306112" percent="87">
      <mem type="allocate" free="8117504" total="8323072" percent="97" />
      <mem type="survivor" free="0" total="983040" percent="0" />
    </mem>
    <mem type="tenure" free="4006424" total="15794176" percent="25">
      <mem type="soa" free="3215896" total="15003648" percent="21" />
      <mem type="loa" free="790528" total="790528" percent="100" />
    </mem>
    <remembered-set count="330" />
  </mem-info>
</gc-end>
<cycle-end id="808" type="scavenge" contextid="801" timestamp="2024-07-17T20:35:49.837" />
<allocation-satisfied id="809" threadId="0000000000803900" bytesRequested="24" />
<af-end id="810" timestamp="2024-07-17T20:35:49.838" threadId="0000000000804338" success="true" from="nursery"/>
<exclusive-end id="811" timestamp="2024-07-17T20:35:49.838" durationms="4.391" />

<exclusive-start id="812" timestamp="2024-07-17T20:35:49.864" intervalms="30.428">
  <response-info timems="0.045" idlems="0.045" threads="0" lastid="0000000000803900" lastname="Default Executor-thread-1" />
</exclusive-start>
<af-start id="813" threadId="0000000000804338" totalBytesRequested="40" timestamp="2024-07-17T20:35:49.864" intervalms="30.359" type="nursery" />
<cycle-start id="814" type="scavenge" contextid="0" timestamp="2024-07-17T20:35:49.865" intervalms="30.398" />
<gc-start id="815" type="scavenge" contextid="814" timestamp="2024-07-17T20:35:49.865">
  <mem-info id="816" free="4006424" total="25100288" percent="15">
    <mem type="nursery" free="0" total="9306112" percent="0">
      <mem type="allocate" free="0" total="8323072" percent="0" />
      <mem type="survivor" free="0" total="983040" percent="0" />
    </mem>
    <mem type="tenure" free="4006424" total="15794176" percent="25">
      <mem type="soa" free="3215896" total="15003648" percent="21" />
      <mem type="loa" free="790528" total="790528" percent="100" />
    </mem>
    <remembered-set count="330" />
  </mem-info>
</gc-start>
<allocation-stats totalBytes="8116808" discardedBytes="696" >
  <allocated-bytes non-tlh="24" tlh="8116784" />
  <largest-consumer threadName="Default Executor-thread-1" threadId="0000000000803900" bytes="8116808" />
</allocation-stats>
<gc-op id="817" type="scavenge" timems="1.510" contextid="814" timestamp="2024-07-17T20:35:49.868">
  <scavenger-info tenureage="3" tenuremask="4048" tiltratio="89" />
  <memory-copied type="nursery" objects="3026" bytes="90016" bytesdiscarded="23144" />
  <memory-copied type="tenure" objects="3097" bytes="85488" bytesdiscarded="56" />
  <object-monitors candidates="16" cleared="0"  />
</gc-op>
<heap-resize id="818" type="expand" space="nursery" amount="393216" count="1" timems="0.030" reason="excessive time being spent scavenging" timestamp="2024-07-17T20:35:49.868" />
<gc-end id="819" type="scavenge" contextid="814" durationms="3.046" usertimems="2.693" systemtimems="0.000" stalltimems="1.753" timestamp="2024-07-17T20:35:49.868" activeThreads="3">
  <mem-info id="820" free="12469264" total="25493504" percent="48">
    <mem type="nursery" free="8537592" total="9699328" percent="88">
      <mem type="allocate" free="8537592" total="8650752" percent="98" />
      <mem type="survivor" free="0" total="1048576" percent="0" />
    </mem>
    <mem type="tenure" free="3931672" total="15794176" percent="24">
      <mem type="soa" free="3141144" total="15003648" percent="20" />
      <mem type="loa" free="790528" total="790528" percent="100" />
    </mem>
    <remembered-set count="286" />
  </mem-info>
</gc-end>
<cycle-end id="821" type="scavenge" contextid="814" timestamp="2024-07-17T20:35:49.869" />
<allocation-satisfied id="822" threadId="0000000000803900" bytesRequested="40" />
<af-end id="823" timestamp="2024-07-17T20:35:49.869" threadId="0000000000804338" success="true" from="nursery"/>
<exclusive-end id="824" timestamp="2024-07-17T20:35:49.870" durationms="5.655" />

<exclusive-start id="825" timestamp="2024-07-17T20:35:49.892" intervalms="28.386">
  <response-info timems="0.045" idlems="0.045" threads="0" lastid="0000000000803900" lastname="Default Executor-thread-1" />
</exclusive-start>
<af-start id="826" threadId="0000000000804338" totalBytesRequested="16" timestamp="2024-07-17T20:35:49.893" intervalms="28.375" type="nursery" />
<cycle-start id="827" type="scavenge" contextid="0" timestamp="2024-07-17T20:35:49.893" intervalms="28.413" />
<gc-start id="828" type="scavenge" contextid="827" timestamp="2024-07-17T20:35:49.894">
  <mem-info id="829" free="3931672" total="25493504" percent="15">
    <mem type="nursery" free="0" total="9699328" percent="0">
      <mem type="allocate" free="0" total="8650752" percent="0" />
      <mem type="survivor" free="0" total="1048576" percent="0" />
    </mem>
    <mem type="tenure" free="3931672" total="15794176" percent="24">
      <mem type="soa" free="3141144" total="15003648" percent="20" />
      <mem type="loa" free="790528" total="790528" percent="100" />
    </mem>
    <remembered-set count="289" />
  </mem-info>
</gc-start>
<allocation-stats totalBytes="8536864" discardedBytes="728" >
  <allocated-bytes non-tlh="40" tlh="8536824" />
  <largest-consumer threadName="Default Executor-thread-1" threadId="0000000000803900" bytes="8536864" />
</allocation-stats>
<gc-op id="830" type="scavenge" timems="0.890" contextid="827" timestamp="2024-07-17T20:35:49.895">
  <scavenger-info tenureage="3" tenuremask="4048" tiltratio="89" />
  <memory-copied type="nursery" objects="597" bytes="19256" bytesdiscarded="18120" />
  <memory-copied type="tenure" objects="2455" bytes="71512" bytesdiscarded="80" />
  <object-monitors candidates="16" cleared="0"  />
</gc-op>
<gc-end id="831" type="scavenge" contextid="827" durationms="2.176" usertimems="1.443" systemtimems="0.000" stalltimems="1.109" timestamp="2024-07-17T20:35:49.896" activeThreads="3">
  <mem-info id="832" free="12554520" total="25493504" percent="49">
    <mem type="nursery" free="8678912" total="9699328" percent="89">
      <mem type="allocate" free="8678912" total="8716288" percent="99" />
      <mem type="survivor" free="0" total="983040" percent="0" />
    </mem>
    <mem type="tenure" free="3875608" total="15794176" percent="24">
      <mem type="soa" free="3085080" total="15003648" percent="20" />
      <mem type="loa" free="790528" total="790528" percent="100" />
    </mem>
    <remembered-set count="244" />
  </mem-info>
</gc-end>
<cycle-end id="833" type="scavenge" contextid="827" timestamp="2024-07-17T20:35:49.896" />
<allocation-satisfied id="834" threadId="0000000000803900" bytesRequested="16" />
<af-end id="835" timestamp="2024-07-17T20:35:49.897" threadId="0000000000804338" success="true" from="nursery"/>
<exclusive-end id="836" timestamp="2024-07-17T20:35:49.897" durationms="4.734" />

<exclusive-start id="837" timestamp="2024-07-17T20:35:49.921" intervalms="28.552">
  <response-info timems="0.050" idlems="0.050" threads="0" lastid="0000000000803900" lastname="Default Executor-thread-1" />
</exclusive-start>
<af-start id="838" threadId="0000000000804338" totalBytesRequested="56" timestamp="2024-07-17T20:35:49.921" intervalms="28.552" type="nursery" />
<cycle-start id="839" type="scavenge" contextid="0" timestamp="2024-07-17T20:35:49.922" intervalms="28.613" />
<gc-start id="840" type="scavenge" contextid="839" timestamp="2024-07-17T20:35:49.922">
  <mem-info id="841" free="3875608" total="25493504" percent="15">
    <mem type="nursery" free="0" total="9699328" percent="0">
      <mem type="allocate" free="0" total="8716288" percent="0" />
      <mem type="survivor" free="0" total="983040" percent="0" />
    </mem>
    <mem type="tenure" free="3875608" total="15794176" percent="24">
      <mem type="soa" free="3085080" total="15003648" percent="20" />
      <mem type="loa" free="790528" total="790528" percent="100" />
    </mem>
    <remembered-set count="244" />
  </mem-info>
</gc-start>
<allocation-stats totalBytes="8678160" discardedBytes="752" >
  <allocated-bytes non-tlh="16" tlh="8678144" />
  <largest-consumer threadName="Default Executor-thread-1" threadId="0000000000803900" bytes="8678160" />
</allocation-stats>
<gc-op id="842" type="scavenge" timems="0.681" contextid="839" timestamp="2024-07-17T20:35:49.923">
  <scavenger-info tenureage="14" tenuremask="4000" tiltratio="89" />
  <memory-copied type="nursery" objects="755" bytes="24032" bytesdiscarded="13344" />
  <object-monitors candidates="16" cleared="0"  />
</gc-op>
<heap-resize id="843" type="expand" space="nursery" amount="393216" count="1" timems="0.027" reason="excessive time being spent scavenging" timestamp="2024-07-17T20:35:49.924" />
<gc-end id="844" type="scavenge" contextid="839" durationms="1.943" usertimems="0.000" systemtimems="1.137" stalltimems="0.331" timestamp="2024-07-17T20:35:49.924" activeThreads="2">
  <mem-info id="845" free="12882200" total="25886720" percent="49">
    <mem type="nursery" free="9006592" total="10092544" percent="89">
      <mem type="allocate" free="9006592" total="9043968" percent="99" />
      <mem type="survivor" free="0" total="1048576" percent="0" />
    </mem>
    <mem type="tenure" free="3875608" total="15794176" percent="24">
      <mem type="soa" free="3085080" total="15003648" percent="20" />
      <mem type="loa" free="790528" total="790528" percent="100" />
    </mem>
    <remembered-set count="225" />
  </mem-info>
</gc-end>
<cycle-end id="846" type="scavenge" contextid="839" timestamp="2024-07-17T20:35:49.925" />
<allocation-satisfied id="847" threadId="0000000000803900" bytesRequested="56" />
<af-end id="848" timestamp="2024-07-17T20:35:49.925" threadId="0000000000804338" success="true" from="nursery"/>
<exclusive-end id="849" timestamp="2024-07-17T20:35:49.925" durationms="4.406" />

<exclusive-start id="850" timestamp="2024-07-17T20:35:49.958" intervalms="37.072">
  <response-info timems="0.055" idlems="0.055" threads="0" lastid="0000000000803900" lastname="Default Executor-thread-1" />
</exclusive-start>
<af-start id="851" threadId="0000000000804338" totalBytesRequested="24" timestamp="2024-07-17T20:35:49.958" intervalms="37.084" type="nursery" />
<cycle-start id="852" type="scavenge" contextid="0" timestamp="2024-07-17T20:35:49.959" intervalms="37.044" />
<gc-start id="853" type="scavenge" contextid="852" timestamp="2024-07-17T20:35:49.959">
  <mem-info id="854" free="3875608" total="25886720" percent="14">
    <mem type="nursery" free="0" total="10092544" percent="0">
      <mem type="allocate" free="0" total="9043968" percent="0" />
      <mem type="survivor" free="0" total="1048576" percent="0" />
    </mem>
    <mem type="tenure" free="3875608" total="15794176" percent="24">
      <mem type="soa" free="3085080" total="15003648" percent="20" />
      <mem type="loa" free="790528" total="790528" percent="100" />
    </mem>
    <remembered-set count="229" />
  </mem-info>
</gc-start>
<allocation-stats totalBytes="9005760" discardedBytes="832" >
  <allocated-bytes non-tlh="56" tlh="9005704" />
  <largest-consumer threadName="Default Executor-thread-1" threadId="0000000000803900" bytes="9005760" />
</allocation-stats>
<gc-op id="855" type="scavenge" timems="0.749" contextid="852" timestamp="2024-07-17T20:35:49.961">
  <scavenger-info tenureage="4" tenuremask="fff0" tiltratio="89" />
  <memory-copied type="nursery" objects="773" bytes="24472" bytesdiscarded="12904" />
  <memory-copied type="tenure" objects="194" bytes="5728" bytesdiscarded="184" />
  <object-monitors candidates="16" cleared="0"  />
</gc-op>
<gc-end id="856" type="scavenge" contextid="852" durationms="1.846" usertimems="1.111" systemtimems="0.127" stalltimems="0.425" timestamp="2024-07-17T20:35:49.961" activeThreads="2">
  <mem-info id="857" free="12863512" total="25886720" percent="49">
    <mem type="nursery" free="9006592" total="10092544" percent="89">
      <mem type="allocate" free="9006592" total="9043968" percent="99" />
      <mem type="survivor" free="0" total="1048576" percent="0" />
    </mem>
    <mem type="tenure" free="3856920" total="15794176" percent="24">
      <mem type="soa" free="3066392" total="15003648" percent="20" />
      <mem type="loa" free="790528" total="790528" percent="100" />
    </mem>
    <remembered-set count="225" />
  </mem-info>
</gc-end>
<cycle-end id="858" type="scavenge" contextid="852" timestamp="2024-07-17T20:35:49.962" />
<allocation-satisfied id="859" threadId="0000000000803900" bytesRequested="24" />
<af-end id="860" timestamp="2024-07-17T20:35:49.962" threadId="0000000000804338" success="true" from="nursery"/>
<exclusive-end id="861" timestamp="2024-07-17T20:35:49.963" durationms="4.513" />

<exclusive-start id="862" timestamp="2024-07-17T20:35:50.026" intervalms="68.421">
  <response-info timems="0.064" idlems="0.064" threads="0" lastid="0000000000803900" lastname="Default Executor-thread-1" />
</exclusive-start>
<af-start id="863" threadId="0000000000804338" totalBytesRequested="24" timestamp="2024-07-17T20:35:50.027" intervalms="68.511" type="nursery" />
<cycle-start id="864" type="scavenge" contextid="0" timestamp="2024-07-17T20:35:50.027" intervalms="68.491" />
<gc-start id="865" type="scavenge" contextid="864" timestamp="2024-07-17T20:35:50.028">
  <mem-info id="866" free="3856920" total="25886720" percent="14">
    <mem type="nursery" free="0" total="10092544" percent="0">
      <mem type="allocate" free="0" total="9043968" percent="0" />
      <mem type="survivor" free="0" total="1048576" percent="0" />
    </mem>
    <mem type="tenure" free="3856920" total="15794176" percent="24">
      <mem type="soa" free="3066392" total="15003648" percent="20" />
      <mem type="loa" free="790528" total="790528" percent="100" />
    </mem>
    <remembered-set count="274" />
  </mem-info>
</gc-start>
<allocation-stats totalBytes="9005520" discardedBytes="1072" >
  <allocated-bytes non-tlh="24" tlh="9005496" />
  <largest-consumer threadName="Default Executor-thread-1" threadId="0000000000803900" bytes="8993232" />
</allocation-stats>
<gc-op id="867" type="scavenge" timems="0.750" contextid="864" timestamp="2024-07-17T20:35:50.029">
  <scavenger-info tenureage="4" tenuremask="ffd0" tiltratio="89" />
  <memory-copied type="nursery" objects="1210" bytes="39768" bytesdiscarded="34936" />
  <memory-copied type="tenure" objects="8" bytes="184" bytesdiscarded="0" />
  <ownableSynchronizers candidates="4" cleared="0" />
  <references type="weak" candidates="2" cleared="0" enqueued="0" />
  <object-monitors candidates="18" cleared="0"  />
</gc-op>
<gc-end id="868" type="scavenge" contextid="864" durationms="1.721" usertimems="1.149" systemtimems="0.141" stalltimems="0.396" timestamp="2024-07-17T20:35:50.029" activeThreads="2">
  <mem-info id="869" free="12826136" total="25886720" percent="49">
    <mem type="nursery" free="8969216" total="10092544" percent="88">
      <mem type="allocate" free="8969216" total="9043968" percent="99" />
      <mem type="survivor" free="0" total="1048576" percent="0" />
    </mem>
    <mem type="tenure" free="3856920" total="15794176" percent="24">
      <mem type="soa" free="3066392" total="15003648" percent="20" />
      <mem type="loa" free="790528" total="790528" percent="100" />
    </mem>
    <remembered-set count="253" />
  </mem-info>
</gc-end>
<cycle-end id="870" type="scavenge" contextid="864" timestamp="2024-07-17T20:35:50.030" />
<allocation-satisfied id="871" threadId="0000000000803900" bytesRequested="24" />
<af-end id="872" timestamp="2024-07-17T20:35:50.030" threadId="0000000000804338" success="true" from="nursery"/>
<exclusive-end id="873" timestamp="2024-07-17T20:35:50.031" durationms="4.289" />

<exclusive-start id="874" timestamp="2024-07-17T20:35:50.099" intervalms="72.247">
  <response-info timems="0.061" idlems="0.061" threads="0" lastid="0000000000803900" lastname="Default Executor-thread-1" />
</exclusive-start>
<af-start id="875" threadId="0000000000804338" totalBytesRequested="32" timestamp="2024-07-17T20:35:50.099" intervalms="72.110" type="nursery" />
<cycle-start id="876" type="scavenge" contextid="0" timestamp="2024-07-17T20:35:50.099" intervalms="72.042" />
<gc-start id="877" type="scavenge" contextid="876" timestamp="2024-07-17T20:35:50.100">
  <mem-info id="878" free="3847368" total="25886720" percent="14">
    <mem type="nursery" free="0" total="10092544" percent="0">
      <mem type="allocate" free="0" total="9043968" percent="0" />
      <mem type="survivor" free="0" total="1048576" percent="0" />
    </mem>
    <mem type="tenure" free="3847368" total="15794176" percent="24">
      <mem type="soa" free="3056840" total="15003648" percent="20" />
      <mem type="loa" free="790528" total="790528" percent="100" />
    </mem>
    <remembered-set count="2535" />
  </mem-info>
</gc-start>
<allocation-stats totalBytes="8977344" discardedBytes="1424" >
  <allocated-bytes non-tlh="9576" tlh="8967768" />
  <largest-consumer threadName="Default Executor-thread-1" threadId="0000000000803900" bytes="8977344" />
</allocation-stats>
<gc-op id="879" type="scavenge" timems="2.334" contextid="876" timestamp="2024-07-17T20:35:50.103">
  <scavenger-info tenureage="6" tenuremask="ffc0" tiltratio="89" />
  <memory-copied type="nursery" objects="19076" bytes="556344" bytesdiscarded="35072" />
  <ownableSynchronizers candidates="4" cleared="0" />
  <references type="soft" candidates="2" cleared="0" enqueued="0" dynamicThreshold="9" maxThreshold="32" />
  <references type="weak" candidates="29" cleared="19" enqueued="19" />
  <object-monitors candidates="18" cleared="0"  />
</gc-op>
<gc-end id="880" type="scavenge" contextid="876" durationms="3.196" usertimems="4.427" systemtimems="0.191" stalltimems="0.161" timestamp="2024-07-17T20:35:50.103" activeThreads="2">
  <mem-info id="881" free="12234176" total="25886720" percent="47">
    <mem type="nursery" free="8386808" total="10092544" percent="83">
      <mem type="allocate" free="8386808" total="8978432" percent="93" />
      <mem type="survivor" free="0" total="1114112" percent="0" />
    </mem>
    <mem type="tenure" free="3847368" total="15794176" percent="24">
      <mem type="soa" free="3056840" total="15003648" percent="20" />
      <mem type="loa" free="790528" total="790528" percent="100" />
    </mem>
    <pending-finalizers system="0" default="0" reference="19" classloader="0" />
    <remembered-set count="2078" />
  </mem-info>
</gc-end>
<cycle-end id="882" type="scavenge" contextid="876" timestamp="2024-07-17T20:35:50.103" />
<allocation-satisfied id="883" threadId="0000000000803900" bytesRequested="32" />
<af-end id="884" timestamp="2024-07-17T20:35:50.104" threadId="0000000000804338" success="true" from="nursery"/>
<exclusive-end id="885" timestamp="2024-07-17T20:35:50.104" durationms="5.384" />

<exclusive-start id="886" timestamp="2024-07-17T20:35:50.228" intervalms="129.650">
  <response-info timems="0.041" idlems="0.041" threads="0" lastid="0000000000803900" lastname="Default Executor-thread-1" />
</exclusive-start>
<af-start id="887" threadId="0000000000804338" totalBytesRequested="84264" timestamp="2024-07-17T20:35:50.229" intervalms="129.630" type="nursery" />
<cycle-start id="888" type="scavenge" contextid="0" timestamp="2024-07-17T20:35:50.229" intervalms="129.610" />
<gc-start id="889" type="scavenge" contextid="888" timestamp="2024-07-17T20:35:50.229">
  <mem-info id="890" free="3920528" total="25886720" percent="15">
    <mem type="nursery" free="74480" total="10092544" percent="0">
      <mem type="allocate" free="74480" total="8978432" percent="0" />
      <mem type="survivor" free="0" total="1114112" percent="0" />
    </mem>
    <mem type="tenure" free="3846048" total="15794176" percent="24">
      <mem type="soa" free="3055520" total="15003648" percent="20" />
      <mem type="loa" free="790528" total="790528" percent="100" />
    </mem>
    <remembered-set count="2420" />
  </mem-info>
</gc-start>
<allocation-stats totalBytes="8303600" discardedBytes="10048" >
  <allocated-bytes non-tlh="572208" tlh="7731392" />
  <largest-consumer threadName="Default Executor-thread-1" threadId="0000000000803900" bytes="8262616" />
</allocation-stats>
<gc-op id="891" type="scavenge" timems="2.056" contextid="888" timestamp="2024-07-17T20:35:50.232">
  <scavenger-info tenureage="4" tenuremask="ffd0" tiltratio="88" />
  <memory-copied type="nursery" objects="23505" bytes="1113176" bytesdiscarded="144" />
  <memory-copied type="tenure" objects="13068" bytes="451592" bytesdiscarded="248" />
  <copy-failed type="nursery" objects="13062" bytes="451592" />
  <ownableSynchronizers candidates="84" cleared="48" />
  <references type="weak" candidates="26" cleared="11" enqueued="11" />
  <references type="phantom" candidates="51" cleared="0" enqueued="0" />
  <object-monitors candidates="18" cleared="0"  />
</gc-op>
<gc-end id="892" type="scavenge" contextid="888" durationms="2.828" usertimems="4.809" systemtimems="0.000" stalltimems="1.439" timestamp="2024-07-17T20:35:50.232" activeThreads="3">
  <mem-info id="893" free="9361344" total="25886720" percent="36">
    <mem type="nursery" free="5963776" total="10092544" percent="59">
      <mem type="allocate" free="5963776" total="7077888" percent="84" />
      <mem type="survivor" free="0" total="3014656" percent="0" />
    </mem>
    <mem type="tenure" free="3397568" total="15794176" percent="21">
      <mem type="soa" free="2607040" total="15003648" percent="17" />
      <mem type="loa" free="790528" total="790528" percent="100" />
    </mem>
    <pending-finalizers system="0" default="0" reference="11" classloader="0" />
    <remembered-set count="2339" />
  </mem-info>
</gc-end>
<cycle-end id="894" type="scavenge" contextid="888" timestamp="2024-07-17T20:35:50.232" />
<allocation-satisfied id="895" threadId="0000000000803900" bytesRequested="84264" />
<af-end id="896" timestamp="2024-07-17T20:35:50.233" threadId="0000000000804338" success="true" from="nursery"/>
<exclusive-end id="897" timestamp="2024-07-17T20:35:50.233" durationms="4.699" />

<exclusive-start id="898" timestamp="2024-07-17T20:35:50.295" intervalms="66.509">
  <response-info timems="0.046" idlems="0.046" threads="0" lastid="0000000000803900" lastname="Default Executor-thread-1" />
</exclusive-start>
<af-start id="899" threadId="0000000000804338" totalBytesRequested="2832" timestamp="2024-07-17T20:35:50.296" intervalms="66.910" type="nursery" />
<cycle-start id="900" type="scavenge" contextid="0" timestamp="2024-07-17T20:35:50.296" intervalms="67.390" />
<gc-start id="901" type="scavenge" contextid="900" timestamp="2024-07-17T20:35:50.297">
  <mem-info id="902" free="3397080" total="25886720" percent="13">
    <mem type="nursery" free="0" total="10092544" percent="0">
      <mem type="allocate" free="0" total="7077888" percent="0" />
      <mem type="survivor" free="0" total="3014656" percent="0" />
    </mem>
    <mem type="tenure" free="3397080" total="15794176" percent="21">
      <mem type="soa" free="2606552" total="15003648" percent="17" />
      <mem type="loa" free="790528" total="790528" percent="100" />
    </mem>
    <remembered-set count="2563" />
  </mem-info>
</gc-start>
<allocation-stats totalBytes="5962448" discardedBytes="1816" >
  <allocated-bytes non-tlh="148224" tlh="5814224" />
  <largest-consumer threadName="Default Executor-thread-1" threadId="0000000000803900" bytes="5913320" />
</allocation-stats>
<gc-op id="903" type="scavenge" timems="2.378" contextid="900" timestamp="2024-07-17T20:35:50.300">
  <scavenger-info tenureage="3" tenuremask="ffd8" tiltratio="70" />
  <memory-copied type="nursery" objects="35753" bytes="1969944" bytesdiscarded="59848" />
  <memory-copied type="tenure" objects="705" bytes="22160" bytesdiscarded="16" />
  <ownableSynchronizers candidates="158" cleared="72" />
  <references type="weak" candidates="14" cleared="0" enqueued="0" />
  <references type="phantom" candidates="124" cleared="0" enqueued="0" />
  <object-monitors candidates="18" cleared="0"  />
</gc-op>
<gc-end id="904" type="scavenge" contextid="900" durationms="3.559" usertimems="5.818" systemtimems="0.000" stalltimems="1.570" timestamp="2024-07-17T20:35:50.300" activeThreads="3">
  <mem-info id="905" free="8560032" total="25886720" percent="33">
    <mem type="nursery" free="5243080" total="10092544" percent="51">
      <mem type="allocate" free="5243080" total="7274496" percent="72" />
      <mem type="survivor" free="0" total="2818048" percent="0" />
    </mem>
    <mem type="tenure" free="3316952" total="15794176" percent="21">
      <mem type="soa" free="2526424" total="15003648" percent="16" />
      <mem type="loa" free="790528" total="790528" percent="100" />
    </mem>
    <remembered-set count="2334" />
  </mem-info>
</gc-end>
<cycle-end id="906" type="scavenge" contextid="900" timestamp="2024-07-17T20:35:50.301" />
<allocation-satisfied id="907" threadId="0000000000803900" bytesRequested="2832" />
<af-end id="908" timestamp="2024-07-17T20:35:50.302" threadId="0000000000804338" success="true" from="nursery"/>
<exclusive-end id="909" timestamp="2024-07-17T20:35:50.302" durationms="7.051" />

<exclusive-start id="910" timestamp="2024-07-17T20:35:50.329" intervalms="33.808">
  <response-info timems="0.039" idlems="0.039" threads="0" lastid="0000000000803900" lastname="Default Executor-thread-1" />
</exclusive-start>
<af-start id="911" threadId="0000000000804338" totalBytesRequested="16" timestamp="2024-07-17T20:35:50.329" intervalms="33.450" type="nursery" />
<cycle-start id="912" type="scavenge" contextid="0" timestamp="2024-07-17T20:35:50.329" intervalms="33.064" />
<gc-start id="913" type="scavenge" contextid="912" timestamp="2024-07-17T20:35:50.330">
  <mem-info id="914" free="3316512" total="25886720" percent="12">
    <mem type="nursery" free="0" total="10092544" percent="0">
      <mem type="allocate" free="0" total="7274496" percent="0" />
      <mem type="survivor" free="0" total="2818048" percent="0" />
    </mem>
    <mem type="tenure" free="3316512" total="15794176" percent="20">
      <mem type="soa" free="2525984" total="15003648" percent="16" />
      <mem type="loa" free="790528" total="790528" percent="100" />
    </mem>
    <remembered-set count="2453" />
  </mem-info>
</gc-start>
<allocation-stats totalBytes="5241784" discardedBytes="1736" >
  <allocated-bytes non-tlh="155352" tlh="5086432" />
  <largest-consumer threadName="Default Executor-thread-1" threadId="0000000000803900" bytes="5192656" />
</allocation-stats>
<gc-op id="915" type="scavenge" timems="2.493" contextid="912" timestamp="2024-07-17T20:35:50.333">
  <scavenger-info tenureage="2" tenuremask="ff4c" tiltratio="72" />
  <memory-copied type="nursery" objects="26863" bytes="1761936" bytesdiscarded="102744" />
  <memory-copied type="tenure" objects="22751" bytes="1086040" bytesdiscarded="368" />
  <ownableSynchronizers candidates="172" cleared="54" />
  <references type="weak" candidates="1" cleared="0" enqueued="0" />
  <references type="phantom" candidates="129" cleared="0" enqueued="0" />
  <object-monitors candidates="18" cleared="0"  />
</gc-op>
<heap-resize id="916" type="expand" space="nursery" amount="655360" count="1" timems="0.019" reason="excessive time being spent scavenging" timestamp="2024-07-17T20:35:50.333" />
<gc-end id="917" type="scavenge" contextid="912" durationms="3.793" usertimems="6.258" systemtimems="0.000" stalltimems="1.374" timestamp="2024-07-17T20:35:50.334" activeThreads="3">
  <mem-info id="918" free="8131224" total="26542080" percent="30">
    <mem type="nursery" free="5932400" total="10747904" percent="55">
      <mem type="allocate" free="5932400" total="7798784" percent="76" />
      <mem type="survivor" free="0" total="2949120" percent="0" />
    </mem>
    <mem type="tenure" free="2198824" total="15794176" percent="13">
      <mem type="soa" free="1408296" total="15003648" percent="9" />
      <mem type="loa" free="790528" total="790528" percent="100" />
    </mem>
    <remembered-set count="575" />
  </mem-info>
</gc-end>
<cycle-end id="919" type="scavenge" contextid="912" timestamp="2024-07-17T20:35:50.334" />
<allocation-satisfied id="920" threadId="0000000000803900" bytesRequested="16" />
<af-end id="921" timestamp="2024-07-17T20:35:50.335" threadId="0000000000804338" success="true" from="nursery"/>
<exclusive-end id="922" timestamp="2024-07-17T20:35:50.335" durationms="6.274" />

<concurrent-kickoff id="923" timestamp="2024-07-17T20:35:50.398">
  <kickoff reason="threshold reached" targetBytes="6147633" thresholdFreeBytes="844311"  remainingFree="800112" tenureFreeBytes="2198720" nurseryFreeBytes="800112" />
</concurrent-kickoff>
<exclusive-start id="924" timestamp="2024-07-17T20:35:50.398" intervalms="69.548">
  <response-info timems="0.034" idlems="0.034" threads="0" lastid="0000000000803900" lastname="Default Executor-thread-1" />
</exclusive-start>
<cycle-start id="925" type="global" contextid="0" timestamp="2024-07-17T20:35:50.398" intervalms="775.107" />
<concurrent-start id="926" type="global mark" contextid="925" timestamp="2024-07-17T20:35:50.399">
</concurrent-start>
<exclusive-end id="927" timestamp="2024-07-17T20:35:50.399" durationms="0.762" />

<concurrent-end id="928" type="global mark" contextid="925" timestamp="2024-07-17T20:35:50.410">
<gc-op id="929" type="trace" timems="10.888" contextid="925" timestamp="2024-07-17T20:35:50.410">
  <trace bytesTraced="7645624" workStackOverflowCount="0" />
  <card-cleaning reason="card cleaning threshold reached" bytesTraced="7664" cardsCleaned="24" />
</gc-op>
</concurrent-end>

<exclusive-start id="930" timestamp="2024-07-17T20:35:50.410" intervalms="12.232">
  <response-info timems="0.045" idlems="0.045" threads="0" lastid="0000000000803900" lastname="Default Executor-thread-1" />
</exclusive-start>
<concurrent-global-final id="931" timestamp="2024-07-17T20:35:50.411" contextid="925" intervalms="763.890" >
  <concurrent-trace-info reason="card cleaning threshold reached" tracedByMutators="3099736" tracedByHelpers="4553552" cardsCleaned="24" workStackOverflowCount="0" />
</concurrent-global-final>
<gc-start id="932" type="global" contextid="925" timestamp="2024-07-17T20:35:50.411">
  <mem-info id="933" free="2198664" total="26542080" percent="8">
    <mem type="nursery" free="0" total="10747904" percent="0">
      <mem type="allocate" free="0" total="7798784" percent="0" />
      <mem type="survivor" free="0" total="2949120" percent="0" />
    </mem>
    <mem type="tenure" free="2198664" total="15794176" percent="13">
      <mem type="soa" free="1408136" total="15003648" percent="9" />
      <mem type="loa" free="790528" total="790528" percent="100" />
    </mem>
    <remembered-set count="957" />
  </mem-info>
</gc-start>
<allocation-stats totalBytes="5930424" discardedBytes="2136" >
  <allocated-bytes non-tlh="336936" tlh="5593488" />
  <largest-consumer threadName="Default Executor-thread-1" threadId="0000000000803900" bytes="5877200" />
</allocation-stats>
<gc-op id="934" type="rs-scan" timems="1.516" contextid="925" timestamp="2024-07-17T20:35:50.413">
  <scan objectsFound="33503" bytesTraced="1000404" workStackOverflowCount="0" />
</gc-op>
<gc-op id="935" type="card-cleaning" timems="0.847" contextid="925" timestamp="2024-07-17T20:35:50.415">
  <card-cleaning cardsCleaned="0" bytesTraced="0" workStackOverflowCount="0" />
</gc-op>
<gc-op id="936" type="mark" timems="3.461" contextid="925" timestamp="2024-07-17T20:35:50.418">
  <trace-info objectcount="2900" scancount="2274" scanbytes="67112" />
  <finalization candidates="691" enqueued="0" />
  <ownableSynchronizers candidates="809" cleared="56" />
  <references type="soft" candidates="5264" cleared="0" enqueued="0" dynamicThreshold="9" maxThreshold="32" />
  <references type="weak" candidates="1257" cleared="0" enqueued="0" />
  <references type="phantom" candidates="351" cleared="0" enqueued="0" />
  <stringconstants candidates="12567" cleared="1"  />
  <object-monitors candidates="19" cleared="0"  />
</gc-op>
<gc-op id="937" type="sweep" timems="1.469" contextid="925" timestamp="2024-07-17T20:35:50.420" />
<heap-resize id="938" type="expand" space="tenure" amount="3407872" count="1" timems="0.030" reason="insufficient free space following gc" timestamp="2024-07-17T20:35:50.420" />
<gc-end id="939" type="global" contextid="925" durationms="9.382" usertimems="0.000" systemtimems="20.255" stalltimems="39.665" timestamp="2024-07-17T20:35:50.421" activeThreads="12">
  <mem-info id="940" free="10117624" total="29949952" percent="33">
    <mem type="nursery" free="4320144" total="10747904" percent="40">
      <mem type="allocate" free="4320144" total="7798784" percent="55" />
      <mem type="survivor" free="0" total="2949120" percent="0" />
    </mem>
    <mem type="tenure" free="5797480" total="19202048" percent="30" micro-fragmented="143285" macro-fragmented="0">
      <mem type="soa" free="4836968" total="18241536" percent="26" />
      <mem type="loa" free="960512" total="960512" percent="100" />
    </mem>
    <remembered-set count="952" />
  </mem-info>
</gc-end>
<cycle-end id="941" type="global" contextid="925" timestamp="2024-07-17T20:35:50.421" />
<exclusive-end id="942" timestamp="2024-07-17T20:35:50.421" durationms="10.583" />

<exclusive-start id="943" timestamp="2024-07-17T20:35:50.440" intervalms="29.756">
  <response-info timems="0.034" idlems="0.034" threads="0" lastid="0000000000803900" lastname="Default Executor-thread-1" />
</exclusive-start>
<af-start id="944" threadId="0000000000804338" totalBytesRequested="16392" timestamp="2024-07-17T20:35:50.441" intervalms="111.579" type="nursery" />
<cycle-start id="945" type="scavenge" contextid="0" timestamp="2024-07-17T20:35:50.441" intervalms="111.561" />
<gc-start id="946" type="scavenge" contextid="945" timestamp="2024-07-17T20:35:50.441">
  <mem-info id="947" free="5796632" total="29949952" percent="19">
    <mem type="nursery" free="0" total="10747904" percent="0">
      <mem type="allocate" free="0" total="7798784" percent="0" />
      <mem type="survivor" free="0" total="2949120" percent="0" />
    </mem>
    <mem type="tenure" free="5796632" total="19202048" percent="30">
      <mem type="soa" free="4836120" total="18241536" percent="26" />
      <mem type="loa" free="960512" total="960512" percent="100" />
    </mem>
    <remembered-set count="1168" />
  </mem-info>
</gc-start>
<allocation-stats totalBytes="4266432" discardedBytes="47392" >
  <allocated-bytes non-tlh="751792" tlh="3514640" />
  <largest-consumer threadName="Default Executor-thread-1" threadId="0000000000803900" bytes="4231288" />
</allocation-stats>
<gc-op id="948" type="scavenge" timems="2.486" contextid="945" timestamp="2024-07-17T20:35:50.445">
  <scavenger-info tenureage="2" tenuremask="ffe4" tiltratio="72" />
  <memory-copied type="nursery" objects="33932" bytes="2510128" bytesdiscarded="90128" />
  <memory-copied type="tenure" objects="12906" bytes="874376" bytesdiscarded="680" />
  <ownableSynchronizers candidates="1474" cleared="1316" />
  <references type="weak" candidates="3" cleared="0" enqueued="0" />
  <references type="phantom" candidates="163" cleared="0" enqueued="0" />
  <object-monitors candidates="19" cleared="0"  />
</gc-op>
<gc-end id="949" type="scavenge" contextid="945" durationms="3.875" usertimems="6.170" systemtimems="0.000" stalltimems="1.284" timestamp="2024-07-17T20:35:50.445" activeThreads="3">
  <mem-info id="950" free="9253568" total="29949952" percent="30">
    <mem type="nursery" free="4541000" total="10747904" percent="42">
      <mem type="allocate" free="4541000" total="7143424" percent="63" />
      <mem type="survivor" free="0" total="3604480" percent="0" />
    </mem>
    <mem type="tenure" free="4712568" total="19202048" percent="24">
      <mem type="soa" free="3752056" total="18241536" percent="20" />
      <mem type="loa" free="960512" total="960512" percent="100" />
    </mem>
    <remembered-set count="680" />
  </mem-info>
</gc-end>
<cycle-end id="951" type="scavenge" contextid="945" timestamp="2024-07-17T20:35:50.446" />
<allocation-satisfied id="952" threadId="0000000000803900" bytesRequested="16392" />
<af-end id="953" timestamp="2024-07-17T20:35:50.446" threadId="0000000000804338" success="true" from="nursery"/>
<exclusive-end id="954" timestamp="2024-07-17T20:35:50.447" durationms="6.485" />

<exclusive-start id="955" timestamp="2024-07-17T20:35:50.467" intervalms="27.100">
  <response-info timems="0.039" idlems="0.039" threads="0" lastid="0000000000803900" lastname="Default Executor-thread-1" />
</exclusive-start>
<af-start id="956" threadId="0000000000804338" totalBytesRequested="24" timestamp="2024-07-17T20:35:50.468" intervalms="27.116" type="nursery" />
<cycle-start id="957" type="scavenge" contextid="0" timestamp="2024-07-17T20:35:50.468" intervalms="27.127" />
<gc-start id="958" type="scavenge" contextid="957" timestamp="2024-07-17T20:35:50.469">
  <mem-info id="959" free="4712312" total="29949952" percent="15">
    <mem type="nursery" free="0" total="10747904" percent="0">
      <mem type="allocate" free="0" total="7143424" percent="0" />
      <mem type="survivor" free="0" total="3604480" percent="0" />
    </mem>
    <mem type="tenure" free="4712312" total="19202048" percent="24">
      <mem type="soa" free="3751800" total="18241536" percent="20" />
      <mem type="loa" free="960512" total="960512" percent="100" />
    </mem>
    <remembered-set count="1024" />
  </mem-info>
</gc-start>
<allocation-stats totalBytes="4539696" discardedBytes="1560" >
  <allocated-bytes non-tlh="147472" tlh="4392224" />
  <largest-consumer threadName="Default Executor-thread-1" threadId="0000000000803900" bytes="4474168" />
</allocation-stats>
<gc-op id="960" type="scavenge" timems="2.206" contextid="957" timestamp="2024-07-17T20:35:50.471">
  <scavenger-info tenureage="4" tenuremask="fff0" tiltratio="66" />
  <memory-copied type="nursery" objects="45757" bytes="3462088" bytesdiscarded="139184" />
  <memory-copied type="tenure" objects="341" bytes="9616" bytesdiscarded="0" />
  <copy-failed type="nursery" objects="341" bytes="9616" />
  <ownableSynchronizers candidates="239" cleared="78" />
  <references type="weak" candidates="2" cleared="0" enqueued="0" />
  <references type="phantom" candidates="240" cleared="0" enqueued="0" />
  <object-monitors candidates="19" cleared="0"  />
</gc-op>
<heap-resize id="961" type="expand" space="nursery" amount="655360" count="1" timems="0.021" reason="excessive time being spent scavenging" timestamp="2024-07-17T20:35:50.472" />
<gc-end id="962" type="scavenge" contextid="957" durationms="3.648" usertimems="4.774" systemtimems="0.581" stalltimems="1.197" timestamp="2024-07-17T20:35:50.472" activeThreads="3">
  <mem-info id="963" free="6987384" total="30605312" percent="22">
    <mem type="nursery" free="2293760" total="11403264" percent="20">
      <mem type="allocate" free="2293760" total="5898240" percent="38" />
      <mem type="survivor" free="0" total="5505024" percent="0" />
    </mem>
    <mem type="tenure" free="4693624" total="19202048" percent="24">
      <mem type="soa" free="3733112" total="18241536" percent="20" />
      <mem type="loa" free="960512" total="960512" percent="100" />
    </mem>
    <remembered-set count="807" />
  </mem-info>
</gc-end>
<cycle-end id="964" type="scavenge" contextid="957" timestamp="2024-07-17T20:35:50.473" />
<allocation-satisfied id="965" threadId="0000000000803900" bytesRequested="24" />
<af-end id="966" timestamp="2024-07-17T20:35:50.473" threadId="0000000000804338" success="true" from="nursery"/>
<exclusive-end id="967" timestamp="2024-07-17T20:35:50.473" durationms="6.183" />

<exclusive-start id="968" timestamp="2024-07-17T20:35:50.484" intervalms="16.677">
  <response-info timems="0.044" idlems="0.044" threads="0" lastid="0000000000803900" lastname="Default Executor-thread-1" />
</exclusive-start>
<af-start id="969" threadId="0000000000804338" totalBytesRequested="16392" timestamp="2024-07-17T20:35:50.484" intervalms="16.607" type="nursery" />
<cycle-start id="970" type="scavenge" contextid="0" timestamp="2024-07-17T20:35:50.485" intervalms="16.630" />
<gc-start id="971" type="scavenge" contextid="970" timestamp="2024-07-17T20:35:50.485">
  <mem-info id="972" free="4693560" total="30605312" percent="15">
    <mem type="nursery" free="0" total="11403264" percent="0">
      <mem type="allocate" free="0" total="5898240" percent="0" />
      <mem type="survivor" free="0" total="5505024" percent="0" />
    </mem>
    <mem type="tenure" free="4693560" total="19202048" percent="24">
      <mem type="soa" free="3733048" total="18241536" percent="20" />
      <mem type="loa" free="960512" total="960512" percent="100" />
    </mem>
    <remembered-set count="995" />
  </mem-info>
</gc-start>
<allocation-stats totalBytes="2280424" discardedBytes="13400" >
  <allocated-bytes non-tlh="36344" tlh="2244080" />
  <largest-consumer threadName="Default Executor-thread-1" threadId="0000000000803900" bytes="2227224" />
</allocation-stats>
<gc-op id="973" type="scavenge" timems="3.164" contextid="970" timestamp="2024-07-17T20:35:50.489">
  <scavenger-info tenureage="2" tenuremask="fffc" tiltratio="51" />
  <memory-copied type="nursery" objects="18867" bytes="1288392" bytesdiscarded="150384" />
  <memory-copied type="tenure" objects="33568" bytes="2489904" bytesdiscarded="2072" />
  <ownableSynchronizers candidates="230" cleared="39" />
  <references type="weak" candidates="4" cleared="0" enqueued="0" />
  <references type="phantom" candidates="118" cleared="0" enqueued="0" />
  <object-monitors candidates="21" cleared="0"  />
</gc-op>
<heap-resize id="974" type="expand" space="nursery" amount="1441792" count="1" timems="0.021" reason="excessive time being spent scavenging" timestamp="2024-07-17T20:35:50.489" />
<gc-end id="975" type="scavenge" contextid="970" durationms="4.689" usertimems="7.479" systemtimems="0.000" stalltimems="1.644" timestamp="2024-07-17T20:35:50.490" activeThreads="3">
  <mem-info id="976" free="8001040" total="32047104" percent="24">
    <mem type="nursery" free="5768576" total="12845056" percent="44">
      <mem type="allocate" free="5768576" total="7208960" percent="80" />
      <mem type="survivor" free="0" total="5636096" percent="0" />
    </mem>
    <mem type="tenure" free="2232464" total="19202048" percent="11">
      <mem type="soa" free="1271952" total="18241536" percent="6" />
      <mem type="loa" free="960512" total="960512" percent="100" />
    </mem>
    <remembered-set count="595" />
  </mem-info>
</gc-end>
<cycle-end id="977" type="scavenge" contextid="970" timestamp="2024-07-17T20:35:50.490" />
<allocation-satisfied id="978" threadId="0000000000803900" bytesRequested="16392" />
<af-end id="979" timestamp="2024-07-17T20:35:50.491" threadId="0000000000804338" success="true" from="nursery"/>
<exclusive-end id="980" timestamp="2024-07-17T20:35:50.491" durationms="7.076" />

<concurrent-kickoff id="981" timestamp="2024-07-17T20:35:50.514">
  <kickoff reason="threshold reached" targetBytes="7813550" thresholdFreeBytes="1075086"  remainingFree="1029504" tenureFreeBytes="2232296" nurseryFreeBytes="1029504" />
</concurrent-kickoff>
<exclusive-start id="982" timestamp="2024-07-17T20:35:50.514" intervalms="30.353">
  <response-info timems="0.042" idlems="0.042" threads="0" lastid="0000000000803900" lastname="Default Executor-thread-1" />
</exclusive-start>
<cycle-start id="983" type="global" contextid="0" timestamp="2024-07-17T20:35:50.515" intervalms="116.215" />
<concurrent-start id="984" type="global mark" contextid="983" timestamp="2024-07-17T20:35:50.515">
</concurrent-start>
<exclusive-end id="985" timestamp="2024-07-17T20:35:50.515" durationms="1.063" />

<concurrent-end id="986" type="global mark" contextid="983" timestamp="2024-07-17T20:35:50.537">
<gc-op id="987" type="trace" timems="21.981" contextid="983" timestamp="2024-07-17T20:35:50.537">
  <trace bytesTraced="8808944" workStackOverflowCount="0" />
  <card-cleaning reason="card cleaning threshold reached" bytesTraced="21372" cardsCleaned="59" />
</gc-op>
</concurrent-end>

<exclusive-start id="988" timestamp="2024-07-17T20:35:50.538" intervalms="23.325">
  <response-info timems="0.034" idlems="0.034" threads="0" lastid="0000000000803900" lastname="Default Executor-thread-1" />
</exclusive-start>
<concurrent-global-final id="989" timestamp="2024-07-17T20:35:50.538" contextid="983" intervalms="127.168" >
  <concurrent-trace-info reason="card cleaning threshold reached" tracedByMutators="1146444" tracedByHelpers="7683872" cardsCleaned="59" workStackOverflowCount="0" />
</concurrent-global-final>
<gc-start id="990" type="global" contextid="983" timestamp="2024-07-17T20:35:50.538">
  <mem-info id="991" free="2450688" total="32047104" percent="7">
    <mem type="nursery" free="218496" total="12845056" percent="1">
      <mem type="allocate" free="218496" total="7208960" percent="3" />
      <mem type="survivor" free="0" total="5636096" percent="0" />
    </mem>
    <mem type="tenure" free="2232192" total="19202048" percent="11">
      <mem type="soa" free="1271680" total="18241536" percent="6" />
      <mem type="loa" free="960512" total="960512" percent="100" />
    </mem>
    <remembered-set count="971" />
  </mem-info>
</gc-start>
<allocation-stats totalBytes="5532808" discardedBytes="17544" >
  <allocated-bytes non-tlh="16664" tlh="5516144" />
  <largest-consumer threadName="Default Executor-thread-1" threadId="0000000000803900" bytes="5455192" />
</allocation-stats>
<gc-op id="992" type="rs-scan" timems="1.614" contextid="983" timestamp="2024-07-17T20:35:50.541">
  <scan objectsFound="25763" bytesTraced="787976" workStackOverflowCount="0" />
</gc-op>
<gc-op id="993" type="card-cleaning" timems="0.811" contextid="983" timestamp="2024-07-17T20:35:50.542">
  <card-cleaning cardsCleaned="10" bytesTraced="24384" workStackOverflowCount="0" />
</gc-op>
<gc-op id="994" type="mark" timems="3.542" contextid="983" timestamp="2024-07-17T20:35:50.545">
  <trace-info objectcount="382" scancount="310" scanbytes="7364" />
  <finalization candidates="691" enqueued="0" />
  <ownableSynchronizers candidates="1019" cleared="92" />
  <references type="soft" candidates="5264" cleared="0" enqueued="0" dynamicThreshold="9" maxThreshold="32" />
  <references type="weak" candidates="1258" cleared="0" enqueued="0" />
  <references type="phantom" candidates="357" cleared="0" enqueued="0" />
  <stringconstants candidates="12575" cleared="0"  />
  <object-monitors candidates="21" cleared="0"  />
</gc-op>
<gc-op id="995" type="sweep" timems="1.400" contextid="983" timestamp="2024-07-17T20:35:50.547" />
<heap-resize id="996" type="expand" space="tenure" amount="2752512" count="1" timems="0.603" reason="insufficient free space following gc" timestamp="2024-07-17T20:35:50.548" />
<gc-end id="997" type="global" contextid="983" durationms="9.809" usertimems="10.960" systemtimems="11.210" stalltimems="42.755" timestamp="2024-07-17T20:35:50.548" activeThreads="12">
  <mem-info id="998" free="11199704" total="34799616" percent="32">
    <mem type="nursery" free="4581832" total="12845056" percent="35">
      <mem type="allocate" free="4581832" total="7208960" percent="63" />
      <mem type="survivor" free="0" total="5636096" percent="0" />
    </mem>
    <mem type="tenure" free="6617872" total="21954560" percent="30" micro-fragmented="179273" macro-fragmented="0">
      <mem type="soa" free="5520144" total="20856832" percent="26" />
      <mem type="loa" free="1097728" total="1097728" percent="100" />
    </mem>
    <remembered-set count="824" />
  </mem-info>
</gc-end>
<cycle-end id="999" type="global" contextid="983" timestamp="2024-07-17T20:35:50.548" />
<exclusive-end id="1000" timestamp="2024-07-17T20:35:50.548" durationms="10.822" />

<exclusive-start id="1001" timestamp="2024-07-17T20:35:50.602" intervalms="64.541">
  <response-info timems="0.038" idlems="0.038" threads="0" lastid="0000000000597100" lastname="Framework Event Dispatcher: Equinox Container: 9554b210-53da-49" />
</exclusive-start>
<af-start id="1002" threadId="0000000000597B38" totalBytesRequested="24" timestamp="2024-07-17T20:35:50.603" intervalms="118.213" type="nursery" />
<cycle-start id="1003" type="scavenge" contextid="0" timestamp="2024-07-17T20:35:50.603" intervalms="118.186" />
<gc-start id="1004" type="scavenge" contextid="1003" timestamp="2024-07-17T20:35:50.603">
  <mem-info id="1005" free="6616192" total="34799616" percent="19">
    <mem type="nursery" free="0" total="12845056" percent="0">
      <mem type="allocate" free="0" total="7208960" percent="0" />
      <mem type="survivor" free="0" total="5636096" percent="0" />
    </mem>
    <mem type="tenure" free="6616192" total="21954560" percent="30">
      <mem type="soa" free="5518464" total="20856832" percent="26" />
      <mem type="loa" free="1097728" total="1097728" percent="100" />
    </mem>
    <remembered-set count="1537" />
  </mem-info>
</gc-start>
<allocation-stats totalBytes="4484056" discardedBytes="85808" >
  <allocated-bytes non-tlh="1530128" tlh="2953928" />
  <largest-consumer threadName="Default Executor-thread-1" threadId="0000000000803900" bytes="4460936" />
</allocation-stats>
<gc-op id="1006" type="scavenge" timems="2.963" contextid="1003" timestamp="2024-07-17T20:35:50.607">
  <scavenger-info tenureage="5" tenuremask="ffe0" tiltratio="56" />
  <memory-copied type="nursery" objects="39641" bytes="2721096" bytesdiscarded="52712" />
  <ownableSynchronizers candidates="1919" cleared="1752" />
  <references type="weak" candidates="2" cleared="0" enqueued="0" />
  <references type="phantom" candidates="243" cleared="0" enqueued="0" />
  <object-monitors candidates="21" cleared="0"  />
</gc-op>
<gc-end id="1007" type="scavenge" contextid="1003" durationms="3.981" usertimems="6.851" systemtimems="0.872" stalltimems="1.241" timestamp="2024-07-17T20:35:50.607" activeThreads="3">
  <mem-info id="1008" free="11768968" total="34799616" percent="33">
    <mem type="nursery" free="5152776" total="12845056" percent="40">
      <mem type="allocate" free="5152776" total="7929856" percent="64" />
      <mem type="survivor" free="0" total="4915200" percent="0" />
    </mem>
    <mem type="tenure" free="6616192" total="21954560" percent="30">
      <mem type="soa" free="5518464" total="20856832" percent="26" />
      <mem type="loa" free="1097728" total="1097728" percent="100" />
    </mem>
    <remembered-set count="740" />
  </mem-info>
</gc-end>
<cycle-end id="1009" type="scavenge" contextid="1003" timestamp="2024-07-17T20:35:50.608" />
<allocation-satisfied id="1010" threadId="0000000000597100" bytesRequested="24" />
<af-end id="1011" timestamp="2024-07-17T20:35:50.608" threadId="0000000000597B38" success="true" from="nursery"/>
<exclusive-end id="1012" timestamp="2024-07-17T20:35:50.608" durationms="5.984" />

<exclusive-start id="1013" timestamp="2024-07-17T20:35:50.667" intervalms="64.971">
  <response-info timems="0.076" idlems="0.076" threads="0" lastid="0000000000803900" lastname="Default Executor-thread-1" />
</exclusive-start>
<af-start id="1014" threadId="0000000000804338" totalBytesRequested="16" timestamp="2024-07-17T20:35:50.668" intervalms="65.005" type="nursery" />
<cycle-start id="1015" type="scavenge" contextid="0" timestamp="2024-07-17T20:35:50.668" intervalms="65.023" />
<gc-start id="1016" type="scavenge" contextid="1015" timestamp="2024-07-17T20:35:50.668">
  <mem-info id="1017" free="6616128" total="34799616" percent="19">
    <mem type="nursery" free="0" total="12845056" percent="0">
      <mem type="allocate" free="0" total="7929856" percent="0" />
      <mem type="survivor" free="0" total="4915200" percent="0" />
    </mem>
    <mem type="tenure" free="6616128" total="21954560" percent="30">
      <mem type="soa" free="5518400" total="20856832" percent="26" />
      <mem type="loa" free="1097728" total="1097728" percent="100" />
    </mem>
    <remembered-set count="986" />
  </mem-info>
</gc-start>
<allocation-stats totalBytes="5150696" discardedBytes="2144" >
  <allocated-bytes non-tlh="88" tlh="5150608" />
  <largest-consumer threadName="Default Executor-thread-1" threadId="0000000000803900" bytes="5093328" />
</allocation-stats>
<gc-op id="1018" type="scavenge" timems="2.947" contextid="1015" timestamp="2024-07-17T20:35:50.672">
  <scavenger-info tenureage="3" tenuremask="fff8" tiltratio="61" />
  <memory-copied type="nursery" objects="39298" bytes="2425280" bytesdiscarded="65152" />
  <memory-copied type="tenure" objects="10867" bytes="891744" bytesdiscarded="3656" />
  <ownableSynchronizers candidates="254" cleared="51" />
  <references type="weak" candidates="3" cleared="0" enqueued="0" />
  <references type="phantom" candidates="219" cleared="0" enqueued="0" />
  <object-monitors candidates="21" cleared="0"  />
</gc-op>
<gc-end id="1019" type="scavenge" contextid="1015" durationms="4.024" usertimems="8.927" systemtimems="1.145" stalltimems="2.069" timestamp="2024-07-17T20:35:50.672" activeThreads="4">
  <mem-info id="1020" free="11280440" total="34799616" percent="32">
    <mem type="nursery" free="5764168" total="12845056" percent="44">
      <mem type="allocate" free="5764168" total="8257536" percent="69" />
      <mem type="survivor" free="0" total="4587520" percent="0" />
    </mem>
    <mem type="tenure" free="5516272" total="21954560" percent="25">
      <mem type="soa" free="4418544" total="20856832" percent="21" />
      <mem type="loa" free="1097728" total="1097728" percent="100" />
    </mem>
    <remembered-set count="775" />
  </mem-info>
</gc-end>
<cycle-end id="1021" type="scavenge" contextid="1015" timestamp="2024-07-17T20:35:50.673" />
<allocation-satisfied id="1022" threadId="0000000000803900" bytesRequested="16" />
<af-end id="1023" timestamp="2024-07-17T20:35:50.673" threadId="0000000000804338" success="true" from="nursery"/>
<exclusive-end id="1024" timestamp="2024-07-17T20:35:50.674" durationms="6.705" />

<exclusive-start id="1025" timestamp="2024-07-17T20:35:50.801" intervalms="133.381">
  <response-info timems="0.066" idlems="0.066" threads="0" lastid="0000000000803900" lastname="Default Executor-thread-1" />
</exclusive-start>
<af-start id="1026" threadId="0000000000804338" totalBytesRequested="8200" timestamp="2024-07-17T20:35:50.801" intervalms="133.466" type="nursery" />
<cycle-start id="1027" type="scavenge" contextid="0" timestamp="2024-07-17T20:35:50.801" intervalms="133.523" />
<gc-start id="1028" type="scavenge" contextid="1027" timestamp="2024-07-17T20:35:50.802">
  <mem-info id="1029" free="5514536" total="34799616" percent="15">
    <mem type="nursery" free="0" total="12845056" percent="0">
      <mem type="allocate" free="0" total="8257536" percent="0" />
      <mem type="survivor" free="0" total="4587520" percent="0" />
    </mem>
    <mem type="tenure" free="5514536" total="21954560" percent="25">
      <mem type="soa" free="4416808" total="20856832" percent="21" />
      <mem type="loa" free="1097728" total="1097728" percent="100" />
    </mem>
    <remembered-set count="893" />
  </mem-info>
</gc-start>
<allocation-stats totalBytes="5757272" discardedBytes="8632" >
  <allocated-bytes non-tlh="1026808" tlh="4730464" />
  <largest-consumer threadName="Default Executor-thread-1" threadId="0000000000803900" bytes="5736792" />
</allocation-stats>
<gc-op id="1030" type="scavenge" timems="2.444" contextid="1027" timestamp="2024-07-17T20:35:50.805">
  <scavenger-info tenureage="2" tenuremask="780c" tiltratio="64" />
  <memory-copied type="nursery" objects="13592" bytes="789928" bytesdiscarded="346856" />
  <memory-copied type="tenure" objects="28761" bytes="1828976" bytesdiscarded="2880" />
  <ownableSynchronizers candidates="171" cleared="12" />
  <references type="weak" candidates="3" cleared="1" enqueued="1" />
  <references type="phantom" candidates="67" cleared="0" enqueued="0" />
  <object-monitors candidates="21" cleared="0"  />
</gc-op>
<gc-end id="1031" type="scavenge" contextid="1027" durationms="3.630" usertimems="7.226" systemtimems="0.000" stalltimems="4.751" timestamp="2024-07-17T20:35:50.806" activeThreads="5">
  <mem-info id="1032" free="11018544" total="34799616" percent="31">
    <mem type="nursery" free="7447560" total="12845056" percent="57">
      <mem type="allocate" free="7447560" total="8585216" percent="86" />
      <mem type="survivor" free="0" total="4259840" percent="0" />
    </mem>
    <mem type="tenure" free="3570984" total="21954560" percent="16">
      <mem type="soa" free="2473256" total="20856832" percent="11" />
      <mem type="loa" free="1097728" total="1097728" percent="100" />
    </mem>
    <pending-finalizers system="0" default="0" reference="1" classloader="0" />
    <remembered-set count="481" />
  </mem-info>
</gc-end>
<cycle-end id="1033" type="scavenge" contextid="1027" timestamp="2024-07-17T20:35:50.806" />
<allocation-satisfied id="1034" threadId="0000000000803900" bytesRequested="8200" />
<af-end id="1035" timestamp="2024-07-17T20:35:50.807" threadId="0000000000804338" success="true" from="nursery"/>
<exclusive-end id="1036" timestamp="2024-07-17T20:35:50.807" durationms="6.453" />

<concurrent-kickoff id="1037" timestamp="2024-07-17T20:35:50.840">
  <kickoff reason="threshold reached" targetBytes="9156689" thresholdFreeBytes="1261364"  remainingFree="1250384" tenureFreeBytes="3570928" nurseryFreeBytes="1250384" />
</concurrent-kickoff>
<exclusive-start id="1038" timestamp="2024-07-17T20:35:50.840" intervalms="39.759">
  <response-info timems="0.057" idlems="0.057" threads="0" lastid="0000000000803900" lastname="Default Executor-thread-1" />
</exclusive-start>
<cycle-start id="1039" type="global" contextid="0" timestamp="2024-07-17T20:35:50.841" intervalms="325.997" />
<concurrent-start id="1040" type="global mark" contextid="1039" timestamp="2024-07-17T20:35:50.841">
</concurrent-start>
<exclusive-end id="1041" timestamp="2024-07-17T20:35:50.841" durationms="1.096" />

<concurrent-end id="1042" type="global mark" contextid="1039" timestamp="2024-07-17T20:35:50.860">
<gc-op id="1043" type="trace" timems="19.042" contextid="1039" timestamp="2024-07-17T20:35:50.860">
  <trace bytesTraced="9711000" workStackOverflowCount="0" />
  <card-cleaning reason="card cleaning threshold reached" bytesTraced="38036" cardsCleaned="85" />
</gc-op>
</concurrent-end>

<exclusive-start id="1044" timestamp="2024-07-17T20:35:50.861" intervalms="20.679">
  <response-info timems="0.067" idlems="0.067" threads="0" lastid="0000000000803900" lastname="Default Executor-thread-1" />
</exclusive-start>
<concurrent-global-final id="1045" timestamp="2024-07-17T20:35:50.861" contextid="1039" intervalms="323.440" >
  <concurrent-trace-info reason="card cleaning threshold reached" tracedByMutators="3111496" tracedByHelpers="6637540" cardsCleaned="85" workStackOverflowCount="0" />
</concurrent-global-final>
<gc-start id="1046" type="global" contextid="1039" timestamp="2024-07-17T20:35:50.862">
  <mem-info id="1047" free="3570928" total="34799616" percent="10">
    <mem type="nursery" free="0" total="12845056" percent="0">
      <mem type="allocate" free="0" total="8585216" percent="0" />
      <mem type="survivor" free="0" total="4259840" percent="0" />
    </mem>
    <mem type="tenure" free="3570928" total="21954560" percent="16">
      <mem type="soa" free="2473200" total="20856832" percent="11" />
      <mem type="loa" free="1097728" total="1097728" percent="100" />
    </mem>
    <remembered-set count="1092" />
  </mem-info>
</gc-start>
<allocation-stats totalBytes="7445840" discardedBytes="1776" >
  <allocated-bytes non-tlh="472568" tlh="6973272" />
  <largest-consumer threadName="Default Executor-thread-1" threadId="0000000000803900" bytes="7368224" />
</allocation-stats>
<gc-op id="1048" type="rs-scan" timems="3.789" contextid="1039" timestamp="2024-07-17T20:35:50.867">
  <scan objectsFound="26154" bytesTraced="848504" workStackOverflowCount="0" />
</gc-op>
<gc-op id="1049" type="card-cleaning" timems="1.480" contextid="1039" timestamp="2024-07-17T20:35:50.869">
  <card-cleaning cardsCleaned="2" bytesTraced="2692" workStackOverflowCount="0" />
</gc-op>
<gc-op id="1050" type="mark" timems="7.946" contextid="1039" timestamp="2024-07-17T20:35:50.877">
  <trace-info objectcount="1178" scancount="911" scanbytes="24624" />
  <finalization candidates="691" enqueued="0" />
  <ownableSynchronizers candidates="1192" cleared="117" />
  <references type="soft" candidates="5264" cleared="0" enqueued="0" dynamicThreshold="9" maxThreshold="32" />
  <references type="weak" candidates="1259" cleared="0" enqueued="0" />
  <references type="phantom" candidates="353" cleared="0" enqueued="0" />
  <stringconstants candidates="12606" cleared="7"  />
  <object-monitors candidates="21" cleared="0"  />
</gc-op>
<gc-op id="1051" type="sweep" timems="1.949" contextid="1039" timestamp="2024-07-17T20:35:50.880" />
<heap-resize id="1052" type="expand" space="tenure" amount="1769472" count="1" timems="0.070" reason="insufficient free space following gc" timestamp="2024-07-17T20:35:50.880" />
<gc-end id="1053" type="global" contextid="1039" durationms="18.625" usertimems="15.058" systemtimems="21.627" stalltimems="83.903" timestamp="2024-07-17T20:35:50.881" activeThreads="12">
  <mem-info id="1054" free="12331072" total="36569088" percent="33">
    <mem type="nursery" free="5206096" total="12845056" percent="40">
      <mem type="allocate" free="5206096" total="8585216" percent="60" />
      <mem type="survivor" free="0" total="4259840" percent="0" />
    </mem>
    <mem type="tenure" free="7124976" total="23724032" percent="30" micro-fragmented="288525" macro-fragmented="0">
      <mem type="soa" free="5938160" total="22537216" percent="26" />
      <mem type="loa" free="1186816" total="1186816" percent="100" />
    </mem>
    <remembered-set count="883" />
  </mem-info>
</gc-end>
<cycle-end id="1055" type="global" contextid="1039" timestamp="2024-07-17T20:35:50.881" />
<exclusive-end id="1056" timestamp="2024-07-17T20:35:50.882" durationms="20.516" />

<exclusive-start id="1057" timestamp="2024-07-17T20:35:50.917" intervalms="56.186">
  <response-info timems="0.051" idlems="0.051" threads="0" lastid="0000000000803900" lastname="Default Executor-thread-1" />
</exclusive-start>
<af-start id="1058" threadId="0000000000804338" totalBytesRequested="81560" timestamp="2024-07-17T20:35:50.918" intervalms="116.638" type="nursery" />
<cycle-start id="1059" type="scavenge" contextid="0" timestamp="2024-07-17T20:35:50.918" intervalms="116.867" />
<gc-start id="1060" type="scavenge" contextid="1059" timestamp="2024-07-17T20:35:50.919">
  <mem-info id="1061" free="8248000" total="36569088" percent="22">
    <mem type="nursery" free="1123024" total="12845056" percent="8">
      <mem type="allocate" free="1123024" total="8585216" percent="13" />
      <mem type="survivor" free="0" total="4259840" percent="0" />
    </mem>
    <mem type="tenure" free="7124976" total="23724032" percent="30">
      <mem type="soa" free="5938160" total="22537216" percent="26" />
      <mem type="loa" free="1186816" total="1186816" percent="100" />
    </mem>
    <remembered-set count="1194" />
  </mem-info>
</gc-start>
<allocation-stats totalBytes="4027856" discardedBytes="48496" >
  <allocated-bytes non-tlh="821432" tlh="3206424" />
  <largest-consumer threadName="Default Executor-thread-1" threadId="0000000000803900" bytes="3957680" />
</allocation-stats>
<gc-op id="1062" type="scavenge" timems="2.551" contextid="1059" timestamp="2024-07-17T20:35:50.922">
  <scavenger-info tenureage="12" tenuremask="7000" tiltratio="66" />
  <memory-copied type="nursery" objects="41045" bytes="3063712" bytesdiscarded="151768" />
  <ownableSynchronizers candidates="2153" cleared="1981" />
  <references type="weak" candidates="1" cleared="0" enqueued="0" />
  <references type="phantom" candidates="257" cleared="0" enqueued="0" />
  <object-monitors candidates="21" cleared="0"  />
</gc-op>
<gc-end id="1063" type="scavenge" contextid="1059" durationms="3.728" usertimems="8.216" systemtimems="0.283" stalltimems="3.915" timestamp="2024-07-17T20:35:50.923" activeThreads="5">
  <mem-info id="1064" free="10918416" total="36569088" percent="29">
    <mem type="nursery" free="3793440" total="12845056" percent="29">
      <mem type="allocate" free="3793440" total="7012352" percent="54" />
      <mem type="survivor" free="0" total="5832704" percent="0" />
    </mem>
    <mem type="tenure" free="7124976" total="23724032" percent="30">
      <mem type="soa" free="5938160" total="22537216" percent="26" />
      <mem type="loa" free="1186816" total="1186816" percent="100" />
    </mem>
    <remembered-set count="953" />
  </mem-info>
</gc-end>
<cycle-end id="1065" type="scavenge" contextid="1059" timestamp="2024-07-17T20:35:50.923" />
<allocation-satisfied id="1066" threadId="0000000000803900" bytesRequested="81560" />
<af-end id="1067" timestamp="2024-07-17T20:35:50.924" threadId="0000000000804338" success="true" from="nursery"/>
<exclusive-end id="1068" timestamp="2024-07-17T20:35:50.924" durationms="6.926" />

<exclusive-start id="1069" timestamp="2024-07-17T20:35:50.941" intervalms="23.783">
  <response-info timems="0.061" idlems="0.061" threads="0" lastid="0000000000803900" lastname="Default Executor-thread-1" />
</exclusive-start>
<af-start id="1070" threadId="0000000000804338" totalBytesRequested="24" timestamp="2024-07-17T20:35:50.941" intervalms="23.689" type="nursery" />
<cycle-start id="1071" type="scavenge" contextid="0" timestamp="2024-07-17T20:35:50.942" intervalms="23.409" />
<gc-start id="1072" type="scavenge" contextid="1071" timestamp="2024-07-17T20:35:50.942">
  <mem-info id="1073" free="7124776" total="36569088" percent="19">
    <mem type="nursery" free="0" total="12845056" percent="0">
      <mem type="allocate" free="0" total="7012352" percent="0" />
      <mem type="survivor" free="0" total="5832704" percent="0" />
    </mem>
    <mem type="tenure" free="7124776" total="23724032" percent="30">
      <mem type="soa" free="5937960" total="22537216" percent="26" />
      <mem type="loa" free="1186816" total="1186816" percent="100" />
    </mem>
    <remembered-set count="1169" />
  </mem-info>
</gc-start>
<allocation-stats totalBytes="3792320" discardedBytes="1320" >
  <allocated-bytes non-tlh="81760" tlh="3710560" />
  <largest-consumer threadName="Default Executor-thread-1" threadId="0000000000803900" bytes="3734976" />
</allocation-stats>
<gc-op id="1074" type="scavenge" timems="4.056" contextid="1071" timestamp="2024-07-17T20:35:50.947">
  <scavenger-info tenureage="3" tenuremask="7808" tiltratio="54" />
  <memory-copied type="nursery" objects="39765" bytes="3062160" bytesdiscarded="114792" />
  <memory-copied type="tenure" objects="10010" bytes="543344" bytesdiscarded="3616" />
  <ownableSynchronizers candidates="267" cleared="57" />
  <references type="weak" candidates="1" cleared="0" enqueued="0" />
  <references type="phantom" candidates="260" cleared="0" enqueued="0" />
  <object-monitors candidates="21" cleared="0"  />
</gc-op>
<heap-resize id="1075" type="expand" space="nursery" amount="1572864" count="1" timems="0.027" reason="excessive time being spent scavenging" timestamp="2024-07-17T20:35:50.948" />
<gc-end id="1076" type="scavenge" contextid="1071" durationms="5.505" usertimems="10.203" systemtimems="1.353" stalltimems="8.393" timestamp="2024-07-17T20:35:50.948" activeThreads="5">
  <mem-info id="1077" free="12602232" total="38141952" percent="33">
    <mem type="nursery" free="6060144" total="14417920" percent="42">
      <mem type="allocate" free="6060144" total="9240576" percent="65" />
      <mem type="survivor" free="0" total="5177344" percent="0" />
    </mem>
    <mem type="tenure" free="6542088" total="23724032" percent="27">
      <mem type="soa" free="5355272" total="22537216" percent="23" />
      <mem type="loa" free="1186816" total="1186816" percent="100" />
    </mem>
    <remembered-set count="919" />
  </mem-info>
</gc-end>
<cycle-end id="1078" type="scavenge" contextid="1071" timestamp="2024-07-17T20:35:50.948" />
<allocation-satisfied id="1079" threadId="0000000000803900" bytesRequested="24" />
<af-end id="1080" timestamp="2024-07-17T20:35:50.949" threadId="0000000000804338" success="true" from="nursery"/>
<exclusive-end id="1081" timestamp="2024-07-17T20:35:50.949" durationms="8.016" />

<exclusive-start id="1082" timestamp="2024-07-17T20:35:50.973" intervalms="31.697">
  <response-info timems="0.093" idlems="0.093" threads="0" lastid="0000000000803900" lastname="Default Executor-thread-1" />
</exclusive-start>
<af-start id="1083" threadId="0000000000804338" totalBytesRequested="24" timestamp="2024-07-17T20:35:50.973" intervalms="31.709" type="nursery" />
<cycle-start id="1084" type="scavenge" contextid="0" timestamp="2024-07-17T20:35:50.974" intervalms="31.780" />
<gc-start id="1085" type="scavenge" contextid="1084" timestamp="2024-07-17T20:35:50.974">
  <mem-info id="1086" free="6541968" total="38141952" percent="17">
    <mem type="nursery" free="0" total="14417920" percent="0">
      <mem type="allocate" free="0" total="9240576" percent="0" />
      <mem type="survivor" free="0" total="5177344" percent="0" />
    </mem>
    <mem type="tenure" free="6541968" total="23724032" percent="27">
      <mem type="soa" free="5355152" total="22537216" percent="23" />
      <mem type="loa" free="1186816" total="1186816" percent="100" />
    </mem>
    <remembered-set count="1241" />
  </mem-info>
</gc-start>
<allocation-stats totalBytes="6057984" discardedBytes="2280" >
  <allocated-bytes non-tlh="381232" tlh="5676752" />
  <largest-consumer threadName="Default Executor-thread-1" threadId="0000000000803900" bytes="6017072" />
</allocation-stats>
<gc-op id="1087" type="scavenge" timems="2.699" contextid="1084" timestamp="2024-07-17T20:35:50.977">
  <scavenger-info tenureage="2" tenuremask="7c0c" tiltratio="64" />
  <memory-copied type="nursery" objects="23560" bytes="1787960" bytesdiscarded="221472" />
  <memory-copied type="tenure" objects="30828" bytes="2413128" bytesdiscarded="11128" />
  <ownableSynchronizers candidates="255" cleared="48" />
  <references type="weak" candidates="1" cleared="0" enqueued="0" />
  <references type="phantom" candidates="105" cleared="0" enqueued="0" />
  <object-monitors candidates="21" cleared="0"  />
</gc-op>
<heap-resize id="1088" type="expand" space="nursery" amount="917504" count="1" timems="0.028" reason="excessive time being spent scavenging" timestamp="2024-07-17T20:35:50.978" />
<gc-end id="1089" type="scavenge" contextid="1084" durationms="4.261" usertimems="8.067" systemtimems="1.064" stalltimems="4.041" timestamp="2024-07-17T20:35:50.978" activeThreads="5">
  <mem-info id="1090" free="12913000" total="39059456" percent="33">
    <mem type="nursery" free="9130296" total="15335424" percent="59">
      <mem type="allocate" free="9130296" total="11141120" percent="81" />
      <mem type="survivor" free="0" total="4194304" percent="0" />
    </mem>
    <mem type="tenure" free="3782704" total="23724032" percent="15">
      <mem type="soa" free="2595888" total="22537216" percent="11" />
      <mem type="loa" free="1186816" total="1186816" percent="100" />
    </mem>
    <remembered-set count="650" />
  </mem-info>
</gc-end>
<cycle-end id="1091" type="scavenge" contextid="1084" timestamp="2024-07-17T20:35:50.979" />
<allocation-satisfied id="1092" threadId="0000000000803900" bytesRequested="24" />
<af-end id="1093" timestamp="2024-07-17T20:35:50.979" threadId="0000000000804338" success="true" from="nursery"/>
<exclusive-end id="1094" timestamp="2024-07-17T20:35:50.980" durationms="6.892" />

<concurrent-kickoff id="1095" timestamp="2024-07-17T20:35:51.044">
  <kickoff reason="threshold reached" targetBytes="10027266" thresholdFreeBytes="1383421"  remainingFree="1274168" tenureFreeBytes="3781744" nurseryFreeBytes="1274168" />
</concurrent-kickoff>
<exclusive-start id="1096" timestamp="2024-07-17T20:35:51.045" intervalms="72.058">
  <response-info timems="0.102" idlems="0.102" threads="0" lastid="0000000000803900" lastname="Default Executor-thread-1" />
</exclusive-start>
<cycle-start id="1097" type="global" contextid="0" timestamp="2024-07-17T20:35:51.045" intervalms="204.479" />
<concurrent-start id="1098" type="global mark" contextid="1097" timestamp="2024-07-17T20:35:51.045">
</concurrent-start>
<exclusive-end id="1099" timestamp="2024-07-17T20:35:51.046" durationms="1.083" />

<exclusive-start id="1100" timestamp="2024-07-17T20:35:51.068" intervalms="23.451">
  <response-info timems="0.058" idlems="0.058" threads="0" lastid="0000000000803900" lastname="Default Executor-thread-1" />
</exclusive-start>
<af-start id="1101" threadId="0000000000804338" totalBytesRequested="4112" timestamp="2024-07-17T20:35:51.069" intervalms="95.478" type="nursery" />
<cycle-start id="1102" type="scavenge" contextid="0" timestamp="2024-07-17T20:35:51.069" intervalms="95.394" />
<gc-start id="1103" type="scavenge" contextid="1102" timestamp="2024-07-17T20:35:51.069">
  <mem-info id="1104" free="3781744" total="39059456" percent="9">
    <mem type="nursery" free="0" total="15335424" percent="0">
      <mem type="allocate" free="0" total="11141120" percent="0" />
      <mem type="survivor" free="0" total="4194304" percent="0" />
    </mem>
    <mem type="tenure" free="3781744" total="23724032" percent="15">
      <mem type="soa" free="2594928" total="22537216" percent="11" />
      <mem type="loa" free="1186816" total="1186816" percent="100" />
    </mem>
    <remembered-set count="1465" />
  </mem-info>
</gc-start>
<allocation-stats totalBytes="9125408" discardedBytes="5848" >
  <allocated-bytes non-tlh="984" tlh="9124424" />
  <largest-consumer threadName="Default Executor-thread-1" threadId="0000000000803900" bytes="9080392" />
</allocation-stats>
<gc-op id="1105" type="scavenge" timems="2.069" contextid="1102" timestamp="2024-07-17T20:35:51.072">
  <scavenger-info tenureage="2" tenuremask="7c04" tiltratio="72" />
  <memory-copied type="nursery" objects="25450" bytes="1714400" bytesdiscarded="126672" />
  <memory-copied type="tenure" objects="8804" bytes="578568" bytesdiscarded="1000" />
  <ownableSynchronizers candidates="140" cleared="39" />
  <references type="weak" candidates="15" cleared="8" enqueued="8" />
  <references type="phantom" candidates="89" cleared="0" enqueued="0" />
  <object-monitors candidates="23" cleared="0"  />
</gc-op>
<gc-end id="1106" type="scavenge" contextid="1102" durationms="3.033" usertimems="6.147" systemtimems="0.799" stalltimems="3.511" timestamp="2024-07-17T20:35:51.072" activeThreads="5">
  <mem-info id="1107" free="12833728" total="39059456" percent="32">
    <mem type="nursery" free="9888136" total="15335424" percent="64">
      <mem type="allocate" free="9888136" total="11730944" percent="84" />
      <mem type="survivor" free="0" total="3604480" percent="0" />
    </mem>
    <mem type="tenure" free="2945592" total="23724032" percent="12">
      <mem type="soa" free="1758776" total="22537216" percent="7" />
      <mem type="loa" free="1186816" total="1186816" percent="100" />
    </mem>
    <pending-finalizers system="0" default="0" reference="8" classloader="0" />
    <remembered-set count="924" />
  </mem-info>
</gc-end>
<cycle-end id="1108" type="scavenge" contextid="1102" timestamp="2024-07-17T20:35:51.073" />
<allocation-satisfied id="1109" threadId="0000000000803900" bytesRequested="4112" />
<af-end id="1110" timestamp="2024-07-17T20:35:51.073" threadId="0000000000804338" success="true" from="nursery"/>
<exclusive-end id="1111" timestamp="2024-07-17T20:35:51.073" durationms="5.219" />

<concurrent-end id="1112" type="global mark" contextid="1097" timestamp="2024-07-17T20:35:51.074">
<gc-op id="1113" type="trace" timems="28.221" contextid="1097" timestamp="2024-07-17T20:35:51.074">
  <trace bytesTraced="10565956" workStackOverflowCount="0" />
  <card-cleaning reason="card cleaning threshold reached" bytesTraced="5676" cardsCleaned="40" />
</gc-op>
</concurrent-end>

<exclusive-start id="1114" timestamp="2024-07-17T20:35:51.074" intervalms="5.986">
  <response-info timems="0.032" idlems="0.032" threads="0" lastid="0000000000803900" lastname="Default Executor-thread-1" />
</exclusive-start>
<concurrent-global-final id="1115" timestamp="2024-07-17T20:35:51.074" contextid="1097" intervalms="213.094" >
  <concurrent-trace-info reason="card cleaning threshold reached" tracedByMutators="3387220" tracedByHelpers="7184412" cardsCleaned="40" workStackOverflowCount="0" />
</concurrent-global-final>
<gc-start id="1116" type="global" contextid="1097" timestamp="2024-07-17T20:35:51.075">
  <mem-info id="1117" free="12764080" total="39059456" percent="32">
    <mem type="nursery" free="9818488" total="15335424" percent="64">
      <mem type="allocate" free="9818488" total="11730944" percent="83" />
      <mem type="survivor" free="0" total="3604480" percent="0" />
    </mem>
    <mem type="tenure" free="2945592" total="23724032" percent="12">
      <mem type="soa" free="1758776" total="22537216" percent="7" />
      <mem type="loa" free="1186816" total="1186816" percent="100" />
    </mem>
    <remembered-set count="925" />
  </mem-info>
</gc-start>
<allocation-stats totalBytes="69648" discardedBytes="0" >
  <allocated-bytes non-tlh="4112" tlh="65536" />
  <largest-consumer threadName="Default Executor-thread-1" threadId="0000000000803900" bytes="69648" />
</allocation-stats>
<gc-op id="1118" type="rs-scan" timems="1.897" contextid="1097" timestamp="2024-07-17T20:35:51.077">
  <scan objectsFound="23590" bytesTraced="762812" workStackOverflowCount="0" />
</gc-op>
<gc-op id="1119" type="card-cleaning" timems="1.055" contextid="1097" timestamp="2024-07-17T20:35:51.078">
  <card-cleaning cardsCleaned="299" bytesTraced="307932" workStackOverflowCount="0" />
</gc-op>
<gc-op id="1120" type="mark" timems="3.719" contextid="1097" timestamp="2024-07-17T20:35:51.082">
  <trace-info objectcount="1366" scancount="1314" scanbytes="75212" />
  <finalization candidates="691" enqueued="0" />
  <ownableSynchronizers candidates="1225" cleared="2" />
  <references type="soft" candidates="5264" cleared="0" enqueued="0" dynamicThreshold="9" maxThreshold="32" />
  <references type="weak" candidates="1265" cleared="0" enqueued="0" />
  <references type="phantom" candidates="348" cleared="0" enqueued="0" />
  <stringconstants candidates="12610" cleared="0"  />
  <object-monitors candidates="23" cleared="0"  />
</gc-op>
<gc-op id="1121" type="sweep" timems="1.600" contextid="1097" timestamp="2024-07-17T20:35:51.084" />
<heap-resize id="1122" type="expand" space="tenure" amount="3276800" count="1" timems="0.660" reason="insufficient free space following gc" timestamp="2024-07-17T20:35:51.085" />
<gc-end id="1123" type="global" contextid="1097" durationms="10.891" usertimems="22.269" systemtimems="1.596" stalltimems="44.805" timestamp="2024-07-17T20:35:51.086" activeThreads="12">
  <mem-info id="1124" free="18137288" total="42336256" percent="42">
    <mem type="nursery" free="10001232" total="15335424" percent="65">
      <mem type="allocate" free="10001232" total="11730944" percent="85" />
      <mem type="survivor" free="0" total="3604480" percent="0" />
    </mem>
    <mem type="tenure" free="8136056" total="27000832" percent="30" micro-fragmented="316387" macro-fragmented="0">
      <mem type="soa" free="6785400" total="25650176" percent="26" />
      <mem type="loa" free="1350656" total="1350656" percent="100" />
    </mem>
    <remembered-set count="907" />
  </mem-info>
</gc-end>
<cycle-end id="1125" type="global" contextid="1097" timestamp="2024-07-17T20:35:51.086" />
<exclusive-end id="1126" timestamp="2024-07-17T20:35:51.086" durationms="12.108" />

<exclusive-start id="1127" timestamp="2024-07-17T20:35:51.163" intervalms="89.268">
  <response-info timems="0.074" idlems="0.074" threads="0" lastid="0000000000803900" lastname="Default Executor-thread-1" />
</exclusive-start>
<af-start id="1128" threadId="0000000000804338" totalBytesRequested="72" timestamp="2024-07-17T20:35:51.164" intervalms="95.727" type="nursery" />
<cycle-start id="1129" type="scavenge" contextid="0" timestamp="2024-07-17T20:35:51.165" intervalms="95.793" />
<gc-start id="1130" type="scavenge" contextid="1129" timestamp="2024-07-17T20:35:51.165">
  <mem-info id="1131" free="8136056" total="42336256" percent="19">
    <mem type="nursery" free="0" total="15335424" percent="0">
      <mem type="allocate" free="0" total="11730944" percent="0" />
      <mem type="survivor" free="0" total="3604480" percent="0" />
    </mem>
    <mem type="tenure" free="8136056" total="27000832" percent="30">
      <mem type="soa" free="6785400" total="25650176" percent="26" />
      <mem type="loa" free="1350656" total="1350656" percent="100" />
    </mem>
    <remembered-set count="2203" />
  </mem-info>
</gc-start>
<allocation-stats totalBytes="9994632" discardedBytes="6600" >
  <allocated-bytes non-tlh="0" tlh="9994632" />
  <largest-consumer threadName="Default Executor-thread-1" threadId="0000000000803900" bytes="9994632" />
</allocation-stats>
<gc-op id="1132" type="scavenge" timems="3.319" contextid="1129" timestamp="2024-07-17T20:35:51.169">
  <scavenger-info tenureage="10" tenuremask="7c00" tiltratio="76" />
  <memory-copied type="nursery" objects="29690" bytes="1778920" bytesdiscarded="108968" />
  <ownableSynchronizers candidates="2383" cleared="2320" />
  <references type="weak" candidates="7" cleared="0" enqueued="0" />
  <references type="phantom" candidates="89" cleared="0" enqueued="0" />
  <object-monitors candidates="23" cleared="0"  />
</gc-op>
<heap-resize id="1133" type="expand" space="nursery" amount="786432" count="1" timems="0.049" reason="excessive time being spent scavenging" timestamp="2024-07-17T20:35:51.175" />
<gc-end id="1134" type="scavenge" contextid="1129" durationms="10.383" usertimems="9.924" systemtimems="0.000" stalltimems="7.158" timestamp="2024-07-17T20:35:51.175" activeThreads="5">
  <mem-info id="1135" free="18895168" total="43122688" percent="43">
    <mem type="nursery" free="10759112" total="16121856" percent="66">
      <mem type="allocate" free="10759112" total="12648448" percent="85" />
      <mem type="survivor" free="0" total="3473408" percent="0" />
    </mem>
    <mem type="tenure" free="8136056" total="27000832" percent="30">
      <mem type="soa" free="6785400" total="25650176" percent="26" />
      <mem type="loa" free="1350656" total="1350656" percent="100" />
    </mem>
    <remembered-set count="1095" />
  </mem-info>
</gc-end>
<cycle-end id="1136" type="scavenge" contextid="1129" timestamp="2024-07-17T20:35:51.178" />
<allocation-satisfied id="1137" threadId="0000000000803900" bytesRequested="72" />
<af-end id="1138" timestamp="2024-07-17T20:35:51.180" threadId="0000000000804338" success="true" from="nursery"/>
<exclusive-end id="1139" timestamp="2024-07-17T20:35:51.180" durationms="16.552" />

<exclusive-start id="1140" timestamp="2024-07-17T20:35:51.259" intervalms="95.360">
  <response-info timems="0.044" idlems="0.044" threads="0" lastid="0000000000803900" lastname="Default Executor-thread-1" />
</exclusive-start>
<af-start id="1141" threadId="0000000000804338" totalBytesRequested="104" timestamp="2024-07-17T20:35:51.259" intervalms="94.843" type="nursery" />
<cycle-start id="1142" type="scavenge" contextid="0" timestamp="2024-07-17T20:35:51.259" intervalms="94.716" />
<gc-start id="1143" type="scavenge" contextid="1142" timestamp="2024-07-17T20:35:51.260">
  <mem-info id="1144" free="8136056" total="43122688" percent="18">
    <mem type="nursery" free="0" total="16121856" percent="0">
      <mem type="allocate" free="0" total="12648448" percent="0" />
      <mem type="survivor" free="0" total="3473408" percent="0" />
    </mem>
    <mem type="tenure" free="8136056" total="27000832" percent="30">
      <mem type="soa" free="6785400" total="25650176" percent="26" />
      <mem type="loa" free="1350656" total="1350656" percent="100" />
    </mem>
    <remembered-set count="1554" />
  </mem-info>
</gc-start>
<allocation-stats totalBytes="10752664" discardedBytes="6448" >
  <allocated-bytes non-tlh="72" tlh="10752592" />
  <largest-consumer threadName="Default Executor-thread-1" threadId="0000000000803900" bytes="10752664" />
</allocation-stats>
<gc-op id="1145" type="scavenge" timems="2.320" contextid="1142" timestamp="2024-07-17T20:35:51.263">
  <scavenger-info tenureage="2" tenuremask="7c0c" tiltratio="78" />
  <memory-copied type="nursery" objects="10634" bytes="309688" bytesdiscarded="208456" />
  <memory-copied type="tenure" objects="23605" bytes="1600584" bytesdiscarded="4328" />
  <ownableSynchronizers candidates="63" cleared="0" />
  <object-monitors candidates="23" cleared="0"  />
</gc-op>
<gc-end id="1146" type="scavenge" contextid="1142" durationms="3.286" usertimems="0.000" systemtimems="7.928" stalltimems="1.537" timestamp="2024-07-17T20:35:51.263" activeThreads="4">
  <mem-info id="1147" free="18871208" total="43122688" percent="43">
    <mem type="nursery" free="12523520" total="16121856" percent="77">
      <mem type="allocate" free="12523520" total="13041664" percent="96" />
      <mem type="survivor" free="0" total="3080192" percent="0" />
    </mem>
    <mem type="tenure" free="6347688" total="27000832" percent="23">
      <mem type="soa" free="4997032" total="25650176" percent="19" />
      <mem type="loa" free="1350656" total="1350656" percent="100" />
    </mem>
    <remembered-set count="651" />
  </mem-info>
</gc-end>
<cycle-end id="1148" type="scavenge" contextid="1142" timestamp="2024-07-17T20:35:51.263" />
<allocation-satisfied id="1149" threadId="0000000000803900" bytesRequested="104" />
<af-end id="1150" timestamp="2024-07-17T20:35:51.264" threadId="0000000000804338" success="true" from="nursery"/>
<exclusive-end id="1151" timestamp="2024-07-17T20:35:51.264" durationms="5.213" />

<exclusive-start id="1152" timestamp="2024-07-17T20:35:51.349" intervalms="90.354">
  <response-info timems="0.053" idlems="0.053" threads="0" lastid="0000000000803900" lastname="Default Executor-thread-1" />
</exclusive-start>
<af-start id="1153" threadId="0000000000804338" totalBytesRequested="24" timestamp="2024-07-17T20:35:51.349" intervalms="90.324" type="nursery" />
<cycle-start id="1154" type="scavenge" contextid="0" timestamp="2024-07-17T20:35:51.350" intervalms="90.242" />
<gc-start id="1155" type="scavenge" contextid="1154" timestamp="2024-07-17T20:35:51.350">
  <mem-info id="1156" free="6346912" total="43122688" percent="14">
    <mem type="nursery" free="0" total="16121856" percent="0">
      <mem type="allocate" free="0" total="13041664" percent="0" />
      <mem type="survivor" free="0" total="3080192" percent="0" />
    </mem>
    <mem type="tenure" free="6346912" total="27000832" percent="23">
      <mem type="soa" free="4996256" total="25650176" percent="19" />
      <mem type="loa" free="1350656" total="1350656" percent="100" />
    </mem>
    <remembered-set count="1634" />
  </mem-info>
</gc-start>
<allocation-stats totalBytes="12517208" discardedBytes="7088" >
  <allocated-bytes non-tlh="880" tlh="12516328" />
  <largest-consumer threadName="Default Executor-thread-1" threadId="0000000000803900" bytes="12517208" />
</allocation-stats>
<gc-op id="1157" type="scavenge" timems="1.733" contextid="1154" timestamp="2024-07-17T20:35:51.352">
  <scavenger-info tenureage="11" tenuremask="7800" tiltratio="80" />
  <memory-copied type="nursery" objects="34215" bytes="1722464" bytesdiscarded="266616" />
  <references type="weak" candidates="2" cleared="2" enqueued="2" />
  <object-monitors candidates="23" cleared="0"  />
</gc-op>
<gc-end id="1158" type="scavenge" contextid="1154" durationms="2.390" usertimems="4.366" systemtimems="0.535" stalltimems="1.924" timestamp="2024-07-17T20:35:51.352" activeThreads="4">
  <mem-info id="1159" free="17268424" total="43122688" percent="40">
    <mem type="nursery" free="10921512" total="16121856" percent="67">
      <mem type="allocate" free="10921512" total="12910592" percent="84" />
      <mem type="survivor" free="0" total="3211264" percent="0" />
    </mem>
    <mem type="tenure" free="6346912" total="27000832" percent="23">
      <mem type="soa" free="4996256" total="25650176" percent="19" />
      <mem type="loa" free="1350656" total="1350656" percent="100" />
    </mem>
    <pending-finalizers system="0" default="0" reference="2" classloader="0" />
    <remembered-set count="1070" />
  </mem-info>
</gc-end>
<cycle-end id="1160" type="scavenge" contextid="1154" timestamp="2024-07-17T20:35:51.353" />
<allocation-satisfied id="1161" threadId="0000000000803900" bytesRequested="24" />
<af-end id="1162" timestamp="2024-07-17T20:35:51.353" threadId="0000000000804338" success="true" from="nursery"/>
<exclusive-end id="1163" timestamp="2024-07-17T20:35:51.353" durationms="3.820" />

<exclusive-start id="1164" timestamp="2024-07-17T20:35:51.399" intervalms="50.104">
  <response-info timems="0.078" idlems="0.078" threads="0" lastid="0000000000803900" lastname="Default Executor-thread-1" />
</exclusive-start>
<af-start id="1165" threadId="0000000000804338" totalBytesRequested="16" timestamp="2024-07-17T20:35:51.400" intervalms="50.146" type="nursery" />
<cycle-start id="1166" type="scavenge" contextid="0" timestamp="2024-07-17T20:35:51.400" intervalms="50.293" />
<gc-start id="1167" type="scavenge" contextid="1166" timestamp="2024-07-17T20:35:51.400">
  <mem-info id="1168" free="6346912" total="43122688" percent="14">
    <mem type="nursery" free="0" total="16121856" percent="0">
      <mem type="allocate" free="0" total="12910592" percent="0" />
      <mem type="survivor" free="0" total="3211264" percent="0" />
    </mem>
    <mem type="tenure" free="6346912" total="27000832" percent="23">
      <mem type="soa" free="4996256" total="25650176" percent="19" />
      <mem type="loa" free="1350656" total="1350656" percent="100" />
    </mem>
    <remembered-set count="1320" />
  </mem-info>
</gc-start>
<allocation-stats totalBytes="10915384" discardedBytes="6128" >
  <allocated-bytes non-tlh="24" tlh="10915360" />
  <largest-consumer threadName="Default Executor-thread-1" threadId="0000000000803900" bytes="10915384" />
</allocation-stats>
<gc-op id="1169" type="scavenge" timems="1.180" contextid="1166" timestamp="2024-07-17T20:35:51.402">
  <scavenger-info tenureage="11" tenuremask="7800" tiltratio="80" />
  <memory-copied type="nursery" objects="23554" bytes="739944" bytesdiscarded="70088" />
  <object-monitors candidates="23" cleared="0"  />
</gc-op>
<gc-end id="1170" type="scavenge" contextid="1166" durationms="2.007" usertimems="3.182" systemtimems="0.253" stalltimems="1.124" timestamp="2024-07-17T20:35:51.402" activeThreads="4">
  <mem-info id="1171" free="18709616" total="43122688" percent="43">
    <mem type="nursery" free="12362704" total="16121856" percent="76">
      <mem type="allocate" free="12362704" total="13172736" percent="93" />
      <mem type="survivor" free="0" total="2949120" percent="0" />
    </mem>
    <mem type="tenure" free="6346912" total="27000832" percent="23">
      <mem type="soa" free="4996256" total="25650176" percent="19" />
      <mem type="loa" free="1350656" total="1350656" percent="100" />
    </mem>
    <remembered-set count="1167" />
  </mem-info>
</gc-end>
<cycle-end id="1172" type="scavenge" contextid="1166" timestamp="2024-07-17T20:35:51.403" />
<allocation-satisfied id="1173" threadId="0000000000803900" bytesRequested="16" />
<af-end id="1174" timestamp="2024-07-17T20:35:51.403" threadId="0000000000804338" success="true" from="nursery"/>
<exclusive-end id="1175" timestamp="2024-07-17T20:35:51.403" durationms="4.119" />

<exclusive-start id="1176" timestamp="2024-07-17T20:35:51.433" intervalms="33.802">
  <response-info timems="0.060" idlems="0.060" threads="0" lastid="0000000000803900" lastname="Default Executor-thread-1" />
</exclusive-start>
<af-start id="1177" threadId="0000000000804338" totalBytesRequested="40" timestamp="2024-07-17T20:35:51.433" intervalms="33.729" type="nursery" />
<cycle-start id="1178" type="scavenge" contextid="0" timestamp="2024-07-17T20:35:51.434" intervalms="33.575" />
<gc-start id="1179" type="scavenge" contextid="1178" timestamp="2024-07-17T20:35:51.434">
  <mem-info id="1180" free="6346912" total="43122688" percent="14">
    <mem type="nursery" free="0" total="16121856" percent="0">
      <mem type="allocate" free="0" total="13172736" percent="0" />
      <mem type="survivor" free="0" total="2949120" percent="0" />
    </mem>
    <mem type="tenure" free="6346912" total="27000832" percent="23">
      <mem type="soa" free="4996256" total="25650176" percent="19" />
      <mem type="loa" free="1350656" total="1350656" percent="100" />
    </mem>
    <remembered-set count="1511" />
  </mem-info>
</gc-start>
<allocation-stats totalBytes="12355056" discardedBytes="7648" >
  <allocated-bytes non-tlh="16" tlh="12355040" />
  <largest-consumer threadName="Default Executor-thread-1" threadId="0000000000803900" bytes="12355056" />
</allocation-stats>
<gc-op id="1181" type="scavenge" timems="1.487" contextid="1178" timestamp="2024-07-17T20:35:51.436">
  <scavenger-info tenureage="12" tenuremask="7000" tiltratio="81" />
  <memory-copied type="nursery" objects="26840" bytes="773712" bytesdiscarded="42928" />
  <object-monitors candidates="23" cleared="0"  />
</gc-op>
<gc-end id="1182" type="scavenge" contextid="1178" durationms="2.154" usertimems="4.891" systemtimems="0.000" stalltimems="1.340" timestamp="2024-07-17T20:35:51.436" activeThreads="4">
  <mem-info id="1183" free="19096224" total="43122688" percent="44">
    <mem type="nursery" free="12749312" total="16121856" percent="79">
      <mem type="allocate" free="12749312" total="13565952" percent="93" />
      <mem type="survivor" free="0" total="2555904" percent="0" />
    </mem>
    <mem type="tenure" free="6346912" total="27000832" percent="23">
      <mem type="soa" free="4996256" total="25650176" percent="19" />
      <mem type="loa" free="1350656" total="1350656" percent="100" />
    </mem>
    <remembered-set count="1262" />
  </mem-info>
</gc-end>
<cycle-end id="1184" type="scavenge" contextid="1178" timestamp="2024-07-17T20:35:51.436" />
<allocation-satisfied id="1185" threadId="0000000000803900" bytesRequested="40" />
<af-end id="1186" timestamp="2024-07-17T20:35:51.437" threadId="0000000000804338" success="true" from="nursery"/>
<exclusive-end id="1187" timestamp="2024-07-17T20:35:51.437" durationms="3.750" />

<exclusive-start id="1188" timestamp="2024-07-17T20:35:51.471" intervalms="37.497">
  <response-info timems="0.053" idlems="0.053" threads="0" lastid="0000000000803900" lastname="Default Executor-thread-1" />
</exclusive-start>
<af-start id="1189" threadId="0000000000804338" totalBytesRequested="24" timestamp="2024-07-17T20:35:51.471" intervalms="37.669" type="nursery" />
<cycle-start id="1190" type="scavenge" contextid="0" timestamp="2024-07-17T20:35:51.471" intervalms="37.857" />
<gc-start id="1191" type="scavenge" contextid="1190" timestamp="2024-07-17T20:35:51.472">
  <mem-info id="1192" free="6346912" total="43122688" percent="14">
    <mem type="nursery" free="0" total="16121856" percent="0">
      <mem type="allocate" free="0" total="13565952" percent="0" />
      <mem type="survivor" free="0" total="2555904" percent="0" />
    </mem>
    <mem type="tenure" free="6346912" total="27000832" percent="23">
      <mem type="soa" free="4996256" total="25650176" percent="19" />
      <mem type="loa" free="1350656" total="1350656" percent="100" />
    </mem>
    <remembered-set count="1599" />
  </mem-info>
</gc-start>
<allocation-stats totalBytes="12739024" discardedBytes="10288" >
  <allocated-bytes non-tlh="40" tlh="12738984" />
  <largest-consumer threadName="Default Executor-thread-1" threadId="0000000000803900" bytes="12739024" />
</allocation-stats>
<gc-op id="1193" type="scavenge" timems="1.910" contextid="1190" timestamp="2024-07-17T20:35:51.474">
  <scavenger-info tenureage="13" tenuremask="6000" tiltratio="84" />
  <memory-copied type="nursery" objects="30705" bytes="893008" bytesdiscarded="55304" />
  <object-monitors candidates="23" cleared="0"  />
</gc-op>
<heap-resize id="1194" type="expand" space="nursery" amount="917504" count="1" timems="0.042" reason="excessive time being spent scavenging" timestamp="2024-07-17T20:35:51.475" />
<gc-end id="1195" type="scavenge" contextid="1190" durationms="3.560" usertimems="4.901" systemtimems="0.000" stalltimems="2.727" timestamp="2024-07-17T20:35:51.475" activeThreads="4">
  <mem-info id="1196" free="20013128" total="44040192" percent="45">
    <mem type="nursery" free="13666216" total="17039360" percent="80">
      <mem type="allocate" free="13666216" total="14614528" percent="93" />
      <mem type="survivor" free="0" total="2424832" percent="0" />
    </mem>
    <mem type="tenure" free="6346912" total="27000832" percent="23">
      <mem type="soa" free="4996256" total="25650176" percent="19" />
      <mem type="loa" free="1350656" total="1350656" percent="100" />
    </mem>
    <remembered-set count="1378" />
  </mem-info>
</gc-end>
<cycle-end id="1197" type="scavenge" contextid="1190" timestamp="2024-07-17T20:35:51.476" />
<allocation-satisfied id="1198" threadId="0000000000803900" bytesRequested="24" />
<af-end id="1199" timestamp="2024-07-17T20:35:51.476" threadId="0000000000804338" success="true" from="nursery"/>
<exclusive-end id="1200" timestamp="2024-07-17T20:35:51.477" durationms="6.230" />

<exclusive-start id="1201" timestamp="2024-07-17T20:35:51.508" intervalms="37.310">
  <response-info timems="0.059" idlems="0.059" threads="0" lastid="0000000000803900" lastname="Default Executor-thread-1" />
</exclusive-start>
<af-start id="1202" threadId="0000000000804338" totalBytesRequested="144" timestamp="2024-07-17T20:35:51.508" intervalms="37.524" type="nursery" />
<cycle-start id="1203" type="scavenge" contextid="0" timestamp="2024-07-17T20:35:51.509" intervalms="37.716" />
<gc-start id="1204" type="scavenge" contextid="1203" timestamp="2024-07-17T20:35:51.510">
  <mem-info id="1205" free="6346800" total="44040192" percent="14">
    <mem type="nursery" free="0" total="17039360" percent="0">
      <mem type="allocate" free="0" total="14614528" percent="0" />
      <mem type="survivor" free="0" total="2424832" percent="0" />
    </mem>
    <mem type="tenure" free="6346800" total="27000832" percent="23">
      <mem type="soa" free="4996144" total="25650176" percent="19" />
      <mem type="loa" free="1350656" total="1350656" percent="100" />
    </mem>
    <remembered-set count="1793" />
  </mem-info>
</gc-start>
<allocation-stats totalBytes="13656408" discardedBytes="9920" >
  <allocated-bytes non-tlh="136" tlh="13656272" />
  <largest-consumer threadName="Default Executor-thread-1" threadId="0000000000803900" bytes="13623992" />
</allocation-stats>
<gc-op id="1206" type="scavenge" timems="2.512" contextid="1203" timestamp="2024-07-17T20:35:51.513">
  <scavenger-info tenureage="14" tenuremask="4000" tiltratio="85" />
  <memory-copied type="nursery" objects="35558" bytes="1107632" bytesdiscarded="54328" />
  <finalization candidates="2" enqueued="1" />
  <ownableSynchronizers candidates="4" cleared="0" />
  <references type="weak" candidates="2" cleared="0" enqueued="0" />
  <object-monitors candidates="25" cleared="0"  />
</gc-op>
<heap-resize id="1207" type="expand" space="nursery" amount="786432" count="1" timems="0.026" reason="excessive time being spent scavenging" timestamp="2024-07-17T20:35:51.513" />
<gc-end id="1208" type="scavenge" contextid="1203" durationms="4.189" usertimems="6.223" systemtimems="0.000" stalltimems="4.292" timestamp="2024-07-17T20:35:51.514" activeThreads="4">
  <mem-info id="1209" free="20716824" total="44826624" percent="46">
    <mem type="nursery" free="14370024" total="17825792" percent="80">
      <mem type="allocate" free="14370024" total="15532032" percent="92" />
      <mem type="survivor" free="0" total="2293760" percent="0" />
    </mem>
    <mem type="tenure" free="6346800" total="27000832" percent="23">
      <mem type="soa" free="4996144" total="25650176" percent="19" />
      <mem type="loa" free="1350656" total="1350656" percent="100" />
    </mem>
    <pending-finalizers system="1" default="0" reference="0" classloader="0" />
    <remembered-set count="1515" />
  </mem-info>
</gc-end>
<cycle-end id="1210" type="scavenge" contextid="1203" timestamp="2024-07-17T20:35:51.514" />
<allocation-satisfied id="1211" threadId="0000000000803900" bytesRequested="144" />
<af-end id="1212" timestamp="2024-07-17T20:35:51.515" threadId="0000000000804338" success="true" from="nursery"/>
<exclusive-end id="1213" timestamp="2024-07-17T20:35:51.515" durationms="7.435" />

<exclusive-start id="1214" timestamp="2024-07-17T20:35:51.559" intervalms="51.291">
  <response-info timems="0.049" idlems="0.049" threads="0" lastid="0000000000803900" lastname="Default Executor-thread-1" />
</exclusive-start>
<af-start id="1215" threadId="0000000000804338" totalBytesRequested="264" timestamp="2024-07-17T20:35:51.560" intervalms="51.048" type="nursery" />
<cycle-start id="1216" type="scavenge" contextid="0" timestamp="2024-07-17T20:35:51.560" intervalms="50.905" />
<gc-start id="1217" type="scavenge" contextid="1216" timestamp="2024-07-17T20:35:51.560">
  <mem-info id="1218" free="6346800" total="44826624" percent="14">
    <mem type="nursery" free="0" total="17825792" percent="0">
      <mem type="allocate" free="0" total="15532032" percent="0" />
      <mem type="survivor" free="0" total="2293760" percent="0" />
    </mem>
    <mem type="tenure" free="6346800" total="27000832" percent="23">
      <mem type="soa" free="4996144" total="25650176" percent="19" />
      <mem type="loa" free="1350656" total="1350656" percent="100" />
    </mem>
    <remembered-set count="2243" />
  </mem-info>
</gc-start>
<allocation-stats totalBytes="14360528" discardedBytes="9496" >
  <allocated-bytes non-tlh="144" tlh="14360384" />
  <largest-consumer threadName="Default Executor-thread-1" threadId="0000000000803900" bytes="14360528" />
</allocation-stats>
<gc-op id="1219" type="scavenge" timems="3.455" contextid="1216" timestamp="2024-07-17T20:35:51.564">
  <scavenger-info tenureage="7" tenuremask="4080" tiltratio="87" />
  <memory-copied type="nursery" objects="46186" bytes="2290536" bytesdiscarded="3208" />
  <memory-copied type="tenure" objects="40995" bytes="1584184" bytesdiscarded="2256" />
  <copy-failed type="nursery" objects="37181" bytes="1478688" />
  <finalization candidates="1" enqueued="0" />
  <ownableSynchronizers candidates="4" cleared="0" />
  <references type="weak" candidates="1" cleared="0" enqueued="0" />
  <object-monitors candidates="25" cleared="0"  />
</gc-op>
<heap-resize id="1220" type="expand" space="nursery" amount="786432" count="1" timems="0.022" reason="excessive time being spent scavenging" timestamp="2024-07-17T20:35:51.565" />
<gc-end id="1221" type="scavenge" contextid="1216" durationms="4.803" usertimems="11.020" systemtimems="0.000" stalltimems="2.959" timestamp="2024-07-17T20:35:51.565" activeThreads="4">
  <mem-info id="1222" free="13275832" total="45613056" percent="29">
    <mem type="nursery" free="8519680" total="18612224" percent="45">
      <mem type="allocate" free="8519680" total="10813440" percent="78" />
      <mem type="survivor" free="0" total="7798784" percent="0" />
    </mem>
    <mem type="tenure" free="4756152" total="27000832" percent="17">
      <mem type="soa" free="3405496" total="25650176" percent="13" />
      <mem type="loa" free="1350656" total="1350656" percent="100" />
    </mem>
    <remembered-set count="4118" />
  </mem-info>
</gc-end>
<cycle-end id="1223" type="scavenge" contextid="1216" timestamp="2024-07-17T20:35:51.566" />
<allocation-satisfied id="1224" threadId="0000000000803900" bytesRequested="264" />
<af-end id="1225" timestamp="2024-07-17T20:35:51.566" threadId="0000000000804338" success="true" from="nursery"/>
<exclusive-end id="1226" timestamp="2024-07-17T20:35:51.566" durationms="7.180" />

<concurrent-kickoff id="1227" timestamp="2024-07-17T20:35:51.583">
  <kickoff reason="threshold reached" targetBytes="11526018" thresholdFreeBytes="1592049"  remainingFree="1584888" tenureFreeBytes="4756152" nurseryFreeBytes="1584888" />
</concurrent-kickoff>
<exclusive-start id="1228" timestamp="2024-07-17T20:35:51.583" intervalms="24.250">
  <response-info timems="0.042" idlems="0.042" threads="0" lastid="0000000000803900" lastname="Default Executor-thread-1" />
</exclusive-start>
<cycle-start id="1229" type="global" contextid="0" timestamp="2024-07-17T20:35:51.584" intervalms="538.522" />
<concurrent-start id="1230" type="global mark" contextid="1229" timestamp="2024-07-17T20:35:51.584">
</concurrent-start>
<exclusive-end id="1231" timestamp="2024-07-17T20:35:51.584" durationms="0.974" />

<concurrent-end id="1232" type="global mark" contextid="1229" timestamp="2024-07-17T20:35:51.606">
<gc-op id="1233" type="trace" timems="22.239" contextid="1229" timestamp="2024-07-17T20:35:51.606">
  <trace bytesTraced="11315072" workStackOverflowCount="0" />
  <card-cleaning reason="card cleaning threshold reached" bytesTraced="7848" cardsCleaned="30" />
</gc-op>
</concurrent-end>

<exclusive-start id="1234" timestamp="2024-07-17T20:35:51.607" intervalms="23.574">
  <response-info timems="0.043" idlems="0.043" threads="0" lastid="0000000000803900" lastname="Default Executor-thread-1" />
</exclusive-start>
<concurrent-global-final id="1235" timestamp="2024-07-17T20:35:51.607" contextid="1229" intervalms="532.720" >
  <concurrent-trace-info reason="card cleaning threshold reached" tracedByMutators="4114068" tracedByHelpers="7208852" cardsCleaned="30" workStackOverflowCount="0" />
</concurrent-global-final>
<gc-start id="1236" type="global" contextid="1229" timestamp="2024-07-17T20:35:51.608">
  <mem-info id="1237" free="4768176" total="45613056" percent="10">
    <mem type="nursery" free="12024" total="18612224" percent="0">
      <mem type="allocate" free="12024" total="10813440" percent="0" />
      <mem type="survivor" free="0" total="7798784" percent="0" />
    </mem>
    <mem type="tenure" free="4756152" total="27000832" percent="17">
      <mem type="soa" free="3405496" total="25650176" percent="13" />
      <mem type="loa" free="1350656" total="1350656" percent="100" />
    </mem>
    <remembered-set count="4302" />
  </mem-info>
</gc-start>
<allocation-stats totalBytes="8498440" discardedBytes="9216" >
  <allocated-bytes non-tlh="264" tlh="8498176" />
  <largest-consumer threadName="Default Executor-thread-1" threadId="0000000000803900" bytes="8498440" />
</allocation-stats>
<gc-op id="1238" type="rs-scan" timems="1.991" contextid="1229" timestamp="2024-07-17T20:35:51.610">
  <scan objectsFound="45730" bytesTraced="1390128" workStackOverflowCount="0" />
</gc-op>
<gc-op id="1239" type="card-cleaning" timems="0.644" contextid="1229" timestamp="2024-07-17T20:35:51.611">
  <card-cleaning cardsCleaned="0" bytesTraced="0" workStackOverflowCount="0" />
</gc-op>
<gc-op id="1240" type="mark" timems="4.071" contextid="1229" timestamp="2024-07-17T20:35:51.615">
  <trace-info objectcount="4998" scancount="4625" scanbytes="428480" />
  <finalization candidates="692" enqueued="0" />
  <ownableSynchronizers candidates="1227" cleared="2" />
  <references type="soft" candidates="5264" cleared="0" enqueued="0" dynamicThreshold="9" maxThreshold="32" />
  <references type="weak" candidates="1267" cleared="0" enqueued="0" />
  <references type="phantom" candidates="348" cleared="0" enqueued="0" />
  <stringconstants candidates="12612" cleared="0"  />
  <object-monitors candidates="25" cleared="0"  />
</gc-op>
<gc-op id="1241" type="sweep" timems="1.308" contextid="1229" timestamp="2024-07-17T20:35:51.617" />
<heap-resize id="1242" type="expand" space="tenure" amount="3211264" count="1" timems="0.529" reason="insufficient free space following gc" timestamp="2024-07-17T20:35:51.617" />
<gc-end id="1243" type="global" contextid="1229" durationms="9.938" usertimems="9.000" systemtimems="16.235" stalltimems="45.973" timestamp="2024-07-17T20:35:51.617" activeThreads="12">
  <mem-info id="1244" free="18256000" total="48824320" percent="37">
    <mem type="nursery" free="9179864" total="18612224" percent="49">
      <mem type="allocate" free="9179864" total="10813440" percent="84" />
      <mem type="survivor" free="0" total="7798784" percent="0" />
    </mem>
    <mem type="tenure" free="9076136" total="30212096" percent="30" micro-fragmented="349950" macro-fragmented="0">
      <mem type="soa" free="7564712" total="28700672" percent="26" />
      <mem type="loa" free="1511424" total="1511424" percent="100" />
    </mem>
    <remembered-set count="1967" />
  </mem-info>
</gc-end>
<cycle-end id="1245" type="global" contextid="1229" timestamp="2024-07-17T20:35:51.618" />
<exclusive-end id="1246" timestamp="2024-07-17T20:35:51.618" durationms="10.801" />

<exclusive-start id="1247" timestamp="2024-07-17T20:35:51.631" intervalms="23.659">
  <response-info timems="0.040" idlems="0.040" threads="0" lastid="0000000000803900" lastname="Default Executor-thread-1" />
</exclusive-start>
<af-start id="1248" threadId="0000000000804338" totalBytesRequested="8208" timestamp="2024-07-17T20:35:51.631" intervalms="71.471" type="nursery" />
<cycle-start id="1249" type="scavenge" contextid="0" timestamp="2024-07-17T20:35:51.631" intervalms="71.374" />
<gc-start id="1250" type="scavenge" contextid="1249" timestamp="2024-07-17T20:35:51.632">
  <mem-info id="1251" free="9076136" total="48824320" percent="18">
    <mem type="nursery" free="0" total="18612224" percent="0">
      <mem type="allocate" free="0" total="10813440" percent="0" />
      <mem type="survivor" free="0" total="7798784" percent="0" />
    </mem>
    <mem type="tenure" free="9076136" total="30212096" percent="30">
      <mem type="soa" free="7564712" total="28700672" percent="26" />
      <mem type="loa" free="1511424" total="1511424" percent="100" />
    </mem>
    <remembered-set count="2100" />
  </mem-info>
</gc-start>
<allocation-stats totalBytes="9139384" discardedBytes="34688" >
  <allocated-bytes non-tlh="41368" tlh="9098016" />
  <largest-consumer threadName="Default Executor-thread-1" threadId="0000000000803900" bytes="9139384" />
</allocation-stats>
<gc-op id="1252" type="scavenge" timems="2.131" contextid="1249" timestamp="2024-07-17T20:35:51.634">
  <scavenger-info tenureage="14" tenuremask="4000" tiltratio="58" />
  <memory-copied type="nursery" objects="23201" bytes="746888" bytesdiscarded="51720" />
  <finalization candidates="1" enqueued="0" />
  <ownableSynchronizers candidates="2446" cleared="2442" />
  <references type="weak" candidates="1" cleared="0" enqueued="0" />
  <object-monitors candidates="25" cleared="0"  />
</gc-op>
<gc-end id="1253" type="scavenge" contextid="1249" durationms="3.112" usertimems="0.000" systemtimems="4.901" stalltimems="5.749" timestamp="2024-07-17T20:35:51.635" activeThreads="5">
  <mem-info id="1254" free="20008456" total="48824320" percent="40">
    <mem type="nursery" free="10932320" total="18612224" percent="58">
      <mem type="allocate" free="10932320" total="11730944" percent="93" />
      <mem type="survivor" free="0" total="6881280" percent="0" />
    </mem>
    <mem type="tenure" free="9076136" total="30212096" percent="30">
      <mem type="soa" free="7564712" total="28700672" percent="26" />
      <mem type="loa" free="1511424" total="1511424" percent="100" />
    </mem>
    <remembered-set count="2016" />
  </mem-info>
</gc-end>
<cycle-end id="1255" type="scavenge" contextid="1249" timestamp="2024-07-17T20:35:51.635" />
<allocation-satisfied id="1256" threadId="0000000000803900" bytesRequested="8208" />
<af-end id="1257" timestamp="2024-07-17T20:35:51.636" threadId="0000000000804338" success="true" from="nursery"/>
<exclusive-end id="1258" timestamp="2024-07-17T20:35:51.636" durationms="5.335" />

<exclusive-start id="1259" timestamp="2024-07-17T20:35:51.654" intervalms="23.330">
  <response-info timems="0.050" idlems="0.050" threads="0" lastid="0000000000803900" lastname="Default Executor-thread-1" />
</exclusive-start>
<af-start id="1260" threadId="0000000000804338" totalBytesRequested="272" timestamp="2024-07-17T20:35:51.654" intervalms="23.359" type="nursery" />
<cycle-start id="1261" type="scavenge" contextid="0" timestamp="2024-07-17T20:35:51.655" intervalms="23.334" />
<gc-start id="1262" type="scavenge" contextid="1261" timestamp="2024-07-17T20:35:51.655">
  <mem-info id="1263" free="9076136" total="48824320" percent="18">
    <mem type="nursery" free="0" total="18612224" percent="0">
      <mem type="allocate" free="0" total="11730944" percent="0" />
      <mem type="survivor" free="0" total="6881280" percent="0" />
    </mem>
    <mem type="tenure" free="9076136" total="30212096" percent="30">
      <mem type="soa" free="7564712" total="28700672" percent="26" />
      <mem type="loa" free="1511424" total="1511424" percent="100" />
    </mem>
    <remembered-set count="2179" />
  </mem-info>
</gc-start>
<allocation-stats totalBytes="10924072" discardedBytes="8248" >
  <allocated-bytes non-tlh="8208" tlh="10915864" />
  <largest-consumer threadName="Default Executor-thread-1" threadId="0000000000803900" bytes="10924072" />
</allocation-stats>
<gc-op id="1264" type="scavenge" timems="1.585" contextid="1261" timestamp="2024-07-17T20:35:51.657">
  <scavenger-info tenureage="4" tenuremask="ffb0" tiltratio="63" />
  <memory-copied type="nursery" objects="20194" bytes="845184" bytesdiscarded="70160" />
  <memory-copied type="tenure" objects="8308" bytes="235136" bytesdiscarded="608" />
  <finalization candidates="1" enqueued="0" />
  <ownableSynchronizers candidates="4" cleared="0" />
  <references type="weak" candidates="1" cleared="0" enqueued="0" />
  <object-monitors candidates="25" cleared="0"  />
</gc-op>
<heap-resize id="1265" type="expand" space="nursery" amount="1048576" count="1" timems="0.022" reason="excessive time being spent scavenging" timestamp="2024-07-17T20:35:51.658" />
<gc-end id="1266" type="scavenge" contextid="1261" durationms="2.869" usertimems="3.636" systemtimems="0.421" stalltimems="2.159" timestamp="2024-07-17T20:35:51.658" activeThreads="4">
  <mem-info id="1267" free="21506168" total="49872896" percent="43">
    <mem type="nursery" free="12716128" total="19660800" percent="64">
      <mem type="allocate" free="12716128" total="13631488" percent="93" />
      <mem type="survivor" free="0" total="6029312" percent="0" />
    </mem>
    <mem type="tenure" free="8790040" total="30212096" percent="29">
      <mem type="soa" free="7278616" total="28700672" percent="25" />
      <mem type="loa" free="1511424" total="1511424" percent="100" />
    </mem>
    <remembered-set count="1211" />
  </mem-info>
</gc-end>
<cycle-end id="1268" type="scavenge" contextid="1261" timestamp="2024-07-17T20:35:51.658" />
<allocation-satisfied id="1269" threadId="0000000000803900" bytesRequested="272" />
<af-end id="1270" timestamp="2024-07-17T20:35:51.659" threadId="0000000000804338" success="true" from="nursery"/>
<exclusive-end id="1271" timestamp="2024-07-17T20:35:51.659" durationms="5.141" />

<exclusive-start id="1272" timestamp="2024-07-17T20:35:51.678" intervalms="24.344">
  <response-info timems="0.049" idlems="0.049" threads="0" lastid="0000000000803900" lastname="Default Executor-thread-1" />
</exclusive-start>
<af-start id="1273" threadId="0000000000804338" totalBytesRequested="72" timestamp="2024-07-17T20:35:51.679" intervalms="24.374" type="nursery" />
<cycle-start id="1274" type="scavenge" contextid="0" timestamp="2024-07-17T20:35:51.679" intervalms="24.441" />
<gc-start id="1275" type="scavenge" contextid="1274" timestamp="2024-07-17T20:35:51.680">
  <mem-info id="1276" free="8790040" total="49872896" percent="17">
    <mem type="nursery" free="0" total="19660800" percent="0">
      <mem type="allocate" free="0" total="13631488" percent="0" />
      <mem type="survivor" free="0" total="6029312" percent="0" />
    </mem>
    <mem type="tenure" free="8790040" total="30212096" percent="29">
      <mem type="soa" free="7278616" total="28700672" percent="25" />
      <mem type="loa" free="1511424" total="1511424" percent="100" />
    </mem>
    <remembered-set count="1379" />
  </mem-info>
</gc-start>
<allocation-stats totalBytes="12708560" discardedBytes="7568" >
  <allocated-bytes non-tlh="272" tlh="12708288" />
  <largest-consumer threadName="Default Executor-thread-1" threadId="0000000000803900" bytes="12708560" />
</allocation-stats>
<gc-op id="1277" type="scavenge" timems="1.877" contextid="1274" timestamp="2024-07-17T20:35:51.682">
  <scavenger-info tenureage="3" tenuremask="fc88" tiltratio="69" />
  <memory-copied type="nursery" objects="23860" bytes="1111456" bytesdiscarded="271936" />
  <memory-copied type="tenure" objects="4285" bytes="116592" bytesdiscarded="128" />
  <finalization candidates="1" enqueued="0" />
  <ownableSynchronizers candidates="4" cleared="0" />
  <references type="weak" candidates="1" cleared="0" enqueued="0" />
  <object-monitors candidates="25" cleared="0"  />
</gc-op>
<heap-resize id="1278" type="expand" space="nursery" amount="1048576" count="1" timems="0.027" reason="excessive time being spent scavenging" timestamp="2024-07-17T20:35:51.683" />
<gc-end id="1279" type="scavenge" contextid="1274" durationms="3.391" usertimems="4.842" systemtimems="0.558" stalltimems="2.422" timestamp="2024-07-17T20:35:51.683" activeThreads="4">
  <mem-info id="1280" free="22755456" total="50921472" percent="44">
    <mem type="nursery" free="14148624" total="20709376" percent="68">
      <mem type="allocate" free="14148624" total="15532032" percent="91" />
      <mem type="survivor" free="0" total="5177344" percent="0" />
    </mem>
    <mem type="tenure" free="8606832" total="30212096" percent="28">
      <mem type="soa" free="7095408" total="28700672" percent="24" />
      <mem type="loa" free="1511424" total="1511424" percent="100" />
    </mem>
    <remembered-set count="843" />
  </mem-info>
</gc-end>
<cycle-end id="1281" type="scavenge" contextid="1274" timestamp="2024-07-17T20:35:51.683" />
<allocation-satisfied id="1282" threadId="0000000000803900" bytesRequested="72" />
<af-end id="1283" timestamp="2024-07-17T20:35:51.684" threadId="0000000000804338" success="true" from="nursery"/>
<exclusive-end id="1284" timestamp="2024-07-17T20:35:51.685" durationms="6.273" />

<exclusive-start id="1285" timestamp="2024-07-17T20:35:51.717" intervalms="38.521">
  <response-info timems="0.057" idlems="0.057" threads="0" lastid="0000000000803900" lastname="Default Executor-thread-1" />
</exclusive-start>
<af-start id="1286" threadId="0000000000804338" totalBytesRequested="144" timestamp="2024-07-17T20:35:51.717" intervalms="38.549" type="nursery" />
<cycle-start id="1287" type="scavenge" contextid="0" timestamp="2024-07-17T20:35:51.718" intervalms="38.578" />
<gc-start id="1288" type="scavenge" contextid="1287" timestamp="2024-07-17T20:35:51.718">
  <mem-info id="1289" free="8606832" total="50921472" percent="16">
    <mem type="nursery" free="0" total="20709376" percent="0">
      <mem type="allocate" free="0" total="15532032" percent="0" />
      <mem type="survivor" free="0" total="5177344" percent="0" />
    </mem>
    <mem type="tenure" free="8606832" total="30212096" percent="28">
      <mem type="soa" free="7095408" total="28700672" percent="24" />
      <mem type="loa" free="1511424" total="1511424" percent="100" />
    </mem>
    <remembered-set count="1293" />
  </mem-info>
</gc-start>
<allocation-stats totalBytes="14139088" discardedBytes="9536" >
  <allocated-bytes non-tlh="72" tlh="14139016" />
  <largest-consumer threadName="Default Executor-thread-1" threadId="0000000000803900" bytes="14139088" />
</allocation-stats>
<gc-op id="1290" type="scavenge" timems="1.454" contextid="1287" timestamp="2024-07-17T20:35:51.720">
  <scavenger-info tenureage="6" tenuremask="fec0" tiltratio="75" />
  <memory-copied type="nursery" objects="22195" bytes="768600" bytesdiscarded="94248" />
  <finalization candidates="1" enqueued="0" />
  <ownableSynchronizers candidates="4" cleared="0" />
  <references type="weak" candidates="1" cleared="0" enqueued="0" />
  <object-monitors candidates="25" cleared="0"  />
</gc-op>
<gc-end id="1291" type="scavenge" contextid="1287" durationms="2.677" usertimems="3.317" systemtimems="0.380" stalltimems="2.187" timestamp="2024-07-17T20:35:51.721" activeThreads="4">
  <mem-info id="1292" free="24259040" total="50921472" percent="47">
    <mem type="nursery" free="15652208" total="20709376" percent="75">
      <mem type="allocate" free="15652208" total="16515072" percent="94" />
      <mem type="survivor" free="0" total="4194304" percent="0" />
    </mem>
    <mem type="tenure" free="8606832" total="30212096" percent="28">
      <mem type="soa" free="7095408" total="28700672" percent="24" />
      <mem type="loa" free="1511424" total="1511424" percent="100" />
    </mem>
    <remembered-set count="1076" />
  </mem-info>
</gc-end>
<cycle-end id="1293" type="scavenge" contextid="1287" timestamp="2024-07-17T20:35:51.721" />
<allocation-satisfied id="1294" threadId="0000000000803900" bytesRequested="144" />
<af-end id="1295" timestamp="2024-07-17T20:35:51.722" threadId="0000000000804338" success="true" from="nursery"/>
<exclusive-end id="1296" timestamp="2024-07-17T20:35:51.722" durationms="5.266" />

<exclusive-start id="1297" timestamp="2024-07-17T20:35:51.747" intervalms="30.623">
  <response-info timems="0.041" idlems="0.041" threads="0" lastid="0000000000803900" lastname="Default Executor-thread-1" />
</exclusive-start>
<af-start id="1298" threadId="0000000000804338" totalBytesRequested="8208" timestamp="2024-07-17T20:35:51.748" intervalms="30.561" type="nursery" />
<cycle-start id="1299" type="scavenge" contextid="0" timestamp="2024-07-17T20:35:51.748" intervalms="30.503" />
<gc-start id="1300" type="scavenge" contextid="1299" timestamp="2024-07-17T20:35:51.749">
  <mem-info id="1301" free="8606576" total="50921472" percent="16">
    <mem type="nursery" free="0" total="20709376" percent="0">
      <mem type="allocate" free="0" total="16515072" percent="0" />
      <mem type="survivor" free="0" total="4194304" percent="0" />
    </mem>
    <mem type="tenure" free="8606576" total="30212096" percent="28">
      <mem type="soa" free="7095152" total="28700672" percent="24" />
      <mem type="loa" free="1511424" total="1511424" percent="100" />
    </mem>
    <remembered-set count="1110" />
  </mem-info>
</gc-start>
<allocation-stats totalBytes="15636632" discardedBytes="15832" >
  <allocated-bytes non-tlh="400" tlh="15636232" />
  <largest-consumer threadName="Default Executor-thread-1" threadId="0000000000803900" bytes="15636632" />
</allocation-stats>
<gc-op id="1302" type="scavenge" timems="1.504" contextid="1299" timestamp="2024-07-17T20:35:51.751">
  <scavenger-info tenureage="5" tenuremask="ffa0" tiltratio="79" />
  <memory-copied type="nursery" objects="25901" bytes="906280" bytesdiscarded="67328" />
  <finalization candidates="1" enqueued="0" />
  <ownableSynchronizers candidates="4" cleared="0" />
  <references type="weak" candidates="2" cleared="1" enqueued="1" />
  <object-monitors candidates="25" cleared="0"  />
</gc-op>
<heap-resize id="1303" type="expand" space="nursery" amount="1179648" count="1" timems="0.024" reason="excessive time being spent scavenging" timestamp="2024-07-17T20:35:51.751" />
<gc-end id="1304" type="scavenge" contextid="1299" durationms="2.917" usertimems="3.756" systemtimems="0.061" stalltimems="2.384" timestamp="2024-07-17T20:35:51.752" activeThreads="4">
  <mem-info id="1305" free="25655352" total="52101120" percent="49">
    <mem type="nursery" free="17048776" total="21889024" percent="77">
      <mem type="allocate" free="17048776" total="18022400" percent="94" />
      <mem type="survivor" free="0" total="3866624" percent="0" />
    </mem>
    <mem type="tenure" free="8606576" total="30212096" percent="28">
      <mem type="soa" free="7095152" total="28700672" percent="24" />
      <mem type="loa" free="1511424" total="1511424" percent="100" />
    </mem>
    <pending-finalizers system="0" default="0" reference="1" classloader="0" />
    <remembered-set count="1095" />
  </mem-info>
</gc-end>
<cycle-end id="1306" type="scavenge" contextid="1299" timestamp="2024-07-17T20:35:51.752" />
<allocation-satisfied id="1307" threadId="0000000000803900" bytesRequested="8208" />
<af-end id="1308" timestamp="2024-07-17T20:35:51.753" threadId="0000000000804338" success="true" from="nursery"/>
<exclusive-end id="1309" timestamp="2024-07-17T20:35:51.753" durationms="5.475" />

<exclusive-start id="1310" timestamp="2024-07-17T20:35:51.792" intervalms="44.609">
  <response-info timems="0.041" idlems="0.041" threads="0" lastid="0000000000597100" lastname="Framework Event Dispatcher: Equinox Container: 9554b210-53da-49" />
</exclusive-start>
<af-start id="1311" threadId="0000000000597B38" totalBytesRequested="24" timestamp="2024-07-17T20:35:51.793" intervalms="44.817" type="nursery" />
<cycle-start id="1312" type="scavenge" contextid="0" timestamp="2024-07-17T20:35:51.793" intervalms="44.892" />
<gc-start id="1313" type="scavenge" contextid="1312" timestamp="2024-07-17T20:35:51.794">
  <mem-info id="1314" free="8606576" total="52101120" percent="16">
    <mem type="nursery" free="0" total="21889024" percent="0">
      <mem type="allocate" free="0" total="18022400" percent="0" />
      <mem type="survivor" free="0" total="3866624" percent="0" />
    </mem>
    <mem type="tenure" free="8606576" total="30212096" percent="28">
      <mem type="soa" free="7095152" total="28700672" percent="24" />
      <mem type="loa" free="1511424" total="1511424" percent="100" />
    </mem>
    <remembered-set count="1910" />
  </mem-info>
</gc-start>
<allocation-stats totalBytes="17036584" discardedBytes="12192" >
  <allocated-bytes non-tlh="8208" tlh="17028376" />
  <largest-consumer threadName="Default Executor-thread-1" threadId="0000000000803900" bytes="16883896" />
</allocation-stats>
<gc-op id="1315" type="scavenge" timems="2.642" contextid="1312" timestamp="2024-07-17T20:35:51.797">
  <scavenger-info tenureage="3" tenuremask="fff8" tiltratio="82" />
  <memory-copied type="nursery" objects="35044" bytes="1084320" bytesdiscarded="45168" />
  <memory-copied type="tenure" objects="11813" bytes="343720" bytesdiscarded="472" />
  <finalization candidates="1" enqueued="0" />
  <ownableSynchronizers candidates="4" cleared="0" />
  <object-monitors candidates="25" cleared="0"  />
</gc-op>
<gc-end id="1316" type="scavenge" contextid="1312" durationms="3.697" usertimems="7.119" systemtimems="0.804" stalltimems="2.798" timestamp="2024-07-17T20:35:51.797" activeThreads="4">
  <mem-info id="1317" free="25794584" total="52101120" percent="49">
    <mem type="nursery" free="17548272" total="21889024" percent="80">
      <mem type="allocate" free="17548272" total="18677760" percent="93" />
      <mem type="survivor" free="0" total="3211264" percent="0" />
    </mem>
    <mem type="tenure" free="8246312" total="30212096" percent="27">
      <mem type="soa" free="6734888" total="28700672" percent="23" />
      <mem type="loa" free="1511424" total="1511424" percent="100" />
    </mem>
    <remembered-set count="663" />
  </mem-info>
</gc-end>
<cycle-end id="1318" type="scavenge" contextid="1312" timestamp="2024-07-17T20:35:51.798" />
<allocation-satisfied id="1319" threadId="0000000000597100" bytesRequested="24" />
<af-end id="1320" timestamp="2024-07-17T20:35:51.798" threadId="0000000000597B38" success="true" from="nursery"/>
<exclusive-end id="1321" timestamp="2024-07-17T20:35:51.798" durationms="6.323" />

<exclusive-start id="1322" timestamp="2024-07-17T20:35:51.974" intervalms="182.313">
  <response-info timems="0.081" idlems="0.081" threads="0" lastid="0000000000803900" lastname="Default Executor-thread-1" />
</exclusive-start>
<af-start id="1323" threadId="0000000000804338" totalBytesRequested="40" timestamp="2024-07-17T20:35:51.975" intervalms="182.061" type="nursery" />
<cycle-start id="1324" type="scavenge" contextid="0" timestamp="2024-07-17T20:35:51.975" intervalms="182.044" />
<gc-start id="1325" type="scavenge" contextid="1324" timestamp="2024-07-17T20:35:51.976">
  <mem-info id="1326" free="8244152" total="52101120" percent="15">
    <mem type="nursery" free="0" total="21889024" percent="0">
      <mem type="allocate" free="0" total="18677760" percent="0" />
      <mem type="survivor" free="0" total="3211264" percent="0" />
    </mem>
    <mem type="tenure" free="8244152" total="30212096" percent="27">
      <mem type="soa" free="6732728" total="28700672" percent="23" />
      <mem type="loa" free="1511424" total="1511424" percent="100" />
    </mem>
    <remembered-set count="1746" />
  </mem-info>
</gc-start>
<allocation-stats totalBytes="17546792" discardedBytes="3640" >
  <allocated-bytes non-tlh="888856" tlh="16657936" />
  <largest-consumer threadName="Default Executor-thread-1" threadId="0000000000803900" bytes="17145528" />
</allocation-stats>
<gc-op id="1327" type="scavenge" timems="4.915" contextid="1324" timestamp="2024-07-17T20:35:51.981">
  <scavenger-info tenureage="7" tenuremask="fe80" tiltratio="85" />
  <memory-copied type="nursery" objects="46777" bytes="3205872" bytesdiscarded="2728" />
  <memory-copied type="tenure" objects="20262" bytes="697280" bytesdiscarded="664" />
  <copy-failed type="nursery" objects="20262" bytes="697688" />
  <references type="weak" candidates="6" cleared="4" enqueued="4" />
  <references type="phantom" candidates="221" cleared="0" enqueued="0" />
  <object-monitors candidates="25" cleared="0"  />
</gc-op>
<gc-end id="1328" type="scavenge" contextid="1324" durationms="6.224" usertimems="16.483" systemtimems="0.317" stalltimems="3.517" timestamp="2024-07-17T20:35:51.982" activeThreads="4">
  <mem-info id="1329" free="18423248" total="52101120" percent="35">
    <mem type="nursery" free="10878976" total="21889024" percent="49">
      <mem type="allocate" free="10878976" total="14090240" percent="77" />
      <mem type="survivor" free="0" total="7798784" percent="0" />
    </mem>
    <mem type="tenure" free="7544272" total="30212096" percent="24">
      <mem type="soa" free="6032848" total="28700672" percent="21" />
      <mem type="loa" free="1511424" total="1511424" percent="100" />
    </mem>
    <pending-finalizers system="0" default="0" reference="4" classloader="0" />
    <remembered-set count="2767" />
  </mem-info>
</gc-end>
<cycle-end id="1330" type="scavenge" contextid="1324" timestamp="2024-07-17T20:35:51.983" />
<allocation-satisfied id="1331" threadId="0000000000803900" bytesRequested="40" />
<af-end id="1332" timestamp="2024-07-17T20:35:51.984" threadId="0000000000804338" success="true" from="nursery"/>
<exclusive-end id="1333" timestamp="2024-07-17T20:35:51.984" durationms="9.872" />

<exclusive-start id="1334" timestamp="2024-07-17T20:35:52.101" intervalms="126.963">
  <response-info timems="0.045" idlems="0.045" threads="0" lastid="0000000000803900" lastname="Default Executor-thread-1" />
</exclusive-start>
<af-start id="1335" threadId="0000000000804338" totalBytesRequested="101528" timestamp="2024-07-17T20:35:52.102" intervalms="126.835" type="nursery" />
<cycle-start id="1336" type="scavenge" contextid="0" timestamp="2024-07-17T20:35:52.102" intervalms="126.603" />
<gc-start id="1337" type="scavenge" contextid="1336" timestamp="2024-07-17T20:35:52.102">
  <mem-info id="1338" free="7618920" total="52101120" percent="14">
    <mem type="nursery" free="75080" total="21889024" percent="0">
      <mem type="allocate" free="75080" total="14090240" percent="0" />
      <mem type="survivor" free="0" total="7798784" percent="0" />
    </mem>
    <mem type="tenure" free="7543840" total="30212096" percent="24">
      <mem type="soa" free="6032416" total="28700672" percent="21" />
      <mem type="loa" free="1511424" total="1511424" percent="100" />
    </mem>
    <remembered-set count="3151" />
  </mem-info>
</gc-start>
<allocation-stats totalBytes="10802344" discardedBytes="1984" >
  <allocated-bytes non-tlh="556136" tlh="10246208" />
  <largest-consumer threadName="Default Executor-thread-1" threadId="0000000000803900" bytes="10781864" />
</allocation-stats>
<gc-op id="1339" type="scavenge" timems="3.279" contextid="1336" timestamp="2024-07-17T20:35:52.106">
  <scavenger-info tenureage="2" tenuremask="fffc" tiltratio="64" />
  <memory-copied type="nursery" objects="35191" bytes="2748856" bytesdiscarded="168712" />
  <memory-copied type="tenure" objects="26949" bytes="838848" bytesdiscarded="656" />
  <ownableSynchronizers candidates="4" cleared="0" />
  <references type="weak" candidates="4" cleared="0" enqueued="0" />
  <references type="phantom" candidates="219" cleared="0" enqueued="0" />
  <object-monitors candidates="27" cleared="0"  />
</gc-op>
<gc-end id="1340" type="scavenge" contextid="1336" durationms="3.891" usertimems="11.301" systemtimems="0.000" stalltimems="5.310" timestamp="2024-07-17T20:35:52.106" activeThreads="5">
  <mem-info id="1341" free="18433776" total="52101120" percent="35">
    <mem type="nursery" free="11759568" total="21889024" percent="53">
      <mem type="allocate" free="11759568" total="14680064" percent="80" />
      <mem type="survivor" free="0" total="7208960" percent="0" />
    </mem>
    <mem type="tenure" free="6674208" total="30212096" percent="22">
      <mem type="soa" free="5162784" total="28700672" percent="17" />
      <mem type="loa" free="1511424" total="1511424" percent="100" />
    </mem>
    <remembered-set count="2231" />
  </mem-info>
</gc-end>
<cycle-end id="1342" type="scavenge" contextid="1336" timestamp="2024-07-17T20:35:52.106" />
<allocation-satisfied id="1343" threadId="0000000000803900" bytesRequested="101528" />
<af-end id="1344" timestamp="2024-07-17T20:35:52.106" threadId="0000000000804338" success="true" from="nursery"/>
<exclusive-end id="1345" timestamp="2024-07-17T20:35:52.107" durationms="5.164" />

<exclusive-start id="1346" timestamp="2024-07-17T20:35:52.291" intervalms="189.457">
  <response-info timems="0.050" idlems="0.050" threads="0" lastid="00000000005B6B00" lastname="Start Level: Equinox Container: 9554b210-53da-498d-8998-aadc2a2" />
</exclusive-start>
<af-start id="1347" threadId="00000000005B7538" totalBytesRequested="24" timestamp="2024-07-17T20:35:52.291" intervalms="189.501" type="nursery" />
<cycle-start id="1348" type="scavenge" contextid="0" timestamp="2024-07-17T20:35:52.291" intervalms="189.594" />
<gc-start id="1349" type="scavenge" contextid="1348" timestamp="2024-07-17T20:35:52.292">
  <mem-info id="1350" free="6621288" total="52101120" percent="12">
    <mem type="nursery" free="0" total="21889024" percent="0">
      <mem type="allocate" free="0" total="14680064" percent="0" />
      <mem type="survivor" free="0" total="7208960" percent="0" />
    </mem>
    <mem type="tenure" free="6621288" total="30212096" percent="21">
      <mem type="soa" free="5109864" total="28700672" percent="17" />
      <mem type="loa" free="1511424" total="1511424" percent="100" />
    </mem>
    <remembered-set count="4734" />
  </mem-info>
</gc-start>
<allocation-stats totalBytes="11804432" discardedBytes="8056" >
  <allocated-bytes non-tlh="566504" tlh="11237928" />
  <largest-consumer threadName="Default Executor-thread-1" threadId="0000000000803900" bytes="8581912" />
</allocation-stats>
<gc-op id="1351" type="scavenge" timems="3.712" contextid="1348" timestamp="2024-07-17T20:35:52.296">
  <scavenger-info tenureage="6" tenuremask="ffc0" tiltratio="67" />
  <memory-copied type="nursery" objects="59926" bytes="3617792" bytesdiscarded="86840" />
  <finalization candidates="18" enqueued="11" />
  <ownableSynchronizers candidates="645" cleared="191" />
  <references type="soft" candidates="226" cleared="0" enqueued="0" dynamicThreshold="9" maxThreshold="32" />
  <references type="weak" candidates="543" cleared="73" enqueued="73" />
  <references type="phantom" candidates="260" cleared="0" enqueued="0" />
  <object-monitors candidates="28" cleared="0"  />
</gc-op>
<gc-end id="1352" type="scavenge" contextid="1348" durationms="4.676" usertimems="14.009" systemtimems="0.000" stalltimems="4.442" timestamp="2024-07-17T20:35:52.296" activeThreads="5">
  <mem-info id="1353" free="17984240" total="52101120" percent="34">
    <mem type="nursery" free="11362952" total="21889024" percent="51">
      <mem type="allocate" free="11362952" total="15073280" percent="75" />
      <mem type="survivor" free="0" total="6815744" percent="0" />
    </mem>
    <mem type="tenure" free="6621288" total="30212096" percent="21">
      <mem type="soa" free="5109864" total="28700672" percent="17" />
      <mem type="loa" free="1511424" total="1511424" percent="100" />
    </mem>
    <pending-finalizers system="11" default="0" reference="73" classloader="0" />
    <remembered-set count="3698" />
  </mem-info>
</gc-end>
<cycle-end id="1354" type="scavenge" contextid="1348" timestamp="2024-07-17T20:35:52.297" />
<allocation-satisfied id="1355" threadId="00000000005B6B00" bytesRequested="24" />
<af-end id="1356" timestamp="2024-07-17T20:35:52.297" threadId="00000000005B7538" success="true" from="nursery"/>
<exclusive-end id="1357" timestamp="2024-07-17T20:35:52.297" durationms="6.462" />

<exclusive-start id="1358" timestamp="2024-07-17T20:35:52.373" intervalms="82.184">
  <response-info timems="0.111" idlems="0.063" threads="1" lastid="00000000005D5300" lastname="Equinox start level thread - Equinox Container: 9554b210-53da-4" />
</exclusive-start>
<af-start id="1359" threadId="00000000005CAF38" totalBytesRequested="32" timestamp="2024-07-17T20:35:52.373" intervalms="82.163" type="nursery" />
<cycle-start id="1360" type="scavenge" contextid="0" timestamp="2024-07-17T20:35:52.373" intervalms="82.100" />
<gc-start id="1361" type="scavenge" contextid="1360" timestamp="2024-07-17T20:35:52.374">
  <mem-info id="1362" free="6518936" total="52101120" percent="12">
    <mem type="nursery" free="0" total="21889024" percent="0">
      <mem type="allocate" free="0" total="15073280" percent="0" />
      <mem type="survivor" free="0" total="6815744" percent="0" />
    </mem>
    <mem type="tenure" free="6518936" total="30212096" percent="21">
      <mem type="soa" free="5007512" total="28700672" percent="17" />
      <mem type="loa" free="1511424" total="1511424" percent="100" />
    </mem>
    <remembered-set count="5422" />
  </mem-info>
</gc-start>
<allocation-stats totalBytes="11459456" discardedBytes="5848" >
  <allocated-bytes non-tlh="241672" tlh="11217784" />
  <largest-consumer threadName="Equinox start level thread - Equinox Container: 9554b210-53da-498d-8998-aadc2a2bd547" threadId="00000000005CA500" bytes="2798016" />
</allocation-stats>
<gc-op id="1363" type="scavenge" timems="5.874" contextid="1360" timestamp="2024-07-17T20:35:52.380">
  <scavenger-info tenureage="3" tenuremask="4008" tiltratio="68" />
  <memory-copied type="nursery" objects="83067" bytes="4400976" bytesdiscarded="63496" />
  <memory-copied type="tenure" objects="16745" bytes="561352" bytesdiscarded="200" />
  <finalization candidates="38" enqueued="20" />
  <ownableSynchronizers candidates="1735" cleared="527" />
  <references type="soft" candidates="678" cleared="0" enqueued="0" dynamicThreshold="9" maxThreshold="32" />
  <references type="weak" candidates="820" cleared="171" enqueued="171" />
  <references type="phantom" candidates="291" cleared="8" enqueued="8" />
  <object-monitors candidates="29" cleared="0"  />
</gc-op>
<heap-resize id="1364" type="expand" space="nursery" amount="1048576" count="1" timems="0.092" reason="excessive time being spent scavenging" timestamp="2024-07-17T20:35:52.380" />
<gc-end id="1365" type="scavenge" contextid="1360" durationms="6.984" usertimems="22.152" systemtimems="0.031" stalltimems="7.777" timestamp="2024-07-17T20:35:52.381" activeThreads="5">
  <mem-info id="1366" free="17750144" total="53149696" percent="33">
    <mem type="nursery" free="11907816" total="22937600" percent="51">
      <mem type="allocate" free="11907816" total="16384000" percent="72" />
      <mem type="survivor" free="0" total="6553600" percent="0" />
    </mem>
    <mem type="tenure" free="5842328" total="30212096" percent="19">
      <mem type="soa" free="4330904" total="28700672" percent="15" />
      <mem type="loa" free="1511424" total="1511424" percent="100" />
    </mem>
    <pending-finalizers system="20" default="0" reference="179" classloader="0" />
    <remembered-set count="3405" />
  </mem-info>
</gc-end>
<cycle-end id="1367" type="scavenge" contextid="1360" timestamp="2024-07-17T20:35:52.381" />
<allocation-satisfied id="1368" threadId="00000000005CA500" bytesRequested="32" />
<af-end id="1369" timestamp="2024-07-17T20:35:52.382" threadId="00000000005CAF38" success="true" from="nursery"/>
<exclusive-end id="1370" timestamp="2024-07-17T20:35:52.382" durationms="8.778" />

<exclusive-start id="1371" timestamp="2024-07-17T20:35:52.444" intervalms="70.863">
  <response-info timems="0.207" idlems="0.136" threads="2" lastid="00000000005C6800" lastname="Equinox start level thread - Equinox Container: 9554b210-53da-4" />
</exclusive-start>
<af-start id="1372" threadId="00000000005D5D38" totalBytesRequested="96" timestamp="2024-07-17T20:35:52.444" intervalms="70.986" type="nursery" />
<cycle-start id="1373" type="scavenge" contextid="0" timestamp="2024-07-17T20:35:52.444" intervalms="71.005" />
<gc-start id="1374" type="scavenge" contextid="1373" timestamp="2024-07-17T20:35:52.445">
  <mem-info id="1375" free="5699856" total="53149696" percent="10">
    <mem type="nursery" free="0" total="22937600" percent="0">
      <mem type="allocate" free="0" total="16384000" percent="0" />
      <mem type="survivor" free="0" total="6553600" percent="0" />
    </mem>
    <mem type="tenure" free="5699856" total="30212096" percent="18">
      <mem type="soa" free="4188432" total="28700672" percent="14" />
      <mem type="loa" free="1511424" total="1511424" percent="100" />
    </mem>
    <remembered-set count="5462" />
  </mem-info>
</gc-start>
<allocation-stats totalBytes="11992928" discardedBytes="57360" >
  <allocated-bytes non-tlh="453968" tlh="11538960" />
  <largest-consumer threadName="Equinox start level thread - Equinox Container: 9554b210-53da-498d-8998-aadc2a2bd547" threadId="00000000005CA500" bytes="2860912" />
</allocation-stats>
<gc-op id="1376" type="scavenge" timems="5.074" contextid="1373" timestamp="2024-07-17T20:35:52.450">
  <scavenger-info tenureage="2" tenuremask="4004" tiltratio="71" />
  <memory-copied type="nursery" objects="87187" bytes="3357608" bytesdiscarded="142864" />
  <memory-copied type="tenure" objects="26514" bytes="2160208" bytesdiscarded="2920" />
  <finalization candidates="32" enqueued="9" />
  <ownableSynchronizers candidates="2549" cleared="618" />
  <references type="soft" candidates="1275" cleared="0" enqueued="0" dynamicThreshold="9" maxThreshold="32" />
  <references type="weak" candidates="637" cleared="142" enqueued="142" />
  <references type="phantom" candidates="119" cleared="6" enqueued="6" />
  <object-monitors candidates="46" cleared="8"  />
</gc-op>
<gc-end id="1377" type="scavenge" contextid="1373" durationms="5.794" usertimems="22.875" systemtimems="0.000" stalltimems="7.543" timestamp="2024-07-17T20:35:52.451" activeThreads="6">
  <mem-info id="1378" free="16817552" total="53149696" percent="31">
    <mem type="nursery" free="13460880" total="22937600" percent="58">
      <mem type="allocate" free="13460880" total="16973824" percent="79" />
      <mem type="survivor" free="0" total="5963776" percent="0" />
    </mem>
    <mem type="tenure" free="3356672" total="30212096" percent="11">
      <mem type="soa" free="1845248" total="28700672" percent="6" />
      <mem type="loa" free="1511424" total="1511424" percent="100" />
    </mem>
    <pending-finalizers system="9" default="0" reference="148" classloader="0" />
    <remembered-set count="4228" />
  </mem-info>
</gc-end>
<cycle-end id="1379" type="scavenge" contextid="1373" timestamp="2024-07-17T20:35:52.451" />
<allocation-satisfied id="1380" threadId="00000000005D5300" bytesRequested="96" />
<af-end id="1381" timestamp="2024-07-17T20:35:52.451" threadId="00000000005D5D38" success="true" from="nursery"/>
<exclusive-end id="1382" timestamp="2024-07-17T20:35:52.451" durationms="7.428" />

<concurrent-kickoff id="1383" timestamp="2024-07-17T20:35:52.519">
  <kickoff reason="threshold reached" targetBytes="12843037" thresholdFreeBytes="1776035"  remainingFree="1658888" tenureFreeBytes="3274128" nurseryFreeBytes="1658888" />
</concurrent-kickoff>
<exclusive-start id="1384" timestamp="2024-07-17T20:35:52.519" intervalms="75.386">
  <response-info timems="0.079" idlems="0.078" threads="1" lastid="00000000005D5300" lastname="Equinox start level thread - Equinox Container: 9554b210-53da-4" />
</exclusive-start>
<cycle-start id="1385" type="global" contextid="0" timestamp="2024-07-17T20:35:52.520" intervalms="935.924" />
<concurrent-start id="1386" type="global mark" contextid="1385" timestamp="2024-07-17T20:35:52.520">
</concurrent-start>
<exclusive-end id="1387" timestamp="2024-07-17T20:35:52.520" durationms="1.136" />

<concurrent-end id="1388" type="global mark" contextid="1385" timestamp="2024-07-17T20:35:52.555">
<gc-op id="1389" type="trace" timems="34.976" contextid="1385" timestamp="2024-07-17T20:35:52.555">
  <trace bytesTraced="12993232" workStackOverflowCount="0" />
  <card-cleaning reason="card cleaning threshold reached" bytesTraced="30388" cardsCleaned="111" />
</gc-op>
</concurrent-end>

<exclusive-start id="1390" timestamp="2024-07-17T20:35:52.556" intervalms="36.403">
  <response-info timems="0.082" idlems="0.082" threads="0" lastid="00000000005D5300" lastname="Equinox start level thread - Equinox Container: 9554b210-53da-4" />
</exclusive-start>
<concurrent-global-final id="1391" timestamp="2024-07-17T20:35:52.556" contextid="1385" intervalms="948.681" >
  <concurrent-trace-info reason="card cleaning threshold reached" tracedByMutators="6882604" tracedByHelpers="6141016" cardsCleaned="111" workStackOverflowCount="0" />
</concurrent-global-final>
<gc-start id="1392" type="global" contextid="1385" timestamp="2024-07-17T20:35:52.556">
  <mem-info id="1393" free="3456408" total="53149696" percent="6">
    <mem type="nursery" free="188424" total="22937600" percent="0">
      <mem type="allocate" free="188424" total="16973824" percent="1" />
      <mem type="survivor" free="0" total="5963776" percent="0" />
    </mem>
    <mem type="tenure" free="3267984" total="30212096" percent="10">
      <mem type="soa" free="1756560" total="28700672" percent="6" />
      <mem type="loa" free="1511424" total="1511424" percent="100" />
    </mem>
    <remembered-set count="6895" />
  </mem-info>
</gc-start>
<allocation-stats totalBytes="13355736" discardedBytes="5408" >
  <allocated-bytes non-tlh="757752" tlh="12597984" />
  <largest-consumer threadName="Equinox start level thread - Equinox Container: 9554b210-53da-498d-8998-aadc2a2bd547" threadId="00000000005D5300" bytes="4744920" />
</allocation-stats>
<gc-op id="1394" type="rs-scan" timems="2.403" contextid="1385" timestamp="2024-07-17T20:35:52.559">
  <scan objectsFound="111899" bytesTraced="3766800" workStackOverflowCount="0" />
</gc-op>
<gc-op id="1395" type="card-cleaning" timems="1.355" contextid="1385" timestamp="2024-07-17T20:35:52.561">
  <card-cleaning cardsCleaned="50" bytesTraced="134332" workStackOverflowCount="0" />
</gc-op>
<gc-op id="1396" type="mark" timems="12.749" contextid="1385" timestamp="2024-07-17T20:35:52.574">
  <trace-info objectcount="3275" scancount="2947" scanbytes="88896" />
  <finalization candidates="726" enqueued="18" />
  <ownableSynchronizers candidates="3900" cleared="323" />
  <references type="soft" candidates="7011" cleared="1304" enqueued="1285" dynamicThreshold="9" maxThreshold="32" />
  <references type="weak" candidates="2653" cleared="160" enqueued="160" />
  <references type="phantom" candidates="319" cleared="1" enqueued="1" />
  <stringconstants candidates="15726" cleared="49"  />
  <object-monitors candidates="43" cleared="0"  />
</gc-op>
<gc-op id="1397" type="classunload" timems="0.683" contextid="1385" timestamp="2024-07-17T20:35:52.575">
  <classunload-info classloadercandidates="145" classloadersunloaded="5" classesunloaded="5" anonymousclassesunloaded="0" quiescems="0.000" setupms="0.631" scanms="0.042" postms="0.009" />
</gc-op>
<gc-op id="1398" type="sweep" timems="1.842" contextid="1385" timestamp="2024-07-17T20:35:52.577" />
<heap-resize id="1399" type="expand" space="tenure" amount="1048576" count="1" timems="0.065" reason="insufficient free space following gc" timestamp="2024-07-17T20:35:52.578" />
<gc-end id="1400" type="global" contextid="1385" durationms="21.545" usertimems="31.362" systemtimems="21.688" stalltimems="137.506" timestamp="2024-07-17T20:35:52.578" activeThreads="12">
  <mem-info id="1401" free="20877712" total="54198272" percent="38">
    <mem type="nursery" free="11495584" total="22937600" percent="50">
      <mem type="allocate" free="11495584" total="16973824" percent="67" />
      <mem type="survivor" free="0" total="5963776" percent="0" />
    </mem>
    <mem type="tenure" free="9382128" total="31260672" percent="30" micro-fragmented="590186" macro-fragmented="0">
      <mem type="soa" free="7818480" total="29697024" percent="26" />
      <mem type="loa" free="1563648" total="1563648" percent="100" />
    </mem>
    <pending-finalizers system="18" default="0" reference="1446" classloader="0" />
    <remembered-set count="5945" />
  </mem-info>
</gc-end>
<cycle-end id="1402" type="global" contextid="1385" timestamp="2024-07-17T20:35:52.578" />
<exclusive-end id="1403" timestamp="2024-07-17T20:35:52.578" durationms="22.802" />

<exclusive-start id="1404" timestamp="2024-07-17T20:35:52.646" intervalms="90.820">
  <response-info timems="0.093" idlems="0.093" threads="0" lastid="00000000005D5300" lastname="Equinox start level thread - Equinox Container: 9554b210-53da-4" />
</exclusive-start>
<af-start id="1405" threadId="00000000005D5D38" totalBytesRequested="24" timestamp="2024-07-17T20:35:52.647" intervalms="202.625" type="nursery" />
<cycle-start id="1406" type="scavenge" contextid="0" timestamp="2024-07-17T20:35:52.647" intervalms="202.663" />
<gc-start id="1407" type="scavenge" contextid="1406" timestamp="2024-07-17T20:35:52.647">
  <mem-info id="1408" free="9247328" total="54198272" percent="17">
    <mem type="nursery" free="0" total="22937600" percent="0">
      <mem type="allocate" free="0" total="16973824" percent="0" />
      <mem type="survivor" free="0" total="5963776" percent="0" />
    </mem>
    <mem type="tenure" free="9247328" total="31260672" percent="29">
      <mem type="soa" free="7683680" total="29697024" percent="25" />
      <mem type="loa" free="1563648" total="1563648" percent="100" />
    </mem>
    <remembered-set count="9096" />
  </mem-info>
</gc-start>
<allocation-stats totalBytes="11484880" discardedBytes="112600" >
  <allocated-bytes non-tlh="1004760" tlh="10480120" />
  <largest-consumer threadName="Equinox start level thread - Equinox Container: 9554b210-53da-498d-8998-aadc2a2bd547" threadId="00000000005C6800" bytes="3979696" />
</allocation-stats>
<gc-op id="1409" type="scavenge" timems="11.994" contextid="1406" timestamp="2024-07-17T20:35:52.660">
  <scavenger-info tenureage="14" tenuremask="4000" tiltratio="74" />
  <memory-copied type="nursery" objects="138160" bytes="5909936" bytesdiscarded="32272" />
  <memory-copied type="tenure" objects="4045" bytes="152336" bytesdiscarded="3008" />
  <copy-failed type="nursery" objects="4045" bytes="152592" />
  <finalization candidates="30" enqueued="13" />
  <ownableSynchronizers candidates="7847" cleared="5549" />
  <references type="soft" candidates="1519" cleared="0" enqueued="0" dynamicThreshold="9" maxThreshold="32" />
  <references type="weak" candidates="1160" cleared="193" enqueued="193" />
  <references type="phantom" candidates="257" cleared="4" enqueued="4" />
  <object-monitors candidates="43" cleared="0"  />
</gc-op>
<heap-resize id="1410" type="expand" space="nursery" amount="1048576" count="1" timems="0.055" reason="excessive time being spent scavenging" timestamp="2024-07-17T20:35:52.661" />
<gc-end id="1411" type="scavenge" contextid="1406" durationms="13.586" usertimems="56.306" systemtimems="0.000" stalltimems="28.945" timestamp="2024-07-17T20:35:52.661" activeThreads="7">
  <mem-info id="1412" free="16331200" total="55246848" percent="29">
    <mem type="nursery" free="7274496" total="23986176" percent="30">
      <mem type="allocate" free="7274496" total="13238272" percent="54" />
      <mem type="survivor" free="0" total="10747904" percent="0" />
    </mem>
    <mem type="tenure" free="9056704" total="31260672" percent="28">
      <mem type="soa" free="7493056" total="29697024" percent="25" />
      <mem type="loa" free="1563648" total="1563648" percent="100" />
    </mem>
    <pending-finalizers system="13" default="0" reference="197" classloader="0" />
    <remembered-set count="8670" />
  </mem-info>
</gc-end>
<cycle-end id="1413" type="scavenge" contextid="1406" timestamp="2024-07-17T20:35:52.662" />
<allocation-satisfied id="1414" threadId="00000000005D5300" bytesRequested="24" />
<af-end id="1415" timestamp="2024-07-17T20:35:52.663" threadId="00000000005D5D38" success="true" from="nursery"/>
<exclusive-end id="1416" timestamp="2024-07-17T20:35:52.663" durationms="16.918" />

<exclusive-start id="1417" timestamp="2024-07-17T20:35:52.700" intervalms="53.507">
  <response-info timems="0.116" idlems="0.116" threads="0" lastid="00000000005CA500" lastname="Equinox start level thread - Equinox Container: 9554b210-53da-4" />
</exclusive-start>
<af-start id="1418" threadId="00000000005CAF38" totalBytesRequested="40" timestamp="2024-07-17T20:35:52.700" intervalms="53.478" type="nursery" />
<cycle-start id="1419" type="scavenge" contextid="0" timestamp="2024-07-17T20:35:52.701" intervalms="53.538" />
<gc-start id="1420" type="scavenge" contextid="1419" timestamp="2024-07-17T20:35:52.701">
  <mem-info id="1421" free="8982704" total="55246848" percent="16">
    <mem type="nursery" free="0" total="23986176" percent="0">
      <mem type="allocate" free="0" total="13238272" percent="0" />
      <mem type="survivor" free="0" total="10747904" percent="0" />
    </mem>
    <mem type="tenure" free="8982704" total="31260672" percent="28">
      <mem type="soa" free="7419056" total="29697024" percent="24" />
      <mem type="loa" free="1563648" total="1563648" percent="100" />
    </mem>
    <remembered-set count="9974" />
  </mem-info>
</gc-start>
<allocation-stats totalBytes="7340152" discardedBytes="4624" >
  <allocated-bytes non-tlh="238840" tlh="7101312" />
  <largest-consumer threadName="Equinox start level thread - Equinox Container: 9554b210-53da-498d-8998-aadc2a2bd547" threadId="00000000005CA500" bytes="2871776" />
</allocation-stats>
<gc-op id="1422" type="scavenge" timems="6.852" contextid="1419" timestamp="2024-07-17T20:35:52.708">
  <scavenger-info tenureage="13" tenuremask="6000" tiltratio="55" />
  <memory-copied type="nursery" objects="141835" bytes="5974960" bytesdiscarded="131664" />
  <finalization candidates="17" enqueued="0" />
  <ownableSynchronizers candidates="2589" cleared="132" />
  <references type="soft" candidates="1954" cleared="0" enqueued="0" dynamicThreshold="9" maxThreshold="32" />
  <references type="weak" candidates="1190" cleared="104" enqueued="104" />
  <references type="phantom" candidates="255" cleared="0" enqueued="0" />
  <object-monitors candidates="43" cleared="0"  />
</gc-op>
<heap-resize id="1423" type="expand" space="nursery" amount="1835008" count="1" timems="0.073" reason="excessive time being spent scavenging" timestamp="2024-07-17T20:35:52.709" />
<gc-end id="1424" type="scavenge" contextid="1419" durationms="8.004" usertimems="32.787" systemtimems="6.593" stalltimems="14.711" timestamp="2024-07-17T20:35:52.709" activeThreads="8">
  <mem-info id="1425" free="18386136" total="57081856" percent="32">
    <mem type="nursery" free="9403432" total="25821184" percent="36">
      <mem type="allocate" free="9403432" total="15532032" percent="60" />
      <mem type="survivor" free="0" total="10289152" percent="0" />
    </mem>
    <mem type="tenure" free="8982704" total="31260672" percent="28">
      <mem type="soa" free="7419056" total="29697024" percent="24" />
      <mem type="loa" free="1563648" total="1563648" percent="100" />
    </mem>
    <pending-finalizers system="0" default="0" reference="104" classloader="0" />
    <remembered-set count="8612" />
  </mem-info>
</gc-end>
<cycle-end id="1426" type="scavenge" contextid="1419" timestamp="2024-07-17T20:35:52.709" />
<allocation-satisfied id="1427" threadId="00000000005CA500" bytesRequested="40" />
<af-end id="1428" timestamp="2024-07-17T20:35:52.710" threadId="00000000005CAF38" success="true" from="nursery"/>
<exclusive-end id="1429" timestamp="2024-07-17T20:35:52.710" durationms="9.933" />

<exclusive-start id="1430" timestamp="2024-07-17T20:35:52.754" intervalms="53.987">
  <response-info timems="0.245" idlems="0.143" threads="2" lastid="0000000000025E00" lastname="JIT Compilation Thread-001" />
</exclusive-start>
<af-start id="1431" threadId="00000000005D5D38" totalBytesRequested="72" timestamp="2024-07-17T20:35:52.754" intervalms="54.142" type="nursery" />
<cycle-start id="1432" type="scavenge" contextid="0" timestamp="2024-07-17T20:35:52.755" intervalms="54.125" />
<gc-start id="1433" type="scavenge" contextid="1432" timestamp="2024-07-17T20:35:52.755">
  <mem-info id="1434" free="8894560" total="57081856" percent="15">
    <mem type="nursery" free="0" total="25821184" percent="0">
      <mem type="allocate" free="0" total="15532032" percent="0" />
      <mem type="survivor" free="0" total="10289152" percent="0" />
    </mem>
    <mem type="tenure" free="8894560" total="31260672" percent="28">
      <mem type="soa" free="7330912" total="29697024" percent="24" />
      <mem type="loa" free="1563648" total="1563648" percent="100" />
    </mem>
    <remembered-set count="10266" />
  </mem-info>
</gc-start>
<allocation-stats totalBytes="9483968" discardedBytes="4696" >
  <allocated-bytes non-tlh="295432" tlh="9188536" />
  <largest-consumer threadName="Equinox start level thread - Equinox Container: 9554b210-53da-498d-8998-aadc2a2bd547" threadId="00000000005CA500" bytes="3400160" />
</allocation-stats>
<gc-op id="1435" type="scavenge" timems="7.981" contextid="1432" timestamp="2024-07-17T20:35:52.764">
  <scavenger-info tenureage="6" tenuremask="7040" tiltratio="60" />
  <memory-copied type="nursery" objects="148022" bytes="6473344" bytesdiscarded="171736" />
  <memory-copied type="tenure" objects="15117" bytes="511576" bytesdiscarded="1040" />
  <finalization candidates="39" enqueued="22" />
  <ownableSynchronizers candidates="3194" cleared="340" />
  <references type="soft" candidates="2168" cleared="0" enqueued="0" dynamicThreshold="9" maxThreshold="32" />
  <references type="weak" candidates="1406" cleared="123" enqueued="123" />
  <references type="phantom" candidates="276" cleared="8" enqueued="8" />
  <object-monitors candidates="44" cleared="0"  />
</gc-op>
<heap-resize id="1436" type="expand" space="nursery" amount="1966080" count="1" timems="0.033" reason="excessive time being spent scavenging" timestamp="2024-07-17T20:35:52.764" />
<gc-end id="1437" type="scavenge" contextid="1432" durationms="8.995" usertimems="32.246" systemtimems="12.755" stalltimems="26.654" timestamp="2024-07-17T20:35:52.764" activeThreads="9">
  <mem-info id="1438" free="20203872" total="59047936" percent="34">
    <mem type="nursery" free="12073024" total="27787264" percent="43">
      <mem type="allocate" free="12073024" total="18743296" percent="64" />
      <mem type="survivor" free="0" total="9043968" percent="0" />
    </mem>
    <mem type="tenure" free="8130848" total="31260672" percent="26">
      <mem type="soa" free="6567200" total="29697024" percent="22" />
      <mem type="loa" free="1563648" total="1563648" percent="100" />
    </mem>
    <pending-finalizers system="22" default="0" reference="131" classloader="0" />
    <remembered-set count="6837" />
  </mem-info>
</gc-end>
<cycle-end id="1439" type="scavenge" contextid="1432" timestamp="2024-07-17T20:35:52.764" />
<allocation-satisfied id="1440" threadId="00000000005D5300" bytesRequested="72" />
<af-end id="1441" timestamp="2024-07-17T20:35:52.765" threadId="00000000005D5D38" success="true" from="nursery"/>
<exclusive-end id="1442" timestamp="2024-07-17T20:35:52.765" durationms="11.102" />

<exclusive-start id="1443" timestamp="2024-07-17T20:35:52.862" intervalms="107.865">
  <response-info timems="0.061" idlems="0.061" threads="0" lastid="00000000005CA500" lastname="Equinox start level thread - Equinox Container: 9554b210-53da-4" />
</exclusive-start>
<af-start id="1444" threadId="00000000005CAF38" totalBytesRequested="4560" timestamp="2024-07-17T20:35:52.862" intervalms="107.641" type="nursery" />
<cycle-start id="1445" type="scavenge" contextid="0" timestamp="2024-07-17T20:35:52.862" intervalms="107.559" />
<gc-start id="1446" type="scavenge" contextid="1445" timestamp="2024-07-17T20:35:52.863">
  <mem-info id="1447" free="7969624" total="59047936" percent="13">
    <mem type="nursery" free="0" total="27787264" percent="0">
      <mem type="allocate" free="0" total="18743296" percent="0" />
      <mem type="survivor" free="0" total="9043968" percent="0" />
    </mem>
    <mem type="tenure" free="7969624" total="31260672" percent="25">
      <mem type="soa" free="6405976" total="29697024" percent="21" />
      <mem type="loa" free="1563648" total="1563648" percent="100" />
    </mem>
    <remembered-set count="9151" />
  </mem-info>
</gc-start>
<allocation-stats totalBytes="12214336" discardedBytes="18440" >
  <allocated-bytes non-tlh="330752" tlh="11883584" />
  <largest-consumer threadName="Equinox start level thread - Equinox Container: 9554b210-53da-498d-8998-aadc2a2bd547" threadId="00000000005CA500" bytes="4588992" />
</allocation-stats>
<gc-op id="1448" type="scavenge" timems="7.834" contextid="1445" timestamp="2024-07-17T20:35:52.871">
  <scavenger-info tenureage="5" tenuremask="7820" tiltratio="67" />
  <memory-copied type="nursery" objects="132008" bytes="6154376" bytesdiscarded="258568" />
  <memory-copied type="tenure" objects="36141" bytes="1137600" bytesdiscarded="1288" />
  <finalization candidates="79" enqueued="62" />
  <ownableSynchronizers candidates="3535" cleared="192" />
  <references type="soft" candidates="2738" cleared="0" enqueued="0" dynamicThreshold="9" maxThreshold="32" />
  <references type="weak" candidates="1699" cleared="182" enqueued="182" />
  <references type="phantom" candidates="311" cleared="39" enqueued="39" />
  <object-monitors candidates="44" cleared="0"  />
</gc-op>
<gc-end id="1449" type="scavenge" contextid="1445" durationms="8.449" usertimems="47.077" systemtimems="4.242" stalltimems="17.482" timestamp="2024-07-17T20:35:52.871" activeThreads="9">
  <mem-info id="1450" free="19724544" total="59047936" percent="33">
    <mem type="nursery" free="13094208" total="27787264" percent="47">
      <mem type="allocate" free="13094208" total="19529728" percent="67" />
      <mem type="survivor" free="0" total="8257536" percent="0" />
    </mem>
    <mem type="tenure" free="6630336" total="31260672" percent="21">
      <mem type="soa" free="5066688" total="29697024" percent="17" />
      <mem type="loa" free="1563648" total="1563648" percent="100" />
    </mem>
    <pending-finalizers system="62" default="0" reference="221" classloader="0" />
    <remembered-set count="7945" />
  </mem-info>
</gc-end>
<cycle-end id="1451" type="scavenge" contextid="1445" timestamp="2024-07-17T20:35:52.871" />
<allocation-satisfied id="1452" threadId="00000000005CA500" bytesRequested="4560" />
<af-end id="1453" timestamp="2024-07-17T20:35:52.872" threadId="00000000005CAF38" success="true" from="nursery"/>
<exclusive-end id="1454" timestamp="2024-07-17T20:35:52.872" durationms="9.968" />

<exclusive-start id="1455" timestamp="2024-07-17T20:35:53.122" intervalms="260.651">
  <response-info timems="0.059" idlems="0.032" threads="1" lastid="000000000075F400" lastname="Config-Thread-2" />
</exclusive-start>
<af-start id="1456" threadId="00000000005B7538" totalBytesRequested="2064" timestamp="2024-07-17T20:35:53.123" intervalms="260.629" type="nursery" />
<cycle-start id="1457" type="scavenge" contextid="0" timestamp="2024-07-17T20:35:53.123" intervalms="260.634" />
<gc-start id="1458" type="scavenge" contextid="1457" timestamp="2024-07-17T20:35:53.123">
  <mem-info id="1459" free="6362080" total="59047936" percent="10">
    <mem type="nursery" free="0" total="27787264" percent="0">
      <mem type="allocate" free="0" total="19529728" percent="0" />
      <mem type="survivor" free="0" total="8257536" percent="0" />
    </mem>
    <mem type="tenure" free="6362080" total="31260672" percent="20">
      <mem type="soa" free="4798432" total="29697024" percent="16" />
      <mem type="loa" free="1563648" total="1563648" percent="100" />
    </mem>
    <remembered-set count="12422" />
  </mem-info>
</gc-start>
<allocation-stats totalBytes="13350704" discardedBytes="11016" >
  <allocated-bytes non-tlh="557904" tlh="12792800" />
  <largest-consumer threadName="Start Level: Equinox Container: 9554b210-53da-498d-8998-aadc2a2bd547" threadId="00000000005B6B00" bytes="8803896" />
</allocation-stats>
<gc-op id="1460" type="scavenge" timems="8.164" contextid="1457" timestamp="2024-07-17T20:35:53.132">
  <scavenger-info tenureage="3" tenuremask="7c28" tiltratio="70" />
  <memory-copied type="nursery" objects="129701" bytes="6033672" bytesdiscarded="182760" />
  <memory-copied type="tenure" objects="42543" bytes="1717928" bytesdiscarded="4264" />
  <finalization candidates="126" enqueued="119" />
  <ownableSynchronizers candidates="3247" cleared="228" />
  <references type="soft" candidates="2032" cleared="0" enqueued="0" dynamicThreshold="9" maxThreshold="32" />
  <references type="weak" candidates="1800" cleared="392" enqueued="392" />
  <references type="phantom" candidates="278" cleared="51" enqueued="51" />
  <object-monitors candidates="48" cleared="0"  />
</gc-op>
<gc-end id="1461" type="scavenge" contextid="1457" durationms="9.173" usertimems="46.278" systemtimems="4.061" stalltimems="38.413" timestamp="2024-07-17T20:35:53.132" activeThreads="11">
  <mem-info id="1462" free="18333192" total="59047936" percent="31">
    <mem type="nursery" free="13555568" total="27787264" percent="48">
      <mem type="allocate" free="13555568" total="19791872" percent="68" />
      <mem type="survivor" free="0" total="7995392" percent="0" />
    </mem>
    <mem type="tenure" free="4777624" total="31260672" percent="15">
      <mem type="soa" free="3213976" total="29697024" percent="10" />
      <mem type="loa" free="1563648" total="1563648" percent="100" />
    </mem>
    <pending-finalizers system="119" default="0" reference="443" classloader="0" />
    <remembered-set count="10587" />
  </mem-info>
</gc-end>
<cycle-end id="1463" type="scavenge" contextid="1457" timestamp="2024-07-17T20:35:53.133" />
<allocation-satisfied id="1464" threadId="00000000005B6B00" bytesRequested="2064" />
<af-end id="1465" timestamp="2024-07-17T20:35:53.133" threadId="00000000005B7538" success="true" from="nursery"/>
<exclusive-end id="1466" timestamp="2024-07-17T20:35:53.133" durationms="10.926" />

<concurrent-kickoff id="1467" timestamp="2024-07-17T20:35:53.322">
  <kickoff reason="threshold reached" targetBytes="13342123" thresholdFreeBytes="1826128"  remainingFree="1759088" tenureFreeBytes="4529656" nurseryFreeBytes="1759088" />
</concurrent-kickoff>
<exclusive-start id="1468" timestamp="2024-07-17T20:35:53.322" intervalms="200.006">
  <response-info timems="0.056" idlems="0.056" threads="0" lastid="00000000005B6B00" lastname="Start Level: Equinox Container: 9554b210-53da-498d-8998-aadc2a2" />
</exclusive-start>
<cycle-start id="1469" type="global" contextid="0" timestamp="2024-07-17T20:35:53.323" intervalms="803.129" />
<concurrent-start id="1470" type="global mark" contextid="1469" timestamp="2024-07-17T20:35:53.323">
</concurrent-start>
<exclusive-end id="1471" timestamp="2024-07-17T20:35:53.323" durationms="0.860" />

<concurrent-end id="1472" type="global mark" contextid="1469" timestamp="2024-07-17T20:35:53.382">
<gc-op id="1473" type="trace" timems="59.201" contextid="1469" timestamp="2024-07-17T20:35:53.382">
  <trace bytesTraced="16191160" workStackOverflowCount="0" />
  <card-cleaning reason="card cleaning threshold reached" bytesTraced="322284" cardsCleaned="991" />
</gc-op>
</concurrent-end>

<exclusive-start id="1474" timestamp="2024-07-17T20:35:53.383" intervalms="60.471">
  <response-info timems="0.108" idlems="0.108" threads="0" lastid="00000000005B6B00" lastname="Start Level: Equinox Container: 9554b210-53da-498d-8998-aadc2a2" />
</exclusive-start>
<concurrent-global-final id="1475" timestamp="2024-07-17T20:35:53.383" contextid="1469" intervalms="827.303" >
  <concurrent-trace-info reason="card cleaning threshold reached" tracedByMutators="1722844" tracedByHelpers="14790600" cardsCleaned="991" workStackOverflowCount="0" />
</concurrent-global-final>
<gc-start id="1476" type="global" contextid="1469" timestamp="2024-07-17T20:35:53.384">
  <mem-info id="1477" free="5126264" total="59047936" percent="8">
    <mem type="nursery" free="702320" total="27787264" percent="2">
      <mem type="allocate" free="702320" total="19791872" percent="3" />
      <mem type="survivor" free="0" total="7995392" percent="0" />
    </mem>
    <mem type="tenure" free="4423944" total="31260672" percent="14">
      <mem type="soa" free="2860296" total="29697024" percent="9" />
      <mem type="loa" free="1563648" total="1563648" percent="100" />
    </mem>
    <remembered-set count="15659" />
  </mem-info>
</gc-start>
<allocation-stats totalBytes="13197064" discardedBytes="8560" >
  <allocated-bytes non-tlh="419984" tlh="12777080" />
  <largest-consumer threadName="Start Level: Equinox Container: 9554b210-53da-498d-8998-aadc2a2bd547" threadId="00000000005B6B00" bytes="11696232" />
</allocation-stats>
<gc-op id="1478" type="rs-scan" timems="2.894" contextid="1469" timestamp="2024-07-17T20:35:53.387">
  <scan objectsFound="133747" bytesTraced="4892096" workStackOverflowCount="0" />
</gc-op>
<gc-op id="1479" type="card-cleaning" timems="0.908" contextid="1469" timestamp="2024-07-17T20:35:53.388">
  <card-cleaning cardsCleaned="4" bytesTraced="1564" workStackOverflowCount="0" />
</gc-op>
<gc-op id="1480" type="mark" timems="10.203" contextid="1469" timestamp="2024-07-17T20:35:53.399">
  <trace-info objectcount="12655" scancount="11343" scanbytes="313216" />
  <finalization candidates="725" enqueued="21" />
  <ownableSynchronizers candidates="5828" cleared="116" />
  <references type="soft" candidates="8454" cleared="307" enqueued="298" dynamicThreshold="9" maxThreshold="32" />
  <references type="weak" candidates="11056" cleared="248" enqueued="243" />
  <references type="phantom" candidates="365" cleared="22" enqueued="22" />
  <stringconstants candidates="25165" cleared="96"  />
  <object-monitors candidates="48" cleared="1"  />
</gc-op>
<gc-op id="1481" type="classunload" timems="0.900" contextid="1469" timestamp="2024-07-17T20:35:53.400">
  <classunload-info classloadercandidates="261" classloadersunloaded="10" classesunloaded="5" anonymousclassesunloaded="5" quiescems="0.000" setupms="0.863" scanms="0.028" postms="0.008" />
</gc-op>
<gc-op id="1482" type="sweep" timems="2.029" contextid="1469" timestamp="2024-07-17T20:35:53.402" />
<heap-resize id="1483" type="expand" space="tenure" amount="6160384" count="1" timems="0.683" reason="insufficient free space following gc" timestamp="2024-07-17T20:35:53.403" />
<gc-end id="1484" type="global" contextid="1469" durationms="20.024" usertimems="42.814" systemtimems="13.811" stalltimems="110.985" timestamp="2024-07-17T20:35:53.404" activeThreads="12">
  <mem-info id="1485" free="23212248" total="65208320" percent="35">
    <mem type="nursery" free="11967216" total="27787264" percent="43">
      <mem type="allocate" free="11967216" total="19791872" percent="60" />
      <mem type="survivor" free="0" total="7995392" percent="0" />
    </mem>
    <mem type="tenure" free="11245032" total="37421056" percent="30" micro-fragmented="937286" macro-fragmented="0">
      <mem type="soa" free="9373160" total="35549184" percent="26" />
      <mem type="loa" free="1871872" total="1871872" percent="100" />
    </mem>
    <pending-finalizers system="21" default="0" reference="563" classloader="0" />
    <remembered-set count="14006" />
  </mem-info>
</gc-end>
<cycle-end id="1486" type="global" contextid="1469" timestamp="2024-07-17T20:35:53.404" />
<exclusive-end id="1487" timestamp="2024-07-17T20:35:53.404" durationms="21.425" />

<exclusive-start id="1488" timestamp="2024-07-17T20:35:53.724" intervalms="340.738">
  <response-info timems="0.044" idlems="0.044" threads="0" lastid="00000000005B6B00" lastname="Start Level: Equinox Container: 9554b210-53da-498d-8998-aadc2a2" />
</exclusive-start>
<af-start id="1489" threadId="00000000005B7538" totalBytesRequested="880" timestamp="2024-07-17T20:35:53.724" intervalms="601.260" type="nursery" />
<cycle-start id="1490" type="scavenge" contextid="0" timestamp="2024-07-17T20:35:53.724" intervalms="601.342" />
<gc-start id="1491" type="scavenge" contextid="1490" timestamp="2024-07-17T20:35:53.725">
  <mem-info id="1492" free="11098440" total="65208320" percent="17">
    <mem type="nursery" free="0" total="27787264" percent="0">
      <mem type="allocate" free="0" total="19791872" percent="0" />
      <mem type="survivor" free="0" total="7995392" percent="0" />
    </mem>
    <mem type="tenure" free="11098440" total="37421056" percent="29">
      <mem type="soa" free="9226568" total="35549184" percent="25" />
      <mem type="loa" free="1871872" total="1871872" percent="100" />
    </mem>
    <remembered-set count="16652" />
  </mem-info>
</gc-start>
<allocation-stats totalBytes="11951232" discardedBytes="134400" >
  <allocated-bytes non-tlh="2057400" tlh="9893832" />
  <largest-consumer threadName="Start Level: Equinox Container: 9554b210-53da-498d-8998-aadc2a2bd547" threadId="00000000005B6B00" bytes="11766168" />
</allocation-stats>
<gc-op id="1493" type="scavenge" timems="8.718" contextid="1490" timestamp="2024-07-17T20:35:53.734">
  <scavenger-info tenureage="3" tenuremask="7e08" tiltratio="71" />
  <memory-copied type="nursery" objects="136767" bytes="6500144" bytesdiscarded="282168" />
  <memory-copied type="tenure" objects="19993" bytes="773920" bytesdiscarded="416" />
  <finalization candidates="22" enqueued="16" />
  <ownableSynchronizers candidates="9572" cleared="6889" />
  <references type="soft" candidates="2801" cleared="0" enqueued="0" dynamicThreshold="9" maxThreshold="32" />
  <references type="weak" candidates="8756" cleared="193" enqueued="191" />
  <references type="phantom" candidates="256" cleared="7" enqueued="7" />
  <object-monitors candidates="47" cleared="0"  />
</gc-op>
<gc-end id="1494" type="scavenge" contextid="1490" durationms="9.968" usertimems="51.176" systemtimems="3.474" stalltimems="42.073" timestamp="2024-07-17T20:35:53.735" activeThreads="11">
  <mem-info id="1495" free="22345984" total="65208320" percent="34">
    <mem type="nursery" free="12858224" total="27787264" percent="46">
      <mem type="allocate" free="12858224" total="19660800" percent="65" />
      <mem type="survivor" free="0" total="8126464" percent="0" />
    </mem>
    <mem type="tenure" free="9487760" total="37421056" percent="25">
      <mem type="soa" free="7615888" total="35549184" percent="21" />
      <mem type="loa" free="1871872" total="1871872" percent="100" />
    </mem>
    <pending-finalizers system="16" default="0" reference="198" classloader="0" />
    <remembered-set count="14558" />
  </mem-info>
</gc-end>
<cycle-end id="1496" type="scavenge" contextid="1490" timestamp="2024-07-17T20:35:53.735" />
<allocation-satisfied id="1497" threadId="00000000005B6B00" bytesRequested="880" />
<af-end id="1498" timestamp="2024-07-17T20:35:53.736" threadId="00000000005B7538" success="true" from="nursery"/>
<exclusive-end id="1499" timestamp="2024-07-17T20:35:53.736" durationms="12.532" />

<exclusive-start id="1500" timestamp="2024-07-17T20:35:53.837" intervalms="113.252">
  <response-info timems="0.061" idlems="0.061" threads="0" lastid="00000000005B6B00" lastname="Start Level: Equinox Container: 9554b210-53da-498d-8998-aadc2a2" />
</exclusive-start>
<af-start id="1501" threadId="00000000005B7538" totalBytesRequested="24" timestamp="2024-07-17T20:35:53.837" intervalms="113.364" type="nursery" />
<cycle-start id="1502" type="scavenge" contextid="0" timestamp="2024-07-17T20:35:53.838" intervalms="113.457" />
<gc-start id="1503" type="scavenge" contextid="1502" timestamp="2024-07-17T20:35:53.838">
  <mem-info id="1504" free="9470032" total="65208320" percent="14">
    <mem type="nursery" free="0" total="27787264" percent="0">
      <mem type="allocate" free="0" total="19660800" percent="0" />
      <mem type="survivor" free="0" total="8126464" percent="0" />
    </mem>
    <mem type="tenure" free="9470032" total="37421056" percent="25">
      <mem type="soa" free="7598160" total="35549184" percent="21" />
      <mem type="loa" free="1871872" total="1871872" percent="100" />
    </mem>
    <remembered-set count="15177" />
  </mem-info>
</gc-start>
<allocation-stats totalBytes="12871128" discardedBytes="4824" >
  <allocated-bytes non-tlh="195800" tlh="12675328" />
  <largest-consumer threadName="Start Level: Equinox Container: 9554b210-53da-498d-8998-aadc2a2bd547" threadId="00000000005B6B00" bytes="12813912" />
</allocation-stats>
<gc-op id="1505" type="scavenge" timems="6.627" contextid="1502" timestamp="2024-07-17T20:35:53.845">
  <scavenger-info tenureage="3" tenuremask="7f08" tiltratio="70" />
  <memory-copied type="nursery" objects="120842" bytes="6253984" bytesdiscarded="277032" />
  <memory-copied type="tenure" objects="21467" bytes="695056" bytesdiscarded="168" />
  <finalization candidates="56" enqueued="50" />
  <ownableSynchronizers candidates="2401" cleared="52" />
  <references type="soft" candidates="1935" cleared="0" enqueued="0" dynamicThreshold="9" maxThreshold="32" />
  <references type="weak" candidates="8342" cleared="98" enqueued="98" />
  <references type="phantom" candidates="287" cleared="20" enqueued="20" />
  <object-monitors candidates="47" cleared="0"  />
</gc-op>
<heap-resize id="1506" type="expand" space="nursery" amount="1310720" count="1" timems="0.027" reason="excessive time being spent scavenging" timestamp="2024-07-17T20:35:53.846" />
<gc-end id="1507" type="scavenge" contextid="1502" durationms="8.132" usertimems="27.461" systemtimems="12.622" stalltimems="31.196" timestamp="2024-07-17T20:35:53.846" activeThreads="11">
  <mem-info id="1508" free="22682664" total="66519040" percent="34">
    <mem type="nursery" free="14160856" total="29097984" percent="48">
      <mem type="allocate" free="14160856" total="20709376" percent="68" />
      <mem type="survivor" free="0" total="8388608" percent="0" />
    </mem>
    <mem type="tenure" free="8521808" total="37421056" percent="22">
      <mem type="soa" free="6649936" total="35549184" percent="18" />
      <mem type="loa" free="1871872" total="1871872" percent="100" />
    </mem>
    <pending-finalizers system="50" default="0" reference="118" classloader="0" />
    <remembered-set count="11786" />
  </mem-info>
</gc-end>
<cycle-end id="1509" type="scavenge" contextid="1502" timestamp="2024-07-17T20:35:53.847" />
<allocation-satisfied id="1510" threadId="00000000005B6B00" bytesRequested="24" />
<af-end id="1511" timestamp="2024-07-17T20:35:53.847" threadId="00000000005B7538" success="true" from="nursery"/>
<exclusive-end id="1512" timestamp="2024-07-17T20:35:53.848" durationms="10.648" />

<exclusive-start id="1513" timestamp="2024-07-17T20:35:54.165" intervalms="327.982">
  <response-info timems="0.056" idlems="0.056" threads="0" lastid="00000000005B6B00" lastname="Start Level: Equinox Container: 9554b210-53da-498d-8998-aadc2a2" />
</exclusive-start>
<af-start id="1514" threadId="00000000005B7538" totalBytesRequested="32232" timestamp="2024-07-17T20:35:54.165" intervalms="327.984" type="nursery" />
<cycle-start id="1515" type="scavenge" contextid="0" timestamp="2024-07-17T20:35:54.166" intervalms="327.975" />
<gc-start id="1516" type="scavenge" contextid="1515" timestamp="2024-07-17T20:35:54.166">
  <mem-info id="1517" free="8515944" total="66519040" percent="12">
    <mem type="nursery" free="0" total="29097984" percent="0">
      <mem type="allocate" free="0" total="20709376" percent="0" />
      <mem type="survivor" free="0" total="8388608" percent="0" />
    </mem>
    <mem type="tenure" free="8515944" total="37421056" percent="22">
      <mem type="soa" free="6644072" total="35549184" percent="18" />
      <mem type="loa" free="1871872" total="1871872" percent="100" />
    </mem>
    <remembered-set count="12572" />
  </mem-info>
</gc-start>
<allocation-stats totalBytes="14015744" discardedBytes="150976" >
  <allocated-bytes non-tlh="1056744" tlh="12959000" />
  <largest-consumer threadName="Start Level: Equinox Container: 9554b210-53da-498d-8998-aadc2a2bd547" threadId="00000000005B6B00" bytes="13974784" />
</allocation-stats>
<gc-op id="1518" type="scavenge" timems="6.259" contextid="1515" timestamp="2024-07-17T20:35:54.173">
  <scavenger-info tenureage="3" tenuremask="7f88" tiltratio="71" />
  <memory-copied type="nursery" objects="51412" bytes="4053816" bytesdiscarded="455168" />
  <memory-copied type="tenure" objects="75910" bytes="2520520" bytesdiscarded="448" />
  <finalization candidates="15" enqueued="9" />
  <ownableSynchronizers candidates="1903" cleared="3" />
  <references type="soft" candidates="1046" cleared="0" enqueued="0" dynamicThreshold="9" maxThreshold="32" />
  <references type="weak" candidates="7594" cleared="23" enqueued="23" />
  <references type="phantom" candidates="268" cleared="7" enqueued="7" />
  <object-monitors candidates="47" cleared="0"  />
</gc-op>
<gc-end id="1519" type="scavenge" contextid="1515" durationms="7.255" usertimems="23.230" systemtimems="12.529" stalltimems="24.651" timestamp="2024-07-17T20:35:54.173" activeThreads="10">
  <mem-info id="1520" free="23194320" total="66519040" percent="34">
    <mem type="nursery" free="16716144" total="29097984" percent="57">
      <mem type="allocate" free="16716144" total="21233664" percent="78" />
      <mem type="survivor" free="0" total="7864320" percent="0" />
    </mem>
    <mem type="tenure" free="6478176" total="37421056" percent="17">
      <mem type="soa" free="4606304" total="35549184" percent="12" />
      <mem type="loa" free="1871872" total="1871872" percent="100" />
    </mem>
    <pending-finalizers system="9" default="0" reference="30" classloader="0" />
    <remembered-set count="2734" />
  </mem-info>
</gc-end>
<cycle-end id="1521" type="scavenge" contextid="1515" timestamp="2024-07-17T20:35:54.174" />
<allocation-satisfied id="1522" threadId="00000000005B6B00" bytesRequested="32232" />
<af-end id="1523" timestamp="2024-07-17T20:35:54.174" threadId="00000000005B7538" success="true" from="nursery"/>
<exclusive-end id="1524" timestamp="2024-07-17T20:35:54.175" durationms="9.653" />

<exclusive-start id="1525" timestamp="2024-07-17T20:35:54.371" intervalms="205.856">
  <response-info timems="0.050" idlems="0.050" threads="0" lastid="00000000005B6B00" lastname="Start Level: Equinox Container: 9554b210-53da-498d-8998-aadc2a2" />
</exclusive-start>
<af-start id="1526" threadId="00000000005B7538" totalBytesRequested="80" timestamp="2024-07-17T20:35:54.371" intervalms="205.810" type="nursery" />
<cycle-start id="1527" type="scavenge" contextid="0" timestamp="2024-07-17T20:35:54.371" intervalms="205.711" />
<gc-start id="1528" type="scavenge" contextid="1527" timestamp="2024-07-17T20:35:54.372">
  <mem-info id="1529" free="6369856" total="66519040" percent="9">
    <mem type="nursery" free="0" total="29097984" percent="0">
      <mem type="allocate" free="0" total="21233664" percent="0" />
      <mem type="survivor" free="0" total="7864320" percent="0" />
    </mem>
    <mem type="tenure" free="6369856" total="37421056" percent="17">
      <mem type="soa" free="4497984" total="35549184" percent="12" />
      <mem type="loa" free="1871872" total="1871872" percent="100" />
    </mem>
    <remembered-set count="4846" />
  </mem-info>
</gc-start>
<allocation-stats totalBytes="16810304" discardedBytes="14160" >
  <allocated-bytes non-tlh="158872" tlh="16651432" />
  <largest-consumer threadName="Start Level: Equinox Container: 9554b210-53da-498d-8998-aadc2a2bd547" threadId="00000000005B6B00" bytes="16627272" />
</allocation-stats>
<gc-op id="1530" type="scavenge" timems="5.282" contextid="1527" timestamp="2024-07-17T20:35:54.378">
  <scavenger-info tenureage="7" tenuremask="7f80" tiltratio="72" />
  <memory-copied type="nursery" objects="65274" bytes="4452448" bytesdiscarded="330752" />
  <finalization candidates="6" enqueued="6" />
  <ownableSynchronizers candidates="1196" cleared="178" />
  <references type="soft" candidates="1367" cleared="0" enqueued="0" dynamicThreshold="9" maxThreshold="32" />
  <references type="weak" candidates="7909" cleared="175" enqueued="175" />
  <references type="phantom" candidates="304" cleared="8" enqueued="8" />
  <object-monitors candidates="48" cleared="0"  />
</gc-op>
<gc-end id="1531" type="scavenge" contextid="1527" durationms="6.353" usertimems="1.292" systemtimems="20.841" stalltimems="27.575" timestamp="2024-07-17T20:35:54.378" activeThreads="10">
  <mem-info id="1532" free="23267872" total="66519040" percent="34">
    <mem type="nursery" free="16898016" total="29097984" percent="58">
      <mem type="allocate" free="16898016" total="21692416" percent="77" />
      <mem type="survivor" free="0" total="7405568" percent="0" />
    </mem>
    <mem type="tenure" free="6369856" total="37421056" percent="17">
      <mem type="soa" free="4497984" total="35549184" percent="12" />
      <mem type="loa" free="1871872" total="1871872" percent="100" />
    </mem>
    <pending-finalizers system="6" default="0" reference="183" classloader="0" />
    <remembered-set count="4400" />
  </mem-info>
</gc-end>
<cycle-end id="1533" type="scavenge" contextid="1527" timestamp="2024-07-17T20:35:54.379" />
<allocation-satisfied id="1534" threadId="00000000005B6B00" bytesRequested="80" />
<af-end id="1535" timestamp="2024-07-17T20:35:54.379" threadId="00000000005B7538" success="true" from="nursery"/>
<exclusive-end id="1536" timestamp="2024-07-17T20:35:54.380" durationms="8.858" />

<exclusive-start id="1537" timestamp="2024-07-17T20:35:54.557" intervalms="186.246">
  <response-info timems="0.061" idlems="0.061" threads="0" lastid="00000000005C7400" lastname="Equinox start level thread - Equinox Container: 9554b210-53da-4" />
</exclusive-start>
<af-start id="1538" threadId="00000000005C7E38" totalBytesRequested="54280" timestamp="2024-07-17T20:35:54.558" intervalms="186.374" type="nursery" />
<cycle-start id="1539" type="scavenge" contextid="0" timestamp="2024-07-17T20:35:54.558" intervalms="186.446" />
<gc-start id="1540" type="scavenge" contextid="1539" timestamp="2024-07-17T20:35:54.558">
  <mem-info id="1541" free="6298352" total="66519040" percent="9">
    <mem type="nursery" free="0" total="29097984" percent="0">
      <mem type="allocate" free="0" total="21692416" percent="0" />
      <mem type="survivor" free="0" total="7405568" percent="0" />
    </mem>
    <mem type="tenure" free="6298352" total="37421056" percent="16">
      <mem type="soa" free="4426480" total="35549184" percent="12" />
      <mem type="loa" free="1871872" total="1871872" percent="100" />
    </mem>
    <remembered-set count="6001" />
  </mem-info>
</gc-start>
<allocation-stats totalBytes="16836328" discardedBytes="133192" >
  <allocated-bytes non-tlh="1454560" tlh="15381768" />
  <largest-consumer threadName="Equinox start level thread - Equinox Container: 9554b210-53da-498d-8998-aadc2a2bd547" threadId="00000000005C7400" bytes="6394952" />
</allocation-stats>
<gc-op id="1542" type="scavenge" timems="4.131" contextid="1539" timestamp="2024-07-17T20:35:54.563">
  <scavenger-info tenureage="4" tenuremask="7f90" tiltratio="74" />
  <memory-copied type="nursery" objects="44416" bytes="3229576" bytesdiscarded="427424" />
  <memory-copied type="tenure" objects="36250" bytes="1337224" bytesdiscarded="176" />
  <ownableSynchronizers candidates="1714" cleared="236" />
  <references type="soft" candidates="790" cleared="0" enqueued="0" dynamicThreshold="9" maxThreshold="32" />
  <references type="weak" candidates="558" cleared="92" enqueued="92" />
  <references type="phantom" candidates="296" cleared="1" enqueued="1" />
  <object-monitors candidates="48" cleared="0"  />
</gc-op>
<gc-end id="1543" type="scavenge" contextid="1539" durationms="5.251" usertimems="12.499" systemtimems="7.537" stalltimems="12.059" timestamp="2024-07-17T20:35:54.564" activeThreads="8">
  <mem-info id="1544" free="23617912" total="66519040" percent="35">
    <mem type="nursery" free="18485120" total="29097984" percent="63">
      <mem type="allocate" free="18485120" total="22151168" percent="83" />
      <mem type="survivor" free="0" total="6946816" percent="0" />
    </mem>
    <mem type="tenure" free="5132792" total="37421056" percent="13">
      <mem type="soa" free="3260920" total="35549184" percent="9" />
      <mem type="loa" free="1871872" total="1871872" percent="100" />
    </mem>
    <pending-finalizers system="0" default="0" reference="93" classloader="0" />
    <remembered-set count="4480" />
  </mem-info>
</gc-end>
<cycle-end id="1545" type="scavenge" contextid="1539" timestamp="2024-07-17T20:35:54.564" />
<allocation-satisfied id="1546" threadId="00000000005C7400" bytesRequested="54280" />
<af-end id="1547" timestamp="2024-07-17T20:35:54.565" threadId="00000000005C7E38" success="true" from="nursery"/>
<exclusive-end id="1548" timestamp="2024-07-17T20:35:54.565" durationms="8.076" />

<concurrent-kickoff id="1549" timestamp="2024-07-17T20:35:54.705">
  <kickoff reason="threshold reached" targetBytes="16721751" thresholdFreeBytes="2293173"  remainingFree="2250232" tenureFreeBytes="4923704" nurseryFreeBytes="2250232" />
</concurrent-kickoff>
<exclusive-start id="1550" timestamp="2024-07-17T20:35:54.706" intervalms="148.854">
  <response-info timems="0.321" idlems="0.198" threads="1" lastid="0000000000941400" lastname="Default Executor-thread-14" />
</exclusive-start>
<cycle-start id="1551" type="global" contextid="0" timestamp="2024-07-17T20:35:54.706" intervalms="1383.541" />
<concurrent-start id="1552" type="global mark" contextid="1551" timestamp="2024-07-17T20:35:54.707">
</concurrent-start>
<exclusive-end id="1553" timestamp="2024-07-17T20:35:54.707" durationms="1.230" />

<concurrent-end id="1554" type="global mark" contextid="1551" timestamp="2024-07-17T20:35:54.734">
<gc-op id="1555" type="trace" timems="27.412" contextid="1551" timestamp="2024-07-17T20:35:54.734">
  <trace bytesTraced="21173304" workStackOverflowCount="0" />
  <card-cleaning reason="card cleaning threshold reached" bytesTraced="55396" cardsCleaned="188" />
</gc-op>
</concurrent-end>

<exclusive-start id="1556" timestamp="2024-07-17T20:35:54.735" intervalms="28.890">
  <response-info timems="0.056" idlems="0.056" threads="0" lastid="0000000000958700" lastname="Default Executor-thread-18" />
</exclusive-start>
<concurrent-global-final id="1557" timestamp="2024-07-17T20:35:54.735" contextid="1551" intervalms="1351.892" >
  <concurrent-trace-info reason="card cleaning threshold reached" tracedByMutators="12346912" tracedByHelpers="8881788" cardsCleaned="188" workStackOverflowCount="0" />
</concurrent-global-final>
<gc-start id="1558" type="global" contextid="1551" timestamp="2024-07-17T20:35:54.736">
  <mem-info id="1559" free="4923448" total="66519040" percent="7">
    <mem type="nursery" free="26104" total="29097984" percent="0">
      <mem type="allocate" free="26104" total="22151168" percent="0" />
      <mem type="survivor" free="0" total="6946816" percent="0" />
    </mem>
    <mem type="tenure" free="4897344" total="37421056" percent="13">
      <mem type="soa" free="3025472" total="35549184" percent="8" />
      <mem type="loa" free="1871872" total="1871872" percent="100" />
    </mem>
    <remembered-set count="8226" />
  </mem-info>
</gc-start>
<allocation-stats totalBytes="18456944" discardedBytes="237520" >
  <allocated-bytes non-tlh="758080" tlh="17698864" />
  <largest-consumer threadName="Equinox start level thread - Equinox Container: 9554b210-53da-498d-8998-aadc2a2bd547" threadId="00000000005C7400" bytes="4513048" />
</allocation-stats>
<gc-op id="1560" type="rs-scan" timems="2.386" contextid="1551" timestamp="2024-07-17T20:35:54.739">
  <scan objectsFound="51313" bytesTraced="1952192" workStackOverflowCount="0" />
</gc-op>
<gc-op id="1561" type="card-cleaning" timems="1.038" contextid="1551" timestamp="2024-07-17T20:35:54.740">
  <card-cleaning cardsCleaned="27" bytesTraced="99728" workStackOverflowCount="0" />
</gc-op>
<gc-op id="1562" type="mark" timems="9.420" contextid="1551" timestamp="2024-07-17T20:35:54.750">
  <trace-info objectcount="4768" scancount="4514" scanbytes="224932" />
  <finalization candidates="715" enqueued="9" />
  <ownableSynchronizers candidates="7159" cleared="27" />
  <references type="soft" candidates="9859" cleared="0" enqueued="0" dynamicThreshold="9" maxThreshold="32" />
  <references type="weak" candidates="12163" cleared="177" enqueued="177" />
  <references type="phantom" candidates="410" cleared="8" enqueued="8" />
  <stringconstants candidates="29611" cleared="129"  />
  <object-monitors candidates="138" cleared="55"  />
</gc-op>
<gc-op id="1563" type="classunload" timems="0.997" contextid="1551" timestamp="2024-07-17T20:35:54.751">
  <classunload-info classloadercandidates="345" classloadersunloaded="0" classesunloaded="7" anonymousclassesunloaded="7" quiescems="0.000" setupms="0.980" scanms="0.017" postms="0.000" />
</gc-op>
<gc-op id="1564" type="sweep" timems="1.519" contextid="1551" timestamp="2024-07-17T20:35:54.753" />
<heap-resize id="1565" type="expand" space="tenure" amount="7471104" count="1" timems="0.569" reason="insufficient free space following gc" timestamp="2024-07-17T20:35:54.754" />
<gc-end id="1566" type="global" contextid="1551" durationms="18.587" usertimems="49.208" systemtimems="0.000" stalltimems="94.149" timestamp="2024-07-17T20:35:54.754" activeThreads="12">
  <mem-info id="1567" free="31430128" total="73990144" percent="42">
    <mem type="nursery" free="17954392" total="29097984" percent="61">
      <mem type="allocate" free="17954392" total="22151168" percent="81" />
      <mem type="survivor" free="0" total="6946816" percent="0" />
    </mem>
    <mem type="tenure" free="13475736" total="44892160" percent="30" micro-fragmented="907489" macro-fragmented="0">
      <mem type="soa" free="11231128" total="42647552" percent="26" />
      <mem type="loa" free="2244608" total="2244608" percent="100" />
    </mem>
    <pending-finalizers system="9" default="0" reference="185" classloader="0" />
    <remembered-set count="7019" />
  </mem-info>
</gc-end>
<cycle-end id="1568" type="global" contextid="1551" timestamp="2024-07-17T20:35:54.755" />
<exclusive-end id="1569" timestamp="2024-07-17T20:35:54.755" durationms="19.986" />

<exclusive-start id="1570" timestamp="2024-07-17T20:35:54.850" intervalms="115.353">
  <response-info timems="0.257" idlems="0.151" threads="3" lastid="0000000000958700" lastname="Default Executor-thread-18" />
</exclusive-start>
<af-start id="1571" threadId="0000000000A77238" totalBytesRequested="45072" timestamp="2024-07-17T20:35:54.850" intervalms="292.918" type="nursery" />
<cycle-start id="1572" type="scavenge" contextid="0" timestamp="2024-07-17T20:35:54.851" intervalms="292.821" />
<gc-start id="1573" type="scavenge" contextid="1572" timestamp="2024-07-17T20:35:54.851">
  <mem-info id="1574" free="13526760" total="73990144" percent="18">
    <mem type="nursery" free="269072" total="29097984" percent="0">
      <mem type="allocate" free="269072" total="22151168" percent="1" />
      <mem type="survivor" free="0" total="6946816" percent="0" />
    </mem>
    <mem type="tenure" free="13257688" total="44892160" percent="29">
      <mem type="soa" free="11013080" total="42647552" percent="25" />
      <mem type="loa" free="2244608" total="2244608" percent="100" />
    </mem>
    <remembered-set count="9570" />
  </mem-info>
</gc-start>
<allocation-stats totalBytes="16981144" discardedBytes="871688" >
  <allocated-bytes non-tlh="7163288" tlh="9817856" />
  <largest-consumer threadName="Default Executor-thread-22" threadId="0000000000CC7A00" bytes="7008712" />
</allocation-stats>
<gc-op id="1575" type="scavenge" timems="4.198" contextid="1572" timestamp="2024-07-17T20:35:54.856">
  <scavenger-info tenureage="7" tenuremask="7f80" tiltratio="76" />
  <memory-copied type="nursery" objects="61169" bytes="4532872" bytesdiscarded="166488" />
  <finalization candidates="2" enqueued="0" />
  <ownableSynchronizers candidates="14322" cleared="13162" />
  <references type="soft" candidates="1352" cleared="0" enqueued="0" dynamicThreshold="9" maxThreshold="32" />
  <references type="weak" candidates="1676" cleared="600" enqueued="600" />
  <references type="phantom" candidates="358" cleared="0" enqueued="0" />
  <object-monitors candidates="157" cleared="33"  />
</gc-op>
<gc-end id="1576" type="scavenge" contextid="1572" durationms="4.914" usertimems="17.561" systemtimems="0.000" stalltimems="15.752" timestamp="2024-07-17T20:35:54.856" activeThreads="8">
  <mem-info id="1577" free="30697328" total="73990144" percent="41">
    <mem type="nursery" free="17439640" total="29097984" percent="59">
      <mem type="allocate" free="17439640" total="22151168" percent="78" />
      <mem type="survivor" free="0" total="6946816" percent="0" />
    </mem>
    <mem type="tenure" free="13257688" total="44892160" percent="29">
      <mem type="soa" free="11013080" total="42647552" percent="25" />
      <mem type="loa" free="2244608" total="2244608" percent="100" />
    </mem>
    <pending-finalizers system="0" default="0" reference="600" classloader="0" />
    <remembered-set count="8052" />
  </mem-info>
</gc-end>
<cycle-end id="1578" type="scavenge" contextid="1572" timestamp="2024-07-17T20:35:54.856" />
<allocation-satisfied id="1579" threadId="0000000000A76800" bytesRequested="45072" />
<af-end id="1580" timestamp="2024-07-17T20:35:54.857" threadId="0000000000A77238" success="true" from="nursery"/>
<exclusive-end id="1581" timestamp="2024-07-17T20:35:54.857" durationms="6.641" />

<exclusive-start id="1582" timestamp="2024-07-17T20:35:54.912" intervalms="61.451">
  <response-info timems="0.057" idlems="0.057" threads="0" lastid="0000000000A76800" lastname="Default Executor-thread-21" />
</exclusive-start>
<af-start id="1583" threadId="0000000000A77238" totalBytesRequested="14400" timestamp="2024-07-17T20:35:54.912" intervalms="61.416" type="nursery" />
<cycle-start id="1584" type="scavenge" contextid="0" timestamp="2024-07-17T20:35:54.912" intervalms="61.358" />
<gc-start id="1585" type="scavenge" contextid="1584" timestamp="2024-07-17T20:35:54.913">
  <mem-info id="1586" free="13140264" total="73990144" percent="17">
    <mem type="nursery" free="0" total="29097984" percent="0">
      <mem type="allocate" free="0" total="22151168" percent="0" />
      <mem type="survivor" free="0" total="6946816" percent="0" />
    </mem>
    <mem type="tenure" free="13140264" total="44892160" percent="29">
      <mem type="soa" free="10895656" total="42647552" percent="25" />
      <mem type="loa" free="2244608" total="2244608" percent="100" />
    </mem>
    <remembered-set count="9946" />
  </mem-info>
</gc-start>
<allocation-stats totalBytes="17513200" discardedBytes="40160" >
  <allocated-bytes non-tlh="2242792" tlh="15270408" />
  <largest-consumer threadName="Default Executor-thread-22" threadId="0000000000CC7A00" bytes="4257184" />
</allocation-stats>
<gc-op id="1587" type="scavenge" timems="3.807" contextid="1584" timestamp="2024-07-17T20:35:54.917">
  <scavenger-info tenureage="7" tenuremask="7f80" tiltratio="76" />
  <memory-copied type="nursery" objects="68439" bytes="4575904" bytesdiscarded="513648" />
  <finalization candidates="30" enqueued="28" />
  <ownableSynchronizers candidates="1165" cleared="3" />
  <references type="soft" candidates="1475" cleared="0" enqueued="0" dynamicThreshold="9" maxThreshold="32" />
  <references type="weak" candidates="1462" cleared="323" enqueued="323" />
  <references type="phantom" candidates="375" cleared="13" enqueued="13" />
  <object-monitors candidates="170" cleared="37"  />
</gc-op>
<heap-resize id="1588" type="expand" space="nursery" amount="1048576" count="1" timems="0.036" reason="excessive time being spent scavenging" timestamp="2024-07-17T20:35:54.917" />
<gc-end id="1589" type="scavenge" contextid="1584" durationms="4.906" usertimems="14.761" systemtimems="1.358" stalltimems="10.126" timestamp="2024-07-17T20:35:54.917" activeThreads="7">
  <mem-info id="1590" free="31305848" total="75038720" percent="41">
    <mem type="nursery" free="18165584" total="30146560" percent="60">
      <mem type="allocate" free="18165584" total="23265280" percent="78" />
      <mem type="survivor" free="0" total="6881280" percent="0" />
    </mem>
    <mem type="tenure" free="13140264" total="44892160" percent="29">
      <mem type="soa" free="10895656" total="42647552" percent="25" />
      <mem type="loa" free="2244608" total="2244608" percent="100" />
    </mem>
    <pending-finalizers system="28" default="0" reference="336" classloader="0" />
    <remembered-set count="9347" />
  </mem-info>
</gc-end>
<cycle-end id="1591" type="scavenge" contextid="1584" timestamp="2024-07-17T20:35:54.918" />
<allocation-satisfied id="1592" threadId="0000000000A76800" bytesRequested="14400" />
<af-end id="1593" timestamp="2024-07-17T20:35:54.918" threadId="0000000000A77238" success="true" from="nursery"/>
<exclusive-end id="1594" timestamp="2024-07-17T20:35:54.918" durationms="6.676" />

<exclusive-start id="1595" timestamp="2024-07-17T20:35:54.975" intervalms="63.517">
  <response-info timems="0.098" idlems="0.098" threads="0" lastid="0000000000958700" lastname="Default Executor-thread-18" />
</exclusive-start>
<af-start id="1596" threadId="0000000000959138" totalBytesRequested="40" timestamp="2024-07-17T20:35:54.975" intervalms="63.521" type="nursery" />
<cycle-start id="1597" type="scavenge" contextid="0" timestamp="2024-07-17T20:35:54.976" intervalms="63.615" />
<gc-start id="1598" type="scavenge" contextid="1597" timestamp="2024-07-17T20:35:54.976">
  <mem-info id="1599" free="13070192" total="75038720" percent="17">
    <mem type="nursery" free="0" total="30146560" percent="0">
      <mem type="allocate" free="0" total="23265280" percent="0" />
      <mem type="survivor" free="0" total="6881280" percent="0" />
    </mem>
    <mem type="tenure" free="13070192" total="44892160" percent="29">
      <mem type="soa" free="10825584" total="42647552" percent="25" />
      <mem type="loa" free="2244608" total="2244608" percent="100" />
    </mem>
    <remembered-set count="10508" />
  </mem-info>
</gc-start>
<allocation-stats totalBytes="18159496" discardedBytes="76160" >
  <allocated-bytes non-tlh="1198720" tlh="16960776" />
  <largest-consumer threadName="Default Executor-thread-14" threadId="0000000000941400" bytes="4259600" />
</allocation-stats>
<gc-op id="1600" type="scavenge" timems="5.450" contextid="1597" timestamp="2024-07-17T20:35:54.982">
  <scavenger-info tenureage="3" tenuremask="7fa8" tiltratio="77" />
  <memory-copied type="nursery" objects="55580" bytes="3457728" bytesdiscarded="219096" />
  <memory-copied type="tenure" objects="22751" bytes="1722432" bytesdiscarded="1520" />
  <finalization candidates="6" enqueued="4" />
  <ownableSynchronizers candidates="1235" cleared="35" />
  <references type="soft" candidates="1322" cleared="0" enqueued="0" dynamicThreshold="9" maxThreshold="32" />
  <references type="weak" candidates="1192" cleared="144" enqueued="144" />
  <references type="phantom" candidates="230" cleared="2" enqueued="2" />
  <object-monitors candidates="161" cleared="16"  />
</gc-op>
<heap-resize id="1601" type="expand" space="nursery" amount="1310720" count="1" timems="0.032" reason="excessive time being spent scavenging" timestamp="2024-07-17T20:35:54.982" />
<gc-end id="1602" type="scavenge" contextid="1597" durationms="6.585" usertimems="23.628" systemtimems="2.222" stalltimems="12.366" timestamp="2024-07-17T20:35:54.983" activeThreads="7">
  <mem-info id="1603" free="31985024" total="76349440" percent="41">
    <mem type="nursery" free="21088632" total="31457280" percent="67">
      <mem type="allocate" free="21088632" total="24772608" percent="85" />
      <mem type="survivor" free="0" total="6684672" percent="0" />
    </mem>
    <mem type="tenure" free="10896392" total="44892160" percent="24">
      <mem type="soa" free="8651784" total="42647552" percent="20" />
      <mem type="loa" free="2244608" total="2244608" percent="100" />
    </mem>
    <pending-finalizers system="4" default="0" reference="146" classloader="0" />
    <remembered-set count="5757" />
  </mem-info>
</gc-end>
<cycle-end id="1604" type="scavenge" contextid="1597" timestamp="2024-07-17T20:35:54.983" />
<allocation-satisfied id="1605" threadId="0000000000958700" bytesRequested="40" />
<af-end id="1606" timestamp="2024-07-17T20:35:54.984" threadId="0000000000959138" success="true" from="nursery"/>
<exclusive-end id="1607" timestamp="2024-07-17T20:35:54.984" durationms="8.850" />

<exclusive-start id="1608" timestamp="2024-07-17T20:35:55.101" intervalms="125.891">
  <response-info timems="0.078" idlems="0.078" threads="0" lastid="0000000000860200" lastname="Default Executor-thread-11" />
</exclusive-start>
<af-start id="1609" threadId="0000000000860C38" totalBytesRequested="11792" timestamp="2024-07-17T20:35:55.101" intervalms="125.859" type="nursery" />
<cycle-start id="1610" type="scavenge" contextid="0" timestamp="2024-07-17T20:35:55.102" intervalms="125.808" />
<gc-start id="1611" type="scavenge" contextid="1610" timestamp="2024-07-17T20:35:55.102">
  <mem-info id="1612" free="10654848" total="76349440" percent="13">
    <mem type="nursery" free="0" total="31457280" percent="0">
      <mem type="allocate" free="0" total="24772608" percent="0" />
      <mem type="survivor" free="0" total="6684672" percent="0" />
    </mem>
    <mem type="tenure" free="10654848" total="44892160" percent="23">
      <mem type="soa" free="8410240" total="42647552" percent="19" />
      <mem type="loa" free="2244608" total="2244608" percent="100" />
    </mem>
    <remembered-set count="9056" />
  </mem-info>
</gc-start>
<allocation-stats totalBytes="20893144" discardedBytes="437032" >
  <allocated-bytes non-tlh="1858608" tlh="19034536" />
  <largest-consumer threadName="Default Executor-thread-11" threadId="0000000000860200" bytes="5318112" />
</allocation-stats>
<gc-op id="1613" type="scavenge" timems="4.923" contextid="1610" timestamp="2024-07-17T20:35:55.107">
  <scavenger-info tenureage="7" tenuremask="7f80" tiltratio="78" />
  <memory-copied type="nursery" objects="66307" bytes="4520320" bytesdiscarded="138816" />
  <memory-copied type="tenure" objects="5265" bytes="166000" bytesdiscarded="752" />
  <finalization candidates="43" enqueued="41" />
  <ownableSynchronizers candidates="760" cleared="14" />
  <references type="soft" candidates="1726" cleared="0" enqueued="0" dynamicThreshold="9" maxThreshold="32" />
  <references type="weak" candidates="1640" cleared="441" enqueued="441" />
  <references type="phantom" candidates="289" cleared="18" enqueued="18" />
  <object-monitors candidates="175" cleared="16"  />
</gc-op>
<gc-end id="1614" type="scavenge" contextid="1610" durationms="5.724" usertimems="24.189" systemtimems="0.000" stalltimems="10.220" timestamp="2024-07-17T20:35:55.108" activeThreads="7">
  <mem-info id="1615" free="30535656" total="76349440" percent="39">
    <mem type="nursery" free="20370024" total="31457280" percent="64">
      <mem type="allocate" free="20370024" total="25034752" percent="81" />
      <mem type="survivor" free="0" total="6422528" percent="0" />
    </mem>
    <mem type="tenure" free="10165632" total="44892160" percent="22">
      <mem type="soa" free="7921024" total="42647552" percent="18" />
      <mem type="loa" free="2244608" total="2244608" percent="100" />
    </mem>
    <pending-finalizers system="41" default="0" reference="459" classloader="0" />
    <remembered-set count="6762" />
  </mem-info>
</gc-end>
<cycle-end id="1616" type="scavenge" contextid="1610" timestamp="2024-07-17T20:35:55.108" />
<allocation-satisfied id="1617" threadId="0000000000860200" bytesRequested="11792" />
<af-end id="1618" timestamp="2024-07-17T20:35:55.108" threadId="0000000000860C38" success="true" from="nursery"/>
<exclusive-end id="1619" timestamp="2024-07-17T20:35:55.109" durationms="7.644" />

<exclusive-start id="1620" timestamp="2024-07-17T20:35:55.141" intervalms="40.161">
  <response-info timems="0.109" idlems="0.061" threads="2" lastid="0000000000860200" lastname="Default Executor-thread-11" />
</exclusive-start>
<af-start id="1621" threadId="00000000007BE738" totalBytesRequested="24" timestamp="2024-07-17T20:35:55.141" intervalms="40.204" type="nursery" />
<cycle-start id="1622" type="scavenge" contextid="0" timestamp="2024-07-17T20:35:55.142" intervalms="40.227" />
<gc-start id="1623" type="scavenge" contextid="1622" timestamp="2024-07-17T20:35:55.142">
  <mem-info id="1624" free="10130616" total="76349440" percent="13">
    <mem type="nursery" free="0" total="31457280" percent="0">
      <mem type="allocate" free="0" total="25034752" percent="0" />
      <mem type="survivor" free="0" total="6422528" percent="0" />
    </mem>
    <mem type="tenure" free="10130616" total="44892160" percent="22">
      <mem type="soa" free="7886008" total="42647552" percent="18" />
      <mem type="loa" free="2244608" total="2244608" percent="100" />
    </mem>
    <remembered-set count="7333" />
  </mem-info>
</gc-start>
<allocation-stats totalBytes="19677144" discardedBytes="727896" >
  <allocated-bytes non-tlh="264472" tlh="19412672" />
  <largest-consumer threadName="Default Executor-thread-11" threadId="0000000000860200" bytes="15580856" />
</allocation-stats>
<gc-op id="1625" type="scavenge" timems="3.718" contextid="1622" timestamp="2024-07-17T20:35:55.146">
  <scavenger-info tenureage="7" tenuremask="7f80" tiltratio="79" />
  <memory-copied type="nursery" objects="69446" bytes="4674568" bytesdiscarded="174080" />
  <finalization candidates="14" enqueued="10" />
  <ownableSynchronizers candidates="708" cleared="0" />
  <references type="soft" candidates="1981" cleared="0" enqueued="0" dynamicThreshold="9" maxThreshold="32" />
  <references type="weak" candidates="1381" cleared="123" enqueued="123" />
  <references type="phantom" candidates="292" cleared="7" enqueued="7" />
  <object-monitors candidates="168" cleared="7"  />
</gc-op>
<heap-resize id="1626" type="expand" space="nursery" amount="1835008" count="1" timems="0.028" reason="excessive time being spent scavenging" timestamp="2024-07-17T20:35:55.147" />
<gc-end id="1627" type="scavenge" contextid="1622" durationms="4.691" usertimems="8.786" systemtimems="7.227" stalltimems="9.681" timestamp="2024-07-17T20:35:55.147" activeThreads="7">
  <mem-info id="1628" free="32408584" total="78184448" percent="41">
    <mem type="nursery" free="22277968" total="33292288" percent="66">
      <mem type="allocate" free="22277968" total="27131904" percent="82" />
      <mem type="survivor" free="0" total="6160384" percent="0" />
    </mem>
    <mem type="tenure" free="10130616" total="44892160" percent="22">
      <mem type="soa" free="7886008" total="42647552" percent="18" />
      <mem type="loa" free="2244608" total="2244608" percent="100" />
    </mem>
    <pending-finalizers system="10" default="0" reference="130" classloader="0" />
    <remembered-set count="6433" />
  </mem-info>
</gc-end>
<cycle-end id="1629" type="scavenge" contextid="1622" timestamp="2024-07-17T20:35:55.147" />
<allocation-satisfied id="1630" threadId="00000000007BDD00" bytesRequested="24" />
<af-end id="1631" timestamp="2024-07-17T20:35:55.148" threadId="00000000007BE738" success="true" from="nursery"/>
<exclusive-end id="1632" timestamp="2024-07-17T20:35:55.148" durationms="6.518" />

<exclusive-start id="1633" timestamp="2024-07-17T20:35:55.525" intervalms="383.605">
  <response-info timems="0.366" idlems="0.223" threads="1" lastid="0000000000860200" lastname="Default Executor-thread-11" />
</exclusive-start>
<af-start id="1634" threadId="0000000000859338" totalBytesRequested="24" timestamp="2024-07-17T20:35:55.525" intervalms="383.658" type="nursery" />
<cycle-start id="1635" type="scavenge" contextid="0" timestamp="2024-07-17T20:35:55.525" intervalms="383.736" />
<gc-start id="1636" type="scavenge" contextid="1635" timestamp="2024-07-17T20:35:55.526">
  <mem-info id="1637" free="9893456" total="78184448" percent="12">
    <mem type="nursery" free="0" total="33292288" percent="0">
      <mem type="allocate" free="0" total="27131904" percent="0" />
      <mem type="survivor" free="0" total="6160384" percent="0" />
    </mem>
    <mem type="tenure" free="9893456" total="44892160" percent="22">
      <mem type="soa" free="7648848" total="42647552" percent="17" />
      <mem type="loa" free="2244608" total="2244608" percent="100" />
    </mem>
    <remembered-set count="10559" />
  </mem-info>
</gc-start>
<allocation-stats totalBytes="22287528" discardedBytes="227600" >
  <allocated-bytes non-tlh="1218824" tlh="21068704" />
  <largest-consumer threadName="Default Executor-thread-22" threadId="0000000000CC7A00" bytes="7750272" />
</allocation-stats>
<gc-op id="1638" type="scavenge" timems="5.107" contextid="1635" timestamp="2024-07-17T20:35:55.532">
  <scavenger-info tenureage="3" tenuremask="7fa8" tiltratio="81" />
  <memory-copied type="nursery" objects="43179" bytes="2773816" bytesdiscarded="414496" />
  <memory-copied type="tenure" objects="42092" bytes="2810104" bytesdiscarded="624" />
  <finalization candidates="145" enqueued="142" />
  <ownableSynchronizers candidates="861" cleared="22" />
  <references type="soft" candidates="1063" cleared="0" enqueued="0" dynamicThreshold="9" maxThreshold="32" />
  <references type="weak" candidates="1183" cleared="346" enqueued="320" />
  <references type="phantom" candidates="166" cleared="58" enqueued="58" />
  <object-monitors candidates="186" cleared="19"  />
</gc-op>
<gc-end id="1639" type="scavenge" contextid="1635" durationms="6.255" usertimems="22.073" systemtimems="0.544" stalltimems="12.657" timestamp="2024-07-17T20:35:55.532" activeThreads="7">
  <mem-info id="1640" free="31488672" total="78184448" percent="40">
    <mem type="nursery" free="24398120" total="33292288" percent="73">
      <mem type="allocate" free="24398120" total="27590656" percent="88" />
      <mem type="survivor" free="0" total="5701632" percent="0" />
    </mem>
    <mem type="tenure" free="7090552" total="44892160" percent="15">
      <mem type="soa" free="4845944" total="42647552" percent="11" />
      <mem type="loa" free="2244608" total="2244608" percent="100" />
    </mem>
    <pending-finalizers system="139" default="3" reference="378" classloader="0" />
    <remembered-set count="6757" />
  </mem-info>
</gc-end>
<cycle-end id="1641" type="scavenge" contextid="1635" timestamp="2024-07-17T20:35:55.533" />
<allocation-satisfied id="1642" threadId="0000000000858900" bytesRequested="24" />
<af-end id="1643" timestamp="2024-07-17T20:35:55.533" threadId="0000000000859338" success="true" from="nursery"/>
<exclusive-end id="1644" timestamp="2024-07-17T20:35:55.534" durationms="8.812" />

<exclusive-start id="1645" timestamp="2024-07-17T20:35:55.752" intervalms="227.278">
  <response-info timems="0.069" idlems="0.069" threads="0" lastid="0000000000CC7A00" lastname="Default Executor-thread-22" />
</exclusive-start>
<af-start id="1646" threadId="0000000000CC8438" totalBytesRequested="136" timestamp="2024-07-17T20:35:55.752" intervalms="227.251" type="nursery" />
<cycle-start id="1647" type="scavenge" contextid="0" timestamp="2024-07-17T20:35:55.753" intervalms="227.214" />
<gc-start id="1648" type="scavenge" contextid="1647" timestamp="2024-07-17T20:35:55.753">
  <mem-info id="1649" free="7030376" total="78184448" percent="8">
    <mem type="nursery" free="0" total="33292288" percent="0">
      <mem type="allocate" free="0" total="27590656" percent="0" />
      <mem type="survivor" free="0" total="5701632" percent="0" />
    </mem>
    <mem type="tenure" free="7030376" total="44892160" percent="15">
      <mem type="soa" free="4785768" total="42647552" percent="11" />
      <mem type="loa" free="2244608" total="2244608" percent="100" />
    </mem>
    <remembered-set count="8172" />
  </mem-info>
</gc-start>
<allocation-stats totalBytes="24408760" discardedBytes="49536" >
  <allocated-bytes non-tlh="127168" tlh="24281592" />
  <largest-consumer threadName="Default Executor-thread-22" threadId="0000000000CC7A00" bytes="18303008" />
</allocation-stats>
<gc-op id="1650" type="scavenge" timems="4.512" contextid="1647" timestamp="2024-07-17T20:35:55.758">
  <scavenger-info tenureage="7" tenuremask="7f80" tiltratio="82" />
  <memory-copied type="nursery" objects="93480" bytes="4945712" bytesdiscarded="90856" />
  <finalization candidates="100" enqueued="76" />
  <ownableSynchronizers candidates="280" cleared="33" />
  <references type="soft" candidates="1206" cleared="0" enqueued="0" dynamicThreshold="9" maxThreshold="32" />
  <references type="weak" candidates="1151" cleared="160" enqueued="160" />
  <references type="phantom" candidates="164" cleared="7" enqueued="7" />
  <object-monitors candidates="179" cleared="6"  />
</gc-op>
<gc-end id="1651" type="scavenge" contextid="1647" durationms="5.522" usertimems="17.978" systemtimems="1.689" stalltimems="10.965" timestamp="2024-07-17T20:35:55.759" activeThreads="7">
  <mem-info id="1652" free="27481144" total="78184448" percent="35">
    <mem type="nursery" free="20450768" total="33292288" percent="61">
      <mem type="allocate" free="20450768" total="25493504" percent="80" />
      <mem type="survivor" free="0" total="7798784" percent="0" />
    </mem>
    <mem type="tenure" free="7030376" total="44892160" percent="15">
      <mem type="soa" free="4785768" total="42647552" percent="11" />
      <mem type="loa" free="2244608" total="2244608" percent="100" />
    </mem>
    <pending-finalizers system="32" default="44" reference="167" classloader="0" />
    <remembered-set count="7379" />
  </mem-info>
</gc-end>
<cycle-end id="1653" type="scavenge" contextid="1647" timestamp="2024-07-17T20:35:55.759" />
<allocation-satisfied id="1654" threadId="0000000000CC7A00" bytesRequested="136" />
<af-end id="1655" timestamp="2024-07-17T20:35:55.760" threadId="0000000000CC8438" success="true" from="nursery"/>
<exclusive-end id="1656" timestamp="2024-07-17T20:35:55.760" durationms="8.110" />

<exclusive-start id="1657" timestamp="2024-07-17T20:35:55.910" intervalms="158.125">
  <response-info timems="0.058" idlems="0.058" threads="0" lastid="0000000000CC7A00" lastname="Default Executor-thread-22" />
</exclusive-start>
<af-start id="1658" threadId="0000000000CC8438" totalBytesRequested="264" timestamp="2024-07-17T20:35:55.911" intervalms="158.267" type="nursery" />
<cycle-start id="1659" type="scavenge" contextid="0" timestamp="2024-07-17T20:35:55.911" intervalms="158.391" />
<gc-start id="1660" type="scavenge" contextid="1659" timestamp="2024-07-17T20:35:55.912">
  <mem-info id="1661" free="7022880" total="78184448" percent="8">
    <mem type="nursery" free="0" total="33292288" percent="0">
      <mem type="allocate" free="0" total="25493504" percent="0" />
      <mem type="survivor" free="0" total="7798784" percent="0" />
    </mem>
    <mem type="tenure" free="7022880" total="44892160" percent="15">
      <mem type="soa" free="4778272" total="42647552" percent="11" />
      <mem type="loa" free="2244608" total="2244608" percent="100" />
    </mem>
    <remembered-set count="7528" />
  </mem-info>
</gc-start>
<allocation-stats totalBytes="20446272" discardedBytes="11992" >
  <allocated-bytes non-tlh="7632" tlh="20438640" />
  <largest-consumer threadName="Default Executor-thread-22" threadId="0000000000CC7A00" bytes="20421696" />
</allocation-stats>
<gc-op id="1662" type="scavenge" timems="6.278" contextid="1659" timestamp="2024-07-17T20:35:55.919">
  <scavenger-info tenureage="6" tenuremask="7fc0" tiltratio="76" />
  <memory-copied type="nursery" objects="137356" bytes="6721872" bytesdiscarded="43792" />
  <memory-copied type="tenure" objects="4836" bytes="227560" bytesdiscarded="32" />
  <finalization candidates="135" enqueued="90" />
  <ownableSynchronizers candidates="274" cleared="26" />
  <references type="soft" candidates="1085" cleared="0" enqueued="0" dynamicThreshold="9" maxThreshold="32" />
  <references type="weak" candidates="977" cleared="45" enqueued="45" />
  <references type="phantom" candidates="154" cleared="1" enqueued="1" />
  <object-monitors candidates="173" cleared="0"  />
</gc-op>
<gc-end id="1663" type="scavenge" contextid="1659" durationms="7.719" usertimems="8.745" systemtimems="21.237" stalltimems="13.237" timestamp="2024-07-17T20:35:55.919" activeThreads="7">
  <mem-info id="1664" free="23638912" total="78184448" percent="30">
    <mem type="nursery" free="17079904" total="33292288" percent="51">
      <mem type="allocate" free="17079904" total="23855104" percent="71" />
      <mem type="survivor" free="0" total="9437184" percent="0" />
    </mem>
    <mem type="tenure" free="6559008" total="44892160" percent="14">
      <mem type="soa" free="4314400" total="42647552" percent="10" />
      <mem type="loa" free="2244608" total="2244608" percent="100" />
    </mem>
    <pending-finalizers system="2" default="88" reference="46" classloader="0" />
    <remembered-set count="3490" />
  </mem-info>
</gc-end>
<cycle-end id="1665" type="scavenge" contextid="1659" timestamp="2024-07-17T20:35:55.920" />
<allocation-satisfied id="1666" threadId="0000000000CC7A00" bytesRequested="264" />
<af-end id="1667" timestamp="2024-07-17T20:35:55.921" threadId="0000000000CC8438" success="true" from="nursery"/>
<exclusive-end id="1668" timestamp="2024-07-17T20:35:55.921" durationms="10.828" />

<concurrent-kickoff id="1669" timestamp="2024-07-17T20:35:56.003">
  <kickoff reason="threshold reached" targetBytes="21092804" thresholdFreeBytes="2895842"  remainingFree="2788688" tenureFreeBytes="6530624" nurseryFreeBytes="2788688" />
</concurrent-kickoff>
<exclusive-start id="1670" timestamp="2024-07-17T20:35:56.004" intervalms="93.506">
  <response-info timems="0.050" idlems="0.050" threads="0" lastid="0000000000CC7A00" lastname="Default Executor-thread-22" />
</exclusive-start>
<cycle-start id="1671" type="global" contextid="0" timestamp="2024-07-17T20:35:56.004" intervalms="1297.540" />
<concurrent-start id="1672" type="global mark" contextid="1671" timestamp="2024-07-17T20:35:56.004">
</concurrent-start>
<exclusive-end id="1673" timestamp="2024-07-17T20:35:56.004" durationms="0.624" />

<concurrent-end id="1674" type="global mark" contextid="1671" timestamp="2024-07-17T20:35:56.050">
<gc-op id="1675" type="trace" timems="45.781" contextid="1671" timestamp="2024-07-17T20:35:56.050">
  <trace bytesTraced="23660176" workStackOverflowCount="0" />
  <card-cleaning reason="card cleaning threshold reached" bytesTraced="48968" cardsCleaned="116" />
</gc-op>
</concurrent-end>

<exclusive-start id="1676" timestamp="2024-07-17T20:35:56.051" intervalms="46.864">
  <response-info timems="0.058" idlems="0.058" threads="0" lastid="0000000000CC7A00" lastname="Default Executor-thread-22" />
</exclusive-start>
<concurrent-global-final id="1677" timestamp="2024-07-17T20:35:56.051" contextid="1671" intervalms="1315.732" >
  <concurrent-trace-info reason="card cleaning threshold reached" tracedByMutators="7722172" tracedByHelpers="15986972" cardsCleaned="116" workStackOverflowCount="0" />
</concurrent-global-final>
<gc-start id="1678" type="global" contextid="1671" timestamp="2024-07-17T20:35:56.051">
  <mem-info id="1679" free="6550416" total="78184448" percent="8">
    <mem type="nursery" free="19792" total="33292288" percent="0">
      <mem type="allocate" free="19792" total="23855104" percent="0" />
      <mem type="survivor" free="0" total="9437184" percent="0" />
    </mem>
    <mem type="tenure" free="6530624" total="44892160" percent="14">
      <mem type="soa" free="4286016" total="42647552" percent="10" />
      <mem type="loa" free="2244608" total="2244608" percent="100" />
    </mem>
    <remembered-set count="4052" />
  </mem-info>
</gc-start>
<allocation-stats totalBytes="17012624" discardedBytes="75872" >
  <allocated-bytes non-tlh="94192" tlh="16918432" />
  <largest-consumer threadName="Default Executor-thread-22" threadId="0000000000CC7A00" bytes="16983952" />
</allocation-stats>
<gc-op id="1680" type="rs-scan" timems="3.508" contextid="1671" timestamp="2024-07-17T20:35:56.056">
  <scan objectsFound="115382" bytesTraced="3991856" workStackOverflowCount="0" />
</gc-op>
<gc-op id="1681" type="card-cleaning" timems="0.697" contextid="1671" timestamp="2024-07-17T20:35:56.057">
  <card-cleaning cardsCleaned="33" bytesTraced="15912" workStackOverflowCount="0" />
</gc-op>
<gc-op id="1682" type="mark" timems="10.228" contextid="1671" timestamp="2024-07-17T20:35:56.067">
  <trace-info objectcount="15830" scancount="14376" scanbytes="556332" />
  <finalization candidates="841" enqueued="90" />
  <ownableSynchronizers candidates="7473" cleared="12" />
  <references type="soft" candidates="11465" cleared="6" enqueued="4" dynamicThreshold="9" maxThreshold="32" />
  <references type="weak" candidates="13374" cleared="43" enqueued="43" />
  <references type="phantom" candidates="497" cleared="1" enqueued="1" />
  <stringconstants candidates="35903" cleared="107"  />
  <object-monitors candidates="173" cleared="30"  />
</gc-op>
<gc-op id="1683" type="classunload" timems="1.198" contextid="1671" timestamp="2024-07-17T20:35:56.069">
  <classunload-info classloadercandidates="385" classloadersunloaded="0" classesunloaded="9" anonymousclassesunloaded="9" quiescems="0.000" setupms="1.170" scanms="0.027" postms="0.000" />
</gc-op>
<gc-op id="1684" type="sweep" timems="1.504" contextid="1671" timestamp="2024-07-17T20:35:56.070" />
<heap-resize id="1685" type="expand" space="tenure" amount="7405568" count="1" timems="0.456" reason="insufficient free space following gc" timestamp="2024-07-17T20:35:56.071" />
<gc-end id="1686" type="global" contextid="1671" durationms="19.763" usertimems="59.759" systemtimems="4.056" stalltimems="101.469" timestamp="2024-07-17T20:35:56.071" activeThreads="12">
  <mem-info id="1687" free="31994656" total="85590016" percent="37">
    <mem type="nursery" free="16288280" total="33292288" percent="48">
      <mem type="allocate" free="16288280" total="23855104" percent="68" />
      <mem type="survivor" free="0" total="9437184" percent="0" />
    </mem>
    <mem type="tenure" free="15706376" total="52297728" percent="30" micro-fragmented="1256314" macro-fragmented="0">
      <mem type="soa" free="13091080" total="49682432" percent="26" />
      <mem type="loa" free="2615296" total="2615296" percent="100" />
    </mem>
    <pending-finalizers system="2" default="88" reference="48" classloader="0" />
    <remembered-set count="3523" />
  </mem-info>
</gc-end>
<cycle-end id="1688" type="global" contextid="1671" timestamp="2024-07-17T20:35:56.071" />
<exclusive-end id="1689" timestamp="2024-07-17T20:35:56.072" durationms="21.134" />

<exclusive-start id="1690" timestamp="2024-07-17T20:35:56.129" intervalms="78.269">
  <response-info timems="0.050" idlems="0.050" threads="0" lastid="0000000000CC7A00" lastname="Default Executor-thread-22" />
</exclusive-start>
<af-start id="1691" threadId="0000000000CC8438" totalBytesRequested="482208" timestamp="2024-07-17T20:35:56.129" intervalms="218.583" type="nursery" />
<cycle-start id="1692" type="scavenge" contextid="0" timestamp="2024-07-17T20:35:56.130" intervalms="218.508" />
<gc-start id="1693" type="scavenge" contextid="1692" timestamp="2024-07-17T20:35:56.130">
  <mem-info id="1694" free="20517072" total="85590016" percent="23">
    <mem type="nursery" free="4839520" total="33292288" percent="14">
      <mem type="allocate" free="4839520" total="23855104" percent="20" />
      <mem type="survivor" free="0" total="9437184" percent="0" />
    </mem>
    <mem type="tenure" free="15677552" total="52297728" percent="29">
      <mem type="soa" free="13062256" total="49682432" percent="26" />
      <mem type="loa" free="2615296" total="2615296" percent="100" />
    </mem>
    <remembered-set count="4280" />
  </mem-info>
</gc-start>
<allocation-stats totalBytes="11436592" discardedBytes="22072" >
  <allocated-bytes non-tlh="778088" tlh="10658504" />
  <largest-consumer threadName="Default Executor-thread-22" threadId="0000000000CC7A00" bytes="11432496" />
</allocation-stats>
<gc-op id="1695" type="scavenge" timems="5.480" contextid="1692" timestamp="2024-07-17T20:35:56.136">
  <scavenger-info tenureage="5" tenuremask="7fa0" tiltratio="71" />
  <memory-copied type="nursery" objects="104946" bytes="5856704" bytesdiscarded="142360" />
  <memory-copied type="tenure" objects="15455" bytes="1008536" bytesdiscarded="4304" />
  <finalization candidates="89" enqueued="44" />
  <ownableSynchronizers candidates="14935" cleared="14682" />
  <references type="soft" candidates="759" cleared="0" enqueued="0" dynamicThreshold="9" maxThreshold="32" />
  <references type="weak" candidates="792" cleared="38" enqueued="38" />
  <references type="phantom" candidates="215" cleared="0" enqueued="0" />
  <object-monitors candidates="143" cleared="0"  />
</gc-op>
<gc-end id="1696" type="scavenge" contextid="1692" durationms="6.600" usertimems="22.722" systemtimems="0.000" stalltimems="13.391" timestamp="2024-07-17T20:35:56.137" activeThreads="7">
  <mem-info id="1697" free="32509328" total="85590016" percent="37">
    <mem type="nursery" free="18175568" total="33292288" percent="54">
      <mem type="allocate" free="18175568" total="24182784" percent="75" />
      <mem type="survivor" free="0" total="9109504" percent="0" />
    </mem>
    <mem type="tenure" free="14333760" total="52297728" percent="27">
      <mem type="soa" free="11718464" total="49682432" percent="23" />
      <mem type="loa" free="2615296" total="2615296" percent="100" />
    </mem>
    <pending-finalizers system="0" default="44" reference="38" classloader="0" />
    <remembered-set count="2741" />
  </mem-info>
</gc-end>
<cycle-end id="1698" type="scavenge" contextid="1692" timestamp="2024-07-17T20:35:56.137" />
<allocation-satisfied id="1699" threadId="0000000000CC7A00" bytesRequested="482208" />
<af-end id="1700" timestamp="2024-07-17T20:35:56.138" threadId="0000000000CC8438" success="true" from="nursery"/>
<exclusive-end id="1701" timestamp="2024-07-17T20:35:56.138" durationms="9.256" />

<exclusive-start id="1702" timestamp="2024-07-17T20:35:56.295" intervalms="166.683">
  <response-info timems="0.052" idlems="0.052" threads="0" lastid="0000000000CC7A00" lastname="Default Executor-thread-22" />
</exclusive-start>
<af-start id="1703" threadId="0000000000CC8438" totalBytesRequested="3336" timestamp="2024-07-17T20:35:56.296" intervalms="166.554" type="nursery" />
<cycle-start id="1704" type="scavenge" contextid="0" timestamp="2024-07-17T20:35:56.296" intervalms="166.489" />
<gc-start id="1705" type="scavenge" contextid="1704" timestamp="2024-07-17T20:35:56.296">
  <mem-info id="1706" free="14192600" total="85590016" percent="16">
    <mem type="nursery" free="0" total="33292288" percent="0">
      <mem type="allocate" free="0" total="24182784" percent="0" />
      <mem type="survivor" free="0" total="9109504" percent="0" />
    </mem>
    <mem type="tenure" free="14192600" total="52297728" percent="27">
      <mem type="soa" free="11577304" total="49682432" percent="23" />
      <mem type="loa" free="2615296" total="2615296" percent="100" />
    </mem>
    <remembered-set count="4997" />
  </mem-info>
</gc-start>
<allocation-stats totalBytes="18231136" discardedBytes="71880" >
  <allocated-bytes non-tlh="1029512" tlh="17201624" />
  <largest-consumer threadName="Default Executor-thread-22" threadId="0000000000CC7A00" bytes="18002848" />
</allocation-stats>
<gc-op id="1707" type="scavenge" timems="5.847" contextid="1704" timestamp="2024-07-17T20:35:56.303">
  <scavenger-info tenureage="7" tenuremask="7f80" tiltratio="72" />
  <memory-copied type="nursery" objects="119002" bytes="7163120" bytesdiscarded="79224" />
  <finalization candidates="67" enqueued="22" />
  <ownableSynchronizers candidates="358" cleared="26" />
  <references type="soft" candidates="1412" cleared="0" enqueued="0" dynamicThreshold="9" maxThreshold="32" />
  <references type="weak" candidates="1959" cleared="252" enqueued="252" />
  <references type="phantom" candidates="235" cleared="12" enqueued="12" />
  <object-monitors candidates="143" cleared="1"  />
</gc-op>
<gc-end id="1708" type="scavenge" contextid="1704" durationms="6.816" usertimems="25.178" systemtimems="0.000" stalltimems="16.459" timestamp="2024-07-17T20:35:56.303" activeThreads="7">
  <mem-info id="1709" free="30536072" total="85590016" percent="35">
    <mem type="nursery" free="16343472" total="33292288" percent="49">
      <mem type="allocate" free="16343472" total="23592960" percent="69" />
      <mem type="survivor" free="0" total="9699328" percent="0" />
    </mem>
    <mem type="tenure" free="14192600" total="52297728" percent="27">
      <mem type="soa" free="11577304" total="49682432" percent="23" />
      <mem type="loa" free="2615296" total="2615296" percent="100" />
    </mem>
    <pending-finalizers system="22" default="0" reference="264" classloader="0" />
    <remembered-set count="4549" />
  </mem-info>
</gc-end>
<cycle-end id="1710" type="scavenge" contextid="1704" timestamp="2024-07-17T20:35:56.304" />
<allocation-satisfied id="1711" threadId="0000000000CC7A00" bytesRequested="3336" />
<af-end id="1712" timestamp="2024-07-17T20:35:56.304" threadId="0000000000CC8438" success="true" from="nursery"/>
<exclusive-end id="1713" timestamp="2024-07-17T20:35:56.305" durationms="9.342" />

<exclusive-start id="1714" timestamp="2024-07-17T20:35:56.470" intervalms="174.273">
  <response-info timems="0.056" idlems="0.043" threads="2" lastid="0000000000829400" lastname="Default Executor-thread-3" />
</exclusive-start>
<af-start id="1715" threadId="00000000007BE738" totalBytesRequested="49072" timestamp="2024-07-17T20:35:56.470" intervalms="174.396" type="nursery" />
<cycle-start id="1716" type="scavenge" contextid="0" timestamp="2024-07-17T20:35:56.471" intervalms="174.543" />
<gc-start id="1717" type="scavenge" contextid="1716" timestamp="2024-07-17T20:35:56.471">
  <mem-info id="1718" free="14053064" total="85590016" percent="16">
    <mem type="nursery" free="0" total="33292288" percent="0">
      <mem type="allocate" free="0" total="23592960" percent="0" />
      <mem type="survivor" free="0" total="9699328" percent="0" />
    </mem>
    <mem type="tenure" free="14053064" total="52297728" percent="26">
      <mem type="soa" free="11437768" total="49682432" percent="23" />
      <mem type="loa" free="2615296" total="2615296" percent="100" />
    </mem>
    <remembered-set count="6385" />
  </mem-info>
</gc-start>
<allocation-stats totalBytes="16303688" discardedBytes="177816" >
  <allocated-bytes non-tlh="307304" tlh="15996384" />
  <largest-consumer threadName="Default Executor-thread-22" threadId="0000000000CC7A00" bytes="11592056" />
</allocation-stats>
<gc-op id="1719" type="scavenge" timems="4.938" contextid="1716" timestamp="2024-07-17T20:35:56.477">
  <scavenger-info tenureage="3" tenuremask="7fc8" tiltratio="70" />
  <memory-copied type="nursery" objects="91172" bytes="6020568" bytesdiscarded="188848" />
  <memory-copied type="tenure" objects="40740" bytes="1674008" bytesdiscarded="456" />
  <finalization candidates="81" enqueued="31" />
  <ownableSynchronizers candidates="421" cleared="29" />
  <references type="soft" candidates="1346" cleared="0" enqueued="0" dynamicThreshold="9" maxThreshold="32" />
  <references type="weak" candidates="2029" cleared="172" enqueued="172" />
  <references type="phantom" candidates="293" cleared="20" enqueued="20" />
  <object-monitors candidates="149" cleared="4"  />
</gc-op>
<gc-end id="1720" type="scavenge" contextid="1716" durationms="6.129" usertimems="22.761" systemtimems="0.000" stalltimems="10.985" timestamp="2024-07-17T20:35:56.477" activeThreads="7">
  <mem-info id="1721" free="30060792" total="85590016" percent="35">
    <mem type="nursery" free="17639544" total="33292288" percent="52">
      <mem type="allocate" free="17639544" total="23855104" percent="73" />
      <mem type="survivor" free="0" total="9437184" percent="0" />
    </mem>
    <mem type="tenure" free="12421248" total="52297728" percent="23">
      <mem type="soa" free="9805952" total="49682432" percent="19" />
      <mem type="loa" free="2615296" total="2615296" percent="100" />
    </mem>
    <pending-finalizers system="31" default="0" reference="192" classloader="0" />
    <remembered-set count="5825" />
  </mem-info>
</gc-end>
<cycle-end id="1722" type="scavenge" contextid="1716" timestamp="2024-07-17T20:35:56.478" />
<allocation-satisfied id="1723" threadId="00000000007BDD00" bytesRequested="49072" />
<af-end id="1724" timestamp="2024-07-17T20:35:56.478" threadId="00000000007BE738" success="true" from="nursery"/>
<exclusive-end id="1725" timestamp="2024-07-17T20:35:56.479" durationms="8.838" />

<exclusive-start id="1726" timestamp="2024-07-17T20:35:56.571" intervalms="101.150">
  <response-info timems="0.073" idlems="0.060" threads="2" lastid="00000000007BDD00" lastname="Default Executor-thread-5" />
</exclusive-start>
<af-start id="1727" threadId="0000000000829E38" totalBytesRequested="32" timestamp="2024-07-17T20:35:56.572" intervalms="101.455" type="nursery" />
<cycle-start id="1728" type="scavenge" contextid="0" timestamp="2024-07-17T20:35:56.572" intervalms="101.478" />
<gc-start id="1729" type="scavenge" contextid="1728" timestamp="2024-07-17T20:35:56.573">
  <mem-info id="1730" free="12417064" total="85590016" percent="14">
    <mem type="nursery" free="0" total="33292288" percent="0">
      <mem type="allocate" free="0" total="23855104" percent="0" />
      <mem type="survivor" free="0" total="9437184" percent="0" />
    </mem>
    <mem type="tenure" free="12417064" total="52297728" percent="23">
      <mem type="soa" free="9801768" total="49682432" percent="19" />
      <mem type="loa" free="2615296" total="2615296" percent="100" />
    </mem>
    <remembered-set count="6023" />
  </mem-info>
</gc-start>
<allocation-stats totalBytes="17610656" discardedBytes="33072" >
  <allocated-bytes non-tlh="1802968" tlh="15807688" />
  <largest-consumer threadName="Default Executor-thread-16" threadId="000000000094CD00" bytes="5861824" />
</allocation-stats>
<gc-op id="1731" type="scavenge" timems="6.399" contextid="1728" timestamp="2024-07-17T20:35:56.580">
  <scavenger-info tenureage="3" tenuremask="7fe8" tiltratio="71" />
  <memory-copied type="nursery" objects="95038" bytes="5266600" bytesdiscarded="260016" />
  <memory-copied type="tenure" objects="61168" bytes="3701936" bytesdiscarded="2072" />
  <finalization candidates="104" enqueued="57" />
  <ownableSynchronizers candidates="568" cleared="89" />
  <references type="soft" candidates="844" cleared="0" enqueued="0" dynamicThreshold="9" maxThreshold="32" />
  <references type="weak" candidates="1263" cleared="39" enqueued="39" />
  <references type="phantom" candidates="168" cleared="38" enqueued="38" />
  <object-monitors candidates="152" cleared="6"  />
</gc-op>
<heap-resize id="1732" type="expand" space="nursery" amount="1441792" count="1" timems="0.029" reason="excessive time being spent scavenging" timestamp="2024-07-17T20:35:56.580" />
<gc-end id="1733" type="scavenge" contextid="1728" durationms="7.842" usertimems="30.730" systemtimems="3.283" stalltimems="10.258" timestamp="2024-07-17T20:35:56.581" activeThreads="7">
  <mem-info id="1734" free="28505008" total="87031808" percent="32">
    <mem type="nursery" free="19831192" total="34734080" percent="57">
      <mem type="allocate" free="19831192" total="25362432" percent="78" />
      <mem type="survivor" free="0" total="9371648" percent="0" />
    </mem>
    <mem type="tenure" free="8673816" total="52297728" percent="16">
      <mem type="soa" free="6058520" total="49682432" percent="12" />
      <mem type="loa" free="2615296" total="2615296" percent="100" />
    </mem>
    <pending-finalizers system="0" default="57" reference="77" classloader="0" />
    <remembered-set count="2667" />
  </mem-info>
</gc-end>
<cycle-end id="1735" type="scavenge" contextid="1728" timestamp="2024-07-17T20:35:56.581" />
<allocation-satisfied id="1736" threadId="0000000000829400" bytesRequested="32" />
<af-end id="1737" timestamp="2024-07-17T20:35:56.582" threadId="0000000000829E38" success="true" from="nursery"/>
<exclusive-end id="1738" timestamp="2024-07-17T20:35:56.582" durationms="10.895" />

<exclusive-start id="1739" timestamp="2024-07-17T20:35:56.619" intervalms="47.879">
  <response-info timems="0.125" idlems="0.083" threads="2" lastid="0000000000954A00" lastname="Default Executor-thread-17" />
</exclusive-start>
<af-start id="1740" threadId="00000000013F5E38" totalBytesRequested="24" timestamp="2024-07-17T20:35:56.619" intervalms="47.446" type="nursery" />
<cycle-start id="1741" type="scavenge" contextid="0" timestamp="2024-07-17T20:35:56.619" intervalms="47.232" />
<gc-start id="1742" type="scavenge" contextid="1741" timestamp="2024-07-17T20:35:56.620">
  <mem-info id="1743" free="8672800" total="87031808" percent="9">
    <mem type="nursery" free="0" total="34734080" percent="0">
      <mem type="allocate" free="0" total="25362432" percent="0" />
      <mem type="survivor" free="0" total="9371648" percent="0" />
    </mem>
    <mem type="tenure" free="8672800" total="52297728" percent="16">
      <mem type="soa" free="6057504" total="49682432" percent="12" />
      <mem type="loa" free="2615296" total="2615296" percent="100" />
    </mem>
    <remembered-set count="2724" />
  </mem-info>
</gc-start>
<allocation-stats totalBytes="19769616" discardedBytes="62592" >
  <allocated-bytes non-tlh="2067448" tlh="17702168" />
  <largest-consumer threadName="Default Executor-thread-3" threadId="0000000000829400" bytes="5552088" />
</allocation-stats>
<gc-op id="1744" type="scavenge" timems="5.678" contextid="1741" timestamp="2024-07-17T20:35:56.626">
  <scavenger-info tenureage="3" tenuremask="7fc8" tiltratio="73" />
  <memory-copied type="nursery" objects="92815" bytes="7766480" bytesdiscarded="375072" />
  <memory-copied type="tenure" objects="14507" bytes="1413648" bytesdiscarded="472" />
  <finalization candidates="608" enqueued="584" />
  <ownableSynchronizers candidates="286" cleared="4" />
  <references type="soft" candidates="191" cleared="0" enqueued="0" dynamicThreshold="9" maxThreshold="32" />
  <references type="weak" candidates="318" cleared="16" enqueued="16" />
  <references type="phantom" candidates="131" cleared="22" enqueued="22" />
  <object-monitors candidates="146" cleared="0"  />
</gc-op>
<heap-resize id="1745" type="expand" space="nursery" amount="2228224" count="1" timems="0.032" reason="excessive time being spent scavenging" timestamp="2024-07-17T20:35:56.626" />
<gc-end id="1746" type="scavenge" contextid="1741" durationms="6.597" usertimems="22.805" systemtimems="4.964" stalltimems="17.733" timestamp="2024-07-17T20:35:56.626" activeThreads="8">
  <mem-info id="1747" free="23831976" total="89260032" percent="26">
    <mem type="nursery" free="16757952" total="36962304" percent="45">
      <mem type="allocate" free="16757952" total="24903680" percent="67" />
      <mem type="survivor" free="0" total="12058624" percent="0" />
    </mem>
    <mem type="tenure" free="7074024" total="52297728" percent="13">
      <mem type="soa" free="4458728" total="49682432" percent="8" />
      <mem type="loa" free="2615296" total="2615296" percent="100" />
    </mem>
    <pending-finalizers system="0" default="584" reference="38" classloader="0" />
    <remembered-set count="1251" />
  </mem-info>
</gc-end>
<cycle-end id="1748" type="scavenge" contextid="1741" timestamp="2024-07-17T20:35:56.627" />
<allocation-satisfied id="1749" threadId="00000000013F5400" bytesRequested="24" />
<af-end id="1750" timestamp="2024-07-17T20:35:56.627" threadId="00000000013F5E38" success="true" from="nursery"/>
<exclusive-end id="1751" timestamp="2024-07-17T20:35:56.627" durationms="8.454" />

<concurrent-kickoff id="1752" timestamp="2024-07-17T20:35:56.648">
  <kickoff reason="threshold reached" targetBytes="25163564" thresholdFreeBytes="3460040"  remainingFree="3376264" tenureFreeBytes="7074024" nurseryFreeBytes="3376264" />
</concurrent-kickoff>
<exclusive-start id="1753" timestamp="2024-07-17T20:35:56.649" intervalms="30.109">
  <response-info timems="0.056" idlems="0.056" threads="0" lastid="00000000013F5400" lastname="ClassloaderMapProcessingThread-9" />
</exclusive-start>
<cycle-start id="1754" type="global" contextid="0" timestamp="2024-07-17T20:35:56.649" intervalms="645.256" />
<concurrent-start id="1755" type="global mark" contextid="1754" timestamp="2024-07-17T20:35:56.649">
</concurrent-start>
<exclusive-end id="1756" timestamp="2024-07-17T20:35:56.649" durationms="0.523" />

<concurrent-end id="1757" type="global mark" contextid="1754" timestamp="2024-07-17T20:35:56.685">
<gc-op id="1758" type="trace" timems="35.578" contextid="1754" timestamp="2024-07-17T20:35:56.685">
  <trace bytesTraced="27423940" workStackOverflowCount="0" />
  <card-cleaning reason="card cleaning threshold reached" bytesTraced="7132" cardsCleaned="17" />
</gc-op>
</concurrent-end>

<exclusive-start id="1759" timestamp="2024-07-17T20:35:56.685" intervalms="36.546">
  <response-info timems="0.305" idlems="0.173" threads="1" lastid="0000000000873C00" lastname="Default Executor-thread-13" />
</exclusive-start>
<af-start id="1760" threadId="000000000094D738" totalBytesRequested="5408" timestamp="2024-07-17T20:35:56.686" intervalms="66.580" type="nursery" />
<percolate-collect id="1761" from="nursery" to="global" reason="concurrent mark exhausted" timestamp="2024-07-17T20:35:56.686"/>
<gc-start id="1762" type="global" contextid="1754" timestamp="2024-07-17T20:35:56.686">
  <mem-info id="1763" free="7074024" total="89260032" percent="7">
    <mem type="nursery" free="0" total="36962304" percent="0">
      <mem type="allocate" free="0" total="24903680" percent="0" />
      <mem type="survivor" free="0" total="12058624" percent="0" />
    </mem>
    <mem type="tenure" free="7074024" total="52297728" percent="13">
      <mem type="soa" free="4458728" total="49682432" percent="8" />
      <mem type="loa" free="2615296" total="2615296" percent="100" />
    </mem>
    <remembered-set count="1264" />
  </mem-info>
</gc-start>
<allocation-stats totalBytes="16653712" discardedBytes="104240" >
  <allocated-bytes non-tlh="36920" tlh="16616792" />
  <largest-consumer threadName="Default Executor-thread-16" threadId="000000000094CD00" bytes="4568328" />
</allocation-stats>
<gc-op id="1764" type="rs-scan" timems="4.261" contextid="1754" timestamp="2024-07-17T20:35:56.691">
  <scan objectsFound="68105" bytesTraced="2204008" workStackOverflowCount="0" />
</gc-op>
<gc-op id="1765" type="card-cleaning" timems="0.857" contextid="1754" timestamp="2024-07-17T20:35:56.692">
  <card-cleaning cardsCleaned="2" bytesTraced="940" workStackOverflowCount="0" />
</gc-op>
<gc-op id="1766" type="mark" timems="12.550" contextid="1754" timestamp="2024-07-17T20:35:56.705">
  <trace-info objectcount="12359" scancount="9793" scanbytes="401892" />
  <finalization candidates="1390" enqueued="614" />
  <ownableSynchronizers candidates="7750" cleared="5" />
  <references type="soft" candidates="12294" cleared="2" enqueued="2" dynamicThreshold="9" maxThreshold="32" />
  <references type="weak" candidates="14599" cleared="2" enqueued="2" />
  <references type="phantom" candidates="435" cleared="0" enqueued="0" />
  <stringconstants candidates="37426" cleared="62"  />
  <object-monitors candidates="146" cleared="14"  />
</gc-op>
<gc-op id="1767" type="classunload" timems="1.698" contextid="1754" timestamp="2024-07-17T20:35:56.707">
  <classunload-info classloadercandidates="398" classloadersunloaded="1" classesunloaded="1" anonymousclassesunloaded="0" quiescems="0.000" setupms="1.633" scanms="0.048" postms="0.017" />
</gc-op>
<gc-op id="1768" type="sweep" timems="2.281" contextid="1754" timestamp="2024-07-17T20:35:56.710" />
<heap-resize id="1769" type="expand" space="tenure" amount="9764864" count="1" timems="0.703" reason="insufficient free space following gc" timestamp="2024-07-17T20:35:56.711" />
<gc-end id="1770" type="global" contextid="1754" durationms="24.621" usertimems="57.312" systemtimems="21.985" stalltimems="123.995" timestamp="2024-07-17T20:35:56.711" activeThreads="12">
  <mem-info id="1771" free="35252808" total="99024896" percent="35">
    <mem type="nursery" free="16587848" total="36962304" percent="44">
      <mem type="allocate" free="16587848" total="24903680" percent="66" />
      <mem type="survivor" free="0" total="12058624" percent="0" />
    </mem>
    <mem type="tenure" free="18664960" total="62062592" percent="30" micro-fragmented="1210222" macro-fragmented="0">
      <mem type="soa" free="15561216" total="58958848" percent="26" />
      <mem type="loa" free="3103744" total="3103744" percent="100" />
    </mem>
    <pending-finalizers system="0" default="614" reference="4" classloader="0" />
    <remembered-set count="1215" />
  </mem-info>
</gc-end>
<cycle-end id="1772" type="global" contextid="1754" timestamp="2024-07-17T20:35:56.711" />
<allocation-satisfied id="1773" threadId="000000000094CD00" bytesRequested="5408" />
<af-end id="1774" timestamp="2024-07-17T20:35:56.712" threadId="000000000094D738" success="true" from="nursery"/>
<exclusive-end id="1775" timestamp="2024-07-17T20:35:56.712" durationms="26.414" />

<exclusive-start id="1776" timestamp="2024-07-17T20:35:56.740" intervalms="54.496">
  <response-info timems="0.097" idlems="0.064" threads="2" lastid="00000000007BDD00" lastname="Default Executor-thread-5" />
</exclusive-start>
<af-start id="1777" threadId="000000000094D738" totalBytesRequested="56" timestamp="2024-07-17T20:35:56.740" intervalms="54.553" type="nursery" />
<cycle-start id="1778" type="scavenge" contextid="0" timestamp="2024-07-17T20:35:56.740" intervalms="121.127" />
<gc-start id="1779" type="scavenge" contextid="1778" timestamp="2024-07-17T20:35:56.741">
  <mem-info id="1780" free="18664960" total="99024896" percent="18">
    <mem type="nursery" free="0" total="36962304" percent="0">
      <mem type="allocate" free="0" total="24903680" percent="0" />
      <mem type="survivor" free="0" total="12058624" percent="0" />
    </mem>
    <mem type="tenure" free="18664960" total="62062592" percent="30">
      <mem type="soa" free="15561216" total="58958848" percent="26" />
      <mem type="loa" free="3103744" total="3103744" percent="100" />
    </mem>
    <remembered-set count="1227" />
  </mem-info>
</gc-start>
<allocation-stats totalBytes="16255704" discardedBytes="261592" >
  <allocated-bytes non-tlh="4065672" tlh="12190032" />
  <largest-consumer threadName="ClassloaderMapProcessingThread-9" threadId="00000000013F5400" bytes="4333984" />
</allocation-stats>
<gc-op id="1781" type="scavenge" timems="5.761" contextid="1778" timestamp="2024-07-17T20:35:56.747">
  <scavenger-info tenureage="3" tenuremask="7fe8" tiltratio="67" />
  <memory-copied type="nursery" objects="88004" bytes="7305448" bytesdiscarded="368664" />
  <memory-copied type="tenure" objects="14434" bytes="684768" bytesdiscarded="1712" />
  <finalization candidates="526" enqueued="502" />
  <ownableSynchronizers candidates="15338" cleared="15184" />
  <references type="weak" candidates="90" cleared="0" enqueued="0" />
  <references type="phantom" candidates="62" cleared="0" enqueued="0" />
  <object-monitors candidates="132" cleared="0"  />
</gc-op>
<gc-end id="1782" type="scavenge" contextid="1778" durationms="6.477" usertimems="0.000" systemtimems="32.894" stalltimems="12.604" timestamp="2024-07-17T20:35:56.747" activeThreads="8">
  <mem-info id="1783" free="36105616" total="99024896" percent="36">
    <mem type="nursery" free="18407344" total="36962304" percent="49">
      <mem type="allocate" free="18407344" total="26083328" percent="70" />
      <mem type="survivor" free="0" total="10878976" percent="0" />
    </mem>
    <mem type="tenure" free="17698272" total="62062592" percent="28">
      <mem type="soa" free="14594528" total="58958848" percent="24" />
      <mem type="loa" free="3103744" total="3103744" percent="100" />
    </mem>
    <pending-finalizers system="0" default="502" reference="0" classloader="0" />
    <remembered-set count="570" />
  </mem-info>
</gc-end>
<cycle-end id="1784" type="scavenge" contextid="1778" timestamp="2024-07-17T20:35:56.748" />
<allocation-satisfied id="1785" threadId="000000000094CD00" bytesRequested="56" />
<af-end id="1786" timestamp="2024-07-17T20:35:56.748" threadId="000000000094D738" success="true" from="nursery"/>
<exclusive-end id="1787" timestamp="2024-07-17T20:35:56.748" durationms="8.357" />

<exclusive-start id="1788" timestamp="2024-07-17T20:35:56.771" intervalms="31.021">
  <response-info timems="0.096" idlems="0.073" threads="3" lastid="0000000000873C00" lastname="Default Executor-thread-13" />
</exclusive-start>
<af-start id="1789" threadId="000000000094D738" totalBytesRequested="31832" timestamp="2024-07-17T20:35:56.771" intervalms="31.076" type="nursery" />
<cycle-start id="1790" type="scavenge" contextid="0" timestamp="2024-07-17T20:35:56.772" intervalms="31.094" />
<gc-start id="1791" type="scavenge" contextid="1790" timestamp="2024-07-17T20:35:56.772">
  <mem-info id="1792" free="17698208" total="99024896" percent="17">
    <mem type="nursery" free="0" total="36962304" percent="0">
      <mem type="allocate" free="0" total="26083328" percent="0" />
      <mem type="survivor" free="0" total="10878976" percent="0" />
    </mem>
    <mem type="tenure" free="17698208" total="62062592" percent="28">
      <mem type="soa" free="14594464" total="58958848" percent="24" />
      <mem type="loa" free="3103744" total="3103744" percent="100" />
    </mem>
    <remembered-set count="576" />
  </mem-info>
</gc-start>
<allocation-stats totalBytes="18276128" discardedBytes="131280" >
  <allocated-bytes non-tlh="1860808" tlh="16415320" />
  <largest-consumer threadName="Default Executor-thread-16" threadId="000000000094CD00" bytes="5751088" />
</allocation-stats>
<gc-op id="1793" type="scavenge" timems="5.654" contextid="1790" timestamp="2024-07-17T20:35:56.778">
  <scavenger-info tenureage="5" tenuremask="7fe0" tiltratio="70" />
  <memory-copied type="nursery" objects="91757" bytes="7835480" bytesdiscarded="456400" />
  <finalization candidates="389" enqueued="371" />
  <ownableSynchronizers candidates="92" cleared="0" />
  <references type="weak" candidates="93" cleared="0" enqueued="0" />
  <references type="phantom" candidates="63" cleared="0" enqueued="0" />
  <object-monitors candidates="132" cleared="0"  />
</gc-op>
<heap-resize id="1794" type="expand" space="nursery" amount="4063232" count="1" timems="0.031" reason="excessive time being spent scavenging" timestamp="2024-07-17T20:35:56.778" />
<gc-end id="1795" type="scavenge" contextid="1790" durationms="6.565" usertimems="24.640" systemtimems="2.525" stalltimems="22.806" timestamp="2024-07-17T20:35:56.779" activeThreads="9">
  <mem-info id="1796" free="39354248" total="103088128" percent="38">
    <mem type="nursery" free="21656040" total="41025536" percent="52">
      <mem type="allocate" free="21656040" total="29949952" percent="72" />
      <mem type="survivor" free="0" total="11075584" percent="0" />
    </mem>
    <mem type="tenure" free="17698208" total="62062592" percent="28">
      <mem type="soa" free="14594464" total="58958848" percent="24" />
      <mem type="loa" free="3103744" total="3103744" percent="100" />
    </mem>
    <pending-finalizers system="0" default="371" reference="0" classloader="0" />
    <remembered-set count="563" />
  </mem-info>
</gc-end>
<cycle-end id="1797" type="scavenge" contextid="1790" timestamp="2024-07-17T20:35:56.779" />
<allocation-satisfied id="1798" threadId="000000000094CD00" bytesRequested="31832" />
<af-end id="1799" timestamp="2024-07-17T20:35:56.779" threadId="000000000094D738" success="true" from="nursery"/>
<exclusive-end id="1800" timestamp="2024-07-17T20:35:56.779" durationms="8.507" />

<exclusive-start id="1801" timestamp="2024-07-17T20:35:56.803" intervalms="32.084">
  <response-info timems="0.075" idlems="0.062" threads="1" lastid="0000000000873C00" lastname="Default Executor-thread-13" />
</exclusive-start>
<af-start id="1802" threadId="00000000013F5E38" totalBytesRequested="24" timestamp="2024-07-17T20:35:56.803" intervalms="32.001" type="nursery" />
<cycle-start id="1803" type="scavenge" contextid="0" timestamp="2024-07-17T20:35:56.804" intervalms="31.930" />
<gc-start id="1804" type="scavenge" contextid="1803" timestamp="2024-07-17T20:35:56.804">
  <mem-info id="1805" free="17698208" total="103088128" percent="17">
    <mem type="nursery" free="0" total="41025536" percent="0">
      <mem type="allocate" free="0" total="29949952" percent="0" />
      <mem type="survivor" free="0" total="11075584" percent="0" />
    </mem>
    <mem type="tenure" free="17698208" total="62062592" percent="28">
      <mem type="soa" free="14594464" total="58958848" percent="24" />
      <mem type="loa" free="3103744" total="3103744" percent="100" />
    </mem>
    <remembered-set count="566" />
  </mem-info>
</gc-start>
<allocation-stats totalBytes="21635944" discardedBytes="20096" >
  <allocated-bytes non-tlh="828320" tlh="20807624" />
  <largest-consumer threadName="Default Executor-thread-3" threadId="0000000000829400" bytes="6022960" />
</allocation-stats>
<gc-op id="1806" type="scavenge" timems="6.716" contextid="1803" timestamp="2024-07-17T20:35:56.811">
  <scavenger-info tenureage="3" tenuremask="7ff8" tiltratio="73" />
  <memory-copied type="nursery" objects="28800" bytes="4424792" bytesdiscarded="322144" />
  <memory-copied type="tenure" objects="67655" bytes="4644728" bytesdiscarded="1264" />
  <finalization candidates="459" enqueued="441" />
  <ownableSynchronizers candidates="92" cleared="0" />
  <references type="weak" candidates="9" cleared="0" enqueued="0" />
  <references type="phantom" candidates="9" cleared="0" enqueued="0" />
  <object-monitors candidates="132" cleared="0"  />
</gc-op>
<heap-resize id="1807" type="expand" space="nursery" amount="4456448" count="1" timems="0.027" reason="excessive time being spent scavenging" timestamp="2024-07-17T20:35:56.811" />
<gc-end id="1808" type="scavenge" contextid="1803" durationms="7.545" usertimems="29.955" systemtimems="3.443" stalltimems="15.890" timestamp="2024-07-17T20:35:56.811" activeThreads="8">
  <mem-info id="1809" free="42795112" total="107544576" percent="39">
    <mem type="nursery" free="29920896" total="45481984" percent="65">
      <mem type="allocate" free="29920896" total="34668544" percent="86" />
      <mem type="survivor" free="0" total="10813440" percent="0" />
    </mem>
    <mem type="tenure" free="12874216" total="62062592" percent="20">
      <mem type="soa" free="9770472" total="58958848" percent="16" />
      <mem type="loa" free="3103744" total="3103744" percent="100" />
    </mem>
    <pending-finalizers system="0" default="441" reference="0" classloader="0" />
    <remembered-set count="4008" />
  </mem-info>
</gc-end>
<cycle-end id="1810" type="scavenge" contextid="1803" timestamp="2024-07-17T20:35:56.812" />
<allocation-satisfied id="1811" threadId="00000000013F5400" bytesRequested="24" />
<af-end id="1812" timestamp="2024-07-17T20:35:56.812" threadId="00000000013F5E38" success="true" from="nursery"/>
<exclusive-end id="1813" timestamp="2024-07-17T20:35:56.812" durationms="9.141" />

<exclusive-start id="1814" timestamp="2024-07-17T20:35:56.844" intervalms="40.577">
  <response-info timems="0.260" idlems="0.155" threads="1" lastid="000000000094CD00" lastname="Default Executor-thread-16" />
</exclusive-start>
<af-start id="1815" threadId="0000000000874638" totalBytesRequested="2608" timestamp="2024-07-17T20:35:56.844" intervalms="40.667" type="nursery" />
<cycle-start id="1816" type="scavenge" contextid="0" timestamp="2024-07-17T20:35:56.844" intervalms="40.765" />
<gc-start id="1817" type="scavenge" contextid="1816" timestamp="2024-07-17T20:35:56.845">
  <mem-info id="1818" free="12873856" total="107544576" percent="11">
    <mem type="nursery" free="0" total="45481984" percent="0">
      <mem type="allocate" free="0" total="34668544" percent="0" />
      <mem type="survivor" free="0" total="10813440" percent="0" />
    </mem>
    <mem type="tenure" free="12873856" total="62062592" percent="20">
      <mem type="soa" free="9770112" total="58958848" percent="16" />
      <mem type="loa" free="3103744" total="3103744" percent="100" />
    </mem>
    <remembered-set count="4207" />
  </mem-info>
</gc-start>
<allocation-stats totalBytes="29821512" discardedBytes="99744" >
  <allocated-bytes non-tlh="189048" tlh="29632464" />
  <largest-consumer threadName="Default Executor-thread-3" threadId="0000000000829400" bytes="7283776" />
</allocation-stats>
<gc-op id="1819" type="scavenge" timems="4.827" contextid="1816" timestamp="2024-07-17T20:35:56.850">
  <scavenger-info tenureage="5" tenuremask="7fe0" tiltratio="76" />
  <memory-copied type="nursery" objects="36965" bytes="5501088" bytesdiscarded="356880" />
  <finalization candidates="589" enqueued="586" />
  <ownableSynchronizers candidates="68" cleared="36" />
  <references type="soft" candidates="1" cleared="0" enqueued="0" dynamicThreshold="9" maxThreshold="32" />
  <references type="weak" candidates="25" cleared="2" enqueued="2" />
  <references type="phantom" candidates="13" cleared="0" enqueued="0" />
  <object-monitors candidates="132" cleared="0"  />
</gc-op>
<heap-resize id="1820" type="expand" space="nursery" amount="3014656" count="1" timems="0.032" reason="excessive time being spent scavenging" timestamp="2024-07-17T20:35:56.850" />
<gc-end id="1821" type="scavenge" contextid="1816" durationms="5.751" usertimems="16.354" systemtimems="1.926" stalltimems="24.180" timestamp="2024-07-17T20:35:56.850" activeThreads="9">
  <mem-info id="1822" free="45484448" total="110559232" percent="41">
    <mem type="nursery" free="32610592" total="48496640" percent="67">
      <mem type="allocate" free="32610592" total="38469632" percent="84" />
      <mem type="survivor" free="0" total="10027008" percent="0" />
    </mem>
    <mem type="tenure" free="12873856" total="62062592" percent="20">
      <mem type="soa" free="9770112" total="58958848" percent="16" />
      <mem type="loa" free="3103744" total="3103744" percent="100" />
    </mem>
    <pending-finalizers system="0" default="586" reference="2" classloader="0" />
    <remembered-set count="4124" />
  </mem-info>
</gc-end>
<cycle-end id="1823" type="scavenge" contextid="1816" timestamp="2024-07-17T20:35:56.851" />
<allocation-satisfied id="1824" threadId="0000000000873C00" bytesRequested="2608" />
<af-end id="1825" timestamp="2024-07-17T20:35:56.851" threadId="0000000000874638" success="true" from="nursery"/>
<exclusive-end id="1826" timestamp="2024-07-17T20:35:56.851" durationms="7.606" />

<exclusive-start id="1827" timestamp="2024-07-17T20:35:56.884" intervalms="40.444">
  <response-info timems="0.067" idlems="0.067" threads="0" lastid="0000000000873C00" lastname="Default Executor-thread-13" />
</exclusive-start>
<af-start id="1828" threadId="0000000000874638" totalBytesRequested="18520" timestamp="2024-07-17T20:35:56.884" intervalms="40.409" type="nursery" />
<cycle-start id="1829" type="scavenge" contextid="0" timestamp="2024-07-17T20:35:56.885" intervalms="40.379" />
<gc-start id="1830" type="scavenge" contextid="1829" timestamp="2024-07-17T20:35:56.885">
  <mem-info id="1831" free="12870272" total="110559232" percent="11">
    <mem type="nursery" free="0" total="48496640" percent="0">
      <mem type="allocate" free="0" total="38469632" percent="0" />
      <mem type="survivor" free="0" total="10027008" percent="0" />
    </mem>
    <mem type="tenure" free="12870272" total="62062592" percent="20">
      <mem type="soa" free="9766528" total="58958848" percent="16" />
      <mem type="loa" free="3103744" total="3103744" percent="100" />
    </mem>
    <remembered-set count="4373" />
  </mem-info>
</gc-start>
<allocation-stats totalBytes="32527416" discardedBytes="86760" >
  <allocated-bytes non-tlh="611040" tlh="31916376" />
  <largest-consumer threadName="Default Executor-thread-16" threadId="000000000094CD00" bytes="8111424" />
</allocation-stats>
<gc-op id="1832" type="scavenge" timems="5.293" contextid="1829" timestamp="2024-07-17T20:35:56.891">
  <scavenger-info tenureage="4" tenuremask="7ff0" tiltratio="79" />
  <memory-copied type="nursery" objects="48675" bytes="5921496" bytesdiscarded="314488" />
  <memory-copied type="tenure" objects="13794" bytes="947856" bytesdiscarded="144" />
  <finalization candidates="695" enqueued="691" />
  <ownableSynchronizers candidates="50" cleared="11" />
  <references type="soft" candidates="3" cleared="0" enqueued="0" dynamicThreshold="9" maxThreshold="32" />
  <references type="weak" candidates="42" cleared="7" enqueued="7" />
  <references type="phantom" candidates="20" cleared="0" enqueued="0" />
  <object-monitors candidates="132" cleared="0"  />
</gc-op>
<heap-resize id="1833" type="expand" space="nursery" amount="3407872" count="1" timems="0.030" reason="excessive time being spent scavenging" timestamp="2024-07-17T20:35:56.891" />
<gc-end id="1834" type="scavenge" contextid="1829" durationms="6.271" usertimems="22.824" systemtimems="2.703" stalltimems="14.544" timestamp="2024-07-17T20:35:56.891" activeThreads="8">
  <mem-info id="1835" free="47954440" total="113967104" percent="42">
    <mem type="nursery" free="36033048" total="51904512" percent="69">
      <mem type="allocate" free="36033048" total="42270720" percent="85" />
      <mem type="survivor" free="0" total="9633792" percent="0" />
    </mem>
    <mem type="tenure" free="11921392" total="62062592" percent="19">
      <mem type="soa" free="8817648" total="58958848" percent="14" />
      <mem type="loa" free="3103744" total="3103744" percent="100" />
    </mem>
    <pending-finalizers system="0" default="691" reference="7" classloader="0" />
    <remembered-set count="2407" />
  </mem-info>
</gc-end>
<cycle-end id="1836" type="scavenge" contextid="1829" timestamp="2024-07-17T20:35:56.892" />
<allocation-satisfied id="1837" threadId="0000000000873C00" bytesRequested="18520" />
<af-end id="1838" timestamp="2024-07-17T20:35:56.892" threadId="0000000000874638" success="true" from="nursery"/>
<exclusive-end id="1839" timestamp="2024-07-17T20:35:56.892" durationms="8.153" />

<exclusive-start id="1840" timestamp="2024-07-17T20:35:56.940" intervalms="56.147">
  <response-info timems="0.158" idlems="0.093" threads="2" lastid="000000000094CD00" lastname="Default Executor-thread-16" />
</exclusive-start>
<af-start id="1841" threadId="0000000000874638" totalBytesRequested="1296" timestamp="2024-07-17T20:35:56.941" intervalms="56.212" type="nursery" />
<cycle-start id="1842" type="scavenge" contextid="0" timestamp="2024-07-17T20:35:56.941" intervalms="56.310" />
<gc-start id="1843" type="scavenge" contextid="1842" timestamp="2024-07-17T20:35:56.941">
  <mem-info id="1844" free="11921392" total="113967104" percent="10">
    <mem type="nursery" free="0" total="51904512" percent="0">
      <mem type="allocate" free="0" total="42270720" percent="0" />
      <mem type="survivor" free="0" total="9633792" percent="0" />
    </mem>
    <mem type="tenure" free="11921392" total="62062592" percent="19">
      <mem type="soa" free="8817648" total="58958848" percent="14" />
      <mem type="loa" free="3103744" total="3103744" percent="100" />
    </mem>
    <remembered-set count="3374" />
  </mem-info>
</gc-start>
<allocation-stats totalBytes="35987576" discardedBytes="45472" >
  <allocated-bytes non-tlh="491160" tlh="35496416" />
  <largest-consumer threadName="Default Executor-thread-13" threadId="0000000000873C00" bytes="8060728" />
</allocation-stats>
<gc-op id="1845" type="scavenge" timems="4.693" contextid="1842" timestamp="2024-07-17T20:35:56.947">
  <scavenger-info tenureage="5" tenuremask="7fe0" tiltratio="81" />
  <memory-copied type="nursery" objects="65225" bytes="6403624" bytesdiscarded="374656" />
  <finalization candidates="720" enqueued="717" />
  <ownableSynchronizers candidates="37" cleared="0" />
  <references type="soft" candidates="3" cleared="0" enqueued="0" dynamicThreshold="9" maxThreshold="32" />
  <references type="weak" candidates="38" cleared="1" enqueued="1" />
  <references type="phantom" candidates="36" cleared="10" enqueued="10" />
  <object-monitors candidates="132" cleared="0"  />
</gc-op>
<heap-resize id="1846" type="expand" space="nursery" amount="2359296" count="1" timems="0.046" reason="excessive time being spent scavenging" timestamp="2024-07-17T20:35:56.947" />
<gc-end id="1847" type="scavenge" contextid="1842" durationms="5.786" usertimems="22.604" systemtimems="0.000" stalltimems="14.654" timestamp="2024-07-17T20:35:56.947" activeThreads="8">
  <mem-info id="1848" free="50227808" total="116326400" percent="43">
    <mem type="nursery" free="38306416" total="54263808" percent="70">
      <mem type="allocate" free="38306416" total="45088768" percent="84" />
      <mem type="survivor" free="0" total="9175040" percent="0" />
    </mem>
    <mem type="tenure" free="11921392" total="62062592" percent="19">
      <mem type="soa" free="8817648" total="58958848" percent="14" />
      <mem type="loa" free="3103744" total="3103744" percent="100" />
    </mem>
    <pending-finalizers system="0" default="717" reference="11" classloader="0" />
    <remembered-set count="2932" />
  </mem-info>
</gc-end>
<cycle-end id="1849" type="scavenge" contextid="1842" timestamp="2024-07-17T20:35:56.948" />
<allocation-satisfied id="1850" threadId="0000000000873C00" bytesRequested="1296" />
<af-end id="1851" timestamp="2024-07-17T20:35:56.948" threadId="0000000000874638" success="true" from="nursery"/>
<exclusive-end id="1852" timestamp="2024-07-17T20:35:56.948" durationms="7.881" />

<exclusive-start id="1853" timestamp="2024-07-17T20:35:56.986" intervalms="45.903">
  <response-info timems="0.102" idlems="0.102" threads="0" lastid="00000000013F5400" lastname="ClassloaderMapProcessingThread-9" />
</exclusive-start>
<af-start id="1854" threadId="00000000013F5E38" totalBytesRequested="48" timestamp="2024-07-17T20:35:56.986" intervalms="45.908" type="nursery" />
<cycle-start id="1855" type="scavenge" contextid="0" timestamp="2024-07-17T20:35:56.987" intervalms="45.868" />
<gc-start id="1856" type="scavenge" contextid="1855" timestamp="2024-07-17T20:35:56.987">
  <mem-info id="1857" free="11921392" total="116326400" percent="10">
    <mem type="nursery" free="0" total="54263808" percent="0">
      <mem type="allocate" free="0" total="45088768" percent="0" />
      <mem type="survivor" free="0" total="9175040" percent="0" />
    </mem>
    <mem type="tenure" free="11921392" total="62062592" percent="19">
      <mem type="soa" free="8817648" total="58958848" percent="14" />
      <mem type="loa" free="3103744" total="3103744" percent="100" />
    </mem>
    <remembered-set count="3611" />
  </mem-info>
</gc-start>
<allocation-stats totalBytes="38270344" discardedBytes="36072" >
  <allocated-bytes non-tlh="187992" tlh="38082352" />
  <largest-consumer threadName="Default Executor-thread-13" threadId="0000000000873C00" bytes="8943224" />
</allocation-stats>
<gc-op id="1858" type="scavenge" timems="10.446" contextid="1855" timestamp="2024-07-17T20:35:56.998">
  <scavenger-info tenureage="5" tenuremask="7fe0" tiltratio="83" />
  <memory-copied type="nursery" objects="67899" bytes="7879840" bytesdiscarded="389456" />
  <memory-copied type="tenure" objects="4774" bytes="304704" bytesdiscarded="800" />
  <finalization candidates="773" enqueued="771" />
  <ownableSynchronizers candidates="37" cleared="0" />
  <references type="soft" candidates="3" cleared="0" enqueued="0" dynamicThreshold="9" maxThreshold="32" />
  <references type="weak" candidates="38" cleared="0" enqueued="0" />
  <references type="phantom" candidates="69" cleared="0" enqueued="0" />
  <object-monitors candidates="132" cleared="0"  />
</gc-op>
<heap-resize id="1859" type="expand" space="nursery" amount="5767168" count="1" timems="0.063" reason="excessive time being spent scavenging" timestamp="2024-07-17T20:35:56.999" />
<gc-end id="1860" type="scavenge" contextid="1855" durationms="12.461" usertimems="44.989" systemtimems="14.069" stalltimems="33.913" timestamp="2024-07-17T20:35:57.000" activeThreads="8">
  <mem-info id="1861" free="51434496" total="122093568" percent="42">
    <mem type="nursery" free="40160424" total="60030976" percent="66">
      <mem type="allocate" free="40160424" total="48431104" percent="82" />
      <mem type="survivor" free="0" total="11599872" percent="0" />
    </mem>
    <mem type="tenure" free="11274072" total="62062592" percent="18">
      <mem type="soa" free="8170328" total="58958848" percent="13" />
      <mem type="loa" free="3103744" total="3103744" percent="100" />
    </mem>
    <pending-finalizers system="0" default="771" reference="0" classloader="0" />
    <remembered-set count="2955" />
  </mem-info>
</gc-end>
<cycle-end id="1862" type="scavenge" contextid="1855" timestamp="2024-07-17T20:35:57.000" />
<allocation-satisfied id="1863" threadId="00000000013F5400" bytesRequested="48" />
<af-end id="1864" timestamp="2024-07-17T20:35:57.001" threadId="00000000013F5E38" success="true" from="nursery"/>
<exclusive-end id="1865" timestamp="2024-07-17T20:35:57.002" durationms="15.843" />

<exclusive-start id="1866" timestamp="2024-07-17T20:35:57.054" intervalms="68.202">
  <response-info timems="0.055" idlems="0.048" threads="2" lastid="000000000094CD00" lastname="Default Executor-thread-16" />
</exclusive-start>
<af-start id="1867" threadId="0000000000829E38" totalBytesRequested="6440" timestamp="2024-07-17T20:35:57.055" intervalms="68.087" type="nursery" />
<cycle-start id="1868" type="scavenge" contextid="0" timestamp="2024-07-17T20:35:57.055" intervalms="67.986" />
<gc-start id="1869" type="scavenge" contextid="1868" timestamp="2024-07-17T20:35:57.055">
  <mem-info id="1870" free="11274072" total="122093568" percent="9">
    <mem type="nursery" free="0" total="60030976" percent="0">
      <mem type="allocate" free="0" total="48431104" percent="0" />
      <mem type="survivor" free="0" total="11599872" percent="0" />
    </mem>
    <mem type="tenure" free="11274072" total="62062592" percent="18">
      <mem type="soa" free="8170328" total="58958848" percent="13" />
      <mem type="loa" free="3103744" total="3103744" percent="100" />
    </mem>
    <remembered-set count="3284" />
  </mem-info>
</gc-start>
<allocation-stats totalBytes="40016016" discardedBytes="144408" >
  <allocated-bytes non-tlh="48" tlh="40015968" />
  <largest-consumer threadName="Default Executor-thread-3" threadId="0000000000829400" bytes="9507360" />
</allocation-stats>
<gc-op id="1871" type="scavenge" timems="5.050" contextid="1868" timestamp="2024-07-17T20:35:57.061">
  <scavenger-info tenureage="5" tenuremask="7fe0" tiltratio="80" />
  <memory-copied type="nursery" objects="75586" bytes="8443000" bytesdiscarded="211584" />
  <memory-copied type="tenure" objects="4026" bytes="200976" bytesdiscarded="16" />
  <finalization candidates="1012" enqueued="1009" />
  <ownableSynchronizers candidates="39" cleared="0" />
  <references type="soft" candidates="3" cleared="0" enqueued="0" dynamicThreshold="9" maxThreshold="32" />
  <references type="weak" candidates="37" cleared="0" enqueued="0" />
  <references type="phantom" candidates="113" cleared="0" enqueued="0" />
  <object-monitors candidates="132" cleared="0"  />
</gc-op>
<heap-resize id="1872" type="expand" space="nursery" amount="2490368" count="1" timems="0.041" reason="excessive time being spent scavenging" timestamp="2024-07-17T20:35:57.061" />
<gc-end id="1873" type="scavenge" contextid="1868" durationms="6.469" usertimems="21.793" systemtimems="2.592" stalltimems="15.919" timestamp="2024-07-17T20:35:57.062" activeThreads="8">
  <mem-info id="1874" free="53820920" total="124583936" percent="43">
    <mem type="nursery" free="42918560" total="62521344" percent="68">
      <mem type="allocate" free="42918560" total="51576832" percent="83" />
      <mem type="survivor" free="0" total="10944512" percent="0" />
    </mem>
    <mem type="tenure" free="10902360" total="62062592" percent="17">
      <mem type="soa" free="7798616" total="58958848" percent="13" />
      <mem type="loa" free="3103744" total="3103744" percent="100" />
    </mem>
    <pending-finalizers system="0" default="1009" reference="0" classloader="0" />
    <remembered-set count="2516" />
  </mem-info>
</gc-end>
<cycle-end id="1875" type="scavenge" contextid="1868" timestamp="2024-07-17T20:35:57.062" />
<allocation-satisfied id="1876" threadId="0000000000829400" bytesRequested="6440" />
<af-end id="1877" timestamp="2024-07-17T20:35:57.063" threadId="0000000000829E38" success="true" from="nursery"/>
<exclusive-end id="1878" timestamp="2024-07-17T20:35:57.063" durationms="8.452" />

<exclusive-start id="1879" timestamp="2024-07-17T20:35:57.097" intervalms="42.283">
  <response-info timems="0.058" idlems="0.036" threads="1" lastid="00000000007BDD00" lastname="Default Executor-thread-5" />
</exclusive-start>
<af-start id="1880" threadId="0000000000874638" totalBytesRequested="56" timestamp="2024-07-17T20:35:57.097" intervalms="42.305" type="nursery" />
<cycle-start id="1881" type="scavenge" contextid="0" timestamp="2024-07-17T20:35:57.097" intervalms="42.354" />
<gc-start id="1882" type="scavenge" contextid="1881" timestamp="2024-07-17T20:35:57.098">
  <mem-info id="1883" free="10896848" total="124583936" percent="8">
    <mem type="nursery" free="0" total="62521344" percent="0">
      <mem type="allocate" free="0" total="51576832" percent="0" />
      <mem type="survivor" free="0" total="10944512" percent="0" />
    </mem>
    <mem type="tenure" free="10896848" total="62062592" percent="17">
      <mem type="soa" free="7793104" total="58958848" percent="13" />
      <mem type="loa" free="3103744" total="3103744" percent="100" />
    </mem>
    <remembered-set count="3049" />
  </mem-info>
</gc-start>
<allocation-stats totalBytes="42867456" discardedBytes="56616" >
  <allocated-bytes non-tlh="212360" tlh="42655096" />
  <largest-consumer threadName="Default Executor-thread-16" threadId="000000000094CD00" bytes="10218880" />
</allocation-stats>
<gc-op id="1884" type="scavenge" timems="5.869" contextid="1881" timestamp="2024-07-17T20:35:57.104">
  <scavenger-info tenureage="5" tenuremask="7fe0" tiltratio="82" />
  <memory-copied type="nursery" objects="57545" bytes="8977664" bytesdiscarded="334952" />
  <memory-copied type="tenure" objects="6164" bytes="262888" bytesdiscarded="24" />
  <finalization candidates="975" enqueued="972" />
  <ownableSynchronizers candidates="62" cleared="7" />
  <references type="soft" candidates="4" cleared="0" enqueued="0" dynamicThreshold="9" maxThreshold="32" />
  <references type="weak" candidates="90" cleared="50" enqueued="50" />
  <references type="phantom" candidates="125" cleared="2" enqueued="2" />
  <object-monitors candidates="132" cleared="0"  />
</gc-op>
<heap-resize id="1885" type="expand" space="nursery" amount="4718592" count="1" timems="0.032" reason="excessive time being spent scavenging" timestamp="2024-07-17T20:35:57.105" />
<gc-end id="1886" type="scavenge" contextid="1881" durationms="6.816" usertimems="24.540" systemtimems="5.754" stalltimems="16.600" timestamp="2024-07-17T20:35:57.105" activeThreads="8">
  <mem-info id="1887" free="56895184" total="129302528" percent="44">
    <mem type="nursery" free="46129664" total="67239936" percent="68">
      <mem type="allocate" free="46129664" total="55443456" percent="83" />
      <mem type="survivor" free="0" total="11796480" percent="0" />
    </mem>
    <mem type="tenure" free="10765520" total="62062592" percent="17">
      <mem type="soa" free="7661776" total="58958848" percent="12" />
      <mem type="loa" free="3103744" total="3103744" percent="100" />
    </mem>
    <pending-finalizers system="5" default="967" reference="52" classloader="0" />
    <remembered-set count="3057" />
  </mem-info>
</gc-end>
<cycle-end id="1888" type="scavenge" contextid="1881" timestamp="2024-07-17T20:35:57.105" />
<allocation-satisfied id="1889" threadId="0000000000873C00" bytesRequested="56" />
<af-end id="1890" timestamp="2024-07-17T20:35:57.106" threadId="0000000000874638" success="true" from="nursery"/>
<exclusive-end id="1891" timestamp="2024-07-17T20:35:57.106" durationms="9.244" />

<exclusive-start id="1892" timestamp="2024-07-17T20:35:57.147" intervalms="50.361">
  <response-info timems="0.085" idlems="0.085" threads="0" lastid="0000000000829400" lastname="Default Executor-thread-3" />
</exclusive-start>
<af-start id="1893" threadId="0000000000829E38" totalBytesRequested="3272" timestamp="2024-07-17T20:35:57.147" intervalms="50.403" type="nursery" />
<cycle-start id="1894" type="scavenge" contextid="0" timestamp="2024-07-17T20:35:57.148" intervalms="50.398" />
<gc-start id="1895" type="scavenge" contextid="1894" timestamp="2024-07-17T20:35:57.148">
  <mem-info id="1896" free="10744632" total="129302528" percent="8">
    <mem type="nursery" free="0" total="67239936" percent="0">
      <mem type="allocate" free="0" total="55443456" percent="0" />
      <mem type="survivor" free="0" total="11796480" percent="0" />
    </mem>
    <mem type="tenure" free="10744632" total="62062592" percent="17">
      <mem type="soa" free="7640888" total="58958848" percent="12" />
      <mem type="loa" free="3103744" total="3103744" percent="100" />
    </mem>
    <remembered-set count="3632" />
  </mem-info>
</gc-start>
<allocation-stats totalBytes="46045664" discardedBytes="104888" >
  <allocated-bytes non-tlh="352064" tlh="45693600" />
  <largest-consumer threadName="Default Executor-thread-16" threadId="000000000094CD00" bytes="10977032" />
</allocation-stats>
<gc-op id="1897" type="scavenge" timems="6.552" contextid="1894" timestamp="2024-07-17T20:35:57.155">
  <scavenger-info tenureage="5" tenuremask="7fe0" tiltratio="82" />
  <memory-copied type="nursery" objects="79664" bytes="9925192" bytesdiscarded="579336" />
  <memory-copied type="tenure" objects="7216" bytes="375632" bytesdiscarded="216" />
  <finalization candidates="1311" enqueued="1298" />
  <ownableSynchronizers candidates="26" cleared="0" />
  <references type="soft" candidates="6" cleared="0" enqueued="0" dynamicThreshold="9" maxThreshold="32" />
  <references type="weak" candidates="84" cleared="54" enqueued="54" />
  <references type="phantom" candidates="168" cleared="36" enqueued="36" />
  <object-monitors candidates="132" cleared="0"  />
</gc-op>
<heap-resize id="1898" type="expand" space="nursery" amount="4587520" count="1" timems="0.028" reason="excessive time being spent scavenging" timestamp="2024-07-17T20:35:57.155" />
<gc-end id="1899" type="scavenge" contextid="1894" durationms="7.519" usertimems="19.502" systemtimems="12.211" stalltimems="20.422" timestamp="2024-07-17T20:35:57.156" activeThreads="8">
  <mem-info id="1900" free="58551128" total="133890048" percent="43">
    <mem type="nursery" free="48147488" total="71827456" percent="67">
      <mem type="allocate" free="48147488" total="58654720" percent="82" />
      <mem type="survivor" free="0" total="13172736" percent="0" />
    </mem>
    <mem type="tenure" free="10403640" total="62062592" percent="16">
      <mem type="soa" free="7299896" total="58958848" percent="12" />
      <mem type="loa" free="3103744" total="3103744" percent="100" />
    </mem>
    <pending-finalizers system="5" default="1293" reference="90" classloader="0" />
    <remembered-set count="3382" />
  </mem-info>
</gc-end>
<cycle-end id="1901" type="scavenge" contextid="1894" timestamp="2024-07-17T20:35:57.156" />
<allocation-satisfied id="1902" threadId="0000000000829400" bytesRequested="3272" />
<af-end id="1903" timestamp="2024-07-17T20:35:57.156" threadId="0000000000829E38" success="true" from="nursery"/>
<exclusive-end id="1904" timestamp="2024-07-17T20:35:57.156" durationms="9.395" />

<exclusive-start id="1905" timestamp="2024-07-17T20:35:57.192" intervalms="45.271">
  <response-info timems="0.075" idlems="0.075" threads="0" lastid="0000000000829400" lastname="Default Executor-thread-3" />
</exclusive-start>
<af-start id="1906" threadId="0000000000829E38" totalBytesRequested="40" timestamp="2024-07-17T20:35:57.193" intervalms="45.304" type="nursery" />
<cycle-start id="1907" type="scavenge" contextid="0" timestamp="2024-07-17T20:35:57.193" intervalms="45.265" />
<gc-start id="1908" type="scavenge" contextid="1907" timestamp="2024-07-17T20:35:57.193">
  <mem-info id="1909" free="10389440" total="133890048" percent="7">
    <mem type="nursery" free="0" total="71827456" percent="0">
      <mem type="allocate" free="0" total="58654720" percent="0" />
      <mem type="survivor" free="0" total="13172736" percent="0" />
    </mem>
    <mem type="tenure" free="10389440" total="62062592" percent="16">
      <mem type="soa" free="7285696" total="58958848" percent="12" />
      <mem type="loa" free="3103744" total="3103744" percent="100" />
    </mem>
    <remembered-set count="4201" />
  </mem-info>
</gc-start>
<allocation-stats totalBytes="48130304" discardedBytes="31384" >
  <allocated-bytes non-tlh="212864" tlh="47917440" />
  <largest-consumer threadName="Default Executor-thread-3" threadId="0000000000829400" bytes="12164520" />
</allocation-stats>
<gc-op id="1910" type="scavenge" timems="6.791" contextid="1907" timestamp="2024-07-17T20:35:57.200">
  <scavenger-info tenureage="5" tenuremask="7fe0" tiltratio="81" />
  <memory-copied type="nursery" objects="92330" bytes="10498744" bytesdiscarded="396560" />
  <memory-copied type="tenure" objects="12950" bytes="1170616" bytesdiscarded="1248" />
  <finalization candidates="1212" enqueued="1186" />
  <ownableSynchronizers candidates="25" cleared="2" />
  <references type="soft" candidates="42" cleared="0" enqueued="0" dynamicThreshold="9" maxThreshold="32" />
  <references type="weak" candidates="143" cleared="68" enqueued="68" />
  <references type="phantom" candidates="175" cleared="48" enqueued="48" />
  <object-monitors candidates="132" cleared="0"  />
</gc-op>
<heap-resize id="1911" type="expand" space="nursery" amount="5505024" count="1" timems="0.042" reason="excessive time being spent scavenging" timestamp="2024-07-17T20:35:57.201" />
<gc-end id="1912" type="scavenge" contextid="1907" durationms="7.723" usertimems="41.015" systemtimems="4.871" stalltimems="16.378" timestamp="2024-07-17T20:35:57.201" activeThreads="8">
  <mem-info id="1913" free="61890120" total="139395072" percent="44">
    <mem type="nursery" free="52671224" total="77332480" percent="68">
      <mem type="allocate" free="52671224" total="63569920" percent="82" />
      <mem type="survivor" free="0" total="13762560" percent="0" />
    </mem>
    <mem type="tenure" free="9218896" total="62062592" percent="14">
      <mem type="soa" free="6115152" total="58958848" percent="10" />
      <mem type="loa" free="3103744" total="3103744" percent="100" />
    </mem>
    <pending-finalizers system="43" default="1143" reference="116" classloader="0" />
    <remembered-set count="2596" />
  </mem-info>
</gc-end>
<cycle-end id="1914" type="scavenge" contextid="1907" timestamp="2024-07-17T20:35:57.201" />
<allocation-satisfied id="1915" threadId="0000000000829400" bytesRequested="40" />
<af-end id="1916" timestamp="2024-07-17T20:35:57.202" threadId="0000000000829E38" success="true" from="nursery"/>
<exclusive-end id="1917" timestamp="2024-07-17T20:35:57.202" durationms="9.536" />

<exclusive-start id="1918" timestamp="2024-07-17T20:35:57.236" intervalms="43.854">
  <response-info timems="0.074" idlems="0.059" threads="1" lastid="0000000000829400" lastname="Default Executor-thread-3" />
</exclusive-start>
<af-start id="1919" threadId="000000000094D738" totalBytesRequested="28920" timestamp="2024-07-17T20:35:57.236" intervalms="43.789" type="nursery" />
<cycle-start id="1920" type="scavenge" contextid="0" timestamp="2024-07-17T20:35:57.237" intervalms="43.812" />
<gc-start id="1921" type="scavenge" contextid="1920" timestamp="2024-07-17T20:35:57.237">
  <mem-info id="1922" free="9213608" total="139395072" percent="6">
    <mem type="nursery" free="0" total="77332480" percent="0">
      <mem type="allocate" free="0" total="63569920" percent="0" />
      <mem type="survivor" free="0" total="13762560" percent="0" />
    </mem>
    <mem type="tenure" free="9213608" total="62062592" percent="14">
      <mem type="soa" free="6109864" total="58958848" percent="10" />
      <mem type="loa" free="3103744" total="3103744" percent="100" />
    </mem>
    <remembered-set count="3030" />
  </mem-info>
</gc-start>
<allocation-stats totalBytes="52597936" discardedBytes="78576" >
  <allocated-bytes non-tlh="215584" tlh="52382352" />
  <largest-consumer threadName="Default Executor-thread-16" threadId="000000000094CD00" bytes="11500648" />
</allocation-stats>
<gc-op id="1923" type="scavenge" timems="6.541" contextid="1920" timestamp="2024-07-17T20:35:57.244">
  <scavenger-info tenureage="5" tenuremask="7fe0" tiltratio="82" />
  <memory-copied type="nursery" objects="109980" bytes="10805112" bytesdiscarded="334400" />
  <memory-copied type="tenure" objects="9735" bytes="1063224" bytesdiscarded="1464" />
  <finalization candidates="1196" enqueued="1153" />
  <ownableSynchronizers candidates="29" cleared="6" />
  <references type="soft" candidates="79" cleared="0" enqueued="0" dynamicThreshold="9" maxThreshold="32" />
  <references type="weak" candidates="137" cleared="53" enqueued="53" />
  <references type="phantom" candidates="146" cleared="48" enqueued="48" />
  <object-monitors candidates="132" cleared="0"  />
</gc-op>
<heap-resize id="1924" type="expand" space="nursery" amount="6029312" count="1" timems="0.027" reason="excessive time being spent scavenging" timestamp="2024-07-17T20:35:57.244" />
<gc-end id="1925" type="scavenge" contextid="1920" durationms="7.664" usertimems="27.488" systemtimems="7.251" stalltimems="21.584" timestamp="2024-07-17T20:35:57.245" activeThreads="9">
  <mem-info id="1926" free="66077432" total="145424384" percent="45">
    <mem type="nursery" free="58324168" total="83361792" percent="69">
      <mem type="allocate" free="58324168" total="69468160" percent="83" />
      <mem type="survivor" free="0" total="13893632" percent="0" />
    </mem>
    <mem type="tenure" free="7753264" total="62062592" percent="12">
      <mem type="soa" free="4649520" total="58958848" percent="7" />
      <mem type="loa" free="3103744" total="3103744" percent="100" />
    </mem>
    <pending-finalizers system="17" default="1136" reference="101" classloader="0" />
    <remembered-set count="2562" />
  </mem-info>
</gc-end>
<cycle-end id="1927" type="scavenge" contextid="1920" timestamp="2024-07-17T20:35:57.245" />
<allocation-satisfied id="1928" threadId="000000000094CD00" bytesRequested="28920" />
<af-end id="1929" timestamp="2024-07-17T20:35:57.245" threadId="000000000094D738" success="true" from="nursery"/>
<exclusive-end id="1930" timestamp="2024-07-17T20:35:57.246" durationms="9.561" />

<concurrent-kickoff id="1931" timestamp="2024-07-17T20:35:57.286">
  <kickoff reason="threshold reached" targetBytes="30376794" thresholdFreeBytes="4177585"  remainingFree="4177560" tenureFreeBytes="7748816" nurseryFreeBytes="4177560" />
</concurrent-kickoff>
<exclusive-start id="1932" timestamp="2024-07-17T20:35:57.287" intervalms="51.372">
  <response-info timems="0.059" idlems="0.047" threads="1" lastid="00000000007BDD00" lastname="Default Executor-thread-5" />
</exclusive-start>
<cycle-start id="1933" type="global" contextid="0" timestamp="2024-07-17T20:35:57.288" intervalms="638.608" />
<concurrent-start id="1934" type="global mark" contextid="1933" timestamp="2024-07-17T20:35:57.288">
</concurrent-start>
<exclusive-end id="1935" timestamp="2024-07-17T20:35:57.288" durationms="0.672" />

<concurrent-end id="1936" type="global mark" contextid="1933" timestamp="2024-07-17T20:35:57.315">
<gc-op id="1937" type="trace" timems="27.370" contextid="1933" timestamp="2024-07-17T20:35:57.315">
  <trace bytesTraced="31672244" workStackOverflowCount="0" />
  <card-cleaning reason="card cleaning threshold reached" bytesTraced="40064" cardsCleaned="105" />
</gc-op>
</concurrent-end>

<exclusive-start id="1938" timestamp="2024-07-17T20:35:57.316" intervalms="28.753">
  <response-info timems="0.106" idlems="0.099" threads="1" lastid="000000000094CD00" lastname="Default Executor-thread-16" />
</exclusive-start>
<concurrent-global-final id="1939" timestamp="2024-07-17T20:35:57.316" contextid="1933" intervalms="1265.673" >
  <concurrent-trace-info reason="card cleaning threshold reached" tracedByMutators="25034608" tracedByHelpers="6677700" cardsCleaned="105" workStackOverflowCount="0" />
</concurrent-global-final>
<gc-start id="1940" type="global" contextid="1933" timestamp="2024-07-17T20:35:57.317">
  <mem-info id="1941" free="7745944" total="145424384" percent="5">
    <mem type="nursery" free="0" total="83361792" percent="0">
      <mem type="allocate" free="0" total="69468160" percent="0" />
      <mem type="survivor" free="0" total="13893632" percent="0" />
    </mem>
    <mem type="tenure" free="7745944" total="62062592" percent="12">
      <mem type="soa" free="4642200" total="58958848" percent="7" />
      <mem type="loa" free="3103744" total="3103744" percent="100" />
    </mem>
    <remembered-set count="3077" />
  </mem-info>
</gc-start>
<allocation-stats totalBytes="58256896" discardedBytes="74592" >
  <allocated-bytes non-tlh="385736" tlh="57871160" />
  <largest-consumer threadName="Default Executor-thread-3" threadId="0000000000829400" bytes="14068832" />
</allocation-stats>
<heap-resize id="1942" type="loa contract" space="tenure" amount="620544" count="1" timems="0.000" reason="contract underutilized loa" timestamp="2024-07-17T20:35:57.318" />
<gc-op id="1943" type="rs-scan" timems="3.346" contextid="1933" timestamp="2024-07-17T20:35:57.322">
  <scan objectsFound="107402" bytesTraced="4642848" workStackOverflowCount="0" />
</gc-op>
<gc-op id="1944" type="card-cleaning" timems="0.857" contextid="1933" timestamp="2024-07-17T20:35:57.323">
  <card-cleaning cardsCleaned="46" bytesTraced="50016" workStackOverflowCount="0" />
</gc-op>
<gc-op id="1945" type="mark" timems="5.478" contextid="1933" timestamp="2024-07-17T20:35:57.329">
  <trace-info objectcount="19226" scancount="13203" scanbytes="394068" />
  <finalization candidates="2314" enqueued="1480" />
  <ownableSynchronizers candidates="7809" cleared="29" />
  <references type="soft" candidates="12405" cleared="0" enqueued="0" dynamicThreshold="9" maxThreshold="32" />
  <references type="weak" candidates="14838" cleared="110" enqueued="110" />
  <references type="phantom" candidates="495" cleared="49" enqueued="49" />
  <stringconstants candidates="37760" cleared="20"  />
  <object-monitors candidates="133" cleared="1"  />
</gc-op>
<gc-op id="1946" type="sweep" timems="2.339" contextid="1933" timestamp="2024-07-17T20:35:57.332" />
<heap-resize id="1947" type="expand" space="tenure" amount="11862016" count="1" timems="0.715" reason="insufficient free space following gc" timestamp="2024-07-17T20:35:57.333" />
<heap-resize id="1948" type="loa contract" space="tenure" amount="2217984" count="1" timems="0.000" reason="contract to meet minimum soa" timestamp="2024-07-17T20:35:57.333" />
<gc-end id="1949" type="global" contextid="1933" durationms="15.798" usertimems="65.955" systemtimems="5.498" stalltimems="53.973" timestamp="2024-07-17T20:35:57.333" activeThreads="12">
  <mem-info id="1950" free="77583152" total="157286400" percent="49">
    <mem type="nursery" free="55396032" total="83361792" percent="66">
      <mem type="allocate" free="55396032" total="69468160" percent="79" />
      <mem type="survivor" free="0" total="13893632" percent="0" />
    </mem>
    <mem type="tenure" free="22187120" total="73924608" percent="30" micro-fragmented="1532306" macro-fragmented="0">
      <mem type="soa" free="21447792" total="73185280" percent="29" />
      <mem type="loa" free="739328" total="739328" percent="100" />
    </mem>
    <pending-finalizers system="4" default="1476" reference="159" classloader="0" />
    <remembered-set count="2916" />
  </mem-info>
</gc-end>
<cycle-end id="1951" type="global" contextid="1933" timestamp="2024-07-17T20:35:57.334" />
<exclusive-end id="1952" timestamp="2024-07-17T20:35:57.334" durationms="17.498" />

<exclusive-start id="1953" timestamp="2024-07-17T20:35:57.404" intervalms="88.199">
  <response-info timems="0.067" idlems="0.067" threads="0" lastid="0000000000829400" lastname="Default Executor-thread-3" />
</exclusive-start>
<af-start id="1954" threadId="0000000000829E38" totalBytesRequested="32776" timestamp="2024-07-17T20:35:57.405" intervalms="168.291" type="nursery" />
<cycle-start id="1955" type="scavenge" contextid="0" timestamp="2024-07-17T20:35:57.405" intervalms="168.294" />
<gc-start id="1956" type="scavenge" contextid="1955" timestamp="2024-07-17T20:35:57.405">
  <mem-info id="1957" free="23361592" total="157286400" percent="14">
    <mem type="nursery" free="1174584" total="83361792" percent="1">
      <mem type="allocate" free="1174584" total="69468160" percent="1" />
      <mem type="survivor" free="0" total="13893632" percent="0" />
    </mem>
    <mem type="tenure" free="22187008" total="73924608" percent="30">
      <mem type="soa" free="21447680" total="73185280" percent="29" />
      <mem type="loa" free="739328" total="739328" percent="100" />
    </mem>
    <remembered-set count="6741" />
  </mem-info>
</gc-start>
<allocation-stats totalBytes="53446696" discardedBytes="655424" >
  <allocated-bytes non-tlh="10375808" tlh="43070888" />
  <largest-consumer threadName="Default Executor-thread-13" threadId="0000000000873C00" bytes="17253704" />
</allocation-stats>
<gc-op id="1958" type="scavenge" timems="9.139" contextid="1955" timestamp="2024-07-17T20:35:57.415">
  <scavenger-info tenureage="5" tenuremask="7fe0" tiltratio="83" />
  <memory-copied type="nursery" objects="191442" bytes="13861144" bytesdiscarded="26776" />
  <memory-copied type="tenure" objects="11469" bytes="2938384" bytesdiscarded="16520" />
  <copy-failed type="nursery" objects="3070" bytes="2056144" />
  <finalization candidates="1541" enqueued="1470" />
  <ownableSynchronizers candidates="15607" cleared="15546" />
  <references type="soft" candidates="122" cleared="0" enqueued="0" dynamicThreshold="9" maxThreshold="32" />
  <references type="weak" candidates="169" cleared="15" enqueued="15" />
  <references type="phantom" candidates="58" cleared="24" enqueued="24" />
  <object-monitors candidates="132" cleared="0"  />
</gc-op>
<gc-end id="1959" type="scavenge" contextid="1955" durationms="9.835" usertimems="44.307" systemtimems="12.839" stalltimems="19.494" timestamp="2024-07-17T20:35:57.415" activeThreads="9">
  <mem-info id="1960" free="63921264" total="157286400" percent="40">
    <mem type="nursery" free="45023232" total="83361792" percent="54">
      <mem type="allocate" free="45023232" total="58916864" percent="76" />
      <mem type="survivor" free="0" total="24444928" percent="0" />
    </mem>
    <mem type="tenure" free="18898032" total="73924608" percent="25">
      <mem type="soa" free="18158704" total="73185280" percent="24" />
      <mem type="loa" free="739328" total="739328" percent="100" />
    </mem>
    <pending-finalizers system="0" default="1470" reference="39" classloader="0" />
    <remembered-set count="6515" />
  </mem-info>
</gc-end>
<cycle-end id="1961" type="scavenge" contextid="1955" timestamp="2024-07-17T20:35:57.415" />
<allocation-satisfied id="1962" threadId="0000000000829400" bytesRequested="32776" />
<af-end id="1963" timestamp="2024-07-17T20:35:57.416" threadId="0000000000829E38" success="true" from="nursery"/>
<exclusive-end id="1964" timestamp="2024-07-17T20:35:57.416" durationms="11.572" />

<exclusive-start id="1965" timestamp="2024-07-17T20:35:57.476" intervalms="71.190">
  <response-info timems="0.069" idlems="0.059" threads="1" lastid="00000000007BDD00" lastname="Default Executor-thread-5" />
</exclusive-start>
<af-start id="1966" threadId="00000000013F5E38" totalBytesRequested="88" timestamp="2024-07-17T20:35:57.476" intervalms="71.212" type="nursery" />
<cycle-start id="1967" type="scavenge" contextid="0" timestamp="2024-07-17T20:35:57.476" intervalms="71.228" />
<gc-start id="1968" type="scavenge" contextid="1967" timestamp="2024-07-17T20:35:57.477">
  <mem-info id="1969" free="18897744" total="157286400" percent="12">
    <mem type="nursery" free="0" total="83361792" percent="0">
      <mem type="allocate" free="0" total="58916864" percent="0" />
      <mem type="survivor" free="0" total="24444928" percent="0" />
    </mem>
    <mem type="tenure" free="18897744" total="73924608" percent="25">
      <mem type="soa" free="18158416" total="73185280" percent="24" />
      <mem type="loa" free="739328" total="739328" percent="100" />
    </mem>
    <remembered-set count="7084" />
  </mem-info>
</gc-start>
<allocation-stats totalBytes="44955088" discardedBytes="68432" >
  <allocated-bytes non-tlh="4366120" tlh="40588968" />
  <largest-consumer threadName="ClassloaderMapProcessingThread-9" threadId="00000000013F5400" bytes="17230592" />
</allocation-stats>
<gc-op id="1970" type="scavenge" timems="9.650" contextid="1967" timestamp="2024-07-17T20:35:57.487">
  <scavenger-info tenureage="5" tenuremask="7fe0" tiltratio="70" />
  <memory-copied type="nursery" objects="235669" bytes="18655328" bytesdiscarded="229656" />
  <memory-copied type="tenure" objects="9102" bytes="696736" bytesdiscarded="856" />
  <finalization candidates="413" enqueued="342" />
  <ownableSynchronizers candidates="59" cleared="0" />
  <references type="soft" candidates="120" cleared="0" enqueued="0" dynamicThreshold="9" maxThreshold="32" />
  <references type="weak" candidates="236" cleared="71" enqueued="71" />
  <references type="phantom" candidates="307" cleared="140" enqueued="140" />
  <object-monitors candidates="132" cleared="0"  />
</gc-op>
<heap-resize id="1971" type="expand" space="nursery" amount="6422528" count="1" timems="0.031" reason="excessive time being spent scavenging" timestamp="2024-07-17T20:35:57.487" />
<gc-end id="1972" type="scavenge" contextid="1967" durationms="10.539" usertimems="57.157" systemtimems="15.556" stalltimems="31.327" timestamp="2024-07-17T20:35:57.487" activeThreads="11">
  <mem-info id="1973" free="61606704" total="163708928" percent="37">
    <mem type="nursery" free="44213680" total="89784320" percent="49">
      <mem type="allocate" free="44213680" total="63111168" percent="70" />
      <mem type="survivor" free="0" total="26673152" percent="0" />
    </mem>
    <mem type="tenure" free="17393024" total="73924608" percent="23">
      <mem type="soa" free="16653696" total="73185280" percent="22" />
      <mem type="loa" free="739328" total="739328" percent="100" />
    </mem>
    <pending-finalizers system="0" default="342" reference="211" classloader="0" />
    <remembered-set count="7831" />
  </mem-info>
</gc-end>
<cycle-end id="1974" type="scavenge" contextid="1967" timestamp="2024-07-17T20:35:57.487" />
<allocation-satisfied id="1975" threadId="00000000013F5400" bytesRequested="88" />
<af-end id="1976" timestamp="2024-07-17T20:35:57.488" threadId="00000000013F5E38" success="true" from="nursery"/>
<exclusive-end id="1977" timestamp="2024-07-17T20:35:57.488" durationms="12.177" />

<exclusive-start id="1978" timestamp="2024-07-17T20:35:57.529" intervalms="53.050">
  <response-info timems="0.051" idlems="0.051" threads="0" lastid="000000000094CD00" lastname="Default Executor-thread-16" />
</exclusive-start>
<af-start id="1979" threadId="000000000094D738" totalBytesRequested="24" timestamp="2024-07-17T20:35:57.529" intervalms="53.059" type="nursery" />
<cycle-start id="1980" type="scavenge" contextid="0" timestamp="2024-07-17T20:35:57.529" intervalms="53.017" />
<gc-start id="1981" type="scavenge" contextid="1980" timestamp="2024-07-17T20:35:57.530">
  <mem-info id="1982" free="17390976" total="163708928" percent="10">
    <mem type="nursery" free="0" total="89784320" percent="0">
      <mem type="allocate" free="0" total="63111168" percent="0" />
      <mem type="survivor" free="0" total="26673152" percent="0" />
    </mem>
    <mem type="tenure" free="17390976" total="73924608" percent="23">
      <mem type="soa" free="16651648" total="73185280" percent="22" />
      <mem type="loa" free="739328" total="739328" percent="100" />
    </mem>
    <remembered-set count="8235" />
  </mem-info>
</gc-start>
<allocation-stats totalBytes="44149360" discardedBytes="66368" >
  <allocated-bytes non-tlh="1412784" tlh="42736576" />
  <largest-consumer threadName="Default Executor-thread-5" threadId="00000000007BDD00" bytes="14963048" />
</allocation-stats>
<gc-op id="1983" type="scavenge" timems="15.460" contextid="1980" timestamp="2024-07-17T20:35:57.545">
  <scavenger-info tenureage="5" tenuremask="7fe0" tiltratio="70" />
  <memory-copied type="nursery" objects="220100" bytes="20054240" bytesdiscarded="570568" />
  <memory-copied type="tenure" objects="24847" bytes="1144544" bytesdiscarded="352" />
  <finalization candidates="664" enqueued="585" />
  <ownableSynchronizers candidates="87" cleared="32" />
  <references type="soft" candidates="122" cleared="0" enqueued="0" dynamicThreshold="9" maxThreshold="32" />
  <references type="weak" candidates="248" cleared="55" enqueued="55" />
  <references type="phantom" candidates="184" cleared="0" enqueued="0" />
  <object-monitors candidates="132" cleared="0"  />
</gc-op>
<heap-resize id="1984" type="expand" space="nursery" amount="11796480" count="1" timems="0.040" reason="excessive time being spent scavenging" timestamp="2024-07-17T20:35:57.546" />
<gc-end id="1985" type="scavenge" contextid="1980" durationms="16.339" usertimems="110.514" systemtimems="11.259" stalltimems="40.392" timestamp="2024-07-17T20:35:57.546" activeThreads="12">
  <mem-info id="1986" free="69277480" total="175505408" percent="39">
    <mem type="nursery" free="52834728" total="101580800" percent="52">
      <mem type="allocate" free="52834728" total="73465856" percent="71" />
      <mem type="survivor" free="0" total="28114944" percent="0" />
    </mem>
    <mem type="tenure" free="16442752" total="73924608" percent="22">
      <mem type="soa" free="15703424" total="73185280" percent="21" />
      <mem type="loa" free="739328" total="739328" percent="100" />
    </mem>
    <pending-finalizers system="0" default="585" reference="55" classloader="0" />
    <remembered-set count="9556" />
  </mem-info>
</gc-end>
<cycle-end id="1987" type="scavenge" contextid="1980" timestamp="2024-07-17T20:35:57.546" />
<allocation-satisfied id="1988" threadId="000000000094CD00" bytesRequested="24" />
<af-end id="1989" timestamp="2024-07-17T20:35:57.547" threadId="000000000094D738" success="true" from="nursery"/>
<exclusive-end id="1990" timestamp="2024-07-17T20:35:57.547" durationms="18.201" />

<exclusive-start id="1991" timestamp="2024-07-17T20:35:57.591" intervalms="62.537">
  <response-info timems="0.057" idlems="0.057" threads="0" lastid="0000000000829400" lastname="Default Executor-thread-3" />
</exclusive-start>
<af-start id="1992" threadId="0000000000829E38" totalBytesRequested="112" timestamp="2024-07-17T20:35:57.591" intervalms="62.519" type="nursery" />
<cycle-start id="1993" type="scavenge" contextid="0" timestamp="2024-07-17T20:35:57.592" intervalms="62.502" />
<gc-start id="1994" type="scavenge" contextid="1993" timestamp="2024-07-17T20:35:57.592">
  <mem-info id="1995" free="16442576" total="175505408" percent="9">
    <mem type="nursery" free="0" total="101580800" percent="0">
      <mem type="allocate" free="0" total="73465856" percent="0" />
      <mem type="survivor" free="0" total="28114944" percent="0" />
    </mem>
    <mem type="tenure" free="16442576" total="73924608" percent="22">
      <mem type="soa" free="15703248" total="73185280" percent="21" />
      <mem type="loa" free="739328" total="739328" percent="100" />
    </mem>
    <remembered-set count="9812" />
  </mem-info>
</gc-start>
<allocation-stats totalBytes="52787616" discardedBytes="47288" >
  <allocated-bytes non-tlh="350504" tlh="52437112" />
  <largest-consumer threadName="Default Executor-thread-3" threadId="0000000000829400" bytes="12995904" />
</allocation-stats>
<gc-op id="1996" type="scavenge" timems="11.364" contextid="1993" timestamp="2024-07-17T20:35:57.604">
  <scavenger-info tenureage="3" tenuremask="7fe8" tiltratio="72" />
  <memory-copied type="nursery" objects="135178" bytes="14125952" bytesdiscarded="471368" />
  <memory-copied type="tenure" objects="121486" bytes="7409048" bytesdiscarded="3248" />
  <finalization candidates="539" enqueued="452" />
  <ownableSynchronizers candidates="87" cleared="8" />
  <references type="soft" candidates="43" cleared="0" enqueued="0" dynamicThreshold="9" maxThreshold="32" />
  <references type="weak" candidates="89" cleared="9" enqueued="9" />
  <references type="phantom" candidates="175" cleared="0" enqueued="0" />
  <object-monitors candidates="132" cleared="0"  />
</gc-op>
<heap-resize id="1997" type="expand" space="nursery" amount="9830400" count="1" timems="0.029" reason="excessive time being spent scavenging" timestamp="2024-07-17T20:35:57.604" />
<gc-end id="1998" type="scavenge" contextid="1993" durationms="12.248" usertimems="84.453" systemtimems="5.751" stalltimems="37.354" timestamp="2024-07-17T20:35:57.604" activeThreads="12">
  <mem-info id="1999" free="79417856" total="185335808" percent="42">
    <mem type="nursery" free="69873104" total="111411200" percent="62">
      <mem type="allocate" free="69873104" total="84475904" percent="82" />
      <mem type="survivor" free="0" total="26935296" percent="0" />
    </mem>
    <mem type="tenure" free="9544752" total="73924608" percent="12">
      <mem type="soa" free="8805424" total="73185280" percent="12" />
      <mem type="loa" free="739328" total="739328" percent="100" />
    </mem>
    <pending-finalizers system="0" default="452" reference="9" classloader="0" />
    <remembered-set count="10797" />
  </mem-info>
</gc-end>
<cycle-end id="2000" type="scavenge" contextid="1993" timestamp="2024-07-17T20:35:57.605" />
<allocation-satisfied id="2001" threadId="0000000000829400" bytesRequested="112" />
<af-end id="2002" timestamp="2024-07-17T20:35:57.605" threadId="0000000000829E38" success="true" from="nursery"/>
<exclusive-end id="2003" timestamp="2024-07-17T20:35:57.605" durationms="13.972" />

<exclusive-start id="2004" timestamp="2024-07-17T20:35:57.646" intervalms="54.908">
  <response-info timems="0.086" idlems="0.070" threads="2" lastid="0000000000873C00" lastname="Default Executor-thread-13" />
</exclusive-start>
<af-start id="2005" threadId="00000000013F5E38" totalBytesRequested="48" timestamp="2024-07-17T20:35:57.646" intervalms="54.927" type="nursery" />
<cycle-start id="2006" type="scavenge" contextid="0" timestamp="2024-07-17T20:35:57.647" intervalms="54.989" />
<gc-start id="2007" type="scavenge" contextid="2006" timestamp="2024-07-17T20:35:57.647">
  <mem-info id="2008" free="9544432" total="185335808" percent="5">
    <mem type="nursery" free="0" total="111411200" percent="0">
      <mem type="allocate" free="0" total="84475904" percent="0" />
      <mem type="survivor" free="0" total="26935296" percent="0" />
    </mem>
    <mem type="tenure" free="9544432" total="73924608" percent="12">
      <mem type="soa" free="8805104" total="73185280" percent="12" />
      <mem type="loa" free="739328" total="739328" percent="100" />
    </mem>
    <remembered-set count="10977" />
  </mem-info>
</gc-start>
<allocation-stats totalBytes="69662544" discardedBytes="210880" >
  <allocated-bytes non-tlh="977192" tlh="68685352" />
  <largest-consumer threadName="Default Executor-thread-13" threadId="0000000000873C00" bytes="15312096" />
</allocation-stats>
<gc-op id="2009" type="scavenge" timems="12.551" contextid="2006" timestamp="2024-07-17T20:35:57.660">
  <scavenger-info tenureage="3" tenuremask="7fe8" tiltratio="75" />
  <memory-copied type="nursery" objects="176644" bytes="12623136" bytesdiscarded="714800" />
  <memory-copied type="tenure" objects="69746" bytes="8609712" bytesdiscarded="5304" />
  <finalization candidates="1411" enqueued="1365" />
  <ownableSynchronizers candidates="39" cleared="0" />
  <references type="soft" candidates="9" cleared="0" enqueued="0" dynamicThreshold="9" maxThreshold="32" />
  <references type="weak" candidates="56" cleared="4" enqueued="4" />
  <references type="phantom" candidates="43" cleared="0" enqueued="0" />
  <object-monitors candidates="132" cleared="0"  />
  <heap-resize type="expand" space="tenure" amount="196608" count="1" timems="0.059" reason="continue current collection" />
</gc-op>
<heap-resize id="2010" type="expand" space="nursery" amount="12451840" count="1" timems="0.028" reason="excessive time being spent scavenging" timestamp="2024-07-17T20:35:57.660" />
<gc-end id="2011" type="scavenge" contextid="2006" durationms="13.531" usertimems="100.304" systemtimems="0.000" stalltimems="35.148" timestamp="2024-07-17T20:35:57.661" activeThreads="12">
  <mem-info id="2012" free="85771448" total="197984256" percent="43">
    <mem type="nursery" free="85093832" total="123863040" percent="68">
      <mem type="allocate" free="85093832" total="98435072" percent="86" />
      <mem type="survivor" free="0" total="25427968" percent="0" />
    </mem>
    <mem type="tenure" free="677616" total="74121216" percent="0">
      <mem type="soa" free="1784" total="73379840" percent="0" />
      <mem type="loa" free="675832" total="741376" percent="91" />
    </mem>
    <pending-finalizers system="0" default="1365" reference="4" classloader="0" />
    <remembered-set count="6574" />
  </mem-info>
</gc-end>
<cycle-end id="2013" type="scavenge" contextid="2006" timestamp="2024-07-17T20:35:57.661" />
<allocation-satisfied id="2014" threadId="00000000013F5400" bytesRequested="48" />
<af-end id="2015" timestamp="2024-07-17T20:35:57.661" threadId="00000000013F5E38" success="true" from="nursery"/>
<exclusive-end id="2016" timestamp="2024-07-17T20:35:57.662" durationms="15.480" />

<concurrent-kickoff id="2017" timestamp="2024-07-17T20:35:57.707">
  <kickoff reason="threshold reached" targetBytes="36586062" thresholdFreeBytes="5039066"  remainingFree="4955168" tenureFreeBytes="677576" nurseryFreeBytes="4955168" />
</concurrent-kickoff>
<exclusive-start id="2018" timestamp="2024-07-17T20:35:57.708" intervalms="62.097">
  <response-info timems="0.058" idlems="0.058" threads="0" lastid="00000000007BDD00" lastname="Default Executor-thread-5" />
</exclusive-start>
<cycle-start id="2019" type="global" contextid="0" timestamp="2024-07-17T20:35:57.708" intervalms="420.723" />
<concurrent-start id="2020" type="global mark" contextid="2019" timestamp="2024-07-17T20:35:57.709">
</concurrent-start>
<exclusive-end id="2021" timestamp="2024-07-17T20:35:57.709" durationms="0.689" />

<concurrent-end id="2022" type="global mark" contextid="2019" timestamp="2024-07-17T20:35:57.731">
<gc-op id="2023" type="trace" timems="22.313" contextid="2019" timestamp="2024-07-17T20:35:57.731">
  <trace bytesTraced="36204624" workStackOverflowCount="0" />
  <card-cleaning reason="card cleaning threshold reached" bytesTraced="10712" cardsCleaned="27" />
</gc-op>
</concurrent-end>

<exclusive-start id="2024" timestamp="2024-07-17T20:35:57.731" intervalms="23.280">
  <response-info timems="0.360" idlems="0.201" threads="1" lastid="0000000000873C00" lastname="Default Executor-thread-13" />
</exclusive-start>
<af-start id="2025" threadId="0000000000829E38" totalBytesRequested="14992" timestamp="2024-07-17T20:35:57.732" intervalms="85.267" type="nursery" />
<percolate-collect id="2026" from="nursery" to="global" reason="concurrent mark exhausted" timestamp="2024-07-17T20:35:57.732"/>
<gc-start id="2027" type="global" contextid="2019" timestamp="2024-07-17T20:35:57.732">
  <mem-info id="2028" free="677576" total="197984256" percent="0">
    <mem type="nursery" free="0" total="123863040" percent="0">
      <mem type="allocate" free="0" total="98435072" percent="0" />
      <mem type="survivor" free="0" total="25427968" percent="0" />
    </mem>
    <mem type="tenure" free="677576" total="74121216" percent="0">
      <mem type="soa" free="1744" total="73379840" percent="0" />
      <mem type="loa" free="675832" total="741376" percent="91" />
    </mem>
    <remembered-set count="6721" />
  </mem-info>
</gc-start>
<allocation-stats totalBytes="84964720" discardedBytes="129152" >
  <allocated-bytes non-tlh="1675800" tlh="83288920" />
  <largest-consumer threadName="Default Executor-thread-16" threadId="000000000094CD00" bytes="20640216" />
</allocation-stats>
<gc-op id="2029" type="rs-scan" timems="5.211" contextid="2019" timestamp="2024-07-17T20:35:57.738">
  <scan objectsFound="243958" bytesTraced="14232300" workStackOverflowCount="0" />
</gc-op>
<gc-op id="2030" type="card-cleaning" timems="0.829" contextid="2019" timestamp="2024-07-17T20:35:57.739">
  <card-cleaning cardsCleaned="8" bytesTraced="13260" workStackOverflowCount="0" />
</gc-op>
<gc-op id="2031" type="mark" timems="11.203" contextid="2019" timestamp="2024-07-17T20:35:57.750">
  <trace-info objectcount="34920" scancount="26404" scanbytes="1176920" />
  <finalization candidates="3023" enqueued="2146" />
  <ownableSynchronizers candidates="7858" cleared="30" />
  <references type="soft" candidates="12411" cleared="0" enqueued="0" dynamicThreshold="9" maxThreshold="32" />
  <references type="weak" candidates="14873" cleared="8" enqueued="8" />
  <references type="phantom" candidates="572" cleared="0" enqueued="0" />
  <stringconstants candidates="37763" cleared="10"  />
  <object-monitors candidates="132" cleared="0"  />
</gc-op>
<gc-op id="2032" type="classunload" timems="1.019" contextid="2019" timestamp="2024-07-17T20:35:57.752">
  <classunload-info classloadercandidates="407" classloadersunloaded="1" classesunloaded="1" anonymousclassesunloaded="0" quiescems="0.000" setupms="0.988" scanms="0.022" postms="0.008" />
</gc-op>
<gc-op id="2033" type="sweep" timems="2.068" contextid="2019" timestamp="2024-07-17T20:35:57.754" />
<heap-resize id="2034" type="expand" space="tenure" amount="23396352" count="1" timems="0.748" reason="insufficient free space following gc" timestamp="2024-07-17T20:35:57.755" />
<gc-end id="2035" type="global" contextid="2019" durationms="23.125" usertimems="105.854" systemtimems="0.000" stalltimems="101.306" timestamp="2024-07-17T20:35:57.755" activeThreads="12">
  <mem-info id="2036" free="107445328" total="221380608" percent="48">
    <mem type="nursery" free="78154016" total="123863040" percent="63">
      <mem type="allocate" free="78154016" total="98435072" percent="79" />
      <mem type="survivor" free="0" total="25427968" percent="0" />
    </mem>
    <mem type="tenure" free="29291312" total="97517568" percent="30" micro-fragmented="1607579" macro-fragmented="0">
      <mem type="soa" free="28315440" total="96541696" percent="29" />
      <mem type="loa" free="975872" total="975872" percent="100" />
    </mem>
    <pending-finalizers system="0" default="2146" reference="8" classloader="0" />
    <remembered-set count="6610" />
  </mem-info>
</gc-end>
<cycle-end id="2037" type="global" contextid="2019" timestamp="2024-07-17T20:35:57.756" />
<allocation-satisfied id="2038" threadId="0000000000829400" bytesRequested="14992" />
<af-end id="2039" timestamp="2024-07-17T20:35:57.756" threadId="0000000000829E38" success="true" from="nursery"/>
<exclusive-end id="2040" timestamp="2024-07-17T20:35:57.756" durationms="24.808" />

<exclusive-start id="2041" timestamp="2024-07-17T20:35:57.794" intervalms="62.754">
  <response-info timems="0.073" idlems="0.073" threads="0" lastid="000000000094CD00" lastname="Default Executor-thread-16" />
</exclusive-start>
<af-start id="2042" threadId="000000000094D738" totalBytesRequested="354944" timestamp="2024-07-17T20:35:57.795" intervalms="62.872" type="nursery" />
<cycle-start id="2043" type="scavenge" contextid="0" timestamp="2024-07-17T20:35:57.795" intervalms="148.114" />
<gc-start id="2044" type="scavenge" contextid="2043" timestamp="2024-07-17T20:35:57.795">
  <mem-info id="2045" free="49803160" total="221380608" percent="22">
    <mem type="nursery" free="20511992" total="123863040" percent="16">
      <mem type="allocate" free="20511992" total="98435072" percent="20" />
      <mem type="survivor" free="0" total="25427968" percent="0" />
    </mem>
    <mem type="tenure" free="29291168" total="97517568" percent="30">
      <mem type="soa" free="28315296" total="96541696" percent="29" />
      <mem type="loa" free="975872" total="975872" percent="100" />
    </mem>
    <remembered-set count="6687" />
  </mem-info>
</gc-start>
<allocation-stats totalBytes="56936216" discardedBytes="577664" >
  <allocated-bytes non-tlh="12872560" tlh="44063656" />
  <largest-consumer threadName="Default Executor-thread-3" threadId="0000000000829400" bytes="16054368" />
</allocation-stats>
<gc-op id="2046" type="scavenge" timems="8.076" contextid="2043" timestamp="2024-07-17T20:35:57.804">
  <scavenger-info tenureage="5" tenuremask="7fe0" tiltratio="79" />
  <memory-copied type="nursery" objects="206241" bytes="17079104" bytesdiscarded="484600" />
  <finalization candidates="1553" enqueued="1521" />
  <ownableSynchronizers candidates="15656" cleared="15614" />
  <references type="soft" candidates="9" cleared="0" enqueued="0" dynamicThreshold="9" maxThreshold="32" />
  <references type="weak" candidates="58" cleared="3" enqueued="3" />
  <references type="phantom" candidates="62" cleared="7" enqueued="7" />
  <object-monitors candidates="132" cleared="0"  />
</gc-op>
<gc-end id="2047" type="scavenge" contextid="2043" durationms="8.726" usertimems="32.547" systemtimems="23.589" stalltimems="35.746" timestamp="2024-07-17T20:35:57.804" activeThreads="12">
  <mem-info id="2048" free="112255640" total="221380608" percent="50">
    <mem type="nursery" free="82964472" total="123863040" percent="66">
      <mem type="allocate" free="82964472" total="100532224" percent="82" />
      <mem type="survivor" free="0" total="23330816" percent="0" />
    </mem>
    <mem type="tenure" free="29291168" total="97517568" percent="30">
      <mem type="soa" free="28315296" total="96541696" percent="29" />
      <mem type="loa" free="975872" total="975872" percent="100" />
    </mem>
    <pending-finalizers system="0" default="1521" reference="10" classloader="0" />
    <remembered-set count="6603" />
  </mem-info>
</gc-end>
<cycle-end id="2049" type="scavenge" contextid="2043" timestamp="2024-07-17T20:35:57.804" />
<allocation-satisfied id="2050" threadId="000000000094CD00" bytesRequested="354944" />
<af-end id="2051" timestamp="2024-07-17T20:35:57.805" threadId="000000000094D738" success="true" from="nursery"/>
<exclusive-end id="2052" timestamp="2024-07-17T20:35:57.805" durationms="10.460" />

<exclusive-start id="2053" timestamp="2024-07-17T20:35:57.867" intervalms="72.367">
  <response-info timems="0.076" idlems="0.053" threads="2" lastid="000000000094CD00" lastname="Default Executor-thread-16" />
</exclusive-start>
<af-start id="2054" threadId="0000000000829E38" totalBytesRequested="2928" timestamp="2024-07-17T20:35:57.867" intervalms="72.353" type="nursery" />
<cycle-start id="2055" type="scavenge" contextid="0" timestamp="2024-07-17T20:35:57.867" intervalms="72.345" />
<gc-start id="2056" type="scavenge" contextid="2055" timestamp="2024-07-17T20:35:57.867">
  <mem-info id="2057" free="29291168" total="221380608" percent="13">
    <mem type="nursery" free="0" total="123863040" percent="0">
      <mem type="allocate" free="0" total="100532224" percent="0" />
      <mem type="survivor" free="0" total="23330816" percent="0" />
    </mem>
    <mem type="tenure" free="29291168" total="97517568" percent="30">
      <mem type="soa" free="28315296" total="96541696" percent="29" />
      <mem type="loa" free="975872" total="975872" percent="100" />
    </mem>
    <remembered-set count="6839" />
  </mem-info>
</gc-start>
<allocation-stats totalBytes="82882664" discardedBytes="81808" >
  <allocated-bytes non-tlh="1460968" tlh="81421696" />
  <largest-consumer threadName="Default Executor-thread-16" threadId="000000000094CD00" bytes="24652488" />
</allocation-stats>
<gc-op id="2058" type="scavenge" timems="9.522" contextid="2055" timestamp="2024-07-17T20:35:57.877">
  <scavenger-info tenureage="5" tenuremask="7fe0" tiltratio="81" />
  <memory-copied type="nursery" objects="253086" bytes="22827752" bytesdiscarded="492760" />
  <memory-copied type="tenure" objects="2942" bytes="896776" bytesdiscarded="11816" />
  <copy-failed type="nursery" objects="2942" bytes="896840" />
  <finalization candidates="3220" enqueued="3187" />
  <ownableSynchronizers candidates="48" cleared="0" />
  <references type="soft" candidates="9" cleared="0" enqueued="0" dynamicThreshold="9" maxThreshold="32" />
  <references type="weak" candidates="66" cleared="5" enqueued="5" />
  <references type="phantom" candidates="200" cleared="133" enqueued="133" />
  <object-monitors candidates="132" cleared="0"  />
</gc-op>
<heap-resize id="2059" type="expand" space="nursery" amount="9306112" count="1" timems="0.031" reason="excessive time being spent scavenging" timestamp="2024-07-17T20:35:57.878" />
<gc-end id="2060" type="scavenge" contextid="2055" durationms="10.521" usertimems="43.538" systemtimems="24.937" stalltimems="40.668" timestamp="2024-07-17T20:35:57.878" activeThreads="12">
  <mem-info id="2061" free="100316152" total="230686720" percent="43">
    <mem type="nursery" free="71958528" total="133169152" percent="54">
      <mem type="allocate" free="71958528" total="95289344" percent="75" />
      <mem type="survivor" free="0" total="37879808" percent="0" />
    </mem>
    <mem type="tenure" free="28357624" total="97517568" percent="29">
      <mem type="soa" free="27381752" total="96541696" percent="28" />
      <mem type="loa" free="975872" total="975872" percent="100" />
    </mem>
    <pending-finalizers system="0" default="3187" reference="138" classloader="0" />
    <remembered-set count="7183" />
  </mem-info>
</gc-end>
<cycle-end id="2062" type="scavenge" contextid="2055" timestamp="2024-07-17T20:35:57.878" />
<allocation-satisfied id="2063" threadId="0000000000829400" bytesRequested="2928" />
<af-end id="2064" timestamp="2024-07-17T20:35:57.879" threadId="0000000000829E38" success="true" from="nursery"/>
<exclusive-end id="2065" timestamp="2024-07-17T20:35:57.879" durationms="12.464" />

<exclusive-start id="2066" timestamp="2024-07-17T20:35:57.932" intervalms="65.379">
  <response-info timems="0.094" idlems="0.059" threads="1" lastid="0000000000829400" lastname="Default Executor-thread-3" />
</exclusive-start>
<af-start id="2067" threadId="0000000000874638" totalBytesRequested="2176" timestamp="2024-07-17T20:35:57.932" intervalms="65.407" type="nursery" />
<cycle-start id="2068" type="scavenge" contextid="0" timestamp="2024-07-17T20:35:57.933" intervalms="65.482" />
<gc-start id="2069" type="scavenge" contextid="2068" timestamp="2024-07-17T20:35:57.933">
  <mem-info id="2070" free="28357624" total="230686720" percent="12">
    <mem type="nursery" free="0" total="133169152" percent="0">
      <mem type="allocate" free="0" total="95289344" percent="0" />
      <mem type="survivor" free="0" total="37879808" percent="0" />
    </mem>
    <mem type="tenure" free="28357624" total="97517568" percent="29">
      <mem type="soa" free="27381752" total="96541696" percent="28" />
      <mem type="loa" free="975872" total="975872" percent="100" />
    </mem>
    <remembered-set count="7515" />
  </mem-info>
</gc-start>
<allocation-stats totalBytes="71800760" discardedBytes="157768" >
  <allocated-bytes non-tlh="723912" tlh="71076848" />
  <largest-consumer threadName="Default Executor-thread-13" threadId="0000000000873C00" bytes="19556288" />
</allocation-stats>
<gc-op id="2071" type="scavenge" timems="10.353" contextid="2068" timestamp="2024-07-17T20:35:57.944">
  <scavenger-info tenureage="5" tenuremask="7fe0" tiltratio="71" />
  <memory-copied type="nursery" objects="251068" bytes="22330928" bytesdiscarded="497952" />
  <memory-copied type="tenure" objects="18942" bytes="1357656" bytesdiscarded="2008" />
  <finalization candidates="2587" enqueued="2556" />
  <ownableSynchronizers candidates="55" cleared="0" />
  <references type="soft" candidates="3" cleared="0" enqueued="0" dynamicThreshold="9" maxThreshold="32" />
  <references type="weak" candidates="37" cleared="0" enqueued="0" />
  <references type="phantom" candidates="37" cleared="0" enqueued="0" />
  <object-monitors candidates="133" cleared="0"  />
</gc-op>
<heap-resize id="2072" type="expand" space="nursery" amount="10354688" count="1" timems="0.031" reason="excessive time being spent scavenging" timestamp="2024-07-17T20:35:57.944" />
<gc-end id="2073" type="scavenge" contextid="2068" durationms="11.587" usertimems="66.296" systemtimems="16.654" stalltimems="36.919" timestamp="2024-07-17T20:35:57.945" activeThreads="12">
  <mem-info id="2074" free="110923456" total="241041408" percent="46">
    <mem type="nursery" free="84315416" total="143523840" percent="58">
      <mem type="allocate" free="84315416" total="107151360" percent="78" />
      <mem type="survivor" free="0" total="36372480" percent="0" />
    </mem>
    <mem type="tenure" free="26608040" total="97517568" percent="27">
      <mem type="soa" free="25632168" total="96541696" percent="26" />
      <mem type="loa" free="975872" total="975872" percent="100" />
    </mem>
    <pending-finalizers system="0" default="2556" reference="0" classloader="0" />
    <remembered-set count="2516" />
  </mem-info>
</gc-end>
<cycle-end id="2075" type="scavenge" contextid="2068" timestamp="2024-07-17T20:35:57.945" />
<allocation-satisfied id="2076" threadId="0000000000873C00" bytesRequested="2176" />
<af-end id="2077" timestamp="2024-07-17T20:35:57.945" threadId="0000000000874638" success="true" from="nursery"/>
<exclusive-end id="2078" timestamp="2024-07-17T20:35:57.946" durationms="13.570" />

<exclusive-start id="2079" timestamp="2024-07-17T20:35:58.013" intervalms="80.892">
  <response-info timems="0.095" idlems="0.062" threads="2" lastid="0000000000829400" lastname="Default Executor-thread-3" />
</exclusive-start>
<af-start id="2080" threadId="00000000007BE738" totalBytesRequested="32" timestamp="2024-07-17T20:35:58.013" intervalms="80.945" type="nursery" />
<cycle-start id="2081" type="scavenge" contextid="0" timestamp="2024-07-17T20:35:58.013" intervalms="80.876" />
<gc-start id="2082" type="scavenge" contextid="2081" timestamp="2024-07-17T20:35:58.014">
  <mem-info id="2083" free="26608040" total="241041408" percent="11">
    <mem type="nursery" free="0" total="143523840" percent="0">
      <mem type="allocate" free="0" total="107151360" percent="0" />
      <mem type="survivor" free="0" total="36372480" percent="0" />
    </mem>
    <mem type="tenure" free="26608040" total="97517568" percent="27">
      <mem type="soa" free="25632168" total="96541696" percent="26" />
      <mem type="loa" free="975872" total="975872" percent="100" />
    </mem>
    <remembered-set count="2553" />
  </mem-info>
</gc-start>
<allocation-stats totalBytes="84239832" discardedBytes="75584" >
  <allocated-bytes non-tlh="558440" tlh="83681392" />
  <largest-consumer threadName="Default Executor-thread-16" threadId="000000000094CD00" bytes="25315160" />
</allocation-stats>
<gc-op id="2084" type="scavenge" timems="20.737" contextid="2081" timestamp="2024-07-17T20:35:58.035">
  <scavenger-info tenureage="5" tenuremask="7fe0" tiltratio="74" />
  <memory-copied type="nursery" objects="248317" bytes="24737048" bytesdiscarded="381784" />
  <memory-copied type="tenure" objects="39354" bytes="1842640" bytesdiscarded="3856" />
  <finalization candidates="3093" enqueued="3068" />
  <ownableSynchronizers candidates="41" cleared="0" />
  <references type="soft" candidates="3" cleared="0" enqueued="0" dynamicThreshold="9" maxThreshold="32" />
  <references type="weak" candidates="31" cleared="1" enqueued="1" />
  <references type="phantom" candidates="21" cleared="0" enqueued="0" />
  <object-monitors candidates="133" cleared="0"  />
</gc-op>
<heap-resize id="2085" type="expand" space="nursery" amount="16121856" count="1" timems="0.032" reason="excessive time being spent scavenging" timestamp="2024-07-17T20:35:58.036" />
<gc-end id="2086" type="scavenge" contextid="2081" durationms="22.145" usertimems="129.766" systemtimems="15.252" stalltimems="45.173" timestamp="2024-07-17T20:35:58.036" activeThreads="12">
  <mem-info id="2087" free="123346984" total="257163264" percent="47">
    <mem type="nursery" free="98935232" total="159645696" percent="61">
      <mem type="allocate" free="98935232" total="124059648" percent="79" />
      <mem type="survivor" free="0" total="35586048" percent="0" />
    </mem>
    <mem type="tenure" free="24411752" total="97517568" percent="25">
      <mem type="soa" free="23435880" total="96541696" percent="24" />
      <mem type="loa" free="975872" total="975872" percent="100" />
    </mem>
    <pending-finalizers system="0" default="3068" reference="1" classloader="0" />
    <remembered-set count="2493" />
  </mem-info>
</gc-end>
<cycle-end id="2088" type="scavenge" contextid="2081" timestamp="2024-07-17T20:35:58.037" />
<allocation-satisfied id="2089" threadId="00000000007BDD00" bytesRequested="32" />
<af-end id="2090" timestamp="2024-07-17T20:35:58.037" threadId="00000000007BE738" success="true" from="nursery"/>
<exclusive-end id="2091" timestamp="2024-07-17T20:35:58.037" durationms="24.250" />

<exclusive-start id="2092" timestamp="2024-07-17T20:35:58.127" intervalms="113.967">
  <response-info timems="0.156" idlems="0.106" threads="1" lastid="00000000007BDD00" lastname="Default Executor-thread-5" />
</exclusive-start>
<af-start id="2093" threadId="0000000000874638" totalBytesRequested="2376" timestamp="2024-07-17T20:35:58.127" intervalms="114.075" type="nursery" />
<cycle-start id="2094" type="scavenge" contextid="0" timestamp="2024-07-17T20:35:58.128" intervalms="114.229" />
<gc-start id="2095" type="scavenge" contextid="2094" timestamp="2024-07-17T20:35:58.129">
  <mem-info id="2096" free="24411752" total="257163264" percent="9">
    <mem type="nursery" free="0" total="159645696" percent="0">
      <mem type="allocate" free="0" total="124059648" percent="0" />
      <mem type="survivor" free="0" total="35586048" percent="0" />
    </mem>
    <mem type="tenure" free="24411752" total="97517568" percent="25">
      <mem type="soa" free="23435880" total="96541696" percent="24" />
      <mem type="loa" free="975872" total="975872" percent="100" />
    </mem>
    <remembered-set count="2990" />
  </mem-info>
</gc-start>
<allocation-stats totalBytes="98799448" discardedBytes="135784" >
  <allocated-bytes non-tlh="2516616" tlh="96282832" />
  <largest-consumer threadName="Default Executor-thread-5" threadId="00000000007BDD00" bytes="27243704" />
</allocation-stats>
<gc-op id="2097" type="scavenge" timems="14.015" contextid="2094" timestamp="2024-07-17T20:35:58.144">
  <scavenger-info tenureage="5" tenuremask="7fe0" tiltratio="77" />
  <memory-copied type="nursery" objects="177275" bytes="25052440" bytesdiscarded="545656" />
  <memory-copied type="tenure" objects="101979" bytes="3687264" bytesdiscarded="1080" />
  <finalization candidates="3508" enqueued="3507" />
  <ownableSynchronizers candidates="37" cleared="0" />
  <references type="weak" candidates="30" cleared="4" enqueued="4" />
  <references type="phantom" candidates="26" cleared="0" enqueued="0" />
  <object-monitors candidates="133" cleared="0"  />
</gc-op>
<heap-resize id="2098" type="expand" space="nursery" amount="10747904" count="1" timems="0.029" reason="excessive time being spent scavenging" timestamp="2024-07-17T20:35:58.144" />
<gc-end id="2099" type="scavenge" contextid="2094" durationms="15.514" usertimems="118.951" systemtimems="8.740" stalltimems="38.333" timestamp="2024-07-17T20:35:58.145" activeThreads="12">
  <mem-info id="2100" free="133245208" total="267911168" percent="49">
    <mem type="nursery" free="112872776" total="170393600" percent="66">
      <mem type="allocate" free="112872776" total="138477568" percent="81" />
      <mem type="survivor" free="0" total="31916032" percent="0" />
    </mem>
    <mem type="tenure" free="20372432" total="97517568" percent="20">
      <mem type="soa" free="19396560" total="96541696" percent="20" />
      <mem type="loa" free="975872" total="975872" percent="100" />
    </mem>
    <pending-finalizers system="0" default="3507" reference="4" classloader="0" />
    <remembered-set count="3716" />
  </mem-info>
</gc-end>
<cycle-end id="2101" type="scavenge" contextid="2094" timestamp="2024-07-17T20:35:58.145" />
<allocation-satisfied id="2102" threadId="0000000000873C00" bytesRequested="2376" />
<af-end id="2103" timestamp="2024-07-17T20:35:58.146" threadId="0000000000874638" success="true" from="nursery"/>
<exclusive-end id="2104" timestamp="2024-07-17T20:35:58.146" durationms="18.954" />

<exclusive-start id="2105" timestamp="2024-07-17T20:35:58.236" intervalms="109.135">
  <response-info timems="0.062" idlems="0.032" threads="1" lastid="00000000007BDD00" lastname="Default Executor-thread-5" />
</exclusive-start>
<af-start id="2106" threadId="0000000000874638" totalBytesRequested="24" timestamp="2024-07-17T20:35:58.236" intervalms="108.959" type="nursery" />
<cycle-start id="2107" type="scavenge" contextid="0" timestamp="2024-07-17T20:35:58.237" intervalms="108.793" />
<gc-start id="2108" type="scavenge" contextid="2107" timestamp="2024-07-17T20:35:58.237">
  <mem-info id="2109" free="20372432" total="267911168" percent="7">
    <mem type="nursery" free="0" total="170393600" percent="0">
      <mem type="allocate" free="0" total="138477568" percent="0" />
      <mem type="survivor" free="0" total="31916032" percent="0" />
    </mem>
    <mem type="tenure" free="20372432" total="97517568" percent="20">
      <mem type="soa" free="19396560" total="96541696" percent="20" />
      <mem type="loa" free="975872" total="975872" percent="100" />
    </mem>
    <remembered-set count="4566" />
  </mem-info>
</gc-start>
<allocation-stats totalBytes="112699432" discardedBytes="173344" >
  <allocated-bytes non-tlh="4599672" tlh="108099760" />
  <largest-consumer threadName="Default Executor-thread-5" threadId="00000000007BDD00" bytes="31032424" />
</allocation-stats>
<gc-op id="2110" type="scavenge" timems="12.195" contextid="2107" timestamp="2024-07-17T20:35:58.250">
  <scavenger-info tenureage="5" tenuremask="7fe0" tiltratio="81" />
  <memory-copied type="nursery" objects="163261" bytes="21843600" bytesdiscarded="406760" />
  <memory-copied type="tenure" objects="26011" bytes="1879824" bytesdiscarded="640" />
  <finalization candidates="3192" enqueued="3191" />
  <ownableSynchronizers candidates="39" cleared="2" />
  <references type="weak" candidates="47" cleared="4" enqueued="4" />
  <references type="phantom" candidates="40" cleared="0" enqueued="0" />
  <object-monitors candidates="133" cleared="0"  />
</gc-op>
<heap-resize id="2111" type="expand" space="nursery" amount="9437184" count="1" timems="0.028" reason="excessive time being spent scavenging" timestamp="2024-07-17T20:35:58.250" />
<gc-end id="2112" type="scavenge" contextid="2107" durationms="13.308" usertimems="85.269" systemtimems="0.000" stalltimems="43.877" timestamp="2024-07-17T20:35:58.250" activeThreads="12">
  <mem-info id="2113" free="144924040" total="277348352" percent="52">
    <mem type="nursery" free="126109632" total="179830784" percent="70">
      <mem type="allocate" free="126109632" total="148373504" percent="84" />
      <mem type="survivor" free="0" total="31457280" percent="0" />
    </mem>
    <mem type="tenure" free="18814408" total="97517568" percent="19">
      <mem type="soa" free="17838536" total="96541696" percent="18" />
      <mem type="loa" free="975872" total="975872" percent="100" />
    </mem>
    <pending-finalizers system="0" default="3191" reference="4" classloader="0" />
    <remembered-set count="5325" />
  </mem-info>
</gc-end>
<cycle-end id="2114" type="scavenge" contextid="2107" timestamp="2024-07-17T20:35:58.251" />
<allocation-satisfied id="2115" threadId="0000000000873C00" bytesRequested="24" />
<af-end id="2116" timestamp="2024-07-17T20:35:58.251" threadId="0000000000874638" success="true" from="nursery"/>
<exclusive-end id="2117" timestamp="2024-07-17T20:35:58.251" durationms="15.158" />

<exclusive-start id="2118" timestamp="2024-07-17T20:35:58.362" intervalms="126.512">
  <response-info timems="0.070" idlems="0.070" threads="0" lastid="00000000007BDD00" lastname="Default Executor-thread-5" />
</exclusive-start>
<af-start id="2119" threadId="00000000007BE738" totalBytesRequested="7152" timestamp="2024-07-17T20:35:58.363" intervalms="126.527" type="nursery" />
<cycle-start id="2120" type="scavenge" contextid="0" timestamp="2024-07-17T20:35:58.363" intervalms="126.579" />
<gc-start id="2121" type="scavenge" contextid="2120" timestamp="2024-07-17T20:35:58.364">
  <mem-info id="2122" free="18808536" total="277348352" percent="6">
    <mem type="nursery" free="0" total="179830784" percent="0">
      <mem type="allocate" free="0" total="148373504" percent="0" />
      <mem type="survivor" free="0" total="31457280" percent="0" />
    </mem>
    <mem type="tenure" free="18808536" total="97517568" percent="19">
      <mem type="soa" free="17832664" total="96541696" percent="18" />
      <mem type="loa" free="975872" total="975872" percent="100" />
    </mem>
    <remembered-set count="6358" />
  </mem-info>
</gc-start>
<allocation-stats totalBytes="126029160" discardedBytes="86344" >
  <allocated-bytes non-tlh="4693760" tlh="121335400" />
  <largest-consumer threadName="Default Executor-thread-5" threadId="00000000007BDD00" bytes="39678808" />
</allocation-stats>
<gc-op id="2123" type="scavenge" timems="8.492" contextid="2120" timestamp="2024-07-17T20:35:58.372">
  <scavenger-info tenureage="5" tenuremask="7fe0" tiltratio="82" />
  <memory-copied type="nursery" objects="163064" bytes="19175968" bytesdiscarded="414688" />
  <memory-copied type="tenure" objects="30701" bytes="1943312" bytesdiscarded="1504" />
  <finalization candidates="1472" enqueued="1472" />
  <ownableSynchronizers candidates="70" cleared="27" />
  <references type="soft" candidates="36" cleared="0" enqueued="0" dynamicThreshold="9" maxThreshold="32" />
  <references type="weak" candidates="93" cleared="36" enqueued="36" />
  <references type="phantom" candidates="149" cleared="100" enqueued="100" />
  <object-monitors candidates="133" cleared="0"  />
</gc-op>
<gc-end id="2124" type="scavenge" contextid="2120" durationms="9.524" usertimems="58.838" systemtimems="5.615" stalltimems="37.161" timestamp="2024-07-17T20:35:58.373" activeThreads="12">
  <mem-info id="2125" free="148384136" total="277348352" percent="53">
    <mem type="nursery" free="131322248" total="179830784" percent="73">
      <mem type="allocate" free="131322248" total="150929408" percent="87" />
      <mem type="survivor" free="0" total="28901376" percent="0" />
    </mem>
    <mem type="tenure" free="17061888" total="97517568" percent="17">
      <mem type="soa" free="16086016" total="96541696" percent="16" />
      <mem type="loa" free="975872" total="975872" percent="100" />
    </mem>
    <pending-finalizers system="0" default="1472" reference="136" classloader="0" />
    <remembered-set count="6382" />
  </mem-info>
</gc-end>
<cycle-end id="2126" type="scavenge" contextid="2120" timestamp="2024-07-17T20:35:58.373" />
<allocation-satisfied id="2127" threadId="00000000007BDD00" bytesRequested="7152" />
<af-end id="2128" timestamp="2024-07-17T20:35:58.374" threadId="00000000007BE738" success="true" from="nursery"/>
<exclusive-end id="2129" timestamp="2024-07-17T20:35:58.374" durationms="11.436" />

<exclusive-start id="2130" timestamp="2024-07-17T20:35:58.552" intervalms="189.352">
  <response-info timems="0.056" idlems="0.056" threads="0" lastid="00000000007BDD00" lastname="Default Executor-thread-5" />
</exclusive-start>
<af-start id="2131" threadId="00000000007BE738" totalBytesRequested="5536" timestamp="2024-07-17T20:35:58.552" intervalms="189.344" type="nursery" />
<cycle-start id="2132" type="scavenge" contextid="0" timestamp="2024-07-17T20:35:58.552" intervalms="189.338" />
<gc-start id="2133" type="scavenge" contextid="2132" timestamp="2024-07-17T20:35:58.553">
  <mem-info id="2134" free="16990104" total="277348352" percent="6">
    <mem type="nursery" free="0" total="179830784" percent="0">
      <mem type="allocate" free="0" total="150929408" percent="0" />
      <mem type="survivor" free="0" total="28901376" percent="0" />
    </mem>
    <mem type="tenure" free="16990104" total="97517568" percent="17">
      <mem type="soa" free="16014232" total="96541696" percent="16" />
      <mem type="loa" free="975872" total="975872" percent="100" />
    </mem>
    <remembered-set count="8346" />
  </mem-info>
</gc-start>
<allocation-stats totalBytes="131170672" discardedBytes="223360" >
  <allocated-bytes non-tlh="2662800" tlh="128507872" />
  <largest-consumer threadName="Default Executor-thread-5" threadId="00000000007BDD00" bytes="74461648" />
</allocation-stats>
<gc-op id="2135" type="scavenge" timems="8.249" contextid="2132" timestamp="2024-07-17T20:35:58.561">
  <scavenger-info tenureage="5" tenuremask="7fe0" tiltratio="83" />
  <memory-copied type="nursery" objects="156588" bytes="21296136" bytesdiscarded="346184" />
  <memory-copied type="tenure" objects="18089" bytes="1296448" bytesdiscarded="1016" />
  <finalization candidates="2726" enqueued="2725" />
  <ownableSynchronizers candidates="97" cleared="44" />
  <references type="soft" candidates="166" cleared="0" enqueued="0" dynamicThreshold="9" maxThreshold="32" />
  <references type="weak" candidates="296" cleared="170" enqueued="170" />
  <references type="phantom" candidates="147" cleared="86" enqueued="86" />
  <object-monitors candidates="221" cleared="77"  />
</gc-op>
<gc-end id="2136" type="scavenge" contextid="2132" durationms="8.964" usertimems="55.892" systemtimems="6.408" stalltimems="31.115" timestamp="2024-07-17T20:35:58.562" activeThreads="12">
  <mem-info id="2137" free="145120144" total="277348352" percent="52">
    <mem type="nursery" free="129610784" total="179830784" percent="72">
      <mem type="allocate" free="129610784" total="151257088" percent="85" />
      <mem type="survivor" free="0" total="28573696" percent="0" />
    </mem>
    <mem type="tenure" free="15509360" total="97517568" percent="15">
      <mem type="soa" free="14533488" total="96541696" percent="15" />
      <mem type="loa" free="975872" total="975872" percent="100" />
    </mem>
    <pending-finalizers system="132" default="2593" reference="256" classloader="0" />
    <remembered-set count="9591" />
  </mem-info>
</gc-end>
<cycle-end id="2138" type="scavenge" contextid="2132" timestamp="2024-07-17T20:35:58.562" />
<allocation-satisfied id="2139" threadId="00000000007BDD00" bytesRequested="5536" />
<af-end id="2140" timestamp="2024-07-17T20:35:58.563" threadId="00000000007BE738" success="true" from="nursery"/>
<exclusive-end id="2141" timestamp="2024-07-17T20:35:58.563" durationms="10.993" />

<exclusive-start id="2142" timestamp="2024-07-17T20:35:58.856" intervalms="304.542">
  <response-info timems="0.088" idlems="0.088" threads="0" lastid="00000000007BDD00" lastname="Default Executor-thread-5" />
</exclusive-start>
<af-start id="2143" threadId="00000000007BE738" totalBytesRequested="4344" timestamp="2024-07-17T20:35:58.857" intervalms="304.580" type="nursery" />
<cycle-start id="2144" type="scavenge" contextid="0" timestamp="2024-07-17T20:35:58.857" intervalms="304.616" />
<gc-start id="2145" type="scavenge" contextid="2144" timestamp="2024-07-17T20:35:58.858">
  <mem-info id="2146" free="15352736" total="277348352" percent="5">
    <mem type="nursery" free="0" total="179830784" percent="0">
      <mem type="allocate" free="0" total="151257088" percent="0" />
      <mem type="survivor" free="0" total="28573696" percent="0" />
    </mem>
    <mem type="tenure" free="15352736" total="97517568" percent="15">
      <mem type="soa" free="14376864" total="96541696" percent="14" />
      <mem type="loa" free="975872" total="975872" percent="100" />
    </mem>
    <remembered-set count="13890" />
  </mem-info>
</gc-start>
<allocation-stats totalBytes="129643848" discardedBytes="123560" >
  <allocated-bytes non-tlh="1758120" tlh="127885728" />
  <largest-consumer threadName="Default Executor-thread-5" threadId="00000000007BDD00" bytes="88341512" />
</allocation-stats>
<gc-op id="2147" type="scavenge" timems="16.128" contextid="2144" timestamp="2024-07-17T20:35:58.874">
  <scavenger-info tenureage="5" tenuremask="7fe0" tiltratio="84" />
  <memory-copied type="nursery" objects="273254" bytes="27962488" bytesdiscarded="599416" />
  <memory-copied type="tenure" objects="20289" bytes="2287152" bytesdiscarded="5432" />
  <copy-failed type="nursery" objects="1094" bytes="916752" />
  <finalization candidates="3529" enqueued="3528" />
  <ownableSynchronizers candidates="327" cleared="42" />
  <references type="soft" candidates="1147" cleared="0" enqueued="0" dynamicThreshold="9" maxThreshold="32" />
  <references type="weak" candidates="657" cleared="209" enqueued="209" />
  <references type="phantom" candidates="161" cleared="59" enqueued="59" />
  <object-monitors candidates="291" cleared="119"  />
</gc-op>
<heap-resize id="2148" type="expand" space="nursery" amount="6422528" count="1" timems="0.033" reason="excessive time being spent scavenging" timestamp="2024-07-17T20:35:58.874" />
<gc-end id="2149" type="scavenge" contextid="2144" durationms="17.311" usertimems="138.551" systemtimems="0.946" stalltimems="49.542" timestamp="2024-07-17T20:35:58.875" activeThreads="12">
  <mem-info id="2150" free="126939936" total="283770880" percent="44">
    <mem type="nursery" free="113836032" total="186253312" percent="61">
      <mem type="allocate" free="113836032" total="142409728" percent="79" />
      <mem type="survivor" free="0" total="43843584" percent="0" />
    </mem>
    <mem type="tenure" free="13103904" total="97517568" percent="13">
      <mem type="soa" free="12128032" total="96541696" percent="12" />
      <mem type="loa" free="975872" total="975872" percent="100" />
    </mem>
    <pending-finalizers system="97" default="3431" reference="268" classloader="0" />
    <remembered-set count="10900" />
  </mem-info>
</gc-end>
<cycle-end id="2151" type="scavenge" contextid="2144" timestamp="2024-07-17T20:35:58.875" />
<allocation-satisfied id="2152" threadId="00000000007BDD00" bytesRequested="4344" />
<af-end id="2153" timestamp="2024-07-17T20:35:58.876" threadId="00000000007BE738" success="true" from="nursery"/>
<exclusive-end id="2154" timestamp="2024-07-17T20:35:58.876" durationms="19.751" />

<exclusive-start id="2155" timestamp="2024-07-17T20:35:59.334" intervalms="477.172">
  <response-info timems="0.075" idlems="0.070" threads="1" lastid="00000000007BDD00" lastname="Default Executor-thread-5" />
</exclusive-start>
<af-start id="2156" threadId="0000000000829E38" totalBytesRequested="24" timestamp="2024-07-17T20:35:59.334" intervalms="477.123" type="nursery" />
<cycle-start id="2157" type="scavenge" contextid="0" timestamp="2024-07-17T20:35:59.334" intervalms="477.112" />
<gc-start id="2158" type="scavenge" contextid="2157" timestamp="2024-07-17T20:35:59.335">
  <mem-info id="2159" free="12942232" total="283770880" percent="4">
    <mem type="nursery" free="0" total="186253312" percent="0">
      <mem type="allocate" free="0" total="142409728" percent="0" />
      <mem type="survivor" free="0" total="43843584" percent="0" />
    </mem>
    <mem type="tenure" free="12942232" total="97517568" percent="13">
      <mem type="soa" free="11966360" total="96541696" percent="12" />
      <mem type="loa" free="975872" total="975872" percent="100" />
    </mem>
    <remembered-set count="16268" />
  </mem-info>
</gc-start>
<allocation-stats totalBytes="113939992" discardedBytes="57712" >
  <allocated-bytes non-tlh="6838608" tlh="107101384" />
  <largest-consumer threadName="Default Executor-thread-5" threadId="00000000007BDD00" bytes="64609704" />
</allocation-stats>
<gc-op id="2160" type="scavenge" timems="16.841" contextid="2157" timestamp="2024-07-17T20:35:59.352">
  <scavenger-info tenureage="5" tenuremask="7fe0" tiltratio="76" />
  <memory-copied type="nursery" objects="521709" bytes="32051672" bytesdiscarded="245280" />
  <memory-copied type="tenure" objects="26696" bytes="1967968" bytesdiscarded="1008" />
  <finalization candidates="913" enqueued="912" />
  <ownableSynchronizers candidates="371" cleared="79" />
  <references type="soft" candidates="1745" cleared="0" enqueued="0" dynamicThreshold="9" maxThreshold="32" />
  <references type="weak" candidates="1063" cleared="265" enqueued="265" />
  <references type="phantom" candidates="160" cleared="61" enqueued="61" />
  <object-monitors candidates="355" cleared="127"  />
</gc-op>
<gc-end id="2161" type="scavenge" contextid="2157" durationms="17.552" usertimems="161.453" systemtimems="4.941" stalltimems="30.741" timestamp="2024-07-17T20:35:59.352" activeThreads="12">
  <mem-info id="2162" free="123784256" total="283770880" percent="43">
    <mem type="nursery" free="112773888" total="186253312" percent="60">
      <mem type="allocate" free="112773888" total="145096704" percent="77" />
      <mem type="survivor" free="0" total="41156608" percent="0" />
    </mem>
    <mem type="tenure" free="11010368" total="97517568" percent="11">
      <mem type="soa" free="10034496" total="96541696" percent="10" />
      <mem type="loa" free="975872" total="975872" percent="100" />
    </mem>
    <pending-finalizers system="106" default="806" reference="326" classloader="0" />
    <remembered-set count="14156" />
  </mem-info>
</gc-end>
<cycle-end id="2163" type="scavenge" contextid="2157" timestamp="2024-07-17T20:35:59.353" />
<allocation-satisfied id="2164" threadId="0000000000829400" bytesRequested="24" />
<af-end id="2165" timestamp="2024-07-17T20:35:59.353" threadId="0000000000829E38" success="true" from="nursery"/>
<exclusive-end id="2166" timestamp="2024-07-17T20:35:59.353" durationms="19.456" />

<exclusive-start id="2167" timestamp="2024-07-17T20:35:59.635" intervalms="301.918">
  <response-info timems="0.062" idlems="0.062" threads="0" lastid="00000000007BDD00" lastname="Default Executor-thread-5" />
</exclusive-start>
<af-start id="2168" threadId="00000000007BE738" totalBytesRequested="56" timestamp="2024-07-17T20:35:59.636" intervalms="302.005" type="nursery" />
<cycle-start id="2169" type="scavenge" contextid="0" timestamp="2024-07-17T20:35:59.636" intervalms="301.978" />
<gc-start id="2170" type="scavenge" contextid="2169" timestamp="2024-07-17T20:35:59.637">
  <mem-info id="2171" free="10959904" total="283770880" percent="3">
    <mem type="nursery" free="0" total="186253312" percent="0">
      <mem type="allocate" free="0" total="145096704" percent="0" />
      <mem type="survivor" free="0" total="41156608" percent="0" />
    </mem>
    <mem type="tenure" free="10959904" total="97517568" percent="11">
      <mem type="soa" free="9984032" total="96541696" percent="10" />
      <mem type="loa" free="975872" total="975872" percent="100" />
    </mem>
    <remembered-set count="15118" />
  </mem-info>
</gc-start>
<allocation-stats totalBytes="112732776" discardedBytes="91576" >
  <allocated-bytes non-tlh="2718376" tlh="110014400" />
  <largest-consumer threadName="Default Executor-thread-5" threadId="00000000007BDD00" bytes="95605992" />
</allocation-stats>
<gc-op id="2172" type="scavenge" timems="17.263" contextid="2169" timestamp="2024-07-17T20:35:59.654">
  <scavenger-info tenureage="5" tenuremask="7fe0" tiltratio="77" />
  <memory-copied type="nursery" objects="441240" bytes="35864680" bytesdiscarded="484552" />
  <memory-copied type="tenure" objects="29777" bytes="2394600" bytesdiscarded="1904" />
  <finalization candidates="2298" enqueued="2297" />
  <ownableSynchronizers candidates="356" cleared="89" />
  <references type="soft" candidates="2090" cleared="0" enqueued="0" dynamicThreshold="9" maxThreshold="32" />
  <references type="weak" candidates="552" cleared="79" enqueued="79" />
  <references type="phantom" candidates="119" cleared="5" enqueued="5" />
  <object-monitors candidates="235" cleared="34"  />
</gc-op>
<gc-end id="2173" type="scavenge" contextid="2169" durationms="18.316" usertimems="124.625" systemtimems="18.196" stalltimems="60.448" timestamp="2024-07-17T20:35:59.655" activeThreads="12">
  <mem-info id="2174" free="113281440" total="283770880" percent="39">
    <mem type="nursery" free="104803736" total="186253312" percent="56">
      <mem type="allocate" free="104803736" total="141164544" percent="74" />
      <mem type="survivor" free="0" total="45088768" percent="0" />
    </mem>
    <mem type="tenure" free="8477704" total="97517568" percent="8">
      <mem type="soa" free="7501832" total="96541696" percent="7" />
      <mem type="loa" free="975872" total="975872" percent="100" />
    </mem>
    <pending-finalizers system="18" default="2279" reference="84" classloader="0" />
    <remembered-set count="11965" />
  </mem-info>
</gc-end>
<cycle-end id="2175" type="scavenge" contextid="2169" timestamp="2024-07-17T20:35:59.655" />
<allocation-satisfied id="2176" threadId="00000000007BDD00" bytesRequested="56" />
<af-end id="2177" timestamp="2024-07-17T20:35:59.656" threadId="00000000007BE738" success="true" from="nursery"/>
<exclusive-end id="2178" timestamp="2024-07-17T20:35:59.656" durationms="20.696" />

<concurrent-kickoff id="2179" timestamp="2024-07-17T20:35:59.876">
  <kickoff reason="threshold reached" targetBytes="48148039" thresholdFreeBytes="6635199"  remainingFree="6573040" tenureFreeBytes="8477704" nurseryFreeBytes="6573040" />
</concurrent-kickoff>
<exclusive-start id="2180" timestamp="2024-07-17T20:35:59.878" intervalms="242.255">
  <response-info timems="0.053" idlems="0.053" threads="0" lastid="00000000007BDD00" lastname="Default Executor-thread-5" />
</exclusive-start>
<cycle-start id="2181" type="global" contextid="0" timestamp="2024-07-17T20:35:59.878" intervalms="2169.669" />
<concurrent-start id="2182" type="global mark" contextid="2181" timestamp="2024-07-17T20:35:59.878">
</concurrent-start>
<exclusive-end id="2183" timestamp="2024-07-17T20:35:59.879" durationms="0.953" />

<concurrent-end id="2184" type="global mark" contextid="2181" timestamp="2024-07-17T20:35:59.945">
<gc-op id="2185" type="trace" timems="66.571" contextid="2181" timestamp="2024-07-17T20:35:59.945">
  <trace bytesTraced="49595028" workStackOverflowCount="0" />
  <card-cleaning reason="card cleaning threshold reached" bytesTraced="12364" cardsCleaned="31" />
</gc-op>
</concurrent-end>

<exclusive-start id="2186" timestamp="2024-07-17T20:35:59.946" intervalms="68.098">
  <response-info timems="0.066" idlems="0.066" threads="0" lastid="00000000007BDD00" lastname="Default Executor-thread-5" />
</exclusive-start>
<concurrent-global-final id="2187" timestamp="2024-07-17T20:35:59.946" contextid="2181" intervalms="2629.628" >
  <concurrent-trace-info reason="card cleaning threshold reached" tracedByMutators="19812344" tracedByHelpers="29795048" cardsCleaned="31" workStackOverflowCount="0" />
</concurrent-global-final>
<gc-start id="2188" type="global" contextid="2181" timestamp="2024-07-17T20:35:59.947">
  <mem-info id="2189" free="8870304" total="283770880" percent="3">
    <mem type="nursery" free="392600" total="186253312" percent="0">
      <mem type="allocate" free="392600" total="141164544" percent="0" />
      <mem type="survivor" free="0" total="45088768" percent="0" />
    </mem>
    <mem type="tenure" free="8477704" total="97517568" percent="8">
      <mem type="soa" free="7501832" total="96541696" percent="7" />
      <mem type="loa" free="975872" total="975872" percent="100" />
    </mem>
    <remembered-set count="12013" />
  </mem-info>
</gc-start>
<allocation-stats totalBytes="104326184" discardedBytes="84952" >
  <allocated-bytes non-tlh="2187688" tlh="102138496" />
  <largest-consumer threadName="Default Executor-thread-5" threadId="00000000007BDD00" bytes="103712328" />
</allocation-stats>
<gc-op id="2190" type="rs-scan" timems="9.714" contextid="2181" timestamp="2024-07-17T20:35:59.957">
  <scan objectsFound="461372" bytesTraced="27617800" workStackOverflowCount="0" />
</gc-op>
<gc-op id="2191" type="card-cleaning" timems="2.065" contextid="2181" timestamp="2024-07-17T20:35:59.960">
  <card-cleaning cardsCleaned="3" bytesTraced="2092" workStackOverflowCount="0" />
</gc-op>
<gc-op id="2192" type="mark" timems="12.645" contextid="2181" timestamp="2024-07-17T20:35:59.973">
  <trace-info objectcount="33526" scancount="22675" scanbytes="776392" />
  <finalization candidates="4022" enqueued="3146" />
  <ownableSynchronizers candidates="8109" cleared="52" />
  <references type="soft" candidates="14501" cleared="0" enqueued="0" dynamicThreshold="9" maxThreshold="32" />
  <references type="weak" candidates="15381" cleared="5" enqueued="5" />
  <references type="phantom" candidates="430" cleared="0" enqueued="0" />
  <stringconstants candidates="40073" cleared="32"  />
  <object-monitors candidates="201" cleared="8"  />
</gc-op>
<gc-op id="2193" type="classunload" timems="1.780" contextid="2181" timestamp="2024-07-17T20:35:59.975">
  <classunload-info classloadercandidates="437" classloadersunloaded="0" classesunloaded="2" anonymousclassesunloaded="2" quiescems="0.000" setupms="1.754" scanms="0.025" postms="0.000" />
</gc-op>
<gc-op id="2194" type="sweep" timems="2.421" contextid="2181" timestamp="2024-07-17T20:35:59.978" />
<heap-resize id="2195" type="expand" space="tenure" amount="14811136" count="1" timems="0.182" reason="insufficient free space following gc" timestamp="2024-07-17T20:35:59.979" />
<gc-end id="2196" type="global" contextid="2181" durationms="32.229" usertimems="147.631" systemtimems="11.491" stalltimems="110.236" timestamp="2024-07-17T20:35:59.979" activeThreads="12">
  <mem-info id="2197" free="132078904" total="298582016" percent="44">
    <mem type="nursery" free="98371688" total="186253312" percent="52">
      <mem type="allocate" free="98371688" total="141164544" percent="69" />
      <mem type="survivor" free="0" total="45088768" percent="0" />
    </mem>
    <mem type="tenure" free="33707216" total="112328704" percent="30" micro-fragmented="1678334" macro-fragmented="0">
      <mem type="soa" free="32583888" total="111205376" percent="29" />
      <mem type="loa" free="1123328" total="1123328" percent="100" />
    </mem>
    <pending-finalizers system="0" default="3146" reference="5" classloader="0" />
    <remembered-set count="10304" />
  </mem-info>
</gc-end>
<cycle-end id="2198" type="global" contextid="2181" timestamp="2024-07-17T20:35:59.979" />
<exclusive-end id="2199" timestamp="2024-07-17T20:35:59.980" durationms="33.899" />

<exclusive-start id="2200" timestamp="2024-07-17T20:36:00.229" intervalms="282.938">
  <response-info timems="0.178" idlems="0.136" threads="2" lastid="0000000000A76800" lastname="Default Executor-thread-21" />
</exclusive-start>
<af-start id="2201" threadId="0000000000826238" totalBytesRequested="4696" timestamp="2024-07-17T20:36:00.229" intervalms="593.327" type="nursery" />
<cycle-start id="2202" type="scavenge" contextid="0" timestamp="2024-07-17T20:36:00.230" intervalms="593.385" />
<gc-start id="2203" type="scavenge" contextid="2202" timestamp="2024-07-17T20:36:00.230">
  <mem-info id="2204" free="33691064" total="298582016" percent="11">
    <mem type="nursery" free="0" total="186253312" percent="0">
      <mem type="allocate" free="0" total="141164544" percent="0" />
      <mem type="survivor" free="0" total="45088768" percent="0" />
    </mem>
    <mem type="tenure" free="33691064" total="112328704" percent="29">
      <mem type="soa" free="32567736" total="111205376" percent="29" />
      <mem type="loa" free="1123328" total="1123328" percent="100" />
    </mem>
    <remembered-set count="11071" />
  </mem-info>
</gc-start>
<allocation-stats totalBytes="96525008" discardedBytes="1468144" >
  <allocated-bytes non-tlh="28975000" tlh="67550008" />
  <largest-consumer threadName="Default Executor-thread-5" threadId="00000000007BDD00" bytes="88708856" />
</allocation-stats>
<gc-op id="2205" type="scavenge" timems="15.128" contextid="2202" timestamp="2024-07-17T20:36:00.246">
  <scavenger-info tenureage="5" tenuremask="7fe0" tiltratio="75" />
  <memory-copied type="nursery" objects="476474" bytes="39710872" bytesdiscarded="450096" />
  <memory-copied type="tenure" objects="26619" bytes="3093928" bytesdiscarded="15936" />
  <finalization candidates="3659" enqueued="3659" />
  <ownableSynchronizers candidates="15889" cleared="15621" />
  <references type="soft" candidates="2093" cleared="0" enqueued="0" dynamicThreshold="9" maxThreshold="32" />
  <references type="weak" candidates="621" cleared="79" enqueued="79" />
  <references type="phantom" candidates="195" cleared="64" enqueued="64" />
  <object-monitors candidates="204" cleared="8"  />
</gc-op>
<gc-end id="2206" type="scavenge" contextid="2202" durationms="16.419" usertimems="126.256" systemtimems="19.556" stalltimems="34.663" timestamp="2024-07-17T20:36:00.247" activeThreads="12">
  <mem-info id="2207" free="126577752" total="298582016" percent="42">
    <mem type="nursery" free="96598960" total="186253312" percent="51">
      <mem type="allocate" free="96598960" total="136773632" percent="70" />
      <mem type="survivor" free="0" total="49479680" percent="0" />
    </mem>
    <mem type="tenure" free="29978792" total="112328704" percent="26">
      <mem type="soa" free="28855464" total="111205376" percent="25" />
      <mem type="loa" free="1123328" total="1123328" percent="100" />
    </mem>
    <pending-finalizers system="24" default="3635" reference="143" classloader="0" />
    <remembered-set count="10138" />
  </mem-info>
</gc-end>
<cycle-end id="2208" type="scavenge" contextid="2202" timestamp="2024-07-17T20:36:00.247" />
<allocation-satisfied id="2209" threadId="0000000000825800" bytesRequested="4696" />
<af-end id="2210" timestamp="2024-07-17T20:36:00.248" threadId="0000000000826238" success="true" from="nursery"/>
<exclusive-end id="2211" timestamp="2024-07-17T20:36:00.248" durationms="19.359" />

<exclusive-start id="2212" timestamp="2024-07-17T20:36:00.456" intervalms="227.477">
  <response-info timems="0.052" idlems="0.052" threads="0" lastid="00000000007BDD00" lastname="Default Executor-thread-5" />
</exclusive-start>
<af-start id="2213" threadId="00000000007BE738" totalBytesRequested="704" timestamp="2024-07-17T20:36:00.457" intervalms="227.562" type="nursery" />
<cycle-start id="2214" type="scavenge" contextid="0" timestamp="2024-07-17T20:36:00.457" intervalms="227.635" />
<gc-start id="2215" type="scavenge" contextid="2214" timestamp="2024-07-17T20:36:00.458">
  <mem-info id="2216" free="29970976" total="298582016" percent="10">
    <mem type="nursery" free="0" total="186253312" percent="0">
      <mem type="allocate" free="0" total="136773632" percent="0" />
      <mem type="survivor" free="0" total="49479680" percent="0" />
    </mem>
    <mem type="tenure" free="29970976" total="112328704" percent="26">
      <mem type="soa" free="28847648" total="111205376" percent="25" />
      <mem type="loa" free="1123328" total="1123328" percent="100" />
    </mem>
    <remembered-set count="10733" />
  </mem-info>
</gc-start>
<allocation-stats totalBytes="96520656" discardedBytes="86120" >
  <allocated-bytes non-tlh="3681816" tlh="92838840" />
  <largest-consumer threadName="Default Executor-thread-5" threadId="00000000007BDD00" bytes="92831800" />
</allocation-stats>
<gc-op id="2217" type="scavenge" timems="15.744" contextid="2214" timestamp="2024-07-17T20:36:00.474">
  <scavenger-info tenureage="3" tenuremask="7fe8" tiltratio="73" />
  <memory-copied type="nursery" objects="321621" bytes="29734176" bytesdiscarded="598936" />
  <memory-copied type="tenure" objects="179082" bytes="12482648" bytesdiscarded="14352" />
  <finalization candidates="3813" enqueued="3813" />
  <ownableSynchronizers candidates="280" cleared="0" />
  <references type="soft" candidates="1377" cleared="0" enqueued="0" dynamicThreshold="9" maxThreshold="32" />
  <references type="weak" candidates="443" cleared="93" enqueued="93" />
  <references type="phantom" candidates="201" cleared="36" enqueued="36" />
  <object-monitors candidates="204" cleared="6"  />
</gc-op>
<heap-resize id="2218" type="expand" space="nursery" amount="7995392" count="1" timems="0.027" reason="excessive time being spent scavenging" timestamp="2024-07-17T20:36:00.474" />
<gc-end id="2219" type="scavenge" contextid="2214" durationms="17.370" usertimems="127.674" systemtimems="20.908" stalltimems="37.118" timestamp="2024-07-17T20:36:00.475" activeThreads="12">
  <mem-info id="2220" free="130523752" total="306577408" percent="42">
    <mem type="nursery" free="113047056" total="194248704" percent="58">
      <mem type="allocate" free="113047056" total="143392768" percent="78" />
      <mem type="survivor" free="0" total="50855936" percent="0" />
    </mem>
    <mem type="tenure" free="17476696" total="112328704" percent="15">
      <mem type="soa" free="16353368" total="111205376" percent="14" />
      <mem type="loa" free="1123328" total="1123328" percent="100" />
    </mem>
    <pending-finalizers system="15" default="3798" reference="129" classloader="0" />
    <remembered-set count="19544" />
  </mem-info>
</gc-end>
<cycle-end id="2221" type="scavenge" contextid="2214" timestamp="2024-07-17T20:36:00.475" />
<allocation-satisfied id="2222" threadId="00000000007BDD00" bytesRequested="704" />
<af-end id="2223" timestamp="2024-07-17T20:36:00.476" threadId="00000000007BE738" success="true" from="nursery"/>
<exclusive-end id="2224" timestamp="2024-07-17T20:36:00.476" durationms="20.199" />

<exclusive-start id="2225" timestamp="2024-07-17T20:36:00.754" intervalms="297.751">
  <response-info timems="0.053" idlems="0.053" threads="0" lastid="00000000007BDD00" lastname="Default Executor-thread-5" />
</exclusive-start>
<af-start id="2226" threadId="00000000007BE738" totalBytesRequested="16392" timestamp="2024-07-17T20:36:00.754" intervalms="297.754" type="nursery" />
<cycle-start id="2227" type="scavenge" contextid="0" timestamp="2024-07-17T20:36:00.755" intervalms="297.745" />
<gc-start id="2228" type="scavenge" contextid="2227" timestamp="2024-07-17T20:36:00.756">
  <mem-info id="2229" free="17476696" total="306577408" percent="5">
    <mem type="nursery" free="0" total="194248704" percent="0">
      <mem type="allocate" free="0" total="143392768" percent="0" />
      <mem type="survivor" free="0" total="50855936" percent="0" />
    </mem>
    <mem type="tenure" free="17476696" total="112328704" percent="15">
      <mem type="soa" free="16353368" total="111205376" percent="14" />
      <mem type="loa" free="1123328" total="1123328" percent="100" />
    </mem>
    <remembered-set count="20119" />
  </mem-info>
</gc-start>
<allocation-stats totalBytes="112906400" discardedBytes="140656" >
  <allocated-bytes non-tlh="1246472" tlh="111659928" />
  <largest-consumer threadName="Default Executor-thread-5" threadId="00000000007BDD00" bytes="112349856" />
</allocation-stats>
<gc-op id="2230" type="scavenge" timems="18.998" contextid="2227" timestamp="2024-07-17T20:36:00.776">
  <scavenger-info tenureage="5" tenuremask="7fe0" tiltratio="73" />
  <memory-copied type="nursery" objects="283392" bytes="26849744" bytesdiscarded="582184" />
  <memory-copied type="tenure" objects="76056" bytes="4583840" bytesdiscarded="2240" />
  <finalization candidates="3229" enqueued="3229" />
  <ownableSynchronizers candidates="293" cleared="7" />
  <references type="soft" candidates="396" cleared="0" enqueued="0" dynamicThreshold="9" maxThreshold="32" />
  <references type="weak" candidates="254" cleared="14" enqueued="14" />
  <references type="phantom" candidates="113" cleared="0" enqueued="0" />
  <object-monitors candidates="198" cleared="2"  />
</gc-op>
<gc-end id="2231" type="scavenge" contextid="2227" durationms="20.239" usertimems="130.892" systemtimems="31.185" stalltimems="46.845" timestamp="2024-07-17T20:36:00.777" activeThreads="12">
  <mem-info id="2232" free="133383456" total="306577408" percent="43">
    <mem type="nursery" free="120868344" total="194248704" percent="62">
      <mem type="allocate" free="120868344" total="148307968" percent="81" />
      <mem type="survivor" free="0" total="45940736" percent="0" />
    </mem>
    <mem type="tenure" free="12515112" total="112328704" percent="11">
      <mem type="soa" free="11391784" total="111205376" percent="10" />
      <mem type="loa" free="1123328" total="1123328" percent="100" />
    </mem>
    <pending-finalizers system="0" default="3229" reference="14" classloader="0" />
    <remembered-set count="2028" />
  </mem-info>
</gc-end>
<cycle-end id="2233" type="scavenge" contextid="2227" timestamp="2024-07-17T20:36:00.777" />
<allocation-satisfied id="2234" threadId="00000000007BDD00" bytesRequested="16392" />
<af-end id="2235" timestamp="2024-07-17T20:36:00.778" threadId="00000000007BE738" success="true" from="nursery"/>
<exclusive-end id="2236" timestamp="2024-07-17T20:36:00.778" durationms="24.082" />

<concurrent-kickoff id="2237" timestamp="2024-07-17T20:36:01.008">
  <kickoff reason="threshold reached" targetBytes="55806871" thresholdFreeBytes="7699629"  remainingFree="7586000" tenureFreeBytes="12513776" nurseryFreeBytes="7586000" />
</concurrent-kickoff>
<exclusive-start id="2238" timestamp="2024-07-17T20:36:01.009" intervalms="255.274">
  <response-info timems="0.051" idlems="0.051" threads="0" lastid="00000000007BDD00" lastname="Default Executor-thread-5" />
</exclusive-start>
<cycle-start id="2239" type="global" contextid="0" timestamp="2024-07-17T20:36:01.010" intervalms="1131.613" />
<concurrent-start id="2240" type="global mark" contextid="2239" timestamp="2024-07-17T20:36:01.010">
</concurrent-start>
<exclusive-end id="2241" timestamp="2024-07-17T20:36:01.010" durationms="1.142" />

<concurrent-end id="2242" type="global mark" contextid="2239" timestamp="2024-07-17T20:36:01.116">
<gc-op id="2243" type="trace" timems="105.733" contextid="2239" timestamp="2024-07-17T20:36:01.116">
  <trace bytesTraced="66354392" workStackOverflowCount="0" />
  <card-cleaning reason="card cleaning threshold reached" bytesTraced="34896" cardsCleaned="88" />
</gc-op>
</concurrent-end>

<exclusive-start id="2244" timestamp="2024-07-17T20:36:01.117" intervalms="107.351">
  <response-info timems="0.051" idlems="0.051" threads="0" lastid="00000000007BDD00" lastname="Default Executor-thread-5" />
</exclusive-start>
<concurrent-global-final id="2245" timestamp="2024-07-17T20:36:01.117" contextid="2239" intervalms="1170.803" >
  <concurrent-trace-info reason="card cleaning threshold reached" tracedByMutators="23599880" tracedByHelpers="42789408" cardsCleaned="88" workStackOverflowCount="0" />
</concurrent-global-final>
<gc-start id="2246" type="global" contextid="2239" timestamp="2024-07-17T20:36:01.118">
  <mem-info id="2247" free="12714632" total="306577408" percent="4">
    <mem type="nursery" free="200856" total="194248704" percent="0">
      <mem type="allocate" free="200856" total="148307968" percent="0" />
      <mem type="survivor" free="0" total="45940736" percent="0" />
    </mem>
    <mem type="tenure" free="12513776" total="112328704" percent="11">
      <mem type="soa" free="11390448" total="111205376" percent="10" />
      <mem type="loa" free="1123328" total="1123328" percent="100" />
    </mem>
    <remembered-set count="2336" />
  </mem-info>
</gc-start>
<allocation-stats totalBytes="120565872" discardedBytes="102952" >
  <allocated-bytes non-tlh="1733272" tlh="118832600" />
  <largest-consumer threadName="Default Executor-thread-5" threadId="00000000007BDD00" bytes="119964416" />
</allocation-stats>
<gc-op id="2248" type="rs-scan" timems="5.152" contextid="2239" timestamp="2024-07-17T20:36:01.124">
  <scan objectsFound="221240" bytesTraced="12439588" workStackOverflowCount="0" />
</gc-op>
<gc-op id="2249" type="card-cleaning" timems="1.053" contextid="2239" timestamp="2024-07-17T20:36:01.125">
  <card-cleaning cardsCleaned="0" bytesTraced="0" workStackOverflowCount="0" />
</gc-op>
<gc-op id="2250" type="mark" timems="10.727" contextid="2239" timestamp="2024-07-17T20:36:01.136">
  <trace-info objectcount="30100" scancount="26665" scanbytes="2132616" />
  <finalization candidates="1160" enqueued="284" />
  <ownableSynchronizers candidates="8183" cleared="127" />
  <references type="soft" candidates="14515" cleared="0" enqueued="0" dynamicThreshold="9" maxThreshold="32" />
  <references type="weak" candidates="15567" cleared="25" enqueued="25" />
  <references type="phantom" candidates="696" cleared="280" enqueued="280" />
  <stringconstants candidates="40175" cleared="16"  />
  <object-monitors candidates="196" cleared="4"  />
</gc-op>
<gc-op id="2251" type="classunload" timems="1.092" contextid="2239" timestamp="2024-07-17T20:36:01.138">
  <classunload-info classloadercandidates="439" classloadersunloaded="2" classesunloaded="2" anonymousclassesunloaded="0" quiescems="0.000" setupms="1.064" scanms="0.024" postms="0.002" />
</gc-op>
<gc-op id="2252" type="sweep" timems="1.670" contextid="2239" timestamp="2024-07-17T20:36:01.140" />
<heap-resize id="2253" type="expand" space="tenure" amount="20381696" count="1" timems="0.055" reason="insufficient free space following gc" timestamp="2024-07-17T20:36:01.140" />
<gc-end id="2254" type="global" contextid="2239" durationms="22.193" usertimems="68.531" systemtimems="26.360" stalltimems="92.894" timestamp="2024-07-17T20:36:01.140" activeThreads="12">
  <mem-info id="2255" free="168442200" total="326959104" percent="51">
    <mem type="nursery" free="128595480" total="194248704" percent="66">
      <mem type="allocate" free="128595480" total="148307968" percent="86" />
      <mem type="survivor" free="0" total="45940736" percent="0" />
    </mem>
    <mem type="tenure" free="39846720" total="132710400" percent="30" micro-fragmented="1713232" macro-fragmented="0">
      <mem type="soa" free="38519616" total="131383296" percent="29" />
      <mem type="loa" free="1327104" total="1327104" percent="100" />
    </mem>
    <pending-finalizers system="0" default="284" reference="305" classloader="0" />
    <remembered-set count="2115" />
  </mem-info>
</gc-end>
<cycle-end id="2256" type="global" contextid="2239" timestamp="2024-07-17T20:36:01.140" />
<exclusive-end id="2257" timestamp="2024-07-17T20:36:01.141" durationms="24.102" />

<exclusive-start id="2258" timestamp="2024-07-17T20:36:02.227" intervalms="1110.051">
  <response-info timems="0.058" idlems="0.058" threads="0" lastid="000000000182D300" lastname="Connection worker" />
</exclusive-start>
<af-start id="2259" threadId="000000000182DD38" totalBytesRequested="2672" timestamp="2024-07-17T20:36:02.227" intervalms="1472.563" type="nursery" />
<cycle-start id="2260" type="scavenge" contextid="0" timestamp="2024-07-17T20:36:02.227" intervalms="1472.497" />
<gc-start id="2261" type="scavenge" contextid="2260" timestamp="2024-07-17T20:36:02.228">
  <mem-info id="2262" free="39573992" total="326959104" percent="12">
    <mem type="nursery" free="0" total="194248704" percent="0">
      <mem type="allocate" free="0" total="148307968" percent="0" />
      <mem type="survivor" free="0" total="45940736" percent="0" />
    </mem>
    <mem type="tenure" free="39573992" total="132710400" percent="29">
      <mem type="soa" free="38246888" total="131383296" percent="29" />
      <mem type="loa" free="1327104" total="1327104" percent="100" />
    </mem>
    <remembered-set count="7780" />
  </mem-info>
</gc-start>
<allocation-stats totalBytes="128537904" discardedBytes="295248" >
  <allocated-bytes non-tlh="5829016" tlh="122708888" />
  <largest-consumer threadName="Default Executor-thread-5" threadId="00000000007BDD00" bytes="62547032" />
</allocation-stats>
<gc-op id="2263" type="scavenge" timems="11.399" contextid="2260" timestamp="2024-07-17T20:36:02.240">
  <scavenger-info tenureage="5" tenuremask="7fe0" tiltratio="76" />
  <memory-copied type="nursery" objects="376005" bytes="21511440" bytesdiscarded="303816" />
  <finalization candidates="1046" enqueued="1046" />
  <ownableSynchronizers candidates="16498" cleared="16272" />
  <references type="soft" candidates="1094" cleared="0" enqueued="0" dynamicThreshold="9" maxThreshold="32" />
  <references type="weak" candidates="2528" cleared="1603" enqueued="1603" />
  <references type="phantom" candidates="851" cleared="718" enqueued="718" />
  <object-monitors candidates="196" cleared="3"  />
</gc-op>
<gc-end id="2264" type="scavenge" contextid="2260" durationms="12.506" usertimems="95.774" systemtimems="0.000" stalltimems="39.745" timestamp="2024-07-17T20:36:02.241" activeThreads="12">
  <mem-info id="2265" free="168970688" total="326959104" percent="51">
    <mem type="nursery" free="129396696" total="194248704" percent="66">
      <mem type="allocate" free="129396696" total="151257088" percent="85" />
      <mem type="survivor" free="0" total="42991616" percent="0" />
    </mem>
    <mem type="tenure" free="39573992" total="132710400" percent="29">
      <mem type="soa" free="38246888" total="131383296" percent="29" />
      <mem type="loa" free="1327104" total="1327104" percent="100" />
    </mem>
    <pending-finalizers system="46" default="1000" reference="2321" classloader="0" />
    <remembered-set count="7071" />
  </mem-info>
</gc-end>
<cycle-end id="2266" type="scavenge" contextid="2260" timestamp="2024-07-17T20:36:02.241" />
<allocation-satisfied id="2267" threadId="000000000182D300" bytesRequested="2672" />
<af-end id="2268" timestamp="2024-07-17T20:36:02.242" threadId="000000000182DD38" success="true" from="nursery"/>
<exclusive-end id="2269" timestamp="2024-07-17T20:36:02.242" durationms="15.252" />

<exclusive-start id="2270" timestamp="2024-07-17T20:36:06.049" intervalms="3822.537">
  <response-info timems="0.063" idlems="0.063" threads="0" lastid="0000000000958700" lastname="Default Executor-thread-18" />
</exclusive-start>
<af-start id="2271" threadId="0000000000959138" totalBytesRequested="27024" timestamp="2024-07-17T20:36:06.050" intervalms="3822.580" type="nursery" />
<cycle-start id="2272" type="scavenge" contextid="0" timestamp="2024-07-17T20:36:06.050" intervalms="3822.662" />
<gc-start id="2273" type="scavenge" contextid="2272" timestamp="2024-07-17T20:36:06.051">
  <mem-info id="2274" free="38832896" total="326959104" percent="11">
    <mem type="nursery" free="0" total="194248704" percent="0">
      <mem type="allocate" free="0" total="151257088" percent="0" />
      <mem type="survivor" free="0" total="42991616" percent="0" />
    </mem>
    <mem type="tenure" free="38832896" total="132710400" percent="29">
      <mem type="soa" free="37505792" total="131383296" percent="28" />
      <mem type="loa" free="1327104" total="1327104" percent="100" />
    </mem>
    <remembered-set count="17288" />
  </mem-info>
</gc-start>
<allocation-stats totalBytes="128974216" discardedBytes="1117792" >
  <allocated-bytes non-tlh="16344864" tlh="112629352" />
  <largest-consumer threadName="Connection worker" threadId="000000000182D300" bytes="91445656" />
</allocation-stats>
<gc-op id="2275" type="scavenge" timems="14.312" contextid="2272" timestamp="2024-07-17T20:36:06.066">
  <scavenger-info tenureage="5" tenuremask="7fe0" tiltratio="77" />
  <memory-copied type="nursery" objects="288406" bytes="28790336" bytesdiscarded="257048" />
  <memory-copied type="tenure" objects="134851" bytes="5429624" bytesdiscarded="10800" />
  <finalization candidates="349" enqueued="340" />
  <ownableSynchronizers candidates="595" cleared="307" />
  <references type="soft" candidates="1674" cleared="0" enqueued="0" dynamicThreshold="9" maxThreshold="32" />
  <references type="weak" candidates="6351" cleared="5003" enqueued="4951" />
  <references type="phantom" candidates="1151" cleared="87" enqueued="87" />
  <object-monitors candidates="194" cleared="0"  />
</gc-op>
<gc-end id="2276" type="scavenge" contextid="2272" durationms="15.616" usertimems="118.427" systemtimems="0.000" stalltimems="44.555" timestamp="2024-07-17T20:36:06.067" activeThreads="12">
  <mem-info id="2277" free="155337072" total="326959104" percent="47">
    <mem type="nursery" free="122390744" total="194248704" percent="63">
      <mem type="allocate" free="122390744" total="151453696" percent="80" />
      <mem type="survivor" free="0" total="42795008" percent="0" />
    </mem>
    <mem type="tenure" free="32946328" total="132710400" percent="24">
      <mem type="soa" free="31619224" total="131383296" percent="24" />
      <mem type="loa" free="1327104" total="1327104" percent="100" />
    </mem>
    <pending-finalizers system="197" default="143" reference="5038" classloader="0" />
    <remembered-set count="16482" />
  </mem-info>
</gc-end>
<cycle-end id="2278" type="scavenge" contextid="2272" timestamp="2024-07-17T20:36:06.067" />
<allocation-satisfied id="2279" threadId="0000000000958700" bytesRequested="27024" />
<af-end id="2280" timestamp="2024-07-17T20:36:06.068" threadId="0000000000959138" success="true" from="nursery"/>
<exclusive-end id="2281" timestamp="2024-07-17T20:36:06.068" durationms="19.279" />

<exclusive-start id="2282" timestamp="2024-07-17T20:36:08.012" intervalms="1962.646">
  <response-info timems="0.063" idlems="0.063" threads="0" lastid="0000000000A72B00" lastname="Default Executor-thread-20" />
</exclusive-start>
<af-start id="2283" threadId="0000000000A73538" totalBytesRequested="192" timestamp="2024-07-17T20:36:08.012" intervalms="1962.495" type="nursery" />
<cycle-start id="2284" type="scavenge" contextid="0" timestamp="2024-07-17T20:36:08.012" intervalms="1962.338" />
<gc-start id="2285" type="scavenge" contextid="2284" timestamp="2024-07-17T20:36:08.013">
  <mem-info id="2286" free="32555992" total="326959104" percent="9">
    <mem type="nursery" free="0" total="194248704" percent="0">
      <mem type="allocate" free="0" total="151453696" percent="0" />
      <mem type="survivor" free="0" total="42795008" percent="0" />
    </mem>
    <mem type="tenure" free="32555992" total="132710400" percent="24">
      <mem type="soa" free="31228888" total="131383296" percent="23" />
      <mem type="loa" free="1327104" total="1327104" percent="100" />
    </mem>
    <remembered-set count="22500" />
  </mem-info>
</gc-start>
<allocation-stats totalBytes="122659168" discardedBytes="120424" >
  <allocated-bytes non-tlh="4836448" tlh="117822720" />
  <largest-consumer threadName="Default Executor-thread-18" threadId="0000000000958700" bytes="57451408" />
</allocation-stats>
<gc-op id="2287" type="scavenge" timems="12.141" contextid="2284" timestamp="2024-07-17T20:36:08.026">
  <scavenger-info tenureage="5" tenuremask="7fe0" tiltratio="77" />
  <memory-copied type="nursery" objects="244234" bytes="25552888" bytesdiscarded="455088" />
  <memory-copied type="tenure" objects="48382" bytes="3721296" bytesdiscarded="1896" />
  <finalization candidates="113" enqueued="104" />
  <ownableSynchronizers candidates="529" cleared="212" />
  <references type="soft" candidates="2126" cleared="0" enqueued="0" dynamicThreshold="9" maxThreshold="32" />
  <references type="weak" candidates="2131" cleared="410" enqueued="410" />
  <references type="phantom" candidates="1146" cleared="57" enqueued="57" />
  <object-monitors candidates="196" cleared="0"  />
</gc-op>
<gc-end id="2288" type="scavenge" contextid="2284" durationms="13.015" usertimems="64.584" systemtimems="27.639" stalltimems="44.772" timestamp="2024-07-17T20:36:08.026" activeThreads="12">
  <mem-info id="2289" free="155775504" total="326959104" percent="47">
    <mem type="nursery" free="127330728" total="194248704" percent="65">
      <mem type="allocate" free="127330728" total="153354240" percent="83" />
      <mem type="survivor" free="0" total="40894464" percent="0" />
    </mem>
    <mem type="tenure" free="28444776" total="132710400" percent="21">
      <mem type="soa" free="27117672" total="131383296" percent="20" />
      <mem type="loa" free="1327104" total="1327104" percent="100" />
    </mem>
    <pending-finalizers system="101" default="3" reference="467" classloader="0" />
    <remembered-set count="18878" />
  </mem-info>
</gc-end>
<cycle-end id="2290" type="scavenge" contextid="2284" timestamp="2024-07-17T20:36:08.026" />
<allocation-satisfied id="2291" threadId="0000000000A72B00" bytesRequested="192" />
<af-end id="2292" timestamp="2024-07-17T20:36:08.027" threadId="0000000000A73538" success="true" from="nursery"/>
<exclusive-end id="2293" timestamp="2024-07-17T20:36:08.027" durationms="15.196" />

<exclusive-start id="2294" timestamp="2024-07-17T20:36:08.797" intervalms="785.211">
  <response-info timems="0.071" idlems="0.071" threads="0" lastid="0000000000870000" lastname="Default Executor-thread-12" />
</exclusive-start>
<af-start id="2295" threadId="0000000000870A38" totalBytesRequested="16392" timestamp="2024-07-17T20:36:08.797" intervalms="785.267" type="nursery" />
<cycle-start id="2296" type="scavenge" contextid="0" timestamp="2024-07-17T20:36:08.798" intervalms="785.411" />
<gc-start id="2297" type="scavenge" contextid="2296" timestamp="2024-07-17T20:36:08.799">
  <mem-info id="2298" free="28037536" total="326959104" percent="8">
    <mem type="nursery" free="0" total="194248704" percent="0">
      <mem type="allocate" free="0" total="153354240" percent="0" />
      <mem type="survivor" free="0" total="40894464" percent="0" />
    </mem>
    <mem type="tenure" free="28037536" total="132710400" percent="21">
      <mem type="soa" free="26710432" total="131383296" percent="20" />
      <mem type="loa" free="1327104" total="1327104" percent="100" />
    </mem>
    <remembered-set count="24747" />
  </mem-info>
</gc-start>
<allocation-stats totalBytes="127619520" discardedBytes="118448" >
  <allocated-bytes non-tlh="1413848" tlh="126205672" />
  <largest-consumer threadName="Default Executor-thread-19" threadId="000000000095C300" bytes="62564576" />
</allocation-stats>
<gc-op id="2299" type="scavenge" timems="12.789" contextid="2296" timestamp="2024-07-17T20:36:08.812">
  <scavenger-info tenureage="5" tenuremask="7fe0" tiltratio="78" />
  <memory-copied type="nursery" objects="263318" bytes="27206016" bytesdiscarded="216664" />
  <memory-copied type="tenure" objects="24346" bytes="2047904" bytesdiscarded="1824" />
  <finalization candidates="734" enqueued="725" />
  <ownableSynchronizers candidates="584" cleared="182" />
  <references type="soft" candidates="3381" cleared="0" enqueued="0" dynamicThreshold="9" maxThreshold="32" />
  <references type="weak" candidates="4508" cleared="2320" enqueued="2312" />
  <references type="phantom" candidates="1307" cleared="194" enqueued="194" />
  <object-monitors candidates="197" cleared="1"  />
</gc-op>
<gc-end id="2300" type="scavenge" contextid="2296" durationms="13.980" usertimems="100.500" systemtimems="0.000" stalltimems="44.724" timestamp="2024-07-17T20:36:08.813" activeThreads="12">
  <mem-info id="2301" free="153535832" total="326959104" percent="46">
    <mem type="nursery" free="127419360" total="194248704" percent="65">
      <mem type="allocate" free="127419360" total="154861568" percent="82" />
      <mem type="survivor" free="0" total="39387136" percent="0" />
    </mem>
    <mem type="tenure" free="26116472" total="132710400" percent="19">
      <mem type="soa" free="24789368" total="131383296" percent="18" />
      <mem type="loa" free="1327104" total="1327104" percent="100" />
    </mem>
    <pending-finalizers system="306" default="419" reference="2506" classloader="0" />
    <remembered-set count="19022" />
  </mem-info>
</gc-end>
<cycle-end id="2302" type="scavenge" contextid="2296" timestamp="2024-07-17T20:36:08.813" />
<allocation-satisfied id="2303" threadId="0000000000870000" bytesRequested="16392" />
<af-end id="2304" timestamp="2024-07-17T20:36:08.814" threadId="0000000000870A38" success="true" from="nursery"/>
<exclusive-end id="2305" timestamp="2024-07-17T20:36:08.814" durationms="17.008" />

<exclusive-start id="2306" timestamp="2024-07-17T20:36:09.295" intervalms="497.479">
  <response-info timems="0.060" idlems="0.060" threads="0" lastid="0000000000A76800" lastname="Default Executor-thread-21" />
</exclusive-start>
<af-start id="2307" threadId="0000000000A77238" totalBytesRequested="5312" timestamp="2024-07-17T20:36:09.295" intervalms="497.588" type="nursery" />
<cycle-start id="2308" type="scavenge" contextid="0" timestamp="2024-07-17T20:36:09.295" intervalms="497.648" />
<gc-start id="2309" type="scavenge" contextid="2308" timestamp="2024-07-17T20:36:09.296">
  <mem-info id="2310" free="25999112" total="326959104" percent="7">
    <mem type="nursery" free="0" total="194248704" percent="0">
      <mem type="allocate" free="0" total="154861568" percent="0" />
      <mem type="survivor" free="0" total="39387136" percent="0" />
    </mem>
    <mem type="tenure" free="25999112" total="132710400" percent="19">
      <mem type="soa" free="24672008" total="131383296" percent="18" />
      <mem type="loa" free="1327104" total="1327104" percent="100" />
    </mem>
    <remembered-set count="21289" />
  </mem-info>
</gc-start>
<allocation-stats totalBytes="127364352" discardedBytes="172368" >
  <allocated-bytes non-tlh="1013088" tlh="126351264" />
  <largest-consumer threadName="Default Executor-thread-13" threadId="0000000000873C00" bytes="43673976" />
</allocation-stats>
<gc-op id="2311" type="scavenge" timems="14.911" contextid="2308" timestamp="2024-07-17T20:36:09.312">
  <scavenger-info tenureage="3" tenuremask="7ff8" tiltratio="79" />
  <memory-copied type="nursery" objects="72051" bytes="4933528" bytesdiscarded="1117200" />
  <memory-copied type="tenure" objects="196666" bytes="21679616" bytesdiscarded="11608" />
  <finalization candidates="77" enqueued="68" />
  <ownableSynchronizers candidates="671" cleared="120" />
  <references type="soft" candidates="2138" cleared="0" enqueued="0" dynamicThreshold="9" maxThreshold="32" />
  <references type="weak" candidates="1752" cleared="431" enqueued="428" />
  <references type="phantom" candidates="227" cleared="47" enqueued="47" />
  <object-monitors candidates="198" cleared="0"  />
</gc-op>
<gc-end id="2312" type="scavenge" contextid="2308" durationms="16.187" usertimems="98.630" systemtimems="8.683" stalltimems="41.771" timestamp="2024-07-17T20:36:09.312" activeThreads="12">
  <mem-info id="2313" free="154433064" total="326959104" percent="47">
    <mem type="nursery" free="150311216" total="194248704" percent="77">
      <mem type="allocate" free="150311216" total="156368896" percent="96" />
      <mem type="survivor" free="0" total="37879808" percent="0" />
    </mem>
    <mem type="tenure" free="4121848" total="132710400" percent="3">
      <mem type="soa" free="2794744" total="131383296" percent="2" />
      <mem type="loa" free="1327104" total="1327104" percent="100" />
    </mem>
    <pending-finalizers system="68" default="0" reference="475" classloader="0" />
    <remembered-set count="9606" />
  </mem-info>
</gc-end>
<cycle-end id="2314" type="scavenge" contextid="2308" timestamp="2024-07-17T20:36:09.313" />
<allocation-satisfied id="2315" threadId="0000000000A76800" bytesRequested="5312" />
<af-end id="2316" timestamp="2024-07-17T20:36:09.313" threadId="0000000000A77238" success="true" from="nursery"/>
<exclusive-end id="2317" timestamp="2024-07-17T20:36:09.314" durationms="19.136" />

<concurrent-kickoff id="2318" timestamp="2024-07-17T20:36:28.358">
  <kickoff reason="threshold reached" targetBytes="68433151" thresholdFreeBytes="9443065"  remainingFree="9369304" tenureFreeBytes="4018448" nurseryFreeBytes="9369304" />
</concurrent-kickoff>
<exclusive-start id="2319" timestamp="2024-07-17T20:36:28.369" intervalms="19074.273">
  <response-info timems="0.081" idlems="0.081" threads="0" lastid="0000000000958700" lastname="Default Executor-thread-18" />
</exclusive-start>
<cycle-start id="2320" type="global" contextid="0" timestamp="2024-07-17T20:36:28.369" intervalms="27359.480" />
<concurrent-start id="2321" type="global mark" contextid="2320" timestamp="2024-07-17T20:36:28.370">
</concurrent-start>
<exclusive-end id="2322" timestamp="2024-07-17T20:36:28.370" durationms="1.056" />

<concurrent-end id="2323" type="global mark" contextid="2320" timestamp="2024-07-17T20:36:28.580">
<gc-op id="2324" type="trace" timems="210.484" contextid="2320" timestamp="2024-07-17T20:36:28.580">
  <trace bytesTraced="78177032" workStackOverflowCount="0" />
  <card-cleaning reason="card cleaning threshold reached" bytesTraced="63924" cardsCleaned="203" />
</gc-op>
</concurrent-end>

<exclusive-start id="2325" timestamp="2024-07-17T20:36:28.581" intervalms="211.862">
  <response-info timems="0.094" idlems="0.094" threads="0" lastid="0000000000958700" lastname="Default Executor-thread-18" />
</exclusive-start>
<concurrent-global-final id="2326" timestamp="2024-07-17T20:36:28.581" contextid="2320" intervalms="27464.174" >
  <concurrent-trace-info reason="card cleaning threshold reached" tracedByMutators="7264680" tracedByHelpers="70976276" cardsCleaned="203" workStackOverflowCount="0" />
</concurrent-global-final>
<gc-start id="2327" type="global" contextid="2320" timestamp="2024-07-17T20:36:28.582">
  <mem-info id="2328" free="7638376" total="326959104" percent="2">
    <mem type="nursery" free="3655384" total="194248704" percent="1">
      <mem type="allocate" free="3655384" total="156368896" percent="2" />
      <mem type="survivor" free="0" total="37879808" percent="0" />
    </mem>
    <mem type="tenure" free="3982992" total="132710400" percent="3">
      <mem type="soa" free="2655888" total="131383296" percent="2" />
      <mem type="loa" free="1327104" total="1327104" percent="100" />
    </mem>
    <remembered-set count="41328" />
  </mem-info>
</gc-start>
<allocation-stats totalBytes="146666744" discardedBytes="127944" >
  <allocated-bytes non-tlh="2361480" tlh="144305264" />
  <largest-consumer threadName="Default Executor-thread-18" threadId="0000000000958700" bytes="98817912" />
</allocation-stats>
<gc-op id="2329" type="rs-scan" timems="3.577" contextid="2320" timestamp="2024-07-17T20:36:28.586">
  <scan objectsFound="156261" bytesTraced="6139016" workStackOverflowCount="0" />
</gc-op>
<gc-op id="2330" type="card-cleaning" timems="0.910" contextid="2320" timestamp="2024-07-17T20:36:28.587">
  <card-cleaning cardsCleaned="5" bytesTraced="1732" workStackOverflowCount="0" />
</gc-op>
<gc-op id="2331" type="mark" timems="7.547" contextid="2320" timestamp="2024-07-17T20:36:28.595">
  <trace-info objectcount="27444" scancount="24454" scanbytes="769856" />
  <finalization candidates="1047" enqueued="160" />
  <ownableSynchronizers candidates="10227" cleared="1568" />
  <references type="soft" candidates="18432" cleared="1192" enqueued="1187" dynamicThreshold="9" maxThreshold="32" />
  <references type="weak" candidates="18493" cleared="348" enqueued="336" />
  <references type="phantom" candidates="1350" cleared="49" enqueued="49" />
  <stringconstants candidates="53209" cleared="219"  />
  <object-monitors candidates="210" cleared="14"  />
</gc-op>
<gc-op id="2332" type="sweep" timems="2.207" contextid="2320" timestamp="2024-07-17T20:36:28.598" />
<heap-resize id="2333" type="expand" space="tenure" amount="38076416" count="1" timems="0.962" reason="insufficient free space following gc" timestamp="2024-07-17T20:36:28.599" />
<gc-end id="2334" type="global" contextid="2320" durationms="18.329" usertimems="71.325" systemtimems="20.161" stalltimems="62.860" timestamp="2024-07-17T20:36:28.600" activeThreads="12">
  <mem-info id="2335" free="194050896" total="365035520" percent="53">
    <mem type="nursery" free="142811992" total="194248704" percent="73">
      <mem type="allocate" free="142811992" total="156368896" percent="91" />
      <mem type="survivor" free="0" total="37879808" percent="0" />
    </mem>
    <mem type="tenure" free="51238904" total="170786816" percent="30" micro-fragmented="2948534" macro-fragmented="0">
      <mem type="soa" free="49530872" total="169078784" percent="29" />
      <mem type="loa" free="1708032" total="1708032" percent="100" />
    </mem>
    <pending-finalizers system="49" default="111" reference="1572" classloader="0" />
    <remembered-set count="38399" />
  </mem-info>
</gc-end>
<cycle-end id="2336" type="global" contextid="2320" timestamp="2024-07-17T20:36:28.601" />
<exclusive-end id="2337" timestamp="2024-07-17T20:36:28.601" durationms="20.199" />

<exclusive-start id="2338" timestamp="2024-07-17T20:36:30.264" intervalms="1682.966">
  <response-info timems="0.084" idlems="0.084" threads="0" lastid="0000000000A72B00" lastname="Default Executor-thread-20" />
</exclusive-start>
<af-start id="2339" threadId="0000000000A73538" totalBytesRequested="32" timestamp="2024-07-17T20:36:30.264" intervalms="20968.883" type="nursery" />
<cycle-start id="2340" type="scavenge" contextid="0" timestamp="2024-07-17T20:36:30.264" intervalms="20968.713" />
<gc-start id="2341" type="scavenge" contextid="2340" timestamp="2024-07-17T20:36:30.265">
  <mem-info id="2342" free="51068328" total="365035520" percent="13">
    <mem type="nursery" free="0" total="194248704" percent="0">
      <mem type="allocate" free="0" total="156368896" percent="0" />
      <mem type="survivor" free="0" total="37879808" percent="0" />
    </mem>
    <mem type="tenure" free="51068328" total="170786816" percent="29">
      <mem type="soa" free="49360296" total="169078784" percent="29" />
      <mem type="loa" free="1708032" total="1708032" percent="100" />
    </mem>
    <remembered-set count="43696" />
  </mem-info>
</gc-start>
<allocation-stats totalBytes="142710856" discardedBytes="251888" >
  <allocated-bytes non-tlh="3916680" tlh="138794176" />
  <largest-consumer threadName="Default Executor-thread-20" threadId="0000000000A72B00" bytes="111535504" />
</allocation-stats>
<gc-op id="2343" type="scavenge" timems="9.007" contextid="2340" timestamp="2024-07-17T20:36:30.275">
  <scavenger-info tenureage="6" tenuremask="7fc0" tiltratio="80" />
  <memory-copied type="nursery" objects="229867" bytes="11852056" bytesdiscarded="413304" />
  <finalization candidates="118" enqueued="116" />
  <ownableSynchronizers candidates="17189" cleared="16630" />
  <references type="soft" candidates="3662" cleared="0" enqueued="0" dynamicThreshold="9" maxThreshold="32" />
  <references type="weak" candidates="2690" cleared="386" enqueued="379" />
  <references type="phantom" candidates="327" cleared="40" enqueued="40" />
  <object-monitors candidates="200" cleared="0"  />
</gc-op>
<gc-end id="2344" type="scavenge" contextid="2340" durationms="10.184" usertimems="51.373" systemtimems="16.071" stalltimems="40.252" timestamp="2024-07-17T20:36:30.275" activeThreads="12">
  <mem-info id="2345" free="198367720" total="365035520" percent="54">
    <mem type="nursery" free="147299392" total="194248704" percent="75">
      <mem type="allocate" free="147299392" total="159580160" percent="92" />
      <mem type="survivor" free="0" total="34668544" percent="0" />
    </mem>
    <mem type="tenure" free="51068328" total="170786816" percent="29" macro-fragmented="39939376">
      <mem type="soa" free="49360296" total="169078784" percent="29" />
      <mem type="loa" free="1708032" total="1708032" percent="100" />
    </mem>
    <pending-finalizers system="90" default="26" reference="419" classloader="0" />
    <remembered-set count="28585" />
  </mem-info>
</gc-end>
<cycle-end id="2346" type="scavenge" contextid="2340" timestamp="2024-07-17T20:36:30.276" />
<allocation-satisfied id="2347" threadId="0000000000A72B00" bytesRequested="32" />
<af-end id="2348" timestamp="2024-07-17T20:36:30.276" threadId="0000000000A73538" success="true" from="nursery"/>
<exclusive-end id="2349" timestamp="2024-07-17T20:36:30.276" durationms="12.737" />

<exclusive-start id="2350" timestamp="2024-07-17T20:36:51.079" intervalms="20814.863">
  <response-info timems="0.106" idlems="0.106" threads="0" lastid="0000000000A76800" lastname="Default Executor-thread-21" />
</exclusive-start>
<af-start id="2351" threadId="0000000000A77238" totalBytesRequested="24" timestamp="2024-07-17T20:36:51.079" intervalms="20815.338" type="nursery" />
<cycle-start id="2352" type="scavenge" contextid="0" timestamp="2024-07-17T20:36:51.080" intervalms="20815.781" />
<gc-start id="2353" type="scavenge" contextid="2352" timestamp="2024-07-17T20:36:51.082">
  <mem-info id="2354" free="50997832" total="365035520" percent="13">
    <mem type="nursery" free="0" total="194248704" percent="0">
      <mem type="allocate" free="0" total="159580160" percent="0" />
      <mem type="survivor" free="0" total="34668544" percent="0" />
    </mem>
    <mem type="tenure" free="50997832" total="170786816" percent="29">
      <mem type="soa" free="49289800" total="169078784" percent="29" />
      <mem type="loa" free="1708032" total="1708032" percent="100" />
    </mem>
    <remembered-set count="31129" />
  </mem-info>
</gc-start>
<allocation-stats totalBytes="147293920" discardedBytes="75968" >
  <allocated-bytes non-tlh="907912" tlh="146386008" />
  <largest-consumer threadName="Default Executor-thread-20" threadId="0000000000A72B00" bytes="94325456" />
</allocation-stats>
<gc-op id="2355" type="scavenge" timems="38.956" contextid="2352" timestamp="2024-07-17T20:36:51.125">
  <scavenger-info tenureage="7" tenuremask="7f80" tiltratio="82" />
  <memory-copied type="nursery" objects="200732" bytes="10529600" bytesdiscarded="313184" />
  <finalization candidates="54" enqueued="52" />
  <ownableSynchronizers candidates="2431" cleared="1931" />
  <references type="soft" candidates="4004" cleared="0" enqueued="0" dynamicThreshold="9" maxThreshold="32" />
  <references type="weak" candidates="2924" cleared="379" enqueued="363" />
  <references type="phantom" candidates="322" cleared="11" enqueued="11" />
  <object-monitors candidates="201" cleared="2"  />
</gc-op>
<gc-end id="2356" type="scavenge" contextid="2352" durationms="59.189" usertimems="87.448" systemtimems="20.947" stalltimems="185.913" timestamp="2024-07-17T20:36:51.141" activeThreads="12">
  <mem-info id="2357" free="203917336" total="365035520" percent="55">
    <mem type="nursery" free="152919504" total="194248704" percent="78">
      <mem type="allocate" free="152919504" total="163774464" percent="93" />
      <mem type="survivor" free="0" total="30474240" percent="0" />
    </mem>
    <mem type="tenure" free="50997832" total="170786816" percent="29" macro-fragmented="0">
      <mem type="soa" free="49289800" total="169078784" percent="29" />
      <mem type="loa" free="1708032" total="1708032" percent="100" />
    </mem>
    <pending-finalizers system="18" default="34" reference="374" classloader="0" />
    <remembered-set count="28028" />
  </mem-info>
</gc-end>
<cycle-end id="2358" type="scavenge" contextid="2352" timestamp="2024-07-17T20:36:51.143" />
<allocation-satisfied id="2359" threadId="0000000000A76800" bytesRequested="24" />
<af-end id="2360" timestamp="2024-07-17T20:36:51.144" threadId="0000000000A77238" success="true" from="nursery"/>
<exclusive-end id="2361" timestamp="2024-07-17T20:36:51.144" durationms="65.561" />

<exclusive-start id="2362" timestamp="2024-07-17T20:37:36.798" intervalms="45719.554">
  <response-info timems="0.208" idlems="0.208" threads="0" lastid="0000000000D57F00" lastname="Default Executor-thread-24" />
</exclusive-start>
<af-start id="2363" threadId="0000000000D58938" totalBytesRequested="32776" timestamp="2024-07-17T20:37:36.799" intervalms="45719.306" type="nursery" />
<cycle-start id="2364" type="scavenge" contextid="0" timestamp="2024-07-17T20:37:36.799" intervalms="45718.984" />
<gc-start id="2365" type="scavenge" contextid="2364" timestamp="2024-07-17T20:37:36.800">
  <mem-info id="2366" free="50928920" total="365035520" percent="13">
    <mem type="nursery" free="0" total="194248704" percent="0">
      <mem type="allocate" free="0" total="163774464" percent="0" />
      <mem type="survivor" free="0" total="30474240" percent="0" />
    </mem>
    <mem type="tenure" free="50928920" total="170786816" percent="29">
      <mem type="soa" free="49220888" total="169078784" percent="29" />
      <mem type="loa" free="1708032" total="1708032" percent="100" />
    </mem>
    <remembered-set count="30004" />
  </mem-info>
</gc-start>
<allocation-stats totalBytes="152869872" discardedBytes="116272" >
  <allocated-bytes non-tlh="2032680" tlh="150837192" />
  <largest-consumer threadName="Default Executor-thread-6" threadId="000000000084D300" bytes="49196216" />
</allocation-stats>
<gc-op id="2367" type="scavenge" timems="11.901" contextid="2364" timestamp="2024-07-17T20:37:36.812">
  <scavenger-info tenureage="8" tenuremask="7f00" tiltratio="84" />
  <memory-copied type="nursery" objects="292213" bytes="13007264" bytesdiscarded="120208" />
  <finalization candidates="200" enqueued="194" />
  <ownableSynchronizers candidates="4783" cleared="4066" />
  <references type="soft" candidates="4232" cleared="0" enqueued="0" dynamicThreshold="9" maxThreshold="32" />
  <references type="weak" candidates="3247" cleared="362" enqueued="331" />
  <references type="phantom" candidates="310" cleared="11" enqueued="11" />
  <object-monitors candidates="218" cleared="16"  />
</gc-op>
<gc-end id="2368" type="scavenge" contextid="2364" durationms="16.187" usertimems="77.185" systemtimems="0.000" stalltimems="32.901" timestamp="2024-07-17T20:37:36.816" activeThreads="9">
  <mem-info id="2369" free="204037944" total="365035520" percent="55">
    <mem type="nursery" free="153109024" total="194248704" percent="78">
      <mem type="allocate" free="153109024" total="166264832" percent="92" />
      <mem type="survivor" free="0" total="27983872" percent="0" />
    </mem>
    <mem type="tenure" free="50928920" total="170786816" percent="29" macro-fragmented="33282812">
      <mem type="soa" free="49220888" total="169078784" percent="29" />
      <mem type="loa" free="1708032" total="1708032" percent="100" />
    </mem>
    <pending-finalizers system="2" default="192" reference="342" classloader="0" />
    <remembered-set count="25562" />
  </mem-info>
</gc-end>
<cycle-end id="2370" type="scavenge" contextid="2364" timestamp="2024-07-17T20:37:36.816" />
<allocation-satisfied id="2371" threadId="0000000000D57F00" bytesRequested="32776" />
<af-end id="2372" timestamp="2024-07-17T20:37:36.817" threadId="0000000000D58938" success="true" from="nursery"/>
<exclusive-end id="2373" timestamp="2024-07-17T20:37:36.817" durationms="19.251" />

<exclusive-start id="2374" timestamp="2024-07-17T20:39:56.209" intervalms="139410.585">
  <response-info timems="0.059" idlems="0.059" threads="0" lastid="0000000000A76800" lastname="Default Executor-thread-21" />
</exclusive-start>
<af-start id="2375" threadId="0000000000A77238" totalBytesRequested="32" timestamp="2024-07-17T20:39:56.209" intervalms="139410.387" type="nursery" />
<cycle-start id="2376" type="scavenge" contextid="0" timestamp="2024-07-17T20:39:56.209" intervalms="139410.341" />
<gc-start id="2377" type="scavenge" contextid="2376" timestamp="2024-07-17T20:39:56.210">
  <mem-info id="2378" free="50573640" total="365035520" percent="13">
    <mem type="nursery" free="0" total="194248704" percent="0">
      <mem type="allocate" free="0" total="166264832" percent="0" />
      <mem type="survivor" free="0" total="27983872" percent="0" />
    </mem>
    <mem type="tenure" free="50573640" total="170786816" percent="29">
      <mem type="soa" free="48865608" total="169078784" percent="28" />
      <mem type="loa" free="1708032" total="1708032" percent="100" />
    </mem>
    <remembered-set count="31336" />
  </mem-info>
</gc-start>
<allocation-stats totalBytes="153368144" discardedBytes="89032" >
  <allocated-bytes non-tlh="2053688" tlh="151314456" />
  <largest-consumer threadName="Default Executor-thread-10" threadId="000000000085C600" bytes="51649176" />
</allocation-stats>
<gc-op id="2379" type="scavenge" timems="10.772" contextid="2376" timestamp="2024-07-17T20:39:56.221">
  <scavenger-info tenureage="9" tenuremask="7e00" tiltratio="85" />
  <memory-copied type="nursery" objects="300092" bytes="14317608" bytesdiscarded="417312" />
  <finalization candidates="14" enqueued="8" />
  <ownableSynchronizers candidates="12435" cleared="11649" />
  <references type="soft" candidates="5269" cleared="0" enqueued="0" dynamicThreshold="9" maxThreshold="32" />
  <references type="weak" candidates="3460" cleared="321" enqueued="314" />
  <references type="phantom" candidates="313" cleared="4" enqueued="4" />
  <object-monitors candidates="204" cleared="1"  />
</gc-op>
<gc-end id="2380" type="scavenge" contextid="2376" durationms="25.413" usertimems="106.511" systemtimems="0.000" stalltimems="23.296" timestamp="2024-07-17T20:39:56.235" activeThreads="10">
  <mem-info id="2381" free="204051928" total="365035520" percent="55">
    <mem type="nursery" free="153478288" total="194248704" percent="79">
      <mem type="allocate" free="153478288" total="168230912" percent="91" />
      <mem type="survivor" free="0" total="26017792" percent="0" />
    </mem>
    <mem type="tenure" free="50573640" total="170786816" percent="29" macro-fragmented="39939376">
      <mem type="soa" free="48865608" total="169078784" percent="28" />
      <mem type="loa" free="1708032" total="1708032" percent="100" />
    </mem>
    <pending-finalizers system="7" default="1" reference="318" classloader="0" />
    <remembered-set count="29649" />
  </mem-info>
</gc-end>
<cycle-end id="2382" type="scavenge" contextid="2376" timestamp="2024-07-17T20:39:56.236" />
<allocation-satisfied id="2383" threadId="0000000000A76800" bytesRequested="32" />
<af-end id="2384" timestamp="2024-07-17T20:39:56.237" threadId="0000000000A77238" success="true" from="nursery"/>
<exclusive-end id="2385" timestamp="2024-07-17T20:39:56.237" durationms="28.424" />

</verbosegc>

