<?xml version="1.0" ?>

<verbosegc xmlns="http://www.ibm.com/j9/verbosegc" version="254af5a04_CMPRSS">

<initialized id="1" timestamp="2024-07-18T15:28:59.653">
  <attribute name="gcPolicy" value="-Xgcpolicy:gencon" />
  <attribute name="maxHeapSize" value="0xf7ac0000" />
  <attribute name="initialHeapSize" value="0x800000" />
  <attribute name="compressedRefs" value="true" />
  <attribute name="compressedRefsDisplacement" value="0x0" />
  <attribute name="compressedRefsShift" value="0x3" />
  <attribute name="pageSize" value="0x1000" />
  <attribute name="pageType" value="not used" />
  <attribute name="requestedPageSize" value="0x1000" />
  <attribute name="requestedPageType" value="not used" />
  <attribute name="gcthreads" value="12" />
  <attribute name="gcthreads Concurrent Mark" value="1" />
  <attribute name="packetListSplit" value="2" />
  <attribute name="cacheListSplit" value="2" />
  <attribute name="splitFreeListSplitAmount" value="2" />
  <attribute name="numaNodes" value="0" />
  <system>
    <attribute name="physicalMemory" value="16621170688" />
    <attribute name="addressablePhysicalMemory" value="16621170688" />
    <attribute name="container memory limit set" value="false" />
    <attribute name="numCPUs" value="12" />
    <attribute name="numCPUs active" value="12" />
    <attribute name="architecture" value="amd64" />
    <attribute name="os" value="Linux" />
    <attribute name="osVersion" value="5.15.153.1-microsoft-standard-WSL2" />
  </system>
  <vmargs>
    <vmarg name="-Xoptionsfile=/opt/java/openjdk/lib/options.default" />
    <vmarg name="-Xlockword:mode=default,noLockword=java/lang/String,noLockword=java/util/MapEntry,noLockword=java/util/HashMap$Entry,noLockword..." />
    <vmarg name="-XX:+EnsureHashed:java/lang/Class,java/lang/Thread" />
    <vmarg name="-Xjcl:jclse29" />
    <vmarg name="-Dcom.ibm.oti.vm.bootstrap.library.path=/opt/java/openjdk/lib/default:/opt/java/openjdk/lib" />
    <vmarg name="-Dsun.boot.library.path=/opt/java/openjdk/lib/default:/opt/java/openjdk/lib" />
    <vmarg name="-Djava.library.path=/opt/java/openjdk/lib/default:/opt/java/openjdk/lib:/usr/lib64:/usr/lib" />
    <vmarg name="-Djava.home=/opt/java/openjdk" />
    <vmarg name="-Duser.dir=/opt/ibm/wlp/output/defaultServer" />
    <vmarg name="-XX:+IgnoreUnrecognizedVMOptions" />
    <vmarg name="-XX:+PortableSharedCache" />
    <vmarg name="-XX:+IdleTuningGcOnIdle" />
    <vmarg name="-Xshareclasses:name=openj9_system_scc,cacheDir=/opt/java/.scc,readonly,nonFatal" />
    <vmarg name="-Xverbosegclog:/logs/verbosegc.%seq.log,10,1024" />
    <vmarg name="-XX:+IgnoreUnrecognizedVMOptions" />
    <vmarg name="-XX:+IdleTuningGcOnIdle" />
    <vmarg name="-Xshareclasses:name=openj9_system_scc,cacheDir=/opt/java/.scc,readonly,nonFatal" />
    <vmarg name="-Dosgi.checkConfiguration=false" />
    <vmarg name="-XX:+IgnoreUnrecognizedVMOptions" />
    <vmarg name="-XX:+IdleTuningGcOnIdle" />
    <vmarg name="-Xshareclasses:name=openj9_system_scc,cacheDir=/opt/java/.scc,readonly,nonFatal" />
    <vmarg name="-Dosgi.checkConfiguration=false" />
    <vmarg name="-javaagent:/opt/ibm/wlp/bin/tools/ws-javaagent.jar" />
    <vmarg name="-Djava.awt.headless=true" />
    <vmarg name="-Djdk.attach.allowAttachSelf=true" />
    <vmarg name="-Xbootclasspath/a:/opt/ibm/zosconnect/lib/icu4j-71.1.jar:/opt/ibm/zosconnect/lib/icu4j-charset-71.1.jar" />
    <vmarg name="--add-exports=java.base/sun.security.action=ALL-UNNAMED" />
    <vmarg name="--add-exports=java.naming/com.sun.jndi.ldap=ALL-UNNAMED" />
    <vmarg name="--add-exports=java.naming/com.sun.jndi.url.ldap=ALL-UNNAMED" />
    <vmarg name="--add-exports=jdk.naming.dns/com.sun.jndi.dns=ALL-UNNAMED" />
    <vmarg name="--add-exports=jdk.naming.dns/com.sun.jndi.url.dns=ALL-UNNAMED" />
    <vmarg name="--add-exports=java.security.jgss/sun.security.krb5.internal=ALL-UNNAMED" />
    <vmarg name="--add-exports=jdk.attach/sun.tools.attach=ALL-UNNAMED" />
    <vmarg name="--add-opens=java.base/java.util=ALL-UNNAMED" />
    <vmarg name="--add-opens=java.base/java.lang=ALL-UNNAMED" />
    <vmarg name="--add-opens=java.base/java.util.concurrent=ALL-UNNAMED" />
    <vmarg name="--add-opens=java.base/java.io=ALL-UNNAMED" />
    <vmarg name="--add-opens=java.base/java.nio=ALL-UNNAMED" />
    <vmarg name="--add-opens=java.base/sun.nio.ch=ALL-UNNAMED" />
    <vmarg name="--add-opens=java.naming/javax.naming.spi=ALL-UNNAMED" />
    <vmarg name="--add-opens=java.naming/com.sun.naming.internal=ALL-UNNAMED" />
    <vmarg name="--add-opens=jdk.naming.rmi/com.sun.jndi.url.rmi=ALL-UNNAMED" />
    <vmarg name="--add-opens=java.naming/javax.naming=ALL-UNNAMED" />
    <vmarg name="--add-opens=java.rmi/java.rmi=ALL-UNNAMED" />
    <vmarg name="--add-opens=java.sql/java.sql=ALL-UNNAMED" />
    <vmarg name="--add-opens=java.management/javax.management=ALL-UNNAMED" />
    <vmarg name="--add-opens=java.base/java.lang.reflect=ALL-UNNAMED" />
    <vmarg name="--add-opens=java.desktop/java.awt.image=ALL-UNNAMED" />
    <vmarg name="--add-opens=java.base/java.security=ALL-UNNAMED" />
    <vmarg name="--add-opens=java.base/java.net=ALL-UNNAMED" />
    <vmarg name="--add-opens=java.base/java.text=ALL-UNNAMED" />
    <vmarg name="--add-opens=java.base/sun.net.www.protocol.https=ALL-UNNAMED" />
    <vmarg name="--add-exports=jdk.management.agent/jdk.internal.agent=ALL-UNNAMED" />
    <vmarg name="--add-exports=java.base/jdk.internal.vm=ALL-UNNAMED" />
    <vmarg name="-Djava.class.path=/opt/ibm/wlp/bin/tools/ws-server.jar" />
    <vmarg name="-Dsun.java.command=/opt/ibm/wlp/bin/tools/ws-server.jar defaultServer --clean" />
    <vmarg name="-Dsun.java.launcher=SUN_STANDARD" />
  </vmargs>
</initialized>

<exclusive-start id="2" timestamp="2024-07-18T15:29:00.101" intervalms="448.348">
  <response-info timems="0.026" idlems="0.026" threads="0" lastid="000000000001E500" lastname="main" />
</exclusive-start>
<af-start id="3" threadId="000000000001EF38" totalBytesRequested="24" timestamp="2024-07-18T15:29:00.101" intervalms="448.780" type="nursery" />
<cycle-start id="4" type="scavenge" contextid="0" timestamp="2024-07-18T15:29:00.102" intervalms="449.304" />
<gc-start id="5" type="scavenge" contextid="4" timestamp="2024-07-18T15:29:00.102">
  <mem-info id="6" free="6075128" total="8388608" percent="72">
    <mem type="nursery" free="0" total="2097152" percent="0">
      <mem type="allocate" free="0" total="1048576" percent="0" />
      <mem type="survivor" free="0" total="1048576" percent="0" />
    </mem>
    <mem type="tenure" free="6075128" total="6291456" percent="96">
      <mem type="soa" free="5759736" total="5976064" percent="96" />
      <mem type="loa" free="315392" total="315392" percent="100" />
    </mem>
    <remembered-set count="3010" />
  </mem-info>
</gc-start>
<allocation-stats totalBytes="1264328" discardedBytes="576" >
  <allocated-bytes non-tlh="232720" tlh="1031608" />
  <largest-consumer threadName="main" threadId="000000000001E500" bytes="1211080" />
</allocation-stats>
<gc-op id="7" type="scavenge" timems="1.652" contextid="4" timestamp="2024-07-18T15:29:00.105">
  <scavenger-info tenureage="2" tenuremask="fffc" tiltratio="50" />
  <memory-copied type="nursery" objects="10138" bytes="480016" bytesdiscarded="99528" />
  <finalization candidates="170" enqueued="106" />
  <ownableSynchronizers candidates="1" cleared="0" />
  <references type="soft" candidates="20" cleared="0" enqueued="0" dynamicThreshold="32" maxThreshold="32" />
  <references type="weak" candidates="125" cleared="26" enqueued="26" />
  <references type="phantom" candidates="23" cleared="5" enqueued="5" />
  <object-monitors candidates="1" cleared="0"  />
</gc-op>
<gc-end id="8" type="scavenge" contextid="4" durationms="2.731" usertimems="2.958" systemtimems="1.284" stalltimems="2.296" timestamp="2024-07-18T15:29:00.105" activeThreads="4">
  <mem-info id="9" free="6543016" total="8388608" percent="77">
    <mem type="nursery" free="467888" total="2097152" percent="22">
      <mem type="allocate" free="467888" total="1048576" percent="44" />
      <mem type="survivor" free="0" total="1048576" percent="0" />
    </mem>
    <mem type="tenure" free="6075128" total="6291456" percent="96">
      <mem type="soa" free="5759736" total="5976064" percent="96" />
      <mem type="loa" free="315392" total="315392" percent="100" />
    </mem>
    <pending-finalizers system="106" default="0" reference="31" classloader="0" />
    <remembered-set count="3010" />
  </mem-info>
</gc-end>
<cycle-end id="10" type="scavenge" contextid="4" timestamp="2024-07-18T15:29:00.105" />
<allocation-satisfied id="11" threadId="000000000001E500" bytesRequested="24" />
<af-end id="12" timestamp="2024-07-18T15:29:00.106" threadId="000000000001EF38" success="true" from="nursery"/>
<exclusive-end id="13" timestamp="2024-07-18T15:29:00.106" durationms="5.141" />

<exclusive-start id="14" timestamp="2024-07-18T15:29:00.132" intervalms="31.213">
  <response-info timems="0.039" idlems="0.039" threads="0" lastid="000000000001E500" lastname="main" />
</exclusive-start>
<af-start id="15" threadId="000000000001EF38" totalBytesRequested="1032" timestamp="2024-07-18T15:29:00.132" intervalms="31.149" type="nursery" />
<cycle-start id="16" type="scavenge" contextid="0" timestamp="2024-07-18T15:29:00.133" intervalms="30.983" />
<gc-start id="17" type="scavenge" contextid="16" timestamp="2024-07-18T15:29:00.133">
  <mem-info id="18" free="6029672" total="8388608" percent="71">
    <mem type="nursery" free="0" total="2097152" percent="0">
      <mem type="allocate" free="0" total="1048576" percent="0" />
      <mem type="survivor" free="0" total="1048576" percent="0" />
    </mem>
    <mem type="tenure" free="6029672" total="6291456" percent="95">
      <mem type="soa" free="5714280" total="5976064" percent="95" />
      <mem type="loa" free="315392" total="315392" percent="100" />
    </mem>
    <remembered-set count="3810" />
  </mem-info>
</gc-start>
<allocation-stats totalBytes="469680" discardedBytes="43664" >
  <allocated-bytes non-tlh="45480" tlh="424200" />
  <largest-consumer threadName="main" threadId="000000000001E500" bytes="395832" />
</allocation-stats>
<gc-op id="19" type="scavenge" timems="1.762" contextid="16" timestamp="2024-07-18T15:29:00.136">
  <scavenger-info tenureage="5" tenuremask="7fe0" tiltratio="50" />
  <memory-copied type="nursery" objects="11360" bytes="517312" bytesdiscarded="275904" />
  <finalization candidates="117" enqueued="33" />
  <ownableSynchronizers candidates="1" cleared="0" />
  <references type="soft" candidates="36" cleared="0" enqueued="0" dynamicThreshold="32" maxThreshold="32" />
  <references type="weak" candidates="202" cleared="78" enqueued="78" />
  <references type="phantom" candidates="20" cleared="2" enqueued="2" />
  <object-monitors candidates="1" cleared="0"  />
</gc-op>
<gc-end id="20" type="scavenge" contextid="16" durationms="3.018" usertimems="2.804" systemtimems="1.209" stalltimems="2.907" timestamp="2024-07-18T15:29:00.136" activeThreads="4">
  <mem-info id="21" free="6283816" total="8388608" percent="74">
    <mem type="nursery" free="254144" total="2097152" percent="12">
      <mem type="allocate" free="254144" total="1048576" percent="24" />
      <mem type="survivor" free="0" total="1048576" percent="0" />
    </mem>
    <mem type="tenure" free="6029672" total="6291456" percent="95">
      <mem type="soa" free="5714280" total="5976064" percent="95" />
      <mem type="loa" free="315392" total="315392" percent="100" />
    </mem>
    <pending-finalizers system="33" default="0" reference="80" classloader="0" />
    <remembered-set count="3810" />
  </mem-info>
</gc-end>
<cycle-end id="22" type="scavenge" contextid="16" timestamp="2024-07-18T15:29:00.137" />
<allocation-satisfied id="23" threadId="000000000001E500" bytesRequested="1032" />
<af-end id="24" timestamp="2024-07-18T15:29:00.138" threadId="000000000001EF38" success="true" from="nursery"/>
<exclusive-end id="25" timestamp="2024-07-18T15:29:00.138" durationms="5.728" />

<exclusive-start id="26" timestamp="2024-07-18T15:29:00.147" intervalms="14.951">
  <response-info timems="0.029" idlems="0.029" threads="0" lastid="000000000001E500" lastname="main" />
</exclusive-start>
<af-start id="27" threadId="000000000001EF38" totalBytesRequested="7176" timestamp="2024-07-18T15:29:00.147" intervalms="14.944" type="nursery" />
<cycle-start id="28" type="scavenge" contextid="0" timestamp="2024-07-18T15:29:00.148" intervalms="14.920" />
<gc-start id="29" type="scavenge" contextid="28" timestamp="2024-07-18T15:29:00.148">
  <mem-info id="30" free="6024584" total="8388608" percent="71">
    <mem type="nursery" free="0" total="2097152" percent="0">
      <mem type="allocate" free="0" total="1048576" percent="0" />
      <mem type="survivor" free="0" total="1048576" percent="0" />
    </mem>
    <mem type="tenure" free="6024584" total="6291456" percent="95">
      <mem type="soa" free="5709192" total="5976064" percent="95" />
      <mem type="loa" free="315392" total="315392" percent="100" />
    </mem>
    <remembered-set count="3867" />
  </mem-info>
</gc-start>
<allocation-stats totalBytes="253240" discardedBytes="5992" >
  <allocated-bytes non-tlh="6120" tlh="247120" />
  <largest-consumer threadName="main" threadId="000000000001E500" bytes="253240" />
</allocation-stats>
<gc-op id="31" type="scavenge" timems="1.216" contextid="28" timestamp="2024-07-18T15:29:00.150">
  <scavenger-info tenureage="4" tenuremask="7ff0" tiltratio="50" />
  <memory-copied type="nursery" objects="11811" bytes="544128" bytesdiscarded="46776" />
  <finalization candidates="88" enqueued="3" />
  <ownableSynchronizers candidates="1" cleared="0" />
  <references type="soft" candidates="41" cleared="0" enqueued="0" dynamicThreshold="32" maxThreshold="32" />
  <references type="weak" candidates="164" cleared="37" enqueued="37" />
  <references type="phantom" candidates="21" cleared="2" enqueued="2" />
  <object-monitors candidates="1" cleared="0"  />
</gc-op>
<heap-resize id="32" type="expand" space="nursery" amount="262144" count="1" timems="0.112" reason="excessive time being spent scavenging" timestamp="2024-07-18T15:29:00.150" />
<gc-end id="33" type="scavenge" contextid="28" durationms="2.345" usertimems="2.911" systemtimems="0.000" stalltimems="1.169" timestamp="2024-07-18T15:29:00.150" activeThreads="3">
  <mem-info id="34" free="6612096" total="8650752" percent="76">
    <mem type="nursery" free="587512" total="2359296" percent="24">
      <mem type="allocate" free="587512" total="1179648" percent="49" />
      <mem type="survivor" free="0" total="1179648" percent="0" />
    </mem>
    <mem type="tenure" free="6024584" total="6291456" percent="95">
      <mem type="soa" free="5709192" total="5976064" percent="95" />
      <mem type="loa" free="315392" total="315392" percent="100" />
    </mem>
    <pending-finalizers system="3" default="0" reference="39" classloader="0" />
    <remembered-set count="1668" />
  </mem-info>
</gc-end>
<cycle-end id="35" type="scavenge" contextid="28" timestamp="2024-07-18T15:29:00.151" />
<allocation-satisfied id="36" threadId="000000000001E500" bytesRequested="7176" />
<af-end id="37" timestamp="2024-07-18T15:29:00.151" threadId="000000000001EF38" success="true" from="nursery"/>
<exclusive-end id="38" timestamp="2024-07-18T15:29:00.151" durationms="4.413" />

<exclusive-start id="39" timestamp="2024-07-18T15:29:00.182" intervalms="35.004">
  <response-info timems="0.030" idlems="0.030" threads="0" lastid="000000000001E500" lastname="main" />
</exclusive-start>
<af-start id="40" threadId="000000000001EF38" totalBytesRequested="1184" timestamp="2024-07-18T15:29:00.182" intervalms="35.046" type="nursery" />
<cycle-start id="41" type="scavenge" contextid="0" timestamp="2024-07-18T15:29:00.183" intervalms="35.091" />
<gc-start id="42" type="scavenge" contextid="41" timestamp="2024-07-18T15:29:00.183">
  <mem-info id="43" free="6009728" total="8650752" percent="69">
    <mem type="nursery" free="0" total="2359296" percent="0">
      <mem type="allocate" free="0" total="1179648" percent="0" />
      <mem type="survivor" free="0" total="1179648" percent="0" />
    </mem>
    <mem type="tenure" free="6009728" total="6291456" percent="95">
      <mem type="soa" free="5694336" total="5976064" percent="95" />
      <mem type="loa" free="315392" total="315392" percent="100" />
    </mem>
    <remembered-set count="1881" />
  </mem-info>
</gc-start>
<allocation-stats totalBytes="589168" discardedBytes="13200" >
  <allocated-bytes non-tlh="22032" tlh="567136" />
  <largest-consumer threadName="main" threadId="000000000001E500" bytes="589168" />
</allocation-stats>
<gc-op id="44" type="scavenge" timems="2.200" contextid="41" timestamp="2024-07-18T15:29:00.186">
  <scavenger-info tenureage="3" tenuremask="fff8" tiltratio="50" />
  <memory-copied type="nursery" objects="2154" bytes="76824" bytesdiscarded="38688" />
  <memory-copied type="tenure" objects="9896" bytes="465752" bytesdiscarded="368" />
  <finalization candidates="128" enqueued="26" />
  <ownableSynchronizers candidates="2" cleared="0" />
  <references type="soft" candidates="37" cleared="0" enqueued="0" dynamicThreshold="32" maxThreshold="32" />
  <references type="weak" candidates="112" cleared="65" enqueued="65" />
  <references type="phantom" candidates="4" cleared="3" enqueued="3" />
  <object-monitors candidates="1" cleared="0"  />
</gc-op>
<heap-resize id="45" type="expand" space="nursery" amount="131072" count="1" timems="0.040" reason="excessive time being spent scavenging" timestamp="2024-07-18T15:29:00.186" />
<gc-end id="46" type="scavenge" contextid="41" durationms="3.484" usertimems="3.768" systemtimems="1.762" stalltimems="1.185" timestamp="2024-07-18T15:29:00.187" activeThreads="3">
  <mem-info id="47" free="6500160" total="8781824" percent="74">
    <mem type="nursery" free="1129480" total="2490368" percent="45">
      <mem type="allocate" free="1129480" total="1245184" percent="90" />
      <mem type="survivor" free="0" total="1245184" percent="0" />
    </mem>
    <mem type="tenure" free="5370680" total="6291456" percent="85">
      <mem type="soa" free="5055288" total="5976064" percent="84" />
      <mem type="loa" free="315392" total="315392" percent="100" />
    </mem>
    <pending-finalizers system="26" default="0" reference="68" classloader="0" />
    <remembered-set count="438" />
  </mem-info>
</gc-end>
<cycle-end id="48" type="scavenge" contextid="41" timestamp="2024-07-18T15:29:00.187" />
<allocation-satisfied id="49" threadId="000000000001E500" bytesRequested="1184" />
<af-end id="50" timestamp="2024-07-18T15:29:00.187" threadId="000000000001EF38" success="true" from="nursery"/>
<exclusive-end id="51" timestamp="2024-07-18T15:29:00.188" durationms="5.473" />

<exclusive-start id="52" timestamp="2024-07-18T15:29:00.339" intervalms="157.321">
  <response-info timems="0.116" idlems="0.087" threads="1" lastid="0000000000022100" lastname="JIT Compilation Thread-000" />
</exclusive-start>
<af-start id="53" threadId="000000000001EF38" totalBytesRequested="482208" timestamp="2024-07-18T15:29:00.340" intervalms="157.387" type="nursery" />
<cycle-start id="54" type="scavenge" contextid="0" timestamp="2024-07-18T15:29:00.340" intervalms="157.302" />
<gc-start id="55" type="scavenge" contextid="54" timestamp="2024-07-18T15:29:00.340">
  <mem-info id="56" free="5507336" total="8781824" percent="62">
    <mem type="nursery" free="203784" total="2490368" percent="8">
      <mem type="allocate" free="203784" total="1245184" percent="16" />
      <mem type="survivor" free="0" total="1245184" percent="0" />
    </mem>
    <mem type="tenure" free="5303552" total="6291456" percent="84">
      <mem type="soa" free="4988160" total="5976064" percent="83" />
      <mem type="loa" free="315392" total="315392" percent="100" />
    </mem>
    <remembered-set count="1522" />
  </mem-info>
</gc-start>
<allocation-stats totalBytes="988088" discardedBytes="4736" >
  <allocated-bytes non-tlh="68312" tlh="919776" />
  <largest-consumer threadName="main" threadId="000000000001E500" bytes="988088" />
</allocation-stats>
<gc-op id="57" type="scavenge" timems="1.543" contextid="54" timestamp="2024-07-18T15:29:00.343">
  <scavenger-info tenureage="4" tenuremask="fff0" tiltratio="50" />
  <memory-copied type="nursery" objects="8669" bytes="382560" bytesdiscarded="41672" />
  <finalization candidates="115" enqueued="46" />
  <ownableSynchronizers candidates="1" cleared="0" />
  <references type="soft" candidates="98" cleared="0" enqueued="0" dynamicThreshold="32" maxThreshold="32" />
  <references type="weak" candidates="123" cleared="42" enqueued="42" />
  <references type="phantom" candidates="12" cleared="7" enqueued="7" />
  <object-monitors candidates="1" cleared="0"  />
</gc-op>
<gc-end id="58" type="scavenge" contextid="54" durationms="2.611" usertimems="1.831" systemtimems="0.901" stalltimems="1.684" timestamp="2024-07-18T15:29:00.343" activeThreads="3">
  <mem-info id="59" free="6124016" total="8781824" percent="69">
    <mem type="nursery" free="820464" total="2490368" percent="32">
      <mem type="allocate" free="820464" total="1245184" percent="65" />
      <mem type="survivor" free="0" total="1245184" percent="0" />
    </mem>
    <mem type="tenure" free="5303552" total="6291456" percent="84">
      <mem type="soa" free="4988160" total="5976064" percent="83" />
      <mem type="loa" free="315392" total="315392" percent="100" />
    </mem>
    <pending-finalizers system="46" default="0" reference="49" classloader="0" />
    <remembered-set count="1478" />
  </mem-info>
</gc-end>
<cycle-end id="60" type="scavenge" contextid="54" timestamp="2024-07-18T15:29:00.343" />
<allocation-satisfied id="61" threadId="000000000001E500" bytesRequested="482208" />
<af-end id="62" timestamp="2024-07-18T15:29:00.344" threadId="000000000001EF38" success="true" from="nursery"/>
<exclusive-end id="63" timestamp="2024-07-18T15:29:00.344" durationms="4.861" />

<exclusive-start id="64" timestamp="2024-07-18T15:29:00.353" intervalms="13.857">
  <response-info timems="0.025" idlems="0.025" threads="0" lastid="000000000001E500" lastname="main" />
</exclusive-start>
<af-start id="65" threadId="000000000001EF38" totalBytesRequested="24" timestamp="2024-07-18T15:29:00.354" intervalms="13.811" type="nursery" />
<cycle-start id="66" type="scavenge" contextid="0" timestamp="2024-07-18T15:29:00.354" intervalms="13.898" />
<gc-start id="67" type="scavenge" contextid="66" timestamp="2024-07-18T15:29:00.354">
  <mem-info id="68" free="5257208" total="8781824" percent="59">
    <mem type="nursery" free="0" total="2490368" percent="0">
      <mem type="allocate" free="0" total="1245184" percent="0" />
      <mem type="survivor" free="0" total="1245184" percent="0" />
    </mem>
    <mem type="tenure" free="5257208" total="6291456" percent="83">
      <mem type="soa" free="4941816" total="5976064" percent="82" />
      <mem type="loa" free="315392" total="315392" percent="100" />
    </mem>
    <remembered-set count="2345" />
  </mem-info>
</gc-start>
<allocation-stats totalBytes="866624" discardedBytes="184" >
  <allocated-bytes non-tlh="592280" tlh="274344" />
  <largest-consumer threadName="main" threadId="000000000001E500" bytes="866624" />
</allocation-stats>
<gc-op id="69" type="scavenge" timems="1.423" contextid="66" timestamp="2024-07-18T15:29:00.356">
  <scavenger-info tenureage="3" tenuremask="fff8" tiltratio="50" />
  <memory-copied type="nursery" objects="9986" bytes="1101224" bytesdiscarded="140592" />
  <memory-copied type="tenure" objects="1465" bytes="50496" bytesdiscarded="0" />
  <finalization candidates="76" enqueued="4" />
  <ownableSynchronizers candidates="1" cleared="0" />
  <references type="soft" candidates="85" cleared="0" enqueued="0" dynamicThreshold="32" maxThreshold="32" />
  <references type="weak" candidates="59" cleared="1" enqueued="1" />
  <references type="phantom" candidates="11" cleared="1" enqueued="1" />
  <object-monitors candidates="1" cleared="0"  />
</gc-op>
<heap-resize id="70" type="expand" space="nursery" amount="262144" count="1" timems="0.037" reason="excessive time being spent scavenging" timestamp="2024-07-18T15:29:00.357" />
<gc-end id="71" type="scavenge" contextid="66" durationms="2.842" usertimems="2.107" systemtimems="1.023" stalltimems="1.330" timestamp="2024-07-18T15:29:00.357" activeThreads="3">
  <mem-info id="72" free="5275624" total="9043968" percent="58">
    <mem type="nursery" free="134128" total="2752512" percent="4">
      <mem type="allocate" free="134128" total="1376256" percent="9" />
      <mem type="survivor" free="0" total="1376256" percent="0" />
    </mem>
    <mem type="tenure" free="5141496" total="6291456" percent="81">
      <mem type="soa" free="4826104" total="5976064" percent="80" />
      <mem type="loa" free="315392" total="315392" percent="100" />
    </mem>
    <pending-finalizers system="4" default="0" reference="2" classloader="0" />
    <remembered-set count="2089" />
  </mem-info>
</gc-end>
<cycle-end id="73" type="scavenge" contextid="66" timestamp="2024-07-18T15:29:00.358" />
<allocation-satisfied id="74" threadId="000000000001E500" bytesRequested="24" />
<af-end id="75" timestamp="2024-07-18T15:29:00.358" threadId="000000000001EF38" success="true" from="nursery"/>
<exclusive-end id="76" timestamp="2024-07-18T15:29:00.358" durationms="5.228" />

<exclusive-start id="77" timestamp="2024-07-18T15:29:00.366" intervalms="12.533">
  <response-info timems="0.090" idlems="0.065" threads="1" lastid="0000000000022100" lastname="JIT Compilation Thread-000" />
</exclusive-start>
<af-start id="78" threadId="000000000001EF38" totalBytesRequested="16392" timestamp="2024-07-18T15:29:00.366" intervalms="12.493" type="nursery" />
<cycle-start id="79" type="scavenge" contextid="0" timestamp="2024-07-18T15:29:00.367" intervalms="12.519" />
<gc-start id="80" type="scavenge" contextid="79" timestamp="2024-07-18T15:29:00.367">
  <mem-info id="81" free="5131344" total="9043968" percent="56">
    <mem type="nursery" free="0" total="2752512" percent="0">
      <mem type="allocate" free="0" total="1376256" percent="0" />
      <mem type="survivor" free="0" total="1376256" percent="0" />
    </mem>
    <mem type="tenure" free="5131344" total="6291456" percent="81">
      <mem type="soa" free="4815952" total="5976064" percent="80" />
      <mem type="loa" free="315392" total="315392" percent="100" />
    </mem>
    <remembered-set count="2230" />
  </mem-info>
</gc-start>
<allocation-stats totalBytes="137720" discardedBytes="6560" >
  <allocated-bytes non-tlh="10176" tlh="127544" />
  <largest-consumer threadName="main" threadId="000000000001E500" bytes="137720" />
</allocation-stats>
<gc-op id="82" type="scavenge" timems="2.485" contextid="79" timestamp="2024-07-18T15:29:00.370">
  <scavenger-info tenureage="2" tenuremask="fffc" tiltratio="50" />
  <memory-copied type="nursery" objects="4829" bytes="846120" bytesdiscarded="128496" />
  <memory-copied type="tenure" objects="6938" bytes="298016" bytesdiscarded="1232" />
  <finalization candidates="51" enqueued="0" />
  <ownableSynchronizers candidates="1" cleared="0" />
  <references type="soft" candidates="15" cleared="0" enqueued="0" dynamicThreshold="32" maxThreshold="32" />
  <references type="weak" candidates="4" cleared="0" enqueued="0" />
  <references type="phantom" candidates="5" cleared="0" enqueued="0" />
  <object-monitors candidates="1" cleared="0"  />
</gc-op>
<heap-resize id="83" type="expand" space="nursery" amount="393216" count="1" timems="0.042" reason="excessive time being spent scavenging" timestamp="2024-07-18T15:29:00.370" />
<gc-end id="84" type="scavenge" contextid="79" durationms="3.818" usertimems="2.886" systemtimems="1.686" stalltimems="3.043" timestamp="2024-07-18T15:29:00.371" activeThreads="3">
  <mem-info id="85" free="5386328" total="9437184" percent="57">
    <mem type="nursery" free="597816" total="3145728" percent="19">
      <mem type="allocate" free="597816" total="1572864" percent="38" />
      <mem type="survivor" free="0" total="1572864" percent="0" />
    </mem>
    <mem type="tenure" free="4788512" total="6291456" percent="76">
      <mem type="soa" free="4473120" total="5976064" percent="74" />
      <mem type="loa" free="315392" total="315392" percent="100" />
    </mem>
    <remembered-set count="1106" />
  </mem-info>
</gc-end>
<cycle-end id="86" type="scavenge" contextid="79" timestamp="2024-07-18T15:29:00.371" />
<allocation-satisfied id="87" threadId="000000000001E500" bytesRequested="16392" />
<af-end id="88" timestamp="2024-07-18T15:29:00.372" threadId="000000000001EF38" success="true" from="nursery"/>
<exclusive-end id="89" timestamp="2024-07-18T15:29:00.372" durationms="6.261" />

<exclusive-start id="90" timestamp="2024-07-18T15:29:00.390" intervalms="24.262">
  <response-info timems="0.030" idlems="0.030" threads="0" lastid="000000000001E500" lastname="main" />
</exclusive-start>
<af-start id="91" threadId="000000000001EF38" totalBytesRequested="48" timestamp="2024-07-18T15:29:00.390" intervalms="24.273" type="nursery" />
<cycle-start id="92" type="scavenge" contextid="0" timestamp="2024-07-18T15:29:00.391" intervalms="24.192" />
<gc-start id="93" type="scavenge" contextid="92" timestamp="2024-07-18T15:29:00.391">
  <mem-info id="94" free="4786496" total="9437184" percent="50">
    <mem type="nursery" free="0" total="3145728" percent="0">
      <mem type="allocate" free="0" total="1572864" percent="0" />
      <mem type="survivor" free="0" total="1572864" percent="0" />
    </mem>
    <mem type="tenure" free="4786496" total="6291456" percent="76">
      <mem type="soa" free="4471104" total="5976064" percent="74" />
      <mem type="loa" free="315392" total="315392" percent="100" />
    </mem>
    <remembered-set count="1170" />
  </mem-info>
</gc-start>
<allocation-stats totalBytes="598976" discardedBytes="856" >
  <allocated-bytes non-tlh="18408" tlh="580568" />
  <largest-consumer threadName="main" threadId="000000000001E500" bytes="598976" />
</allocation-stats>
<gc-op id="95" type="scavenge" timems="0.979" contextid="92" timestamp="2024-07-18T15:29:00.393">
  <scavenger-info tenureage="1" tenuremask="fffe" tiltratio="50" />
  <memory-copied type="nursery" objects="4812" bytes="206288" bytesdiscarded="91952" />
  <memory-copied type="tenure" objects="4812" bytes="818912" bytesdiscarded="64" />
  <finalization candidates="3" enqueued="0" />
  <references type="weak" candidates="16" cleared="16" enqueued="16" />
  <object-monitors candidates="1" cleared="0"  />
</gc-op>
<heap-resize id="96" type="expand" space="nursery" amount="131072" count="1" timems="0.064" reason="excessive time being spent scavenging" timestamp="2024-07-18T15:29:00.393" />
<gc-end id="97" type="scavenge" contextid="92" durationms="2.350" usertimems="1.519" systemtimems="0.771" stalltimems="1.131" timestamp="2024-07-18T15:29:00.393" activeThreads="3">
  <mem-info id="98" free="5245216" total="9568256" percent="54">
    <mem type="nursery" free="1340160" total="3276800" percent="40">
      <mem type="allocate" free="1340160" total="1638400" percent="81" />
      <mem type="survivor" free="0" total="1638400" percent="0" />
    </mem>
    <mem type="tenure" free="3905056" total="6291456" percent="62">
      <mem type="soa" free="3589664" total="5976064" percent="60" />
      <mem type="loa" free="315392" total="315392" percent="100" />
    </mem>
    <pending-finalizers system="0" default="0" reference="16" classloader="0" />
    <remembered-set count="244" />
  </mem-info>
</gc-end>
<cycle-end id="99" type="scavenge" contextid="92" timestamp="2024-07-18T15:29:00.394" />
<allocation-satisfied id="100" threadId="000000000001E500" bytesRequested="48" />
<af-end id="101" timestamp="2024-07-18T15:29:00.394" threadId="000000000001EF38" success="true" from="nursery"/>
<exclusive-end id="102" timestamp="2024-07-18T15:29:00.395" durationms="4.548" />

<exclusive-start id="103" timestamp="2024-07-18T15:29:00.424" intervalms="34.382">
  <response-info timems="0.031" idlems="0.031" threads="0" lastid="000000000001E500" lastname="main" />
</exclusive-start>
<af-start id="104" threadId="000000000001EF38" totalBytesRequested="16392" timestamp="2024-07-18T15:29:00.425" intervalms="34.360" type="nursery" />
<cycle-start id="105" type="scavenge" contextid="0" timestamp="2024-07-18T15:29:00.425" intervalms="34.405" />
<gc-start id="106" type="scavenge" contextid="105" timestamp="2024-07-18T15:29:00.426">
  <mem-info id="107" free="3841192" total="9568256" percent="40">
    <mem type="nursery" free="0" total="3276800" percent="0">
      <mem type="allocate" free="0" total="1638400" percent="0" />
      <mem type="survivor" free="0" total="1638400" percent="0" />
    </mem>
    <mem type="tenure" free="3841192" total="6291456" percent="61">
      <mem type="soa" free="3525800" total="5976064" percent="58" />
      <mem type="loa" free="315392" total="315392" percent="100" />
    </mem>
    <remembered-set count="1038" />
  </mem-info>
</gc-start>
<allocation-stats totalBytes="1354784" discardedBytes="49240" >
  <allocated-bytes non-tlh="154464" tlh="1200320" />
  <largest-consumer threadName="main" threadId="000000000001E500" bytes="1354784" />
</allocation-stats>
<gc-op id="108" type="scavenge" timems="1.161" contextid="105" timestamp="2024-07-18T15:29:00.427">
  <scavenger-info tenureage="1" tenuremask="fffe" tiltratio="50" />
  <memory-copied type="nursery" objects="1567" bytes="76272" bytesdiscarded="33448" />
  <memory-copied type="tenure" objects="24" bytes="848" bytesdiscarded="0" />
  <finalization candidates="46" enqueued="30" />
  <references type="soft" candidates="15" cleared="0" enqueued="0" dynamicThreshold="32" maxThreshold="32" />
  <references type="weak" candidates="62" cleared="45" enqueued="45" />
  <references type="phantom" candidates="6" cleared="5" enqueued="5" />
  <object-monitors candidates="1" cleared="0"  />
</gc-op>
<gc-end id="109" type="scavenge" contextid="105" durationms="2.157" usertimems="1.179" systemtimems="0.598" stalltimems="1.731" timestamp="2024-07-18T15:29:00.428" activeThreads="3">
  <mem-info id="110" free="5631904" total="9568256" percent="58">
    <mem type="nursery" free="1790712" total="3276800" percent="54">
      <mem type="allocate" free="1790712" total="1900544" percent="94" />
      <mem type="survivor" free="0" total="1376256" percent="0" />
    </mem>
    <mem type="tenure" free="3841192" total="6291456" percent="61">
      <mem type="soa" free="3525800" total="5976064" percent="58" />
      <mem type="loa" free="315392" total="315392" percent="100" />
    </mem>
    <pending-finalizers system="30" default="0" reference="50" classloader="0" />
    <remembered-set count="895" />
  </mem-info>
</gc-end>
<cycle-end id="111" type="scavenge" contextid="105" timestamp="2024-07-18T15:29:00.428" />
<allocation-satisfied id="112" threadId="000000000001E500" bytesRequested="16392" />
<af-end id="113" timestamp="2024-07-18T15:29:00.429" threadId="000000000001EF38" success="true" from="nursery"/>
<exclusive-end id="114" timestamp="2024-07-18T15:29:00.429" durationms="4.649" />

<exclusive-start id="115" timestamp="2024-07-18T15:29:00.485" intervalms="60.252">
  <response-info timems="0.028" idlems="0.028" threads="0" lastid="000000000001E500" lastname="main" />
</exclusive-start>
<af-start id="116" threadId="000000000001EF38" totalBytesRequested="64" timestamp="2024-07-18T15:29:00.485" intervalms="60.307" type="nursery" />
<cycle-start id="117" type="scavenge" contextid="0" timestamp="2024-07-18T15:29:00.485" intervalms="60.263" />
<gc-start id="118" type="scavenge" contextid="117" timestamp="2024-07-18T15:29:00.486">
  <mem-info id="119" free="3746976" total="9568256" percent="39">
    <mem type="nursery" free="0" total="3276800" percent="0">
      <mem type="allocate" free="0" total="1900544" percent="0" />
      <mem type="survivor" free="0" total="1376256" percent="0" />
    </mem>
    <mem type="tenure" free="3746976" total="6291456" percent="59">
      <mem type="soa" free="3431584" total="5976064" percent="57" />
      <mem type="loa" free="315392" total="315392" percent="100" />
    </mem>
    <remembered-set count="2248" />
  </mem-info>
</gc-start>
<allocation-stats totalBytes="1882952" discardedBytes="1976" >
  <allocated-bytes non-tlh="201160" tlh="1681792" />
  <largest-consumer threadName="main" threadId="000000000001E500" bytes="1882952" />
</allocation-stats>
<gc-op id="120" type="scavenge" timems="1.002" contextid="117" timestamp="2024-07-18T15:29:00.488">
  <scavenger-info tenureage="2" tenuremask="fffc" tiltratio="58" />
  <memory-copied type="nursery" objects="7785" bytes="412032" bytesdiscarded="33200" />
  <finalization candidates="330" enqueued="202" />
  <ownableSynchronizers candidates="4" cleared="0" />
  <references type="soft" candidates="450" cleared="0" enqueued="0" dynamicThreshold="32" maxThreshold="32" />
  <references type="weak" candidates="487" cleared="329" enqueued="329" />
  <references type="phantom" candidates="32" cleared="18" enqueued="18" />
  <object-monitors candidates="4" cleared="0"  />
</gc-op>
<gc-end id="121" type="scavenge" contextid="117" durationms="2.058" usertimems="1.230" systemtimems="0.600" stalltimems="0.201" timestamp="2024-07-18T15:29:00.488" activeThreads="2">
  <mem-info id="122" free="5267088" total="9568256" percent="55">
    <mem type="nursery" free="1520112" total="3276800" percent="46">
      <mem type="allocate" free="1520112" total="1966080" percent="77" />
      <mem type="survivor" free="0" total="1310720" percent="0" />
    </mem>
    <mem type="tenure" free="3746976" total="6291456" percent="59">
      <mem type="soa" free="3431584" total="5976064" percent="57" />
      <mem type="loa" free="315392" total="315392" percent="100" />
    </mem>
    <pending-finalizers system="202" default="0" reference="347" classloader="0" />
    <remembered-set count="2202" />
  </mem-info>
</gc-end>
<cycle-end id="123" type="scavenge" contextid="117" timestamp="2024-07-18T15:29:00.488" />
<allocation-satisfied id="124" threadId="000000000001E500" bytesRequested="64" />
<af-end id="125" timestamp="2024-07-18T15:29:00.489" threadId="000000000001EF38" success="true" from="nursery"/>
<exclusive-end id="126" timestamp="2024-07-18T15:29:00.489" durationms="4.472" />

<exclusive-start id="127" timestamp="2024-07-18T15:29:00.536" intervalms="51.843">
  <response-info timems="0.025" idlems="0.025" threads="0" lastid="000000000001E500" lastname="main" />
</exclusive-start>
<af-start id="128" threadId="000000000001EF38" totalBytesRequested="24" timestamp="2024-07-18T15:29:00.537" intervalms="51.861" type="nursery" />
<cycle-start id="129" type="scavenge" contextid="0" timestamp="2024-07-18T15:29:00.537" intervalms="51.924" />
<gc-start id="130" type="scavenge" contextid="129" timestamp="2024-07-18T15:29:00.538">
  <mem-info id="131" free="3610792" total="9568256" percent="37">
    <mem type="nursery" free="0" total="3276800" percent="0">
      <mem type="allocate" free="0" total="1966080" percent="0" />
      <mem type="survivor" free="0" total="1310720" percent="0" />
    </mem>
    <mem type="tenure" free="3610792" total="6291456" percent="57">
      <mem type="soa" free="3295400" total="5976064" percent="55" />
      <mem type="loa" free="315392" total="315392" percent="100" />
    </mem>
    <remembered-set count="4129" />
  </mem-info>
</gc-start>
<allocation-stats totalBytes="1654992" discardedBytes="1304" >
  <allocated-bytes non-tlh="136248" tlh="1518744" />
  <largest-consumer threadName="main" threadId="000000000001E500" bytes="1650896" />
</allocation-stats>
<gc-op id="132" type="scavenge" timems="1.922" contextid="129" timestamp="2024-07-18T15:29:00.540">
  <scavenger-info tenureage="2" tenuremask="7ffc" tiltratio="60" />
  <memory-copied type="nursery" objects="21345" bytes="918512" bytesdiscarded="13608" />
  <memory-copied type="tenure" objects="1046" bytes="30504" bytesdiscarded="16" />
  <finalization candidates="283" enqueued="106" />
  <ownableSynchronizers candidates="9" cleared="0" />
  <references type="soft" candidates="3030" cleared="0" enqueued="0" dynamicThreshold="32" maxThreshold="32" />
  <references type="weak" candidates="433" cleared="209" enqueued="209" />
  <references type="phantom" candidates="36" cleared="22" enqueued="22" />
  <object-monitors candidates="5" cleared="0"  />
</gc-op>
<gc-end id="133" type="scavenge" contextid="129" durationms="2.864" usertimems="3.634" systemtimems="0.000" stalltimems="0.292" timestamp="2024-07-18T15:29:00.541" activeThreads="2">
  <mem-info id="134" free="4227560" total="9568256" percent="44">
    <mem type="nursery" free="705344" total="3276800" percent="21">
      <mem type="allocate" free="705344" total="1638400" percent="43" />
      <mem type="survivor" free="0" total="1638400" percent="0" />
    </mem>
    <mem type="tenure" free="3522216" total="6291456" percent="55">
      <mem type="soa" free="3206824" total="5976064" percent="53" />
      <mem type="loa" free="315392" total="315392" percent="100" />
    </mem>
    <pending-finalizers system="106" default="0" reference="231" classloader="0" />
    <remembered-set count="3352" />
  </mem-info>
</gc-end>
<cycle-end id="135" type="scavenge" contextid="129" timestamp="2024-07-18T15:29:00.541" />
<allocation-satisfied id="136" threadId="000000000001E500" bytesRequested="24" />
<af-end id="137" timestamp="2024-07-18T15:29:00.541" threadId="000000000001EF38" success="true" from="nursery"/>
<exclusive-end id="138" timestamp="2024-07-18T15:29:00.542" durationms="5.207" />

<exclusive-start id="139" timestamp="2024-07-18T15:29:00.560" intervalms="23.719">
  <response-info timems="0.112" idlems="0.072" threads="1" lastid="0000000000022100" lastname="JIT Compilation Thread-000" />
</exclusive-start>
<af-start id="140" threadId="000000000001EF38" totalBytesRequested="72" timestamp="2024-07-18T15:29:00.561" intervalms="23.693" type="nursery" />
<cycle-start id="141" type="scavenge" contextid="0" timestamp="2024-07-18T15:29:00.561" intervalms="23.682" />
<gc-start id="142" type="scavenge" contextid="141" timestamp="2024-07-18T15:29:00.561">
  <mem-info id="143" free="3502656" total="9568256" percent="36">
    <mem type="nursery" free="0" total="3276800" percent="0">
      <mem type="allocate" free="0" total="1638400" percent="0" />
      <mem type="survivor" free="0" total="1638400" percent="0" />
    </mem>
    <mem type="tenure" free="3502656" total="6291456" percent="55">
      <mem type="soa" free="3187264" total="5976064" percent="53" />
      <mem type="loa" free="315392" total="315392" percent="100" />
    </mem>
    <remembered-set count="3632" />
  </mem-info>
</gc-start>
<allocation-stats totalBytes="724216" discardedBytes="688" >
  <allocated-bytes non-tlh="19584" tlh="704632" />
  <largest-consumer threadName="main" threadId="000000000001E500" bytes="724216" />
</allocation-stats>
<gc-op id="144" type="scavenge" timems="2.588" contextid="141" timestamp="2024-07-18T15:29:00.565">
  <scavenger-info tenureage="1" tenuremask="7ffe" tiltratio="50" />
  <memory-copied type="nursery" objects="4295" bytes="164672" bytesdiscarded="84304" />
  <memory-copied type="tenure" objects="20244" bytes="879088" bytesdiscarded="72" />
  <finalization candidates="176" enqueued="8" />
  <ownableSynchronizers candidates="9" cleared="0" />
  <references type="soft" candidates="1251" cleared="0" enqueued="0" dynamicThreshold="32" maxThreshold="32" />
  <references type="weak" candidates="97" cleared="90" enqueued="90" />
  <references type="phantom" candidates="4" cleared="3" enqueued="3" />
  <object-monitors candidates="5" cleared="0"  />
</gc-op>
<heap-resize id="145" type="expand" space="nursery" amount="393216" count="1" timems="0.052" reason="excessive time being spent scavenging" timestamp="2024-07-18T15:29:00.565" />
<gc-end id="146" type="scavenge" contextid="141" durationms="4.033" usertimems="5.866" systemtimems="0.000" stalltimems="1.468" timestamp="2024-07-18T15:29:00.565" activeThreads="3">
  <mem-info id="147" free="4353680" total="9961472" percent="43">
    <mem type="nursery" free="1716968" total="3670016" percent="46">
      <mem type="allocate" free="1716968" total="1966080" percent="87" />
      <mem type="survivor" free="0" total="1703936" percent="0" />
    </mem>
    <mem type="tenure" free="2636712" total="6291456" percent="41">
      <mem type="soa" free="2321320" total="5976064" percent="38" />
      <mem type="loa" free="315392" total="315392" percent="100" />
    </mem>
    <pending-finalizers system="8" default="0" reference="93" classloader="0" />
    <remembered-set count="2422" />
  </mem-info>
</gc-end>
<cycle-end id="148" type="scavenge" contextid="141" timestamp="2024-07-18T15:29:00.566" />
<allocation-satisfied id="149" threadId="000000000001E500" bytesRequested="72" />
<af-end id="150" timestamp="2024-07-18T15:29:00.566" threadId="000000000001EF38" success="true" from="nursery"/>
<exclusive-end id="151" timestamp="2024-07-18T15:29:00.567" durationms="6.452" />

<exclusive-start id="152" timestamp="2024-07-18T15:29:00.616" intervalms="56.150">
  <response-info timems="0.030" idlems="0.030" threads="0" lastid="000000000001E500" lastname="main" />
</exclusive-start>
<af-start id="153" threadId="000000000001EF38" totalBytesRequested="72" timestamp="2024-07-18T15:29:00.617" intervalms="56.170" type="nursery" />
<cycle-start id="154" type="scavenge" contextid="0" timestamp="2024-07-18T15:29:00.617" intervalms="56.179" />
<gc-start id="155" type="scavenge" contextid="154" timestamp="2024-07-18T15:29:00.618">
  <mem-info id="156" free="2553240" total="9961472" percent="25">
    <mem type="nursery" free="0" total="3670016" percent="0">
      <mem type="allocate" free="0" total="1966080" percent="0" />
      <mem type="survivor" free="0" total="1703936" percent="0" />
    </mem>
    <mem type="tenure" free="2553240" total="6291456" percent="40">
      <mem type="soa" free="2237848" total="5976064" percent="37" />
      <mem type="loa" free="315392" total="315392" percent="100" />
    </mem>
    <remembered-set count="3607" />
  </mem-info>
</gc-start>
<allocation-stats totalBytes="1799424" discardedBytes="1016" >
  <allocated-bytes non-tlh="83544" tlh="1715880" />
  <largest-consumer threadName="main" threadId="000000000001E500" bytes="1799424" />
</allocation-stats>
<gc-op id="157" type="scavenge" timems="2.380" contextid="154" timestamp="2024-07-18T15:29:00.621">
  <scavenger-info tenureage="2" tenuremask="7ffc" tiltratio="53" />
  <memory-copied type="nursery" objects="16172" bytes="526592" bytesdiscarded="68088" />
  <finalization candidates="106" enqueued="66" />
  <ownableSynchronizers candidates="11" cleared="0" />
  <references type="soft" candidates="1320" cleared="0" enqueued="0" dynamicThreshold="32" maxThreshold="32" />
  <references type="weak" candidates="383" cleared="346" enqueued="346" />
  <references type="phantom" candidates="20" cleared="17" enqueued="17" />
  <object-monitors candidates="5" cleared="0"  />
</gc-op>
<gc-end id="158" type="scavenge" contextid="154" durationms="3.323" usertimems="5.642" systemtimems="0.000" stalltimems="1.763" timestamp="2024-07-18T15:29:00.621" activeThreads="3">
  <mem-info id="159" free="4186240" total="9961472" percent="42">
    <mem type="nursery" free="1633000" total="3670016" percent="44">
      <mem type="allocate" free="1633000" total="2228224" percent="73" />
      <mem type="survivor" free="0" total="1441792" percent="0" />
    </mem>
    <mem type="tenure" free="2553240" total="6291456" percent="40">
      <mem type="soa" free="2237848" total="5976064" percent="37" />
      <mem type="loa" free="315392" total="315392" percent="100" />
    </mem>
    <pending-finalizers system="66" default="0" reference="363" classloader="0" />
    <remembered-set count="1704" />
  </mem-info>
</gc-end>
<cycle-end id="160" type="scavenge" contextid="154" timestamp="2024-07-18T15:29:00.621" />
<allocation-satisfied id="161" threadId="000000000001E500" bytesRequested="72" />
<af-end id="162" timestamp="2024-07-18T15:29:00.622" threadId="000000000001EF38" success="true" from="nursery"/>
<exclusive-end id="163" timestamp="2024-07-18T15:29:00.622" durationms="5.482" />

<exclusive-start id="164" timestamp="2024-07-18T15:29:00.666" intervalms="49.884">
  <response-info timems="0.029" idlems="0.029" threads="0" lastid="000000000001E500" lastname="main" />
</exclusive-start>
<af-start id="165" threadId="000000000001EF38" totalBytesRequested="16" timestamp="2024-07-18T15:29:00.667" intervalms="49.888" type="nursery" />
<cycle-start id="166" type="scavenge" contextid="0" timestamp="2024-07-18T15:29:00.667" intervalms="49.892" />
<gc-start id="167" type="scavenge" contextid="166" timestamp="2024-07-18T15:29:00.667">
  <mem-info id="168" free="2482240" total="9961472" percent="24">
    <mem type="nursery" free="0" total="3670016" percent="0">
      <mem type="allocate" free="0" total="2228224" percent="0" />
      <mem type="survivor" free="0" total="1441792" percent="0" />
    </mem>
    <mem type="tenure" free="2482240" total="6291456" percent="39">
      <mem type="soa" free="2166848" total="5976064" percent="36" />
      <mem type="loa" free="315392" total="315392" percent="100" />
    </mem>
    <remembered-set count="2626" />
  </mem-info>
</gc-start>
<allocation-stats totalBytes="1700728" discardedBytes="3272" >
  <allocated-bytes non-tlh="109760" tlh="1590968" />
  <largest-consumer threadName="main" threadId="000000000001E500" bytes="1603632" />
</allocation-stats>
<gc-op id="169" type="scavenge" timems="1.563" contextid="166" timestamp="2024-07-18T15:29:00.670">
  <scavenger-info tenureage="2" tenuremask="7ffc" tiltratio="60" />
  <memory-copied type="nursery" objects="16909" bytes="527208" bytesdiscarded="20224" />
  <memory-copied type="tenure" objects="3938" bytes="152808" bytesdiscarded="8" />
  <finalization candidates="217" enqueued="112" />
  <ownableSynchronizers candidates="23" cleared="3" />
  <references type="soft" candidates="131" cleared="0" enqueued="0" dynamicThreshold="32" maxThreshold="32" />
  <references type="weak" candidates="505" cleared="366" enqueued="366" />
  <references type="phantom" candidates="14" cleared="11" enqueued="11" />
  <object-monitors candidates="5" cleared="0"  />
</gc-op>
<gc-end id="170" type="scavenge" contextid="166" durationms="2.515" usertimems="3.485" systemtimems="0.000" stalltimems="1.227" timestamp="2024-07-18T15:29:00.670" activeThreads="3">
  <mem-info id="171" free="4114224" total="9961472" percent="41">
    <mem type="nursery" free="1876480" total="3670016" percent="51">
      <mem type="allocate" free="1876480" total="2424832" percent="77" />
      <mem type="survivor" free="0" total="1245184" percent="0" />
    </mem>
    <mem type="tenure" free="2237744" total="6291456" percent="35">
      <mem type="soa" free="1922352" total="5976064" percent="32" />
      <mem type="loa" free="315392" total="315392" percent="100" />
    </mem>
    <pending-finalizers system="112" default="0" reference="377" classloader="0" />
    <remembered-set count="2178" />
  </mem-info>
</gc-end>
<cycle-end id="172" type="scavenge" contextid="166" timestamp="2024-07-18T15:29:00.670" />
<allocation-satisfied id="173" threadId="000000000001E500" bytesRequested="16" />
<af-end id="174" timestamp="2024-07-18T15:29:00.671" threadId="000000000001EF38" success="true" from="nursery"/>
<exclusive-end id="175" timestamp="2024-07-18T15:29:00.671" durationms="4.892" />

<exclusive-start id="176" timestamp="2024-07-18T15:29:00.712" intervalms="45.562">
  <response-info timems="0.030" idlems="0.030" threads="0" lastid="000000000001E500" lastname="main" />
</exclusive-start>
<af-start id="177" threadId="000000000001EF38" totalBytesRequested="3704" timestamp="2024-07-18T15:29:00.712" intervalms="45.407" type="nursery" />
<cycle-start id="178" type="scavenge" contextid="0" timestamp="2024-07-18T15:29:00.712" intervalms="45.275" />
<gc-start id="179" type="scavenge" contextid="178" timestamp="2024-07-18T15:29:00.713">
  <mem-info id="180" free="2216112" total="9961472" percent="22">
    <mem type="nursery" free="0" total="3670016" percent="0">
      <mem type="allocate" free="0" total="2424832" percent="0" />
      <mem type="survivor" free="0" total="1245184" percent="0" />
    </mem>
    <mem type="tenure" free="2216112" total="6291456" percent="35">
      <mem type="soa" free="1900720" total="5976064" percent="31" />
      <mem type="loa" free="315392" total="315392" percent="100" />
    </mem>
    <remembered-set count="2479" />
  </mem-info>
</gc-start>
<allocation-stats totalBytes="1895960" discardedBytes="2152" >
  <allocated-bytes non-tlh="21648" tlh="1874312" />
  <largest-consumer threadName="main" threadId="000000000001E500" bytes="1772464" />
</allocation-stats>
<gc-op id="181" type="scavenge" timems="1.487" contextid="178" timestamp="2024-07-18T15:29:00.715">
  <scavenger-info tenureage="2" tenuremask="7ffc" tiltratio="66" />
  <memory-copied type="nursery" objects="13852" bytes="475560" bytesdiscarded="48872" />
  <memory-copied type="tenure" objects="6254" bytes="194496" bytesdiscarded="16" />
  <finalization candidates="114" enqueued="10" />
  <ownableSynchronizers candidates="21" cleared="0" />
  <references type="soft" candidates="74" cleared="0" enqueued="0" dynamicThreshold="32" maxThreshold="32" />
  <references type="weak" candidates="188" cleared="63" enqueued="63" />
  <references type="phantom" candidates="9" cleared="4" enqueued="4" />
  <object-monitors candidates="5" cleared="0"  />
</gc-op>
<gc-end id="182" type="scavenge" contextid="178" durationms="2.199" usertimems="3.479" systemtimems="0.000" stalltimems="1.268" timestamp="2024-07-18T15:29:00.715" activeThreads="3">
  <mem-info id="183" free="4118992" total="9961472" percent="41">
    <mem type="nursery" free="2030624" total="3670016" percent="55">
      <mem type="allocate" free="2030624" total="2555904" percent="79" />
      <mem type="survivor" free="0" total="1114112" percent="0" />
    </mem>
    <mem type="tenure" free="2088368" total="6291456" percent="33">
      <mem type="soa" free="1772976" total="5976064" percent="29" />
      <mem type="loa" free="315392" total="315392" percent="100" />
    </mem>
    <pending-finalizers system="10" default="0" reference="67" classloader="0" />
    <remembered-set count="1334" />
  </mem-info>
</gc-end>
<cycle-end id="184" type="scavenge" contextid="178" timestamp="2024-07-18T15:29:00.715" />
<allocation-satisfied id="185" threadId="000000000001E500" bytesRequested="3704" />
<af-end id="186" timestamp="2024-07-18T15:29:00.716" threadId="000000000001EF38" success="true" from="nursery"/>
<exclusive-end id="187" timestamp="2024-07-18T15:29:00.716" durationms="4.067" />

<exclusive-start id="188" timestamp="2024-07-18T15:29:00.762" intervalms="49.876">
  <response-info timems="0.029" idlems="0.029" threads="0" lastid="000000000001E500" lastname="main" />
</exclusive-start>
<af-start id="189" threadId="000000000001EF38" totalBytesRequested="33840" timestamp="2024-07-18T15:29:00.762" intervalms="49.896" type="nursery" />
<cycle-start id="190" type="scavenge" contextid="0" timestamp="2024-07-18T15:29:00.762" intervalms="49.924" />
<gc-start id="191" type="scavenge" contextid="190" timestamp="2024-07-18T15:29:00.763">
  <mem-info id="192" free="2088304" total="9961472" percent="20">
    <mem type="nursery" free="0" total="3670016" percent="0">
      <mem type="allocate" free="0" total="2555904" percent="0" />
      <mem type="survivor" free="0" total="1114112" percent="0" />
    </mem>
    <mem type="tenure" free="2088304" total="6291456" percent="33">
      <mem type="soa" free="1772912" total="5976064" percent="29" />
      <mem type="loa" free="315392" total="315392" percent="100" />
    </mem>
    <remembered-set count="1345" />
  </mem-info>
</gc-start>
<allocation-stats totalBytes="1971744" discardedBytes="58944" >
  <allocated-bytes non-tlh="571440" tlh="1400304" />
  <largest-consumer threadName="main" threadId="000000000001E500" bytes="1971744" />
</allocation-stats>
<gc-op id="193" type="scavenge" timems="1.310" contextid="190" timestamp="2024-07-18T15:29:00.764">
  <scavenger-info tenureage="2" tenuremask="7ffc" tiltratio="69" />
  <memory-copied type="nursery" objects="4928" bytes="333232" bytesdiscarded="34512" />
  <memory-copied type="tenure" objects="9191" bytes="277960" bytesdiscarded="88" />
  <finalization candidates="71" enqueued="0" />
  <ownableSynchronizers candidates="11" cleared="0" />
  <references type="soft" candidates="12" cleared="0" enqueued="0" dynamicThreshold="32" maxThreshold="32" />
  <references type="weak" candidates="17" cleared="0" enqueued="0" />
  <references type="phantom" candidates="4" cleared="0" enqueued="0" />
  <object-monitors candidates="5" cleared="0"  />
</gc-op>
<gc-end id="194" type="scavenge" contextid="190" durationms="2.102" usertimems="1.861" systemtimems="0.698" stalltimems="1.466" timestamp="2024-07-18T15:29:00.765" activeThreads="3">
  <mem-info id="195" free="4132712" total="9961472" percent="41">
    <mem type="nursery" free="2253560" total="3670016" percent="61">
      <mem type="allocate" free="2253560" total="2621440" percent="85" />
      <mem type="survivor" free="0" total="1048576" percent="0" />
    </mem>
    <mem type="tenure" free="1879152" total="6291456" percent="29">
      <mem type="soa" free="1563760" total="5976064" percent="26" />
      <mem type="loa" free="315392" total="315392" percent="100" />
    </mem>
    <remembered-set count="412" />
  </mem-info>
</gc-end>
<cycle-end id="196" type="scavenge" contextid="190" timestamp="2024-07-18T15:29:00.765" />
<allocation-satisfied id="197" threadId="000000000001E500" bytesRequested="33840" />
<af-end id="198" timestamp="2024-07-18T15:29:00.765" threadId="000000000001EF38" success="true" from="nursery"/>
<exclusive-end id="199" timestamp="2024-07-18T15:29:00.766" durationms="3.851" />

<exclusive-start id="200" timestamp="2024-07-18T15:29:00.810" intervalms="48.643">
  <response-info timems="0.032" idlems="0.032" threads="0" lastid="000000000001E500" lastname="main" />
</exclusive-start>
<af-start id="201" threadId="000000000001EF38" totalBytesRequested="8200" timestamp="2024-07-18T15:29:00.811" intervalms="48.648" type="nursery" />
<cycle-start id="202" type="scavenge" contextid="0" timestamp="2024-07-18T15:29:00.811" intervalms="48.637" />
<gc-start id="203" type="scavenge" contextid="202" timestamp="2024-07-18T15:29:00.811">
  <mem-info id="204" free="1878888" total="9961472" percent="18">
    <mem type="nursery" free="0" total="3670016" percent="0">
      <mem type="allocate" free="0" total="2621440" percent="0" />
      <mem type="survivor" free="0" total="1048576" percent="0" />
    </mem>
    <mem type="tenure" free="1878888" total="6291456" percent="29">
      <mem type="soa" free="1563496" total="5976064" percent="26" />
      <mem type="loa" free="315392" total="315392" percent="100" />
    </mem>
    <remembered-set count="426" />
  </mem-info>
</gc-start>
<allocation-stats totalBytes="2098160" discardedBytes="155664" >
  <allocated-bytes non-tlh="530168" tlh="1567992" />
  <largest-consumer threadName="main" threadId="000000000001E500" bytes="2098160" />
</allocation-stats>
<gc-op id="205" type="scavenge" timems="1.106" contextid="202" timestamp="2024-07-18T15:29:00.813">
  <scavenger-info tenureage="2" tenuremask="7ffc" tiltratio="71" />
  <memory-copied type="nursery" objects="662" bytes="27128" bytesdiscarded="39160" />
  <memory-copied type="tenure" objects="4541" bytes="182480" bytesdiscarded="160" />
  <finalization candidates="6" enqueued="0" />
  <ownableSynchronizers candidates="1" cleared="0" />
  <references type="phantom" candidates="3" cleared="0" enqueued="0" />
  <object-monitors candidates="5" cleared="0"  />
</gc-op>
<gc-end id="206" type="scavenge" contextid="202" durationms="1.836" usertimems="1.531" systemtimems="0.596" stalltimems="1.382" timestamp="2024-07-18T15:29:00.813" activeThreads="3">
  <mem-info id="207" free="4430696" total="9961472" percent="44">
    <mem type="nursery" free="2686208" total="3670016" percent="73">
      <mem type="allocate" free="2686208" total="2752512" percent="97" />
      <mem type="survivor" free="0" total="917504" percent="0" />
    </mem>
    <mem type="tenure" free="1744488" total="6291456" percent="27">
      <mem type="soa" free="1429096" total="5976064" percent="23" />
      <mem type="loa" free="315392" total="315392" percent="100" />
    </mem>
    <remembered-set count="143" />
  </mem-info>
</gc-end>
<cycle-end id="208" type="scavenge" contextid="202" timestamp="2024-07-18T15:29:00.813" />
<allocation-satisfied id="209" threadId="000000000001E500" bytesRequested="8200" />
<af-end id="210" timestamp="2024-07-18T15:29:00.814" threadId="000000000001EF38" success="true" from="nursery"/>
<exclusive-end id="211" timestamp="2024-07-18T15:29:00.814" durationms="3.585" />

<exclusive-start id="212" timestamp="2024-07-18T15:29:00.887" intervalms="76.262">
  <response-info timems="0.053" idlems="0.053" threads="0" lastid="000000000001E500" lastname="main" />
</exclusive-start>
<af-start id="213" threadId="000000000001EF38" totalBytesRequested="8200" timestamp="2024-07-18T15:29:00.887" intervalms="76.271" type="nursery" />
<cycle-start id="214" type="scavenge" contextid="0" timestamp="2024-07-18T15:29:00.887" intervalms="76.368" />
<gc-start id="215" type="scavenge" contextid="214" timestamp="2024-07-18T15:29:00.888">
  <mem-info id="216" free="1744200" total="9961472" percent="17">
    <mem type="nursery" free="0" total="3670016" percent="0">
      <mem type="allocate" free="0" total="2752512" percent="0" />
      <mem type="survivor" free="0" total="917504" percent="0" />
    </mem>
    <mem type="tenure" free="1744200" total="6291456" percent="27">
      <mem type="soa" free="1428808" total="5976064" percent="23" />
      <mem type="loa" free="315392" total="315392" percent="100" />
    </mem>
    <remembered-set count="217" />
  </mem-info>
</gc-start>
<allocation-stats totalBytes="2614912" discardedBytes="71584" >
  <allocated-bytes non-tlh="336456" tlh="2278456" />
  <largest-consumer threadName="main" threadId="000000000001E500" bytes="2614912" />
</allocation-stats>
<gc-op id="217" type="scavenge" timems="0.795" contextid="214" timestamp="2024-07-18T15:29:00.889">
  <scavenger-info tenureage="3" tenuremask="7ff8" tiltratio="75" />
  <memory-copied type="nursery" objects="1231" bytes="46536" bytesdiscarded="29992" />
  <references type="phantom" candidates="3" cleared="0" enqueued="0" />
  <object-monitors candidates="5" cleared="0"  />
</gc-op>
<gc-end id="218" type="scavenge" contextid="214" durationms="1.922" usertimems="0.000" systemtimems="1.452" stalltimems="0.890" timestamp="2024-07-18T15:29:00.890" activeThreads="3">
  <mem-info id="219" free="4616776" total="9961472" percent="46">
    <mem type="nursery" free="2872576" total="3670016" percent="78">
      <mem type="allocate" free="2872576" total="2949120" percent="97" />
      <mem type="survivor" free="0" total="720896" percent="0" />
    </mem>
    <mem type="tenure" free="1744200" total="6291456" percent="27">
      <mem type="soa" free="1428808" total="5976064" percent="23" />
      <mem type="loa" free="315392" total="315392" percent="100" />
    </mem>
    <remembered-set count="148" />
  </mem-info>
</gc-end>
<cycle-end id="220" type="scavenge" contextid="214" timestamp="2024-07-18T15:29:00.890" />
<allocation-satisfied id="221" threadId="000000000001E500" bytesRequested="8200" />
<af-end id="222" timestamp="2024-07-18T15:29:00.891" threadId="000000000001EF38" success="true" from="nursery"/>
<exclusive-end id="223" timestamp="2024-07-18T15:29:00.891" durationms="4.131" />

<exclusive-start id="224" timestamp="2024-07-18T15:29:00.968" intervalms="81.734">
  <response-info timems="0.038" idlems="0.038" threads="0" lastid="000000000001E500" lastname="main" />
</exclusive-start>
<af-start id="225" threadId="000000000001EF38" totalBytesRequested="162680" timestamp="2024-07-18T15:29:00.969" intervalms="81.768" type="nursery" />
<cycle-start id="226" type="scavenge" contextid="0" timestamp="2024-07-18T15:29:00.969" intervalms="81.629" />
<gc-start id="227" type="scavenge" contextid="226" timestamp="2024-07-18T15:29:00.969">
  <mem-info id="228" free="1743760" total="9961472" percent="17">
    <mem type="nursery" free="0" total="3670016" percent="0">
      <mem type="allocate" free="0" total="2949120" percent="0" />
      <mem type="survivor" free="0" total="720896" percent="0" />
    </mem>
    <mem type="tenure" free="1743760" total="6291456" percent="27">
      <mem type="soa" free="1428368" total="5976064" percent="23" />
      <mem type="loa" free="315392" total="315392" percent="100" />
    </mem>
    <remembered-set count="227" />
  </mem-info>
</gc-start>
<allocation-stats totalBytes="2785664" discardedBytes="87352" >
  <allocated-bytes non-tlh="592496" tlh="2193168" />
  <largest-consumer threadName="main" threadId="000000000001E500" bytes="2785664" />
</allocation-stats>
<gc-op id="229" type="scavenge" timems="0.487" contextid="226" timestamp="2024-07-18T15:29:00.970">
  <scavenger-info tenureage="4" tenuremask="7ff0" tiltratio="80" />
  <memory-copied type="nursery" objects="1765" bytes="62944" bytesdiscarded="32280" />
  <references type="phantom" candidates="2" cleared="0" enqueued="0" />
  <object-monitors candidates="5" cleared="0"  />
</gc-op>
<gc-end id="230" type="scavenge" contextid="226" durationms="1.278" usertimems="0.000" systemtimems="0.693" stalltimems="0.313" timestamp="2024-07-18T15:29:00.970" activeThreads="2">
  <mem-info id="231" free="4663184" total="9961472" percent="46">
    <mem type="nursery" free="2919424" total="3670016" percent="79">
      <mem type="allocate" free="2919424" total="3014656" percent="96" />
      <mem type="survivor" free="0" total="655360" percent="0" />
    </mem>
    <mem type="tenure" free="1743760" total="6291456" percent="27">
      <mem type="soa" free="1428368" total="5976064" percent="23" />
      <mem type="loa" free="315392" total="315392" percent="100" />
    </mem>
    <remembered-set count="148" />
  </mem-info>
</gc-end>
<cycle-end id="232" type="scavenge" contextid="226" timestamp="2024-07-18T15:29:00.971" />
<allocation-satisfied id="233" threadId="000000000001E500" bytesRequested="162680" />
<af-end id="234" timestamp="2024-07-18T15:29:00.971" threadId="000000000001EF38" success="true" from="nursery"/>
<exclusive-end id="235" timestamp="2024-07-18T15:29:00.971" durationms="3.088" />

<exclusive-start id="236" timestamp="2024-07-18T15:29:01.045" intervalms="76.236">
  <response-info timems="0.026" idlems="0.026" threads="0" lastid="000000000001E500" lastname="main" />
</exclusive-start>
<af-start id="237" threadId="000000000001EF38" totalBytesRequested="8200" timestamp="2024-07-18T15:29:01.045" intervalms="76.194" type="nursery" />
<cycle-start id="238" type="scavenge" contextid="0" timestamp="2024-07-18T15:29:01.045" intervalms="76.210" />
<gc-start id="239" type="scavenge" contextid="238" timestamp="2024-07-18T15:29:01.045">
  <mem-info id="240" free="1743440" total="9961472" percent="17">
    <mem type="nursery" free="0" total="3670016" percent="0">
      <mem type="allocate" free="0" total="3014656" percent="0" />
      <mem type="survivor" free="0" total="655360" percent="0" />
    </mem>
    <mem type="tenure" free="1743440" total="6291456" percent="27">
      <mem type="soa" free="1428048" total="5976064" percent="23" />
      <mem type="loa" free="315392" total="315392" percent="100" />
    </mem>
    <remembered-set count="214" />
  </mem-info>
</gc-start>
<allocation-stats totalBytes="2868568" discardedBytes="51176" >
  <allocated-bytes non-tlh="613544" tlh="2255024" />
  <largest-consumer threadName="main" threadId="000000000001E500" bytes="2868568" />
</allocation-stats>
<gc-op id="241" type="scavenge" timems="0.638" contextid="238" timestamp="2024-07-18T15:29:01.047">
  <scavenger-info tenureage="5" tenuremask="7fe0" tiltratio="82" />
  <memory-copied type="nursery" objects="2283" bytes="92440" bytesdiscarded="11224" />
  <references type="phantom" candidates="3" cleared="0" enqueued="0" />
  <object-monitors candidates="5" cleared="0"  />
</gc-op>
<gc-end id="242" type="scavenge" contextid="238" durationms="1.509" usertimems="0.000" systemtimems="0.843" stalltimems="0.457" timestamp="2024-07-18T15:29:01.047" activeThreads="2">
  <mem-info id="243" free="4785488" total="9961472" percent="48">
    <mem type="nursery" free="3042048" total="3670016" percent="82">
      <mem type="allocate" free="3042048" total="3145728" percent="96" />
      <mem type="survivor" free="0" total="524288" percent="0" />
    </mem>
    <mem type="tenure" free="1743440" total="6291456" percent="27">
      <mem type="soa" free="1428048" total="5976064" percent="23" />
      <mem type="loa" free="315392" total="315392" percent="100" />
    </mem>
    <remembered-set count="150" />
  </mem-info>
</gc-end>
<cycle-end id="244" type="scavenge" contextid="238" timestamp="2024-07-18T15:29:01.047" />
<allocation-satisfied id="245" threadId="000000000001E500" bytesRequested="8200" />
<af-end id="246" timestamp="2024-07-18T15:29:01.048" threadId="000000000001EF38" success="true" from="nursery"/>
<exclusive-end id="247" timestamp="2024-07-18T15:29:01.048" durationms="3.521" />

<exclusive-start id="248" timestamp="2024-07-18T15:29:01.126" intervalms="81.809">
  <response-info timems="0.030" idlems="0.030" threads="0" lastid="000000000001E500" lastname="main" />
</exclusive-start>
<af-start id="249" threadId="000000000001EF38" totalBytesRequested="226560" timestamp="2024-07-18T15:29:01.127" intervalms="81.784" type="nursery" />
<cycle-start id="250" type="scavenge" contextid="0" timestamp="2024-07-18T15:29:01.127" intervalms="81.796" />
<gc-start id="251" type="scavenge" contextid="250" timestamp="2024-07-18T15:29:01.127">
  <mem-info id="252" free="1901808" total="9961472" percent="19">
    <mem type="nursery" free="158464" total="3670016" percent="4">
      <mem type="allocate" free="158464" total="3145728" percent="5" />
      <mem type="survivor" free="0" total="524288" percent="0" />
    </mem>
    <mem type="tenure" free="1743344" total="6291456" percent="27">
      <mem type="soa" free="1427952" total="5976064" percent="23" />
      <mem type="loa" free="315392" total="315392" percent="100" />
    </mem>
    <remembered-set count="230" />
  </mem-info>
</gc-start>
<allocation-stats totalBytes="2880808" discardedBytes="2872" >
  <allocated-bytes non-tlh="277864" tlh="2602944" />
  <largest-consumer threadName="main" threadId="000000000001E500" bytes="2880808" />
</allocation-stats>
<gc-op id="253" type="scavenge" timems="0.522" contextid="250" timestamp="2024-07-18T15:29:01.128">
  <scavenger-info tenureage="3" tenuremask="7fc8" tiltratio="85" />
  <memory-copied type="nursery" objects="2343" bytes="82456" bytesdiscarded="31456" />
  <memory-copied type="tenure" objects="568" bytes="18976" bytesdiscarded="24" />
  <references type="phantom" candidates="2" cleared="0" enqueued="0" />
  <object-monitors candidates="5" cleared="0"  />
</gc-op>
<gc-end id="254" type="scavenge" contextid="250" durationms="1.226" usertimems="0.543" systemtimems="0.245" stalltimems="0.284" timestamp="2024-07-18T15:29:01.128" activeThreads="2">
  <mem-info id="255" free="4822000" total="9961472" percent="48">
    <mem type="nursery" free="3097344" total="3670016" percent="84">
      <mem type="allocate" free="3097344" total="3211264" percent="96" />
      <mem type="survivor" free="0" total="458752" percent="0" />
    </mem>
    <mem type="tenure" free="1724656" total="6291456" percent="27">
      <mem type="soa" free="1409264" total="5976064" percent="23" />
      <mem type="loa" free="315392" total="315392" percent="100" />
    </mem>
    <remembered-set count="181" />
  </mem-info>
</gc-end>
<cycle-end id="256" type="scavenge" contextid="250" timestamp="2024-07-18T15:29:01.129" />
<allocation-satisfied id="257" threadId="000000000001E500" bytesRequested="226560" />
<af-end id="258" timestamp="2024-07-18T15:29:01.129" threadId="000000000001EF38" success="true" from="nursery"/>
<exclusive-end id="259" timestamp="2024-07-18T15:29:01.129" durationms="2.867" />

<exclusive-start id="260" timestamp="2024-07-18T15:29:01.186" intervalms="59.314">
  <response-info timems="0.027" idlems="0.027" threads="0" lastid="000000000001E500" lastname="main" />
</exclusive-start>
<af-start id="261" threadId="000000000001EF38" totalBytesRequested="8200" timestamp="2024-07-18T15:29:01.186" intervalms="59.388" type="nursery" />
<cycle-start id="262" type="scavenge" contextid="0" timestamp="2024-07-18T15:29:01.186" intervalms="59.435" />
<gc-start id="263" type="scavenge" contextid="262" timestamp="2024-07-18T15:29:01.187">
  <mem-info id="264" free="1724552" total="9961472" percent="17">
    <mem type="nursery" free="0" total="3670016" percent="0">
      <mem type="allocate" free="0" total="3211264" percent="0" />
      <mem type="survivor" free="0" total="458752" percent="0" />
    </mem>
    <mem type="tenure" free="1724552" total="6291456" percent="27">
      <mem type="soa" free="1409160" total="5976064" percent="23" />
      <mem type="loa" free="315392" total="315392" percent="100" />
    </mem>
    <remembered-set count="240" />
  </mem-info>
</gc-start>
<allocation-stats totalBytes="3032168" discardedBytes="65280" >
  <allocated-bytes non-tlh="1058200" tlh="1973968" />
  <largest-consumer threadName="main" threadId="000000000001E500" bytes="3032168" />
</allocation-stats>
<gc-op id="265" type="scavenge" timems="0.492" contextid="262" timestamp="2024-07-18T15:29:01.188">
  <scavenger-info tenureage="3" tenuremask="7fe8" tiltratio="87" />
  <memory-copied type="nursery" objects="1599" bytes="62240" bytesdiscarded="32976" />
  <memory-copied type="tenure" objects="1176" bytes="43072" bytesdiscarded="16" />
  <references type="phantom" candidates="3" cleared="0" enqueued="0" />
  <object-monitors candidates="5" cleared="0"  />
</gc-op>
<gc-end id="266" type="scavenge" contextid="262" durationms="1.305" usertimems="0.494" systemtimems="0.226" stalltimems="0.294" timestamp="2024-07-18T15:29:01.188" activeThreads="2">
  <mem-info id="267" free="4868744" total="9961472" percent="48">
    <mem type="nursery" free="3181568" total="3670016" percent="86">
      <mem type="allocate" free="3181568" total="3276800" percent="97" />
      <mem type="survivor" free="0" total="393216" percent="0" />
    </mem>
    <mem type="tenure" free="1687176" total="6291456" percent="26">
      <mem type="soa" free="1371784" total="5976064" percent="22" />
      <mem type="loa" free="315392" total="315392" percent="100" />
    </mem>
    <remembered-set count="200" />
  </mem-info>
</gc-end>
<cycle-end id="268" type="scavenge" contextid="262" timestamp="2024-07-18T15:29:01.188" />
<allocation-satisfied id="269" threadId="000000000001E500" bytesRequested="8200" />
<af-end id="270" timestamp="2024-07-18T15:29:01.189" threadId="000000000001EF38" success="true" from="nursery"/>
<exclusive-end id="271" timestamp="2024-07-18T15:29:01.189" durationms="3.288" />

<exclusive-start id="272" timestamp="2024-07-18T15:29:01.254" intervalms="68.572">
  <response-info timems="0.034" idlems="0.034" threads="0" lastid="000000000001E500" lastname="main" />
</exclusive-start>
<af-start id="273" threadId="000000000001EF38" totalBytesRequested="8200" timestamp="2024-07-18T15:29:01.255" intervalms="68.596" type="nursery" />
<cycle-start id="274" type="scavenge" contextid="0" timestamp="2024-07-18T15:29:01.255" intervalms="68.619" />
<gc-start id="275" type="scavenge" contextid="274" timestamp="2024-07-18T15:29:01.255">
  <mem-info id="276" free="1687176" total="9961472" percent="16">
    <mem type="nursery" free="0" total="3670016" percent="0">
      <mem type="allocate" free="0" total="3276800" percent="0" />
      <mem type="survivor" free="0" total="393216" percent="0" />
    </mem>
    <mem type="tenure" free="1687176" total="6291456" percent="26">
      <mem type="soa" free="1371784" total="5976064" percent="22" />
      <mem type="loa" free="315392" total="315392" percent="100" />
    </mem>
    <remembered-set count="311" />
  </mem-info>
</gc-start>
<allocation-stats totalBytes="3074904" discardedBytes="106664" >
  <allocated-bytes non-tlh="677520" tlh="2397384" />
  <largest-consumer threadName="main" threadId="000000000001E500" bytes="3074904" />
</allocation-stats>
<gc-op id="277" type="scavenge" timems="0.460" contextid="274" timestamp="2024-07-18T15:29:01.256">
  <scavenger-info tenureage="3" tenuremask="7f08" tiltratio="89" />
  <memory-copied type="nursery" objects="1748" bytes="71520" bytesdiscarded="15248" />
  <memory-copied type="tenure" objects="478" bytes="16048" bytesdiscarded="0" />
  <references type="phantom" candidates="3" cleared="0" enqueued="0" />
  <object-monitors candidates="5" cleared="0"  />
</gc-op>
<gc-end id="278" type="scavenge" contextid="274" durationms="1.346" usertimems="0.606" systemtimems="0.278" stalltimems="0.176" timestamp="2024-07-18T15:29:01.257" activeThreads="2">
  <mem-info id="279" free="4848264" total="9961472" percent="48">
    <mem type="nursery" free="3190016" total="3670016" percent="86">
      <mem type="allocate" free="3190016" total="3276800" percent="97" />
      <mem type="survivor" free="0" total="393216" percent="0" />
    </mem>
    <mem type="tenure" free="1658248" total="6291456" percent="26">
      <mem type="soa" free="1342856" total="5976064" percent="22" />
      <mem type="loa" free="315392" total="315392" percent="100" />
    </mem>
    <remembered-set count="194" />
  </mem-info>
</gc-end>
<cycle-end id="280" type="scavenge" contextid="274" timestamp="2024-07-18T15:29:01.257" />
<allocation-satisfied id="281" threadId="000000000001E500" bytesRequested="8200" />
<af-end id="282" timestamp="2024-07-18T15:29:01.257" threadId="000000000001EF38" success="true" from="nursery"/>
<exclusive-end id="283" timestamp="2024-07-18T15:29:01.258" durationms="3.313" />

<exclusive-start id="284" timestamp="2024-07-18T15:29:01.328" intervalms="74.042">
  <response-info timems="0.031" idlems="0.031" threads="0" lastid="000000000001E500" lastname="main" />
</exclusive-start>
<af-start id="285" threadId="000000000001EF38" totalBytesRequested="598176" timestamp="2024-07-18T15:29:01.329" intervalms="73.971" type="nursery" />
<cycle-start id="286" type="scavenge" contextid="0" timestamp="2024-07-18T15:29:01.329" intervalms="73.961" />
<gc-start id="287" type="scavenge" contextid="286" timestamp="2024-07-18T15:29:01.329">
  <mem-info id="288" free="1697376" total="9961472" percent="17">
    <mem type="nursery" free="39128" total="3670016" percent="1">
      <mem type="allocate" free="39128" total="3276800" percent="1" />
      <mem type="survivor" free="0" total="393216" percent="0" />
    </mem>
    <mem type="tenure" free="1658248" total="6291456" percent="26">
      <mem type="soa" free="1342856" total="5976064" percent="22" />
      <mem type="loa" free="315392" total="315392" percent="100" />
    </mem>
    <remembered-set count="281" />
  </mem-info>
</gc-start>
<allocation-stats totalBytes="3101544" discardedBytes="49344" >
  <allocated-bytes non-tlh="783400" tlh="2318144" />
  <largest-consumer threadName="main" threadId="000000000001E500" bytes="3101544" />
</allocation-stats>
<gc-op id="289" type="scavenge" timems="0.422" contextid="286" timestamp="2024-07-18T15:29:01.330">
  <scavenger-info tenureage="3" tenuremask="ffe8" tiltratio="89" />
  <memory-copied type="nursery" objects="1585" bytes="61112" bytesdiscarded="15424" />
  <memory-copied type="tenure" objects="657" bytes="22176" bytesdiscarded="0" />
  <references type="phantom" candidates="2" cleared="0" enqueued="0" />
  <object-monitors candidates="5" cleared="0"  />
</gc-op>
<gc-end id="290" type="scavenge" contextid="286" durationms="1.229" usertimems="0.494" systemtimems="0.231" stalltimems="0.172" timestamp="2024-07-18T15:29:01.330" activeThreads="2">
  <mem-info id="291" free="4858504" total="9961472" percent="48">
    <mem type="nursery" free="3200256" total="3670016" percent="87">
      <mem type="allocate" free="3200256" total="3276800" percent="97" />
      <mem type="survivor" free="0" total="393216" percent="0" />
    </mem>
    <mem type="tenure" free="1658248" total="6291456" percent="26">
      <mem type="soa" free="1342856" total="5976064" percent="22" />
      <mem type="loa" free="315392" total="315392" percent="100" />
    </mem>
    <remembered-set count="206" />
  </mem-info>
</gc-end>
<cycle-end id="292" type="scavenge" contextid="286" timestamp="2024-07-18T15:29:01.331" />
<allocation-satisfied id="293" threadId="000000000001E500" bytesRequested="598176" />
<af-end id="294" timestamp="2024-07-18T15:29:01.331" threadId="000000000001EF38" success="true" from="nursery"/>
<exclusive-end id="295" timestamp="2024-07-18T15:29:01.331" durationms="3.147" />

<exclusive-start id="296" timestamp="2024-07-18T15:29:01.406" intervalms="78.072">
  <response-info timems="0.032" idlems="0.032" threads="0" lastid="000000000001E500" lastname="main" />
</exclusive-start>
<af-start id="297" threadId="000000000001EF38" totalBytesRequested="132680" timestamp="2024-07-18T15:29:01.407" intervalms="78.053" type="nursery" />
<cycle-start id="298" type="scavenge" contextid="0" timestamp="2024-07-18T15:29:01.407" intervalms="78.046" />
<gc-start id="299" type="scavenge" contextid="298" timestamp="2024-07-18T15:29:01.407">
  <mem-info id="300" free="1657928" total="9961472" percent="16">
    <mem type="nursery" free="0" total="3670016" percent="0">
      <mem type="allocate" free="0" total="3276800" percent="0" />
      <mem type="survivor" free="0" total="393216" percent="0" />
    </mem>
    <mem type="tenure" free="1657928" total="6291456" percent="26">
      <mem type="soa" free="1342536" total="5976064" percent="22" />
      <mem type="loa" free="315392" total="315392" percent="100" />
    </mem>
    <remembered-set count="310" />
  </mem-info>
</gc-start>
<allocation-stats totalBytes="3182152" discardedBytes="18424" >
  <allocated-bytes non-tlh="664744" tlh="2517408" />
  <largest-consumer threadName="main" threadId="000000000001E500" bytes="3182152" />
</allocation-stats>
<gc-op id="301" type="scavenge" timems="0.451" contextid="298" timestamp="2024-07-18T15:29:01.408">
  <scavenger-info tenureage="3" tenuremask="ffe8" tiltratio="89" />
  <memory-copied type="nursery" objects="1805" bytes="68480" bytesdiscarded="26744" />
  <memory-copied type="tenure" objects="400" bytes="13472" bytesdiscarded="360" />
  <references type="phantom" candidates="2" cleared="0" enqueued="0" />
  <object-monitors candidates="5" cleared="0"  />
</gc-op>
<gc-end id="302" type="scavenge" contextid="298" durationms="1.233" usertimems="0.511" systemtimems="0.237" stalltimems="0.186" timestamp="2024-07-18T15:29:01.408" activeThreads="2">
  <mem-info id="303" free="4820808" total="9961472" percent="48">
    <mem type="nursery" free="3181568" total="3670016" percent="86">
      <mem type="allocate" free="3181568" total="3276800" percent="97" />
      <mem type="survivor" free="0" total="393216" percent="0" />
    </mem>
    <mem type="tenure" free="1639240" total="6291456" percent="26">
      <mem type="soa" free="1323848" total="5976064" percent="22" />
      <mem type="loa" free="315392" total="315392" percent="100" />
    </mem>
    <remembered-set count="234" />
  </mem-info>
</gc-end>
<cycle-end id="304" type="scavenge" contextid="298" timestamp="2024-07-18T15:29:01.409" />
<allocation-satisfied id="305" threadId="000000000001E500" bytesRequested="132680" />
<af-end id="306" timestamp="2024-07-18T15:29:01.409" threadId="000000000001EF38" success="true" from="nursery"/>
<exclusive-end id="307" timestamp="2024-07-18T15:29:01.409" durationms="2.986" />

<exclusive-start id="308" timestamp="2024-07-18T15:29:01.480" intervalms="73.821">
  <response-info timems="0.030" idlems="0.030" threads="0" lastid="000000000001E500" lastname="main" />
</exclusive-start>
<af-start id="309" threadId="000000000001EF38" totalBytesRequested="8200" timestamp="2024-07-18T15:29:01.481" intervalms="74.039" type="nursery" />
<cycle-start id="310" type="scavenge" contextid="0" timestamp="2024-07-18T15:29:01.481" intervalms="74.089" />
<gc-start id="311" type="scavenge" contextid="310" timestamp="2024-07-18T15:29:01.481">
  <mem-info id="312" free="1639200" total="9961472" percent="16">
    <mem type="nursery" free="0" total="3670016" percent="0">
      <mem type="allocate" free="0" total="3276800" percent="0" />
      <mem type="survivor" free="0" total="393216" percent="0" />
    </mem>
    <mem type="tenure" free="1639200" total="6291456" percent="26">
      <mem type="soa" free="1323808" total="5976064" percent="22" />
      <mem type="loa" free="315392" total="315392" percent="100" />
    </mem>
    <remembered-set count="329" />
  </mem-info>
</gc-start>
<allocation-stats totalBytes="3099552" discardedBytes="82056" >
  <allocated-bytes non-tlh="343704" tlh="2755848" />
  <largest-consumer threadName="main" threadId="000000000001E500" bytes="3099552" />
</allocation-stats>
<gc-op id="313" type="scavenge" timems="0.491" contextid="310" timestamp="2024-07-18T15:29:01.482">
  <scavenger-info tenureage="3" tenuremask="ffe8" tiltratio="89" />
  <memory-copied type="nursery" objects="1849" bytes="65280" bytesdiscarded="11248" />
  <memory-copied type="tenure" objects="638" bytes="29008" bytesdiscarded="8" />
  <references type="phantom" candidates="3" cleared="0" enqueued="0" />
  <object-monitors candidates="5" cleared="0"  />
</gc-op>
<gc-end id="314" type="scavenge" contextid="310" durationms="1.344" usertimems="0.541" systemtimems="0.253" stalltimems="0.207" timestamp="2024-07-18T15:29:01.483" activeThreads="2">
  <mem-info id="315" free="4810528" total="9961472" percent="48">
    <mem type="nursery" free="3200256" total="3670016" percent="87">
      <mem type="allocate" free="3200256" total="3276800" percent="97" />
      <mem type="survivor" free="0" total="393216" percent="0" />
    </mem>
    <mem type="tenure" free="1610272" total="6291456" percent="25">
      <mem type="soa" free="1294880" total="5976064" percent="21" />
      <mem type="loa" free="315392" total="315392" percent="100" />
    </mem>
    <remembered-set count="234" />
  </mem-info>
</gc-end>
<cycle-end id="316" type="scavenge" contextid="310" timestamp="2024-07-18T15:29:01.483" />
<allocation-satisfied id="317" threadId="000000000001E500" bytesRequested="8200" />
<af-end id="318" timestamp="2024-07-18T15:29:01.484" threadId="000000000001EF38" success="true" from="nursery"/>
<exclusive-end id="319" timestamp="2024-07-18T15:29:01.484" durationms="3.532" />

<exclusive-start id="320" timestamp="2024-07-18T15:29:01.552" intervalms="71.528">
  <response-info timems="0.034" idlems="0.034" threads="0" lastid="000000000001E500" lastname="main" />
</exclusive-start>
<af-start id="321" threadId="000000000001EF38" totalBytesRequested="152280" timestamp="2024-07-18T15:29:01.552" intervalms="71.296" type="nursery" />
<cycle-start id="322" type="scavenge" contextid="0" timestamp="2024-07-18T15:29:01.552" intervalms="71.227" />
<gc-start id="323" type="scavenge" contextid="322" timestamp="2024-07-18T15:29:01.553">
  <mem-info id="324" free="1610128" total="9961472" percent="16">
    <mem type="nursery" free="0" total="3670016" percent="0">
      <mem type="allocate" free="0" total="3276800" percent="0" />
      <mem type="survivor" free="0" total="393216" percent="0" />
    </mem>
    <mem type="tenure" free="1610128" total="6291456" percent="25">
      <mem type="soa" free="1294736" total="5976064" percent="21" />
      <mem type="loa" free="315392" total="315392" percent="100" />
    </mem>
    <remembered-set count="333" />
  </mem-info>
</gc-start>
<allocation-stats totalBytes="3178376" discardedBytes="22024" >
  <allocated-bytes non-tlh="753776" tlh="2424600" />
  <largest-consumer threadName="main" threadId="000000000001E500" bytes="3178376" />
</allocation-stats>
<gc-op id="325" type="scavenge" timems="0.490" contextid="322" timestamp="2024-07-18T15:29:01.554">
  <scavenger-info tenureage="3" tenuremask="ffe8" tiltratio="89" />
  <memory-copied type="nursery" objects="1821" bytes="61312" bytesdiscarded="35704" />
  <memory-copied type="tenure" objects="526" bytes="17736" bytesdiscarded="0" />
  <references type="phantom" candidates="2" cleared="0" enqueued="0" />
  <object-monitors candidates="5" cleared="0"  />
</gc-op>
<gc-end id="326" type="scavenge" contextid="322" durationms="1.224" usertimems="0.482" systemtimems="0.236" stalltimems="0.286" timestamp="2024-07-18T15:29:01.554" activeThreads="2">
  <mem-info id="327" free="4789904" total="9961472" percent="48">
    <mem type="nursery" free="3179776" total="3670016" percent="86">
      <mem type="allocate" free="3179776" total="3276800" percent="97" />
      <mem type="survivor" free="0" total="393216" percent="0" />
    </mem>
    <mem type="tenure" free="1610128" total="6291456" percent="25">
      <mem type="soa" free="1294736" total="5976064" percent="21" />
      <mem type="loa" free="315392" total="315392" percent="100" />
    </mem>
    <remembered-set count="244" />
  </mem-info>
</gc-end>
<cycle-end id="328" type="scavenge" contextid="322" timestamp="2024-07-18T15:29:01.554" />
<allocation-satisfied id="329" threadId="000000000001E500" bytesRequested="152280" />
<af-end id="330" timestamp="2024-07-18T15:29:01.555" threadId="000000000001EF38" success="true" from="nursery"/>
<exclusive-end id="331" timestamp="2024-07-18T15:29:01.555" durationms="3.021" />

<exclusive-start id="332" timestamp="2024-07-18T15:29:01.623" intervalms="71.662">
  <response-info timems="0.030" idlems="0.030" threads="0" lastid="000000000001E500" lastname="main" />
</exclusive-start>
<af-start id="333" threadId="000000000001EF38" totalBytesRequested="132176" timestamp="2024-07-18T15:29:01.624" intervalms="71.695" type="nursery" />
<cycle-start id="334" type="scavenge" contextid="0" timestamp="2024-07-18T15:29:01.624" intervalms="71.682" />
<gc-start id="335" type="scavenge" contextid="334" timestamp="2024-07-18T15:29:01.624">
  <mem-info id="336" free="1624368" total="9961472" percent="16">
    <mem type="nursery" free="14304" total="3670016" percent="0">
      <mem type="allocate" free="14304" total="3276800" percent="0" />
      <mem type="survivor" free="0" total="393216" percent="0" />
    </mem>
    <mem type="tenure" free="1610064" total="6291456" percent="25">
      <mem type="soa" free="1294672" total="5976064" percent="21" />
      <mem type="loa" free="315392" total="315392" percent="100" />
    </mem>
    <remembered-set count="348" />
  </mem-info>
</gc-start>
<allocation-stats totalBytes="3122808" discardedBytes="42728" >
  <allocated-bytes non-tlh="343392" tlh="2779416" />
  <largest-consumer threadName="main" threadId="000000000001E500" bytes="3122808" />
</allocation-stats>
<gc-op id="337" type="scavenge" timems="0.604" contextid="334" timestamp="2024-07-18T15:29:01.625">
  <scavenger-info tenureage="3" tenuremask="ffe8" tiltratio="89" />
  <memory-copied type="nursery" objects="1779" bytes="59840" bytesdiscarded="67896" />
  <memory-copied type="tenure" objects="620" bytes="20840" bytesdiscarded="40" />
  <references type="phantom" candidates="2" cleared="0" enqueued="0" />
  <object-monitors candidates="5" cleared="0"  />
</gc-op>
<gc-end id="338" type="scavenge" contextid="334" durationms="1.404" usertimems="0.714" systemtimems="0.346" stalltimems="0.166" timestamp="2024-07-18T15:29:01.626" activeThreads="2">
  <mem-info id="339" free="4709712" total="9961472" percent="47">
    <mem type="nursery" free="3149056" total="3670016" percent="85">
      <mem type="allocate" free="3149056" total="3276800" percent="96" />
      <mem type="survivor" free="0" total="393216" percent="0" />
    </mem>
    <mem type="tenure" free="1560656" total="6291456" percent="24">
      <mem type="soa" free="1245264" total="5976064" percent="20" />
      <mem type="loa" free="315392" total="315392" percent="100" />
    </mem>
    <remembered-set count="250" />
  </mem-info>
</gc-end>
<cycle-end id="340" type="scavenge" contextid="334" timestamp="2024-07-18T15:29:01.626" />
<allocation-satisfied id="341" threadId="000000000001E500" bytesRequested="132176" />
<af-end id="342" timestamp="2024-07-18T15:29:01.626" threadId="000000000001EF38" success="true" from="nursery"/>
<exclusive-end id="343" timestamp="2024-07-18T15:29:01.627" durationms="3.256" />

<exclusive-start id="344" timestamp="2024-07-18T15:29:01.686" intervalms="63.017">
  <response-info timems="0.028" idlems="0.028" threads="0" lastid="000000000001E500" lastname="main" />
</exclusive-start>
<af-start id="345" threadId="000000000001EF38" totalBytesRequested="129512" timestamp="2024-07-18T15:29:01.687" intervalms="62.999" type="nursery" />
<cycle-start id="346" type="scavenge" contextid="0" timestamp="2024-07-18T15:29:01.687" intervalms="62.973" />
<gc-start id="347" type="scavenge" contextid="346" timestamp="2024-07-18T15:29:01.687">
  <mem-info id="348" free="1563880" total="9961472" percent="15">
    <mem type="nursery" free="3328" total="3670016" percent="0">
      <mem type="allocate" free="3328" total="3276800" percent="0" />
      <mem type="survivor" free="0" total="393216" percent="0" />
    </mem>
    <mem type="tenure" free="1560552" total="6291456" percent="24">
      <mem type="soa" free="1245160" total="5976064" percent="20" />
      <mem type="loa" free="315392" total="315392" percent="100" />
    </mem>
    <remembered-set count="340" />
  </mem-info>
</gc-start>
<allocation-stats totalBytes="3090904" discardedBytes="54928" >
  <allocated-bytes non-tlh="597192" tlh="2493712" />
  <largest-consumer threadName="main" threadId="000000000001E500" bytes="3090904" />
</allocation-stats>
<gc-op id="349" type="scavenge" timems="0.443" contextid="346" timestamp="2024-07-18T15:29:01.688">
  <scavenger-info tenureage="3" tenuremask="ffe8" tiltratio="89" />
  <memory-copied type="nursery" objects="1631" bytes="54768" bytesdiscarded="21768" />
  <memory-copied type="tenure" objects="650" bytes="21848" bytesdiscarded="0" />
  <references type="phantom" candidates="2" cleared="0" enqueued="0" />
  <object-monitors candidates="5" cleared="0"  />
</gc-op>
<gc-end id="350" type="scavenge" contextid="346" durationms="1.149" usertimems="0.617" systemtimems="0.301" stalltimems="0.165" timestamp="2024-07-18T15:29:01.688" activeThreads="2">
  <mem-info id="351" free="4760808" total="9961472" percent="47">
    <mem type="nursery" free="3200256" total="3670016" percent="87">
      <mem type="allocate" free="3200256" total="3276800" percent="97" />
      <mem type="survivor" free="0" total="393216" percent="0" />
    </mem>
    <mem type="tenure" free="1560552" total="6291456" percent="24">
      <mem type="soa" free="1245160" total="5976064" percent="20" />
      <mem type="loa" free="315392" total="315392" percent="100" />
    </mem>
    <remembered-set count="253" />
  </mem-info>
</gc-end>
<cycle-end id="352" type="scavenge" contextid="346" timestamp="2024-07-18T15:29:01.689" />
<allocation-satisfied id="353" threadId="000000000001E500" bytesRequested="129512" />
<af-end id="354" timestamp="2024-07-18T15:29:01.689" threadId="000000000001EF38" success="true" from="nursery"/>
<exclusive-end id="355" timestamp="2024-07-18T15:29:01.690" durationms="3.134" />

<exclusive-start id="356" timestamp="2024-07-18T15:29:01.750" intervalms="63.420">
  <response-info timems="0.032" idlems="0.032" threads="0" lastid="000000000001E500" lastname="main" />
</exclusive-start>
<af-start id="357" threadId="000000000001EF38" totalBytesRequested="52760" timestamp="2024-07-18T15:29:01.750" intervalms="63.453" type="nursery" />
<cycle-start id="358" type="scavenge" contextid="0" timestamp="2024-07-18T15:29:01.750" intervalms="63.460" />
<gc-start id="359" type="scavenge" contextid="358" timestamp="2024-07-18T15:29:01.751">
  <mem-info id="360" free="1560496" total="9961472" percent="15">
    <mem type="nursery" free="0" total="3670016" percent="0">
      <mem type="allocate" free="0" total="3276800" percent="0" />
      <mem type="survivor" free="0" total="393216" percent="0" />
    </mem>
    <mem type="tenure" free="1560496" total="6291456" percent="24">
      <mem type="soa" free="1245104" total="5976064" percent="20" />
      <mem type="loa" free="315392" total="315392" percent="100" />
    </mem>
    <remembered-set count="436" />
  </mem-info>
</gc-start>
<allocation-stats totalBytes="3116480" discardedBytes="83832" >
  <allocated-bytes non-tlh="997624" tlh="2118856" />
  <largest-consumer threadName="main" threadId="000000000001E500" bytes="3116480" />
</allocation-stats>
<gc-op id="361" type="scavenge" timems="1.286" contextid="358" timestamp="2024-07-18T15:29:01.752">
  <scavenger-info tenureage="3" tenuremask="ffe8" tiltratio="89" />
  <memory-copied type="nursery" objects="1739" bytes="175392" bytesdiscarded="33216" />
  <memory-copied type="tenure" objects="529" bytes="380528" bytesdiscarded="0" />
  <copy-failed type="nursery" objects="1" bytes="362848" />
  <references type="weak" candidates="1" cleared="0" enqueued="0" />
  <references type="phantom" candidates="4" cleared="0" enqueued="0" />
  <object-monitors candidates="5" cleared="0"  />
</gc-op>
<gc-end id="362" type="scavenge" contextid="358" durationms="2.105" usertimems="1.122" systemtimems="0.556" stalltimems="0.957" timestamp="2024-07-18T15:29:01.753" activeThreads="2">
  <mem-info id="363" free="3413864" total="9961472" percent="34">
    <mem type="nursery" free="2216216" total="3670016" percent="60">
      <mem type="allocate" free="2216216" total="2424832" percent="91" />
      <mem type="survivor" free="0" total="1245184" percent="0" />
    </mem>
    <mem type="tenure" free="1197648" total="6291456" percent="19">
      <mem type="soa" free="882256" total="5976064" percent="14" />
      <mem type="loa" free="315392" total="315392" percent="100" />
    </mem>
    <remembered-set count="216" />
  </mem-info>
</gc-end>
<cycle-end id="364" type="scavenge" contextid="358" timestamp="2024-07-18T15:29:01.753" />
<allocation-satisfied id="365" threadId="000000000001E500" bytesRequested="52760" />
<af-end id="366" timestamp="2024-07-18T15:29:01.753" threadId="000000000001EF38" success="true" from="nursery"/>
<exclusive-end id="367" timestamp="2024-07-18T15:29:01.754" durationms="3.846" />

<exclusive-start id="368" timestamp="2024-07-18T15:29:01.806" intervalms="55.971">
  <response-info timems="0.032" idlems="0.032" threads="0" lastid="000000000001E500" lastname="main" />
</exclusive-start>
<af-start id="369" threadId="000000000001EF38" totalBytesRequested="168536" timestamp="2024-07-18T15:29:01.806" intervalms="55.853" type="nursery" />
<cycle-start id="370" type="scavenge" contextid="0" timestamp="2024-07-18T15:29:01.806" intervalms="55.824" />
<gc-start id="371" type="scavenge" contextid="370" timestamp="2024-07-18T15:29:01.806">
  <mem-info id="372" free="1251080" total="9961472" percent="12">
    <mem type="nursery" free="53528" total="3670016" percent="1">
      <mem type="allocate" free="53528" total="2424832" percent="2" />
      <mem type="survivor" free="0" total="1245184" percent="0" />
    </mem>
    <mem type="tenure" free="1197552" total="6291456" percent="19">
      <mem type="soa" free="882160" total="5976064" percent="14" />
      <mem type="loa" free="315392" total="315392" percent="100" />
    </mem>
    <remembered-set count="290" />
  </mem-info>
</gc-start>
<allocation-stats totalBytes="2136176" discardedBytes="26608" >
  <allocated-bytes non-tlh="278056" tlh="1858120" />
  <largest-consumer threadName="main" threadId="000000000001E500" bytes="2136176" />
</allocation-stats>
<gc-op id="373" type="scavenge" timems="0.476" contextid="370" timestamp="2024-07-18T15:29:01.807">
  <scavenger-info tenureage="3" tenuremask="ffe8" tiltratio="66" />
  <memory-copied type="nursery" objects="1614" bytes="69400" bytesdiscarded="37856" />
  <memory-copied type="tenure" objects="575" bytes="19296" bytesdiscarded="192" />
  <references type="phantom" candidates="2" cleared="0" enqueued="0" />
  <object-monitors candidates="5" cleared="0"  />
</gc-op>
<gc-end id="374" type="scavenge" contextid="370" durationms="1.113" usertimems="0.566" systemtimems="0.283" stalltimems="0.204" timestamp="2024-07-18T15:29:01.808" activeThreads="2">
  <mem-info id="375" free="3646192" total="9961472" percent="36">
    <mem type="nursery" free="2448640" total="3670016" percent="66">
      <mem type="allocate" free="2448640" total="2555904" percent="95" />
      <mem type="survivor" free="0" total="1114112" percent="0" />
    </mem>
    <mem type="tenure" free="1197552" total="6291456" percent="19">
      <mem type="soa" free="882160" total="5976064" percent="14" />
      <mem type="loa" free="315392" total="315392" percent="100" />
    </mem>
    <remembered-set count="199" />
  </mem-info>
</gc-end>
<cycle-end id="376" type="scavenge" contextid="370" timestamp="2024-07-18T15:29:01.808" />
<allocation-satisfied id="377" threadId="000000000001E500" bytesRequested="168536" />
<af-end id="378" timestamp="2024-07-18T15:29:01.808" threadId="000000000001EF38" success="true" from="nursery"/>
<exclusive-end id="379" timestamp="2024-07-18T15:29:01.808" durationms="2.493" />

<exclusive-start id="380" timestamp="2024-07-18T15:29:01.854" intervalms="47.986">
  <response-info timems="0.029" idlems="0.029" threads="0" lastid="000000000001E500" lastname="main" />
</exclusive-start>
<af-start id="381" threadId="000000000001EF38" totalBytesRequested="4032" timestamp="2024-07-18T15:29:01.854" intervalms="48.051" type="nursery" />
<cycle-start id="382" type="scavenge" contextid="0" timestamp="2024-07-18T15:29:01.854" intervalms="48.086" />
<gc-start id="383" type="scavenge" contextid="382" timestamp="2024-07-18T15:29:01.855">
  <mem-info id="384" free="1197552" total="9961472" percent="12">
    <mem type="nursery" free="0" total="3670016" percent="0">
      <mem type="allocate" free="0" total="2555904" percent="0" />
      <mem type="survivor" free="0" total="1114112" percent="0" />
    </mem>
    <mem type="tenure" free="1197552" total="6291456" percent="19">
      <mem type="soa" free="882160" total="5976064" percent="14" />
      <mem type="loa" free="315392" total="315392" percent="100" />
    </mem>
    <remembered-set count="265" />
  </mem-info>
</gc-start>
<allocation-stats totalBytes="2388880" discardedBytes="59760" >
  <allocated-bytes non-tlh="474192" tlh="1914688" />
  <largest-consumer threadName="main" threadId="000000000001E500" bytes="2388880" />
</allocation-stats>
<gc-op id="385" type="scavenge" timems="0.567" contextid="382" timestamp="2024-07-18T15:29:01.856">
  <scavenger-info tenureage="3" tenuremask="ffe8" tiltratio="69" />
  <memory-copied type="nursery" objects="1489" bytes="65192" bytesdiscarded="21584" />
  <memory-copied type="tenure" objects="501" bytes="16752" bytesdiscarded="0" />
  <references type="phantom" candidates="2" cleared="0" enqueued="0" />
  <object-monitors candidates="5" cleared="0"  />
</gc-op>
<gc-end id="386" type="scavenge" contextid="382" durationms="1.292" usertimems="1.090" systemtimems="0.000" stalltimems="0.220" timestamp="2024-07-18T15:29:01.856" activeThreads="2">
  <mem-info id="387" free="3834352" total="9961472" percent="38">
    <mem type="nursery" free="2665728" total="3670016" percent="72">
      <mem type="allocate" free="2665728" total="2752512" percent="96" />
      <mem type="survivor" free="0" total="917504" percent="0" />
    </mem>
    <mem type="tenure" free="1168624" total="6291456" percent="18">
      <mem type="soa" free="853232" total="5976064" percent="14" />
      <mem type="loa" free="315392" total="315392" percent="100" />
    </mem>
    <remembered-set count="199" />
  </mem-info>
</gc-end>
<cycle-end id="388" type="scavenge" contextid="382" timestamp="2024-07-18T15:29:01.856" />
<allocation-satisfied id="389" threadId="000000000001E500" bytesRequested="4032" />
<af-end id="390" timestamp="2024-07-18T15:29:01.857" threadId="000000000001EF38" success="true" from="nursery"/>
<exclusive-end id="391" timestamp="2024-07-18T15:29:01.857" durationms="2.896" />

<exclusive-start id="392" timestamp="2024-07-18T15:29:01.917" intervalms="63.143">
  <response-info timems="0.029" idlems="0.029" threads="0" lastid="000000000001E500" lastname="main" />
</exclusive-start>
<af-start id="393" threadId="000000000001EF38" totalBytesRequested="100928" timestamp="2024-07-18T15:29:01.917" intervalms="63.192" type="nursery" />
<cycle-start id="394" type="scavenge" contextid="0" timestamp="2024-07-18T15:29:01.918" intervalms="63.171" />
<gc-start id="395" type="scavenge" contextid="394" timestamp="2024-07-18T15:29:01.918">
  <mem-info id="396" free="1168624" total="9961472" percent="11">
    <mem type="nursery" free="0" total="3670016" percent="0">
      <mem type="allocate" free="0" total="2752512" percent="0" />
      <mem type="survivor" free="0" total="917504" percent="0" />
    </mem>
    <mem type="tenure" free="1168624" total="6291456" percent="18">
      <mem type="soa" free="853232" total="5976064" percent="14" />
      <mem type="loa" free="315392" total="315392" percent="100" />
    </mem>
    <remembered-set count="300" />
  </mem-info>
</gc-start>
<allocation-stats totalBytes="2635856" discardedBytes="29872" >
  <allocated-bytes non-tlh="258600" tlh="2377256" />
  <largest-consumer threadName="main" threadId="000000000001E500" bytes="2635856" />
</allocation-stats>
<gc-op id="397" type="scavenge" timems="0.567" contextid="394" timestamp="2024-07-18T15:29:01.919">
  <scavenger-info tenureage="3" tenuremask="ffe8" tiltratio="75" />
  <memory-copied type="nursery" objects="1433" bytes="48216" bytesdiscarded="9632" />
  <memory-copied type="tenure" objects="626" bytes="36080" bytesdiscarded="8" />
  <references type="phantom" candidates="2" cleared="0" enqueued="0" />
  <object-monitors candidates="5" cleared="0"  />
</gc-op>
<gc-end id="398" type="scavenge" contextid="394" durationms="1.291" usertimems="0.000" systemtimems="1.056" stalltimems="0.198" timestamp="2024-07-18T15:29:01.919" activeThreads="2">
  <mem-info id="399" free="4041200" total="9961472" percent="40">
    <mem type="nursery" free="2891264" total="3670016" percent="78">
      <mem type="allocate" free="2891264" total="2949120" percent="98" />
      <mem type="survivor" free="0" total="720896" percent="0" />
    </mem>
    <mem type="tenure" free="1149936" total="6291456" percent="18">
      <mem type="soa" free="834544" total="5976064" percent="13" />
      <mem type="loa" free="315392" total="315392" percent="100" />
    </mem>
    <remembered-set count="212" />
  </mem-info>
</gc-end>
<cycle-end id="400" type="scavenge" contextid="394" timestamp="2024-07-18T15:29:01.919" />
<allocation-satisfied id="401" threadId="000000000001E500" bytesRequested="100928" />
<af-end id="402" timestamp="2024-07-18T15:29:01.920" threadId="000000000001EF38" success="true" from="nursery"/>
<exclusive-end id="403" timestamp="2024-07-18T15:29:01.920" durationms="3.086" />

<exclusive-start id="404" timestamp="2024-07-18T15:29:01.988" intervalms="70.726">
  <response-info timems="0.030" idlems="0.030" threads="0" lastid="000000000001E500" lastname="main" />
</exclusive-start>
<af-start id="405" threadId="000000000001EF38" totalBytesRequested="450568" timestamp="2024-07-18T15:29:01.988" intervalms="70.719" type="nursery" />
<cycle-start id="406" type="scavenge" contextid="0" timestamp="2024-07-18T15:29:01.988" intervalms="70.774" />
<gc-start id="407" type="scavenge" contextid="406" timestamp="2024-07-18T15:29:01.989">
  <mem-info id="408" free="1268672" total="9961472" percent="12">
    <mem type="nursery" free="118736" total="3670016" percent="3">
      <mem type="allocate" free="118736" total="2949120" percent="4" />
      <mem type="survivor" free="0" total="720896" percent="0" />
    </mem>
    <mem type="tenure" free="1149936" total="6291456" percent="18">
      <mem type="soa" free="834544" total="5976064" percent="13" />
      <mem type="loa" free="315392" total="315392" percent="100" />
    </mem>
    <remembered-set count="313" />
  </mem-info>
</gc-start>
<allocation-stats totalBytes="2735832" discardedBytes="36696" >
  <allocated-bytes non-tlh="253488" tlh="2482344" />
  <largest-consumer threadName="main" threadId="000000000001E500" bytes="2735832" />
</allocation-stats>
<gc-op id="409" type="scavenge" timems="0.609" contextid="406" timestamp="2024-07-18T15:29:01.990">
  <scavenger-info tenureage="2" tenuremask="ffec" tiltratio="80" />
  <memory-copied type="nursery" objects="1183" bytes="39944" bytesdiscarded="48624" />
  <memory-copied type="tenure" objects="842" bytes="28216" bytesdiscarded="0" />
  <references type="phantom" candidates="2" cleared="0" enqueued="0" />
  <object-monitors candidates="5" cleared="0"  />
</gc-op>
<gc-end id="410" type="scavenge" contextid="406" durationms="1.484" usertimems="0.593" systemtimems="0.303" stalltimems="0.426" timestamp="2024-07-18T15:29:01.990" activeThreads="2">
  <mem-info id="411" free="4122864" total="9961472" percent="41">
    <mem type="nursery" free="2991616" total="3670016" percent="81">
      <mem type="allocate" free="2991616" total="3080192" percent="97" />
      <mem type="survivor" free="0" total="589824" percent="0" />
    </mem>
    <mem type="tenure" free="1131248" total="6291456" percent="17">
      <mem type="soa" free="815856" total="5976064" percent="13" />
      <mem type="loa" free="315392" total="315392" percent="100" />
    </mem>
    <remembered-set count="195" />
  </mem-info>
</gc-end>
<cycle-end id="412" type="scavenge" contextid="406" timestamp="2024-07-18T15:29:01.990" />
<allocation-satisfied id="413" threadId="000000000001E500" bytesRequested="450568" />
<af-end id="414" timestamp="2024-07-18T15:29:01.991" threadId="000000000001EF38" success="true" from="nursery"/>
<exclusive-end id="415" timestamp="2024-07-18T15:29:01.991" durationms="3.340" />

<exclusive-start id="416" timestamp="2024-07-18T15:29:02.051" intervalms="63.210">
  <response-info timems="0.033" idlems="0.033" threads="0" lastid="000000000001E500" lastname="main" />
</exclusive-start>
<af-start id="417" threadId="000000000001EF38" totalBytesRequested="8200" timestamp="2024-07-18T15:29:02.051" intervalms="63.185" type="nursery" />
<cycle-start id="418" type="scavenge" contextid="0" timestamp="2024-07-18T15:29:02.051" intervalms="63.136" />
<gc-start id="419" type="scavenge" contextid="418" timestamp="2024-07-18T15:29:02.052">
  <mem-info id="420" free="1131248" total="9961472" percent="11">
    <mem type="nursery" free="0" total="3670016" percent="0">
      <mem type="allocate" free="0" total="3080192" percent="0" />
      <mem type="survivor" free="0" total="589824" percent="0" />
    </mem>
    <mem type="tenure" free="1131248" total="6291456" percent="17">
      <mem type="soa" free="815856" total="5976064" percent="13" />
      <mem type="loa" free="315392" total="315392" percent="100" />
    </mem>
    <remembered-set count="288" />
  </mem-info>
</gc-start>
<allocation-stats totalBytes="2952528" discardedBytes="39088" >
  <allocated-bytes non-tlh="850336" tlh="2102192" />
  <largest-consumer threadName="main" threadId="000000000001E500" bytes="2952528" />
</allocation-stats>
<gc-op id="421" type="scavenge" timems="0.505" contextid="418" timestamp="2024-07-18T15:29:02.053">
  <scavenger-info tenureage="2" tenuremask="ffe4" tiltratio="83" />
  <memory-copied type="nursery" objects="1115" bytes="52608" bytesdiscarded="25712" />
  <memory-copied type="tenure" objects="570" bytes="19104" bytesdiscarded="24" />
  <references type="phantom" candidates="3" cleared="0" enqueued="0" />
  <object-monitors candidates="5" cleared="0"  />
</gc-op>
<gc-end id="422" type="scavenge" contextid="418" durationms="1.188" usertimems="0.189" systemtimems="0.761" stalltimems="0.238" timestamp="2024-07-18T15:29:02.053" activeThreads="2">
  <mem-info id="423" free="4179952" total="9961472" percent="41">
    <mem type="nursery" free="3067392" total="3670016" percent="83">
      <mem type="allocate" free="3067392" total="3145728" percent="97" />
      <mem type="survivor" free="0" total="524288" percent="0" />
    </mem>
    <mem type="tenure" free="1112560" total="6291456" percent="17">
      <mem type="soa" free="797168" total="5976064" percent="13" />
      <mem type="loa" free="315392" total="315392" percent="100" />
    </mem>
    <remembered-set count="198" />
  </mem-info>
</gc-end>
<cycle-end id="424" type="scavenge" contextid="418" timestamp="2024-07-18T15:29:02.053" />
<allocation-satisfied id="425" threadId="000000000001E500" bytesRequested="8200" />
<af-end id="426" timestamp="2024-07-18T15:29:02.054" threadId="000000000001EF38" success="true" from="nursery"/>
<exclusive-end id="427" timestamp="2024-07-18T15:29:02.054" durationms="2.853" />

<exclusive-start id="428" timestamp="2024-07-18T15:29:02.119" intervalms="68.424">
  <response-info timems="0.029" idlems="0.029" threads="0" lastid="000000000001E500" lastname="main" />
</exclusive-start>
<af-start id="429" threadId="000000000001EF38" totalBytesRequested="78160" timestamp="2024-07-18T15:29:02.120" intervalms="68.461" type="nursery" />
<cycle-start id="430" type="scavenge" contextid="0" timestamp="2024-07-18T15:29:02.120" intervalms="68.573" />
<gc-start id="431" type="scavenge" contextid="430" timestamp="2024-07-18T15:29:02.120">
  <mem-info id="432" free="1173064" total="9961472" percent="11">
    <mem type="nursery" free="60504" total="3670016" percent="1">
      <mem type="allocate" free="60504" total="3145728" percent="1" />
      <mem type="survivor" free="0" total="524288" percent="0" />
    </mem>
    <mem type="tenure" free="1112560" total="6291456" percent="17">
      <mem type="soa" free="797168" total="5976064" percent="13" />
      <mem type="loa" free="315392" total="315392" percent="100" />
    </mem>
    <remembered-set count="327" />
  </mem-info>
</gc-start>
<allocation-stats totalBytes="2915856" discardedBytes="91032" >
  <allocated-bytes non-tlh="266664" tlh="2649192" />
  <largest-consumer threadName="main" threadId="000000000001E500" bytes="2915856" />
</allocation-stats>
<gc-op id="433" type="scavenge" timems="0.509" contextid="430" timestamp="2024-07-18T15:29:02.121">
  <scavenger-info tenureage="2" tenuremask="fff4" tiltratio="85" />
  <memory-copied type="nursery" objects="1147" bytes="38464" bytesdiscarded="39864" />
  <memory-copied type="tenure" objects="592" bytes="19944" bytesdiscarded="0" />
  <references type="phantom" candidates="2" cleared="0" enqueued="0" />
  <object-monitors candidates="5" cleared="0"  />
</gc-op>
<gc-end id="434" type="scavenge" contextid="430" durationms="1.518" usertimems="0.554" systemtimems="0.293" stalltimems="0.274" timestamp="2024-07-18T15:29:02.122" activeThreads="2">
  <mem-info id="435" free="4196080" total="9961472" percent="42">
    <mem type="nursery" free="3132928" total="3670016" percent="85">
      <mem type="allocate" free="3132928" total="3211264" percent="97" />
      <mem type="survivor" free="0" total="458752" percent="0" />
    </mem>
    <mem type="tenure" free="1063152" total="6291456" percent="16">
      <mem type="soa" free="747760" total="5976064" percent="12" />
      <mem type="loa" free="315392" total="315392" percent="100" />
    </mem>
    <remembered-set count="218" />
  </mem-info>
</gc-end>
<cycle-end id="436" type="scavenge" contextid="430" timestamp="2024-07-18T15:29:02.122" />
<allocation-satisfied id="437" threadId="000000000001E500" bytesRequested="78160" />
<af-end id="438" timestamp="2024-07-18T15:29:02.123" threadId="000000000001EF38" success="true" from="nursery"/>
<exclusive-end id="439" timestamp="2024-07-18T15:29:02.123" durationms="3.596" />

<exclusive-start id="440" timestamp="2024-07-18T15:29:02.187" intervalms="67.248">
  <response-info timems="0.089" idlems="0.060" threads="1" lastid="0000000000022100" lastname="JIT Compilation Thread-000" />
</exclusive-start>
<af-start id="441" threadId="000000000001EF38" totalBytesRequested="40" timestamp="2024-07-18T15:29:02.187" intervalms="67.296" type="nursery" />
<cycle-start id="442" type="scavenge" contextid="0" timestamp="2024-07-18T15:29:02.187" intervalms="67.224" />
<gc-start id="443" type="scavenge" contextid="442" timestamp="2024-07-18T15:29:02.188">
  <mem-info id="444" free="1060504" total="9961472" percent="10">
    <mem type="nursery" free="0" total="3670016" percent="0">
      <mem type="allocate" free="0" total="3211264" percent="0" />
      <mem type="survivor" free="0" total="458752" percent="0" />
    </mem>
    <mem type="tenure" free="1060504" total="6291456" percent="16">
      <mem type="soa" free="745112" total="5976064" percent="12" />
      <mem type="loa" free="315392" total="315392" percent="100" />
    </mem>
    <remembered-set count="388" />
  </mem-info>
</gc-start>
<allocation-stats totalBytes="3133312" discardedBytes="2264" >
  <allocated-bytes non-tlh="577296" tlh="2556016" />
  <largest-consumer threadName="main" threadId="000000000001E500" bytes="3129216" />
</allocation-stats>
<gc-op id="445" type="scavenge" timems="0.763" contextid="442" timestamp="2024-07-18T15:29:02.189">
  <scavenger-info tenureage="2" tenuremask="fff4" tiltratio="87" />
  <memory-copied type="nursery" objects="2213" bytes="120784" bytesdiscarded="45864" />
  <memory-copied type="tenure" objects="470" bytes="15688" bytesdiscarded="16" />
  <finalization candidates="7" enqueued="4" />
  <ownableSynchronizers candidates="12" cleared="6" />
  <references type="weak" candidates="16" cleared="11" enqueued="11" />
  <references type="phantom" candidates="10" cleared="1" enqueued="1" />
  <object-monitors candidates="6" cleared="0"  />
</gc-op>
<gc-end id="446" type="scavenge" contextid="442" durationms="1.679" usertimems="1.140" systemtimems="0.000" stalltimems="0.477" timestamp="2024-07-18T15:29:02.189" activeThreads="2">
  <mem-info id="447" free="4071712" total="9961472" percent="40">
    <mem type="nursery" free="3110024" total="3670016" percent="84">
      <mem type="allocate" free="3110024" total="3276800" percent="94" />
      <mem type="survivor" free="0" total="393216" percent="0" />
    </mem>
    <mem type="tenure" free="961688" total="6291456" percent="15">
      <mem type="soa" free="646296" total="5976064" percent="10" />
      <mem type="loa" free="315392" total="315392" percent="100" />
    </mem>
    <pending-finalizers system="4" default="0" reference="12" classloader="0" />
    <remembered-set count="289" />
  </mem-info>
</gc-end>
<cycle-end id="448" type="scavenge" contextid="442" timestamp="2024-07-18T15:29:02.190" />
<allocation-satisfied id="449" threadId="000000000001E500" bytesRequested="40" />
<af-end id="450" timestamp="2024-07-18T15:29:02.190" threadId="000000000001EF38" success="true" from="nursery"/>
<exclusive-end id="451" timestamp="2024-07-18T15:29:02.190" durationms="3.831" />

<exclusive-start id="452" timestamp="2024-07-18T15:29:02.230" intervalms="43.678">
  <response-info timems="0.183" idlems="0.111" threads="1" lastid="0000000000022100" lastname="JIT Compilation Thread-000" />
</exclusive-start>
<af-start id="453" threadId="000000000001EF38" totalBytesRequested="24" timestamp="2024-07-18T15:29:02.231" intervalms="43.645" type="nursery" />
<cycle-start id="454" type="scavenge" contextid="0" timestamp="2024-07-18T15:29:02.231" intervalms="43.655" />
<gc-start id="455" type="scavenge" contextid="454" timestamp="2024-07-18T15:29:02.231">
  <mem-info id="456" free="948512" total="9961472" percent="9">
    <mem type="nursery" free="0" total="3670016" percent="0">
      <mem type="allocate" free="0" total="3276800" percent="0" />
      <mem type="survivor" free="0" total="393216" percent="0" />
    </mem>
    <mem type="tenure" free="948512" total="6291456" percent="15">
      <mem type="soa" free="633120" total="5976064" percent="10" />
      <mem type="loa" free="315392" total="315392" percent="100" />
    </mem>
    <remembered-set count="1074" />
  </mem-info>
</gc-start>
<allocation-stats totalBytes="3122560" discardedBytes="640" >
  <allocated-bytes non-tlh="13216" tlh="3109344" />
  <largest-consumer threadName="main" threadId="000000000001E500" bytes="3118464" />
</allocation-stats>
<gc-op id="457" type="scavenge" timems="2.179" contextid="454" timestamp="2024-07-18T15:29:02.234">
  <scavenger-info tenureage="2" tenuremask="fff4" tiltratio="89" />
  <memory-copied type="nursery" objects="4729" bytes="392384" bytesdiscarded="360" />
  <memory-copied type="tenure" objects="6508" bytes="278416" bytesdiscarded="24" />
  <copy-failed type="nursery" objects="5852" bytes="257392" />
  <finalization candidates="73" enqueued="41" />
  <ownableSynchronizers candidates="97" cleared="52" />
  <references type="soft" candidates="14" cleared="0" enqueued="0" dynamicThreshold="32" maxThreshold="32" />
  <references type="weak" candidates="65" cleared="49" enqueued="49" />
  <references type="phantom" candidates="63" cleared="16" enqueued="16" />
  <object-monitors candidates="6" cleared="0"  />
</gc-op>
<heap-resize id="458" type="expand" space="nursery" amount="262144" count="1" timems="0.035" reason="excessive time being spent scavenging" timestamp="2024-07-18T15:29:02.234" />
<gc-end id="459" type="scavenge" contextid="454" durationms="3.464" usertimems="2.134" systemtimems="1.149" stalltimems="1.201" timestamp="2024-07-18T15:29:02.235" activeThreads="2">
  <mem-info id="460" free="2717472" total="10223616" percent="26">
    <mem type="nursery" free="2031616" total="3932160" percent="51">
      <mem type="allocate" free="2031616" total="2424832" percent="83" />
      <mem type="survivor" free="0" total="1507328" percent="0" />
    </mem>
    <mem type="tenure" free="685856" total="6291456" percent="10">
      <mem type="soa" free="370464" total="5976064" percent="6" />
      <mem type="loa" free="315392" total="315392" percent="100" />
    </mem>
    <pending-finalizers system="41" default="0" reference="65" classloader="0" />
    <remembered-set count="1127" />
  </mem-info>
</gc-end>
<cycle-end id="461" type="scavenge" contextid="454" timestamp="2024-07-18T15:29:02.235" />
<allocation-satisfied id="462" threadId="000000000001E500" bytesRequested="24" />
<af-end id="463" timestamp="2024-07-18T15:29:02.236" threadId="000000000001EF38" success="true" from="nursery"/>
<exclusive-end id="464" timestamp="2024-07-18T15:29:02.236" durationms="5.594" />

<concurrent-kickoff id="465" timestamp="2024-07-18T15:29:02.261">
  <kickoff reason="threshold reached" targetBytes="1867303" thresholdFreeBytes="258498"  remainingFree="229352" tenureFreeBytes="682424" nurseryFreeBytes="229352" />
</concurrent-kickoff>
<exclusive-start id="466" timestamp="2024-07-18T15:29:02.263" intervalms="32.330">
  <response-info timems="0.031" idlems="0.031" threads="0" lastid="000000000001E500" lastname="main" />
</exclusive-start>
<cycle-start id="467" type="global" contextid="0" timestamp="2024-07-18T15:29:02.263" intervalms="2610.348" />
<concurrent-start id="468" type="global mark" contextid="467" timestamp="2024-07-18T15:29:02.263">
</concurrent-start>
<exclusive-end id="469" timestamp="2024-07-18T15:29:02.263" durationms="0.934" />

<concurrent-end id="470" type="global mark" contextid="467" timestamp="2024-07-18T15:29:02.272">
<gc-op id="471" type="trace" timems="8.793" contextid="467" timestamp="2024-07-18T15:29:02.272">
  <trace bytesTraced="2439980" workStackOverflowCount="0" />
  <card-cleaning reason="card cleaning threshold reached" bytesTraced="1060" cardsCleaned="8" />
</gc-op>
</concurrent-end>

<exclusive-start id="472" timestamp="2024-07-18T15:29:02.273" intervalms="10.121">
  <response-info timems="0.030" idlems="0.030" threads="0" lastid="000000000001E500" lastname="main" />
</exclusive-start>
<concurrent-global-final id="473" timestamp="2024-07-18T15:29:02.273" contextid="467" intervalms="2620.483" >
  <concurrent-trace-info reason="card cleaning threshold reached" tracedByMutators="820884" tracedByHelpers="1620156" cardsCleaned="8" workStackOverflowCount="0" />
</concurrent-global-final>
<gc-start id="474" type="global" contextid="467" timestamp="2024-07-18T15:29:02.273">
  <mem-info id="475" free="681976" total="10223616" percent="6">
    <mem type="nursery" free="0" total="3932160" percent="0">
      <mem type="allocate" free="0" total="2424832" percent="0" />
      <mem type="survivor" free="0" total="1507328" percent="0" />
    </mem>
    <mem type="tenure" free="681976" total="6291456" percent="10">
      <mem type="soa" free="366584" total="5976064" percent="6" />
      <mem type="loa" free="315392" total="315392" percent="100" />
    </mem>
    <remembered-set count="1414" />
  </mem-info>
</gc-start>
<allocation-stats totalBytes="2034288" discardedBytes="1208" >
  <allocated-bytes non-tlh="3904" tlh="2030384" />
  <largest-consumer threadName="main" threadId="000000000001E500" bytes="2030192" />
</allocation-stats>
<gc-op id="476" type="rs-scan" timems="0.750" contextid="467" timestamp="2024-07-18T15:29:02.275">
  <scan objectsFound="14846" bytesTraced="483436" workStackOverflowCount="0" />
</gc-op>
<gc-op id="477" type="card-cleaning" timems="0.160" contextid="467" timestamp="2024-07-18T15:29:02.275">
  <card-cleaning cardsCleaned="0" bytesTraced="0" workStackOverflowCount="0" />
</gc-op>
<gc-op id="478" type="mark" timems="3.393" contextid="467" timestamp="2024-07-18T15:29:02.279">
  <trace-info objectcount="3602" scancount="3503" scanbytes="173820" />
  <finalization candidates="466" enqueued="5" />
  <ownableSynchronizers candidates="96" cleared="12" />
  <references type="soft" candidates="4602" cleared="0" enqueued="0" dynamicThreshold="32" maxThreshold="32" />
  <references type="weak" candidates="643" cleared="27" enqueued="27" />
  <references type="phantom" candidates="115" cleared="1" enqueued="1" />
  <stringconstants candidates="8820" cleared="55"  />
  <object-monitors candidates="6" cleared="0"  />
</gc-op>
<gc-op id="479" type="classunload" timems="0.027" contextid="467" timestamp="2024-07-18T15:29:02.279">
  <classunload-info classloadercandidates="12" classloadersunloaded="0" classesunloaded="0" anonymousclassesunloaded="0" quiescems="0.000" setupms="0.025" scanms="0.001" postms="0.000" />
</gc-op>
<gc-op id="480" type="sweep" timems="0.684" contextid="467" timestamp="2024-07-18T15:29:02.280" />
<heap-resize id="481" type="expand" space="tenure" amount="1048576" count="1" timems="0.080" reason="insufficient free space following gc" timestamp="2024-07-18T15:29:02.281" />
<gc-end id="482" type="global" contextid="467" durationms="7.578" usertimems="0.128" systemtimems="9.323" stalltimems="9.368" timestamp="2024-07-18T15:29:02.281" activeThreads="4">
  <mem-info id="483" free="3875120" total="11272192" percent="34">
    <mem type="nursery" free="1372864" total="3932160" percent="34">
      <mem type="allocate" free="1372864" total="2424832" percent="56" />
      <mem type="survivor" free="0" total="1507328" percent="0" />
    </mem>
    <mem type="tenure" free="2502256" total="7340032" percent="34" micro-fragmented="55848" macro-fragmented="0">
      <mem type="soa" free="2134640" total="6972416" percent="30" />
      <mem type="loa" free="367616" total="367616" percent="100" />
    </mem>
    <pending-finalizers system="5" default="0" reference="28" classloader="0" />
    <remembered-set count="1323" />
  </mem-info>
</gc-end>
<cycle-end id="484" type="global" contextid="467" timestamp="2024-07-18T15:29:02.281" />
<exclusive-end id="485" timestamp="2024-07-18T15:29:02.281" durationms="8.807" />

<exclusive-start id="486" timestamp="2024-07-18T15:29:02.292" intervalms="19.082">
  <response-info timems="0.052" idlems="0.052" threads="0" lastid="000000000001E500" lastname="main" />
</exclusive-start>
<af-start id="487" threadId="000000000001EF38" totalBytesRequested="16" timestamp="2024-07-18T15:29:02.292" intervalms="61.573" type="nursery" />
<cycle-start id="488" type="scavenge" contextid="0" timestamp="2024-07-18T15:29:02.292" intervalms="61.573" />
<gc-start id="489" type="scavenge" contextid="488" timestamp="2024-07-18T15:29:02.293">
  <mem-info id="490" free="2500880" total="11272192" percent="22">
    <mem type="nursery" free="0" total="3932160" percent="0">
      <mem type="allocate" free="0" total="2424832" percent="0" />
      <mem type="survivor" free="0" total="1507328" percent="0" />
    </mem>
    <mem type="tenure" free="2500880" total="7340032" percent="34">
      <mem type="soa" free="2133264" total="6972416" percent="30" />
      <mem type="loa" free="367616" total="367616" percent="100" />
    </mem>
    <remembered-set count="1349" />
  </mem-info>
</gc-start>
<allocation-stats totalBytes="1334208" discardedBytes="29440" >
  <allocated-bytes non-tlh="264576" tlh="1069632" />
  <largest-consumer threadName="main" threadId="000000000001E500" bytes="1334208" />
</allocation-stats>
<gc-op id="491" type="scavenge" timems="1.927" contextid="488" timestamp="2024-07-18T15:29:02.295">
  <scavenger-info tenureage="2" tenuremask="fff4" tiltratio="61" />
  <memory-copied type="nursery" objects="8444" bytes="513400" bytesdiscarded="125896" />
  <memory-copied type="tenure" objects="795" bytes="64088" bytesdiscarded="32" />
  <finalization candidates="39" enqueued="7" />
  <ownableSynchronizers candidates="157" cleared="146" />
  <references type="soft" candidates="14" cleared="0" enqueued="0" dynamicThreshold="10" maxThreshold="32" />
  <references type="weak" candidates="15" cleared="0" enqueued="0" />
  <references type="phantom" candidates="47" cleared="0" enqueued="0" />
  <object-monitors candidates="6" cleared="0"  />
</gc-op>
<gc-end id="492" type="scavenge" contextid="488" durationms="2.864" usertimems="2.230" systemtimems="1.167" stalltimems="0.517" timestamp="2024-07-18T15:29:02.296" activeThreads="2">
  <mem-info id="493" free="4471152" total="11272192" percent="39">
    <mem type="nursery" free="2046744" total="3932160" percent="52">
      <mem type="allocate" free="2046744" total="2686976" percent="76" />
      <mem type="survivor" free="0" total="1245184" percent="0" />
    </mem>
    <mem type="tenure" free="2424408" total="7340032" percent="33">
      <mem type="soa" free="2056792" total="6972416" percent="29" />
      <mem type="loa" free="367616" total="367616" percent="100" />
    </mem>
    <pending-finalizers system="7" default="0" reference="0" classloader="0" />
    <remembered-set count="1088" />
  </mem-info>
</gc-end>
<cycle-end id="494" type="scavenge" contextid="488" timestamp="2024-07-18T15:29:02.296" />
<allocation-satisfied id="495" threadId="000000000001E500" bytesRequested="16" />
<af-end id="496" timestamp="2024-07-18T15:29:02.297" threadId="000000000001EF38" success="true" from="nursery"/>
<exclusive-end id="497" timestamp="2024-07-18T15:29:02.297" durationms="5.135" />

<exclusive-start id="498" timestamp="2024-07-18T15:29:02.312" intervalms="20.385">
  <response-info timems="0.055" idlems="0.055" threads="0" lastid="000000000001E500" lastname="main" />
</exclusive-start>
<af-start id="499" threadId="000000000001EF38" totalBytesRequested="16" timestamp="2024-07-18T15:29:02.313" intervalms="20.380" type="nursery" />
<cycle-start id="500" type="scavenge" contextid="0" timestamp="2024-07-18T15:29:02.313" intervalms="20.429" />
<gc-start id="501" type="scavenge" contextid="500" timestamp="2024-07-18T15:29:02.313">
  <mem-info id="502" free="2424360" total="11272192" percent="21">
    <mem type="nursery" free="0" total="3932160" percent="0">
      <mem type="allocate" free="0" total="2686976" percent="0" />
      <mem type="survivor" free="0" total="1245184" percent="0" />
    </mem>
    <mem type="tenure" free="2424360" total="7340032" percent="33">
      <mem type="soa" free="2056744" total="6972416" percent="29" />
      <mem type="loa" free="367616" total="367616" percent="100" />
    </mem>
    <remembered-set count="1140" />
  </mem-info>
</gc-start>
<allocation-stats totalBytes="2045800" discardedBytes="992" >
  <allocated-bytes non-tlh="64" tlh="2045736" />
  <largest-consumer threadName="main" threadId="000000000001E500" bytes="2045800" />
</allocation-stats>
<gc-op id="503" type="scavenge" timems="1.220" contextid="500" timestamp="2024-07-18T15:29:02.315">
  <scavenger-info tenureage="2" tenuremask="fff4" tiltratio="68" />
  <memory-copied type="nursery" objects="6180" bytes="311920" bytesdiscarded="115080" />
  <memory-copied type="tenure" objects="3564" bytes="318784" bytesdiscarded="1128" />
  <finalization candidates="31" enqueued="0" />
  <ownableSynchronizers candidates="11" cleared="0" />
  <references type="weak" candidates="3" cleared="0" enqueued="0" />
  <references type="phantom" candidates="9" cleared="0" enqueued="0" />
  <object-monitors candidates="6" cleared="0"  />
</gc-op>
<heap-resize id="504" type="expand" space="nursery" amount="262144" count="1" timems="0.147" reason="excessive time being spent scavenging" timestamp="2024-07-18T15:29:02.316" />
<gc-end id="505" type="scavenge" contextid="500" durationms="2.637" usertimems="2.266" systemtimems="0.000" stalltimems="0.530" timestamp="2024-07-18T15:29:02.316" activeThreads="2">
  <mem-info id="506" free="4551552" total="11534336" percent="39">
    <mem type="nursery" free="2455616" total="4194304" percent="58">
      <mem type="allocate" free="2455616" total="2883584" percent="85" />
      <mem type="survivor" free="0" total="1310720" percent="0" />
    </mem>
    <mem type="tenure" free="2095936" total="7340032" percent="28">
      <mem type="soa" free="1728320" total="6972416" percent="24" />
      <mem type="loa" free="367616" total="367616" percent="100" />
    </mem>
    <remembered-set count="417" />
  </mem-info>
</gc-end>
<cycle-end id="507" type="scavenge" contextid="500" timestamp="2024-07-18T15:29:02.316" />
<allocation-satisfied id="508" threadId="000000000001E500" bytesRequested="16" />
<af-end id="509" timestamp="2024-07-18T15:29:02.317" threadId="000000000001EF38" success="true" from="nursery"/>
<exclusive-end id="510" timestamp="2024-07-18T15:29:02.317" durationms="4.797" />

<exclusive-start id="511" timestamp="2024-07-18T15:29:02.368" intervalms="55.902">
  <response-info timems="0.293" idlems="0.175" threads="1" lastid="0000000000022100" lastname="JIT Compilation Thread-000" />
</exclusive-start>
<af-start id="512" threadId="00000000005BF238" totalBytesRequested="40" timestamp="2024-07-18T15:29:02.368" intervalms="55.884" type="nursery" />
<cycle-start id="513" type="scavenge" contextid="0" timestamp="2024-07-18T15:29:02.369" intervalms="55.941" />
<gc-start id="514" type="scavenge" contextid="513" timestamp="2024-07-18T15:29:02.369">
  <mem-info id="515" free="1925384" total="11534336" percent="16">
    <mem type="nursery" free="0" total="4194304" percent="0">
      <mem type="allocate" free="0" total="2883584" percent="0" />
      <mem type="survivor" free="0" total="1310720" percent="0" />
    </mem>
    <mem type="tenure" free="1925384" total="7340032" percent="26">
      <mem type="soa" free="1557768" total="6972416" percent="22" />
      <mem type="loa" free="367616" total="367616" percent="100" />
    </mem>
    <remembered-set count="3067" />
  </mem-info>
</gc-start>
<allocation-stats totalBytes="2607832" discardedBytes="18336" >
  <allocated-bytes non-tlh="170568" tlh="2437264" />
  <largest-consumer threadName="Equinox start level thread - Equinox Container: 2ef77660-fdfb-41f4-a40a-6619a324a97c" threadId="00000000005C2500" bytes="1287544" />
</allocation-stats>
<gc-op id="516" type="scavenge" timems="2.140" contextid="513" timestamp="2024-07-18T15:29:02.372">
  <scavenger-info tenureage="2" tenuremask="fff4" tiltratio="68" />
  <memory-copied type="nursery" objects="10961" bytes="356136" bytesdiscarded="37616" />
  <memory-copied type="tenure" objects="1881" bytes="107168" bytesdiscarded="560" />
  <finalization candidates="341" enqueued="193" />
  <ownableSynchronizers candidates="32" cleared="2" />
  <references type="soft" candidates="88" cleared="0" enqueued="0" dynamicThreshold="10" maxThreshold="32" />
  <references type="weak" candidates="481" cleared="303" enqueued="303" />
  <references type="phantom" candidates="20" cleared="16" enqueued="16" />
  <object-monitors candidates="14" cleared="5"  />
</gc-op>
<gc-end id="517" type="scavenge" contextid="513" durationms="3.307" usertimems="2.520" systemtimems="1.207" stalltimems="0.753" timestamp="2024-07-18T15:29:02.373" activeThreads="2">
  <mem-info id="518" free="4544760" total="11534336" percent="39">
    <mem type="nursery" free="2750464" total="4194304" percent="65">
      <mem type="allocate" free="2750464" total="3145728" percent="87" />
      <mem type="survivor" free="0" total="1048576" percent="0" />
    </mem>
    <mem type="tenure" free="1794296" total="7340032" percent="24">
      <mem type="soa" free="1426680" total="6972416" percent="20" />
      <mem type="loa" free="367616" total="367616" percent="100" />
    </mem>
    <pending-finalizers system="193" default="0" reference="319" classloader="0" />
    <remembered-set count="2742" />
  </mem-info>
</gc-end>
<cycle-end id="519" type="scavenge" contextid="513" timestamp="2024-07-18T15:29:02.373" />
<allocation-satisfied id="520" threadId="00000000005BE800" bytesRequested="40" />
<af-end id="521" timestamp="2024-07-18T15:29:02.373" threadId="00000000005BF238" success="true" from="nursery"/>
<exclusive-end id="522" timestamp="2024-07-18T15:29:02.374" durationms="5.710" />

<exclusive-start id="523" timestamp="2024-07-18T15:29:02.427" intervalms="58.875">
  <response-info timems="0.033" idlems="0.033" threads="0" lastid="00000000005BE800" lastname="Equinox start level thread - Equinox Container: 2ef77660-fdfb-4" />
</exclusive-start>
<af-start id="524" threadId="00000000005BF238" totalBytesRequested="408" timestamp="2024-07-18T15:29:02.427" intervalms="58.980" type="nursery" />
<cycle-start id="525" type="scavenge" contextid="0" timestamp="2024-07-18T15:29:02.428" intervalms="59.021" />
<gc-start id="526" type="scavenge" contextid="525" timestamp="2024-07-18T15:29:02.428">
  <mem-info id="527" free="1632080" total="11534336" percent="14">
    <mem type="nursery" free="0" total="4194304" percent="0">
      <mem type="allocate" free="0" total="3145728" percent="0" />
      <mem type="survivor" free="0" total="1048576" percent="0" />
    </mem>
    <mem type="tenure" free="1632080" total="7340032" percent="22">
      <mem type="soa" free="1264464" total="6972416" percent="18" />
      <mem type="loa" free="367616" total="367616" percent="100" />
    </mem>
    <remembered-set count="4876" />
  </mem-info>
</gc-start>
<allocation-stats totalBytes="2905696" discardedBytes="2608" >
  <allocated-bytes non-tlh="223424" tlh="2682272" />
  <largest-consumer threadName="Equinox start level thread - Equinox Container: 2ef77660-fdfb-41f4-a40a-6619a324a97c" threadId="00000000005BE800" bytes="1592424" />
</allocation-stats>
<gc-op id="528" type="scavenge" timems="1.903" contextid="525" timestamp="2024-07-18T15:29:02.431">
  <scavenger-info tenureage="4" tenuremask="fff0" tiltratio="75" />
  <memory-copied type="nursery" objects="18223" bytes="738592" bytesdiscarded="27544" />
  <finalization candidates="316" enqueued="106" />
  <ownableSynchronizers candidates="138" cleared="36" />
  <references type="soft" candidates="276" cleared="0" enqueued="0" dynamicThreshold="10" maxThreshold="32" />
  <references type="weak" candidates="665" cleared="281" enqueued="281" />
  <references type="phantom" candidates="27" cleared="22" enqueued="22" />
  <object-monitors candidates="11" cleared="0"  />
</gc-op>
<gc-end id="529" type="scavenge" contextid="525" durationms="2.975" usertimems="2.342" systemtimems="1.041" stalltimems="0.468" timestamp="2024-07-18T15:29:02.431" activeThreads="2">
  <mem-info id="530" free="3812672" total="11534336" percent="33">
    <mem type="nursery" free="2180592" total="4194304" percent="51">
      <mem type="allocate" free="2180592" total="2949120" percent="73" />
      <mem type="survivor" free="0" total="1245184" percent="0" />
    </mem>
    <mem type="tenure" free="1632080" total="7340032" percent="22">
      <mem type="soa" free="1264464" total="6972416" percent="18" />
      <mem type="loa" free="367616" total="367616" percent="100" />
    </mem>
    <pending-finalizers system="106" default="0" reference="303" classloader="0" />
    <remembered-set count="4780" />
  </mem-info>
</gc-end>
<cycle-end id="531" type="scavenge" contextid="525" timestamp="2024-07-18T15:29:02.432" />
<allocation-satisfied id="532" threadId="00000000005BE800" bytesRequested="408" />
<af-end id="533" timestamp="2024-07-18T15:29:02.432" threadId="00000000005BF238" success="true" from="nursery"/>
<exclusive-end id="534" timestamp="2024-07-18T15:29:02.433" durationms="5.763" />

<exclusive-start id="535" timestamp="2024-07-18T15:29:02.467" intervalms="39.932">
  <response-info timems="1.170" idlems="1.170" threads="0" lastid="00000000005CA200" lastname="Equinox start level thread - Equinox Container: 2ef77660-fdfb-4" />
</exclusive-start>
<af-start id="536" threadId="00000000005CAC38" totalBytesRequested="48" timestamp="2024-07-18T15:29:02.467" intervalms="39.765" type="nursery" />
<cycle-start id="537" type="scavenge" contextid="0" timestamp="2024-07-18T15:29:02.467" intervalms="39.664" />
<gc-start id="538" type="scavenge" contextid="537" timestamp="2024-07-18T15:29:02.468">
  <mem-info id="539" free="1624016" total="11534336" percent="14">
    <mem type="nursery" free="0" total="4194304" percent="0">
      <mem type="allocate" free="0" total="2949120" percent="0" />
      <mem type="survivor" free="0" total="1245184" percent="0" />
    </mem>
    <mem type="tenure" free="1624016" total="7340032" percent="22">
      <mem type="soa" free="1256400" total="6972416" percent="18" />
      <mem type="loa" free="367616" total="367616" percent="100" />
    </mem>
    <remembered-set count="5000" />
  </mem-info>
</gc-start>
<allocation-stats totalBytes="2187608" discardedBytes="1048" >
  <allocated-bytes non-tlh="41256" tlh="2146352" />
  <largest-consumer threadName="Equinox start level thread - Equinox Container: 2ef77660-fdfb-41f4-a40a-6619a324a97c" threadId="00000000005BE800" bytes="1737504" />
</allocation-stats>
<gc-op id="540" type="scavenge" timems="2.219" contextid="537" timestamp="2024-07-18T15:29:02.471">
  <scavenger-info tenureage="3" tenuremask="fff8" tiltratio="70" />
  <memory-copied type="nursery" objects="21844" bytes="919760" bytesdiscarded="9744" />
  <memory-copied type="tenure" objects="41" bytes="656" bytesdiscarded="0" />
  <finalization candidates="210" enqueued="0" />
  <ownableSynchronizers candidates="208" cleared="44" />
  <references type="soft" candidates="300" cleared="0" enqueued="0" dynamicThreshold="10" maxThreshold="32" />
  <references type="weak" candidates="452" cleared="21" enqueued="21" />
  <references type="phantom" candidates="6" cleared="0" enqueued="0" />
  <object-monitors candidates="11" cleared="0"  />
</gc-op>
<heap-resize id="541" type="expand" space="nursery" amount="262144" count="1" timems="0.046" reason="excessive time being spent scavenging" timestamp="2024-07-18T15:29:02.471" />
<gc-end id="542" type="scavenge" contextid="537" durationms="3.496" usertimems="4.135" systemtimems="0.000" stalltimems="0.410" timestamp="2024-07-18T15:29:02.471" activeThreads="2">
  <mem-info id="543" free="3638712" total="11796480" percent="30">
    <mem type="nursery" free="2082792" total="4456448" percent="46">
      <mem type="allocate" free="2082792" total="3014656" percent="69" />
      <mem type="survivor" free="0" total="1441792" percent="0" />
    </mem>
    <mem type="tenure" free="1555920" total="7340032" percent="21">
      <mem type="soa" free="1188304" total="6972416" percent="17" />
      <mem type="loa" free="367616" total="367616" percent="100" />
    </mem>
    <pending-finalizers system="0" default="0" reference="21" classloader="0" />
    <remembered-set count="2868" />
  </mem-info>
</gc-end>
<cycle-end id="544" type="scavenge" contextid="537" timestamp="2024-07-18T15:29:02.472" />
<allocation-satisfied id="545" threadId="00000000005CA200" bytesRequested="48" />
<af-end id="546" timestamp="2024-07-18T15:29:02.472" threadId="00000000005CAC38" success="true" from="nursery"/>
<exclusive-end id="547" timestamp="2024-07-18T15:29:02.473" durationms="5.727" />

<exclusive-start id="548" timestamp="2024-07-18T15:29:02.496" intervalms="29.579">
  <response-info timems="0.036" idlems="0.036" threads="0" lastid="00000000005CA200" lastname="Equinox start level thread - Equinox Container: 2ef77660-fdfb-4" />
</exclusive-start>
<af-start id="549" threadId="00000000005CAC38" totalBytesRequested="24" timestamp="2024-07-18T15:29:02.497" intervalms="29.713" type="nursery" />
<cycle-start id="550" type="scavenge" contextid="0" timestamp="2024-07-18T15:29:02.497" intervalms="29.771" />
<gc-start id="551" type="scavenge" contextid="550" timestamp="2024-07-18T15:29:02.498">
  <mem-info id="552" free="1520600" total="11796480" percent="12">
    <mem type="nursery" free="0" total="4456448" percent="0">
      <mem type="allocate" free="0" total="3014656" percent="0" />
      <mem type="survivor" free="0" total="1441792" percent="0" />
    </mem>
    <mem type="tenure" free="1520600" total="7340032" percent="20">
      <mem type="soa" free="1152984" total="6972416" percent="16" />
      <mem type="loa" free="367616" total="367616" percent="100" />
    </mem>
    <remembered-set count="3383" />
  </mem-info>
</gc-start>
<allocation-stats totalBytes="2115568" discardedBytes="2544" >
  <allocated-bytes non-tlh="35368" tlh="2080200" />
  <largest-consumer threadName="Equinox start level thread - Equinox Container: 2ef77660-fdfb-41f4-a40a-6619a324a97c" threadId="00000000005BE800" bytes="1059792" />
</allocation-stats>
<gc-op id="553" type="scavenge" timems="3.216" contextid="550" timestamp="2024-07-18T15:29:02.501">
  <scavenger-info tenureage="3" tenuremask="ffe8" tiltratio="67" />
  <memory-copied type="nursery" objects="19574" bytes="845696" bytesdiscarded="98440" />
  <memory-copied type="tenure" objects="9608" bytes="310672" bytesdiscarded="48" />
  <finalization candidates="226" enqueued="12" />
  <ownableSynchronizers candidates="582" cleared="187" />
  <references type="soft" candidates="391" cleared="0" enqueued="0" dynamicThreshold="10" maxThreshold="32" />
  <references type="weak" candidates="455" cleared="134" enqueued="134" />
  <references type="phantom" candidates="5" cleared="3" enqueued="3" />
  <object-monitors candidates="15" cleared="1"  />
</gc-op>
<heap-resize id="554" type="expand" space="nursery" amount="393216" count="1" timems="0.061" reason="excessive time being spent scavenging" timestamp="2024-07-18T15:29:02.502" />
<gc-end id="555" type="scavenge" contextid="550" durationms="4.784" usertimems="7.174" systemtimems="0.000" stalltimems="2.656" timestamp="2024-07-18T15:29:02.502" activeThreads="3">
  <mem-info id="556" free="3709376" total="12189696" percent="30">
    <mem type="nursery" free="2526184" total="4849664" percent="52">
      <mem type="allocate" free="2526184" total="3473408" percent="72" />
      <mem type="survivor" free="0" total="1376256" percent="0" />
    </mem>
    <mem type="tenure" free="1183192" total="7340032" percent="16">
      <mem type="soa" free="815576" total="6972416" percent="11" />
      <mem type="loa" free="367616" total="367616" percent="100" />
    </mem>
    <pending-finalizers system="12" default="0" reference="137" classloader="0" />
    <remembered-set count="1372" />
  </mem-info>
</gc-end>
<cycle-end id="557" type="scavenge" contextid="550" timestamp="2024-07-18T15:29:02.503" />
<allocation-satisfied id="558" threadId="00000000005CA200" bytesRequested="24" />
<af-end id="559" timestamp="2024-07-18T15:29:02.503" threadId="00000000005CAC38" success="true" from="nursery"/>
<exclusive-end id="560" timestamp="2024-07-18T15:29:02.504" durationms="7.235" />

<exclusive-start id="561" timestamp="2024-07-18T15:29:02.560" intervalms="63.456">
  <response-info timems="0.032" idlems="0.032" threads="0" lastid="00000000007FF700" lastname="Default Executor-thread-1" />
</exclusive-start>
<af-start id="562" threadId="0000000000800138" totalBytesRequested="8200" timestamp="2024-07-18T15:29:02.560" intervalms="63.402" type="nursery" />
<cycle-start id="563" type="scavenge" contextid="0" timestamp="2024-07-18T15:29:02.561" intervalms="63.329" />
<gc-start id="564" type="scavenge" contextid="563" timestamp="2024-07-18T15:29:02.561">
  <mem-info id="565" free="1132848" total="12189696" percent="9">
    <mem type="nursery" free="0" total="4849664" percent="0">
      <mem type="allocate" free="0" total="3473408" percent="0" />
      <mem type="survivor" free="0" total="1376256" percent="0" />
    </mem>
    <mem type="tenure" free="1132848" total="7340032" percent="15">
      <mem type="soa" free="765232" total="6972416" percent="10" />
      <mem type="loa" free="367616" total="367616" percent="100" />
    </mem>
    <remembered-set count="2146" />
  </mem-info>
</gc-start>
<allocation-stats totalBytes="2559368" discardedBytes="17160" >
  <allocated-bytes non-tlh="58568" tlh="2500800" />
  <largest-consumer threadName="Default Executor-thread-1" threadId="00000000007FF700" bytes="1364000" />
</allocation-stats>
<gc-op id="566" type="scavenge" timems="2.869" contextid="563" timestamp="2024-07-18T15:29:02.564">
  <scavenger-info tenureage="13" tenuremask="6000" tiltratio="71" />
  <memory-copied type="nursery" objects="29905" bytes="1221248" bytesdiscarded="53416" />
  <finalization candidates="89" enqueued="6" />
  <ownableSynchronizers candidates="540" cleared="51" />
  <references type="soft" candidates="574" cleared="0" enqueued="0" dynamicThreshold="10" maxThreshold="32" />
  <references type="weak" candidates="563" cleared="153" enqueued="153" />
  <references type="phantom" candidates="5" cleared="2" enqueued="2" />
  <object-monitors candidates="17" cleared="0"  />
</gc-op>
<gc-end id="567" type="scavenge" contextid="563" durationms="3.760" usertimems="5.163" systemtimems="2.101" stalltimems="1.429" timestamp="2024-07-18T15:29:02.565" activeThreads="3">
  <mem-info id="568" free="2934768" total="12189696" percent="24">
    <mem type="nursery" free="1801920" total="4849664" percent="37">
      <mem type="allocate" free="1801920" total="3080192" percent="58" />
      <mem type="survivor" free="0" total="1769472" percent="0" />
    </mem>
    <mem type="tenure" free="1132848" total="7340032" percent="15">
      <mem type="soa" free="765232" total="6972416" percent="10" />
      <mem type="loa" free="367616" total="367616" percent="100" />
    </mem>
    <pending-finalizers system="6" default="0" reference="155" classloader="0" />
    <remembered-set count="1976" />
  </mem-info>
</gc-end>
<cycle-end id="569" type="scavenge" contextid="563" timestamp="2024-07-18T15:29:02.565" />
<allocation-satisfied id="570" threadId="00000000007FF700" bytesRequested="8200" />
<af-end id="571" timestamp="2024-07-18T15:29:02.566" threadId="0000000000800138" success="true" from="nursery"/>
<exclusive-end id="572" timestamp="2024-07-18T15:29:02.566" durationms="5.855" />

<exclusive-start id="573" timestamp="2024-07-18T15:29:02.589" intervalms="28.991">
  <response-info timems="0.032" idlems="0.032" threads="0" lastid="00000000007FF700" lastname="Default Executor-thread-1" />
</exclusive-start>
<af-start id="574" threadId="0000000000800138" totalBytesRequested="8200" timestamp="2024-07-18T15:29:02.589" intervalms="28.921" type="nursery" />
<cycle-start id="575" type="scavenge" contextid="0" timestamp="2024-07-18T15:29:02.589" intervalms="28.875" />
<gc-start id="576" type="scavenge" contextid="575" timestamp="2024-07-18T15:29:02.590">
  <mem-info id="577" free="1132744" total="12189696" percent="9">
    <mem type="nursery" free="0" total="4849664" percent="0">
      <mem type="allocate" free="0" total="3080192" percent="0" />
      <mem type="survivor" free="0" total="1769472" percent="0" />
    </mem>
    <mem type="tenure" free="1132744" total="7340032" percent="15">
      <mem type="soa" free="765128" total="6972416" percent="10" />
      <mem type="loa" free="367616" total="367616" percent="100" />
    </mem>
    <remembered-set count="1981" />
  </mem-info>
</gc-start>
<allocation-stats totalBytes="1782448" discardedBytes="19576" >
  <allocated-bytes non-tlh="8304" tlh="1774144" />
  <largest-consumer threadName="Default Executor-thread-1" threadId="00000000007FF700" bytes="1782448" />
</allocation-stats>
<gc-op id="578" type="scavenge" timems="2.697" contextid="575" timestamp="2024-07-18T15:29:02.593">
  <scavenger-info tenureage="3" tenuremask="7018" tiltratio="63" />
  <memory-copied type="nursery" objects="23019" bytes="806672" bytesdiscarded="193280" />
  <memory-copied type="tenure" objects="11372" bytes="570832" bytesdiscarded="144" />
  <finalization candidates="83" enqueued="0" />
  <ownableSynchronizers candidates="489" cleared="0" />
  <references type="soft" candidates="362" cleared="0" enqueued="0" dynamicThreshold="10" maxThreshold="32" />
  <references type="weak" candidates="159" cleared="0" enqueued="0" />
  <references type="phantom" candidates="2" cleared="0" enqueued="0" />
  <object-monitors candidates="17" cleared="0"  />
  <heap-resize type="expand" space="tenure" amount="65536" count="1" timems="0.330" reason="continue current collection" />
</gc-op>
<heap-resize id="579" type="expand" space="nursery" amount="393216" count="1" timems="0.039" reason="excessive time being spent scavenging" timestamp="2024-07-18T15:29:02.593" />
<gc-end id="580" type="scavenge" contextid="575" durationms="3.820" usertimems="5.385" systemtimems="2.191" stalltimems="2.710" timestamp="2024-07-18T15:29:02.594" activeThreads="4">
  <mem-info id="581" free="2720688" total="12648448" percent="21">
    <mem type="nursery" free="2340352" total="5242880" percent="44">
      <mem type="allocate" free="2340352" total="3342336" percent="70" />
      <mem type="survivor" free="0" total="1900544" percent="0" />
    </mem>
    <mem type="tenure" free="380336" total="7405568" percent="5">
      <mem type="soa" free="9648" total="7034880" percent="0" />
      <mem type="loa" free="370688" total="370688" percent="100" />
    </mem>
    <remembered-set count="1178" />
  </mem-info>
</gc-end>
<cycle-end id="582" type="scavenge" contextid="575" timestamp="2024-07-18T15:29:02.594" />
<allocation-satisfied id="583" threadId="00000000007FF700" bytesRequested="8200" />
<af-end id="584" timestamp="2024-07-18T15:29:02.595" threadId="0000000000800138" success="true" from="nursery"/>
<exclusive-end id="585" timestamp="2024-07-18T15:29:02.595" durationms="5.884" />

<concurrent-kickoff id="586" timestamp="2024-07-18T15:29:02.616">
  <kickoff reason="threshold reached" targetBytes="2318462" thresholdFreeBytes="321362"  remainingFree="243200" tenureFreeBytes="380120" nurseryFreeBytes="243200" />
</concurrent-kickoff>
<exclusive-start id="587" timestamp="2024-07-18T15:29:02.617" intervalms="28.130">
  <response-info timems="0.034" idlems="0.034" threads="0" lastid="00000000007FF700" lastname="Default Executor-thread-1" />
</exclusive-start>
<cycle-start id="588" type="global" contextid="0" timestamp="2024-07-18T15:29:02.617" intervalms="354.398" />
<concurrent-start id="589" type="global mark" contextid="588" timestamp="2024-07-18T15:29:02.617">
</concurrent-start>
<exclusive-end id="590" timestamp="2024-07-18T15:29:02.618" durationms="0.638" />

<exclusive-start id="591" timestamp="2024-07-18T15:29:02.622" intervalms="5.481">
  <response-info timems="0.025" idlems="0.025" threads="0" lastid="00000000007FF700" lastname="Default Executor-thread-1" />
</exclusive-start>
<af-start id="592" threadId="0000000000800138" totalBytesRequested="8200" timestamp="2024-07-18T15:29:02.623" intervalms="33.564" type="nursery" />
<cycle-start id="593" type="scavenge" contextid="0" timestamp="2024-07-18T15:29:02.623" intervalms="33.536" />
<gc-start id="594" type="scavenge" contextid="593" timestamp="2024-07-18T15:29:02.623">
  <mem-info id="595" free="380120" total="12648448" percent="3">
    <mem type="nursery" free="0" total="5242880" percent="0">
      <mem type="allocate" free="0" total="3342336" percent="0" />
      <mem type="survivor" free="0" total="1900544" percent="0" />
    </mem>
    <mem type="tenure" free="380120" total="7405568" percent="5">
      <mem type="soa" free="9432" total="7034880" percent="0" />
      <mem type="loa" free="370688" total="370688" percent="100" />
    </mem>
    <remembered-set count="1185" />
  </mem-info>
</gc-start>
<allocation-stats totalBytes="2329096" discardedBytes="11472" >
  <allocated-bytes non-tlh="8416" tlh="2320680" />
  <largest-consumer threadName="Default Executor-thread-1" threadId="00000000007FF700" bytes="2329096" />
</allocation-stats>
<gc-op id="596" type="scavenge" timems="5.346" contextid="593" timestamp="2024-07-18T15:29:02.629">
  <scavenger-info tenureage="2" tenuremask="700c" tiltratio="63" />
  <memory-copied type="nursery" objects="10171" bytes="362712" bytesdiscarded="129568" />
  <memory-copied type="tenure" objects="18474" bytes="648336" bytesdiscarded="384" />
  <finalization candidates="9" enqueued="0" />
  <ownableSynchronizers candidates="348" cleared="0" />
  <references type="phantom" candidates="1" cleared="0" enqueued="0" />
  <object-monitors candidates="17" cleared="0"  />
  <heap-resize type="expand" space="tenure" amount="720896" count="11" timems="3.273" reason="continue current collection" />
</gc-op>
<heap-resize id="597" type="expand" space="nursery" amount="524288" count="1" timems="0.072" reason="excessive time being spent scavenging" timestamp="2024-07-18T15:29:02.630" />
<gc-end id="598" type="scavenge" contextid="593" durationms="6.646" usertimems="12.153" systemtimems="0.000" stalltimems="2.966" timestamp="2024-07-18T15:29:02.630" activeThreads="4">
  <mem-info id="599" free="3937024" total="13893632" percent="28">
    <mem type="nursery" free="3505408" total="5767168" percent="60">
      <mem type="allocate" free="3505408" total="3997696" percent="87" />
      <mem type="survivor" free="0" total="1769472" percent="0" />
    </mem>
    <mem type="tenure" free="431616" total="8126464" percent="5">
      <mem type="soa" free="25088" total="7719936" percent="0" />
      <mem type="loa" free="406528" total="406528" percent="100" />
    </mem>
    <remembered-set count="222" />
  </mem-info>
</gc-end>
<cycle-end id="600" type="scavenge" contextid="593" timestamp="2024-07-18T15:29:02.630" />
<allocation-satisfied id="601" threadId="00000000007FF700" bytesRequested="8200" />
<af-end id="602" timestamp="2024-07-18T15:29:02.634" threadId="0000000000800138" success="true" from="nursery"/>
<exclusive-end id="603" timestamp="2024-07-18T15:29:02.634" durationms="11.751" />

<exclusive-start id="604" timestamp="2024-07-18T15:29:02.682" intervalms="59.192">
  <response-info timems="0.030" idlems="0.030" threads="0" lastid="00000000007FF700" lastname="Default Executor-thread-1" />
</exclusive-start>
<af-start id="605" threadId="0000000000800138" totalBytesRequested="8200" timestamp="2024-07-18T15:29:02.682" intervalms="59.283" type="nursery" />
<cycle-start id="606" type="scavenge" contextid="0" timestamp="2024-07-18T15:29:02.682" intervalms="59.346" />
<gc-start id="607" type="scavenge" contextid="606" timestamp="2024-07-18T15:29:02.683">
  <mem-info id="608" free="431616" total="13893632" percent="3">
    <mem type="nursery" free="0" total="5767168" percent="0">
      <mem type="allocate" free="0" total="3997696" percent="0" />
      <mem type="survivor" free="0" total="1769472" percent="0" />
    </mem>
    <mem type="tenure" free="431616" total="8126464" percent="5">
      <mem type="soa" free="25088" total="7719936" percent="0" />
      <mem type="loa" free="406528" total="406528" percent="100" />
    </mem>
    <remembered-set count="235" />
  </mem-info>
</gc-start>
<allocation-stats totalBytes="3376760" discardedBytes="128648" >
  <allocated-bytes non-tlh="8200" tlh="3368560" />
  <largest-consumer threadName="Default Executor-thread-1" threadId="00000000007FF700" bytes="3376760" />
</allocation-stats>
<gc-op id="609" type="scavenge" timems="1.557" contextid="606" timestamp="2024-07-18T15:29:02.685">
  <scavenger-info tenureage="13" tenuremask="6000" tiltratio="69" />
  <memory-copied type="nursery" objects="18412" bytes="663920" bytesdiscarded="76584" />
  <references type="phantom" candidates="1" cleared="0" enqueued="0" />
  <object-monitors candidates="17" cleared="0"  />
</gc-op>
<gc-end id="610" type="scavenge" contextid="606" durationms="2.412" usertimems="3.086" systemtimems="0.000" stalltimems="4.180" timestamp="2024-07-18T15:29:02.685" activeThreads="5">
  <mem-info id="611" free="4016480" total="13893632" percent="28">
    <mem type="nursery" free="3584864" total="5767168" percent="62">
      <mem type="allocate" free="3584864" total="4325376" percent="82" />
      <mem type="survivor" free="0" total="1441792" percent="0" />
    </mem>
    <mem type="tenure" free="431616" total="8126464" percent="5">
      <mem type="soa" free="25088" total="7719936" percent="0" />
      <mem type="loa" free="406528" total="406528" percent="100" />
    </mem>
    <remembered-set count="224" />
  </mem-info>
</gc-end>
<cycle-end id="612" type="scavenge" contextid="606" timestamp="2024-07-18T15:29:02.685" />
<allocation-satisfied id="613" threadId="00000000007FF700" bytesRequested="8200" />
<af-end id="614" timestamp="2024-07-18T15:29:02.686" threadId="0000000000800138" success="true" from="nursery"/>
<exclusive-end id="615" timestamp="2024-07-18T15:29:02.686" durationms="4.625" />

<concurrent-end id="616" type="global mark" contextid="588" timestamp="2024-07-18T15:29:02.687">
<gc-op id="617" type="trace" timems="69.170" contextid="588" timestamp="2024-07-18T15:29:02.687">
  <trace bytesTraced="3995648" workStackOverflowCount="0" />
  <card-cleaning reason="card cleaning threshold reached" bytesTraced="73712" cardsCleaned="172" />
</gc-op>
</concurrent-end>

<exclusive-start id="618" timestamp="2024-07-18T15:29:02.687" intervalms="5.477">
  <response-info timems="0.021" idlems="0.021" threads="0" lastid="00000000007FF700" lastname="Default Executor-thread-1" />
</exclusive-start>
<concurrent-global-final id="619" timestamp="2024-07-18T15:29:02.687" contextid="588" intervalms="414.403" >
  <concurrent-trace-info reason="card cleaning threshold reached" tracedByMutators="1001048" tracedByHelpers="3068312" cardsCleaned="172" workStackOverflowCount="0" />
</concurrent-global-final>
<gc-start id="620" type="global" contextid="588" timestamp="2024-07-18T15:29:02.688">
  <mem-info id="621" free="3942744" total="13893632" percent="28">
    <mem type="nursery" free="3511128" total="5767168" percent="60">
      <mem type="allocate" free="3511128" total="4325376" percent="81" />
      <mem type="survivor" free="0" total="1441792" percent="0" />
    </mem>
    <mem type="tenure" free="431616" total="8126464" percent="5">
      <mem type="soa" free="25088" total="7719936" percent="0" />
      <mem type="loa" free="406528" total="406528" percent="100" />
    </mem>
    <remembered-set count="224" />
  </mem-info>
</gc-start>
<allocation-stats totalBytes="73736" discardedBytes="0" >
  <allocated-bytes non-tlh="8200" tlh="65536" />
  <largest-consumer threadName="Default Executor-thread-1" threadId="00000000007FF700" bytes="73736" />
</allocation-stats>
<gc-op id="622" type="rs-scan" timems="1.274" contextid="588" timestamp="2024-07-18T15:29:02.690">
  <scan objectsFound="17352" bytesTraced="497980" workStackOverflowCount="0" />
</gc-op>
<gc-op id="623" type="card-cleaning" timems="0.372" contextid="588" timestamp="2024-07-18T15:29:02.690">
  <card-cleaning cardsCleaned="2" bytesTraced="888" workStackOverflowCount="0" />
</gc-op>
<gc-op id="624" type="mark" timems="4.636" contextid="588" timestamp="2024-07-18T15:29:02.695">
  <trace-info objectcount="2185" scancount="1170" scanbytes="31540" />
  <finalization candidates="687" enqueued="0" />
  <ownableSynchronizers candidates="594" cleared="0" />
  <references type="soft" candidates="5256" cleared="0" enqueued="0" dynamicThreshold="10" maxThreshold="32" />
  <references type="weak" candidates="1203" cleared="0" enqueued="0" />
  <references type="phantom" candidates="121" cleared="0" enqueued="0" />
  <stringconstants candidates="12257" cleared="19"  />
  <object-monitors candidates="17" cleared="1"  />
</gc-op>
<gc-op id="625" type="classunload" timems="0.008" contextid="588" timestamp="2024-07-18T15:29:02.695">
  <classunload-info classloadercandidates="33" classloadersunloaded="0" classesunloaded="0" anonymousclassesunloaded="0" quiescems="0.000" setupms="0.006" scanms="0.001" postms="0.000" />
</gc-op>
<gc-op id="626" type="sweep" timems="0.787" contextid="588" timestamp="2024-07-18T15:29:02.696" />
<heap-resize id="627" type="expand" space="tenure" amount="2293760" count="1" timems="0.160" reason="insufficient free space following gc" timestamp="2024-07-18T15:29:02.697" />
<gc-end id="628" type="global" contextid="588" durationms="9.116" usertimems="7.546" systemtimems="7.362" stalltimems="22.434" timestamp="2024-07-18T15:29:02.697" activeThreads="6">
  <mem-info id="629" free="6769528" total="16187392" percent="41">
    <mem type="nursery" free="3635920" total="5767168" percent="63">
      <mem type="allocate" free="3635920" total="4325376" percent="84" />
      <mem type="survivor" free="0" total="1441792" percent="0" />
    </mem>
    <mem type="tenure" free="3133608" total="10420224" percent="30" micro-fragmented="153970" macro-fragmented="0">
      <mem type="soa" free="2612392" total="9899008" percent="26" />
      <mem type="loa" free="521216" total="521216" percent="100" />
    </mem>
    <remembered-set count="224" />
  </mem-info>
</gc-end>
<cycle-end id="630" type="global" contextid="588" timestamp="2024-07-18T15:29:02.697" />
<exclusive-end id="631" timestamp="2024-07-18T15:29:02.697" durationms="10.042" />

<exclusive-start id="632" timestamp="2024-07-18T15:29:02.731" intervalms="43.612">
  <response-info timems="0.027" idlems="0.027" threads="0" lastid="00000000007FF700" lastname="Default Executor-thread-1" />
</exclusive-start>
<af-start id="633" threadId="0000000000800138" totalBytesRequested="48" timestamp="2024-07-18T15:29:02.731" intervalms="49.059" type="nursery" />
<cycle-start id="634" type="scavenge" contextid="0" timestamp="2024-07-18T15:29:02.731" intervalms="49.033" />
<gc-start id="635" type="scavenge" contextid="634" timestamp="2024-07-18T15:29:02.732">
  <mem-info id="636" free="3133608" total="16187392" percent="19">
    <mem type="nursery" free="0" total="5767168" percent="0">
      <mem type="allocate" free="0" total="4325376" percent="0" />
      <mem type="survivor" free="0" total="1441792" percent="0" />
    </mem>
    <mem type="tenure" free="3133608" total="10420224" percent="30">
      <mem type="soa" free="2612392" total="9899008" percent="26" />
      <mem type="loa" free="521216" total="521216" percent="100" />
    </mem>
    <remembered-set count="231" />
  </mem-info>
</gc-start>
<allocation-stats totalBytes="3634128" discardedBytes="1792" >
  <allocated-bytes non-tlh="57376" tlh="3576752" />
  <largest-consumer threadName="Default Executor-thread-1" threadId="00000000007FF700" bytes="3634128" />
</allocation-stats>
<gc-op id="637" type="scavenge" timems="1.783" contextid="634" timestamp="2024-07-18T15:29:02.734">
  <scavenger-info tenureage="3" tenuremask="6008" tiltratio="75" />
  <memory-copied type="nursery" objects="22890" bytes="855384" bytesdiscarded="43888" />
  <memory-copied type="tenure" objects="4531" bytes="156552" bytesdiscarded="816" />
  <ownableSynchronizers candidates="1188" cleared="1188" />
  <references type="phantom" candidates="1" cleared="0" enqueued="0" />
  <object-monitors candidates="16" cleared="0"  />
</gc-op>
<gc-end id="638" type="scavenge" contextid="634" durationms="2.619" usertimems="0.000" systemtimems="4.166" stalltimems="2.894" timestamp="2024-07-18T15:29:02.734" activeThreads="4">
  <mem-info id="639" free="6349880" total="16187392" percent="39">
    <mem type="nursery" free="3426096" total="5767168" percent="59">
      <mem type="allocate" free="3426096" total="4325376" percent="79" />
      <mem type="survivor" free="0" total="1441792" percent="0" />
    </mem>
    <mem type="tenure" free="2923784" total="10420224" percent="28">
      <mem type="soa" free="2402568" total="9899008" percent="24" />
      <mem type="loa" free="521216" total="521216" percent="100" />
    </mem>
    <remembered-set count="261" />
  </mem-info>
</gc-end>
<cycle-end id="640" type="scavenge" contextid="634" timestamp="2024-07-18T15:29:02.735" />
<allocation-satisfied id="641" threadId="00000000007FF700" bytesRequested="48" />
<af-end id="642" timestamp="2024-07-18T15:29:02.735" threadId="0000000000800138" success="true" from="nursery"/>
<exclusive-end id="643" timestamp="2024-07-18T15:29:02.736" durationms="4.755" />

<exclusive-start id="644" timestamp="2024-07-18T15:29:02.764" intervalms="33.224">
  <response-info timems="0.026" idlems="0.026" threads="0" lastid="00000000007FF700" lastname="Default Executor-thread-1" />
</exclusive-start>
<af-start id="645" threadId="0000000000800138" totalBytesRequested="16392" timestamp="2024-07-18T15:29:02.764" intervalms="33.267" type="nursery" />
<cycle-start id="646" type="scavenge" contextid="0" timestamp="2024-07-18T15:29:02.765" intervalms="33.268" />
<gc-start id="647" type="scavenge" contextid="646" timestamp="2024-07-18T15:29:02.765">
  <mem-info id="648" free="2923784" total="16187392" percent="18">
    <mem type="nursery" free="0" total="5767168" percent="0">
      <mem type="allocate" free="0" total="4325376" percent="0" />
      <mem type="survivor" free="0" total="1441792" percent="0" />
    </mem>
    <mem type="tenure" free="2923784" total="10420224" percent="28">
      <mem type="soa" free="2402568" total="9899008" percent="24" />
      <mem type="loa" free="521216" total="521216" percent="100" />
    </mem>
    <remembered-set count="281" />
  </mem-info>
</gc-start>
<allocation-stats totalBytes="3349672" discardedBytes="76424" >
  <allocated-bytes non-tlh="48" tlh="3349624" />
  <largest-consumer threadName="Default Executor-thread-1" threadId="00000000007FF700" bytes="3349672" />
</allocation-stats>
<gc-op id="649" type="scavenge" timems="3.193" contextid="646" timestamp="2024-07-18T15:29:02.769">
  <scavenger-info tenureage="2" tenuremask="600c" tiltratio="75" />
  <memory-copied type="nursery" objects="17184" bytes="637312" bytesdiscarded="77496" />
  <memory-copied type="tenure" objects="13870" bytes="505688" bytesdiscarded="976" />
  <references type="phantom" candidates="1" cleared="0" enqueued="0" />
  <object-monitors candidates="16" cleared="0"  />
</gc-op>
<heap-resize id="650" type="expand" space="nursery" amount="393216" count="1" timems="0.041" reason="excessive time being spent scavenging" timestamp="2024-07-18T15:29:02.769" />
<gc-end id="651" type="scavenge" contextid="646" durationms="4.399" usertimems="7.366" systemtimems="0.000" stalltimems="5.721" timestamp="2024-07-18T15:29:02.769" activeThreads="4">
  <mem-info id="652" free="6304072" total="16580608" percent="38">
    <mem type="nursery" free="3938240" total="6160384" percent="63">
      <mem type="allocate" free="3938240" total="4653056" percent="84" />
      <mem type="survivor" free="0" total="1507328" percent="0" />
    </mem>
    <mem type="tenure" free="2365832" total="10420224" percent="22">
      <mem type="soa" free="1844616" total="9899008" percent="18" />
      <mem type="loa" free="521216" total="521216" percent="100" />
    </mem>
    <remembered-set count="313" />
  </mem-info>
</gc-end>
<cycle-end id="653" type="scavenge" contextid="646" timestamp="2024-07-18T15:29:02.770" />
<allocation-satisfied id="654" threadId="00000000007FF700" bytesRequested="16392" />
<af-end id="655" timestamp="2024-07-18T15:29:02.770" threadId="0000000000800138" success="true" from="nursery"/>
<exclusive-end id="656" timestamp="2024-07-18T15:29:02.771" durationms="6.536" />

<exclusive-start id="657" timestamp="2024-07-18T15:29:02.811" intervalms="47.353">
  <response-info timems="0.069" idlems="0.069" threads="0" lastid="00000000007FF700" lastname="Default Executor-thread-1" />
</exclusive-start>
<af-start id="658" threadId="0000000000800138" totalBytesRequested="16392" timestamp="2024-07-18T15:29:02.812" intervalms="47.349" type="nursery" />
<cycle-start id="659" type="scavenge" contextid="0" timestamp="2024-07-18T15:29:02.812" intervalms="47.510" />
<gc-start id="660" type="scavenge" contextid="659" timestamp="2024-07-18T15:29:02.813">
  <mem-info id="661" free="2365832" total="16580608" percent="14">
    <mem type="nursery" free="0" total="6160384" percent="0">
      <mem type="allocate" free="0" total="4653056" percent="0" />
      <mem type="survivor" free="0" total="1507328" percent="0" />
    </mem>
    <mem type="tenure" free="2365832" total="10420224" percent="22">
      <mem type="soa" free="1844616" total="9899008" percent="18" />
      <mem type="loa" free="521216" total="521216" percent="100" />
    </mem>
    <remembered-set count="415" />
  </mem-info>
</gc-start>
<allocation-stats totalBytes="3916224" discardedBytes="22016" >
  <allocated-bytes non-tlh="16392" tlh="3899832" />
  <largest-consumer threadName="Default Executor-thread-1" threadId="00000000007FF700" bytes="3916224" />
</allocation-stats>
<gc-op id="662" type="scavenge" timems="2.945" contextid="659" timestamp="2024-07-18T15:29:02.816">
  <scavenger-info tenureage="13" tenuremask="6000" tiltratio="75" />
  <memory-copied type="nursery" objects="26986" bytes="991656" bytesdiscarded="61560" />
  <references type="phantom" candidates="1" cleared="0" enqueued="0" />
  <object-monitors candidates="16" cleared="0"  />
</gc-op>
<heap-resize id="663" type="expand" space="nursery" amount="262144" count="1" timems="0.056" reason="excessive time being spent scavenging" timestamp="2024-07-18T15:29:02.817" />
<gc-end id="664" type="scavenge" contextid="659" durationms="4.363" usertimems="5.773" systemtimems="2.184" stalltimems="3.628" timestamp="2024-07-18T15:29:02.817" activeThreads="4">
  <mem-info id="665" free="6096736" total="16842752" percent="36">
    <mem type="nursery" free="3730904" total="6422528" percent="58">
      <mem type="allocate" free="3730904" total="4784128" percent="77" />
      <mem type="survivor" free="0" total="1638400" percent="0" />
    </mem>
    <mem type="tenure" free="2365832" total="10420224" percent="22">
      <mem type="soa" free="1844616" total="9899008" percent="18" />
      <mem type="loa" free="521216" total="521216" percent="100" />
    </mem>
    <remembered-set count="310" />
  </mem-info>
</gc-end>
<cycle-end id="666" type="scavenge" contextid="659" timestamp="2024-07-18T15:29:02.817" />
<allocation-satisfied id="667" threadId="00000000007FF700" bytesRequested="16392" />
<af-end id="668" timestamp="2024-07-18T15:29:02.818" threadId="0000000000800138" success="true" from="nursery"/>
<exclusive-end id="669" timestamp="2024-07-18T15:29:02.818" durationms="6.807" />

<exclusive-start id="670" timestamp="2024-07-18T15:29:02.861" intervalms="49.430">
  <response-info timems="0.029" idlems="0.029" threads="0" lastid="00000000007FF700" lastname="Default Executor-thread-1" />
</exclusive-start>
<af-start id="671" threadId="0000000000800138" totalBytesRequested="8200" timestamp="2024-07-18T15:29:02.861" intervalms="49.388" type="nursery" />
<cycle-start id="672" type="scavenge" contextid="0" timestamp="2024-07-18T15:29:02.861" intervalms="49.263" />
<gc-start id="673" type="scavenge" contextid="672" timestamp="2024-07-18T15:29:02.862">
  <mem-info id="674" free="2365832" total="16842752" percent="14">
    <mem type="nursery" free="0" total="6422528" percent="0">
      <mem type="allocate" free="0" total="4784128" percent="0" />
      <mem type="survivor" free="0" total="1638400" percent="0" />
    </mem>
    <mem type="tenure" free="2365832" total="10420224" percent="22">
      <mem type="soa" free="1844616" total="9899008" percent="18" />
      <mem type="loa" free="521216" total="521216" percent="100" />
    </mem>
    <remembered-set count="344" />
  </mem-info>
</gc-start>
<allocation-stats totalBytes="3564880" discardedBytes="166024" >
  <allocated-bytes non-tlh="16392" tlh="3548488" />
  <largest-consumer threadName="Default Executor-thread-1" threadId="00000000007FF700" bytes="3564880" />
</allocation-stats>
<gc-op id="675" type="scavenge" timems="2.381" contextid="672" timestamp="2024-07-18T15:29:02.865">
  <scavenger-info tenureage="3" tenuremask="6008" tiltratio="74" />
  <memory-copied type="nursery" objects="26914" bytes="973760" bytesdiscarded="149960" />
  <memory-copied type="tenure" objects="9003" bytes="323168" bytesdiscarded="184" />
  <references type="phantom" candidates="1" cleared="0" enqueued="0" />
  <object-monitors candidates="16" cleared="0"  />
</gc-op>
<gc-end id="676" type="scavenge" contextid="672" durationms="3.227" usertimems="4.097" systemtimems="1.650" stalltimems="3.552" timestamp="2024-07-18T15:29:02.865" activeThreads="4">
  <mem-info id="677" free="6101240" total="16842752" percent="36">
    <mem type="nursery" free="4053616" total="6422528" percent="63">
      <mem type="allocate" free="4053616" total="5177344" percent="78" />
      <mem type="survivor" free="0" total="1245184" percent="0" />
    </mem>
    <mem type="tenure" free="2047624" total="10420224" percent="19">
      <mem type="soa" free="1526408" total="9899008" percent="15" />
      <mem type="loa" free="521216" total="521216" percent="100" />
    </mem>
    <remembered-set count="351" />
  </mem-info>
</gc-end>
<cycle-end id="678" type="scavenge" contextid="672" timestamp="2024-07-18T15:29:02.865" />
<allocation-satisfied id="679" threadId="00000000007FF700" bytesRequested="8200" />
<af-end id="680" timestamp="2024-07-18T15:29:02.866" threadId="0000000000800138" success="true" from="nursery"/>
<exclusive-end id="681" timestamp="2024-07-18T15:29:02.866" durationms="5.211" />

<exclusive-start id="682" timestamp="2024-07-18T15:29:02.899" intervalms="38.003">
  <response-info timems="0.032" idlems="0.032" threads="0" lastid="00000000007FF700" lastname="Default Executor-thread-1" />
</exclusive-start>
<af-start id="683" threadId="0000000000800138" totalBytesRequested="8200" timestamp="2024-07-18T15:29:02.899" intervalms="38.005" type="nursery" />
<cycle-start id="684" type="scavenge" contextid="0" timestamp="2024-07-18T15:29:02.899" intervalms="37.958" />
<gc-start id="685" type="scavenge" contextid="684" timestamp="2024-07-18T15:29:02.900">
  <mem-info id="686" free="2047624" total="16842752" percent="12">
    <mem type="nursery" free="0" total="6422528" percent="0">
      <mem type="allocate" free="0" total="5177344" percent="0" />
      <mem type="survivor" free="0" total="1245184" percent="0" />
    </mem>
    <mem type="tenure" free="2047624" total="10420224" percent="19">
      <mem type="soa" free="1526408" total="9899008" percent="15" />
      <mem type="loa" free="521216" total="521216" percent="100" />
    </mem>
    <remembered-set count="388" />
  </mem-info>
</gc-start>
<allocation-stats totalBytes="3897808" discardedBytes="155808" >
  <allocated-bytes non-tlh="8200" tlh="3889608" />
  <largest-consumer threadName="Default Executor-thread-1" threadId="00000000007FF700" bytes="3897808" />
</allocation-stats>
<gc-op id="687" type="scavenge" timems="1.887" contextid="684" timestamp="2024-07-18T15:29:02.902">
  <scavenger-info tenureage="3" tenuremask="6008" tiltratio="80" />
  <memory-copied type="nursery" objects="28196" bytes="1019280" bytesdiscarded="132120" />
  <memory-copied type="tenure" objects="8170" bytes="305152" bytesdiscarded="224" />
  <references type="phantom" candidates="1" cleared="0" enqueued="0" />
  <object-monitors candidates="16" cleared="0"  />
</gc-op>
<heap-resize id="688" type="expand" space="nursery" amount="393216" count="1" timems="0.042" reason="excessive time being spent scavenging" timestamp="2024-07-18T15:29:02.902" />
<gc-end id="689" type="scavenge" contextid="684" durationms="3.082" usertimems="3.568" systemtimems="1.437" stalltimems="2.514" timestamp="2024-07-18T15:29:02.903" activeThreads="4">
  <mem-info id="690" free="5956824" total="17235968" percent="34">
    <mem type="nursery" free="4288080" total="6815744" percent="62">
      <mem type="allocate" free="4288080" total="5439488" percent="78" />
      <mem type="survivor" free="0" total="1376256" percent="0" />
    </mem>
    <mem type="tenure" free="1668744" total="10420224" percent="16">
      <mem type="soa" free="1147528" total="9899008" percent="11" />
      <mem type="loa" free="521216" total="521216" percent="100" />
    </mem>
    <remembered-set count="375" />
  </mem-info>
</gc-end>
<cycle-end id="691" type="scavenge" contextid="684" timestamp="2024-07-18T15:29:02.903" />
<allocation-satisfied id="692" threadId="00000000007FF700" bytesRequested="8200" />
<af-end id="693" timestamp="2024-07-18T15:29:02.904" threadId="0000000000800138" success="true" from="nursery"/>
<exclusive-end id="694" timestamp="2024-07-18T15:29:02.904" durationms="5.118" />

<exclusive-start id="695" timestamp="2024-07-18T15:29:02.944" intervalms="45.342">
  <response-info timems="0.036" idlems="0.036" threads="0" lastid="00000000007FF700" lastname="Default Executor-thread-1" />
</exclusive-start>
<af-start id="696" threadId="0000000000800138" totalBytesRequested="16392" timestamp="2024-07-18T15:29:02.944" intervalms="45.321" type="nursery" />
<cycle-start id="697" type="scavenge" contextid="0" timestamp="2024-07-18T15:29:02.945" intervalms="45.302" />
<gc-start id="698" type="scavenge" contextid="697" timestamp="2024-07-18T15:29:02.945">
  <mem-info id="699" free="1668744" total="17235968" percent="9">
    <mem type="nursery" free="0" total="6815744" percent="0">
      <mem type="allocate" free="0" total="5439488" percent="0" />
      <mem type="survivor" free="0" total="1376256" percent="0" />
    </mem>
    <mem type="tenure" free="1668744" total="10420224" percent="16">
      <mem type="soa" free="1147528" total="9899008" percent="11" />
      <mem type="loa" free="521216" total="521216" percent="100" />
    </mem>
    <remembered-set count="465" />
  </mem-info>
</gc-start>
<allocation-stats totalBytes="4182776" discardedBytes="105304" >
  <allocated-bytes non-tlh="8200" tlh="4174576" />
  <largest-consumer threadName="Default Executor-thread-1" threadId="00000000007FF700" bytes="4182776" />
</allocation-stats>
<gc-op id="700" type="scavenge" timems="3.476" contextid="697" timestamp="2024-07-18T15:29:02.949">
  <scavenger-info tenureage="2" tenuremask="600c" tiltratio="79" />
  <memory-copied type="nursery" objects="19853" bytes="736048" bytesdiscarded="77768" />
  <memory-copied type="tenure" objects="18733" bytes="667464" bytesdiscarded="544" />
  <references type="phantom" candidates="1" cleared="0" enqueued="0" />
  <object-monitors candidates="16" cleared="0"  />
</gc-op>
<heap-resize id="701" type="expand" space="nursery" amount="393216" count="1" timems="0.047" reason="excessive time being spent scavenging" timestamp="2024-07-18T15:29:02.949" />
<gc-end id="702" type="scavenge" contextid="697" durationms="4.767" usertimems="6.757" systemtimems="1.963" stalltimems="4.950" timestamp="2024-07-18T15:29:02.950" activeThreads="4">
  <mem-info id="703" free="6074880" total="17629184" percent="34">
    <mem type="nursery" free="5018880" total="7208960" percent="69">
      <mem type="allocate" free="5018880" total="5832704" percent="86" />
      <mem type="survivor" free="0" total="1376256" percent="0" />
    </mem>
    <mem type="tenure" free="1056000" total="10420224" percent="10">
      <mem type="soa" free="534784" total="9899008" percent="5" />
      <mem type="loa" free="521216" total="521216" percent="100" />
    </mem>
    <remembered-set count="360" />
  </mem-info>
</gc-end>
<cycle-end id="704" type="scavenge" contextid="697" timestamp="2024-07-18T15:29:02.950" />
<allocation-satisfied id="705" threadId="00000000007FF700" bytesRequested="16392" />
<af-end id="706" timestamp="2024-07-18T15:29:02.951" threadId="0000000000800138" success="true" from="nursery"/>
<exclusive-end id="707" timestamp="2024-07-18T15:29:02.951" durationms="6.916" />

<concurrent-kickoff id="708" timestamp="2024-07-18T15:29:02.988">
  <kickoff reason="threshold reached" targetBytes="3612369" thresholdFreeBytes="500590"  remainingFree="431360" tenureFreeBytes="1056000" nurseryFreeBytes="431360" />
</concurrent-kickoff>
<exclusive-start id="709" timestamp="2024-07-18T15:29:02.989" intervalms="44.642">
  <response-info timems="0.037" idlems="0.037" threads="0" lastid="00000000007FF700" lastname="Default Executor-thread-1" />
</exclusive-start>
<cycle-start id="710" type="global" contextid="0" timestamp="2024-07-18T15:29:02.989" intervalms="371.821" />
<concurrent-start id="711" type="global mark" contextid="710" timestamp="2024-07-18T15:29:02.989">
</concurrent-start>
<exclusive-end id="712" timestamp="2024-07-18T15:29:02.990" durationms="0.914" />

<concurrent-end id="713" type="global mark" contextid="710" timestamp="2024-07-18T15:29:02.998">
<gc-op id="714" type="trace" timems="8.579" contextid="710" timestamp="2024-07-18T15:29:02.998">
  <trace bytesTraced="4034396" workStackOverflowCount="0" />
  <card-cleaning reason="card cleaning threshold reached" bytesTraced="9600" cardsCleaned="24" />
</gc-op>
</concurrent-end>

<exclusive-start id="715" timestamp="2024-07-18T15:29:02.999" intervalms="9.901">
  <response-info timems="0.036" idlems="0.036" threads="0" lastid="00000000007B3A00" lastname="Scheduled Executor-thread-1" />
</exclusive-start>
<concurrent-global-final id="716" timestamp="2024-07-18T15:29:02.999" contextid="710" intervalms="311.581" >
  <concurrent-trace-info reason="card cleaning threshold reached" tracedByMutators="574792" tracedByHelpers="3469204" cardsCleaned="24" workStackOverflowCount="0" />
</concurrent-global-final>
<gc-start id="717" type="global" contextid="710" timestamp="2024-07-18T15:29:02.999">
  <mem-info id="718" free="1076768" total="17629184" percent="6">
    <mem type="nursery" free="21760" total="7208960" percent="0">
      <mem type="allocate" free="21760" total="5832704" percent="0" />
      <mem type="survivor" free="0" total="1376256" percent="0" />
    </mem>
    <mem type="tenure" free="1055008" total="10420224" percent="10">
      <mem type="soa" free="533792" total="9899008" percent="5" />
      <mem type="loa" free="521216" total="521216" percent="100" />
    </mem>
    <remembered-set count="601" />
  </mem-info>
</gc-start>
<allocation-stats totalBytes="4829144" discardedBytes="168968" >
  <allocated-bytes non-tlh="17384" tlh="4811760" />
  <largest-consumer threadName="Default Executor-thread-1" threadId="00000000007FF700" bytes="4811784" />
</allocation-stats>
<gc-op id="719" type="rs-scan" timems="1.650" contextid="710" timestamp="2024-07-18T15:29:03.002">
  <scan objectsFound="69929" bytesTraced="1975012" workStackOverflowCount="0" />
</gc-op>
<gc-op id="720" type="card-cleaning" timems="0.596" contextid="710" timestamp="2024-07-18T15:29:03.003">
  <card-cleaning cardsCleaned="16" bytesTraced="8840" workStackOverflowCount="0" />
</gc-op>
<gc-op id="721" type="mark" timems="2.739" contextid="710" timestamp="2024-07-18T15:29:03.006">
  <trace-info objectcount="161" scancount="155" scanbytes="3272" />
  <finalization candidates="687" enqueued="0" />
  <ownableSynchronizers candidates="597" cleared="0" />
  <references type="soft" candidates="5256" cleared="0" enqueued="0" dynamicThreshold="9" maxThreshold="32" />
  <references type="weak" candidates="1215" cleared="1" enqueued="1" />
  <references type="phantom" candidates="121" cleared="0" enqueued="0" />
  <stringconstants candidates="12241" cleared="0"  />
  <object-monitors candidates="17" cleared="0"  />
</gc-op>
<gc-op id="722" type="sweep" timems="1.126" contextid="710" timestamp="2024-07-18T15:29:03.007" />
<heap-resize id="723" type="expand" space="tenure" amount="2818048" count="1" timems="0.086" reason="insufficient free space following gc" timestamp="2024-07-18T15:29:03.008" />
<gc-end id="724" type="global" contextid="710" durationms="8.473" usertimems="12.030" systemtimems="4.845" stalltimems="19.347" timestamp="2024-07-18T15:29:03.008" activeThreads="8">
  <mem-info id="725" free="7906808" total="20447232" percent="38">
    <mem type="nursery" free="3902320" total="7208960" percent="54">
      <mem type="allocate" free="3902320" total="5832704" percent="66" />
      <mem type="survivor" free="0" total="1376256" percent="0" />
    </mem>
    <mem type="tenure" free="4004488" total="13238272" percent="30" micro-fragmented="144342" macro-fragmented="0">
      <mem type="soa" free="3341960" total="12575744" percent="26" />
      <mem type="loa" free="662528" total="662528" percent="100" />
    </mem>
    <pending-finalizers system="0" default="0" reference="1" classloader="0" />
    <remembered-set count="594" />
  </mem-info>
</gc-end>
<cycle-end id="726" type="global" contextid="710" timestamp="2024-07-18T15:29:03.008" />
<exclusive-end id="727" timestamp="2024-07-18T15:29:03.008" durationms="9.771" />

<exclusive-start id="728" timestamp="2024-07-18T15:29:03.042" intervalms="43.296">
  <response-info timems="0.027" idlems="0.027" threads="0" lastid="00000000007FF700" lastname="Default Executor-thread-1" />
</exclusive-start>
<af-start id="729" threadId="0000000000800138" totalBytesRequested="16392" timestamp="2024-07-18T15:29:03.042" intervalms="97.859" type="nursery" />
<cycle-start id="730" type="scavenge" contextid="0" timestamp="2024-07-18T15:29:03.043" intervalms="97.902" />
<gc-start id="731" type="scavenge" contextid="730" timestamp="2024-07-18T15:29:03.043">
  <mem-info id="732" free="4004192" total="20447232" percent="19">
    <mem type="nursery" free="0" total="7208960" percent="0">
      <mem type="allocate" free="0" total="5832704" percent="0" />
      <mem type="survivor" free="0" total="1376256" percent="0" />
    </mem>
    <mem type="tenure" free="4004192" total="13238272" percent="30">
      <mem type="soa" free="3341664" total="12575744" percent="26" />
      <mem type="loa" free="662528" total="662528" percent="100" />
    </mem>
    <remembered-set count="667" />
  </mem-info>
</gc-start>
<allocation-stats totalBytes="3843128" discardedBytes="44776" >
  <allocated-bytes non-tlh="1444448" tlh="2398680" />
  <largest-consumer threadName="Default Executor-thread-1" threadId="00000000007FF700" bytes="3830840" />
</allocation-stats>
<gc-op id="733" type="scavenge" timems="2.007" contextid="730" timestamp="2024-07-18T15:29:03.045">
  <scavenger-info tenureage="2" tenuremask="6004" tiltratio="80" />
  <memory-copied type="nursery" objects="30863" bytes="1165256" bytesdiscarded="66088" />
  <memory-copied type="tenure" objects="9452" bytes="350672" bytesdiscarded="1040" />
  <ownableSynchronizers candidates="1192" cleared="1188" />
  <references type="weak" candidates="12" cleared="0" enqueued="0" />
  <references type="phantom" candidates="1" cleared="0" enqueued="0" />
  <object-monitors candidates="18" cleared="0"  />
</gc-op>
<gc-end id="734" type="scavenge" contextid="730" durationms="2.830" usertimems="4.181" systemtimems="1.695" stalltimems="2.213" timestamp="2024-07-18T15:29:03.046" activeThreads="4">
  <mem-info id="735" free="7658608" total="20447232" percent="37">
    <mem type="nursery" free="4208072" total="7208960" percent="58">
      <mem type="allocate" free="4208072" total="5439488" percent="77" />
      <mem type="survivor" free="0" total="1769472" percent="0" />
    </mem>
    <mem type="tenure" free="3450536" total="13238272" percent="26">
      <mem type="soa" free="2788008" total="12575744" percent="22" />
      <mem type="loa" free="662528" total="662528" percent="100" />
    </mem>
    <remembered-set count="410" />
  </mem-info>
</gc-end>
<cycle-end id="736" type="scavenge" contextid="730" timestamp="2024-07-18T15:29:03.046" />
<allocation-satisfied id="737" threadId="00000000007FF700" bytesRequested="16392" />
<af-end id="738" timestamp="2024-07-18T15:29:03.047" threadId="0000000000800138" success="true" from="nursery"/>
<exclusive-end id="739" timestamp="2024-07-18T15:29:03.047" durationms="4.847" />

<exclusive-start id="740" timestamp="2024-07-18T15:29:03.082" intervalms="39.733">
  <response-info timems="0.030" idlems="0.030" threads="0" lastid="00000000007FF700" lastname="Default Executor-thread-1" />
</exclusive-start>
<af-start id="741" threadId="0000000000800138" totalBytesRequested="16392" timestamp="2024-07-18T15:29:03.082" intervalms="39.751" type="nursery" />
<cycle-start id="742" type="scavenge" contextid="0" timestamp="2024-07-18T15:29:03.082" intervalms="39.753" />
<gc-start id="743" type="scavenge" contextid="742" timestamp="2024-07-18T15:29:03.083">
  <mem-info id="744" free="3450536" total="20447232" percent="16">
    <mem type="nursery" free="0" total="7208960" percent="0">
      <mem type="allocate" free="0" total="5439488" percent="0" />
      <mem type="survivor" free="0" total="1769472" percent="0" />
    </mem>
    <mem type="tenure" free="3450536" total="13238272" percent="26">
      <mem type="soa" free="2788008" total="12575744" percent="22" />
      <mem type="loa" free="662528" total="662528" percent="100" />
    </mem>
    <remembered-set count="476" />
  </mem-info>
</gc-start>
<allocation-stats totalBytes="4065616" discardedBytes="142456" >
  <allocated-bytes non-tlh="16392" tlh="4049224" />
  <largest-consumer threadName="Default Executor-thread-1" threadId="00000000007FF700" bytes="4065616" />
</allocation-stats>
<gc-op id="745" type="scavenge" timems="1.536" contextid="742" timestamp="2024-07-18T15:29:03.085">
  <scavenger-info tenureage="13" tenuremask="6000" tiltratio="75" />
  <memory-copied type="nursery" objects="40818" bytes="1519728" bytesdiscarded="223072" />
  <ownableSynchronizers candidates="4" cleared="0" />
  <references type="weak" candidates="12" cleared="0" enqueued="0" />
  <references type="phantom" candidates="1" cleared="0" enqueued="0" />
  <object-monitors candidates="18" cleared="0"  />
</gc-op>
<gc-end id="746" type="scavenge" contextid="742" durationms="2.367" usertimems="3.057" systemtimems="1.247" stalltimems="1.836" timestamp="2024-07-18T15:29:03.085" activeThreads="4">
  <mem-info id="747" free="6819520" total="20447232" percent="33">
    <mem type="nursery" free="3368984" total="7208960" percent="46">
      <mem type="allocate" free="3368984" total="5111808" percent="65" />
      <mem type="survivor" free="0" total="2097152" percent="0" />
    </mem>
    <mem type="tenure" free="3450536" total="13238272" percent="26">
      <mem type="soa" free="2788008" total="12575744" percent="22" />
      <mem type="loa" free="662528" total="662528" percent="100" />
    </mem>
    <remembered-set count="475" />
  </mem-info>
</gc-end>
<cycle-end id="748" type="scavenge" contextid="742" timestamp="2024-07-18T15:29:03.085" />
<allocation-satisfied id="749" threadId="00000000007FF700" bytesRequested="16392" />
<af-end id="750" timestamp="2024-07-18T15:29:03.086" threadId="0000000000800138" success="true" from="nursery"/>
<exclusive-end id="751" timestamp="2024-07-18T15:29:03.086" durationms="4.347" />

<exclusive-start id="752" timestamp="2024-07-18T15:29:03.117" intervalms="35.654">
  <response-info timems="0.038" idlems="0.038" threads="0" lastid="00000000007FF700" lastname="Default Executor-thread-1" />
</exclusive-start>
<af-start id="753" threadId="0000000000800138" totalBytesRequested="32" timestamp="2024-07-18T15:29:03.118" intervalms="35.785" type="nursery" />
<cycle-start id="754" type="scavenge" contextid="0" timestamp="2024-07-18T15:29:03.118" intervalms="35.916" />
<gc-start id="755" type="scavenge" contextid="754" timestamp="2024-07-18T15:29:03.119">
  <mem-info id="756" free="3423384" total="20447232" percent="16">
    <mem type="nursery" free="0" total="7208960" percent="0">
      <mem type="allocate" free="0" total="5111808" percent="0" />
      <mem type="survivor" free="0" total="2097152" percent="0" />
    </mem>
    <mem type="tenure" free="3423384" total="13238272" percent="25">
      <mem type="soa" free="2760856" total="12575744" percent="21" />
      <mem type="loa" free="662528" total="662528" percent="100" />
    </mem>
    <remembered-set count="841" />
  </mem-info>
</gc-start>
<allocation-stats totalBytes="3395216" discardedBytes="920" >
  <allocated-bytes non-tlh="43544" tlh="3351672" />
  <largest-consumer threadName="Default Executor-thread-1" threadId="00000000007FF700" bytes="3395216" />
</allocation-stats>
<gc-op id="757" type="scavenge" timems="2.419" contextid="754" timestamp="2024-07-18T15:29:03.122">
  <scavenger-info tenureage="3" tenuremask="6008" tiltratio="70" />
  <memory-copied type="nursery" objects="44568" bytes="1541424" bytesdiscarded="75592" />
  <memory-copied type="tenure" objects="10382" bytes="375416" bytesdiscarded="464" />
  <finalization candidates="11" enqueued="7" />
  <ownableSynchronizers candidates="4" cleared="0" />
  <references type="soft" candidates="8" cleared="0" enqueued="0" dynamicThreshold="9" maxThreshold="32" />
  <references type="weak" candidates="56" cleared="18" enqueued="18" />
  <references type="phantom" candidates="1" cleared="1" enqueued="1" />
  <object-monitors candidates="18" cleared="0"  />
</gc-op>
<heap-resize id="758" type="expand" space="nursery" amount="393216" count="1" timems="0.044" reason="excessive time being spent scavenging" timestamp="2024-07-18T15:29:03.122" />
<gc-end id="759" type="scavenge" contextid="754" durationms="4.046" usertimems="4.836" systemtimems="1.939" stalltimems="3.056" timestamp="2024-07-18T15:29:03.123" activeThreads="4">
  <mem-info id="760" free="6860936" total="20840448" percent="32">
    <mem type="nursery" free="3953408" total="7602176" percent="52">
      <mem type="allocate" free="3953408" total="5570560" percent="70" />
      <mem type="survivor" free="0" total="2031616" percent="0" />
    </mem>
    <mem type="tenure" free="2907528" total="13238272" percent="21">
      <mem type="soa" free="2245000" total="12575744" percent="17" />
      <mem type="loa" free="662528" total="662528" percent="100" />
    </mem>
    <pending-finalizers system="7" default="0" reference="19" classloader="0" />
    <remembered-set count="804" />
  </mem-info>
</gc-end>
<cycle-end id="761" type="scavenge" contextid="754" timestamp="2024-07-18T15:29:03.123" />
<allocation-satisfied id="762" threadId="00000000007FF700" bytesRequested="32" />
<af-end id="763" timestamp="2024-07-18T15:29:03.124" threadId="0000000000800138" success="true" from="nursery"/>
<exclusive-end id="764" timestamp="2024-07-18T15:29:03.124" durationms="6.680" />

<exclusive-start id="765" timestamp="2024-07-18T15:29:03.163" intervalms="46.029">
  <response-info timems="0.040" idlems="0.040" threads="0" lastid="00000000007FF700" lastname="Default Executor-thread-1" />
</exclusive-start>
<af-start id="766" threadId="0000000000800138" totalBytesRequested="24" timestamp="2024-07-18T15:29:03.164" intervalms="46.000" type="nursery" />
<cycle-start id="767" type="scavenge" contextid="0" timestamp="2024-07-18T15:29:03.164" intervalms="45.968" />
<gc-start id="768" type="scavenge" contextid="767" timestamp="2024-07-18T15:29:03.165">
  <mem-info id="769" free="2907528" total="20840448" percent="13">
    <mem type="nursery" free="0" total="7602176" percent="0">
      <mem type="allocate" free="0" total="5570560" percent="0" />
      <mem type="survivor" free="0" total="2031616" percent="0" />
    </mem>
    <mem type="tenure" free="2907528" total="13238272" percent="21">
      <mem type="soa" free="2245000" total="12575744" percent="17" />
      <mem type="loa" free="662528" total="662528" percent="100" />
    </mem>
    <remembered-set count="822" />
  </mem-info>
</gc-start>
<allocation-stats totalBytes="3952888" discardedBytes="520" >
  <allocated-bytes non-tlh="32" tlh="3952856" />
  <largest-consumer threadName="Default Executor-thread-1" threadId="00000000007FF700" bytes="3952888" />
</allocation-stats>
<gc-op id="770" type="scavenge" timems="4.042" contextid="767" timestamp="2024-07-18T15:29:03.170">
  <scavenger-info tenureage="3" tenuremask="6008" tiltratio="73" />
  <memory-copied type="nursery" objects="27138" bytes="845472" bytesdiscarded="33112" />
  <memory-copied type="tenure" objects="20435" bytes="778608" bytesdiscarded="984" />
  <finalization candidates="4" enqueued="0" />
  <ownableSynchronizers candidates="4" cleared="0" />
  <references type="soft" candidates="8" cleared="0" enqueued="0" dynamicThreshold="9" maxThreshold="32" />
  <references type="weak" candidates="27" cleared="1" enqueued="1" />
  <object-monitors candidates="18" cleared="0"  />
</gc-op>
<heap-resize id="771" type="expand" space="nursery" amount="393216" count="1" timems="0.043" reason="excessive time being spent scavenging" timestamp="2024-07-18T15:29:03.170" />
<gc-end id="772" type="scavenge" contextid="767" durationms="5.811" usertimems="9.304" systemtimems="0.000" stalltimems="7.231" timestamp="2024-07-18T15:29:03.170" activeThreads="4">
  <mem-info id="773" free="7280352" total="21233664" percent="34">
    <mem type="nursery" free="5085184" total="7995392" percent="63">
      <mem type="allocate" free="5085184" total="5963776" percent="85" />
      <mem type="survivor" free="0" total="2031616" percent="0" />
    </mem>
    <mem type="tenure" free="2195168" total="13238272" percent="16">
      <mem type="soa" free="1532640" total="12575744" percent="12" />
      <mem type="loa" free="662528" total="662528" percent="100" />
    </mem>
    <pending-finalizers system="0" default="0" reference="1" classloader="0" />
    <remembered-set count="713" />
  </mem-info>
</gc-end>
<cycle-end id="774" type="scavenge" contextid="767" timestamp="2024-07-18T15:29:03.171" />
<allocation-satisfied id="775" threadId="00000000007FF700" bytesRequested="24" />
<af-end id="776" timestamp="2024-07-18T15:29:03.172" threadId="0000000000800138" success="true" from="nursery"/>
<exclusive-end id="777" timestamp="2024-07-18T15:29:03.172" durationms="8.514" />

<exclusive-start id="778" timestamp="2024-07-18T15:29:03.188" intervalms="24.753">
  <response-info timems="0.037" idlems="0.037" threads="0" lastid="00000000007FF700" lastname="Default Executor-thread-1" />
</exclusive-start>
<af-start id="779" threadId="0000000000800138" totalBytesRequested="72" timestamp="2024-07-18T15:29:03.189" intervalms="24.719" type="nursery" />
<cycle-start id="780" type="scavenge" contextid="0" timestamp="2024-07-18T15:29:03.189" intervalms="24.727" />
<gc-start id="781" type="scavenge" contextid="780" timestamp="2024-07-18T15:29:03.189">
  <mem-info id="782" free="2195168" total="21233664" percent="10">
    <mem type="nursery" free="0" total="7995392" percent="0">
      <mem type="allocate" free="0" total="5963776" percent="0" />
      <mem type="survivor" free="0" total="2031616" percent="0" />
    </mem>
    <mem type="tenure" free="2195168" total="13238272" percent="16">
      <mem type="soa" free="1532640" total="12575744" percent="12" />
      <mem type="loa" free="662528" total="662528" percent="100" />
    </mem>
    <remembered-set count="720" />
  </mem-info>
</gc-start>
<allocation-stats totalBytes="5084656" discardedBytes="528" >
  <allocated-bytes non-tlh="24" tlh="5084632" />
  <largest-consumer threadName="Default Executor-thread-1" threadId="00000000007FF700" bytes="5084656" />
</allocation-stats>
<gc-op id="783" type="scavenge" timems="2.971" contextid="780" timestamp="2024-07-18T15:29:03.193">
  <scavenger-info tenureage="2" tenuremask="600c" tiltratio="74" />
  <memory-copied type="nursery" objects="4720" bytes="133272" bytesdiscarded="72808" />
  <memory-copied type="tenure" objects="23793" bytes="751080" bytesdiscarded="360" />
  <finalization candidates="4" enqueued="0" />
  <object-monitors candidates="18" cleared="0"  />
</gc-op>
<heap-resize id="784" type="expand" space="nursery" amount="655360" count="1" timems="0.046" reason="excessive time being spent scavenging" timestamp="2024-07-18T15:29:03.193" />
<gc-end id="785" type="scavenge" contextid="780" durationms="4.184" usertimems="6.403" systemtimems="2.458" stalltimems="3.139" timestamp="2024-07-18T15:29:03.194" activeThreads="4">
  <mem-info id="786" free="8024352" total="21889024" percent="36">
    <mem type="nursery" free="6544128" total="8650752" percent="75">
      <mem type="allocate" free="6544128" total="6750208" percent="96" />
      <mem type="survivor" free="0" total="1900544" percent="0" />
    </mem>
    <mem type="tenure" free="1480224" total="13238272" percent="11">
      <mem type="soa" free="817696" total="12575744" percent="6" />
      <mem type="loa" free="662528" total="662528" percent="100" />
    </mem>
    <remembered-set count="346" />
  </mem-info>
</gc-end>
<cycle-end id="787" type="scavenge" contextid="780" timestamp="2024-07-18T15:29:03.194" />
<allocation-satisfied id="788" threadId="00000000007FF700" bytesRequested="72" />
<af-end id="789" timestamp="2024-07-18T15:29:03.194" threadId="0000000000800138" success="true" from="nursery"/>
<exclusive-end id="790" timestamp="2024-07-18T15:29:03.195" durationms="6.478" />

<concurrent-kickoff id="791" timestamp="2024-07-18T15:29:03.213">
  <kickoff reason="threshold reached" targetBytes="4690442" thresholdFreeBytes="650159"  remainingFree="629504" tenureFreeBytes="1480224" nurseryFreeBytes="629504" />
</concurrent-kickoff>
<exclusive-start id="792" timestamp="2024-07-18T15:29:03.214" intervalms="25.854">
  <response-info timems="0.032" idlems="0.032" threads="0" lastid="00000000007FF700" lastname="Default Executor-thread-1" />
</exclusive-start>
<cycle-start id="793" type="global" contextid="0" timestamp="2024-07-18T15:29:03.214" intervalms="225.277" />
<concurrent-start id="794" type="global mark" contextid="793" timestamp="2024-07-18T15:29:03.215">
</concurrent-start>
<exclusive-end id="795" timestamp="2024-07-18T15:29:03.215" durationms="1.070" />

<exclusive-start id="796" timestamp="2024-07-18T15:29:03.225" intervalms="10.811">
  <response-info timems="0.035" idlems="0.035" threads="0" lastid="00000000007FF700" lastname="Default Executor-thread-1" />
</exclusive-start>
<af-start id="797" threadId="0000000000800138" totalBytesRequested="24" timestamp="2024-07-18T15:29:03.225" intervalms="36.711" type="nursery" />
<cycle-start id="798" type="scavenge" contextid="0" timestamp="2024-07-18T15:29:03.226" intervalms="36.682" />
<gc-start id="799" type="scavenge" contextid="798" timestamp="2024-07-18T15:29:03.226">
  <mem-info id="800" free="1480224" total="21889024" percent="6">
    <mem type="nursery" free="0" total="8650752" percent="0">
      <mem type="allocate" free="0" total="6750208" percent="0" />
      <mem type="survivor" free="0" total="1900544" percent="0" />
    </mem>
    <mem type="tenure" free="1480224" total="13238272" percent="11">
      <mem type="soa" free="817696" total="12575744" percent="6" />
      <mem type="loa" free="662528" total="662528" percent="100" />
    </mem>
    <remembered-set count="352" />
  </mem-info>
</gc-start>
<allocation-stats totalBytes="6543384" discardedBytes="744" >
  <allocated-bytes non-tlh="72" tlh="6543312" />
  <largest-consumer threadName="Default Executor-thread-1" threadId="00000000007FF700" bytes="6543384" />
</allocation-stats>
<gc-op id="801" type="scavenge" timems="1.080" contextid="798" timestamp="2024-07-18T15:29:03.228">
  <scavenger-info tenureage="2" tenuremask="4004" tiltratio="78" />
  <memory-copied type="nursery" objects="2637" bytes="77176" bytesdiscarded="16264" />
  <memory-copied type="tenure" objects="3097" bytes="85768" bytesdiscarded="24" />
  <object-monitors candidates="18" cleared="0"  />
</gc-op>
<gc-end id="802" type="scavenge" contextid="798" durationms="2.201" usertimems="1.216" systemtimems="0.466" stalltimems="2.240" timestamp="2024-07-18T15:29:03.228" activeThreads="4">
  <mem-info id="803" free="8586528" total="21889024" percent="39">
    <mem type="nursery" free="7181056" total="8650752" percent="83">
      <mem type="allocate" free="7181056" total="7274496" percent="98" />
      <mem type="survivor" free="0" total="1376256" percent="0" />
    </mem>
    <mem type="tenure" free="1405472" total="13238272" percent="10">
      <mem type="soa" free="742944" total="12575744" percent="5" />
      <mem type="loa" free="662528" total="662528" percent="100" />
    </mem>
    <remembered-set count="294" />
  </mem-info>
</gc-end>
<cycle-end id="804" type="scavenge" contextid="798" timestamp="2024-07-18T15:29:03.229" />
<allocation-satisfied id="805" threadId="00000000007FF700" bytesRequested="24" />
<af-end id="806" timestamp="2024-07-18T15:29:03.229" threadId="0000000000800138" success="true" from="nursery"/>
<exclusive-end id="807" timestamp="2024-07-18T15:29:03.229" durationms="4.558" />

<concurrent-end id="808" type="global mark" contextid="793" timestamp="2024-07-18T15:29:03.231">
<gc-op id="809" type="trace" timems="16.481" contextid="793" timestamp="2024-07-18T15:29:03.231">
  <trace bytesTraced="6767476" workStackOverflowCount="0" />
  <card-cleaning reason="card cleaning threshold reached" bytesTraced="16900" cardsCleaned="33" />
</gc-op>
</concurrent-end>

<exclusive-start id="810" timestamp="2024-07-18T15:29:03.232" intervalms="7.008">
  <response-info timems="0.026" idlems="0.026" threads="0" lastid="00000000007FF700" lastname="Default Executor-thread-1" />
</exclusive-start>
<concurrent-global-final id="811" timestamp="2024-07-18T15:29:03.232" contextid="793" intervalms="233.070" >
  <concurrent-trace-info reason="card cleaning threshold reached" tracedByMutators="2978332" tracedByHelpers="3806044" cardsCleaned="33" workStackOverflowCount="0" />
</concurrent-global-final>
<gc-start id="812" type="global" contextid="793" timestamp="2024-07-18T15:29:03.232">
  <mem-info id="813" free="8451336" total="21889024" percent="38">
    <mem type="nursery" free="7045864" total="8650752" percent="81">
      <mem type="allocate" free="7045864" total="7274496" percent="96" />
      <mem type="survivor" free="0" total="1376256" percent="0" />
    </mem>
    <mem type="tenure" free="1405472" total="13238272" percent="10">
      <mem type="soa" free="742944" total="12575744" percent="5" />
      <mem type="loa" free="662528" total="662528" percent="100" />
    </mem>
    <remembered-set count="294" />
  </mem-info>
</gc-start>
<allocation-stats totalBytes="135192" discardedBytes="0" >
  <allocated-bytes non-tlh="24" tlh="135168" />
  <largest-consumer threadName="Default Executor-thread-1" threadId="00000000007FF700" bytes="135192" />
</allocation-stats>
<gc-op id="814" type="rs-scan" timems="1.076" contextid="793" timestamp="2024-07-18T15:29:03.234">
  <scan objectsFound="3268" bytesTraced="106132" workStackOverflowCount="0" />
</gc-op>
<gc-op id="815" type="card-cleaning" timems="0.885" contextid="793" timestamp="2024-07-18T15:29:03.235">
  <card-cleaning cardsCleaned="5" bytesTraced="1960" workStackOverflowCount="0" />
</gc-op>
<gc-op id="816" type="mark" timems="3.415" contextid="793" timestamp="2024-07-18T15:29:03.239">
  <trace-info objectcount="269" scancount="265" scanbytes="6612" />
  <finalization candidates="691" enqueued="0" />
  <ownableSynchronizers candidates="598" cleared="2" />
  <references type="soft" candidates="5262" cleared="0" enqueued="0" dynamicThreshold="9" maxThreshold="32" />
  <references type="weak" candidates="1241" cleared="0" enqueued="0" />
  <references type="phantom" candidates="120" cleared="0" enqueued="0" />
  <stringconstants candidates="12462" cleared="0"  />
  <object-monitors candidates="18" cleared="0"  />
</gc-op>
<gc-op id="817" type="sweep" timems="1.317" contextid="793" timestamp="2024-07-18T15:29:03.240" />
<heap-resize id="818" type="expand" space="tenure" amount="3211264" count="1" timems="0.051" reason="insufficient free space following gc" timestamp="2024-07-18T15:29:03.241" />
<gc-end id="819" type="global" contextid="793" durationms="8.371" usertimems="0.000" systemtimems="14.381" stalltimems="32.865" timestamp="2024-07-18T15:29:03.241" activeThreads="10">
  <mem-info id="820" free="12137872" total="25100288" percent="48">
    <mem type="nursery" free="7192032" total="8650752" percent="83">
      <mem type="allocate" free="7192032" total="7274496" percent="98" />
      <mem type="survivor" free="0" total="1376256" percent="0" />
    </mem>
    <mem type="tenure" free="4945840" total="16449536" percent="30" micro-fragmented="145670" macro-fragmented="0">
      <mem type="soa" free="4122544" total="15626240" percent="26" />
      <mem type="loa" free="823296" total="823296" percent="100" />
    </mem>
    <remembered-set count="294" />
  </mem-info>
</gc-end>
<cycle-end id="821" type="global" contextid="793" timestamp="2024-07-18T15:29:03.241" />
<exclusive-end id="822" timestamp="2024-07-18T15:29:03.241" durationms="9.311" />

<exclusive-start id="823" timestamp="2024-07-18T15:29:03.277" intervalms="44.977">
  <response-info timems="0.082" idlems="0.082" threads="0" lastid="00000000007FF700" lastname="Default Executor-thread-1" />
</exclusive-start>
<af-start id="824" threadId="0000000000800138" totalBytesRequested="16" timestamp="2024-07-18T15:29:03.277" intervalms="52.135" type="nursery" />
<cycle-start id="825" type="scavenge" contextid="0" timestamp="2024-07-18T15:29:03.278" intervalms="52.191" />
<gc-start id="826" type="scavenge" contextid="825" timestamp="2024-07-18T15:29:03.278">
  <mem-info id="827" free="4945576" total="25100288" percent="19">
    <mem type="nursery" free="0" total="8650752" percent="0">
      <mem type="allocate" free="0" total="7274496" percent="0" />
      <mem type="survivor" free="0" total="1376256" percent="0" />
    </mem>
    <mem type="tenure" free="4945576" total="16449536" percent="30">
      <mem type="soa" free="4122280" total="15626240" percent="26" />
      <mem type="loa" free="823296" total="823296" percent="100" />
    </mem>
    <remembered-set count="497" />
  </mem-info>
</gc-start>
<allocation-stats totalBytes="7190808" discardedBytes="1488" >
  <allocated-bytes non-tlh="264" tlh="7190544" />
  <largest-consumer threadName="Default Executor-thread-1" threadId="00000000007FF700" bytes="7190808" />
</allocation-stats>
<gc-op id="828" type="scavenge" timems="1.111" contextid="825" timestamp="2024-07-18T15:29:03.280">
  <scavenger-info tenureage="2" tenuremask="4004" tiltratio="84" />
  <memory-copied type="nursery" objects="6288" bytes="178560" bytesdiscarded="57728" />
  <memory-copied type="tenure" objects="643" bytes="18152" bytesdiscarded="72" />
  <ownableSynchronizers candidates="1192" cleared="1192" />
  <references type="weak" candidates="2" cleared="2" enqueued="2" />
  <object-monitors candidates="18" cleared="0"  />
</gc-op>
<gc-end id="829" type="scavenge" contextid="825" durationms="2.113" usertimems="1.247" systemtimems="0.482" stalltimems="1.388" timestamp="2024-07-18T15:29:03.280" activeThreads="3">
  <mem-info id="830" free="12134128" total="25100288" percent="48">
    <mem type="nursery" free="7234816" total="8650752" percent="83">
      <mem type="allocate" free="7234816" total="7471104" percent="96" />
      <mem type="survivor" free="0" total="1179648" percent="0" />
    </mem>
    <mem type="tenure" free="4899312" total="16449536" percent="29">
      <mem type="soa" free="4076016" total="15626240" percent="26" />
      <mem type="loa" free="823296" total="823296" percent="100" />
    </mem>
    <pending-finalizers system="0" default="0" reference="2" classloader="0" />
    <remembered-set count="468" />
  </mem-info>
</gc-end>
<cycle-end id="831" type="scavenge" contextid="825" timestamp="2024-07-18T15:29:03.281" />
<allocation-satisfied id="832" threadId="00000000007FF700" bytesRequested="16" />
<af-end id="833" timestamp="2024-07-18T15:29:03.281" threadId="0000000000800138" success="true" from="nursery"/>
<exclusive-end id="834" timestamp="2024-07-18T15:29:03.281" durationms="4.497" />

<exclusive-start id="835" timestamp="2024-07-18T15:29:03.299" intervalms="21.754">
  <response-info timems="0.038" idlems="0.038" threads="0" lastid="00000000007FF700" lastname="Default Executor-thread-1" />
</exclusive-start>
<af-start id="836" threadId="0000000000800138" totalBytesRequested="56" timestamp="2024-07-18T15:29:03.299" intervalms="21.619" type="nursery" />
<cycle-start id="837" type="scavenge" contextid="0" timestamp="2024-07-18T15:29:03.299" intervalms="21.608" />
<gc-start id="838" type="scavenge" contextid="837" timestamp="2024-07-18T15:29:03.300">
  <mem-info id="839" free="4899312" total="25100288" percent="19">
    <mem type="nursery" free="0" total="8650752" percent="0">
      <mem type="allocate" free="0" total="7471104" percent="0" />
      <mem type="survivor" free="0" total="1179648" percent="0" />
    </mem>
    <mem type="tenure" free="4899312" total="16449536" percent="29">
      <mem type="soa" free="4076016" total="15626240" percent="26" />
      <mem type="loa" free="823296" total="823296" percent="100" />
    </mem>
    <remembered-set count="556" />
  </mem-info>
</gc-start>
<allocation-stats totalBytes="7233704" discardedBytes="1112" >
  <allocated-bytes non-tlh="16" tlh="7233688" />
  <largest-consumer threadName="Default Executor-thread-1" threadId="00000000007FF700" bytes="7233704" />
</allocation-stats>
<gc-op id="840" type="scavenge" timems="0.835" contextid="837" timestamp="2024-07-18T15:29:03.301">
  <scavenger-info tenureage="14" tenuremask="4000" tiltratio="86" />
  <memory-copied type="nursery" objects="10208" bytes="287352" bytesdiscarded="21896" />
  <object-monitors candidates="18" cleared="0"  />
</gc-op>
<heap-resize id="841" type="expand" space="nursery" amount="524288" count="1" timems="0.048" reason="excessive time being spent scavenging" timestamp="2024-07-18T15:29:03.302" />
<gc-end id="842" type="scavenge" contextid="837" durationms="2.161" usertimems="1.451" systemtimems="0.243" stalltimems="0.688" timestamp="2024-07-18T15:29:03.302" activeThreads="3">
  <mem-info id="843" free="12650992" total="25624576" percent="49">
    <mem type="nursery" free="7751680" total="9175040" percent="84">
      <mem type="allocate" free="7751680" total="8060928" percent="96" />
      <mem type="survivor" free="0" total="1114112" percent="0" />
    </mem>
    <mem type="tenure" free="4899312" total="16449536" percent="29">
      <mem type="soa" free="4076016" total="15626240" percent="26" />
      <mem type="loa" free="823296" total="823296" percent="100" />
    </mem>
    <remembered-set count="514" />
  </mem-info>
</gc-end>
<cycle-end id="844" type="scavenge" contextid="837" timestamp="2024-07-18T15:29:03.302" />
<allocation-satisfied id="845" threadId="00000000007FF700" bytesRequested="56" />
<af-end id="846" timestamp="2024-07-18T15:29:03.303" threadId="0000000000800138" success="true" from="nursery"/>
<exclusive-end id="847" timestamp="2024-07-18T15:29:03.303" durationms="4.538" />

<exclusive-start id="848" timestamp="2024-07-18T15:29:03.325" intervalms="26.781">
  <response-info timems="0.045" idlems="0.045" threads="0" lastid="00000000007FF700" lastname="Default Executor-thread-1" />
</exclusive-start>
<af-start id="849" threadId="0000000000800138" totalBytesRequested="32" timestamp="2024-07-18T15:29:03.326" intervalms="26.627" type="nursery" />
<cycle-start id="850" type="scavenge" contextid="0" timestamp="2024-07-18T15:29:03.326" intervalms="26.450" />
<gc-start id="851" type="scavenge" contextid="850" timestamp="2024-07-18T15:29:03.326">
  <mem-info id="852" free="4899312" total="25624576" percent="19">
    <mem type="nursery" free="0" total="9175040" percent="0">
      <mem type="allocate" free="0" total="8060928" percent="0" />
      <mem type="survivor" free="0" total="1114112" percent="0" />
    </mem>
    <mem type="tenure" free="4899312" total="16449536" percent="29">
      <mem type="soa" free="4076016" total="15626240" percent="26" />
      <mem type="loa" free="823296" total="823296" percent="100" />
    </mem>
    <remembered-set count="537" />
  </mem-info>
</gc-start>
<allocation-stats totalBytes="7750776" discardedBytes="904" >
  <allocated-bytes non-tlh="56" tlh="7750720" />
  <largest-consumer threadName="Default Executor-thread-1" threadId="00000000007FF700" bytes="7750776" />
</allocation-stats>
<gc-op id="853" type="scavenge" timems="1.627" contextid="850" timestamp="2024-07-18T15:29:03.328">
  <scavenger-info tenureage="14" tenuremask="4000" tiltratio="87" />
  <memory-copied type="nursery" objects="11933" bytes="335360" bytesdiscarded="29952" />
  <object-monitors candidates="18" cleared="0"  />
</gc-op>
<heap-resize id="854" type="expand" space="nursery" amount="393216" count="1" timems="0.045" reason="excessive time being spent scavenging" timestamp="2024-07-18T15:29:03.329" />
<gc-end id="855" type="scavenge" contextid="850" durationms="2.622" usertimems="2.442" systemtimems="0.930" stalltimems="1.531" timestamp="2024-07-18T15:29:03.329" activeThreads="3">
  <mem-info id="856" free="13119216" total="26017792" percent="50">
    <mem type="nursery" free="8219904" total="9568256" percent="85">
      <mem type="allocate" free="8219904" total="8585216" percent="95" />
      <mem type="survivor" free="0" total="983040" percent="0" />
    </mem>
    <mem type="tenure" free="4899312" total="16449536" percent="29">
      <mem type="soa" free="4076016" total="15626240" percent="26" />
      <mem type="loa" free="823296" total="823296" percent="100" />
    </mem>
    <remembered-set count="531" />
  </mem-info>
</gc-end>
<cycle-end id="857" type="scavenge" contextid="850" timestamp="2024-07-18T15:29:03.329" />
<allocation-satisfied id="858" threadId="00000000007FF700" bytesRequested="32" />
<af-end id="859" timestamp="2024-07-18T15:29:03.329" threadId="0000000000800138" success="true" from="nursery"/>
<exclusive-end id="860" timestamp="2024-07-18T15:29:03.330" durationms="4.370" />

<exclusive-start id="861" timestamp="2024-07-18T15:29:03.353" intervalms="27.896">
  <response-info timems="0.051" idlems="0.051" threads="0" lastid="00000000007FF700" lastname="Default Executor-thread-1" />
</exclusive-start>
<af-start id="862" threadId="0000000000800138" totalBytesRequested="24" timestamp="2024-07-18T15:29:03.353" intervalms="27.842" type="nursery" />
<cycle-start id="863" type="scavenge" contextid="0" timestamp="2024-07-18T15:29:03.354" intervalms="27.881" />
<gc-start id="864" type="scavenge" contextid="863" timestamp="2024-07-18T15:29:03.354">
  <mem-info id="865" free="4899312" total="26017792" percent="18">
    <mem type="nursery" free="0" total="9568256" percent="0">
      <mem type="allocate" free="0" total="8585216" percent="0" />
      <mem type="survivor" free="0" total="983040" percent="0" />
    </mem>
    <mem type="tenure" free="4899312" total="16449536" percent="29">
      <mem type="soa" free="4076016" total="15626240" percent="26" />
      <mem type="loa" free="823296" total="823296" percent="100" />
    </mem>
    <remembered-set count="532" />
  </mem-info>
</gc-start>
<allocation-stats totalBytes="8218992" discardedBytes="912" >
  <allocated-bytes non-tlh="32" tlh="8218960" />
  <largest-consumer threadName="Default Executor-thread-1" threadId="00000000007FF700" bytes="8218992" />
</allocation-stats>
<gc-op id="866" type="scavenge" timems="1.459" contextid="863" timestamp="2024-07-18T15:29:03.356">
  <scavenger-info tenureage="3" tenuremask="4008" tiltratio="89" />
  <memory-copied type="nursery" objects="6529" bytes="183232" bytesdiscarded="63296" />
  <memory-copied type="tenure" objects="5620" bytes="158472" bytesdiscarded="96" />
  <object-monitors candidates="18" cleared="0"  />
</gc-op>
<gc-end id="867" type="scavenge" contextid="863" durationms="2.254" usertimems="1.979" systemtimems="0.747" stalltimems="1.727" timestamp="2024-07-18T15:29:03.356" activeThreads="3">
  <mem-info id="868" free="13070480" total="26017792" percent="50">
    <mem type="nursery" free="8338688" total="9568256" percent="87">
      <mem type="allocate" free="8338688" total="8585216" percent="97" />
      <mem type="survivor" free="0" total="983040" percent="0" />
    </mem>
    <mem type="tenure" free="4731792" total="16449536" percent="28">
      <mem type="soa" free="3908496" total="15626240" percent="25" />
      <mem type="loa" free="823296" total="823296" percent="100" />
    </mem>
    <remembered-set count="371" />
  </mem-info>
</gc-end>
<cycle-end id="869" type="scavenge" contextid="863" timestamp="2024-07-18T15:29:03.357" />
<allocation-satisfied id="870" threadId="00000000007FF700" bytesRequested="24" />
<af-end id="871" timestamp="2024-07-18T15:29:03.357" threadId="0000000000800138" success="true" from="nursery"/>
<exclusive-end id="872" timestamp="2024-07-18T15:29:03.357" durationms="3.838" />

<exclusive-start id="873" timestamp="2024-07-18T15:29:03.378" intervalms="24.743">
  <response-info timems="0.037" idlems="0.037" threads="0" lastid="00000000007FF700" lastname="Default Executor-thread-1" />
</exclusive-start>
<af-start id="874" threadId="0000000000800138" totalBytesRequested="64" timestamp="2024-07-18T15:29:03.378" intervalms="24.783" type="nursery" />
<cycle-start id="875" type="scavenge" contextid="0" timestamp="2024-07-18T15:29:03.379" intervalms="24.758" />
<gc-start id="876" type="scavenge" contextid="875" timestamp="2024-07-18T15:29:03.379">
  <mem-info id="877" free="4731792" total="26017792" percent="18">
    <mem type="nursery" free="0" total="9568256" percent="0">
      <mem type="allocate" free="0" total="8585216" percent="0" />
      <mem type="survivor" free="0" total="983040" percent="0" />
    </mem>
    <mem type="tenure" free="4731792" total="16449536" percent="28">
      <mem type="soa" free="3908496" total="15626240" percent="25" />
      <mem type="loa" free="823296" total="823296" percent="100" />
    </mem>
    <remembered-set count="371" />
  </mem-info>
</gc-start>
<allocation-stats totalBytes="8337856" discardedBytes="832" >
  <allocated-bytes non-tlh="24" tlh="8337832" />
  <largest-consumer threadName="Default Executor-thread-1" threadId="00000000007FF700" bytes="8337856" />
</allocation-stats>
<gc-op id="878" type="scavenge" timems="1.624" contextid="875" timestamp="2024-07-18T15:29:03.381">
  <scavenger-info tenureage="3" tenuremask="4028" tiltratio="89" />
  <memory-copied type="nursery" objects="2430" bytes="70816" bytesdiscarded="22624" />
  <memory-copied type="tenure" objects="4215" bytes="116032" bytesdiscarded="112" />
  <object-monitors candidates="18" cleared="0"  />
</gc-op>
<heap-resize id="879" type="expand" space="nursery" amount="655360" count="1" timems="0.052" reason="excessive time being spent scavenging" timestamp="2024-07-18T15:29:03.381" />
<gc-end id="880" type="scavenge" contextid="875" durationms="2.830" usertimems="2.752" systemtimems="0.000" stalltimems="2.304" timestamp="2024-07-18T15:29:03.382" activeThreads="3">
  <mem-info id="881" free="13685696" total="26673152" percent="51">
    <mem type="nursery" free="9081600" total="10223616" percent="88">
      <mem type="allocate" free="9081600" total="9175040" percent="98" />
      <mem type="survivor" free="0" total="1048576" percent="0" />
    </mem>
    <mem type="tenure" free="4604096" total="16449536" percent="27">
      <mem type="soa" free="3780800" total="15626240" percent="24" />
      <mem type="loa" free="823296" total="823296" percent="100" />
    </mem>
    <remembered-set count="280" />
  </mem-info>
</gc-end>
<cycle-end id="882" type="scavenge" contextid="875" timestamp="2024-07-18T15:29:03.382" />
<allocation-satisfied id="883" threadId="00000000007FF700" bytesRequested="64" />
<af-end id="884" timestamp="2024-07-18T15:29:03.383" threadId="0000000000800138" success="true" from="nursery"/>
<exclusive-end id="885" timestamp="2024-07-18T15:29:03.383" durationms="4.775" />

<exclusive-start id="886" timestamp="2024-07-18T15:29:03.410" intervalms="32.021">
  <response-info timems="0.038" idlems="0.038" threads="0" lastid="00000000007FF700" lastname="Default Executor-thread-1" />
</exclusive-start>
<af-start id="887" threadId="0000000000800138" totalBytesRequested="24" timestamp="2024-07-18T15:29:03.410" intervalms="32.203" type="nursery" />
<cycle-start id="888" type="scavenge" contextid="0" timestamp="2024-07-18T15:29:03.411" intervalms="32.391" />
<gc-start id="889" type="scavenge" contextid="888" timestamp="2024-07-18T15:29:03.411">
  <mem-info id="890" free="4604096" total="26673152" percent="17">
    <mem type="nursery" free="0" total="10223616" percent="0">
      <mem type="allocate" free="0" total="9175040" percent="0" />
      <mem type="survivor" free="0" total="1048576" percent="0" />
    </mem>
    <mem type="tenure" free="4604096" total="16449536" percent="27">
      <mem type="soa" free="3780800" total="15626240" percent="24" />
      <mem type="loa" free="823296" total="823296" percent="100" />
    </mem>
    <remembered-set count="283" />
  </mem-info>
</gc-start>
<allocation-stats totalBytes="9080664" discardedBytes="936" >
  <allocated-bytes non-tlh="64" tlh="9080600" />
  <largest-consumer threadName="Default Executor-thread-1" threadId="00000000007FF700" bytes="9080664" />
</allocation-stats>
<gc-op id="891" type="scavenge" timems="0.906" contextid="888" timestamp="2024-07-18T15:29:03.413">
  <scavenger-info tenureage="3" tenuremask="4008" tiltratio="89" />
  <memory-copied type="nursery" objects="578" bytes="18792" bytesdiscarded="18584" />
  <memory-copied type="tenure" objects="1805" bytes="50656" bytesdiscarded="24" />
  <object-monitors candidates="18" cleared="0"  />
</gc-op>
<gc-end id="892" type="scavenge" contextid="888" durationms="1.974" usertimems="1.057" systemtimems="0.395" stalltimems="1.158" timestamp="2024-07-18T15:29:03.413" activeThreads="3">
  <mem-info id="893" free="13667008" total="26673152" percent="51">
    <mem type="nursery" free="9137664" total="10223616" percent="89">
      <mem type="allocate" free="9137664" total="9175040" percent="99" />
      <mem type="survivor" free="0" total="1048576" percent="0" />
    </mem>
    <mem type="tenure" free="4529344" total="16449536" percent="27">
      <mem type="soa" free="3706048" total="15626240" percent="23" />
      <mem type="loa" free="823296" total="823296" percent="100" />
    </mem>
    <remembered-set count="257" />
  </mem-info>
</gc-end>
<cycle-end id="894" type="scavenge" contextid="888" timestamp="2024-07-18T15:29:03.414" />
<allocation-satisfied id="895" threadId="00000000007FF700" bytesRequested="24" />
<af-end id="896" timestamp="2024-07-18T15:29:03.414" threadId="0000000000800138" success="true" from="nursery"/>
<exclusive-end id="897" timestamp="2024-07-18T15:29:03.415" durationms="4.720" />

<exclusive-start id="898" timestamp="2024-07-18T15:29:03.438" intervalms="28.050">
  <response-info timems="0.051" idlems="0.051" threads="0" lastid="00000000007FF700" lastname="Default Executor-thread-1" />
</exclusive-start>
<af-start id="899" threadId="0000000000800138" totalBytesRequested="32" timestamp="2024-07-18T15:29:03.439" intervalms="28.084" type="nursery" />
<cycle-start id="900" type="scavenge" contextid="0" timestamp="2024-07-18T15:29:03.439" intervalms="27.951" />
<gc-start id="901" type="scavenge" contextid="900" timestamp="2024-07-18T15:29:03.439">
  <mem-info id="902" free="4529344" total="26673152" percent="16">
    <mem type="nursery" free="0" total="10223616" percent="0">
      <mem type="allocate" free="0" total="9175040" percent="0" />
      <mem type="survivor" free="0" total="1048576" percent="0" />
    </mem>
    <mem type="tenure" free="4529344" total="16449536" percent="27">
      <mem type="soa" free="3706048" total="15626240" percent="23" />
      <mem type="loa" free="823296" total="823296" percent="100" />
    </mem>
    <remembered-set count="259" />
  </mem-info>
</gc-start>
<allocation-stats totalBytes="9136600" discardedBytes="1064" >
  <allocated-bytes non-tlh="24" tlh="9136576" />
  <largest-consumer threadName="Default Executor-thread-1" threadId="00000000007FF700" bytes="9136600" />
</allocation-stats>
<gc-op id="903" type="scavenge" timems="0.470" contextid="900" timestamp="2024-07-18T15:29:03.440">
  <scavenger-info tenureage="3" tenuremask="ffe8" tiltratio="89" />
  <memory-copied type="nursery" objects="580" bytes="18824" bytesdiscarded="18552" />
  <memory-copied type="tenure" objects="194" bytes="5728" bytesdiscarded="0" />
  <object-monitors candidates="18" cleared="0"  />
</gc-op>
<gc-end id="904" type="scavenge" contextid="900" durationms="1.517" usertimems="0.641" systemtimems="0.238" stalltimems="0.442" timestamp="2024-07-18T15:29:03.441" activeThreads="3">
  <mem-info id="905" free="13667008" total="26673152" percent="51">
    <mem type="nursery" free="9137664" total="10223616" percent="89">
      <mem type="allocate" free="9137664" total="9175040" percent="99" />
      <mem type="survivor" free="0" total="1048576" percent="0" />
    </mem>
    <mem type="tenure" free="4529344" total="16449536" percent="27">
      <mem type="soa" free="3706048" total="15626240" percent="23" />
      <mem type="loa" free="823296" total="823296" percent="100" />
    </mem>
    <remembered-set count="241" />
  </mem-info>
</gc-end>
<cycle-end id="906" type="scavenge" contextid="900" timestamp="2024-07-18T15:29:03.441" />
<allocation-satisfied id="907" threadId="00000000007FF700" bytesRequested="32" />
<af-end id="908" timestamp="2024-07-18T15:29:03.441" threadId="0000000000800138" success="true" from="nursery"/>
<exclusive-end id="909" timestamp="2024-07-18T15:29:03.442" durationms="3.631" />

<exclusive-start id="910" timestamp="2024-07-18T15:29:03.468" intervalms="29.955">
  <response-info timems="0.080" idlems="0.080" threads="0" lastid="00000000007FF700" lastname="Default Executor-thread-1" />
</exclusive-start>
<af-start id="911" threadId="0000000000800138" totalBytesRequested="40" timestamp="2024-07-18T15:29:03.469" intervalms="30.021" type="nursery" />
<cycle-start id="912" type="scavenge" contextid="0" timestamp="2024-07-18T15:29:03.469" intervalms="30.039" />
<gc-start id="913" type="scavenge" contextid="912" timestamp="2024-07-18T15:29:03.469">
  <mem-info id="914" free="4529344" total="26673152" percent="16">
    <mem type="nursery" free="0" total="10223616" percent="0">
      <mem type="allocate" free="0" total="9175040" percent="0" />
      <mem type="survivor" free="0" total="1048576" percent="0" />
    </mem>
    <mem type="tenure" free="4529344" total="16449536" percent="27">
      <mem type="soa" free="3706048" total="15626240" percent="23" />
      <mem type="loa" free="823296" total="823296" percent="100" />
    </mem>
    <remembered-set count="241" />
  </mem-info>
</gc-start>
<allocation-stats totalBytes="9136720" discardedBytes="944" >
  <allocated-bytes non-tlh="32" tlh="9136688" />
  <largest-consumer threadName="Default Executor-thread-1" threadId="00000000007FF700" bytes="9136720" />
</allocation-stats>
<gc-op id="915" type="scavenge" timems="0.499" contextid="912" timestamp="2024-07-18T15:29:03.470">
  <scavenger-info tenureage="5" tenuremask="ffe0" tiltratio="89" />
  <memory-copied type="nursery" objects="788" bytes="24936" bytesdiscarded="12440" />
  <object-monitors candidates="18" cleared="0"  />
</gc-op>
<gc-end id="916" type="scavenge" contextid="912" durationms="1.291" usertimems="0.502" systemtimems="0.184" stalltimems="0.209" timestamp="2024-07-18T15:29:03.471" activeThreads="2">
  <mem-info id="917" free="13667008" total="26673152" percent="51">
    <mem type="nursery" free="9137664" total="10223616" percent="89">
      <mem type="allocate" free="9137664" total="9175040" percent="99" />
      <mem type="survivor" free="0" total="1048576" percent="0" />
    </mem>
    <mem type="tenure" free="4529344" total="16449536" percent="27">
      <mem type="soa" free="3706048" total="15626240" percent="23" />
      <mem type="loa" free="823296" total="823296" percent="100" />
    </mem>
    <remembered-set count="238" />
  </mem-info>
</gc-end>
<cycle-end id="918" type="scavenge" contextid="912" timestamp="2024-07-18T15:29:03.471" />
<allocation-satisfied id="919" threadId="00000000007FF700" bytesRequested="40" />
<af-end id="920" timestamp="2024-07-18T15:29:03.471" threadId="0000000000800138" success="true" from="nursery"/>
<exclusive-end id="921" timestamp="2024-07-18T15:29:03.472" durationms="3.511" />

<exclusive-start id="922" timestamp="2024-07-18T15:29:03.495" intervalms="26.979">
  <response-info timems="0.050" idlems="0.050" threads="0" lastid="00000000007FF700" lastname="Default Executor-thread-1" />
</exclusive-start>
<af-start id="923" threadId="0000000000800138" totalBytesRequested="16" timestamp="2024-07-18T15:29:03.495" intervalms="26.714" type="nursery" />
<cycle-start id="924" type="scavenge" contextid="0" timestamp="2024-07-18T15:29:03.496" intervalms="26.610" />
<gc-start id="925" type="scavenge" contextid="924" timestamp="2024-07-18T15:29:03.496">
  <mem-info id="926" free="4529344" total="26673152" percent="16">
    <mem type="nursery" free="0" total="10223616" percent="0">
      <mem type="allocate" free="0" total="9175040" percent="0" />
      <mem type="survivor" free="0" total="1048576" percent="0" />
    </mem>
    <mem type="tenure" free="4529344" total="16449536" percent="27">
      <mem type="soa" free="3706048" total="15626240" percent="23" />
      <mem type="loa" free="823296" total="823296" percent="100" />
    </mem>
    <remembered-set count="265" />
  </mem-info>
</gc-start>
<allocation-stats totalBytes="9136352" discardedBytes="1312" >
  <allocated-bytes non-tlh="40" tlh="9136312" />
  <largest-consumer threadName="Default Executor-thread-1" threadId="00000000007FF700" bytes="9136352" />
</allocation-stats>
<gc-op id="927" type="scavenge" timems="0.475" contextid="924" timestamp="2024-07-18T15:29:03.497">
  <scavenger-info tenureage="4" tenuremask="fff0" tiltratio="89" />
  <memory-copied type="nursery" objects="1163" bytes="37672" bytesdiscarded="18392" />
  <memory-copied type="tenure" objects="8" bytes="184" bytesdiscarded="0" />
  <object-monitors candidates="18" cleared="0"  />
</gc-op>
<gc-end id="928" type="scavenge" contextid="924" durationms="1.153" usertimems="0.556" systemtimems="0.203" stalltimems="0.249" timestamp="2024-07-18T15:29:03.497" activeThreads="2">
  <mem-info id="929" free="13648320" total="26673152" percent="51">
    <mem type="nursery" free="9118976" total="10223616" percent="89">
      <mem type="allocate" free="9118976" total="9175040" percent="99" />
      <mem type="survivor" free="0" total="1048576" percent="0" />
    </mem>
    <mem type="tenure" free="4529344" total="16449536" percent="27">
      <mem type="soa" free="3706048" total="15626240" percent="23" />
      <mem type="loa" free="823296" total="823296" percent="100" />
    </mem>
    <remembered-set count="251" />
  </mem-info>
</gc-end>
<cycle-end id="930" type="scavenge" contextid="924" timestamp="2024-07-18T15:29:03.497" />
<allocation-satisfied id="931" threadId="00000000007FF700" bytesRequested="16" />
<af-end id="932" timestamp="2024-07-18T15:29:03.498" threadId="0000000000800138" success="true" from="nursery"/>
<exclusive-end id="933" timestamp="2024-07-18T15:29:03.498" durationms="2.740" />

<exclusive-start id="934" timestamp="2024-07-18T15:29:03.566" intervalms="71.149">
  <response-info timems="0.039" idlems="0.039" threads="0" lastid="00000000007FF700" lastname="Default Executor-thread-1" />
</exclusive-start>
<af-start id="935" threadId="0000000000800138" totalBytesRequested="24" timestamp="2024-07-18T15:29:03.566" intervalms="71.193" type="nursery" />
<cycle-start id="936" type="scavenge" contextid="0" timestamp="2024-07-18T15:29:03.567" intervalms="71.211" />
<gc-start id="937" type="scavenge" contextid="936" timestamp="2024-07-18T15:29:03.567">
  <mem-info id="938" free="4519352" total="26673152" percent="16">
    <mem type="nursery" free="0" total="10223616" percent="0">
      <mem type="allocate" free="0" total="9175040" percent="0" />
      <mem type="survivor" free="0" total="1048576" percent="0" />
    </mem>
    <mem type="tenure" free="4519352" total="16449536" percent="27">
      <mem type="soa" free="3696056" total="15626240" percent="23" />
      <mem type="loa" free="823296" total="823296" percent="100" />
    </mem>
    <remembered-set count="2561" />
  </mem-info>
</gc-start>
<allocation-stats totalBytes="9126920" discardedBytes="2048" >
  <allocated-bytes non-tlh="10008" tlh="9116912" />
  <largest-consumer threadName="Default Executor-thread-1" threadId="00000000007FF700" bytes="9114632" />
</allocation-stats>
<gc-op id="939" type="scavenge" timems="1.991" contextid="936" timestamp="2024-07-18T15:29:03.570">
  <scavenger-info tenureage="6" tenuremask="ffc0" tiltratio="89" />
  <memory-copied type="nursery" objects="24345" bytes="740832" bytesdiscarded="35600" />
  <ownableSynchronizers candidates="4" cleared="0" />
  <references type="soft" candidates="2" cleared="0" enqueued="0" dynamicThreshold="9" maxThreshold="32" />
  <references type="weak" candidates="31" cleared="20" enqueued="20" />
  <object-monitors candidates="20" cleared="0"  />
</gc-op>
<gc-end id="940" type="scavenge" contextid="936" durationms="3.238" usertimems="3.726" systemtimems="0.000" stalltimems="0.261" timestamp="2024-07-18T15:29:03.570" activeThreads="2">
  <mem-info id="941" free="12524472" total="26673152" percent="46">
    <mem type="nursery" free="8005120" total="10223616" percent="78">
      <mem type="allocate" free="8005120" total="8781824" percent="91" />
      <mem type="survivor" free="0" total="1441792" percent="0" />
    </mem>
    <mem type="tenure" free="4519352" total="16449536" percent="27">
      <mem type="soa" free="3696056" total="15626240" percent="23" />
      <mem type="loa" free="823296" total="823296" percent="100" />
    </mem>
    <pending-finalizers system="0" default="0" reference="20" classloader="0" />
    <remembered-set count="2097" />
  </mem-info>
</gc-end>
<cycle-end id="942" type="scavenge" contextid="936" timestamp="2024-07-18T15:29:03.571" />
<allocation-satisfied id="943" threadId="00000000007FF700" bytesRequested="24" />
<af-end id="944" timestamp="2024-07-18T15:29:03.572" threadId="0000000000800138" success="true" from="nursery"/>
<exclusive-end id="945" timestamp="2024-07-18T15:29:03.572" durationms="5.823" />

<exclusive-start id="946" timestamp="2024-07-18T15:29:03.761" intervalms="195.295">
  <response-info timems="0.053" idlems="0.053" threads="0" lastid="00000000007FF700" lastname="Default Executor-thread-1" />
</exclusive-start>
<af-start id="947" threadId="0000000000800138" totalBytesRequested="21496" timestamp="2024-07-18T15:29:03.762" intervalms="195.357" type="nursery" />
<cycle-start id="948" type="scavenge" contextid="0" timestamp="2024-07-18T15:29:03.762" intervalms="195.434" />
<gc-start id="949" type="scavenge" contextid="948" timestamp="2024-07-18T15:29:03.763">
  <mem-info id="950" free="4518472" total="26673152" percent="16">
    <mem type="nursery" free="0" total="10223616" percent="0">
      <mem type="allocate" free="0" total="8781824" percent="0" />
      <mem type="survivor" free="0" total="1441792" percent="0" />
    </mem>
    <mem type="tenure" free="4518472" total="16449536" percent="27">
      <mem type="soa" free="3695176" total="15626240" percent="23" />
      <mem type="loa" free="823296" total="823296" percent="100" />
    </mem>
    <remembered-set count="2447" />
  </mem-info>
</gc-start>
<allocation-stats totalBytes="7955864" discardedBytes="50136" >
  <allocated-bytes non-tlh="656024" tlh="7299840" />
  <largest-consumer threadName="Default Executor-thread-1" threadId="00000000007FF700" bytes="7914880" />
</allocation-stats>
<gc-op id="951" type="scavenge" timems="4.249" contextid="948" timestamp="2024-07-18T15:29:03.767">
  <scavenger-info tenureage="4" tenuremask="ffd0" tiltratio="85" />
  <memory-copied type="nursery" objects="32372" bytes="1439840" bytesdiscarded="1048" />
  <memory-copied type="tenure" objects="4434" bytes="132632" bytesdiscarded="112" />
  <copy-failed type="nursery" objects="4340" bytes="130088" />
  <ownableSynchronizers candidates="84" cleared="48" />
  <references type="weak" candidates="14" cleared="1" enqueued="1" />
  <references type="phantom" candidates="51" cleared="0" enqueued="0" />
  <object-monitors candidates="20" cleared="0"  />
</gc-op>
<gc-end id="952" type="scavenge" contextid="948" durationms="5.106" usertimems="6.348" systemtimems="2.262" stalltimems="0.364" timestamp="2024-07-18T15:29:03.768" activeThreads="2">
  <mem-info id="953" free="10340472" total="26673152" percent="38">
    <mem type="nursery" free="5963776" total="10223616" percent="58">
      <mem type="allocate" free="5963776" total="7405568" percent="80" />
      <mem type="survivor" free="0" total="2818048" percent="0" />
    </mem>
    <mem type="tenure" free="4376696" total="16449536" percent="26">
      <mem type="soa" free="3553400" total="15626240" percent="22" />
      <mem type="loa" free="823296" total="823296" percent="100" />
    </mem>
    <pending-finalizers system="0" default="0" reference="1" classloader="0" />
    <remembered-set count="2447" />
  </mem-info>
</gc-end>
<cycle-end id="954" type="scavenge" contextid="948" timestamp="2024-07-18T15:29:03.768" />
<allocation-satisfied id="955" threadId="00000000007FF700" bytesRequested="21496" />
<af-end id="956" timestamp="2024-07-18T15:29:03.769" threadId="0000000000800138" success="true" from="nursery"/>
<exclusive-end id="957" timestamp="2024-07-18T15:29:03.769" durationms="7.450" />

<exclusive-start id="958" timestamp="2024-07-18T15:29:03.834" intervalms="72.605">
  <response-info timems="0.043" idlems="0.043" threads="0" lastid="00000000007FF700" lastname="Default Executor-thread-1" />
</exclusive-start>
<af-start id="959" threadId="0000000000800138" totalBytesRequested="16392" timestamp="2024-07-18T15:29:03.834" intervalms="72.452" type="nursery" />
<cycle-start id="960" type="scavenge" contextid="0" timestamp="2024-07-18T15:29:03.835" intervalms="72.432" />
<gc-start id="961" type="scavenge" contextid="960" timestamp="2024-07-18T15:29:03.835">
  <mem-info id="962" free="4376208" total="26673152" percent="16">
    <mem type="nursery" free="0" total="10223616" percent="0">
      <mem type="allocate" free="0" total="7405568" percent="0" />
      <mem type="survivor" free="0" total="2818048" percent="0" />
    </mem>
    <mem type="tenure" free="4376208" total="16449536" percent="26">
      <mem type="soa" free="3552912" total="15626240" percent="22" />
      <mem type="loa" free="823296" total="823296" percent="100" />
    </mem>
    <remembered-set count="2664" />
  </mem-info>
</gc-start>
<allocation-stats totalBytes="5937984" discardedBytes="26280" >
  <allocated-bytes non-tlh="104528" tlh="5833456" />
  <largest-consumer threadName="Default Executor-thread-1" threadId="00000000007FF700" bytes="5864288" />
</allocation-stats>
<gc-op id="963" type="scavenge" timems="3.932" contextid="960" timestamp="2024-07-18T15:29:03.839">
  <scavenger-info tenureage="3" tenuremask="ffd8" tiltratio="72" />
  <memory-copied type="nursery" objects="47202" bytes="2416480" bytesdiscarded="139032" />
  <memory-copied type="tenure" objects="323" bytes="10432" bytesdiscarded="0" />
  <ownableSynchronizers candidates="186" cleared="90" />
  <references type="weak" candidates="15" cleared="0" enqueued="0" />
  <references type="phantom" candidates="143" cleared="0" enqueued="0" />
  <object-monitors candidates="20" cleared="0"  />
</gc-op>
<heap-resize id="964" type="expand" space="nursery" amount="524288" count="1" timems="0.093" reason="excessive time being spent scavenging" timestamp="2024-07-18T15:29:03.840" />
<gc-end id="965" type="scavenge" contextid="960" durationms="5.225" usertimems="10.909" systemtimems="0.000" stalltimems="1.055" timestamp="2024-07-18T15:29:03.840" activeThreads="3">
  <mem-info id="966" free="8746976" total="27197440" percent="32">
    <mem type="nursery" free="4389456" total="10747904" percent="40">
      <mem type="allocate" free="4389456" total="6946816" percent="63" />
      <mem type="survivor" free="0" total="3801088" percent="0" />
    </mem>
    <mem type="tenure" free="4357520" total="16449536" percent="26">
      <mem type="soa" free="3534224" total="15626240" percent="22" />
      <mem type="loa" free="823296" total="823296" percent="100" />
    </mem>
    <remembered-set count="2393" />
  </mem-info>
</gc-end>
<cycle-end id="967" type="scavenge" contextid="960" timestamp="2024-07-18T15:29:03.840" />
<allocation-satisfied id="968" threadId="00000000007FF700" bytesRequested="16392" />
<af-end id="969" timestamp="2024-07-18T15:29:03.841" threadId="0000000000800138" success="true" from="nursery"/>
<exclusive-end id="970" timestamp="2024-07-18T15:29:03.841" durationms="7.365" />

<exclusive-start id="971" timestamp="2024-07-18T15:29:03.870" intervalms="36.075">
  <response-info timems="0.039" idlems="0.039" threads="0" lastid="00000000007FF700" lastname="Default Executor-thread-1" />
</exclusive-start>
<af-start id="972" threadId="0000000000800138" totalBytesRequested="32" timestamp="2024-07-18T15:29:03.870" intervalms="36.090" type="nursery" />
<cycle-start id="973" type="scavenge" contextid="0" timestamp="2024-07-18T15:29:03.871" intervalms="36.225" />
<gc-start id="974" type="scavenge" contextid="973" timestamp="2024-07-18T15:29:03.871">
  <mem-info id="975" free="4357080" total="27197440" percent="16">
    <mem type="nursery" free="0" total="10747904" percent="0">
      <mem type="allocate" free="0" total="6946816" percent="0" />
      <mem type="survivor" free="0" total="3801088" percent="0" />
    </mem>
    <mem type="tenure" free="4357080" total="16449536" percent="26">
      <mem type="soa" free="3533784" total="15626240" percent="22" />
      <mem type="loa" free="823296" total="823296" percent="100" />
    </mem>
    <remembered-set count="2487" />
  </mem-info>
</gc-start>
<allocation-stats totalBytes="4388936" discardedBytes="960" >
  <allocated-bytes non-tlh="168912" tlh="4220024" />
  <largest-consumer threadName="Default Executor-thread-1" threadId="00000000007FF700" bytes="4352080" />
</allocation-stats>
<gc-op id="976" type="scavenge" timems="4.012" contextid="973" timestamp="2024-07-18T15:29:03.876">
  <scavenger-info tenureage="2" tenuremask="ff4c" tiltratio="64" />
  <memory-copied type="nursery" objects="26503" bytes="1747712" bytesdiscarded="184584" />
  <memory-copied type="tenure" objects="32001" bytes="1424600" bytesdiscarded="248" />
  <ownableSynchronizers candidates="156" cleared="36" />
  <references type="weak" candidates="1" cleared="0" enqueued="0" />
  <references type="phantom" candidates="129" cleared="0" enqueued="0" />
  <object-monitors candidates="20" cleared="0"  />
</gc-op>
<heap-resize id="977" type="expand" space="nursery" amount="655360" count="1" timems="0.039" reason="excessive time being spent scavenging" timestamp="2024-07-18T15:29:03.876" />
<gc-end id="978" type="scavenge" contextid="973" durationms="4.944" usertimems="10.122" systemtimems="3.587" stalltimems="2.662" timestamp="2024-07-18T15:29:03.876" activeThreads="4">
  <mem-info id="979" free="8601224" total="27852800" percent="30">
    <mem type="nursery" free="5733712" total="11403264" percent="50">
      <mem type="allocate" free="5733712" total="7667712" percent="74" />
      <mem type="survivor" free="0" total="3735552" percent="0" />
    </mem>
    <mem type="tenure" free="2867512" total="16449536" percent="17">
      <mem type="soa" free="2044216" total="15626240" percent="13" />
      <mem type="loa" free="823296" total="823296" percent="100" />
    </mem>
    <remembered-set count="550" />
  </mem-info>
</gc-end>
<cycle-end id="980" type="scavenge" contextid="973" timestamp="2024-07-18T15:29:03.876" />
<allocation-satisfied id="981" threadId="00000000007FF700" bytesRequested="32" />
<af-end id="982" timestamp="2024-07-18T15:29:03.877" threadId="0000000000800138" success="true" from="nursery"/>
<exclusive-end id="983" timestamp="2024-07-18T15:29:03.877" durationms="6.624" />

<exclusive-start id="984" timestamp="2024-07-18T15:29:03.943" intervalms="73.209">
  <response-info timems="0.040" idlems="0.040" threads="0" lastid="00000000007FF700" lastname="Default Executor-thread-1" />
</exclusive-start>
<af-start id="985" threadId="0000000000800138" totalBytesRequested="40" timestamp="2024-07-18T15:29:03.944" intervalms="73.239" type="nursery" />
<cycle-start id="986" type="scavenge" contextid="0" timestamp="2024-07-18T15:29:03.944" intervalms="73.069" />
<gc-start id="987" type="scavenge" contextid="986" timestamp="2024-07-18T15:29:03.944">
  <mem-info id="988" free="2867352" total="27852800" percent="10">
    <mem type="nursery" free="0" total="11403264" percent="0">
      <mem type="allocate" free="0" total="7667712" percent="0" />
      <mem type="survivor" free="0" total="3735552" percent="0" />
    </mem>
    <mem type="tenure" free="2867352" total="16449536" percent="17">
      <mem type="soa" free="2044056" total="15626240" percent="13" />
      <mem type="loa" free="823296" total="823296" percent="100" />
    </mem>
    <remembered-set count="944" />
  </mem-info>
</gc-start>
<allocation-stats totalBytes="5731712" discardedBytes="2160" >
  <allocated-bytes non-tlh="336952" tlh="5394760" />
  <largest-consumer threadName="Default Executor-thread-1" threadId="00000000007FF700" bytes="5678488" />
</allocation-stats>
<gc-op id="989" type="scavenge" timems="1.757" contextid="986" timestamp="2024-07-18T15:29:03.946">
  <scavenger-info tenureage="5" tenuremask="ffe0" tiltratio="67" />
  <memory-copied type="nursery" objects="36431" bytes="2799944" bytesdiscarded="82576" />
  <ownableSynchronizers candidates="176" cleared="54" />
  <references type="weak" candidates="2" cleared="0" enqueued="0" />
  <references type="phantom" candidates="183" cleared="0" enqueued="0" />
  <object-monitors candidates="21" cleared="0"  />
</gc-op>
<gc-end id="990" type="scavenge" contextid="986" durationms="2.592" usertimems="3.824" systemtimems="1.358" stalltimems="3.226" timestamp="2024-07-18T15:29:03.947" activeThreads="5">
  <mem-info id="991" free="7060288" total="27852800" percent="25">
    <mem type="nursery" free="4192936" total="11403264" percent="36">
      <mem type="allocate" free="4192936" total="7077888" percent="59" />
      <mem type="survivor" free="0" total="4325376" percent="0" />
    </mem>
    <mem type="tenure" free="2867352" total="16449536" percent="17">
      <mem type="soa" free="2044056" total="15626240" percent="13" />
      <mem type="loa" free="823296" total="823296" percent="100" />
    </mem>
    <remembered-set count="615" />
  </mem-info>
</gc-end>
<cycle-end id="992" type="scavenge" contextid="986" timestamp="2024-07-18T15:29:03.947" />
<allocation-satisfied id="993" threadId="00000000007FF700" bytesRequested="40" />
<af-end id="994" timestamp="2024-07-18T15:29:03.948" threadId="0000000000800138" success="true" from="nursery"/>
<exclusive-end id="995" timestamp="2024-07-18T15:29:03.948" durationms="4.933" />

<exclusive-start id="996" timestamp="2024-07-18T15:29:03.968" intervalms="24.938">
  <response-info timems="0.037" idlems="0.037" threads="0" lastid="00000000007FF700" lastname="Default Executor-thread-1" />
</exclusive-start>
<af-start id="997" threadId="0000000000800138" totalBytesRequested="24" timestamp="2024-07-18T15:29:03.969" intervalms="24.982" type="nursery" />
<cycle-start id="998" type="scavenge" contextid="0" timestamp="2024-07-18T15:29:03.969" intervalms="25.141" />
<gc-start id="999" type="scavenge" contextid="998" timestamp="2024-07-18T15:29:03.969">
  <mem-info id="1000" free="2867256" total="27852800" percent="10">
    <mem type="nursery" free="0" total="11403264" percent="0">
      <mem type="allocate" free="0" total="7077888" percent="0" />
      <mem type="survivor" free="0" total="4325376" percent="0" />
    </mem>
    <mem type="tenure" free="2867256" total="16449536" percent="17">
      <mem type="soa" free="2043960" total="15626240" percent="13" />
      <mem type="loa" free="823296" total="823296" percent="100" />
    </mem>
    <remembered-set count="824" />
  </mem-info>
</gc-start>
<allocation-stats totalBytes="4191760" discardedBytes="1272" >
  <allocated-bytes non-tlh="136" tlh="4191624" />
  <largest-consumer threadName="Default Executor-thread-1" threadId="00000000007FF700" bytes="4159000" />
</allocation-stats>
<gc-op id="1001" type="scavenge" timems="1.997" contextid="998" timestamp="2024-07-18T15:29:03.972">
  <scavenger-info tenureage="3" tenuremask="fff8" tiltratio="62" />
  <memory-copied type="nursery" objects="31100" bytes="2367432" bytesdiscarded="151336" />
  <memory-copied type="tenure" objects="15167" bytes="974520" bytesdiscarded="632" />
  <ownableSynchronizers candidates="197" cleared="45" />
  <references type="weak" candidates="2" cleared="0" enqueued="0" />
  <references type="phantom" candidates="135" cleared="0" enqueued="0" />
  <object-monitors candidates="21" cleared="0"  />
</gc-op>
<heap-resize id="1002" type="expand" space="nursery" amount="655360" count="1" timems="0.050" reason="excessive time being spent scavenging" timestamp="2024-07-18T15:29:03.972" />
<gc-end id="1003" type="scavenge" contextid="998" durationms="3.405" usertimems="4.652" systemtimems="1.647" stalltimems="3.488" timestamp="2024-07-18T15:29:03.973" activeThreads="5">
  <mem-info id="1004" free="6803528" total="28508160" percent="23">
    <mem type="nursery" free="5212672" total="12058624" percent="43">
      <mem type="allocate" free="5212672" total="7733248" percent="67" />
      <mem type="survivor" free="0" total="4325376" percent="0" />
    </mem>
    <mem type="tenure" free="1590856" total="16449536" percent="9">
      <mem type="soa" free="767560" total="15626240" percent="4" />
      <mem type="loa" free="823296" total="823296" percent="100" />
    </mem>
    <remembered-set count="660" />
  </mem-info>
</gc-end>
<cycle-end id="1005" type="scavenge" contextid="998" timestamp="2024-07-18T15:29:03.973" />
<allocation-satisfied id="1006" threadId="00000000007FF700" bytesRequested="24" />
<af-end id="1007" timestamp="2024-07-18T15:29:03.974" threadId="0000000000800138" success="true" from="nursery"/>
<exclusive-end id="1008" timestamp="2024-07-18T15:29:03.974" durationms="5.634" />

<concurrent-kickoff id="1009" timestamp="2024-07-18T15:29:03.998">
  <kickoff reason="threshold reached" targetBytes="6309091" thresholdFreeBytes="874663"  remainingFree="756472" tenureFreeBytes="1590600" nurseryFreeBytes="756472" />
</concurrent-kickoff>
<exclusive-start id="1010" timestamp="2024-07-18T15:29:03.999" intervalms="30.822">
  <response-info timems="0.035" idlems="0.035" threads="0" lastid="00000000007FF700" lastname="Default Executor-thread-1" />
</exclusive-start>
<cycle-start id="1011" type="global" contextid="0" timestamp="2024-07-18T15:29:03.999" intervalms="785.099" />
<concurrent-start id="1012" type="global mark" contextid="1011" timestamp="2024-07-18T15:29:04.000">
</concurrent-start>
<exclusive-end id="1013" timestamp="2024-07-18T15:29:04.000" durationms="1.105" />

<concurrent-end id="1014" type="global mark" contextid="1011" timestamp="2024-07-18T15:29:04.011">
<gc-op id="1015" type="trace" timems="11.371" contextid="1011" timestamp="2024-07-18T15:29:04.011">
  <trace bytesTraced="7925440" workStackOverflowCount="0" />
  <card-cleaning reason="card cleaning threshold reached" bytesTraced="3844" cardsCleaned="11" />
</gc-op>
</concurrent-end>

<exclusive-start id="1016" timestamp="2024-07-18T15:29:04.012" intervalms="13.004">
  <response-info timems="0.038" idlems="0.038" threads="0" lastid="00000000007FF700" lastname="Default Executor-thread-1" />
</exclusive-start>
<concurrent-global-final id="1017" timestamp="2024-07-18T15:29:04.012" contextid="1011" intervalms="780.408" >
  <concurrent-trace-info reason="card cleaning threshold reached" tracedByMutators="2898980" tracedByHelpers="5030304" cardsCleaned="11" workStackOverflowCount="0" />
</concurrent-global-final>
<gc-start id="1018" type="global" contextid="1011" timestamp="2024-07-18T15:29:04.013">
  <mem-info id="1019" free="1590600" total="28508160" percent="5">
    <mem type="nursery" free="0" total="12058624" percent="0">
      <mem type="allocate" free="0" total="7733248" percent="0" />
      <mem type="survivor" free="0" total="4325376" percent="0" />
    </mem>
    <mem type="tenure" free="1590600" total="16449536" percent="9">
      <mem type="soa" free="767304" total="15626240" percent="4" />
      <mem type="loa" free="823296" total="823296" percent="100" />
    </mem>
    <remembered-set count="1054" />
  </mem-info>
</gc-start>
<allocation-stats totalBytes="5211448" discardedBytes="1480" >
  <allocated-bytes non-tlh="131104" tlh="5080344" />
  <largest-consumer threadName="Default Executor-thread-1" threadId="00000000007FF700" bytes="5121312" />
</allocation-stats>
<gc-op id="1020" type="rs-scan" timems="1.686" contextid="1011" timestamp="2024-07-18T15:29:04.015">
  <scan objectsFound="41011" bytesTraced="1208388" workStackOverflowCount="0" />
</gc-op>
<gc-op id="1021" type="card-cleaning" timems="0.769" contextid="1011" timestamp="2024-07-18T15:29:04.016">
  <card-cleaning cardsCleaned="8" bytesTraced="4060" workStackOverflowCount="0" />
</gc-op>
<gc-op id="1022" type="mark" timems="3.344" contextid="1011" timestamp="2024-07-18T15:29:04.020">
  <trace-info objectcount="3114" scancount="2484" scanbytes="69632" />
  <finalization candidates="691" enqueued="0" />
  <ownableSynchronizers candidates="933" cleared="89" />
  <references type="soft" candidates="5264" cleared="0" enqueued="0" dynamicThreshold="9" maxThreshold="32" />
  <references type="weak" candidates="1269" cleared="9" enqueued="9" />
  <references type="phantom" candidates="351" cleared="0" enqueued="0" />
  <stringconstants candidates="12564" cleared="1"  />
  <object-monitors candidates="23" cleared="0"  />
</gc-op>
<gc-op id="1023" type="sweep" timems="1.271" contextid="1011" timestamp="2024-07-18T15:29:04.022" />
<heap-resize id="1024" type="expand" space="tenure" amount="3014656" count="1" timems="0.066" reason="insufficient free space following gc" timestamp="2024-07-18T15:29:04.022" />
<gc-end id="1025" type="global" contextid="1011" durationms="9.048" usertimems="7.308" systemtimems="12.701" stalltimems="40.505" timestamp="2024-07-18T15:29:04.022" activeThreads="12">
  <mem-info id="1026" free="9621064" total="31522816" percent="30">
    <mem type="nursery" free="3775760" total="12058624" percent="31">
      <mem type="allocate" free="3775760" total="7733248" percent="48" />
      <mem type="survivor" free="0" total="4325376" percent="0" />
    </mem>
    <mem type="tenure" free="5845304" total="19464192" percent="30" micro-fragmented="218928" macro-fragmented="0">
      <mem type="soa" free="4871480" total="18490368" percent="26" />
      <mem type="loa" free="973824" total="973824" percent="100" />
    </mem>
    <pending-finalizers system="0" default="0" reference="9" classloader="0" />
    <remembered-set count="900" />
  </mem-info>
</gc-end>
<cycle-end id="1027" type="global" contextid="1011" timestamp="2024-07-18T15:29:04.022" />
<exclusive-end id="1028" timestamp="2024-07-18T15:29:04.022" durationms="10.171" />

<exclusive-start id="1029" timestamp="2024-07-18T15:29:04.042" intervalms="29.535">
  <response-info timems="0.036" idlems="0.036" threads="0" lastid="00000000007FF700" lastname="Default Executor-thread-1" />
</exclusive-start>
<af-start id="1030" threadId="0000000000800138" totalBytesRequested="24" timestamp="2024-07-18T15:29:04.042" intervalms="73.459" type="nursery" />
<cycle-start id="1031" type="scavenge" contextid="0" timestamp="2024-07-18T15:29:04.042" intervalms="73.448" />
<gc-start id="1032" type="scavenge" contextid="1031" timestamp="2024-07-18T15:29:04.043">
  <mem-info id="1033" free="5845240" total="31522816" percent="18">
    <mem type="nursery" free="0" total="12058624" percent="0">
      <mem type="allocate" free="0" total="7733248" percent="0" />
      <mem type="survivor" free="0" total="4325376" percent="0" />
    </mem>
    <mem type="tenure" free="5845240" total="19464192" percent="30">
      <mem type="soa" free="4871416" total="18490368" percent="26" />
      <mem type="loa" free="973824" total="973824" percent="100" />
    </mem>
    <remembered-set count="1191" />
  </mem-info>
</gc-start>
<allocation-stats totalBytes="3722824" discardedBytes="47648" >
  <allocated-bytes non-tlh="719504" tlh="3003320" />
  <largest-consumer threadName="Default Executor-thread-1" threadId="00000000007FF700" bytes="3632400" />
</allocation-stats>
<gc-op id="1034" type="scavenge" timems="2.185" contextid="1031" timestamp="2024-07-18T15:29:04.046">
  <scavenger-info tenureage="3" tenuremask="ffe8" tiltratio="64" />
  <memory-copied type="nursery" objects="46304" bytes="3212248" bytesdiscarded="119520" />
  <memory-copied type="tenure" objects="8440" bytes="678304" bytesdiscarded="6704" />
  <ownableSynchronizers candidates="1813" cleared="1610" />
  <references type="weak" candidates="4" cleared="0" enqueued="0" />
  <references type="phantom" candidates="261" cleared="0" enqueued="0" />
  <object-monitors candidates="23" cleared="0"  />
</gc-op>
<gc-end id="1035" type="scavenge" contextid="1031" durationms="3.242" usertimems="5.178" systemtimems="1.865" stalltimems="3.391" timestamp="2024-07-18T15:29:04.046" activeThreads="5">
  <mem-info id="1036" free="9173880" total="31522816" percent="29">
    <mem type="nursery" free="4135800" total="12058624" percent="34">
      <mem type="allocate" free="4135800" total="7471104" percent="55" />
      <mem type="survivor" free="0" total="4587520" percent="0" />
    </mem>
    <mem type="tenure" free="5038080" total="19464192" percent="25">
      <mem type="soa" free="4064256" total="18490368" percent="21" />
      <mem type="loa" free="973824" total="973824" percent="100" />
    </mem>
    <remembered-set count="906" />
  </mem-info>
</gc-end>
<cycle-end id="1037" type="scavenge" contextid="1031" timestamp="2024-07-18T15:29:04.046" />
<allocation-satisfied id="1038" threadId="00000000007FF700" bytesRequested="24" />
<af-end id="1039" timestamp="2024-07-18T15:29:04.047" threadId="0000000000800138" success="true" from="nursery"/>
<exclusive-end id="1040" timestamp="2024-07-18T15:29:04.047" durationms="5.829" />

<exclusive-start id="1041" timestamp="2024-07-18T15:29:04.091" intervalms="49.336">
  <response-info timems="0.042" idlems="0.042" threads="0" lastid="00000000007FF700" lastname="Default Executor-thread-1" />
</exclusive-start>
<af-start id="1042" threadId="0000000000800138" totalBytesRequested="520" timestamp="2024-07-18T15:29:04.091" intervalms="49.108" type="nursery" />
<cycle-start id="1043" type="scavenge" contextid="0" timestamp="2024-07-18T15:29:04.091" intervalms="48.921" />
<gc-start id="1044" type="scavenge" contextid="1043" timestamp="2024-07-18T15:29:04.092">
  <mem-info id="1045" free="5037808" total="31522816" percent="15">
    <mem type="nursery" free="0" total="12058624" percent="0">
      <mem type="allocate" free="0" total="7471104" percent="0" />
      <mem type="survivor" free="0" total="4587520" percent="0" />
    </mem>
    <mem type="tenure" free="5037808" total="19464192" percent="25">
      <mem type="soa" free="4063984" total="18490368" percent="21" />
      <mem type="loa" free="973824" total="973824" percent="100" />
    </mem>
    <remembered-set count="1101" />
  </mem-info>
</gc-start>
<allocation-stats totalBytes="4133928" discardedBytes="2144" >
  <allocated-bytes non-tlh="296" tlh="4133632" />
  <largest-consumer threadName="Default Executor-thread-1" threadId="00000000007FF700" bytes="4068520" />
</allocation-stats>
<gc-op id="1046" type="scavenge" timems="2.351" contextid="1043" timestamp="2024-07-18T15:29:04.094">
  <scavenger-info tenureage="3" tenuremask="ffe8" tiltratio="61" />
  <memory-copied type="nursery" objects="42463" bytes="2692464" bytesdiscarded="242872" />
  <memory-copied type="tenure" objects="11865" bytes="1072912" bytesdiscarded="1456" />
  <ownableSynchronizers candidates="267" cleared="54" />
  <references type="weak" candidates="2" cleared="0" enqueued="0" />
  <references type="phantom" candidates="261" cleared="0" enqueued="0" />
  <object-monitors candidates="23" cleared="0"  />
</gc-op>
<gc-end id="1047" type="scavenge" contextid="1043" durationms="3.044" usertimems="6.173" systemtimems="2.229" stalltimems="3.006" timestamp="2024-07-18T15:29:04.095" activeThreads="5">
  <mem-info id="1048" free="8295464" total="31522816" percent="26">
    <mem type="nursery" free="4663352" total="12058624" percent="38">
      <mem type="allocate" free="4663352" total="7602176" percent="61" />
      <mem type="survivor" free="0" total="4456448" percent="0" />
    </mem>
    <mem type="tenure" free="3632112" total="19464192" percent="18">
      <mem type="soa" free="2658288" total="18490368" percent="14" />
      <mem type="loa" free="973824" total="973824" percent="100" />
    </mem>
    <remembered-set count="889" />
  </mem-info>
</gc-end>
<cycle-end id="1049" type="scavenge" contextid="1043" timestamp="2024-07-18T15:29:04.095" />
<allocation-satisfied id="1050" threadId="00000000007FF700" bytesRequested="520" />
<af-end id="1051" timestamp="2024-07-18T15:29:04.095" threadId="0000000000800138" success="true" from="nursery"/>
<exclusive-end id="1052" timestamp="2024-07-18T15:29:04.096" durationms="4.560" />

<exclusive-start id="1053" timestamp="2024-07-18T15:29:04.143" intervalms="52.039">
  <response-info timems="0.041" idlems="0.041" threads="0" lastid="00000000007FF700" lastname="Default Executor-thread-1" />
</exclusive-start>
<af-start id="1054" threadId="0000000000800138" totalBytesRequested="16392" timestamp="2024-07-18T15:29:04.143" intervalms="52.266" type="nursery" />
<cycle-start id="1055" type="scavenge" contextid="0" timestamp="2024-07-18T15:29:04.144" intervalms="52.461" />
<gc-start id="1056" type="scavenge" contextid="1055" timestamp="2024-07-18T15:29:04.144">
  <mem-info id="1057" free="3631928" total="31522816" percent="11">
    <mem type="nursery" free="0" total="12058624" percent="0">
      <mem type="allocate" free="0" total="7602176" percent="0" />
      <mem type="survivor" free="0" total="4456448" percent="0" />
    </mem>
    <mem type="tenure" free="3631928" total="19464192" percent="18">
      <mem type="soa" free="2658104" total="18490368" percent="14" />
      <mem type="loa" free="973824" total="973824" percent="100" />
    </mem>
    <remembered-set count="1486" />
  </mem-info>
</gc-start>
<allocation-stats totalBytes="4652928" discardedBytes="10608" >
  <allocated-bytes non-tlh="169240" tlh="4483688" />
  <largest-consumer threadName="Default Executor-thread-1" threadId="00000000007FF700" bytes="4603776" />
</allocation-stats>
<gc-op id="1058" type="scavenge" timems="7.546" contextid="1055" timestamp="2024-07-18T15:29:04.153">
  <scavenger-info tenureage="2" tenuremask="ffec" tiltratio="63" />
  <memory-copied type="nursery" objects="18093" bytes="1336632" bytesdiscarded="277576" />
  <memory-copied type="tenure" objects="34182" bytes="2082400" bytesdiscarded="4008" />
  <ownableSynchronizers candidates="254" cleared="45" />
  <references type="weak" candidates="2" cleared="0" enqueued="0" />
  <references type="phantom" candidates="100" cleared="0" enqueued="0" />
  <object-monitors candidates="23" cleared="0"  />
</gc-op>
<heap-resize id="1059" type="expand" space="nursery" amount="1048576" count="1" timems="0.047" reason="excessive time being spent scavenging" timestamp="2024-07-18T15:29:04.153" />
<gc-end id="1060" type="scavenge" contextid="1055" durationms="9.086" usertimems="6.715" systemtimems="8.913" stalltimems="22.535" timestamp="2024-07-18T15:29:04.153" activeThreads="5">
  <mem-info id="1061" free="8390640" total="32571392" percent="25">
    <mem type="nursery" free="6904152" total="13107200" percent="52">
      <mem type="allocate" free="6904152" total="8519680" percent="81" />
      <mem type="survivor" free="0" total="4587520" percent="0" />
    </mem>
    <mem type="tenure" free="1486488" total="19464192" percent="7">
      <mem type="soa" free="512664" total="18490368" percent="2" />
      <mem type="loa" free="973824" total="973824" percent="100" />
    </mem>
    <remembered-set count="525" />
  </mem-info>
</gc-end>
<cycle-end id="1062" type="scavenge" contextid="1055" timestamp="2024-07-18T15:29:04.154" />
<allocation-satisfied id="1063" threadId="00000000007FF700" bytesRequested="16392" />
<af-end id="1064" timestamp="2024-07-18T15:29:04.154" threadId="0000000000800138" success="true" from="nursery"/>
<exclusive-end id="1065" timestamp="2024-07-18T15:29:04.155" durationms="11.702" />

<concurrent-kickoff id="1066" timestamp="2024-07-18T15:29:04.231">
  <kickoff reason="threshold reached" targetBytes="7829749" thresholdFreeBytes="1085076"  remainingFree="1005912" tenureFreeBytes="1485376" nurseryFreeBytes="1005912" />
</concurrent-kickoff>
<exclusive-start id="1067" timestamp="2024-07-18T15:29:04.232" intervalms="89.453">
  <response-info timems="0.029" idlems="0.029" threads="0" lastid="00000000007FF700" lastname="Default Executor-thread-1" />
</exclusive-start>
<cycle-start id="1068" type="global" contextid="0" timestamp="2024-07-18T15:29:04.233" intervalms="233.221" />
<concurrent-start id="1069" type="global mark" contextid="1068" timestamp="2024-07-18T15:29:04.233">
</concurrent-start>
<exclusive-end id="1070" timestamp="2024-07-18T15:29:04.233" durationms="0.751" />

<concurrent-end id="1071" type="global mark" contextid="1068" timestamp="2024-07-18T15:29:04.264">
<gc-op id="1072" type="trace" timems="30.600" contextid="1068" timestamp="2024-07-18T15:29:04.264">
  <trace bytesTraced="9000624" workStackOverflowCount="0" />
  <card-cleaning reason="card cleaning threshold reached" bytesTraced="2236" cardsCleaned="7" />
</gc-op>
</concurrent-end>

<exclusive-start id="1073" timestamp="2024-07-18T15:29:04.264" intervalms="31.762">
  <response-info timems="0.035" idlems="0.035" threads="0" lastid="00000000007FF700" lastname="Default Executor-thread-1" />
</exclusive-start>
<concurrent-global-final id="1074" timestamp="2024-07-18T15:29:04.264" contextid="1068" intervalms="251.992" >
  <concurrent-trace-info reason="card cleaning threshold reached" tracedByMutators="683320" tracedByHelpers="8319540" cardsCleaned="7" workStackOverflowCount="0" />
</concurrent-global-final>
<gc-start id="1075" type="global" contextid="1068" timestamp="2024-07-18T15:29:04.265">
  <mem-info id="1076" free="1652832" total="32571392" percent="5">
    <mem type="nursery" free="167576" total="13107200" percent="1">
      <mem type="allocate" free="167576" total="8519680" percent="1" />
      <mem type="survivor" free="0" total="4587520" percent="0" />
    </mem>
    <mem type="tenure" free="1485256" total="19464192" percent="7">
      <mem type="soa" free="511432" total="18490368" percent="2" />
      <mem type="loa" free="973824" total="973824" percent="100" />
    </mem>
    <remembered-set count="858" />
  </mem-info>
</gc-start>
<allocation-stats totalBytes="6704024" discardedBytes="33784" >
  <allocated-bytes non-tlh="200600" tlh="6503424" />
  <largest-consumer threadName="Default Executor-thread-1" threadId="00000000007FF700" bytes="6663112" />
</allocation-stats>
<gc-op id="1077" type="rs-scan" timems="2.199" contextid="1068" timestamp="2024-07-18T15:29:04.268">
  <scan objectsFound="35259" bytesTraced="1040612" workStackOverflowCount="0" />
</gc-op>
<gc-op id="1078" type="card-cleaning" timems="0.896" contextid="1068" timestamp="2024-07-18T15:29:04.269">
  <card-cleaning cardsCleaned="4" bytesTraced="3556" workStackOverflowCount="0" />
</gc-op>
<gc-op id="1079" type="mark" timems="3.943" contextid="1068" timestamp="2024-07-18T15:29:04.273">
  <trace-info objectcount="324" scancount="266" scanbytes="6212" />
  <finalization candidates="691" enqueued="0" />
  <ownableSynchronizers candidates="1048" cleared="56" />
  <references type="soft" candidates="5264" cleared="0" enqueued="0" dynamicThreshold="9" maxThreshold="32" />
  <references type="weak" candidates="1259" cleared="0" enqueued="0" />
  <references type="phantom" candidates="353" cleared="0" enqueued="0" />
  <stringconstants candidates="12598" cleared="23"  />
  <object-monitors candidates="23" cleared="0"  />
</gc-op>
<gc-op id="1080" type="sweep" timems="1.295" contextid="1068" timestamp="2024-07-18T15:29:04.275" />
<heap-resize id="1081" type="expand" space="tenure" amount="3407872" count="1" timems="0.469" reason="insufficient free space following gc" timestamp="2024-07-18T15:29:04.275" />
<gc-end id="1082" type="global" contextid="1068" durationms="10.512" usertimems="10.569" systemtimems="13.961" stalltimems="45.226" timestamp="2024-07-18T15:29:04.275" activeThreads="12">
  <mem-info id="1083" free="12904392" total="35979264" percent="35">
    <mem type="nursery" free="6014800" total="13107200" percent="45">
      <mem type="allocate" free="6014800" total="8519680" percent="70" />
      <mem type="survivor" free="0" total="4587520" percent="0" />
    </mem>
    <mem type="tenure" free="6889592" total="22872064" percent="30" micro-fragmented="206650" macro-fragmented="0">
      <mem type="soa" free="5745784" total="21728256" percent="26" />
      <mem type="loa" free="1143808" total="1143808" percent="100" />
    </mem>
    <remembered-set count="745" />
  </mem-info>
</gc-end>
<cycle-end id="1084" type="global" contextid="1068" timestamp="2024-07-18T15:29:04.276" />
<exclusive-end id="1085" timestamp="2024-07-18T15:29:04.276" durationms="11.500" />

<exclusive-start id="1086" timestamp="2024-07-18T15:29:04.296" intervalms="31.564">
  <response-info timems="0.039" idlems="0.039" threads="0" lastid="00000000007FF700" lastname="Default Executor-thread-1" />
</exclusive-start>
<af-start id="1087" threadId="0000000000800138" totalBytesRequested="178304" timestamp="2024-07-18T15:29:04.296" intervalms="152.751" type="nursery" />
<cycle-start id="1088" type="scavenge" contextid="0" timestamp="2024-07-18T15:29:04.297" intervalms="152.632" />
<gc-start id="1089" type="scavenge" contextid="1088" timestamp="2024-07-18T15:29:04.297">
  <mem-info id="1090" free="12003136" total="35979264" percent="33">
    <mem type="nursery" free="5114384" total="13107200" percent="39">
      <mem type="allocate" free="5114384" total="8519680" percent="60" />
      <mem type="survivor" free="0" total="4587520" percent="0" />
    </mem>
    <mem type="tenure" free="6888752" total="22872064" percent="30">
      <mem type="soa" free="5744944" total="21728256" percent="26" />
      <mem type="loa" free="1143808" total="1143808" percent="100" />
    </mem>
    <remembered-set count="764" />
  </mem-info>
</gc-start>
<allocation-stats totalBytes="876688" discardedBytes="20432" >
  <allocated-bytes non-tlh="627992" tlh="248696" />
  <largest-consumer threadName="Default Executor-thread-1" threadId="00000000007FF700" bytes="876688" />
</allocation-stats>
<gc-op id="1091" type="scavenge" timems="2.976" contextid="1088" timestamp="2024-07-18T15:29:04.300">
  <scavenger-info tenureage="9" tenuremask="7e00" tiltratio="65" />
  <memory-copied type="nursery" objects="28654" bytes="1932592" bytesdiscarded="51704" />
  <ownableSynchronizers candidates="1883" cleared="1782" />
  <references type="phantom" candidates="152" cleared="0" enqueued="0" />
  <object-monitors candidates="23" cleared="0"  />
</gc-op>
<gc-end id="1092" type="scavenge" contextid="1088" durationms="4.189" usertimems="0.000" systemtimems="9.851" stalltimems="4.721" timestamp="2024-07-18T15:29:04.301" activeThreads="5">
  <mem-info id="1093" free="14077464" total="35979264" percent="39">
    <mem type="nursery" free="7188712" total="13107200" percent="54">
      <mem type="allocate" free="7188712" total="9175040" percent="78" />
      <mem type="survivor" free="0" total="3932160" percent="0" />
    </mem>
    <mem type="tenure" free="6888752" total="22872064" percent="30">
      <mem type="soa" free="5744944" total="21728256" percent="26" />
      <mem type="loa" free="1143808" total="1143808" percent="100" />
    </mem>
    <remembered-set count="691" />
  </mem-info>
</gc-end>
<cycle-end id="1094" type="scavenge" contextid="1088" timestamp="2024-07-18T15:29:04.301" />
<allocation-satisfied id="1095" threadId="00000000007FF700" bytesRequested="178304" />
<af-end id="1096" timestamp="2024-07-18T15:29:04.302" threadId="0000000000800138" success="true" from="nursery"/>
<exclusive-end id="1097" timestamp="2024-07-18T15:29:04.302" durationms="6.726" />

<exclusive-start id="1098" timestamp="2024-07-18T15:29:04.363" intervalms="67.553">
  <response-info timems="0.039" idlems="0.039" threads="0" lastid="00000000007FF700" lastname="Default Executor-thread-1" />
</exclusive-start>
<af-start id="1099" threadId="0000000000800138" totalBytesRequested="24" timestamp="2024-07-18T15:29:04.364" intervalms="67.565" type="nursery" />
<cycle-start id="1100" type="scavenge" contextid="0" timestamp="2024-07-18T15:29:04.364" intervalms="67.634" />
<gc-start id="1101" type="scavenge" contextid="1100" timestamp="2024-07-18T15:29:04.365">
  <mem-info id="1102" free="6887336" total="35979264" percent="19">
    <mem type="nursery" free="0" total="13107200" percent="0">
      <mem type="allocate" free="0" total="9175040" percent="0" />
      <mem type="survivor" free="0" total="3932160" percent="0" />
    </mem>
    <mem type="tenure" free="6887336" total="22872064" percent="30">
      <mem type="soa" free="5743528" total="21728256" percent="26" />
      <mem type="loa" free="1143808" total="1143808" percent="100" />
    </mem>
    <remembered-set count="1110" />
  </mem-info>
</gc-start>
<allocation-stats totalBytes="7185328" discardedBytes="4048" >
  <allocated-bytes non-tlh="985928" tlh="6199400" />
  <largest-consumer threadName="Default Executor-thread-1" threadId="00000000007FF700" bytes="7144400" />
</allocation-stats>
<gc-op id="1103" type="scavenge" timems="2.118" contextid="1100" timestamp="2024-07-18T15:29:04.367">
  <scavenger-info tenureage="3" tenuremask="7e08" tiltratio="70" />
  <memory-copied type="nursery" objects="32744" bytes="2617416" bytesdiscarded="121472" />
  <memory-copied type="tenure" objects="8176" bytes="562048" bytesdiscarded="1504" />
  <ownableSynchronizers candidates="211" cleared="66" />
  <references type="weak" candidates="1" cleared="1" enqueued="1" />
  <references type="phantom" candidates="165" cleared="0" enqueued="0" />
  <object-monitors candidates="23" cleared="0"  />
</gc-op>
<gc-end id="1104" type="scavenge" contextid="1100" durationms="3.126" usertimems="4.536" systemtimems="1.681" stalltimems="4.394" timestamp="2024-07-18T15:29:04.368" activeThreads="5">
  <mem-info id="1105" free="12715568" total="35979264" percent="35">
    <mem type="nursery" free="6499480" total="13107200" percent="49">
      <mem type="allocate" free="6499480" total="9240576" percent="70" />
      <mem type="survivor" free="0" total="3866624" percent="0" />
    </mem>
    <mem type="tenure" free="6216088" total="22872064" percent="27">
      <mem type="soa" free="5072280" total="21728256" percent="23" />
      <mem type="loa" free="1143808" total="1143808" percent="100" />
    </mem>
    <pending-finalizers system="0" default="0" reference="1" classloader="0" />
    <remembered-set count="858" />
  </mem-info>
</gc-end>
<cycle-end id="1106" type="scavenge" contextid="1100" timestamp="2024-07-18T15:29:04.368" />
<allocation-satisfied id="1107" threadId="00000000007FF700" bytesRequested="24" />
<af-end id="1108" timestamp="2024-07-18T15:29:04.369" threadId="0000000000800138" success="true" from="nursery"/>
<exclusive-end id="1109" timestamp="2024-07-18T15:29:04.369" durationms="5.735" />

<exclusive-start id="1110" timestamp="2024-07-18T15:29:04.393" intervalms="29.757">
  <response-info timems="0.034" idlems="0.034" threads="0" lastid="00000000007FF700" lastname="Default Executor-thread-1" />
</exclusive-start>
<af-start id="1111" threadId="0000000000800138" totalBytesRequested="40" timestamp="2024-07-18T15:29:04.393" intervalms="29.740" type="nursery" />
<cycle-start id="1112" type="scavenge" contextid="0" timestamp="2024-07-18T15:29:04.394" intervalms="29.715" />
<gc-start id="1113" type="scavenge" contextid="1112" timestamp="2024-07-18T15:29:04.394">
  <mem-info id="1114" free="6216088" total="35979264" percent="17">
    <mem type="nursery" free="0" total="13107200" percent="0">
      <mem type="allocate" free="0" total="9240576" percent="0" />
      <mem type="survivor" free="0" total="3866624" percent="0" />
    </mem>
    <mem type="tenure" free="6216088" total="22872064" percent="27">
      <mem type="soa" free="5072280" total="21728256" percent="23" />
      <mem type="loa" free="1143808" total="1143808" percent="100" />
    </mem>
    <remembered-set count="1356" />
  </mem-info>
</gc-start>
<allocation-stats totalBytes="6497784" discardedBytes="1696" >
  <allocated-bytes non-tlh="208848" tlh="6288936" />
  <largest-consumer threadName="Default Executor-thread-1" threadId="00000000007FF700" bytes="6420008" />
</allocation-stats>
<gc-op id="1115" type="scavenge" timems="2.299" contextid="1112" timestamp="2024-07-18T15:29:04.397">
  <scavenger-info tenureage="2" tenuremask="7e0c" tiltratio="70" />
  <memory-copied type="nursery" objects="27884" bytes="2314672" bytesdiscarded="71512" />
  <memory-copied type="tenure" objects="20387" bytes="1366632" bytesdiscarded="2128" />
  <ownableSynchronizers candidates="310" cleared="117" />
  <references type="weak" candidates="1" cleared="0" enqueued="0" />
  <references type="phantom" candidates="186" cleared="0" enqueued="0" />
  <object-monitors candidates="23" cleared="0"  />
</gc-op>
<heap-resize id="1116" type="expand" space="nursery" amount="786432" count="1" timems="0.042" reason="excessive time being spent scavenging" timestamp="2024-07-18T15:29:04.398" />
<gc-end id="1117" type="scavenge" contextid="1112" durationms="3.797" usertimems="5.714" systemtimems="2.104" stalltimems="3.511" timestamp="2024-07-18T15:29:04.398" activeThreads="5">
  <mem-info id="1118" free="12312936" total="36765696" percent="33">
    <mem type="nursery" free="7507272" total="13893632" percent="54">
      <mem type="allocate" free="7507272" total="9895936" percent="75" />
      <mem type="survivor" free="0" total="3997696" percent="0" />
    </mem>
    <mem type="tenure" free="4805664" total="22872064" percent="21">
      <mem type="soa" free="3661856" total="21728256" percent="16" />
      <mem type="loa" free="1143808" total="1143808" percent="100" />
    </mem>
    <remembered-set count="800" />
  </mem-info>
</gc-end>
<cycle-end id="1119" type="scavenge" contextid="1112" timestamp="2024-07-18T15:29:04.398" />
<allocation-satisfied id="1120" threadId="00000000007FF700" bytesRequested="40" />
<af-end id="1121" timestamp="2024-07-18T15:29:04.399" threadId="0000000000800138" success="true" from="nursery"/>
<exclusive-end id="1122" timestamp="2024-07-18T15:29:04.399" durationms="6.200" />

<exclusive-start id="1123" timestamp="2024-07-18T15:29:04.428" intervalms="35.093">
  <response-info timems="0.036" idlems="0.036" threads="0" lastid="00000000007FF700" lastname="Default Executor-thread-1" />
</exclusive-start>
<af-start id="1124" threadId="0000000000800138" totalBytesRequested="17680" timestamp="2024-07-18T15:29:04.429" intervalms="35.192" type="nursery" />
<cycle-start id="1125" type="scavenge" contextid="0" timestamp="2024-07-18T15:29:04.429" intervalms="35.243" />
<gc-start id="1126" type="scavenge" contextid="1125" timestamp="2024-07-18T15:29:04.430">
  <mem-info id="1127" free="4805400" total="36765696" percent="13">
    <mem type="nursery" free="0" total="13893632" percent="0">
      <mem type="allocate" free="0" total="9895936" percent="0" />
      <mem type="survivor" free="0" total="3997696" percent="0" />
    </mem>
    <mem type="tenure" free="4805400" total="22872064" percent="21">
      <mem type="soa" free="3661592" total="21728256" percent="16" />
      <mem type="loa" free="1143808" total="1143808" percent="100" />
    </mem>
    <remembered-set count="1360" />
  </mem-info>
</gc-start>
<allocation-stats totalBytes="7487536" discardedBytes="20000" >
  <allocated-bytes non-tlh="183392" tlh="7304144" />
  <largest-consumer threadName="Default Executor-thread-1" threadId="00000000007FF700" bytes="7422072" />
</allocation-stats>
<gc-op id="1128" type="scavenge" timems="7.153" contextid="1125" timestamp="2024-07-18T15:29:04.437">
  <scavenger-info tenureage="2" tenuremask="7e04" tiltratio="71" />
  <memory-copied type="nursery" objects="33445" bytes="2376408" bytesdiscarded="117264" />
  <memory-copied type="tenure" objects="12307" bytes="1249096" bytesdiscarded="1896" />
  <ownableSynchronizers candidates="284" cleared="96" />
  <references type="weak" candidates="1" cleared="0" enqueued="0" />
  <references type="phantom" candidates="215" cleared="0" enqueued="0" />
  <object-monitors candidates="23" cleared="0"  />
</gc-op>
<heap-resize id="1129" type="expand" space="nursery" amount="1441792" count="1" timems="0.044" reason="excessive time being spent scavenging" timestamp="2024-07-18T15:29:04.438" />
<gc-end id="1130" type="scavenge" contextid="1125" durationms="8.595" usertimems="12.828" systemtimems="4.680" stalltimems="18.247" timestamp="2024-07-18T15:29:04.438" activeThreads="5">
  <mem-info id="1131" free="12232512" total="38207488" percent="32">
    <mem type="nursery" free="8906736" total="15335424" percent="58">
      <mem type="allocate" free="8906736" total="11403264" percent="78" />
      <mem type="survivor" free="0" total="3932160" percent="0" />
    </mem>
    <mem type="tenure" free="3325776" total="22872064" percent="14">
      <mem type="soa" free="2181968" total="21728256" percent="10" />
      <mem type="loa" free="1143808" total="1143808" percent="100" />
    </mem>
    <remembered-set count="853" />
  </mem-info>
</gc-end>
<cycle-end id="1132" type="scavenge" contextid="1125" timestamp="2024-07-18T15:29:04.438" />
<allocation-satisfied id="1133" threadId="00000000007FF700" bytesRequested="17680" />
<af-end id="1134" timestamp="2024-07-18T15:29:04.439" threadId="0000000000800138" success="true" from="nursery"/>
<exclusive-end id="1135" timestamp="2024-07-18T15:29:04.439" durationms="11.039" />

<concurrent-kickoff id="1136" timestamp="2024-07-18T15:29:04.499">
  <kickoff reason="threshold reached" targetBytes="9462621" thresholdFreeBytes="1311359"  remainingFree="1239024" tenureFreeBytes="3324816" nurseryFreeBytes="1239024" />
</concurrent-kickoff>
<exclusive-start id="1137" timestamp="2024-07-18T15:29:04.500" intervalms="72.278">
  <response-info timems="0.042" idlems="0.042" threads="0" lastid="00000000007FF700" lastname="Default Executor-thread-1" />
</exclusive-start>
<cycle-start id="1138" type="global" contextid="0" timestamp="2024-07-18T15:29:04.501" intervalms="268.042" />
<concurrent-start id="1139" type="global mark" contextid="1138" timestamp="2024-07-18T15:29:04.501">
</concurrent-start>
<exclusive-end id="1140" timestamp="2024-07-18T15:29:04.501" durationms="0.697" />

<concurrent-end id="1141" type="global mark" contextid="1138" timestamp="2024-07-18T15:29:04.529">
<gc-op id="1142" type="trace" timems="27.847" contextid="1138" timestamp="2024-07-18T15:29:04.529">
  <trace bytesTraced="10163640" workStackOverflowCount="0" />
  <card-cleaning reason="card cleaning threshold reached" bytesTraced="22916" cardsCleaned="67" />
</gc-op>
</concurrent-end>

<exclusive-start id="1143" timestamp="2024-07-18T15:29:04.530" intervalms="29.179">
  <response-info timems="0.040" idlems="0.040" threads="0" lastid="00000000007FF700" lastname="Default Executor-thread-1" />
</exclusive-start>
<concurrent-global-final id="1144" timestamp="2024-07-18T15:29:04.530" contextid="1138" intervalms="265.496" >
  <concurrent-trace-info reason="card cleaning threshold reached" tracedByMutators="3089328" tracedByHelpers="7097228" cardsCleaned="67" workStackOverflowCount="0" />
</concurrent-global-final>
<gc-start id="1145" type="global" contextid="1138" timestamp="2024-07-18T15:29:04.530">
  <mem-info id="1146" free="3324816" total="38207488" percent="8">
    <mem type="nursery" free="0" total="15335424" percent="0">
      <mem type="allocate" free="0" total="11403264" percent="0" />
      <mem type="survivor" free="0" total="3932160" percent="0" />
    </mem>
    <mem type="tenure" free="3324816" total="22872064" percent="14">
      <mem type="soa" free="2181008" total="21728256" percent="10" />
      <mem type="loa" free="1143808" total="1143808" percent="100" />
    </mem>
    <remembered-set count="2352" />
  </mem-info>
</gc-start>
<allocation-stats totalBytes="8903584" discardedBytes="4112" >
  <allocated-bytes non-tlh="189568" tlh="8714016" />
  <largest-consumer threadName="Default Executor-thread-1" threadId="00000000007FF700" bytes="8850384" />
</allocation-stats>
<gc-op id="1147" type="rs-scan" timems="2.664" contextid="1138" timestamp="2024-07-18T15:29:04.534">
  <scan objectsFound="41931" bytesTraced="1331296" workStackOverflowCount="0" />
</gc-op>
<gc-op id="1148" type="card-cleaning" timems="1.102" contextid="1138" timestamp="2024-07-18T15:29:04.535">
  <card-cleaning cardsCleaned="0" bytesTraced="0" workStackOverflowCount="0" />
</gc-op>
<gc-op id="1149" type="mark" timems="5.196" contextid="1138" timestamp="2024-07-18T15:29:04.541">
  <trace-info objectcount="2402" scancount="2284" scanbytes="155276" />
  <finalization candidates="691" enqueued="0" />
  <ownableSynchronizers candidates="1284" cleared="61" />
  <references type="soft" candidates="5264" cleared="0" enqueued="0" dynamicThreshold="9" maxThreshold="32" />
  <references type="weak" candidates="1274" cleared="8" enqueued="8" />
  <references type="phantom" candidates="349" cleared="0" enqueued="0" />
  <stringconstants candidates="12605" cleared="0"  />
  <object-monitors candidates="25" cleared="0"  />
</gc-op>
<gc-op id="1150" type="sweep" timems="1.781" contextid="1138" timestamp="2024-07-18T15:29:04.543" />
<heap-resize id="1151" type="expand" space="tenure" amount="1638400" count="1" timems="0.607" reason="insufficient free space following gc" timestamp="2024-07-18T15:29:04.544" />
<gc-end id="1152" type="global" contextid="1138" durationms="13.998" usertimems="17.551" systemtimems="16.433" stalltimems="60.295" timestamp="2024-07-18T15:29:04.544" activeThreads="12">
  <mem-info id="1153" free="14622472" total="39845888" percent="36">
    <mem type="nursery" free="7265344" total="15335424" percent="47">
      <mem type="allocate" free="7265344" total="11403264" percent="63" />
      <mem type="survivor" free="0" total="3932160" percent="0" />
    </mem>
    <mem type="tenure" free="7357128" total="24510464" percent="30" micro-fragmented="314404" macro-fragmented="0">
      <mem type="soa" free="6131400" total="23284736" percent="26" />
      <mem type="loa" free="1225728" total="1225728" percent="100" />
    </mem>
    <pending-finalizers system="0" default="0" reference="8" classloader="0" />
    <remembered-set count="2194" />
  </mem-info>
</gc-end>
<cycle-end id="1154" type="global" contextid="1138" timestamp="2024-07-18T15:29:04.545" />
<exclusive-end id="1155" timestamp="2024-07-18T15:29:04.545" durationms="15.458" />

<exclusive-start id="1156" timestamp="2024-07-18T15:29:04.599" intervalms="69.172">
  <response-info timems="0.046" idlems="0.046" threads="0" lastid="00000000007FF700" lastname="Default Executor-thread-1" />
</exclusive-start>
<af-start id="1157" threadId="0000000000800138" totalBytesRequested="24" timestamp="2024-07-18T15:29:04.599" intervalms="170.474" type="nursery" />
<cycle-start id="1158" type="scavenge" contextid="0" timestamp="2024-07-18T15:29:04.600" intervalms="170.419" />
<gc-start id="1159" type="scavenge" contextid="1158" timestamp="2024-07-18T15:29:04.600">
  <mem-info id="1160" free="7357128" total="39845888" percent="18">
    <mem type="nursery" free="0" total="15335424" percent="0">
      <mem type="allocate" free="0" total="11403264" percent="0" />
      <mem type="survivor" free="0" total="3932160" percent="0" />
    </mem>
    <mem type="tenure" free="7357128" total="24510464" percent="30">
      <mem type="soa" free="6131400" total="23284736" percent="26" />
      <mem type="loa" free="1225728" total="1225728" percent="100" />
    </mem>
    <remembered-set count="2686" />
  </mem-info>
</gc-start>
<allocation-stats totalBytes="7168240" discardedBytes="86672" >
  <allocated-bytes non-tlh="616496" tlh="6551744" />
  <largest-consumer threadName="Default Executor-thread-1" threadId="00000000007FF700" bytes="7168240" />
</allocation-stats>
<gc-op id="1161" type="scavenge" timems="5.541" contextid="1158" timestamp="2024-07-18T15:29:04.606">
  <scavenger-info tenureage="2" tenuremask="7e04" tiltratio="74" />
  <memory-copied type="nursery" objects="37464" bytes="2346976" bytesdiscarded="61120" />
  <memory-copied type="tenure" objects="15501" bytes="1063368" bytesdiscarded="4760" />
  <ownableSynchronizers candidates="2258" cleared="2070" />
  <references type="weak" candidates="7" cleared="0" enqueued="0" />
  <references type="phantom" candidates="157" cleared="0" enqueued="0" />
  <object-monitors candidates="25" cleared="0"  />
</gc-op>
<gc-end id="1162" type="scavenge" contextid="1158" durationms="6.591" usertimems="18.296" systemtimems="2.474" stalltimems="6.472" timestamp="2024-07-18T15:29:04.606" activeThreads="5">
  <mem-info id="1163" free="15690512" total="39845888" percent="39">
    <mem type="nursery" free="9516640" total="15335424" percent="62">
      <mem type="allocate" free="9516640" total="11927552" percent="79" />
      <mem type="survivor" free="0" total="3407872" percent="0" />
    </mem>
    <mem type="tenure" free="6173872" total="24510464" percent="25">
      <mem type="soa" free="4948144" total="23284736" percent="21" />
      <mem type="loa" free="1225728" total="1225728" percent="100" />
    </mem>
    <remembered-set count="1137" />
  </mem-info>
</gc-end>
<cycle-end id="1164" type="scavenge" contextid="1158" timestamp="2024-07-18T15:29:04.607" />
<allocation-satisfied id="1165" threadId="00000000007FF700" bytesRequested="24" />
<af-end id="1166" timestamp="2024-07-18T15:29:04.607" threadId="0000000000800138" success="true" from="nursery"/>
<exclusive-end id="1167" timestamp="2024-07-18T15:29:04.608" durationms="8.842" />

<exclusive-start id="1168" timestamp="2024-07-18T15:29:04.655" intervalms="56.038">
  <response-info timems="0.042" idlems="0.042" threads="0" lastid="00000000007FF700" lastname="Default Executor-thread-1" />
</exclusive-start>
<af-start id="1169" threadId="0000000000800138" totalBytesRequested="24" timestamp="2024-07-18T15:29:04.655" intervalms="56.080" type="nursery" />
<cycle-start id="1170" type="scavenge" contextid="0" timestamp="2024-07-18T15:29:04.656" intervalms="56.014" />
<gc-start id="1171" type="scavenge" contextid="1170" timestamp="2024-07-18T15:29:04.656">
  <mem-info id="1172" free="6173872" total="39845888" percent="15">
    <mem type="nursery" free="0" total="15335424" percent="0">
      <mem type="allocate" free="0" total="11927552" percent="0" />
      <mem type="survivor" free="0" total="3407872" percent="0" />
    </mem>
    <mem type="tenure" free="6173872" total="24510464" percent="25">
      <mem type="soa" free="4948144" total="23284736" percent="21" />
      <mem type="loa" free="1225728" total="1225728" percent="100" />
    </mem>
    <remembered-set count="1635" />
  </mem-info>
</gc-start>
<allocation-stats totalBytes="9513440" discardedBytes="3200" >
  <allocated-bytes non-tlh="24" tlh="9513416" />
  <largest-consumer threadName="Default Executor-thread-1" threadId="00000000007FF700" bytes="9513440" />
</allocation-stats>
<gc-op id="1173" type="scavenge" timems="2.516" contextid="1170" timestamp="2024-07-18T15:29:04.659">
  <scavenger-info tenureage="2" tenuremask="7e04" tiltratio="77" />
  <memory-copied type="nursery" objects="25078" bytes="1194936" bytesdiscarded="351728" />
  <memory-copied type="tenure" objects="17910" bytes="1311472" bytesdiscarded="2120" />
  <ownableSynchronizers candidates="108" cleared="0" />
  <references type="weak" candidates="7" cleared="0" enqueued="0" />
  <references type="phantom" candidates="62" cleared="0" enqueued="0" />
  <object-monitors candidates="25" cleared="0"  />
</gc-op>
<gc-end id="1174" type="scavenge" contextid="1170" durationms="3.588" usertimems="7.102" systemtimems="0.529" stalltimems="6.932" timestamp="2024-07-18T15:29:04.660" activeThreads="6">
  <mem-info id="1175" free="15258656" total="39845888" percent="38">
    <mem type="nursery" free="10510872" total="15335424" percent="68">
      <mem type="allocate" free="10510872" total="12058624" percent="87" />
      <mem type="survivor" free="0" total="3276800" percent="0" />
    </mem>
    <mem type="tenure" free="4747784" total="24510464" percent="19">
      <mem type="soa" free="3522056" total="23284736" percent="15" />
      <mem type="loa" free="1225728" total="1225728" percent="100" />
    </mem>
    <remembered-set count="1005" />
  </mem-info>
</gc-end>
<cycle-end id="1176" type="scavenge" contextid="1170" timestamp="2024-07-18T15:29:04.660" />
<allocation-satisfied id="1177" threadId="00000000007FF700" bytesRequested="24" />
<af-end id="1178" timestamp="2024-07-18T15:29:04.660" threadId="0000000000800138" success="true" from="nursery"/>
<exclusive-end id="1179" timestamp="2024-07-18T15:29:04.661" durationms="5.871" />

<exclusive-start id="1180" timestamp="2024-07-18T15:29:04.704" intervalms="49.286">
  <response-info timems="0.043" idlems="0.043" threads="0" lastid="00000000007FF700" lastname="Default Executor-thread-1" />
</exclusive-start>
<af-start id="1181" threadId="0000000000800138" totalBytesRequested="40" timestamp="2024-07-18T15:29:04.705" intervalms="49.333" type="nursery" />
<cycle-start id="1182" type="scavenge" contextid="0" timestamp="2024-07-18T15:29:04.705" intervalms="49.507" />
<gc-start id="1183" type="scavenge" contextid="1182" timestamp="2024-07-18T15:29:04.706">
  <mem-info id="1184" free="4747784" total="39845888" percent="11">
    <mem type="nursery" free="0" total="15335424" percent="0">
      <mem type="allocate" free="0" total="12058624" percent="0" />
      <mem type="survivor" free="0" total="3276800" percent="0" />
    </mem>
    <mem type="tenure" free="4747784" total="24510464" percent="19">
      <mem type="soa" free="3522056" total="23284736" percent="15" />
      <mem type="loa" free="1225728" total="1225728" percent="100" />
    </mem>
    <remembered-set count="1682" />
  </mem-info>
</gc-start>
<allocation-stats totalBytes="10501688" discardedBytes="9184" >
  <allocated-bytes non-tlh="24" tlh="10501664" />
  <largest-consumer threadName="Default Executor-thread-1" threadId="00000000007FF700" bytes="10501688" />
</allocation-stats>
<gc-op id="1185" type="scavenge" timems="1.502" contextid="1182" timestamp="2024-07-18T15:29:04.708">
  <scavenger-info tenureage="2" tenuremask="7c04" tiltratio="78" />
  <memory-copied type="nursery" objects="10738" bytes="319040" bytesdiscarded="266432" />
  <memory-copied type="tenure" objects="17393" bytes="965744" bytesdiscarded="392" />
  <ownableSynchronizers candidates="45" cleared="0" />
  <object-monitors candidates="25" cleared="0"  />
</gc-op>
<heap-resize id="1186" type="expand" space="nursery" amount="655360" count="1" timems="0.051" reason="excessive time being spent scavenging" timestamp="2024-07-18T15:29:04.708" />
<gc-end id="1187" type="scavenge" contextid="1182" durationms="2.997" usertimems="3.253" systemtimems="1.087" stalltimems="2.590" timestamp="2024-07-18T15:29:04.709" activeThreads="5">
  <mem-info id="1188" free="16154880" total="40501248" percent="39">
    <mem type="nursery" free="12390648" total="15990784" percent="77">
      <mem type="allocate" free="12390648" total="12976128" percent="95" />
      <mem type="survivor" free="0" total="3014656" percent="0" />
    </mem>
    <mem type="tenure" free="3764232" total="24510464" percent="15">
      <mem type="soa" free="2538504" total="23284736" percent="10" />
      <mem type="loa" free="1225728" total="1225728" percent="100" />
    </mem>
    <remembered-set count="705" />
  </mem-info>
</gc-end>
<cycle-end id="1189" type="scavenge" contextid="1182" timestamp="2024-07-18T15:29:04.709" />
<allocation-satisfied id="1190" threadId="00000000007FF700" bytesRequested="40" />
<af-end id="1191" timestamp="2024-07-18T15:29:04.710" threadId="0000000000800138" success="true" from="nursery"/>
<exclusive-end id="1192" timestamp="2024-07-18T15:29:04.710" durationms="5.705" />

<concurrent-kickoff id="1193" timestamp="2024-07-18T15:29:04.782">
  <kickoff reason="threshold reached" targetBytes="10308031" thresholdFreeBytes="1428324"  remainingFree="1364216" tenureFreeBytes="3763456" nurseryFreeBytes="1364216" />
</concurrent-kickoff>
<exclusive-start id="1194" timestamp="2024-07-18T15:29:04.783" intervalms="78.957">
  <response-info timems="0.033" idlems="0.033" threads="0" lastid="00000000007FF700" lastname="Default Executor-thread-1" />
</exclusive-start>
<cycle-start id="1195" type="global" contextid="0" timestamp="2024-07-18T15:29:04.783" intervalms="282.741" />
<concurrent-start id="1196" type="global mark" contextid="1195" timestamp="2024-07-18T15:29:04.784">
</concurrent-start>
<exclusive-end id="1197" timestamp="2024-07-18T15:29:04.784" durationms="1.165" />

<concurrent-end id="1198" type="global mark" contextid="1195" timestamp="2024-07-18T15:29:04.799">
<gc-op id="1199" type="trace" timems="14.674" contextid="1195" timestamp="2024-07-18T15:29:04.799">
  <trace bytesTraced="11315712" workStackOverflowCount="0" />
  <card-cleaning bytesTraced="0" cardsCleaned="0" />
</gc-op>
</concurrent-end>

<exclusive-start id="1200" timestamp="2024-07-18T15:29:04.799" intervalms="16.375">
  <response-info timems="0.042" idlems="0.042" threads="0" lastid="00000000007FF700" lastname="Default Executor-thread-1" />
</exclusive-start>
<concurrent-global-final id="1201" timestamp="2024-07-18T15:29:04.800" contextid="1195" intervalms="269.896" >
  <concurrent-trace-info reason="card cleaning threshold reached" tracedByMutators="4373184" tracedByHelpers="6942528" cardsCleaned="0" workStackOverflowCount="0" />
</concurrent-global-final>
<gc-start id="1202" type="global" contextid="1195" timestamp="2024-07-18T15:29:04.800">
  <mem-info id="1203" free="3763456" total="40501248" percent="9">
    <mem type="nursery" free="0" total="15990784" percent="0">
      <mem type="allocate" free="0" total="12976128" percent="0" />
      <mem type="survivor" free="0" total="3014656" percent="0" />
    </mem>
    <mem type="tenure" free="3763456" total="24510464" percent="15">
      <mem type="soa" free="2537728" total="23284736" percent="10" />
      <mem type="loa" free="1225728" total="1225728" percent="100" />
    </mem>
    <remembered-set count="1529" />
  </mem-info>
</gc-start>
<allocation-stats totalBytes="12386160" discardedBytes="5264" >
  <allocated-bytes non-tlh="816" tlh="12385344" />
  <largest-consumer threadName="Default Executor-thread-1" threadId="00000000007FF700" bytes="12386160" />
</allocation-stats>
<gc-op id="1204" type="rs-scan" timems="2.481" contextid="1195" timestamp="2024-07-18T15:29:04.804">
  <scan objectsFound="23060" bytesTraced="719340" workStackOverflowCount="0" />
</gc-op>
<gc-op id="1205" type="card-cleaning" timems="0.800" contextid="1195" timestamp="2024-07-18T15:29:04.805">
  <card-cleaning cardsCleaned="0" bytesTraced="0" workStackOverflowCount="0" />
</gc-op>
<gc-op id="1206" type="mark" timems="5.050" contextid="1195" timestamp="2024-07-18T15:29:04.810">
  <trace-info objectcount="15249" scancount="14668" scanbytes="837184" />
  <finalization candidates="691" enqueued="0" />
  <ownableSynchronizers candidates="1223" cleared="1" />
  <references type="soft" candidates="5264" cleared="0" enqueued="0" dynamicThreshold="9" maxThreshold="32" />
  <references type="weak" candidates="1268" cleared="2" enqueued="2" />
  <references type="phantom" candidates="349" cleared="0" enqueued="0" />
  <stringconstants candidates="12607" cleared="0"  />
  <object-monitors candidates="25" cleared="0"  />
</gc-op>
<gc-op id="1207" type="sweep" timems="1.665" contextid="1195" timestamp="2024-07-18T15:29:04.812" />
<heap-resize id="1208" type="expand" space="tenure" amount="4849664" count="1" timems="0.438" reason="insufficient free space following gc" timestamp="2024-07-18T15:29:04.813" />
<gc-end id="1209" type="global" contextid="1195" durationms="12.550" usertimems="14.393" systemtimems="15.080" stalltimems="57.379" timestamp="2024-07-18T15:29:04.813" activeThreads="12">
  <mem-info id="1210" free="19169848" total="45350912" percent="42">
    <mem type="nursery" free="10316440" total="15990784" percent="64">
      <mem type="allocate" free="10316440" total="12976128" percent="79" />
      <mem type="survivor" free="0" total="3014656" percent="0" />
    </mem>
    <mem type="tenure" free="8853408" total="29360128" percent="30" micro-fragmented="348641" macro-fragmented="0">
      <mem type="soa" free="7384992" total="27891712" percent="26" />
      <mem type="loa" free="1468416" total="1468416" percent="100" />
    </mem>
    <pending-finalizers system="0" default="0" reference="2" classloader="0" />
    <remembered-set count="1516" />
  </mem-info>
</gc-end>
<cycle-end id="1211" type="global" contextid="1195" timestamp="2024-07-18T15:29:04.813" />
<exclusive-end id="1212" timestamp="2024-07-18T15:29:04.813" durationms="13.845" />

<exclusive-start id="1213" timestamp="2024-07-18T15:29:04.846" intervalms="46.322">
  <response-info timems="0.042" idlems="0.042" threads="0" lastid="00000000007FF700" lastname="Default Executor-thread-1" />
</exclusive-start>
<af-start id="1214" threadId="0000000000800138" totalBytesRequested="2064" timestamp="2024-07-18T15:29:04.846" intervalms="141.573" type="nursery" />
<cycle-start id="1215" type="scavenge" contextid="0" timestamp="2024-07-18T15:29:04.847" intervalms="141.488" />
<gc-start id="1216" type="scavenge" contextid="1215" timestamp="2024-07-18T15:29:04.847">
  <mem-info id="1217" free="8853408" total="45350912" percent="19">
    <mem type="nursery" free="0" total="15990784" percent="0">
      <mem type="allocate" free="0" total="12976128" percent="0" />
      <mem type="survivor" free="0" total="3014656" percent="0" />
    </mem>
    <mem type="tenure" free="8853408" total="29360128" percent="30">
      <mem type="soa" free="7384992" total="27891712" percent="26" />
      <mem type="loa" free="1468416" total="1468416" percent="100" />
    </mem>
    <remembered-set count="1752" />
  </mem-info>
</gc-start>
<allocation-stats totalBytes="10183992" discardedBytes="125824" >
  <allocated-bytes non-tlh="211616" tlh="9972376" />
  <largest-consumer threadName="Default Executor-thread-1" threadId="00000000007FF700" bytes="10183992" />
</allocation-stats>
<gc-op id="1218" type="scavenge" timems="1.400" contextid="1215" timestamp="2024-07-18T15:29:04.849">
  <scavenger-info tenureage="2" tenuremask="7804" tiltratio="81" />
  <memory-copied type="nursery" objects="17744" bytes="581000" bytesdiscarded="54656" />
  <memory-copied type="tenure" objects="4004" bytes="109792" bytesdiscarded="560" />
  <ownableSynchronizers candidates="2444" cleared="2444" />
  <object-monitors candidates="25" cleared="0"  />
</gc-op>
<gc-end id="1219" type="scavenge" contextid="1215" durationms="2.287" usertimems="0.000" systemtimems="3.556" stalltimems="1.943" timestamp="2024-07-18T15:29:04.849" activeThreads="4">
  <mem-info id="1220" free="21580848" total="45350912" percent="47">
    <mem type="nursery" free="12864760" total="15990784" percent="80">
      <mem type="allocate" free="12864760" total="13500416" percent="95" />
      <mem type="survivor" free="0" total="2490368" percent="0" />
    </mem>
    <mem type="tenure" free="8716088" total="29360128" percent="29">
      <mem type="soa" free="7247672" total="27891712" percent="25" />
      <mem type="loa" free="1468416" total="1468416" percent="100" />
    </mem>
    <remembered-set count="857" />
  </mem-info>
</gc-end>
<cycle-end id="1221" type="scavenge" contextid="1215" timestamp="2024-07-18T15:29:04.850" />
<allocation-satisfied id="1222" threadId="00000000007FF700" bytesRequested="2064" />
<af-end id="1223" timestamp="2024-07-18T15:29:04.850" threadId="0000000000800138" success="true" from="nursery"/>
<exclusive-end id="1224" timestamp="2024-07-18T15:29:04.850" durationms="4.624" />

<exclusive-start id="1225" timestamp="2024-07-18T15:29:04.883" intervalms="37.502">
  <response-info timems="0.175" idlems="0.175" threads="0" lastid="00000000007FF700" lastname="Default Executor-thread-1" />
</exclusive-start>
<af-start id="1226" threadId="0000000000800138" totalBytesRequested="1040" timestamp="2024-07-18T15:29:04.884" intervalms="37.547" type="nursery" />
<cycle-start id="1227" type="scavenge" contextid="0" timestamp="2024-07-18T15:29:04.884" intervalms="37.510" />
<gc-start id="1228" type="scavenge" contextid="1227" timestamp="2024-07-18T15:29:04.884">
  <mem-info id="1229" free="8716088" total="45350912" percent="19">
    <mem type="nursery" free="0" total="15990784" percent="0">
      <mem type="allocate" free="0" total="13500416" percent="0" />
      <mem type="survivor" free="0" total="2490368" percent="0" />
    </mem>
    <mem type="tenure" free="8716088" total="29360128" percent="29">
      <mem type="soa" free="7247672" total="27891712" percent="25" />
      <mem type="loa" free="1468416" total="1468416" percent="100" />
    </mem>
    <remembered-set count="1228" />
  </mem-info>
</gc-start>
<allocation-stats totalBytes="12852368" discardedBytes="12392" >
  <allocated-bytes non-tlh="2064" tlh="12850304" />
  <largest-consumer threadName="Default Executor-thread-1" threadId="00000000007FF700" bytes="12852368" />
</allocation-stats>
<gc-op id="1230" type="scavenge" timems="1.678" contextid="1227" timestamp="2024-07-18T15:29:04.886">
  <scavenger-info tenureage="12" tenuremask="7000" tiltratio="84" />
  <memory-copied type="nursery" objects="21474" bytes="649296" bytesdiscarded="66488" />
  <object-monitors candidates="25" cleared="0"  />
</gc-op>
<gc-end id="1231" type="scavenge" contextid="1227" durationms="2.420" usertimems="3.647" systemtimems="1.176" stalltimems="1.932" timestamp="2024-07-18T15:29:04.887" activeThreads="4">
  <mem-info id="1232" free="21828400" total="45350912" percent="48">
    <mem type="nursery" free="13112312" total="15990784" percent="81">
      <mem type="allocate" free="13112312" total="13828096" percent="94" />
      <mem type="survivor" free="0" total="2162688" percent="0" />
    </mem>
    <mem type="tenure" free="8716088" total="29360128" percent="29">
      <mem type="soa" free="7247672" total="27891712" percent="25" />
      <mem type="loa" free="1468416" total="1468416" percent="100" />
    </mem>
    <remembered-set count="989" />
  </mem-info>
</gc-end>
<cycle-end id="1233" type="scavenge" contextid="1227" timestamp="2024-07-18T15:29:04.887" />
<allocation-satisfied id="1234" threadId="00000000007FF700" bytesRequested="1040" />
<af-end id="1235" timestamp="2024-07-18T15:29:04.888" threadId="0000000000800138" success="true" from="nursery"/>
<exclusive-end id="1236" timestamp="2024-07-18T15:29:04.888" durationms="4.834" />

<exclusive-start id="1237" timestamp="2024-07-18T15:29:04.921" intervalms="37.496">
  <response-info timems="0.044" idlems="0.044" threads="0" lastid="00000000007FF700" lastname="Default Executor-thread-1" />
</exclusive-start>
<af-start id="1238" threadId="0000000000800138" totalBytesRequested="8208" timestamp="2024-07-18T15:29:04.921" intervalms="37.563" type="nursery" />
<cycle-start id="1239" type="scavenge" contextid="0" timestamp="2024-07-18T15:29:04.922" intervalms="37.720" />
<gc-start id="1240" type="scavenge" contextid="1239" timestamp="2024-07-18T15:29:04.922">
  <mem-info id="1241" free="8716088" total="45350912" percent="19">
    <mem type="nursery" free="0" total="15990784" percent="0">
      <mem type="allocate" free="0" total="13828096" percent="0" />
      <mem type="survivor" free="0" total="2162688" percent="0" />
    </mem>
    <mem type="tenure" free="8716088" total="29360128" percent="29">
      <mem type="soa" free="7247672" total="27891712" percent="25" />
      <mem type="loa" free="1468416" total="1468416" percent="100" />
    </mem>
    <remembered-set count="1339" />
  </mem-info>
</gc-start>
<allocation-stats totalBytes="13097000" discardedBytes="15312" >
  <allocated-bytes non-tlh="1040" tlh="13095960" />
  <largest-consumer threadName="Default Executor-thread-1" threadId="00000000007FF700" bytes="13097000" />
</allocation-stats>
<gc-op id="1242" type="scavenge" timems="1.281" contextid="1239" timestamp="2024-07-18T15:29:04.924">
  <scavenger-info tenureage="13" tenuremask="6000" tiltratio="86" />
  <memory-copied type="nursery" objects="25389" bytes="835656" bytesdiscarded="32280" />
  <object-monitors candidates="25" cleared="0"  />
</gc-op>
<heap-resize id="1243" type="expand" space="nursery" amount="655360" count="1" timems="0.025" reason="excessive time being spent scavenging" timestamp="2024-07-18T15:29:04.925" />
<gc-end id="1244" type="scavenge" contextid="1239" durationms="2.683" usertimems="2.809" systemtimems="0.899" stalltimems="1.153" timestamp="2024-07-18T15:29:04.925" activeThreads="4">
  <mem-info id="1245" free="22397144" total="46006272" percent="48">
    <mem type="nursery" free="13681056" total="16646144" percent="82">
      <mem type="allocate" free="13681056" total="14548992" percent="94" />
      <mem type="survivor" free="0" total="2097152" percent="0" />
    </mem>
    <mem type="tenure" free="8716088" total="29360128" percent="29">
      <mem type="soa" free="7247672" total="27891712" percent="25" />
      <mem type="loa" free="1468416" total="1468416" percent="100" />
    </mem>
    <remembered-set count="1118" />
  </mem-info>
</gc-end>
<cycle-end id="1246" type="scavenge" contextid="1239" timestamp="2024-07-18T15:29:04.925" />
<allocation-satisfied id="1247" threadId="00000000007FF700" bytesRequested="8208" />
<af-end id="1248" timestamp="2024-07-18T15:29:04.926" threadId="0000000000800138" success="true" from="nursery"/>
<exclusive-end id="1249" timestamp="2024-07-18T15:29:04.926" durationms="5.454" />

<exclusive-start id="1250" timestamp="2024-07-18T15:29:04.952" intervalms="31.355">
  <response-info timems="0.041" idlems="0.041" threads="0" lastid="00000000007FF700" lastname="Default Executor-thread-1" />
</exclusive-start>
<af-start id="1251" threadId="0000000000800138" totalBytesRequested="1040" timestamp="2024-07-18T15:29:04.953" intervalms="31.343" type="nursery" />
<cycle-start id="1252" type="scavenge" contextid="0" timestamp="2024-07-18T15:29:04.953" intervalms="31.294" />
<gc-start id="1253" type="scavenge" contextid="1252" timestamp="2024-07-18T15:29:04.954">
  <mem-info id="1254" free="8715976" total="46006272" percent="18">
    <mem type="nursery" free="0" total="16646144" percent="0">
      <mem type="allocate" free="0" total="14548992" percent="0" />
      <mem type="survivor" free="0" total="2097152" percent="0" />
    </mem>
    <mem type="tenure" free="8715976" total="29360128" percent="29">
      <mem type="soa" free="7247560" total="27891712" percent="25" />
      <mem type="loa" free="1468416" total="1468416" percent="100" />
    </mem>
    <remembered-set count="1501" />
  </mem-info>
</gc-start>
<allocation-stats totalBytes="13665856" discardedBytes="15312" >
  <allocated-bytes non-tlh="8320" tlh="13657536" />
  <largest-consumer threadName="Default Executor-thread-1" threadId="00000000007FF700" bytes="13665856" />
</allocation-stats>
<gc-op id="1255" type="scavenge" timems="2.055" contextid="1252" timestamp="2024-07-18T15:29:04.956">
  <scavenger-info tenureage="14" tenuremask="4000" tiltratio="87" />
  <memory-copied type="nursery" objects="31124" bytes="1280528" bytesdiscarded="121952" />
  <finalization candidates="2" enqueued="1" />
  <object-monitors candidates="25" cleared="0"  />
</gc-op>
<heap-resize id="1256" type="expand" space="nursery" amount="786432" count="1" timems="0.045" reason="excessive time being spent scavenging" timestamp="2024-07-18T15:29:04.957" />
<gc-end id="1257" type="scavenge" contextid="1252" durationms="3.478" usertimems="4.628" systemtimems="1.481" stalltimems="1.866" timestamp="2024-07-18T15:29:04.957" activeThreads="4">
  <mem-info id="1258" free="22583384" total="46792704" percent="48">
    <mem type="nursery" free="13867408" total="17432576" percent="79">
      <mem type="allocate" free="13867408" total="15269888" percent="90" />
      <mem type="survivor" free="0" total="2162688" percent="0" />
    </mem>
    <mem type="tenure" free="8715976" total="29360128" percent="29">
      <mem type="soa" free="7247560" total="27891712" percent="25" />
      <mem type="loa" free="1468416" total="1468416" percent="100" />
    </mem>
    <pending-finalizers system="1" default="0" reference="0" classloader="0" />
    <remembered-set count="1214" />
  </mem-info>
</gc-end>
<cycle-end id="1259" type="scavenge" contextid="1252" timestamp="2024-07-18T15:29:04.957" />
<allocation-satisfied id="1260" threadId="00000000007FF700" bytesRequested="1040" />
<af-end id="1261" timestamp="2024-07-18T15:29:04.958" threadId="0000000000800138" success="true" from="nursery"/>
<exclusive-end id="1262" timestamp="2024-07-18T15:29:04.958" durationms="6.161" />

<exclusive-start id="1263" timestamp="2024-07-18T15:29:04.995" intervalms="42.768">
  <response-info timems="0.040" idlems="0.040" threads="0" lastid="00000000007FF700" lastname="Default Executor-thread-1" />
</exclusive-start>
<af-start id="1264" threadId="0000000000800138" totalBytesRequested="40" timestamp="2024-07-18T15:29:04.995" intervalms="42.789" type="nursery" />
<cycle-start id="1265" type="scavenge" contextid="0" timestamp="2024-07-18T15:29:04.996" intervalms="42.773" />
<gc-start id="1266" type="scavenge" contextid="1265" timestamp="2024-07-18T15:29:04.996">
  <mem-info id="1267" free="8715976" total="46792704" percent="18">
    <mem type="nursery" free="0" total="17432576" percent="0">
      <mem type="allocate" free="0" total="15269888" percent="0" />
      <mem type="survivor" free="0" total="2162688" percent="0" />
    </mem>
    <mem type="tenure" free="8715976" total="29360128" percent="29">
      <mem type="soa" free="7247560" total="27891712" percent="25" />
      <mem type="loa" free="1468416" total="1468416" percent="100" />
    </mem>
    <remembered-set count="1826" />
  </mem-info>
</gc-start>
<allocation-stats totalBytes="13857880" discardedBytes="9528" >
  <allocated-bytes non-tlh="1040" tlh="13856840" />
  <largest-consumer threadName="Default Executor-thread-1" threadId="00000000007FF700" bytes="13857880" />
</allocation-stats>
<gc-op id="1268" type="scavenge" timems="2.268" contextid="1265" timestamp="2024-07-18T15:29:04.999">
  <scavenger-info tenureage="14" tenuremask="4000" tiltratio="87" />
  <memory-copied type="nursery" objects="46633" bytes="2160168" bytesdiscarded="2520" />
  <memory-copied type="tenure" objects="7942" bytes="567184" bytesdiscarded="1464" />
  <copy-failed type="nursery" objects="7942" bytes="567184" />
  <finalization candidates="1" enqueued="0" />
  <object-monitors candidates="25" cleared="0"  />
</gc-op>
<gc-end id="1269" type="scavenge" contextid="1265" durationms="3.364" usertimems="4.735" systemtimems="2.030" stalltimems="2.269" timestamp="2024-07-18T15:29:05.000" activeThreads="4">
  <mem-info id="1270" free="18517920" total="46792704" percent="39">
    <mem type="nursery" free="10420224" total="17432576" percent="59">
      <mem type="allocate" free="10420224" total="12582912" percent="82" />
      <mem type="survivor" free="0" total="4849664" percent="0" />
    </mem>
    <mem type="tenure" free="8097696" total="29360128" percent="27">
      <mem type="soa" free="6629280" total="27891712" percent="23" />
      <mem type="loa" free="1468416" total="1468416" percent="100" />
    </mem>
    <remembered-set count="1644" />
  </mem-info>
</gc-end>
<cycle-end id="1271" type="scavenge" contextid="1265" timestamp="2024-07-18T15:29:05.000" />
<allocation-satisfied id="1272" threadId="00000000007FF700" bytesRequested="40" />
<af-end id="1273" timestamp="2024-07-18T15:29:05.001" threadId="0000000000800138" success="true" from="nursery"/>
<exclusive-end id="1274" timestamp="2024-07-18T15:29:05.001" durationms="5.973" />

<exclusive-start id="1275" timestamp="2024-07-18T15:29:05.018" intervalms="22.984">
  <response-info timems="0.045" idlems="0.045" threads="0" lastid="00000000007FF700" lastname="Default Executor-thread-1" />
</exclusive-start>
<af-start id="1276" threadId="0000000000800138" totalBytesRequested="2064" timestamp="2024-07-18T15:29:05.018" intervalms="22.926" type="nursery" />
<cycle-start id="1277" type="scavenge" contextid="0" timestamp="2024-07-18T15:29:05.019" intervalms="22.936" />
<gc-start id="1278" type="scavenge" contextid="1277" timestamp="2024-07-18T15:29:05.019">
  <mem-info id="1279" free="8097696" total="46792704" percent="17">
    <mem type="nursery" free="0" total="17432576" percent="0">
      <mem type="allocate" free="0" total="12582912" percent="0" />
      <mem type="survivor" free="0" total="4849664" percent="0" />
    </mem>
    <mem type="tenure" free="8097696" total="29360128" percent="27">
      <mem type="soa" free="6629280" total="27891712" percent="23" />
      <mem type="loa" free="1468416" total="1468416" percent="100" />
    </mem>
    <remembered-set count="2101" />
  </mem-info>
</gc-start>
<allocation-stats totalBytes="10409216" discardedBytes="11008" >
  <allocated-bytes non-tlh="40" tlh="10409176" />
  <largest-consumer threadName="Default Executor-thread-1" threadId="00000000007FF700" bytes="10396928" />
</allocation-stats>
<gc-op id="1280" type="scavenge" timems="2.221" contextid="1277" timestamp="2024-07-18T15:29:05.022">
  <scavenger-info tenureage="14" tenuremask="4000" tiltratio="72" />
  <memory-copied type="nursery" objects="53985" bytes="1956840" bytesdiscarded="68400" />
  <finalization candidates="1" enqueued="0" />
  <ownableSynchronizers candidates="4" cleared="0" />
  <references type="weak" candidates="2" cleared="0" enqueued="0" />
  <object-monitors candidates="27" cleared="0"  />
</gc-op>
<heap-resize id="1281" type="expand" space="nursery" amount="1572864" count="1" timems="0.068" reason="excessive time being spent scavenging" timestamp="2024-07-18T15:29:05.023" />
<gc-end id="1282" type="scavenge" contextid="1277" durationms="3.864" usertimems="5.243" systemtimems="1.649" stalltimems="2.489" timestamp="2024-07-18T15:29:05.023" activeThreads="4">
  <mem-info id="1283" free="20162648" total="48365568" percent="41">
    <mem type="nursery" free="12064952" total="19005440" percent="63">
      <mem type="allocate" free="12064952" total="14090240" percent="85" />
      <mem type="survivor" free="0" total="4915200" percent="0" />
    </mem>
    <mem type="tenure" free="8097696" total="29360128" percent="27">
      <mem type="soa" free="6629280" total="27891712" percent="23" />
      <mem type="loa" free="1468416" total="1468416" percent="100" />
    </mem>
    <remembered-set count="1840" />
  </mem-info>
</gc-end>
<cycle-end id="1284" type="scavenge" contextid="1277" timestamp="2024-07-18T15:29:05.023" />
<allocation-satisfied id="1285" threadId="00000000007FF700" bytesRequested="2064" />
<af-end id="1286" timestamp="2024-07-18T15:29:05.024" threadId="0000000000800138" success="true" from="nursery"/>
<exclusive-end id="1287" timestamp="2024-07-18T15:29:05.024" durationms="6.591" />

<exclusive-start id="1288" timestamp="2024-07-18T15:29:05.049" intervalms="31.475">
  <response-info timems="0.044" idlems="0.044" threads="0" lastid="00000000007FF700" lastname="Default Executor-thread-1" />
</exclusive-start>
<af-start id="1289" threadId="0000000000800138" totalBytesRequested="4112" timestamp="2024-07-18T15:29:05.050" intervalms="31.476" type="nursery" />
<cycle-start id="1290" type="scavenge" contextid="0" timestamp="2024-07-18T15:29:05.050" intervalms="31.468" />
<gc-start id="1291" type="scavenge" contextid="1290" timestamp="2024-07-18T15:29:05.051">
  <mem-info id="1292" free="8097696" total="48365568" percent="16">
    <mem type="nursery" free="0" total="19005440" percent="0">
      <mem type="allocate" free="0" total="14090240" percent="0" />
      <mem type="survivor" free="0" total="4915200" percent="0" />
    </mem>
    <mem type="tenure" free="8097696" total="29360128" percent="27">
      <mem type="soa" free="6629280" total="27891712" percent="23" />
      <mem type="loa" free="1468416" total="1468416" percent="100" />
    </mem>
    <remembered-set count="1949" />
  </mem-info>
</gc-start>
<allocation-stats totalBytes="12051688" discardedBytes="13264" >
  <allocated-bytes non-tlh="2064" tlh="12049624" />
  <largest-consumer threadName="Default Executor-thread-1" threadId="00000000007FF700" bytes="12051688" />
</allocation-stats>
<gc-op id="1293" type="scavenge" timems="2.311" contextid="1290" timestamp="2024-07-18T15:29:05.054">
  <scavenger-info tenureage="14" tenuremask="4000" tiltratio="74" />
  <memory-copied type="nursery" objects="54428" bytes="1885024" bytesdiscarded="69176" />
  <finalization candidates="1" enqueued="0" />
  <ownableSynchronizers candidates="4" cleared="0" />
  <references type="weak" candidates="2" cleared="0" enqueued="0" />
  <object-monitors candidates="27" cleared="0"  />
</gc-op>
<heap-resize id="1294" type="expand" space="nursery" amount="917504" count="1" timems="0.056" reason="excessive time being spent scavenging" timestamp="2024-07-18T15:29:05.054" />
<gc-end id="1295" type="scavenge" contextid="1290" durationms="3.801" usertimems="4.684" systemtimems="1.478" stalltimems="2.933" timestamp="2024-07-18T15:29:05.054" activeThreads="4">
  <mem-info id="1296" free="21806584" total="49283072" percent="44">
    <mem type="nursery" free="13708888" total="19922944" percent="68">
      <mem type="allocate" free="13708888" total="15663104" percent="87" />
      <mem type="survivor" free="0" total="4259840" percent="0" />
    </mem>
    <mem type="tenure" free="8097696" total="29360128" percent="27">
      <mem type="soa" free="6629280" total="27891712" percent="23" />
      <mem type="loa" free="1468416" total="1468416" percent="100" />
    </mem>
    <remembered-set count="1872" />
  </mem-info>
</gc-end>
<cycle-end id="1297" type="scavenge" contextid="1290" timestamp="2024-07-18T15:29:05.055" />
<allocation-satisfied id="1298" threadId="00000000007FF700" bytesRequested="4112" />
<af-end id="1299" timestamp="2024-07-18T15:29:05.056" threadId="0000000000800138" success="true" from="nursery"/>
<exclusive-end id="1300" timestamp="2024-07-18T15:29:05.056" durationms="6.506" />

<exclusive-start id="1301" timestamp="2024-07-18T15:29:05.074" intervalms="24.190">
  <response-info timems="0.049" idlems="0.049" threads="0" lastid="00000000007FF700" lastname="Default Executor-thread-1" />
</exclusive-start>
<af-start id="1302" threadId="0000000000800138" totalBytesRequested="2064" timestamp="2024-07-18T15:29:05.074" intervalms="24.182" type="nursery" />
<cycle-start id="1303" type="scavenge" contextid="0" timestamp="2024-07-18T15:29:05.074" intervalms="24.183" />
<gc-start id="1304" type="scavenge" contextid="1303" timestamp="2024-07-18T15:29:05.075">
  <mem-info id="1305" free="8097696" total="49283072" percent="16">
    <mem type="nursery" free="0" total="19922944" percent="0">
      <mem type="allocate" free="0" total="15663104" percent="0" />
      <mem type="survivor" free="0" total="4259840" percent="0" />
    </mem>
    <mem type="tenure" free="8097696" total="29360128" percent="27">
      <mem type="soa" free="6629280" total="27891712" percent="23" />
      <mem type="loa" free="1468416" total="1468416" percent="100" />
    </mem>
    <remembered-set count="2041" />
  </mem-info>
</gc-start>
<allocation-stats totalBytes="13693704" discardedBytes="15184" >
  <allocated-bytes non-tlh="4112" tlh="13689592" />
  <largest-consumer threadName="Default Executor-thread-1" threadId="00000000007FF700" bytes="13693704" />
</allocation-stats>
<gc-op id="1306" type="scavenge" timems="2.999" contextid="1303" timestamp="2024-07-18T15:29:05.079">
  <scavenger-info tenureage="14" tenuremask="4000" tiltratio="78" />
  <memory-copied type="nursery" objects="60897" bytes="2531352" bytesdiscarded="148184" />
  <finalization candidates="1" enqueued="0" />
  <ownableSynchronizers candidates="4" cleared="0" />
  <references type="weak" candidates="2" cleared="0" enqueued="0" />
  <object-monitors candidates="27" cleared="0"  />
</gc-op>
<heap-resize id="1307" type="expand" space="nursery" amount="1572864" count="1" timems="0.045" reason="excessive time being spent scavenging" timestamp="2024-07-18T15:29:05.079" />
<gc-end id="1308" type="scavenge" contextid="1303" durationms="4.456" usertimems="0.448" systemtimems="9.666" stalltimems="1.932" timestamp="2024-07-18T15:29:05.079" activeThreads="4">
  <mem-info id="1309" free="22785184" total="50855936" percent="44">
    <mem type="nursery" free="14687488" total="21495808" percent="68">
      <mem type="allocate" free="14687488" total="17367040" percent="84" />
      <mem type="survivor" free="0" total="4128768" percent="0" />
    </mem>
    <mem type="tenure" free="8097696" total="29360128" percent="27">
      <mem type="soa" free="6629280" total="27891712" percent="23" />
      <mem type="loa" free="1468416" total="1468416" percent="100" />
    </mem>
    <remembered-set count="1922" />
  </mem-info>
</gc-end>
<cycle-end id="1310" type="scavenge" contextid="1303" timestamp="2024-07-18T15:29:05.080" />
<allocation-satisfied id="1311" threadId="00000000007FF700" bytesRequested="2064" />
<af-end id="1312" timestamp="2024-07-18T15:29:05.080" threadId="0000000000800138" success="true" from="nursery"/>
<exclusive-end id="1313" timestamp="2024-07-18T15:29:05.081" durationms="7.177" />

<exclusive-start id="1314" timestamp="2024-07-18T15:29:05.110" intervalms="36.166">
  <response-info timems="0.047" idlems="0.047" threads="0" lastid="00000000007FF700" lastname="Default Executor-thread-1" />
</exclusive-start>
<af-start id="1315" threadId="0000000000800138" totalBytesRequested="16" timestamp="2024-07-18T15:29:05.110" intervalms="36.195" type="nursery" />
<cycle-start id="1316" type="scavenge" contextid="0" timestamp="2024-07-18T15:29:05.111" intervalms="36.201" />
<gc-start id="1317" type="scavenge" contextid="1316" timestamp="2024-07-18T15:29:05.111">
  <mem-info id="1318" free="8097696" total="50855936" percent="15">
    <mem type="nursery" free="0" total="21495808" percent="0">
      <mem type="allocate" free="0" total="17367040" percent="0" />
      <mem type="survivor" free="0" total="4128768" percent="0" />
    </mem>
    <mem type="tenure" free="8097696" total="29360128" percent="27">
      <mem type="soa" free="6629280" total="27891712" percent="23" />
      <mem type="loa" free="1468416" total="1468416" percent="100" />
    </mem>
    <remembered-set count="2112" />
  </mem-info>
</gc-start>
<allocation-stats totalBytes="14679368" discardedBytes="8120" >
  <allocated-bytes non-tlh="2064" tlh="14677304" />
  <largest-consumer threadName="Default Executor-thread-1" threadId="00000000007FF700" bytes="14679368" />
</allocation-stats>
<gc-op id="1319" type="scavenge" timems="2.149" contextid="1316" timestamp="2024-07-18T15:29:05.114">
  <scavenger-info tenureage="14" tenuremask="4000" tiltratio="80" />
  <memory-copied type="nursery" objects="57178" bytes="1809536" bytesdiscarded="69488" />
  <finalization candidates="1" enqueued="0" />
  <ownableSynchronizers candidates="4" cleared="0" />
  <references type="weak" candidates="2" cleared="0" enqueued="0" />
  <object-monitors candidates="27" cleared="0"  />
</gc-op>
<heap-resize id="1320" type="expand" space="nursery" amount="786432" count="1" timems="0.057" reason="excessive time being spent scavenging" timestamp="2024-07-18T15:29:05.114" />
<gc-end id="1321" type="scavenge" contextid="1316" durationms="3.435" usertimems="5.497" systemtimems="1.745" stalltimems="3.346" timestamp="2024-07-18T15:29:05.115" activeThreads="5">
  <mem-info id="1322" free="24765344" total="51642368" percent="47">
    <mem type="nursery" free="16667648" total="22282240" percent="74">
      <mem type="allocate" free="16667648" total="18546688" percent="89" />
      <mem type="survivor" free="0" total="3735552" percent="0" />
    </mem>
    <mem type="tenure" free="8097696" total="29360128" percent="27">
      <mem type="soa" free="6629280" total="27891712" percent="23" />
      <mem type="loa" free="1468416" total="1468416" percent="100" />
    </mem>
    <remembered-set count="1980" />
  </mem-info>
</gc-end>
<cycle-end id="1323" type="scavenge" contextid="1316" timestamp="2024-07-18T15:29:05.115" />
<allocation-satisfied id="1324" threadId="00000000007FF700" bytesRequested="16" />
<af-end id="1325" timestamp="2024-07-18T15:29:05.116" threadId="0000000000800138" success="true" from="nursery"/>
<exclusive-end id="1326" timestamp="2024-07-18T15:29:05.116" durationms="6.086" />

<exclusive-start id="1327" timestamp="2024-07-18T15:29:05.148" intervalms="37.783">
  <response-info timems="0.038" idlems="0.038" threads="0" lastid="00000000007FF700" lastname="Default Executor-thread-1" />
</exclusive-start>
<af-start id="1328" threadId="0000000000800138" totalBytesRequested="4112" timestamp="2024-07-18T15:29:05.148" intervalms="37.794" type="nursery" />
<cycle-start id="1329" type="scavenge" contextid="0" timestamp="2024-07-18T15:29:05.148" intervalms="37.796" />
<gc-start id="1330" type="scavenge" contextid="1329" timestamp="2024-07-18T15:29:05.149">
  <mem-info id="1331" free="8097440" total="51642368" percent="15">
    <mem type="nursery" free="0" total="22282240" percent="0">
      <mem type="allocate" free="0" total="18546688" percent="0" />
      <mem type="survivor" free="0" total="3735552" percent="0" />
    </mem>
    <mem type="tenure" free="8097440" total="29360128" percent="27">
      <mem type="soa" free="6629024" total="27891712" percent="23" />
      <mem type="loa" free="1468416" total="1468416" percent="100" />
    </mem>
    <remembered-set count="2272" />
  </mem-info>
</gc-start>
<allocation-stats totalBytes="16649848" discardedBytes="18056" >
  <allocated-bytes non-tlh="272" tlh="16649576" />
  <largest-consumer threadName="Default Executor-thread-1" threadId="00000000007FF700" bytes="16649848" />
</allocation-stats>
<gc-op id="1332" type="scavenge" timems="3.574" contextid="1329" timestamp="2024-07-18T15:29:05.153">
  <scavenger-info tenureage="14" tenuremask="4000" tiltratio="83" />
  <memory-copied type="nursery" objects="63507" bytes="2082632" bytesdiscarded="78008" />
  <finalization candidates="1" enqueued="0" />
  <ownableSynchronizers candidates="4" cleared="0" />
  <references type="weak" candidates="3" cleared="1" enqueued="1" />
  <object-monitors candidates="27" cleared="0"  />
</gc-op>
<heap-resize id="1333" type="expand" space="nursery" amount="1310720" count="1" timems="0.046" reason="excessive time being spent scavenging" timestamp="2024-07-18T15:29:05.154" />
<gc-end id="1334" type="scavenge" contextid="1329" durationms="5.089" usertimems="11.164" systemtimems="2.426" stalltimems="3.850" timestamp="2024-07-18T15:29:05.154" activeThreads="5">
  <mem-info id="1335" free="25859728" total="52953088" percent="48">
    <mem type="nursery" free="17762288" total="23592960" percent="75">
      <mem type="allocate" free="17762288" total="19922944" percent="89" />
      <mem type="survivor" free="0" total="3670016" percent="0" />
    </mem>
    <mem type="tenure" free="8097440" total="29360128" percent="27">
      <mem type="soa" free="6629024" total="27891712" percent="23" />
      <mem type="loa" free="1468416" total="1468416" percent="100" />
    </mem>
    <pending-finalizers system="0" default="0" reference="1" classloader="0" />
    <remembered-set count="2113" />
  </mem-info>
</gc-end>
<cycle-end id="1336" type="scavenge" contextid="1329" timestamp="2024-07-18T15:29:05.154" />
<allocation-satisfied id="1337" threadId="00000000007FF700" bytesRequested="4112" />
<af-end id="1338" timestamp="2024-07-18T15:29:05.155" threadId="0000000000800138" success="true" from="nursery"/>
<exclusive-end id="1339" timestamp="2024-07-18T15:29:05.155" durationms="7.716" />

<exclusive-start id="1340" timestamp="2024-07-18T15:29:05.188" intervalms="40.544">
  <response-info timems="0.039" idlems="0.039" threads="0" lastid="00000000007FF700" lastname="Default Executor-thread-1" />
</exclusive-start>
<af-start id="1341" threadId="0000000000800138" totalBytesRequested="1040" timestamp="2024-07-18T15:29:05.188" intervalms="40.438" type="nursery" />
<cycle-start id="1342" type="scavenge" contextid="0" timestamp="2024-07-18T15:29:05.189" intervalms="40.411" />
<gc-start id="1343" type="scavenge" contextid="1342" timestamp="2024-07-18T15:29:05.189">
  <mem-info id="1344" free="8097440" total="52953088" percent="15">
    <mem type="nursery" free="0" total="23592960" percent="0">
      <mem type="allocate" free="0" total="19922944" percent="0" />
      <mem type="survivor" free="0" total="3670016" percent="0" />
    </mem>
    <mem type="tenure" free="8097440" total="29360128" percent="27">
      <mem type="soa" free="6629024" total="27891712" percent="23" />
      <mem type="loa" free="1468416" total="1468416" percent="100" />
    </mem>
    <remembered-set count="2202" />
  </mem-info>
</gc-start>
<allocation-stats totalBytes="17751168" discardedBytes="11120" >
  <allocated-bytes non-tlh="4112" tlh="17747056" />
  <largest-consumer threadName="Default Executor-thread-1" threadId="00000000007FF700" bytes="17751168" />
</allocation-stats>
<gc-op id="1345" type="scavenge" timems="2.752" contextid="1342" timestamp="2024-07-18T15:29:05.193">
  <scavenger-info tenureage="5" tenuremask="4420" tiltratio="84" />
  <memory-copied type="nursery" objects="37504" bytes="1365800" bytesdiscarded="126808" />
  <memory-copied type="tenure" objects="26155" bytes="895912" bytesdiscarded="952" />
  <finalization candidates="1" enqueued="0" />
  <ownableSynchronizers candidates="4" cleared="0" />
  <object-monitors candidates="27" cleared="0"  />
</gc-op>
<heap-resize id="1346" type="expand" space="nursery" amount="1048576" count="1" timems="0.047" reason="excessive time being spent scavenging" timestamp="2024-07-18T15:29:05.193" />
<gc-end id="1347" type="scavenge" contextid="1342" durationms="4.153" usertimems="7.102" systemtimems="2.215" stalltimems="4.159" timestamp="2024-07-18T15:29:05.193" activeThreads="5">
  <mem-info id="1348" free="26805792" total="54001664" percent="49">
    <mem type="nursery" free="19675520" total="24641536" percent="79">
      <mem type="allocate" free="19675520" total="21168128" percent="92" />
      <mem type="survivor" free="0" total="3473408" percent="0" />
    </mem>
    <mem type="tenure" free="7130272" total="29360128" percent="24">
      <mem type="soa" free="5661856" total="27891712" percent="20" />
      <mem type="loa" free="1468416" total="1468416" percent="100" />
    </mem>
    <remembered-set count="2339" />
  </mem-info>
</gc-end>
<cycle-end id="1349" type="scavenge" contextid="1342" timestamp="2024-07-18T15:29:05.194" />
<allocation-satisfied id="1350" threadId="00000000007FF700" bytesRequested="1040" />
<af-end id="1351" timestamp="2024-07-18T15:29:05.194" threadId="0000000000800138" success="true" from="nursery"/>
<exclusive-end id="1352" timestamp="2024-07-18T15:29:05.195" durationms="6.663" />

<exclusive-start id="1353" timestamp="2024-07-18T15:29:05.326" intervalms="137.509">
  <response-info timems="0.045" idlems="0.045" threads="0" lastid="00000000007FF700" lastname="Default Executor-thread-1" />
</exclusive-start>
<af-start id="1354" threadId="0000000000800138" totalBytesRequested="24" timestamp="2024-07-18T15:29:05.326" intervalms="137.513" type="nursery" />
<cycle-start id="1355" type="scavenge" contextid="0" timestamp="2024-07-18T15:29:05.326" intervalms="137.495" />
<gc-start id="1356" type="scavenge" contextid="1355" timestamp="2024-07-18T15:29:05.327">
  <mem-info id="1357" free="7128240" total="54001664" percent="13">
    <mem type="nursery" free="0" total="24641536" percent="0">
      <mem type="allocate" free="0" total="21168128" percent="0" />
      <mem type="survivor" free="0" total="3473408" percent="0" />
    </mem>
    <mem type="tenure" free="7128240" total="29360128" percent="24">
      <mem type="soa" free="5659824" total="27891712" percent="20" />
      <mem type="loa" free="1468416" total="1468416" percent="100" />
    </mem>
    <remembered-set count="4015" />
  </mem-info>
</gc-start>
<allocation-stats totalBytes="19669336" discardedBytes="8216" >
  <allocated-bytes non-tlh="676376" tlh="18992960" />
  <largest-consumer threadName="Default Executor-thread-1" threadId="00000000007FF700" bytes="19100176" />
</allocation-stats>
<gc-op id="1358" type="scavenge" timems="4.725" contextid="1355" timestamp="2024-07-18T15:29:05.332">
  <scavenger-info tenureage="7" tenuremask="5080" tiltratio="85" />
  <memory-copied type="nursery" objects="47257" bytes="3468552" bytesdiscarded="2656" />
  <memory-copied type="tenure" objects="36707" bytes="1101152" bytesdiscarded="976" />
  <copy-failed type="nursery" objects="27595" bytes="850784" />
  <finalization candidates="1" enqueued="0" />
  <references type="soft" candidates="1" cleared="0" enqueued="0" dynamicThreshold="9" maxThreshold="32" />
  <references type="weak" candidates="7" cleared="4" enqueued="4" />
  <references type="phantom" candidates="212" cleared="0" enqueued="0" />
  <object-monitors candidates="27" cleared="0"  />
</gc-op>
<gc-end id="1359" type="scavenge" contextid="1355" durationms="5.889" usertimems="0.000" systemtimems="17.575" stalltimems="6.117" timestamp="2024-07-18T15:29:05.333" activeThreads="5">
  <mem-info id="1360" free="18685360" total="54001664" percent="34">
    <mem type="nursery" free="12713984" total="24641536" percent="51">
      <mem type="allocate" free="12713984" total="16187392" percent="78" />
      <mem type="survivor" free="0" total="8454144" percent="0" />
    </mem>
    <mem type="tenure" free="5971376" total="29360128" percent="20">
      <mem type="soa" free="4502960" total="27891712" percent="16" />
      <mem type="loa" free="1468416" total="1468416" percent="100" />
    </mem>
    <pending-finalizers system="0" default="0" reference="4" classloader="0" />
    <remembered-set count="1893" />
  </mem-info>
</gc-end>
<cycle-end id="1361" type="scavenge" contextid="1355" timestamp="2024-07-18T15:29:05.333" />
<allocation-satisfied id="1362" threadId="00000000007FF700" bytesRequested="24" />
<af-end id="1363" timestamp="2024-07-18T15:29:05.334" threadId="0000000000800138" success="true" from="nursery"/>
<exclusive-end id="1364" timestamp="2024-07-18T15:29:05.334" durationms="8.323" />

<exclusive-start id="1365" timestamp="2024-07-18T15:29:05.414" intervalms="88.792">
  <response-info timems="0.039" idlems="0.039" threads="0" lastid="00000000007FF700" lastname="Default Executor-thread-1" />
</exclusive-start>
<af-start id="1366" threadId="0000000000800138" totalBytesRequested="80" timestamp="2024-07-18T15:29:05.415" intervalms="88.827" type="nursery" />
<cycle-start id="1367" type="scavenge" contextid="0" timestamp="2024-07-18T15:29:05.415" intervalms="88.808" />
<gc-start id="1368" type="scavenge" contextid="1367" timestamp="2024-07-18T15:29:05.416">
  <mem-info id="1369" free="5970952" total="54001664" percent="11">
    <mem type="nursery" free="0" total="24641536" percent="0">
      <mem type="allocate" free="0" total="16187392" percent="0" />
      <mem type="survivor" free="0" total="8454144" percent="0" />
    </mem>
    <mem type="tenure" free="5970952" total="29360128" percent="20">
      <mem type="soa" free="4502536" total="27891712" percent="16" />
      <mem type="loa" free="1468416" total="1468416" percent="100" />
    </mem>
    <remembered-set count="2324" />
  </mem-info>
</gc-start>
<allocation-stats totalBytes="12710712" discardedBytes="3696" >
  <allocated-bytes non-tlh="845680" tlh="11865032" />
  <largest-consumer threadName="Default Executor-thread-1" threadId="00000000007FF700" bytes="12690232" />
</allocation-stats>
<gc-op id="1370" type="scavenge" timems="2.883" contextid="1367" timestamp="2024-07-18T15:29:05.419">
  <scavenger-info tenureage="7" tenuremask="d280" tiltratio="65" />
  <memory-copied type="nursery" objects="64592" bytes="3996040" bytesdiscarded="107120" />
  <memory-copied type="tenure" objects="1393" bytes="43520" bytesdiscarded="480" />
  <finalization candidates="1" enqueued="0" />
  <references type="soft" candidates="1" cleared="0" enqueued="0" dynamicThreshold="9" maxThreshold="32" />
  <references type="weak" candidates="3" cleared="0" enqueued="0" />
  <references type="phantom" candidates="217" cleared="0" enqueued="0" />
  <object-monitors candidates="27" cleared="0"  />
</gc-op>
<gc-end id="1371" type="scavenge" contextid="1367" durationms="3.870" usertimems="0.000" systemtimems="9.685" stalltimems="7.507" timestamp="2024-07-18T15:29:05.419" activeThreads="6">
  <mem-info id="1372" free="18524376" total="54001664" percent="34">
    <mem type="nursery" free="12736480" total="24641536" percent="51">
      <mem type="allocate" free="12736480" total="16842752" percent="75" />
      <mem type="survivor" free="0" total="7798784" percent="0" />
    </mem>
    <mem type="tenure" free="5787896" total="29360128" percent="19">
      <mem type="soa" free="4319480" total="27891712" percent="15" />
      <mem type="loa" free="1468416" total="1468416" percent="100" />
    </mem>
    <remembered-set count="1754" />
  </mem-info>
</gc-end>
<cycle-end id="1373" type="scavenge" contextid="1367" timestamp="2024-07-18T15:29:05.420" />
<allocation-satisfied id="1374" threadId="00000000007FF700" bytesRequested="80" />
<af-end id="1375" timestamp="2024-07-18T15:29:05.420" threadId="0000000000800138" success="true" from="nursery"/>
<exclusive-end id="1376" timestamp="2024-07-18T15:29:05.420" durationms="6.097" />

<exclusive-start id="1377" timestamp="2024-07-18T15:29:05.560" intervalms="145.488">
  <response-info timems="0.038" idlems="0.038" threads="0" lastid="00000000005AEB00" lastname="Start Level: Equinox Container: 2ef77660-fdfb-41f4-a40a-6619a32" />
</exclusive-start>
<af-start id="1378" threadId="00000000005AF538" totalBytesRequested="40" timestamp="2024-07-18T15:29:05.560" intervalms="145.647" type="nursery" />
<cycle-start id="1379" type="scavenge" contextid="0" timestamp="2024-07-18T15:29:05.561" intervalms="145.657" />
<gc-start id="1380" type="scavenge" contextid="1379" timestamp="2024-07-18T15:29:05.561">
  <mem-info id="1381" free="5751464" total="54001664" percent="10">
    <mem type="nursery" free="0" total="24641536" percent="0">
      <mem type="allocate" free="0" total="16842752" percent="0" />
      <mem type="survivor" free="0" total="7798784" percent="0" />
    </mem>
    <mem type="tenure" free="5751464" total="29360128" percent="19">
      <mem type="soa" free="4283048" total="27891712" percent="15" />
      <mem type="loa" free="1468416" total="1468416" percent="100" />
    </mem>
    <remembered-set count="3963" />
  </mem-info>
</gc-start>
<allocation-stats totalBytes="12765744" discardedBytes="7168" >
  <allocated-bytes non-tlh="495488" tlh="12270256" />
  <largest-consumer threadName="Default Executor-thread-1" threadId="00000000007FF700" bytes="11006648" />
</allocation-stats>
<gc-op id="1382" type="scavenge" timems="3.718" contextid="1379" timestamp="2024-07-18T15:29:05.566">
  <scavenger-info tenureage="3" tenuremask="fbf8" tiltratio="68" />
  <memory-copied type="nursery" objects="74277" bytes="4104440" bytesdiscarded="55032" />
  <memory-copied type="tenure" objects="14297" bytes="419248" bytesdiscarded="400" />
  <finalization candidates="18" enqueued="11" />
  <ownableSynchronizers candidates="408" cleared="93" />
  <references type="soft" candidates="111" cleared="0" enqueued="0" dynamicThreshold="9" maxThreshold="32" />
  <references type="weak" candidates="471" cleared="62" enqueued="62" />
  <references type="phantom" candidates="253" cleared="0" enqueued="0" />
  <object-monitors candidates="30" cleared="0"  />
</gc-op>
<gc-end id="1383" type="scavenge" contextid="1379" durationms="4.816" usertimems="9.697" systemtimems="2.791" stalltimems="5.648" timestamp="2024-07-18T15:29:05.566" activeThreads="5">
  <mem-info id="1384" free="18413280" total="54001664" percent="34">
    <mem type="nursery" free="13268536" total="24641536" percent="53">
      <mem type="allocate" free="13268536" total="17432576" percent="76" />
      <mem type="survivor" free="0" total="7208960" percent="0" />
    </mem>
    <mem type="tenure" free="5144744" total="29360128" percent="17">
      <mem type="soa" free="3676328" total="27891712" percent="13" />
      <mem type="loa" free="1468416" total="1468416" percent="100" />
    </mem>
    <pending-finalizers system="11" default="0" reference="62" classloader="0" />
    <remembered-set count="2158" />
  </mem-info>
</gc-end>
<cycle-end id="1385" type="scavenge" contextid="1379" timestamp="2024-07-18T15:29:05.566" />
<allocation-satisfied id="1386" threadId="00000000005AEB00" bytesRequested="40" />
<af-end id="1387" timestamp="2024-07-18T15:29:05.567" threadId="00000000005AF538" success="true" from="nursery"/>
<exclusive-end id="1388" timestamp="2024-07-18T15:29:05.567" durationms="7.561" />

<exclusive-start id="1389" timestamp="2024-07-18T15:29:05.651" intervalms="91.523">
  <response-info timems="0.074" idlems="0.074" threads="0" lastid="00000000005BE800" lastname="Equinox start level thread - Equinox Container: 2ef77660-fdfb-4" />
</exclusive-start>
<af-start id="1390" threadId="00000000005BF238" totalBytesRequested="80" timestamp="2024-07-18T15:29:05.652" intervalms="91.274" type="nursery" />
<cycle-start id="1391" type="scavenge" contextid="0" timestamp="2024-07-18T15:29:05.652" intervalms="91.285" />
<gc-start id="1392" type="scavenge" contextid="1391" timestamp="2024-07-18T15:29:05.652">
  <mem-info id="1393" free="5031520" total="54001664" percent="9">
    <mem type="nursery" free="0" total="24641536" percent="0">
      <mem type="allocate" free="0" total="17432576" percent="0" />
      <mem type="survivor" free="0" total="7208960" percent="0" />
    </mem>
    <mem type="tenure" free="5031520" total="29360128" percent="17">
      <mem type="soa" free="3563104" total="27891712" percent="12" />
      <mem type="loa" free="1468416" total="1468416" percent="100" />
    </mem>
    <remembered-set count="4271" />
  </mem-info>
</gc-start>
<allocation-stats totalBytes="13374240" discardedBytes="7520" >
  <allocated-bytes non-tlh="252560" tlh="13121680" />
  <largest-consumer threadName="Start Level: Equinox Container: 2ef77660-fdfb-41f4-a40a-6619a324a97c" threadId="00000000005AEB00" bytes="3087200" />
</allocation-stats>
<gc-op id="1394" type="scavenge" timems="3.877" contextid="1391" timestamp="2024-07-18T15:29:05.657">
  <scavenger-info tenureage="14" tenuremask="4000" tiltratio="70" />
  <memory-copied type="nursery" objects="120536" bytes="5666744" bytesdiscarded="77592" />
  <finalization candidates="38" enqueued="20" />
  <ownableSynchronizers candidates="1837" cleared="625" />
  <references type="soft" candidates="628" cleared="0" enqueued="0" dynamicThreshold="9" maxThreshold="32" />
  <references type="weak" candidates="818" cleared="165" enqueued="165" />
  <references type="phantom" candidates="289" cleared="8" enqueued="8" />
  <object-monitors candidates="32" cleared="0"  />
</gc-op>
<gc-end id="1395" type="scavenge" contextid="1391" durationms="5.016" usertimems="11.423" systemtimems="3.122" stalltimems="4.548" timestamp="2024-07-18T15:29:05.658" activeThreads="5">
  <mem-info id="1396" free="15723264" total="54001664" percent="29">
    <mem type="nursery" free="10691744" total="24641536" percent="43">
      <mem type="allocate" free="10691744" total="16449536" percent="64" />
      <mem type="survivor" free="0" total="8192000" percent="0" />
    </mem>
    <mem type="tenure" free="5031520" total="29360128" percent="17">
      <mem type="soa" free="3563104" total="27891712" percent="12" />
      <mem type="loa" free="1468416" total="1468416" percent="100" />
    </mem>
    <pending-finalizers system="20" default="0" reference="173" classloader="0" />
    <remembered-set count="3825" />
  </mem-info>
</gc-end>
<cycle-end id="1397" type="scavenge" contextid="1391" timestamp="2024-07-18T15:29:05.658" />
<allocation-satisfied id="1398" threadId="00000000005BE800" bytesRequested="80" />
<af-end id="1399" timestamp="2024-07-18T15:29:05.659" threadId="00000000005BF238" success="true" from="nursery"/>
<exclusive-end id="1400" timestamp="2024-07-18T15:29:05.659" durationms="7.452" />

<exclusive-start id="1401" timestamp="2024-07-18T15:29:05.702" intervalms="50.985">
  <response-info timems="0.170" idlems="0.121" threads="1" lastid="00000000005CA200" lastname="Equinox start level thread - Equinox Container: 2ef77660-fdfb-4" />
</exclusive-start>
<af-start id="1402" threadId="00000000005D2A38" totalBytesRequested="48" timestamp="2024-07-18T15:29:05.703" intervalms="51.113" type="nursery" />
<cycle-start id="1403" type="scavenge" contextid="0" timestamp="2024-07-18T15:29:05.703" intervalms="51.068" />
<gc-start id="1404" type="scavenge" contextid="1403" timestamp="2024-07-18T15:29:05.704">
  <mem-info id="1405" free="4915968" total="54001664" percent="9">
    <mem type="nursery" free="0" total="24641536" percent="0">
      <mem type="allocate" free="0" total="16449536" percent="0" />
      <mem type="survivor" free="0" total="8192000" percent="0" />
    </mem>
    <mem type="tenure" free="4915968" total="29360128" percent="16">
      <mem type="soa" free="3447552" total="27891712" percent="12" />
      <mem type="loa" free="1468416" total="1468416" percent="100" />
    </mem>
    <remembered-set count="5605" />
  </mem-info>
</gc-start>
<allocation-stats totalBytes="10781432" discardedBytes="25864" >
  <allocated-bytes non-tlh="427096" tlh="10354336" />
  <largest-consumer threadName="Equinox start level thread - Equinox Container: 2ef77660-fdfb-41f4-a40a-6619a324a97c" threadId="00000000005BE800" bytes="2690232" />
</allocation-stats>
<gc-op id="1406" type="scavenge" timems="4.640" contextid="1403" timestamp="2024-07-18T15:29:05.709">
  <scavenger-info tenureage="4" tenuremask="6010" tiltratio="66" />
  <memory-copied type="nursery" objects="118860" bytes="5699296" bytesdiscarded="181760" />
  <memory-copied type="tenure" objects="28502" bytes="969048" bytesdiscarded="168" />
  <finalization candidates="24" enqueued="4" />
  <ownableSynchronizers candidates="2519" cleared="635" />
  <references type="soft" candidates="1212" cleared="0" enqueued="0" dynamicThreshold="9" maxThreshold="32" />
  <references type="weak" candidates="1035" cleared="149" enqueued="149" />
  <references type="phantom" candidates="291" cleared="6" enqueued="6" />
  <object-monitors candidates="47" cleared="4"  />
</gc-op>
<heap-resize id="1407" type="expand" space="nursery" amount="1572864" count="1" timems="0.051" reason="excessive time being spent scavenging" timestamp="2024-07-18T15:29:05.709" />
<gc-end id="1408" type="scavenge" contextid="1403" durationms="5.994" usertimems="5.775" systemtimems="11.799" stalltimems="5.677" timestamp="2024-07-18T15:29:05.710" activeThreads="5">
  <mem-info id="1409" free="16534888" total="55574528" percent="29">
    <mem type="nursery" free="12846696" total="26214400" percent="49">
      <mem type="allocate" free="12846696" total="18743296" percent="68" />
      <mem type="survivor" free="0" total="7471104" percent="0" />
    </mem>
    <mem type="tenure" free="3688192" total="29360128" percent="12">
      <mem type="soa" free="2219776" total="27891712" percent="7" />
      <mem type="loa" free="1468416" total="1468416" percent="100" />
    </mem>
    <pending-finalizers system="4" default="0" reference="155" classloader="0" />
    <remembered-set count="4557" />
  </mem-info>
</gc-end>
<cycle-end id="1410" type="scavenge" contextid="1403" timestamp="2024-07-18T15:29:05.710" />
<allocation-satisfied id="1411" threadId="00000000005D2000" bytesRequested="48" />
<af-end id="1412" timestamp="2024-07-18T15:29:05.710" threadId="00000000005D2A38" success="true" from="nursery"/>
<exclusive-end id="1413" timestamp="2024-07-18T15:29:05.711" durationms="8.199" />

<concurrent-kickoff id="1414" timestamp="2024-07-18T15:29:05.752">
  <kickoff reason="threshold reached" targetBytes="12576350" thresholdFreeBytes="1744531"  remainingFree="1655104" tenureFreeBytes="3573472" nurseryFreeBytes="1655104" />
</concurrent-kickoff>
<exclusive-start id="1415" timestamp="2024-07-18T15:29:05.753" intervalms="50.694">
  <response-info timems="0.043" idlems="0.043" threads="0" lastid="00000000005D2000" lastname="Equinox start level thread - Equinox Container: 2ef77660-fdfb-4" />
</exclusive-start>
<cycle-start id="1416" type="global" contextid="0" timestamp="2024-07-18T15:29:05.753" intervalms="969.834" />
<concurrent-start id="1417" type="global mark" contextid="1416" timestamp="2024-07-18T15:29:05.754">
</concurrent-start>
<exclusive-end id="1418" timestamp="2024-07-18T15:29:05.754" durationms="0.803" />

<concurrent-end id="1419" type="global mark" contextid="1416" timestamp="2024-07-18T15:29:05.765">
<gc-op id="1420" type="trace" timems="11.086" contextid="1416" timestamp="2024-07-18T15:29:05.765">
  <trace bytesTraced="11882688" workStackOverflowCount="0" />
  <card-cleaning reason="card cleaning threshold reached" bytesTraced="27452" cardsCleaned="90" />
</gc-op>
</concurrent-end>

<exclusive-start id="1421" timestamp="2024-07-18T15:29:05.765" intervalms="12.265">
  <response-info timems="0.060" idlems="0.060" threads="0" lastid="00000000005CA200" lastname="Equinox start level thread - Equinox Container: 2ef77660-fdfb-4" />
</exclusive-start>
<concurrent-global-final id="1422" timestamp="2024-07-18T15:29:05.766" contextid="1416" intervalms="965.811" >
  <concurrent-trace-info reason="card cleaning threshold reached" tracedByMutators="7627024" tracedByHelpers="4283116" cardsCleaned="90" workStackOverflowCount="0" />
</concurrent-global-final>
<gc-start id="1423" type="global" contextid="1416" timestamp="2024-07-18T15:29:05.766">
  <mem-info id="1424" free="4046248" total="55574528" percent="7">
    <mem type="nursery" free="475456" total="26214400" percent="1">
      <mem type="allocate" free="475456" total="18743296" percent="2" />
      <mem type="survivor" free="0" total="7471104" percent="0" />
    </mem>
    <mem type="tenure" free="3570792" total="29360128" percent="12">
      <mem type="soa" free="2102376" total="27891712" percent="7" />
      <mem type="loa" free="1468416" total="1468416" percent="100" />
    </mem>
    <remembered-set count="6900" />
  </mem-info>
</gc-start>
<allocation-stats totalBytes="12483344" discardedBytes="5296" >
  <allocated-bytes non-tlh="786416" tlh="11696928" />
  <largest-consumer threadName="Equinox start level thread - Equinox Container: 2ef77660-fdfb-41f4-a40a-6619a324a97c" threadId="00000000005D2000" bytes="4421272" />
</allocation-stats>
<gc-op id="1425" type="rs-scan" timems="2.217" contextid="1416" timestamp="2024-07-18T15:29:05.769">
  <scan objectsFound="150429" bytesTraced="5001248" workStackOverflowCount="0" />
</gc-op>
<gc-op id="1426" type="card-cleaning" timems="0.698" contextid="1416" timestamp="2024-07-18T15:29:05.770">
  <card-cleaning cardsCleaned="37" bytesTraced="62500" workStackOverflowCount="0" />
</gc-op>
<gc-op id="1427" type="mark" timems="8.063" contextid="1416" timestamp="2024-07-18T15:29:05.778">
  <trace-info objectcount="3352" scancount="3035" scanbytes="90076" />
  <finalization candidates="723" enqueued="9" />
  <ownableSynchronizers candidates="3774" cleared="257" />
  <references type="soft" candidates="6994" cleared="0" enqueued="0" dynamicThreshold="9" maxThreshold="32" />
  <references type="weak" candidates="2623" cleared="166" enqueued="166" />
  <references type="phantom" candidates="309" cleared="1" enqueued="1" />
  <stringconstants candidates="15687" cleared="42"  />
  <object-monitors candidates="48" cleared="6"  />
</gc-op>
<gc-op id="1428" type="classunload" timems="0.031" contextid="1416" timestamp="2024-07-18T15:29:05.779">
  <classunload-info classloadercandidates="134" classloadersunloaded="0" classesunloaded="0" anonymousclassesunloaded="0" quiescems="0.000" setupms="0.029" scanms="0.002" postms="0.000" />
</gc-op>
<gc-op id="1429" type="sweep" timems="1.335" contextid="1416" timestamp="2024-07-18T15:29:05.780" />
<gc-end id="1430" type="global" contextid="1416" durationms="14.347" usertimems="31.275" systemtimems="7.786" stalltimems="89.311" timestamp="2024-07-18T15:29:05.780" activeThreads="12">
  <mem-info id="1431" free="20790272" total="55574528" percent="37">
    <mem type="nursery" free="11843616" total="26214400" percent="45">
      <mem type="allocate" free="11843616" total="18743296" percent="63" />
      <mem type="survivor" free="0" total="7471104" percent="0" />
    </mem>
    <mem type="tenure" free="8946656" total="29360128" percent="30" micro-fragmented="507014" macro-fragmented="0">
      <mem type="soa" free="7478240" total="27891712" percent="26" />
      <mem type="loa" free="1468416" total="1468416" percent="100" />
    </mem>
    <pending-finalizers system="9" default="0" reference="167" classloader="0" />
    <remembered-set count="6147" />
  </mem-info>
</gc-end>
<cycle-end id="1432" type="global" contextid="1416" timestamp="2024-07-18T15:29:05.781" />
<exclusive-end id="1433" timestamp="2024-07-18T15:29:05.781" durationms="15.549" />

<exclusive-start id="1434" timestamp="2024-07-18T15:29:05.818" intervalms="52.288">
  <response-info timems="0.110" idlems="0.059" threads="1" lastid="00000000005BE800" lastname="Equinox start level thread - Equinox Container: 2ef77660-fdfb-4" />
</exclusive-start>
<af-start id="1435" threadId="00000000005C2F38" totalBytesRequested="1040" timestamp="2024-07-18T15:29:05.818" intervalms="115.150" type="nursery" />
<cycle-start id="1436" type="scavenge" contextid="0" timestamp="2024-07-18T15:29:05.818" intervalms="115.057" />
<gc-start id="1437" type="scavenge" contextid="1436" timestamp="2024-07-18T15:29:05.819">
  <mem-info id="1438" free="8827240" total="55574528" percent="15">
    <mem type="nursery" free="0" total="26214400" percent="0">
      <mem type="allocate" free="0" total="18743296" percent="0" />
      <mem type="survivor" free="0" total="7471104" percent="0" />
    </mem>
    <mem type="tenure" free="8827240" total="29360128" percent="30">
      <mem type="soa" free="7358824" total="27891712" percent="26" />
      <mem type="loa" free="1468416" total="1468416" percent="100" />
    </mem>
    <remembered-set count="7760" />
  </mem-info>
</gc-start>
<allocation-stats totalBytes="11865736" discardedBytes="76528" >
  <allocated-bytes non-tlh="985448" tlh="10880288" />
  <largest-consumer threadName="Equinox start level thread - Equinox Container: 2ef77660-fdfb-41f4-a40a-6619a324a97c" threadId="00000000005D2000" bytes="4614200" />
</allocation-stats>
<gc-op id="1439" type="scavenge" timems="5.543" contextid="1436" timestamp="2024-07-18T15:29:05.825">
  <scavenger-info tenureage="4" tenuremask="7010" tiltratio="71" />
  <memory-copied type="nursery" objects="149632" bytes="6483552" bytesdiscarded="90192" />
  <memory-copied type="tenure" objects="18378" bytes="623296" bytesdiscarded="1168" />
  <finalization candidates="61" enqueued="35" />
  <ownableSynchronizers candidates="7810" cleared="5084" />
  <references type="soft" candidates="1975" cleared="0" enqueued="0" dynamicThreshold="9" maxThreshold="32" />
  <references type="weak" candidates="1617" cleared="181" enqueued="181" />
  <references type="phantom" candidates="280" cleared="4" enqueued="4" />
  <object-monitors candidates="42" cleared="0"  />
</gc-op>
<gc-end id="1440" type="scavenge" contextid="1436" durationms="6.430" usertimems="21.974" systemtimems="5.424" stalltimems="7.287" timestamp="2024-07-18T15:29:05.825" activeThreads="6">
  <mem-info id="1441" free="19501704" total="55574528" percent="35">
    <mem type="nursery" free="11424656" total="26214400" percent="43">
      <mem type="allocate" free="11424656" total="18022400" percent="63" />
      <mem type="survivor" free="0" total="8192000" percent="0" />
    </mem>
    <mem type="tenure" free="8077048" total="29360128" percent="27">
      <mem type="soa" free="6608632" total="27891712" percent="23" />
      <mem type="loa" free="1468416" total="1468416" percent="100" />
    </mem>
    <pending-finalizers system="35" default="0" reference="185" classloader="0" />
    <remembered-set count="6332" />
  </mem-info>
</gc-end>
<cycle-end id="1442" type="scavenge" contextid="1436" timestamp="2024-07-18T15:29:05.825" />
<allocation-satisfied id="1443" threadId="00000000005C2500" bytesRequested="1040" />
<af-end id="1444" timestamp="2024-07-18T15:29:05.826" threadId="00000000005C2F38" success="true" from="nursery"/>
<exclusive-end id="1445" timestamp="2024-07-18T15:29:05.826" durationms="8.366" />

<exclusive-start id="1446" timestamp="2024-07-18T15:29:05.866" intervalms="48.205">
  <response-info timems="0.059" idlems="0.059" threads="0" lastid="00000000005BE800" lastname="Equinox start level thread - Equinox Container: 2ef77660-fdfb-4" />
</exclusive-start>
<af-start id="1447" threadId="00000000005BF238" totalBytesRequested="40" timestamp="2024-07-18T15:29:05.866" intervalms="48.206" type="nursery" />
<cycle-start id="1448" type="scavenge" contextid="0" timestamp="2024-07-18T15:29:05.866" intervalms="48.230" />
<gc-start id="1449" type="scavenge" contextid="1448" timestamp="2024-07-18T15:29:05.867">
  <mem-info id="1450" free="7950016" total="55574528" percent="14">
    <mem type="nursery" free="0" total="26214400" percent="0">
      <mem type="allocate" free="0" total="18022400" percent="0" />
      <mem type="survivor" free="0" total="8192000" percent="0" />
    </mem>
    <mem type="tenure" free="7950016" total="29360128" percent="27">
      <mem type="soa" free="6481600" total="27891712" percent="23" />
      <mem type="loa" free="1468416" total="1468416" percent="100" />
    </mem>
    <remembered-set count="8285" />
  </mem-info>
</gc-start>
<allocation-stats totalBytes="11538384" discardedBytes="8936" >
  <allocated-bytes non-tlh="292240" tlh="11246144" />
  <largest-consumer threadName="Equinox start level thread - Equinox Container: 2ef77660-fdfb-41f4-a40a-6619a324a97c" threadId="00000000005BE800" bytes="4446248" />
</allocation-stats>
<gc-op id="1451" type="scavenge" timems="5.675" contextid="1448" timestamp="2024-07-18T15:29:05.873">
  <scavenger-info tenureage="11" tenuremask="7800" tiltratio="68" />
  <memory-copied type="nursery" objects="162015" bytes="6781424" bytesdiscarded="112936" />
  <finalization candidates="26" enqueued="0" />
  <ownableSynchronizers candidates="3283" cleared="243" />
  <references type="soft" candidates="2493" cleared="0" enqueued="0" dynamicThreshold="9" maxThreshold="32" />
  <references type="weak" candidates="1738" cleared="125" enqueued="125" />
  <references type="phantom" candidates="270" cleared="0" enqueued="0" />
  <object-monitors candidates="42" cleared="1"  />
</gc-op>
<heap-resize id="1452" type="expand" space="nursery" amount="1966080" count="1" timems="0.062" reason="excessive time being spent scavenging" timestamp="2024-07-18T15:29:05.873" />
<gc-end id="1453" type="scavenge" contextid="1448" durationms="6.839" usertimems="28.397" systemtimems="0.000" stalltimems="11.035" timestamp="2024-07-18T15:29:05.874" activeThreads="7">
  <mem-info id="1454" free="20297544" total="57540608" percent="35">
    <mem type="nursery" free="12347528" total="28180480" percent="43">
      <mem type="allocate" free="12347528" total="19267584" percent="64" />
      <mem type="survivor" free="0" total="8912896" percent="0" />
    </mem>
    <mem type="tenure" free="7950016" total="29360128" percent="27">
      <mem type="soa" free="6481600" total="27891712" percent="23" />
      <mem type="loa" free="1468416" total="1468416" percent="100" />
    </mem>
    <pending-finalizers system="0" default="0" reference="125" classloader="0" />
    <remembered-set count="7052" />
  </mem-info>
</gc-end>
<cycle-end id="1455" type="scavenge" contextid="1448" timestamp="2024-07-18T15:29:05.874" />
<allocation-satisfied id="1456" threadId="00000000005BE800" bytesRequested="40" />
<af-end id="1457" timestamp="2024-07-18T15:29:05.874" threadId="00000000005BF238" success="true" from="nursery"/>
<exclusive-end id="1458" timestamp="2024-07-18T15:29:05.874" durationms="8.476" />

<exclusive-start id="1459" timestamp="2024-07-18T15:29:05.920" intervalms="54.258">
  <response-info timems="0.065" idlems="0.065" threads="0" lastid="00000000005C2500" lastname="Equinox start level thread - Equinox Container: 2ef77660-fdfb-4" />
</exclusive-start>
<af-start id="1460" threadId="00000000005C2F38" totalBytesRequested="16" timestamp="2024-07-18T15:29:05.920" intervalms="54.235" type="nursery" />
<cycle-start id="1461" type="scavenge" contextid="0" timestamp="2024-07-18T15:29:05.921" intervalms="54.270" />
<gc-start id="1462" type="scavenge" contextid="1461" timestamp="2024-07-18T15:29:05.922">
  <mem-info id="1463" free="7860392" total="57540608" percent="13">
    <mem type="nursery" free="0" total="28180480" percent="0">
      <mem type="allocate" free="0" total="19267584" percent="0" />
      <mem type="survivor" free="0" total="8912896" percent="0" />
    </mem>
    <mem type="tenure" free="7860392" total="29360128" percent="26">
      <mem type="soa" free="6391976" total="27891712" percent="22" />
      <mem type="loa" free="1468416" total="1468416" percent="100" />
    </mem>
    <remembered-set count="8771" />
  </mem-info>
</gc-start>
<allocation-stats totalBytes="12422928" discardedBytes="10616" >
  <allocated-bytes non-tlh="467144" tlh="11955784" />
  <largest-consumer threadName="Equinox start level thread - Equinox Container: 2ef77660-fdfb-41f4-a40a-6619a324a97c" threadId="00000000005BE800" bytes="5560984" />
</allocation-stats>
<gc-op id="1464" type="scavenge" timems="7.199" contextid="1461" timestamp="2024-07-18T15:29:05.929">
  <scavenger-info tenureage="10" tenuremask="7c00" tiltratio="68" />
  <memory-copied type="nursery" objects="188319" bytes="8176336" bytesdiscarded="54032" />
  <finalization candidates="58" enqueued="32" />
  <ownableSynchronizers candidates="3803" cleared="334" />
  <references type="soft" candidates="3112" cleared="0" enqueued="0" dynamicThreshold="9" maxThreshold="32" />
  <references type="weak" candidates="2099" cleared="143" enqueued="143" />
  <references type="phantom" candidates="298" cleared="14" enqueued="14" />
  <object-monitors candidates="41" cleared="0"  />
</gc-op>
<heap-resize id="1465" type="expand" space="nursery" amount="2097152" count="1" timems="0.095" reason="excessive time being spent scavenging" timestamp="2024-07-18T15:29:05.930" />
<gc-end id="1466" type="scavenge" contextid="1461" durationms="8.312" usertimems="24.570" systemtimems="16.212" stalltimems="17.237" timestamp="2024-07-18T15:29:05.930" activeThreads="8">
  <mem-info id="1467" free="18540248" total="59637760" percent="31">
    <mem type="nursery" free="10679856" total="30277632" percent="35">
      <mem type="allocate" free="10679856" total="18939904" percent="56" />
      <mem type="survivor" free="0" total="11337728" percent="0" />
    </mem>
    <mem type="tenure" free="7860392" total="29360128" percent="26">
      <mem type="soa" free="6391976" total="27891712" percent="22" />
      <mem type="loa" free="1468416" total="1468416" percent="100" />
    </mem>
    <pending-finalizers system="32" default="0" reference="157" classloader="0" />
    <remembered-set count="6725" />
  </mem-info>
</gc-end>
<cycle-end id="1468" type="scavenge" contextid="1461" timestamp="2024-07-18T15:29:05.930" />
<allocation-satisfied id="1469" threadId="00000000005C2500" bytesRequested="16" />
<af-end id="1470" timestamp="2024-07-18T15:29:05.931" threadId="00000000005C2F38" success="true" from="nursery"/>
<exclusive-end id="1471" timestamp="2024-07-18T15:29:05.931" durationms="10.848" />

<exclusive-start id="1472" timestamp="2024-07-18T15:29:06.094" intervalms="173.853">
  <response-info timems="0.092" idlems="0.056" threads="1" lastid="0000000000022100" lastname="JIT Compilation Thread-000" />
</exclusive-start>
<af-start id="1473" threadId="00000000005AF538" totalBytesRequested="226560" timestamp="2024-07-18T15:29:06.094" intervalms="173.906" type="nursery" />
<cycle-start id="1474" type="scavenge" contextid="0" timestamp="2024-07-18T15:29:06.095" intervalms="174.007" />
<gc-start id="1475" type="scavenge" contextid="1474" timestamp="2024-07-18T15:29:06.096">
  <mem-info id="1476" free="7573768" total="59637760" percent="12">
    <mem type="nursery" free="9776" total="30277632" percent="0">
      <mem type="allocate" free="9776" total="18939904" percent="0" />
      <mem type="survivor" free="0" total="11337728" percent="0" />
    </mem>
    <mem type="tenure" free="7563992" total="29360128" percent="25">
      <mem type="soa" free="6095576" total="27891712" percent="21" />
      <mem type="loa" free="1468416" total="1468416" percent="100" />
    </mem>
    <remembered-set count="10699" />
  </mem-info>
</gc-start>
<allocation-stats totalBytes="10937584" discardedBytes="17104" >
  <allocated-bytes non-tlh="335696" tlh="10601888" />
  <largest-consumer threadName="Equinox start level thread - Equinox Container: 2ef77660-fdfb-41f4-a40a-6619a324a97c" threadId="00000000005CA200" bytes="5085232" />
</allocation-stats>
<gc-op id="1477" type="scavenge" timems="8.735" contextid="1474" timestamp="2024-07-18T15:29:06.105">
  <scavenger-info tenureage="4" tenuremask="7e70" tiltratio="62" />
  <memory-copied type="nursery" objects="120002" bytes="5783264" bytesdiscarded="184512" />
  <memory-copied type="tenure" objects="95972" bytes="3262352" bytesdiscarded="2640" />
  <finalization candidates="159" enqueued="133" />
  <ownableSynchronizers candidates="4128" cleared="170" />
  <references type="soft" candidates="2542" cleared="0" enqueued="0" dynamicThreshold="9" maxThreshold="32" />
  <references type="weak" candidates="1797" cleared="368" enqueued="368" />
  <references type="phantom" candidates="337" cleared="67" enqueued="67" />
  <object-monitors candidates="44" cleared="0"  />
</gc-op>
<gc-end id="1478" type="scavenge" contextid="1474" durationms="9.759" usertimems="0.000" systemtimems="55.354" stalltimems="12.820" timestamp="2024-07-18T15:29:06.105" activeThreads="8">
  <mem-info id="1479" free="17986624" total="59637760" percent="30">
    <mem type="nursery" free="13935032" total="30277632" percent="46">
      <mem type="allocate" free="13935032" total="19922944" percent="69" />
      <mem type="survivor" free="0" total="10354688" percent="0" />
    </mem>
    <mem type="tenure" free="4051592" total="29360128" percent="13">
      <mem type="soa" free="2583176" total="27891712" percent="9" />
      <mem type="loa" free="1468416" total="1468416" percent="100" />
    </mem>
    <pending-finalizers system="133" default="0" reference="435" classloader="0" />
    <remembered-set count="8718" />
  </mem-info>
</gc-end>
<cycle-end id="1480" type="scavenge" contextid="1474" timestamp="2024-07-18T15:29:06.106" />
<allocation-satisfied id="1481" threadId="00000000005AEB00" bytesRequested="226560" />
<af-end id="1482" timestamp="2024-07-18T15:29:06.106" threadId="00000000005AF538" success="true" from="nursery"/>
<exclusive-end id="1483" timestamp="2024-07-18T15:29:06.107" durationms="12.882" />

<concurrent-kickoff id="1484" timestamp="2024-07-18T15:29:06.186">
  <kickoff reason="threshold reached" targetBytes="12439620" thresholdFreeBytes="1724028"  remainingFree="1715368" tenureFreeBytes="3958080" nurseryFreeBytes="1715368" />
</concurrent-kickoff>
<exclusive-start id="1485" timestamp="2024-07-18T15:29:06.186" intervalms="92.266">
  <response-info timems="0.049" idlems="0.027" threads="1" lastid="000000000074EF00" lastname="Config-Thread-2" />
</exclusive-start>
<cycle-start id="1486" type="global" contextid="0" timestamp="2024-07-18T15:29:06.187" intervalms="433.209" />
<concurrent-start id="1487" type="global mark" contextid="1486" timestamp="2024-07-18T15:29:06.187">
</concurrent-start>
<exclusive-end id="1488" timestamp="2024-07-18T15:29:06.187" durationms="0.973" />

<concurrent-end id="1489" type="global mark" contextid="1486" timestamp="2024-07-18T15:29:06.212">
<gc-op id="1490" type="trace" timems="25.291" contextid="1486" timestamp="2024-07-18T15:29:06.212">
  <trace bytesTraced="15706424" workStackOverflowCount="0" />
  <card-cleaning reason="card cleaning threshold reached" bytesTraced="48168" cardsCleaned="181" />
</gc-op>
</concurrent-end>

<exclusive-start id="1491" timestamp="2024-07-18T15:29:06.213" intervalms="26.789">
  <response-info timems="0.072" idlems="0.070" threads="1" lastid="000000000074EF00" lastname="Config-Thread-2" />
</exclusive-start>
<concurrent-global-final id="1492" timestamp="2024-07-18T15:29:06.213" contextid="1486" intervalms="447.671" >
  <concurrent-trace-info reason="card cleaning threshold reached" tracedByMutators="3329532" tracedByHelpers="12425060" cardsCleaned="181" workStackOverflowCount="0" />
</concurrent-global-final>
<gc-start id="1493" type="global" contextid="1486" timestamp="2024-07-18T15:29:06.214">
  <mem-info id="1494" free="3994128" total="59637760" percent="6">
    <mem type="nursery" free="71968" total="30277632" percent="0">
      <mem type="allocate" free="71968" total="19922944" percent="0" />
      <mem type="survivor" free="0" total="10354688" percent="0" />
    </mem>
    <mem type="tenure" free="3922160" total="29360128" percent="13">
      <mem type="soa" free="2453744" total="27891712" percent="8" />
      <mem type="loa" free="1468416" total="1468416" percent="100" />
    </mem>
    <remembered-set count="11016" />
  </mem-info>
</gc-start>
<allocation-stats totalBytes="13966440" discardedBytes="24600" >
  <allocated-bytes non-tlh="449664" tlh="13516776" />
  <largest-consumer threadName="Start Level: Equinox Container: 2ef77660-fdfb-41f4-a40a-6619a324a97c" threadId="00000000005AEB00" bytes="12418792" />
</allocation-stats>
<gc-op id="1495" type="rs-scan" timems="2.813" contextid="1486" timestamp="2024-07-18T15:29:06.217">
  <scan objectsFound="133414" bytesTraced="4647500" workStackOverflowCount="0" />
</gc-op>
<gc-op id="1496" type="card-cleaning" timems="0.851" contextid="1486" timestamp="2024-07-18T15:29:06.218">
  <card-cleaning cardsCleaned="8" bytesTraced="22112" workStackOverflowCount="0" />
</gc-op>
<gc-op id="1497" type="mark" timems="10.306" contextid="1486" timestamp="2024-07-18T15:29:06.229">
  <trace-info objectcount="11418" scancount="10307" scanbytes="269096" />
  <finalization candidates="753" enqueued="38" />
  <ownableSynchronizers candidates="5849" cleared="234" />
  <references type="soft" candidates="9466" cleared="1255" enqueued="1241" dynamicThreshold="9" maxThreshold="32" />
  <references type="weak" candidates="4048" cleared="243" enqueued="238" />
  <references type="phantom" candidates="362" cleared="20" enqueued="20" />
  <stringconstants candidates="21455" cleared="41"  />
  <object-monitors candidates="47" cleared="0"  />
</gc-op>
<gc-op id="1498" type="classunload" timems="0.898" contextid="1486" timestamp="2024-07-18T15:29:06.230">
  <classunload-info classloadercandidates="259" classloadersunloaded="15" classesunloaded="5" anonymousclassesunloaded="0" quiescems="0.000" setupms="0.861" scanms="0.026" postms="0.010" />
</gc-op>
<gc-op id="1499" type="sweep" timems="1.423" contextid="1486" timestamp="2024-07-18T15:29:06.232" />
<heap-resize id="1500" type="expand" space="tenure" amount="6422528" count="1" timems="0.128" reason="insufficient free space following gc" timestamp="2024-07-18T15:29:06.232" />
<gc-end id="1501" type="global" contextid="1486" durationms="18.840" usertimems="33.826" systemtimems="18.649" stalltimems="108.097" timestamp="2024-07-18T15:29:06.233" activeThreads="12">
  <mem-info id="1502" free="23407864" total="66060288" percent="35">
    <mem type="nursery" free="12631296" total="30277632" percent="41">
      <mem type="allocate" free="12631296" total="19922944" percent="63" />
      <mem type="survivor" free="0" total="10354688" percent="0" />
    </mem>
    <mem type="tenure" free="10776568" total="35782656" percent="30" micro-fragmented="772324" macro-fragmented="0">
      <mem type="soa" free="8986616" total="33992704" percent="26" />
      <mem type="loa" free="1789952" total="1789952" percent="100" />
    </mem>
    <pending-finalizers system="38" default="0" reference="1499" classloader="0" />
    <remembered-set count="9865" />
  </mem-info>
</gc-end>
<cycle-end id="1503" type="global" contextid="1486" timestamp="2024-07-18T15:29:06.233" />
<exclusive-end id="1504" timestamp="2024-07-18T15:29:06.233" durationms="20.236" />

<exclusive-start id="1505" timestamp="2024-07-18T15:29:06.498" intervalms="285.282">
  <response-info timems="0.045" idlems="0.045" threads="0" lastid="00000000005AEB00" lastname="Start Level: Equinox Container: 2ef77660-fdfb-41f4-a40a-6619a32" />
</exclusive-start>
<af-start id="1506" threadId="00000000005AF538" totalBytesRequested="8608" timestamp="2024-07-18T15:29:06.499" intervalms="404.302" type="nursery" />
<cycle-start id="1507" type="scavenge" contextid="0" timestamp="2024-07-18T15:29:06.499" intervalms="404.202" />
<gc-start id="1508" type="scavenge" contextid="1507" timestamp="2024-07-18T15:29:06.499">
  <mem-info id="1509" free="10371096" total="66060288" percent="15">
    <mem type="nursery" free="0" total="30277632" percent="0">
      <mem type="allocate" free="0" total="19922944" percent="0" />
      <mem type="survivor" free="0" total="10354688" percent="0" />
    </mem>
    <mem type="tenure" free="10371096" total="35782656" percent="28">
      <mem type="soa" free="8581144" total="33992704" percent="25" />
      <mem type="loa" free="1789952" total="1789952" percent="100" />
    </mem>
    <remembered-set count="16809" />
  </mem-info>
</gc-start>
<allocation-stats totalBytes="12927840" discardedBytes="84136" >
  <allocated-bytes non-tlh="2020488" tlh="10907352" />
  <largest-consumer threadName="Start Level: Equinox Container: 2ef77660-fdfb-41f4-a40a-6619a324a97c" threadId="00000000005AEB00" bytes="11462352" />
</allocation-stats>
<gc-op id="1510" type="scavenge" timems="8.308" contextid="1507" timestamp="2024-07-18T15:29:06.508">
  <scavenger-info tenureage="3" tenuremask="7e08" tiltratio="65" />
  <memory-copied type="nursery" objects="143233" bytes="6367752" bytesdiscarded="351936" />
  <memory-copied type="tenure" objects="17506" bytes="977400" bytesdiscarded="1376" />
  <finalization candidates="32" enqueued="24" />
  <ownableSynchronizers candidates="11530" cleared="8814" />
  <references type="soft" candidates="3027" cleared="0" enqueued="0" dynamicThreshold="9" maxThreshold="32" />
  <references type="weak" candidates="8925" cleared="252" enqueued="250" />
  <references type="phantom" candidates="225" cleared="23" enqueued="23" />
  <object-monitors candidates="47" cleared="0"  />
</gc-op>
<gc-end id="1511" type="scavenge" contextid="1507" durationms="9.250" usertimems="21.568" systemtimems="21.609" stalltimems="40.461" timestamp="2024-07-18T15:29:06.509" activeThreads="10">
  <mem-info id="1512" free="22186320" total="66060288" percent="33">
    <mem type="nursery" free="13640840" total="30277632" percent="45">
      <mem type="allocate" free="13640840" total="20381696" percent="66" />
      <mem type="survivor" free="0" total="9895936" percent="0" />
    </mem>
    <mem type="tenure" free="8545480" total="35782656" percent="23">
      <mem type="soa" free="6755528" total="33992704" percent="19" />
      <mem type="loa" free="1789952" total="1789952" percent="100" />
    </mem>
    <pending-finalizers system="24" default="0" reference="273" classloader="0" />
    <remembered-set count="15621" />
  </mem-info>
</gc-end>
<cycle-end id="1513" type="scavenge" contextid="1507" timestamp="2024-07-18T15:29:06.509" />
<allocation-satisfied id="1514" threadId="00000000005AEB00" bytesRequested="8608" />
<af-end id="1515" timestamp="2024-07-18T15:29:06.510" threadId="00000000005AF538" success="true" from="nursery"/>
<exclusive-end id="1516" timestamp="2024-07-18T15:29:06.510" durationms="11.598" />

<exclusive-start id="1517" timestamp="2024-07-18T15:29:06.752" intervalms="254.240">
  <response-info timems="0.051" idlems="0.051" threads="0" lastid="00000000005AEB00" lastname="Start Level: Equinox Container: 2ef77660-fdfb-41f4-a40a-6619a32" />
</exclusive-start>
<af-start id="1518" threadId="00000000005AF538" totalBytesRequested="24" timestamp="2024-07-18T15:29:06.753" intervalms="254.408" type="nursery" />
<cycle-start id="1519" type="scavenge" contextid="0" timestamp="2024-07-18T15:29:06.753" intervalms="254.487" />
<gc-start id="1520" type="scavenge" contextid="1519" timestamp="2024-07-18T15:29:06.754">
  <mem-info id="1521" free="8475608" total="66060288" percent="12">
    <mem type="nursery" free="0" total="30277632" percent="0">
      <mem type="allocate" free="0" total="20381696" percent="0" />
      <mem type="survivor" free="0" total="9895936" percent="0" />
    </mem>
    <mem type="tenure" free="8475608" total="35782656" percent="23">
      <mem type="soa" free="6685656" total="33992704" percent="19" />
      <mem type="loa" free="1789952" total="1789952" percent="100" />
    </mem>
    <remembered-set count="17049" />
  </mem-info>
</gc-start>
<allocation-stats totalBytes="13703320" discardedBytes="7392" >
  <allocated-bytes non-tlh="356792" tlh="13346528" />
  <largest-consumer threadName="Start Level: Equinox Container: 2ef77660-fdfb-41f4-a40a-6619a324a97c" threadId="00000000005AEB00" bytes="13528128" />
</allocation-stats>
<gc-op id="1522" type="scavenge" timems="6.704" contextid="1519" timestamp="2024-07-18T15:29:06.761">
  <scavenger-info tenureage="3" tenuremask="7f08" tiltratio="67" />
  <memory-copied type="nursery" objects="130612" bytes="6422936" bytesdiscarded="376880" />
  <memory-copied type="tenure" objects="26054" bytes="923304" bytesdiscarded="208" />
  <finalization candidates="14" enqueued="6" />
  <ownableSynchronizers candidates="2822" cleared="166" />
  <references type="soft" candidates="2710" cleared="0" enqueued="0" dynamicThreshold="9" maxThreshold="32" />
  <references type="weak" candidates="8554" cleared="88" enqueued="88" />
  <references type="phantom" candidates="254" cleared="3" enqueued="3" />
  <object-monitors candidates="47" cleared="0"  />
</gc-op>
<gc-end id="1523" type="scavenge" contextid="1519" durationms="7.828" usertimems="33.977" systemtimems="3.246" stalltimems="21.693" timestamp="2024-07-18T15:29:06.762" activeThreads="9">
  <mem-info id="1524" free="21614416" total="66060288" percent="32">
    <mem type="nursery" free="14021928" total="30277632" percent="46">
      <mem type="allocate" free="14021928" total="20840448" percent="67" />
      <mem type="survivor" free="0" total="9437184" percent="0" />
    </mem>
    <mem type="tenure" free="7592488" total="35782656" percent="21">
      <mem type="soa" free="5802536" total="33992704" percent="17" />
      <mem type="loa" free="1789952" total="1789952" percent="100" />
    </mem>
    <pending-finalizers system="6" default="0" reference="91" classloader="0" />
    <remembered-set count="14237" />
  </mem-info>
</gc-end>
<cycle-end id="1525" type="scavenge" contextid="1519" timestamp="2024-07-18T15:29:06.762" />
<allocation-satisfied id="1526" threadId="00000000005AEB00" bytesRequested="24" />
<af-end id="1527" timestamp="2024-07-18T15:29:06.762" threadId="00000000005AF538" success="true" from="nursery"/>
<exclusive-end id="1528" timestamp="2024-07-18T15:29:06.763" durationms="10.214" />

<exclusive-start id="1529" timestamp="2024-07-18T15:29:06.908" intervalms="155.883">
  <response-info timems="0.042" idlems="0.042" threads="0" lastid="00000000005AEB00" lastname="Start Level: Equinox Container: 2ef77660-fdfb-41f4-a40a-6619a32" />
</exclusive-start>
<af-start id="1530" threadId="00000000005AF538" totalBytesRequested="8200" timestamp="2024-07-18T15:29:06.909" intervalms="155.697" type="nursery" />
<cycle-start id="1531" type="scavenge" contextid="0" timestamp="2024-07-18T15:29:06.909" intervalms="155.730" />
<gc-start id="1532" type="scavenge" contextid="1531" timestamp="2024-07-18T15:29:06.910">
  <mem-info id="1533" free="7577080" total="66060288" percent="11">
    <mem type="nursery" free="0" total="30277632" percent="0">
      <mem type="allocate" free="0" total="20840448" percent="0" />
      <mem type="survivor" free="0" total="9437184" percent="0" />
    </mem>
    <mem type="tenure" free="7577080" total="35782656" percent="21">
      <mem type="soa" free="5787128" total="33992704" percent="17" />
      <mem type="loa" free="1789952" total="1789952" percent="100" />
    </mem>
    <remembered-set count="14941" />
  </mem-info>
</gc-start>
<allocation-stats totalBytes="14006856" discardedBytes="30480" >
  <allocated-bytes non-tlh="367224" tlh="13639632" />
  <largest-consumer threadName="Start Level: Equinox Container: 2ef77660-fdfb-41f4-a40a-6619a324a97c" threadId="00000000005AEB00" bytes="13920280" />
</allocation-stats>
<gc-op id="1534" type="scavenge" timems="6.660" contextid="1531" timestamp="2024-07-18T15:29:06.917">
  <scavenger-info tenureage="3" tenuremask="7f88" tiltratio="68" />
  <memory-copied type="nursery" objects="108671" bytes="5843400" bytesdiscarded="136328" />
  <memory-copied type="tenure" objects="27145" bytes="883688" bytesdiscarded="400" />
  <finalization candidates="64" enqueued="56" />
  <ownableSynchronizers candidates="2262" cleared="0" />
  <references type="soft" candidates="2108" cleared="0" enqueued="0" dynamicThreshold="9" maxThreshold="32" />
  <references type="weak" candidates="8326" cleared="101" enqueued="101" />
  <references type="phantom" candidates="298" cleared="24" enqueued="24" />
  <object-monitors candidates="47" cleared="0"  />
</gc-op>
<gc-end id="1535" type="scavenge" contextid="1531" durationms="7.917" usertimems="26.656" systemtimems="6.466" stalltimems="27.124" timestamp="2024-07-18T15:29:06.917" activeThreads="9">
  <mem-info id="1536" free="22046328" total="66060288" percent="33">
    <mem type="nursery" free="15236736" total="30277632" percent="50">
      <mem type="allocate" free="15236736" total="21233664" percent="71" />
      <mem type="survivor" free="0" total="9043968" percent="0" />
    </mem>
    <mem type="tenure" free="6809592" total="35782656" percent="19">
      <mem type="soa" free="5019640" total="33992704" percent="14" />
      <mem type="loa" free="1789952" total="1789952" percent="100" />
    </mem>
    <pending-finalizers system="56" default="0" reference="125" classloader="0" />
    <remembered-set count="6903" />
  </mem-info>
</gc-end>
<cycle-end id="1537" type="scavenge" contextid="1531" timestamp="2024-07-18T15:29:06.918" />
<allocation-satisfied id="1538" threadId="00000000005AEB00" bytesRequested="8200" />
<af-end id="1539" timestamp="2024-07-18T15:29:06.919" threadId="00000000005AF538" success="true" from="nursery"/>
<exclusive-end id="1540" timestamp="2024-07-18T15:29:06.919" durationms="10.834" />

<exclusive-start id="1541" timestamp="2024-07-18T15:29:07.291" intervalms="382.774">
  <response-info timems="0.105" idlems="0.105" threads="0" lastid="00000000005AEB00" lastname="Start Level: Equinox Container: 2ef77660-fdfb-41f4-a40a-6619a32" />
</exclusive-start>
<af-start id="1542" threadId="00000000005AF538" totalBytesRequested="8320" timestamp="2024-07-18T15:29:07.292" intervalms="382.925" type="nursery" />
<cycle-start id="1543" type="scavenge" contextid="0" timestamp="2024-07-18T15:29:07.292" intervalms="382.991" />
<gc-start id="1544" type="scavenge" contextid="1543" timestamp="2024-07-18T15:29:07.293">
  <mem-info id="1545" free="6755352" total="66060288" percent="10">
    <mem type="nursery" free="0" total="30277632" percent="0">
      <mem type="allocate" free="0" total="21233664" percent="0" />
      <mem type="survivor" free="0" total="9043968" percent="0" />
    </mem>
    <mem type="tenure" free="6755352" total="35782656" percent="18">
      <mem type="soa" free="4965400" total="33992704" percent="14" />
      <mem type="loa" free="1789952" total="1789952" percent="100" />
    </mem>
    <remembered-set count="8319" />
  </mem-info>
</gc-start>
<allocation-stats totalBytes="15251456" discardedBytes="39520" >
  <allocated-bytes non-tlh="723752" tlh="14527704" />
  <largest-consumer threadName="Start Level: Equinox Container: 2ef77660-fdfb-41f4-a40a-6619a324a97c" threadId="00000000005AEB00" bytes="14873152" />
</allocation-stats>
<gc-op id="1546" type="scavenge" timems="5.884" contextid="1543" timestamp="2024-07-18T15:29:07.299">
  <scavenger-info tenureage="2" tenuremask="7f84" tiltratio="70" />
  <memory-copied type="nursery" objects="60669" bytes="4379200" bytesdiscarded="247384" />
  <memory-copied type="tenure" objects="58923" bytes="1887864" bytesdiscarded="368" />
  <finalization candidates="15" enqueued="7" />
  <ownableSynchronizers candidates="2066" cleared="92" />
  <references type="soft" candidates="1166" cleared="0" enqueued="0" dynamicThreshold="9" maxThreshold="32" />
  <references type="weak" candidates="7829" cleared="113" enqueued="113" />
  <references type="phantom" candidates="288" cleared="5" enqueued="5" />
  <object-monitors candidates="48" cleared="0"  />
</gc-op>
<gc-end id="1547" type="scavenge" contextid="1543" durationms="6.933" usertimems="20.210" systemtimems="10.249" stalltimems="16.014" timestamp="2024-07-18T15:29:07.300" activeThreads="8">
  <mem-info id="1548" free="21910888" total="66060288" percent="33">
    <mem type="nursery" free="17056848" total="30277632" percent="56">
      <mem type="allocate" free="17056848" total="21692416" percent="78" />
      <mem type="survivor" free="0" total="8585216" percent="0" />
    </mem>
    <mem type="tenure" free="4854040" total="35782656" percent="13">
      <mem type="soa" free="3064088" total="33992704" percent="9" />
      <mem type="loa" free="1789952" total="1789952" percent="100" />
    </mem>
    <pending-finalizers system="7" default="0" reference="118" classloader="0" />
    <remembered-set count="3711" />
  </mem-info>
</gc-end>
<cycle-end id="1549" type="scavenge" contextid="1543" timestamp="2024-07-18T15:29:07.300" />
<allocation-satisfied id="1550" threadId="00000000005AEB00" bytesRequested="8320" />
<af-end id="1551" timestamp="2024-07-18T15:29:07.301" threadId="00000000005AF538" success="true" from="nursery"/>
<exclusive-end id="1552" timestamp="2024-07-18T15:29:07.301" durationms="9.644" />

<concurrent-kickoff id="1553" timestamp="2024-07-18T15:29:07.458">
  <kickoff reason="threshold reached" targetBytes="15958071" thresholdFreeBytes="2209052"  remainingFree="2132344" tenureFreeBytes="4770272" nurseryFreeBytes="2132344" />
</concurrent-kickoff>
<exclusive-start id="1554" timestamp="2024-07-18T15:29:07.459" intervalms="168.199">
  <response-info timems="0.048" idlems="0.048" threads="0" lastid="00000000005BE800" lastname="Equinox start level thread - Equinox Container: 2ef77660-fdfb-4" />
</exclusive-start>
<cycle-start id="1555" type="global" contextid="0" timestamp="2024-07-18T15:29:07.460" intervalms="1273.202" />
<concurrent-start id="1556" type="global mark" contextid="1555" timestamp="2024-07-18T15:29:07.460">
</concurrent-start>
<exclusive-end id="1557" timestamp="2024-07-18T15:29:07.460" durationms="1.079" />

<concurrent-end id="1558" type="global mark" contextid="1555" timestamp="2024-07-18T15:29:07.497">
<gc-op id="1559" type="trace" timems="36.664" contextid="1555" timestamp="2024-07-18T15:29:07.497">
  <trace bytesTraced="19805964" workStackOverflowCount="0" />
  <card-cleaning reason="card cleaning threshold reached" bytesTraced="34412" cardsCleaned="80" />
</gc-op>
</concurrent-end>

<exclusive-start id="1560" timestamp="2024-07-18T15:29:07.497" intervalms="38.142">
  <response-info timems="0.049" idlems="0.049" threads="0" lastid="00000000005BE800" lastname="Equinox start level thread - Equinox Container: 2ef77660-fdfb-4" />
</exclusive-start>
<concurrent-global-final id="1561" timestamp="2024-07-18T15:29:07.498" contextid="1555" intervalms="1284.477" >
  <concurrent-trace-info reason="card cleaning threshold reached" tracedByMutators="4974704" tracedByHelpers="14865672" cardsCleaned="80" workStackOverflowCount="0" />
</concurrent-global-final>
<gc-start id="1562" type="global" contextid="1555" timestamp="2024-07-18T15:29:07.498">
  <mem-info id="1563" free="5025520" total="66060288" percent="7">
    <mem type="nursery" free="260472" total="30277632" percent="0">
      <mem type="allocate" free="260472" total="21692416" percent="1" />
      <mem type="survivor" free="0" total="8585216" percent="0" />
    </mem>
    <mem type="tenure" free="4765048" total="35782656" percent="13">
      <mem type="soa" free="2975096" total="33992704" percent="8" />
      <mem type="loa" free="1789952" total="1789952" percent="100" />
    </mem>
    <remembered-set count="5530" />
  </mem-info>
</gc-start>
<allocation-stats totalBytes="16821864" discardedBytes="63504" >
  <allocated-bytes non-tlh="226936" tlh="16594928" />
  <largest-consumer threadName="Start Level: Equinox Container: 2ef77660-fdfb-41f4-a40a-6619a324a97c" threadId="00000000005AEB00" bytes="13992360" />
</allocation-stats>
<gc-op id="1564" type="rs-scan" timems="2.224" contextid="1555" timestamp="2024-07-18T15:29:07.501">
  <scan objectsFound="70344" bytesTraced="2658420" workStackOverflowCount="0" />
</gc-op>
<gc-op id="1565" type="card-cleaning" timems="0.985" contextid="1555" timestamp="2024-07-18T15:29:07.502">
  <card-cleaning cardsCleaned="1" bytesTraced="460" workStackOverflowCount="0" />
</gc-op>
<gc-op id="1566" type="mark" timems="10.188" contextid="1555" timestamp="2024-07-18T15:29:07.513">
  <trace-info objectcount="8716" scancount="8594" scanbytes="213904" />
  <finalization candidates="717" enqueued="9" />
  <ownableSynchronizers candidates="6931" cleared="264" />
  <references type="soft" candidates="9558" cleared="351" enqueued="340" dynamicThreshold="9" maxThreshold="32" />
  <references type="weak" candidates="11652" cleared="133" enqueued="133" />
  <references type="phantom" candidates="372" cleared="6" enqueued="6" />
  <stringconstants candidates="27637" cleared="52"  />
  <object-monitors candidates="48" cleared="0"  />
</gc-op>
<gc-op id="1567" type="classunload" timems="0.803" contextid="1555" timestamp="2024-07-18T15:29:07.514">
  <classunload-info classloadercandidates="345" classloadersunloaded="0" classesunloaded="4" anonymousclassesunloaded="4" quiescems="0.000" setupms="0.787" scanms="0.015" postms="0.000" />
</gc-op>
<gc-op id="1568" type="sweep" timems="1.302" contextid="1555" timestamp="2024-07-18T15:29:07.515" />
<heap-resize id="1569" type="expand" space="tenure" amount="6619136" count="1" timems="0.515" reason="insufficient free space following gc" timestamp="2024-07-18T15:29:07.516" />
<gc-end id="1570" type="global" contextid="1555" durationms="17.970" usertimems="21.697" systemtimems="26.319" stalltimems="103.304" timestamp="2024-07-18T15:29:07.516" activeThreads="12">
  <mem-info id="1571" free="28858288" total="72679424" percent="39">
    <mem type="nursery" free="16116352" total="30277632" percent="53">
      <mem type="allocate" free="16116352" total="21692416" percent="74" />
      <mem type="survivor" free="0" total="8585216" percent="0" />
    </mem>
    <mem type="tenure" free="12741936" total="42401792" percent="30" micro-fragmented="961147" macro-fragmented="0">
      <mem type="soa" free="10621232" total="40281088" percent="26" />
      <mem type="loa" free="2120704" total="2120704" percent="100" />
    </mem>
    <pending-finalizers system="9" default="0" reference="479" classloader="0" />
    <remembered-set count="5051" />
  </mem-info>
</gc-end>
<cycle-end id="1572" type="global" contextid="1555" timestamp="2024-07-18T15:29:07.516" />
<exclusive-end id="1573" timestamp="2024-07-18T15:29:07.517" durationms="19.087" />

<exclusive-start id="1574" timestamp="2024-07-18T15:29:07.660" intervalms="162.010">
  <response-info timems="0.140" idlems="0.082" threads="2" lastid="0000000000945E00" lastname="Default Executor-thread-16" />
</exclusive-start>
<af-start id="1575" threadId="000000000093BB38" totalBytesRequested="7968" timestamp="2024-07-18T15:29:07.660" intervalms="368.393" type="nursery" />
<cycle-start id="1576" type="scavenge" contextid="0" timestamp="2024-07-18T15:29:07.660" intervalms="368.294" />
<gc-start id="1577" type="scavenge" contextid="1576" timestamp="2024-07-18T15:29:07.661">
  <mem-info id="1578" free="12549408" total="72679424" percent="17">
    <mem type="nursery" free="0" total="30277632" percent="0">
      <mem type="allocate" free="0" total="21692416" percent="0" />
      <mem type="survivor" free="0" total="8585216" percent="0" />
    </mem>
    <mem type="tenure" free="12549408" total="42401792" percent="29">
      <mem type="soa" free="10428704" total="40281088" percent="25" />
      <mem type="loa" free="2120704" total="2120704" percent="100" />
    </mem>
    <remembered-set count="8480" />
  </mem-info>
</gc-start>
<allocation-stats totalBytes="16036208" discardedBytes="242864" >
  <allocated-bytes non-tlh="5826376" tlh="10209832" />
  <largest-consumer threadName="Equinox start level thread - Equinox Container: 2ef77660-fdfb-41f4-a40a-6619a324a97c" threadId="00000000005D2000" bytes="10950712" />
</allocation-stats>
<gc-op id="1579" type="scavenge" timems="5.146" contextid="1576" timestamp="2024-07-18T15:29:07.667">
  <scavenger-info tenureage="7" tenuremask="7f80" tiltratio="71" />
  <memory-copied type="nursery" objects="89428" bytes="4670008" bytesdiscarded="258776" />
  <finalization candidates="3" enqueued="2" />
  <ownableSynchronizers candidates="13814" cleared="12147" />
  <references type="soft" candidates="2110" cleared="0" enqueued="0" dynamicThreshold="9" maxThreshold="32" />
  <references type="weak" candidates="8158" cleared="136" enqueued="136" />
  <references type="phantom" candidates="327" cleared="1" enqueued="1" />
  <object-monitors candidates="71" cleared="10"  />
</gc-op>
<gc-end id="1580" type="scavenge" contextid="1576" durationms="6.130" usertimems="17.929" systemtimems="4.618" stalltimems="17.893" timestamp="2024-07-18T15:29:07.667" activeThreads="8">
  <mem-info id="1581" free="29824032" total="72679424" percent="41">
    <mem type="nursery" free="17274624" total="30277632" percent="57">
      <mem type="allocate" free="17274624" total="22216704" percent="77" />
      <mem type="survivor" free="0" total="8060928" percent="0" />
    </mem>
    <mem type="tenure" free="12549408" total="42401792" percent="29">
      <mem type="soa" free="10428704" total="40281088" percent="25" />
      <mem type="loa" free="2120704" total="2120704" percent="100" />
    </mem>
    <pending-finalizers system="2" default="0" reference="137" classloader="0" />
    <remembered-set count="7659" />
  </mem-info>
</gc-end>
<cycle-end id="1582" type="scavenge" contextid="1576" timestamp="2024-07-18T15:29:07.667" />
<allocation-satisfied id="1583" threadId="000000000093B100" bytesRequested="7968" />
<af-end id="1584" timestamp="2024-07-18T15:29:07.668" threadId="000000000093BB38" success="true" from="nursery"/>
<exclusive-end id="1585" timestamp="2024-07-18T15:29:07.668" durationms="8.654" />

<exclusive-start id="1586" timestamp="2024-07-18T15:29:07.766" intervalms="106.746">
  <response-info timems="0.050" idlems="0.050" threads="0" lastid="0000000000942D00" lastname="Default Executor-thread-18" />
</exclusive-start>
<af-start id="1587" threadId="0000000000943738" totalBytesRequested="16360" timestamp="2024-07-18T15:29:07.767" intervalms="106.721" type="nursery" />
<cycle-start id="1588" type="scavenge" contextid="0" timestamp="2024-07-18T15:29:07.767" intervalms="106.710" />
<gc-start id="1589" type="scavenge" contextid="1588" timestamp="2024-07-18T15:29:07.768">
  <mem-info id="1590" free="12395056" total="72679424" percent="17">
    <mem type="nursery" free="0" total="30277632" percent="0">
      <mem type="allocate" free="0" total="22216704" percent="0" />
      <mem type="survivor" free="0" total="8060928" percent="0" />
    </mem>
    <mem type="tenure" free="12395056" total="42401792" percent="29">
      <mem type="soa" free="10274352" total="40281088" percent="25" />
      <mem type="loa" free="2120704" total="2120704" percent="100" />
    </mem>
    <remembered-set count="9876" />
  </mem-info>
</gc-start>
<allocation-stats totalBytes="17145224" discardedBytes="277136" >
  <allocated-bytes non-tlh="474104" tlh="16671120" />
  <largest-consumer threadName="Default Executor-thread-18" threadId="0000000000942D00" bytes="6648352" />
</allocation-stats>
<gc-op id="1591" type="scavenge" timems="4.106" contextid="1588" timestamp="2024-07-18T15:29:07.772">
  <scavenger-info tenureage="5" tenuremask="7fa0" tiltratio="73" />
  <memory-copied type="nursery" objects="53303" bytes="3722544" bytesdiscarded="365752" />
  <memory-copied type="tenure" objects="41704" bytes="1577512" bytesdiscarded="1216" />
  <finalization candidates="11" enqueued="8" />
  <ownableSynchronizers candidates="1766" cleared="6" />
  <references type="soft" candidates="1278" cleared="0" enqueued="0" dynamicThreshold="9" maxThreshold="32" />
  <references type="weak" candidates="1241" cleared="306" enqueued="306" />
  <references type="phantom" candidates="353" cleared="8" enqueued="8" />
  <object-monitors candidates="154" cleared="51"  />
</gc-op>
<gc-end id="1592" type="scavenge" contextid="1588" durationms="5.127" usertimems="13.269" systemtimems="5.517" stalltimems="9.569" timestamp="2024-07-18T15:29:07.773" activeThreads="7">
  <mem-info id="1593" free="29135256" total="72679424" percent="40">
    <mem type="nursery" free="18642520" total="30277632" percent="61">
      <mem type="allocate" free="18642520" total="22740992" percent="81" />
      <mem type="survivor" free="0" total="7536640" percent="0" />
    </mem>
    <mem type="tenure" free="10492736" total="42401792" percent="24">
      <mem type="soa" free="8372032" total="40281088" percent="20" />
      <mem type="loa" free="2120704" total="2120704" percent="100" />
    </mem>
    <pending-finalizers system="8" default="0" reference="314" classloader="0" />
    <remembered-set count="7698" />
  </mem-info>
</gc-end>
<cycle-end id="1594" type="scavenge" contextid="1588" timestamp="2024-07-18T15:29:07.773" />
<allocation-satisfied id="1595" threadId="0000000000942D00" bytesRequested="16360" />
<af-end id="1596" timestamp="2024-07-18T15:29:07.774" threadId="0000000000943738" success="true" from="nursery"/>
<exclusive-end id="1597" timestamp="2024-07-18T15:29:07.774" durationms="7.507" />

<exclusive-start id="1598" timestamp="2024-07-18T15:29:07.868" intervalms="101.287">
  <response-info timems="0.067" idlems="0.067" threads="0" lastid="0000000000943A00" lastname="Default Executor-thread-19" />
</exclusive-start>
<af-start id="1599" threadId="0000000000944438" totalBytesRequested="520" timestamp="2024-07-18T15:29:07.868" intervalms="101.342" type="nursery" />
<cycle-start id="1600" type="scavenge" contextid="0" timestamp="2024-07-18T15:29:07.869" intervalms="101.649" />
<gc-start id="1601" type="scavenge" contextid="1600" timestamp="2024-07-18T15:29:07.869">
  <mem-info id="1602" free="10274448" total="72679424" percent="14">
    <mem type="nursery" free="0" total="30277632" percent="0">
      <mem type="allocate" free="0" total="22740992" percent="0" />
      <mem type="survivor" free="0" total="7536640" percent="0" />
    </mem>
    <mem type="tenure" free="10274448" total="42401792" percent="24">
      <mem type="soa" free="8153744" total="40281088" percent="20" />
      <mem type="loa" free="2120704" total="2120704" percent="100" />
    </mem>
    <remembered-set count="11025" />
  </mem-info>
</gc-start>
<allocation-stats totalBytes="18834680" discardedBytes="26128" >
  <allocated-bytes non-tlh="978448" tlh="17856232" />
  <largest-consumer threadName="Default Executor-thread-18" threadId="0000000000942D00" bytes="6797632" />
</allocation-stats>
<gc-op id="1603" type="scavenge" timems="4.387" contextid="1600" timestamp="2024-07-18T15:29:07.874">
  <scavenger-info tenureage="7" tenuremask="7f80" tiltratio="75" />
  <memory-copied type="nursery" objects="60803" bytes="4557656" bytesdiscarded="190008" />
  <finalization candidates="27" enqueued="25" />
  <ownableSynchronizers candidates="1132" cleared="3" />
  <references type="soft" candidates="1389" cleared="0" enqueued="0" dynamicThreshold="9" maxThreshold="32" />
  <references type="weak" candidates="1723" cleared="640" enqueued="640" />
  <references type="phantom" candidates="375" cleared="12" enqueued="12" />
  <object-monitors candidates="197" cleared="47"  />
</gc-op>
<heap-resize id="1604" type="expand" space="nursery" amount="1179648" count="1" timems="0.063" reason="excessive time being spent scavenging" timestamp="2024-07-18T15:29:07.875" />
<gc-end id="1605" type="scavenge" contextid="1600" durationms="6.439" usertimems="14.923" systemtimems="3.840" stalltimems="12.471" timestamp="2024-07-18T15:29:07.876" activeThreads="7">
  <mem-info id="1606" free="29372008" total="73859072" percent="39">
    <mem type="nursery" free="19097560" total="31457280" percent="60">
      <mem type="allocate" free="19097560" total="23855104" percent="80" />
      <mem type="survivor" free="0" total="7602176" percent="0" />
    </mem>
    <mem type="tenure" free="10274448" total="42401792" percent="24">
      <mem type="soa" free="8153744" total="40281088" percent="20" />
      <mem type="loa" free="2120704" total="2120704" percent="100" />
    </mem>
    <pending-finalizers system="25" default="0" reference="652" classloader="0" />
    <remembered-set count="7873" />
  </mem-info>
</gc-end>
<cycle-end id="1607" type="scavenge" contextid="1600" timestamp="2024-07-18T15:29:07.876" />
<allocation-satisfied id="1608" threadId="0000000000943A00" bytesRequested="520" />
<af-end id="1609" timestamp="2024-07-18T15:29:07.877" threadId="0000000000944438" success="true" from="nursery"/>
<exclusive-end id="1610" timestamp="2024-07-18T15:29:07.877" durationms="9.879" />

<exclusive-start id="1611" timestamp="2024-07-18T15:29:07.921" intervalms="53.616">
  <response-info timems="0.161" idlems="0.115" threads="2" lastid="0000000000942D00" lastname="Default Executor-thread-18" />
</exclusive-start>
<af-start id="1612" threadId="0000000000944438" totalBytesRequested="48008" timestamp="2024-07-18T15:29:07.922" intervalms="53.463" type="nursery" />
<cycle-start id="1613" type="scavenge" contextid="0" timestamp="2024-07-18T15:29:07.922" intervalms="53.156" />
<gc-start id="1614" type="scavenge" contextid="1613" timestamp="2024-07-18T15:29:07.922">
  <mem-info id="1615" free="10213336" total="73859072" percent="13">
    <mem type="nursery" free="0" total="31457280" percent="0">
      <mem type="allocate" free="0" total="23855104" percent="0" />
      <mem type="survivor" free="0" total="7602176" percent="0" />
    </mem>
    <mem type="tenure" free="10213336" total="42401792" percent="24">
      <mem type="soa" free="8092632" total="40281088" percent="20" />
      <mem type="loa" free="2120704" total="2120704" percent="100" />
    </mem>
    <remembered-set count="8830" />
  </mem-info>
</gc-start>
<allocation-stats totalBytes="19084848" discardedBytes="73824" >
  <allocated-bytes non-tlh="1438056" tlh="17646792" />
  <largest-consumer threadName="Default Executor-thread-16" threadId="0000000000945E00" bytes="4406352" />
</allocation-stats>
<gc-op id="1616" type="scavenge" timems="3.813" contextid="1613" timestamp="2024-07-18T15:29:07.927">
  <scavenger-info tenureage="3" tenuremask="7f88" tiltratio="75" />
  <memory-copied type="nursery" objects="37758" bytes="3211080" bytesdiscarded="161376" />
  <memory-copied type="tenure" objects="29320" bytes="1490656" bytesdiscarded="248" />
  <finalization candidates="8" enqueued="6" />
  <ownableSynchronizers candidates="1133" cleared="1" />
  <references type="soft" candidates="579" cleared="0" enqueued="0" dynamicThreshold="9" maxThreshold="32" />
  <references type="weak" candidates="1019" cleared="166" enqueued="166" />
  <references type="phantom" candidates="241" cleared="3" enqueued="3" />
  <object-monitors candidates="184" cleared="22"  />
</gc-op>
<heap-resize id="1617" type="expand" space="nursery" amount="1310720" count="1" timems="0.024" reason="excessive time being spent scavenging" timestamp="2024-07-18T15:29:07.927" />
<gc-end id="1618" type="scavenge" contextid="1613" durationms="5.094" usertimems="12.290" systemtimems="3.087" stalltimems="7.150" timestamp="2024-07-18T15:29:07.927" activeThreads="6">
  <mem-info id="1619" free="30761312" total="75169792" percent="40">
    <mem type="nursery" free="22180728" total="32768000" percent="67">
      <mem type="allocate" free="22180728" total="25559040" percent="86" />
      <mem type="survivor" free="0" total="7208960" percent="0" />
    </mem>
    <mem type="tenure" free="8580584" total="42401792" percent="20">
      <mem type="soa" free="6459880" total="40281088" percent="16" />
      <mem type="loa" free="2120704" total="2120704" percent="100" />
    </mem>
    <pending-finalizers system="6" default="0" reference="169" classloader="0" />
    <remembered-set count="6600" />
  </mem-info>
</gc-end>
<cycle-end id="1620" type="scavenge" contextid="1613" timestamp="2024-07-18T15:29:07.928" />
<allocation-satisfied id="1621" threadId="0000000000943A00" bytesRequested="48008" />
<af-end id="1622" timestamp="2024-07-18T15:29:07.928" threadId="0000000000944438" success="true" from="nursery"/>
<exclusive-end id="1623" timestamp="2024-07-18T15:29:07.929" durationms="7.478" />

<exclusive-start id="1624" timestamp="2024-07-18T15:29:08.017" intervalms="95.549">
  <response-info timems="0.162" idlems="0.095" threads="2" lastid="0000000000840700" lastname="Default Executor-thread-6" />
</exclusive-start>
<af-start id="1625" threadId="0000000000844D38" totalBytesRequested="16" timestamp="2024-07-18T15:29:08.017" intervalms="95.468" type="nursery" />
<cycle-start id="1626" type="scavenge" contextid="0" timestamp="2024-07-18T15:29:08.017" intervalms="95.368" />
<gc-start id="1627" type="scavenge" contextid="1626" timestamp="2024-07-18T15:29:08.018">
  <mem-info id="1628" free="8413088" total="75169792" percent="11">
    <mem type="nursery" free="0" total="32768000" percent="0">
      <mem type="allocate" free="0" total="25559040" percent="0" />
      <mem type="survivor" free="0" total="7208960" percent="0" />
    </mem>
    <mem type="tenure" free="8413088" total="42401792" percent="19">
      <mem type="soa" free="6292384" total="40281088" percent="15" />
      <mem type="loa" free="2120704" total="2120704" percent="100" />
    </mem>
    <remembered-set count="9203" />
  </mem-info>
</gc-start>
<allocation-stats totalBytes="22180840" discardedBytes="167384" >
  <allocated-bytes non-tlh="2257288" tlh="19923552" />
  <largest-consumer threadName="Default Executor-thread-18" threadId="0000000000942D00" bytes="4042200" />
</allocation-stats>
<gc-op id="1629" type="scavenge" timems="3.713" contextid="1626" timestamp="2024-07-18T15:29:08.022">
  <scavenger-info tenureage="5" tenuremask="7fa0" tiltratio="78" />
  <memory-copied type="nursery" objects="43594" bytes="3137200" bytesdiscarded="143008" />
  <memory-copied type="tenure" objects="11073" bytes="764768" bytesdiscarded="1152" />
  <finalization candidates="20" enqueued="18" />
  <ownableSynchronizers candidates="453" cleared="46" />
  <references type="soft" candidates="939" cleared="0" enqueued="0" dynamicThreshold="9" maxThreshold="32" />
  <references type="weak" candidates="1330" cleared="398" enqueued="398" />
  <references type="phantom" candidates="211" cleared="4" enqueued="4" />
  <object-monitors candidates="205" cleared="18"  />
</gc-op>
<gc-end id="1630" type="scavenge" contextid="1626" durationms="4.498" usertimems="13.894" systemtimems="0.000" stalltimems="7.626" timestamp="2024-07-18T15:29:08.022" activeThreads="6">
  <mem-info id="1631" free="30578072" total="75169792" percent="40">
    <mem type="nursery" free="23256432" total="32768000" percent="70">
      <mem type="allocate" free="23256432" total="26542080" percent="87" />
      <mem type="survivor" free="0" total="6225920" percent="0" />
    </mem>
    <mem type="tenure" free="7321640" total="42401792" percent="17">
      <mem type="soa" free="5200936" total="40281088" percent="12" />
      <mem type="loa" free="2120704" total="2120704" percent="100" />
    </mem>
    <pending-finalizers system="18" default="0" reference="402" classloader="0" />
    <remembered-set count="5301" />
  </mem-info>
</gc-end>
<cycle-end id="1632" type="scavenge" contextid="1626" timestamp="2024-07-18T15:29:08.022" />
<allocation-satisfied id="1633" threadId="0000000000844300" bytesRequested="16" />
<af-end id="1634" timestamp="2024-07-18T15:29:08.023" threadId="0000000000844D38" success="true" from="nursery"/>
<exclusive-end id="1635" timestamp="2024-07-18T15:29:08.023" durationms="6.270" />

<exclusive-start id="1636" timestamp="2024-07-18T15:29:08.085" intervalms="68.021">
  <response-info timems="0.075" idlems="0.075" threads="0" lastid="0000000000840700" lastname="Default Executor-thread-6" />
</exclusive-start>
<af-start id="1637" threadId="0000000000841138" totalBytesRequested="2840" timestamp="2024-07-18T15:29:08.085" intervalms="68.103" type="nursery" />
<cycle-start id="1638" type="scavenge" contextid="0" timestamp="2024-07-18T15:29:08.085" intervalms="68.112" />
<gc-start id="1639" type="scavenge" contextid="1638" timestamp="2024-07-18T15:29:08.086">
  <mem-info id="1640" free="7203248" total="75169792" percent="9">
    <mem type="nursery" free="0" total="32768000" percent="0">
      <mem type="allocate" free="0" total="26542080" percent="0" />
      <mem type="survivor" free="0" total="6225920" percent="0" />
    </mem>
    <mem type="tenure" free="7203248" total="42401792" percent="16">
      <mem type="soa" free="5082544" total="40281088" percent="12" />
      <mem type="loa" free="2120704" total="2120704" percent="100" />
    </mem>
    <remembered-set count="6822" />
  </mem-info>
</gc-start>
<allocation-stats totalBytes="22692432" discardedBytes="682392" >
  <allocated-bytes non-tlh="1117776" tlh="21574656" />
  <largest-consumer threadName="Default Executor-thread-6" threadId="0000000000840700" bytes="17302960" />
</allocation-stats>
<gc-op id="1641" type="scavenge" timems="3.227" contextid="1638" timestamp="2024-07-18T15:29:08.090">
  <scavenger-info tenureage="4" tenuremask="7f90" tiltratio="81" />
  <memory-copied type="nursery" objects="41357" bytes="2798528" bytesdiscarded="163840" />
  <memory-copied type="tenure" objects="10940" bytes="1057216" bytesdiscarded="480" />
  <finalization candidates="26" enqueued="23" />
  <ownableSynchronizers candidates="229" cleared="0" />
  <references type="soft" candidates="963" cleared="0" enqueued="0" dynamicThreshold="9" maxThreshold="32" />
  <references type="weak" candidates="707" cleared="156" enqueued="156" />
  <references type="phantom" candidates="134" cleared="14" enqueued="14" />
  <object-monitors candidates="195" cleared="6"  />
</gc-op>
<gc-end id="1642" type="scavenge" contextid="1638" durationms="4.199" usertimems="12.077" systemtimems="0.426" stalltimems="6.517" timestamp="2024-07-18T15:29:08.090" activeThreads="6">
  <mem-info id="1643" free="30050824" total="75169792" percent="39">
    <mem type="nursery" free="24036120" total="32768000" percent="73">
      <mem type="allocate" free="24036120" total="27000832" percent="89" />
      <mem type="survivor" free="0" total="5767168" percent="0" />
    </mem>
    <mem type="tenure" free="6014704" total="42401792" percent="14">
      <mem type="soa" free="3894000" total="40281088" percent="9" />
      <mem type="loa" free="2120704" total="2120704" percent="100" />
    </mem>
    <pending-finalizers system="23" default="0" reference="170" classloader="0" />
    <remembered-set count="4994" />
  </mem-info>
</gc-end>
<cycle-end id="1644" type="scavenge" contextid="1638" timestamp="2024-07-18T15:29:08.091" />
<allocation-satisfied id="1645" threadId="0000000000840700" bytesRequested="2840" />
<af-end id="1646" timestamp="2024-07-18T15:29:08.091" threadId="0000000000841138" success="true" from="nursery"/>
<exclusive-end id="1647" timestamp="2024-07-18T15:29:08.091" durationms="6.496" />

<concurrent-kickoff id="1648" timestamp="2024-07-18T15:29:08.314">
  <kickoff reason="threshold reached" targetBytes="19802739" thresholdFreeBytes="2740438"  remainingFree="2698616" tenureFreeBytes="5821744" nurseryFreeBytes="2698616" />
</concurrent-kickoff>
<exclusive-start id="1649" timestamp="2024-07-18T15:29:08.315" intervalms="230.502">
  <response-info timems="0.066" idlems="0.066" threads="0" lastid="0000000000942D00" lastname="Default Executor-thread-18" />
</exclusive-start>
<cycle-start id="1650" type="global" contextid="0" timestamp="2024-07-18T15:29:08.316" intervalms="855.835" />
<concurrent-start id="1651" type="global mark" contextid="1650" timestamp="2024-07-18T15:29:08.316">
</concurrent-start>
<exclusive-end id="1652" timestamp="2024-07-18T15:29:08.316" durationms="0.861" />

<concurrent-end id="1653" type="global mark" contextid="1650" timestamp="2024-07-18T15:29:08.491">
<gc-op id="1654" type="trace" timems="175.266" contextid="1650" timestamp="2024-07-18T15:29:08.491">
  <trace bytesTraced="22876956" workStackOverflowCount="0" />
  <card-cleaning reason="card cleaning threshold reached" bytesTraced="85788" cardsCleaned="253" />
</gc-op>
</concurrent-end>

<exclusive-start id="1655" timestamp="2024-07-18T15:29:08.492" intervalms="176.944">
  <response-info timems="0.227" idlems="0.151" threads="2" lastid="0000000000022100" lastname="JIT Compilation Thread-000" />
</exclusive-start>
<concurrent-global-final id="1656" timestamp="2024-07-18T15:29:08.493" contextid="1650" intervalms="994.711" >
  <concurrent-trace-info reason="card cleaning threshold reached" tracedByMutators="1691696" tracedByHelpers="21271048" cardsCleaned="253" workStackOverflowCount="0" />
</concurrent-global-final>
<gc-start id="1657" type="global" contextid="1650" timestamp="2024-07-18T15:29:08.493">
  <mem-info id="1658" free="6329984" total="75169792" percent="8">
    <mem type="nursery" free="535928" total="32768000" percent="1">
      <mem type="allocate" free="535928" total="27000832" percent="1" />
      <mem type="survivor" free="0" total="5767168" percent="0" />
    </mem>
    <mem type="tenure" free="5794056" total="42401792" percent="13">
      <mem type="soa" free="3673352" total="40281088" percent="9" />
      <mem type="loa" free="2120704" total="2120704" percent="100" />
    </mem>
    <remembered-set count="8793" />
  </mem-info>
</gc-start>
<allocation-stats totalBytes="23468984" discardedBytes="251856" >
  <allocated-bytes non-tlh="586632" tlh="22882352" />
  <largest-consumer threadName="Default Executor-thread-18" threadId="0000000000942D00" bytes="6517008" />
</allocation-stats>
<gc-op id="1659" type="rs-scan" timems="2.110" contextid="1650" timestamp="2024-07-18T15:29:08.496">
  <scan objectsFound="52720" bytesTraced="2428900" workStackOverflowCount="0" />
</gc-op>
<gc-op id="1660" type="card-cleaning" timems="0.726" contextid="1650" timestamp="2024-07-18T15:29:08.497">
  <card-cleaning cardsCleaned="19" bytesTraced="6780" workStackOverflowCount="0" />
</gc-op>
<gc-op id="1661" type="mark" timems="9.139" contextid="1650" timestamp="2024-07-18T15:29:08.507">
  <trace-info objectcount="10800" scancount="10190" scanbytes="282072" />
  <finalization candidates="857" enqueued="146" />
  <ownableSynchronizers candidates="7409" cleared="20" />
  <references type="soft" candidates="11179" cleared="0" enqueued="0" dynamicThreshold="9" maxThreshold="32" />
  <references type="weak" candidates="13407" cleared="359" enqueued="333" />
  <references type="phantom" candidates="541" cleared="62" enqueued="62" />
  <stringconstants candidates="34819" cleared="241"  />
  <object-monitors candidates="222" cleared="60"  />
</gc-op>
<gc-op id="1662" type="classunload" timems="1.071" contextid="1650" timestamp="2024-07-18T15:29:08.508">
  <classunload-info classloadercandidates="383" classloadersunloaded="0" classesunloaded="7" anonymousclassesunloaded="7" quiescems="0.000" setupms="1.052" scanms="0.018" postms="0.000" />
</gc-op>
<gc-op id="1663" type="sweep" timems="1.632" contextid="1650" timestamp="2024-07-18T15:29:08.510" />
<heap-resize id="1664" type="expand" space="tenure" amount="8060928" count="1" timems="0.693" reason="insufficient free space following gc" timestamp="2024-07-18T15:29:08.511" />
<gc-end id="1665" type="global" contextid="1650" durationms="17.661" usertimems="7.125" systemtimems="42.638" stalltimems="94.078" timestamp="2024-07-18T15:29:08.511" activeThreads="12">
  <mem-info id="1666" free="37914560" total="83230720" percent="45">
    <mem type="nursery" free="22773608" total="32768000" percent="69">
      <mem type="allocate" free="22773608" total="27000832" percent="84" />
      <mem type="survivor" free="0" total="5767168" percent="0" />
    </mem>
    <mem type="tenure" free="15140952" total="50462720" percent="30" micro-fragmented="1338521" macro-fragmented="0">
      <mem type="soa" free="12617816" total="47939584" percent="26" />
      <mem type="loa" free="2523136" total="2523136" percent="100" />
    </mem>
    <pending-finalizers system="143" default="3" reference="395" classloader="0" />
    <remembered-set count="6909" />
  </mem-info>
</gc-end>
<cycle-end id="1667" type="global" contextid="1650" timestamp="2024-07-18T15:29:08.511" />
<exclusive-end id="1668" timestamp="2024-07-18T15:29:08.511" durationms="18.978" />

<exclusive-start id="1669" timestamp="2024-07-18T15:29:08.759" intervalms="266.568">
  <response-info timems="0.051" idlems="0.051" threads="0" lastid="0000000000942D00" lastname="Default Executor-thread-18" />
</exclusive-start>
<af-start id="1670" threadId="0000000000943738" totalBytesRequested="4104" timestamp="2024-07-18T15:29:08.759" intervalms="674.089" type="nursery" />
<cycle-start id="1671" type="scavenge" contextid="0" timestamp="2024-07-18T15:29:08.760" intervalms="674.216" />
<gc-start id="1672" type="scavenge" contextid="1671" timestamp="2024-07-18T15:29:08.760">
  <mem-info id="1673" free="14990704" total="83230720" percent="18">
    <mem type="nursery" free="0" total="32768000" percent="0">
      <mem type="allocate" free="0" total="27000832" percent="0" />
      <mem type="survivor" free="0" total="5767168" percent="0" />
    </mem>
    <mem type="tenure" free="14990704" total="50462720" percent="29">
      <mem type="soa" free="12467568" total="47939584" percent="26" />
      <mem type="loa" free="2523136" total="2523136" percent="100" />
    </mem>
    <remembered-set count="9122" />
  </mem-info>
</gc-start>
<allocation-stats totalBytes="22674128" discardedBytes="201456" >
  <allocated-bytes non-tlh="3425000" tlh="19249128" />
  <largest-consumer threadName="Default Executor-thread-18" threadId="0000000000942D00" bytes="14670504" />
</allocation-stats>
<gc-op id="1674" type="scavenge" timems="5.245" contextid="1671" timestamp="2024-07-18T15:29:08.766">
  <scavenger-info tenureage="7" tenuremask="7f80" tiltratio="82" />
  <memory-copied type="nursery" objects="100428" bytes="5722272" bytesdiscarded="37248" />
  <memory-copied type="tenure" objects="2308" bytes="113400" bytesdiscarded="824" />
  <copy-failed type="nursery" objects="2308" bytes="114416" />
  <finalization candidates="104" enqueued="81" />
  <ownableSynchronizers candidates="14892" cleared="14584" />
  <references type="soft" candidates="1517" cleared="0" enqueued="0" dynamicThreshold="9" maxThreshold="32" />
  <references type="weak" candidates="1418" cleared="215" enqueued="215" />
  <references type="phantom" candidates="242" cleared="10" enqueued="10" />
  <object-monitors candidates="174" cleared="6"  />
</gc-op>
<gc-end id="1675" type="scavenge" contextid="1671" durationms="6.745" usertimems="16.885" systemtimems="3.800" stalltimems="11.476" timestamp="2024-07-18T15:29:08.767" activeThreads="6">
  <mem-info id="1676" free="31486464" total="83230720" percent="37">
    <mem type="nursery" free="16646144" total="32768000" percent="50">
      <mem type="allocate" free="16646144" total="22413312" percent="74" />
      <mem type="survivor" free="0" total="10354688" percent="0" />
    </mem>
    <mem type="tenure" free="14840320" total="50462720" percent="29">
      <mem type="soa" free="12317184" total="47939584" percent="25" />
      <mem type="loa" free="2523136" total="2523136" percent="100" />
    </mem>
    <pending-finalizers system="37" default="44" reference="225" classloader="0" />
    <remembered-set count="8088" />
  </mem-info>
</gc-end>
<cycle-end id="1677" type="scavenge" contextid="1671" timestamp="2024-07-18T15:29:08.767" />
<allocation-satisfied id="1678" threadId="0000000000942D00" bytesRequested="4104" />
<af-end id="1679" timestamp="2024-07-18T15:29:08.768" threadId="0000000000943738" success="true" from="nursery"/>
<exclusive-end id="1680" timestamp="2024-07-18T15:29:08.768" durationms="9.634" />

<exclusive-start id="1681" timestamp="2024-07-18T15:29:08.904" intervalms="145.350">
  <response-info timems="0.055" idlems="0.055" threads="0" lastid="0000000000942D00" lastname="Default Executor-thread-18" />
</exclusive-start>
<af-start id="1682" threadId="0000000000943738" totalBytesRequested="40" timestamp="2024-07-18T15:29:08.904" intervalms="145.149" type="nursery" />
<cycle-start id="1683" type="scavenge" contextid="0" timestamp="2024-07-18T15:29:08.905" intervalms="144.964" />
<gc-start id="1684" type="scavenge" contextid="1683" timestamp="2024-07-18T15:29:08.905">
  <mem-info id="1685" free="14839536" total="83230720" percent="17">
    <mem type="nursery" free="0" total="32768000" percent="0">
      <mem type="allocate" free="0" total="22413312" percent="0" />
      <mem type="survivor" free="0" total="10354688" percent="0" />
    </mem>
    <mem type="tenure" free="14839536" total="50462720" percent="29">
      <mem type="soa" free="12316400" total="47939584" percent="25" />
      <mem type="loa" free="2523136" total="2523136" percent="100" />
    </mem>
    <remembered-set count="8169" />
  </mem-info>
</gc-start>
<allocation-stats totalBytes="16641880" discardedBytes="5048" >
  <allocated-bytes non-tlh="4888" tlh="16636992" />
  <largest-consumer threadName="Default Executor-thread-18" threadId="0000000000942D00" bytes="16609112" />
</allocation-stats>
<gc-op id="1686" type="scavenge" timems="6.726" contextid="1683" timestamp="2024-07-18T15:29:08.912">
  <scavenger-info tenureage="4" tenuremask="7f90" tiltratio="68" />
  <memory-copied type="nursery" objects="149783" bytes="7801280" bytesdiscarded="127896" />
  <memory-copied type="tenure" objects="6736" bytes="425968" bytesdiscarded="1408" />
  <finalization candidates="89" enqueued="44" />
  <ownableSynchronizers candidates="332" cleared="23" />
  <references type="soft" candidates="1382" cleared="0" enqueued="0" dynamicThreshold="9" maxThreshold="32" />
  <references type="weak" candidates="1146" cleared="24" enqueued="24" />
  <references type="phantom" candidates="233" cleared="0" enqueued="0" />
  <object-monitors candidates="168" cleared="0"  />
</gc-op>
<gc-end id="1687" type="scavenge" contextid="1683" durationms="7.506" usertimems="31.556" systemtimems="0.000" stalltimems="8.842" timestamp="2024-07-18T15:29:08.913" activeThreads="6">
  <mem-info id="1688" free="27977928" total="83230720" percent="33">
    <mem type="nursery" free="13689336" total="32768000" percent="41">
      <mem type="allocate" free="13689336" total="21626880" percent="63" />
      <mem type="survivor" free="0" total="11141120" percent="0" />
    </mem>
    <mem type="tenure" free="14288592" total="50462720" percent="28">
      <mem type="soa" free="11765456" total="47939584" percent="24" />
      <mem type="loa" free="2523136" total="2523136" percent="100" />
    </mem>
    <pending-finalizers system="0" default="44" reference="24" classloader="0" />
    <remembered-set count="7413" />
  </mem-info>
</gc-end>
<cycle-end id="1689" type="scavenge" contextid="1683" timestamp="2024-07-18T15:29:08.913" />
<allocation-satisfied id="1690" threadId="0000000000942D00" bytesRequested="40" />
<af-end id="1691" timestamp="2024-07-18T15:29:08.913" threadId="0000000000943738" success="true" from="nursery"/>
<exclusive-end id="1692" timestamp="2024-07-18T15:29:08.914" durationms="9.479" />

<exclusive-start id="1693" timestamp="2024-07-18T15:29:08.994" intervalms="90.027">
  <response-info timems="0.051" idlems="0.051" threads="0" lastid="0000000000942D00" lastname="Default Executor-thread-18" />
</exclusive-start>
<af-start id="1694" threadId="0000000000943738" totalBytesRequested="2512" timestamp="2024-07-18T15:29:08.995" intervalms="90.246" type="nursery" />
<cycle-start id="1695" type="scavenge" contextid="0" timestamp="2024-07-18T15:29:08.995" intervalms="90.438" />
<gc-start id="1696" type="scavenge" contextid="1695" timestamp="2024-07-18T15:29:08.996">
  <mem-info id="1697" free="14281104" total="83230720" percent="17">
    <mem type="nursery" free="0" total="32768000" percent="0">
      <mem type="allocate" free="0" total="21626880" percent="0" />
      <mem type="survivor" free="0" total="11141120" percent="0" />
    </mem>
    <mem type="tenure" free="14281104" total="50462720" percent="28">
      <mem type="soa" free="11757968" total="47939584" percent="24" />
      <mem type="loa" free="2523136" total="2523136" percent="100" />
    </mem>
    <remembered-set count="7545" />
  </mem-info>
</gc-start>
<allocation-stats totalBytes="13683448" discardedBytes="12704" >
  <allocated-bytes non-tlh="72400" tlh="13611048" />
  <largest-consumer threadName="Default Executor-thread-18" threadId="0000000000942D00" bytes="13675256" />
</allocation-stats>
<gc-op id="1698" type="scavenge" timems="5.169" contextid="1695" timestamp="2024-07-18T15:29:09.001">
  <scavenger-info tenureage="4" tenuremask="7fd0" tiltratio="66" />
  <memory-copied type="nursery" objects="124413" bytes="5811496" bytesdiscarded="165712" />
  <memory-copied type="tenure" objects="22727" bytes="1501736" bytesdiscarded="3136" />
  <finalization candidates="91" enqueued="46" />
  <ownableSynchronizers candidates="309" cleared="3" />
  <references type="soft" candidates="790" cleared="0" enqueued="0" dynamicThreshold="9" maxThreshold="32" />
  <references type="weak" candidates="743" cleared="22" enqueued="22" />
  <references type="phantom" candidates="120" cleared="1" enqueued="1" />
  <object-monitors candidates="168" cleared="0"  />
</gc-op>
<heap-resize id="1699" type="expand" space="nursery" amount="1572864" count="1" timems="0.026" reason="excessive time being spent scavenging" timestamp="2024-07-18T15:29:09.002" />
<gc-end id="1700" type="scavenge" contextid="1695" durationms="6.796" usertimems="25.608" systemtimems="0.000" stalltimems="9.926" timestamp="2024-07-18T15:29:09.002" activeThreads="7">
  <mem-info id="1701" free="29559504" total="84803584" percent="34">
    <mem type="nursery" free="17083416" total="34340864" percent="49">
      <mem type="allocate" free="17083416" total="23068672" percent="74" />
      <mem type="survivor" free="0" total="11272192" percent="0" />
    </mem>
    <mem type="tenure" free="12476088" total="50462720" percent="24">
      <mem type="soa" free="9952952" total="47939584" percent="20" />
      <mem type="loa" free="2523136" total="2523136" percent="100" />
    </mem>
    <pending-finalizers system="2" default="44" reference="23" classloader="0" />
    <remembered-set count="3209" />
  </mem-info>
</gc-end>
<cycle-end id="1702" type="scavenge" contextid="1695" timestamp="2024-07-18T15:29:09.003" />
<allocation-satisfied id="1703" threadId="0000000000942D00" bytesRequested="2512" />
<af-end id="1704" timestamp="2024-07-18T15:29:09.004" threadId="0000000000943738" success="true" from="nursery"/>
<exclusive-end id="1705" timestamp="2024-07-18T15:29:09.004" durationms="9.735" />

<exclusive-start id="1706" timestamp="2024-07-18T15:29:09.088" intervalms="94.125">
  <response-info timems="0.055" idlems="0.055" threads="0" lastid="0000000000942D00" lastname="Default Executor-thread-18" />
</exclusive-start>
<af-start id="1707" threadId="0000000000943738" totalBytesRequested="8200" timestamp="2024-07-18T15:29:09.089" intervalms="93.952" type="nursery" />
<cycle-start id="1708" type="scavenge" contextid="0" timestamp="2024-07-18T15:29:09.089" intervalms="93.973" />
<gc-start id="1709" type="scavenge" contextid="1708" timestamp="2024-07-18T15:29:09.089">
  <mem-info id="1710" free="12445480" total="84803584" percent="14">
    <mem type="nursery" free="0" total="34340864" percent="0">
      <mem type="allocate" free="0" total="23068672" percent="0" />
      <mem type="survivor" free="0" total="11272192" percent="0" />
    </mem>
    <mem type="tenure" free="12445480" total="50462720" percent="24">
      <mem type="soa" free="9922344" total="47939584" percent="20" />
      <mem type="loa" free="2523136" total="2523136" percent="100" />
    </mem>
    <remembered-set count="4061" />
  </mem-info>
</gc-start>
<allocation-stats totalBytes="17096576" discardedBytes="17448" >
  <allocated-bytes non-tlh="100088" tlh="16996488" />
  <largest-consumer threadName="Default Executor-thread-18" threadId="0000000000942D00" bytes="17060120" />
</allocation-stats>
<gc-op id="1711" type="scavenge" timems="7.473" contextid="1708" timestamp="2024-07-18T15:29:09.097">
  <scavenger-info tenureage="4" tenuremask="7fd0" tiltratio="67" />
  <memory-copied type="nursery" objects="122407" bytes="5920632" bytesdiscarded="101328" />
  <memory-copied type="tenure" objects="8311" bytes="703192" bytesdiscarded="168" />
  <finalization candidates="136" enqueued="91" />
  <ownableSynchronizers candidates="217" cleared="2" />
  <references type="soft" candidates="677" cleared="0" enqueued="0" dynamicThreshold="9" maxThreshold="32" />
  <references type="weak" candidates="755" cleared="44" enqueued="44" />
  <references type="phantom" candidates="176" cleared="1" enqueued="1" />
  <object-monitors candidates="168" cleared="0"  />
</gc-op>
<heap-resize id="1712" type="expand" space="nursery" amount="1310720" count="1" timems="0.035" reason="excessive time being spent scavenging" timestamp="2024-07-18T15:29:09.098" />
<gc-end id="1713" type="scavenge" contextid="1708" durationms="8.576" usertimems="35.769" systemtimems="0.000" stalltimems="16.223" timestamp="2024-07-18T15:29:09.098" activeThreads="7">
  <mem-info id="1714" free="30509896" total="86114304" percent="35">
    <mem type="nursery" free="19198776" total="35651584" percent="53">
      <mem type="allocate" free="19198776" total="25231360" percent="76" />
      <mem type="survivor" free="0" total="10420224" percent="0" />
    </mem>
    <mem type="tenure" free="11311120" total="50462720" percent="22">
      <mem type="soa" free="8787984" total="47939584" percent="18" />
      <mem type="loa" free="2523136" total="2523136" percent="100" />
    </mem>
    <pending-finalizers system="3" default="88" reference="45" classloader="0" />
    <remembered-set count="3504" />
  </mem-info>
</gc-end>
<cycle-end id="1715" type="scavenge" contextid="1708" timestamp="2024-07-18T15:29:09.098" />
<allocation-satisfied id="1716" threadId="0000000000942D00" bytesRequested="8200" />
<af-end id="1717" timestamp="2024-07-18T15:29:09.099" threadId="0000000000943738" success="true" from="nursery"/>
<exclusive-end id="1718" timestamp="2024-07-18T15:29:09.099" durationms="10.602" />

<exclusive-start id="1719" timestamp="2024-07-18T15:29:09.224" intervalms="135.997">
  <response-info timems="0.056" idlems="0.056" threads="0" lastid="0000000000942D00" lastname="Default Executor-thread-18" />
</exclusive-start>
<af-start id="1720" threadId="0000000000943738" totalBytesRequested="80" timestamp="2024-07-18T15:29:09.225" intervalms="136.137" type="nursery" />
<cycle-start id="1721" type="scavenge" contextid="0" timestamp="2024-07-18T15:29:09.225" intervalms="136.121" />
<gc-start id="1722" type="scavenge" contextid="1721" timestamp="2024-07-18T15:29:09.226">
  <mem-info id="1723" free="11241304" total="86114304" percent="13">
    <mem type="nursery" free="0" total="35651584" percent="0">
      <mem type="allocate" free="0" total="25231360" percent="0" />
      <mem type="survivor" free="0" total="10420224" percent="0" />
    </mem>
    <mem type="tenure" free="11241304" total="50462720" percent="22">
      <mem type="soa" free="8718168" total="47939584" percent="18" />
      <mem type="loa" free="2523136" total="2523136" percent="100" />
    </mem>
    <remembered-set count="5738" />
  </mem-info>
</gc-start>
<allocation-stats totalBytes="19259392" discardedBytes="9200" >
  <allocated-bytes non-tlh="983320" tlh="18276072" />
  <largest-consumer threadName="Default Executor-thread-18" threadId="0000000000942D00" bytes="19027008" />
</allocation-stats>
<gc-op id="1724" type="scavenge" timems="5.417" contextid="1721" timestamp="2024-07-18T15:29:09.232">
  <scavenger-info tenureage="3" tenuremask="7fc8" tiltratio="70" />
  <memory-copied type="nursery" objects="76953" bytes="5367352" bytesdiscarded="177128" />
  <memory-copied type="tenure" objects="38367" bytes="1630432" bytesdiscarded="744" />
  <finalization candidates="109" enqueued="64" />
  <ownableSynchronizers candidates="300" cleared="21" />
  <references type="soft" candidates="1317" cleared="0" enqueued="0" dynamicThreshold="9" maxThreshold="32" />
  <references type="weak" candidates="1742" cleared="184" enqueued="184" />
  <references type="phantom" candidates="224" cleared="11" enqueued="11" />
  <object-monitors candidates="168" cleared="1"  />
</gc-op>
<gc-end id="1725" type="scavenge" contextid="1721" durationms="6.658" usertimems="27.340" systemtimems="0.000" stalltimems="15.312" timestamp="2024-07-18T15:29:09.232" activeThreads="8">
  <mem-info id="1726" free="30635224" total="86114304" percent="35">
    <mem type="nursery" free="20727936" total="35651584" percent="58">
      <mem type="allocate" free="20727936" total="26279936" percent="78" />
      <mem type="survivor" free="0" total="9371648" percent="0" />
    </mem>
    <mem type="tenure" free="9907288" total="50462720" percent="19">
      <mem type="soa" free="7384152" total="47939584" percent="15" />
      <mem type="loa" free="2523136" total="2523136" percent="100" />
    </mem>
    <pending-finalizers system="20" default="44" reference="195" classloader="0" />
    <remembered-set count="4945" />
  </mem-info>
</gc-end>
<cycle-end id="1727" type="scavenge" contextid="1721" timestamp="2024-07-18T15:29:09.233" />
<allocation-satisfied id="1728" threadId="0000000000942D00" bytesRequested="80" />
<af-end id="1729" timestamp="2024-07-18T15:29:09.233" threadId="0000000000943738" success="true" from="nursery"/>
<exclusive-end id="1730" timestamp="2024-07-18T15:29:09.234" durationms="9.482" />

<exclusive-start id="1731" timestamp="2024-07-18T15:29:09.479" intervalms="254.926">
  <response-info timems="0.046" idlems="0.046" threads="0" lastid="0000000000853600" lastname="Default Executor-thread-11" />
</exclusive-start>
<af-start id="1732" threadId="0000000000854038" totalBytesRequested="16392" timestamp="2024-07-18T15:29:09.479" intervalms="254.688" type="nursery" />
<cycle-start id="1733" type="scavenge" contextid="0" timestamp="2024-07-18T15:29:09.480" intervalms="254.618" />
<gc-start id="1734" type="scavenge" contextid="1733" timestamp="2024-07-18T15:29:09.480">
  <mem-info id="1735" free="9703176" total="86114304" percent="11">
    <mem type="nursery" free="0" total="35651584" percent="0">
      <mem type="allocate" free="0" total="26279936" percent="0" />
      <mem type="survivor" free="0" total="9371648" percent="0" />
    </mem>
    <mem type="tenure" free="9703176" total="50462720" percent="19">
      <mem type="soa" free="7180040" total="47939584" percent="14" />
      <mem type="loa" free="2523136" total="2523136" percent="100" />
    </mem>
    <remembered-set count="7652" />
  </mem-info>
</gc-start>
<allocation-stats totalBytes="20864984" discardedBytes="67064" >
  <allocated-bytes non-tlh="305016" tlh="20559968" />
  <largest-consumer threadName="Default Executor-thread-18" threadId="0000000000942D00" bytes="17732136" />
</allocation-stats>
<gc-op id="1736" type="scavenge" timems="4.603" contextid="1733" timestamp="2024-07-18T15:29:09.485">
  <scavenger-info tenureage="6" tenuremask="7fc0" tiltratio="73" />
  <memory-copied type="nursery" objects="91073" bytes="5865712" bytesdiscarded="140840" />
  <finalization candidates="61" enqueued="33" />
  <ownableSynchronizers candidates="428" cleared="37" />
  <references type="soft" candidates="1535" cleared="0" enqueued="0" dynamicThreshold="9" maxThreshold="32" />
  <references type="weak" candidates="2144" cleared="259" enqueued="259" />
  <references type="phantom" candidates="272" cleared="21" enqueued="21" />
  <object-monitors candidates="174" cleared="4"  />
</gc-op>
<gc-end id="1737" type="scavenge" contextid="1733" durationms="5.465" usertimems="16.879" systemtimems="3.604" stalltimems="15.637" timestamp="2024-07-18T15:29:09.486" activeThreads="8">
  <mem-info id="1738" free="30362976" total="86114304" percent="35">
    <mem type="nursery" free="20659800" total="35651584" percent="57">
      <mem type="allocate" free="20659800" total="26673152" percent="77" />
      <mem type="survivor" free="0" total="8978432" percent="0" />
    </mem>
    <mem type="tenure" free="9703176" total="50462720" percent="19">
      <mem type="soa" free="7180040" total="47939584" percent="14" />
      <mem type="loa" free="2523136" total="2523136" percent="100" />
    </mem>
    <pending-finalizers system="33" default="0" reference="280" classloader="0" />
    <remembered-set count="6895" />
  </mem-info>
</gc-end>
<cycle-end id="1739" type="scavenge" contextid="1733" timestamp="2024-07-18T15:29:09.486" />
<allocation-satisfied id="1740" threadId="0000000000853600" bytesRequested="16392" />
<af-end id="1741" timestamp="2024-07-18T15:29:09.487" threadId="0000000000854038" success="true" from="nursery"/>
<exclusive-end id="1742" timestamp="2024-07-18T15:29:09.487" durationms="7.577" />

<exclusive-start id="1743" timestamp="2024-07-18T15:29:09.588" intervalms="108.806">
  <response-info timems="0.075" idlems="0.075" threads="0" lastid="00000000010B1200" lastname="zip file reaper" />
</exclusive-start>
<af-start id="1744" threadId="00000000010B1C38" totalBytesRequested="32" timestamp="2024-07-18T15:29:09.588" intervalms="109.020" type="nursery" />
<cycle-start id="1745" type="scavenge" contextid="0" timestamp="2024-07-18T15:29:09.589" intervalms="108.992" />
<gc-start id="1746" type="scavenge" contextid="1745" timestamp="2024-07-18T15:29:09.589">
  <mem-info id="1747" free="9698392" total="86114304" percent="11">
    <mem type="nursery" free="0" total="35651584" percent="0">
      <mem type="allocate" free="0" total="26673152" percent="0" />
      <mem type="survivor" free="0" total="8978432" percent="0" />
    </mem>
    <mem type="tenure" free="9698392" total="50462720" percent="19">
      <mem type="soa" free="7175256" total="47939584" percent="14" />
      <mem type="loa" free="2523136" total="2523136" percent="100" />
    </mem>
    <remembered-set count="7099" />
  </mem-info>
</gc-start>
<allocation-stats totalBytes="20586960" discardedBytes="77624" >
  <allocated-bytes non-tlh="2021496" tlh="18565464" />
  <largest-consumer threadName="Default Executor-thread-23" threadId="0000000000D52C00" bytes="6409968" />
</allocation-stats>
<gc-op id="1748" type="scavenge" timems="6.089" contextid="1745" timestamp="2024-07-18T15:29:09.596">
  <scavenger-info tenureage="3" tenuremask="7fc8" tiltratio="74" />
  <memory-copied type="nursery" objects="99042" bytes="7709744" bytesdiscarded="252784" />
  <memory-copied type="tenure" objects="59213" bytes="2939848" bytesdiscarded="1752" />
  <finalization candidates="136" enqueued="90" />
  <ownableSynchronizers candidates="572" cleared="94" />
  <references type="soft" candidates="860" cleared="0" enqueued="0" dynamicThreshold="9" maxThreshold="32" />
  <references type="weak" candidates="1299" cleared="41" enqueued="41" />
  <references type="phantom" candidates="277" cleared="60" enqueued="60" />
  <object-monitors candidates="174" cleared="4"  />
</gc-op>
<gc-end id="1749" type="scavenge" contextid="1745" durationms="7.305" usertimems="26.507" systemtimems="6.020" stalltimems="15.315" timestamp="2024-07-18T15:29:09.597" activeThreads="8">
  <mem-info id="1750" free="23754864" total="86114304" percent="27">
    <mem type="nursery" free="17000336" total="35651584" percent="47">
      <mem type="allocate" free="17000336" total="24969216" percent="68" />
      <mem type="survivor" free="0" total="10682368" percent="0" />
    </mem>
    <mem type="tenure" free="6754528" total="50462720" percent="13">
      <mem type="soa" free="4231392" total="47939584" percent="8" />
      <mem type="loa" free="2523136" total="2523136" percent="100" />
    </mem>
    <pending-finalizers system="0" default="90" reference="101" classloader="0" />
    <remembered-set count="3469" />
  </mem-info>
</gc-end>
<cycle-end id="1751" type="scavenge" contextid="1745" timestamp="2024-07-18T15:29:09.597" />
<allocation-satisfied id="1752" threadId="00000000010B1200" bytesRequested="32" />
<af-end id="1753" timestamp="2024-07-18T15:29:09.598" threadId="00000000010B1C38" success="true" from="nursery"/>
<exclusive-end id="1754" timestamp="2024-07-18T15:29:09.598" durationms="10.002" />

<concurrent-kickoff id="1755" timestamp="2024-07-18T15:29:09.621">
  <kickoff reason="threshold reached" targetBytes="24303735" thresholdFreeBytes="3362382"  remainingFree="3292024" tenureFreeBytes="6754112" nurseryFreeBytes="3292024" />
</concurrent-kickoff>
<exclusive-start id="1756" timestamp="2024-07-18T15:29:09.621" intervalms="33.458">
  <response-info timems="0.266" idlems="0.204" threads="4" lastid="000000000084F900" lastname="Default Executor-thread-10" />
</exclusive-start>
<cycle-start id="1757" type="global" contextid="0" timestamp="2024-07-18T15:29:09.622" intervalms="1306.285" />
<concurrent-start id="1758" type="global mark" contextid="1757" timestamp="2024-07-18T15:29:09.622">
</concurrent-start>
<exclusive-end id="1759" timestamp="2024-07-18T15:29:09.623" durationms="1.258" />

<concurrent-end id="1760" type="global mark" contextid="1757" timestamp="2024-07-18T15:29:09.645">
<gc-op id="1761" type="trace" timems="22.362" contextid="1757" timestamp="2024-07-18T15:29:09.645">
  <trace bytesTraced="26933844" workStackOverflowCount="0" />
  <card-cleaning reason="card cleaning threshold reached" bytesTraced="2048" cardsCleaned="4" />
</gc-op>
</concurrent-end>

<exclusive-start id="1762" timestamp="2024-07-18T15:29:09.645" intervalms="23.951">
  <response-info timems="0.286" idlems="0.218" threads="4" lastid="0000000000DA4F00" lastname="Default Executor-thread-24" />
</exclusive-start>
<af-start id="1763" threadId="00000000013B9E38" totalBytesRequested="48" timestamp="2024-07-18T15:29:09.646" intervalms="57.285" type="nursery" />
<percolate-collect id="1764" from="nursery" to="global" reason="concurrent mark exhausted" timestamp="2024-07-18T15:29:09.646"/>
<gc-start id="1765" type="global" contextid="1757" timestamp="2024-07-18T15:29:09.646">
  <mem-info id="1766" free="6754112" total="86114304" percent="7">
    <mem type="nursery" free="0" total="35651584" percent="0">
      <mem type="allocate" free="0" total="24969216" percent="0" />
      <mem type="survivor" free="0" total="10682368" percent="0" />
    </mem>
    <mem type="tenure" free="6754112" total="50462720" percent="13">
      <mem type="soa" free="4230976" total="47939584" percent="8" />
      <mem type="loa" free="2523136" total="2523136" percent="100" />
    </mem>
    <remembered-set count="3484" />
  </mem-info>
</gc-start>
<allocation-stats totalBytes="16903352" discardedBytes="97400" >
  <allocated-bytes non-tlh="568760" tlh="16334592" />
  <largest-consumer threadName="Default Executor-thread-10" threadId="000000000084F900" bytes="5102408" />
</allocation-stats>
<gc-op id="1767" type="rs-scan" timems="2.969" contextid="1757" timestamp="2024-07-18T15:29:09.650">
  <scan objectsFound="76969" bytesTraced="2623328" workStackOverflowCount="0" />
</gc-op>
<gc-op id="1768" type="card-cleaning" timems="0.904" contextid="1757" timestamp="2024-07-18T15:29:09.651">
  <card-cleaning cardsCleaned="1" bytesTraced="496" workStackOverflowCount="0" />
</gc-op>
<gc-op id="1769" type="mark" timems="9.206" contextid="1757" timestamp="2024-07-18T15:29:09.661">
  <trace-info objectcount="14497" scancount="11951" scanbytes="431612" />
  <finalization candidates="1341" enqueued="562" />
  <ownableSynchronizers candidates="7747" cleared="2" />
  <references type="soft" candidates="12299" cleared="6" enqueued="4" dynamicThreshold="9" maxThreshold="32" />
  <references type="weak" candidates="14571" cleared="13" enqueued="13" />
  <references type="phantom" candidates="439" cleared="0" enqueued="0" />
  <stringconstants candidates="37428" cleared="66"  />
  <object-monitors candidates="170" cleared="17"  />
</gc-op>
<gc-op id="1770" type="classunload" timems="1.473" contextid="1757" timestamp="2024-07-18T15:29:09.662">
  <classunload-info classloadercandidates="398" classloadersunloaded="1" classesunloaded="10" anonymousclassesunloaded="9" quiescems="0.000" setupms="1.429" scanms="0.035" postms="0.008" />
</gc-op>
<gc-op id="1771" type="sweep" timems="2.101" contextid="1757" timestamp="2024-07-18T15:29:09.665" />
<heap-resize id="1772" type="expand" space="tenure" amount="8519680" count="1" timems="0.659" reason="insufficient free space following gc" timestamp="2024-07-18T15:29:09.666" />
<gc-end id="1773" type="global" contextid="1757" durationms="19.484" usertimems="46.186" systemtimems="12.235" stalltimems="96.014" timestamp="2024-07-18T15:29:09.666" activeThreads="12">
  <mem-info id="1774" free="32434704" total="94633984" percent="34">
    <mem type="nursery" free="14724616" total="35651584" percent="41">
      <mem type="allocate" free="14724616" total="24969216" percent="58" />
      <mem type="survivor" free="0" total="10682368" percent="0" />
    </mem>
    <mem type="tenure" free="17710088" total="58982400" percent="30" micro-fragmented="1502224" macro-fragmented="0">
      <mem type="soa" free="14760968" total="56033280" percent="26" />
      <mem type="loa" free="2949120" total="2949120" percent="100" />
    </mem>
    <pending-finalizers system="0" default="562" reference="17" classloader="0" />
    <remembered-set count="2998" />
  </mem-info>
</gc-end>
<cycle-end id="1775" type="global" contextid="1757" timestamp="2024-07-18T15:29:09.666" />
<allocation-satisfied id="1776" threadId="00000000013B9400" bytesRequested="48" />
<af-end id="1777" timestamp="2024-07-18T15:29:09.667" threadId="00000000013B9E38" success="true" from="nursery"/>
<exclusive-end id="1778" timestamp="2024-07-18T15:29:09.667" durationms="21.482" />

<exclusive-start id="1779" timestamp="2024-07-18T15:29:09.684" intervalms="39.069">
  <response-info timems="0.141" idlems="0.093" threads="1" lastid="0000000000853600" lastname="Default Executor-thread-11" />
</exclusive-start>
<af-start id="1780" threadId="0000000000DA5938" totalBytesRequested="4304" timestamp="2024-07-18T15:29:09.685" intervalms="39.044" type="nursery" />
<cycle-start id="1781" type="scavenge" contextid="0" timestamp="2024-07-18T15:29:09.685" intervalms="96.261" />
<gc-start id="1782" type="scavenge" contextid="1781" timestamp="2024-07-18T15:29:09.685">
  <mem-info id="1783" free="17710088" total="94633984" percent="18">
    <mem type="nursery" free="0" total="35651584" percent="0">
      <mem type="allocate" free="0" total="24969216" percent="0" />
      <mem type="survivor" free="0" total="10682368" percent="0" />
    </mem>
    <mem type="tenure" free="17710088" total="58982400" percent="30">
      <mem type="soa" free="14760968" total="56033280" percent="26" />
      <mem type="loa" free="2949120" total="2949120" percent="100" />
    </mem>
    <remembered-set count="3012" />
  </mem-info>
</gc-start>
<allocation-stats totalBytes="14367848" discardedBytes="284664" >
  <allocated-bytes non-tlh="3446160" tlh="10921688" />
  <largest-consumer threadName="ClassloaderMapProcessingThread-9" threadId="00000000013B9400" bytes="4146408" />
</allocation-stats>
<gc-op id="1784" type="scavenge" timems="4.864" contextid="1781" timestamp="2024-07-18T15:29:09.691">
  <scavenger-info tenureage="3" tenuremask="7fe8" tiltratio="70" />
  <memory-copied type="nursery" objects="97513" bytes="7753800" bytesdiscarded="300808" />
  <memory-copied type="tenure" objects="13143" bytes="1968728" bytesdiscarded="9480" />
  <finalization candidates="520" enqueued="494" />
  <ownableSynchronizers candidates="15198" cleared="14905" />
  <references type="soft" candidates="218" cleared="0" enqueued="0" dynamicThreshold="9" maxThreshold="32" />
  <references type="weak" candidates="414" cleared="0" enqueued="0" />
  <references type="phantom" candidates="121" cleared="0" enqueued="0" />
  <object-monitors candidates="153" cleared="0"  />
</gc-op>
<heap-resize id="1785" type="expand" space="nursery" amount="1441792" count="1" timems="0.027" reason="excessive time being spent scavenging" timestamp="2024-07-18T15:29:09.691" />
<gc-end id="1786" type="scavenge" contextid="1781" durationms="5.870" usertimems="22.789" systemtimems="0.000" stalltimems="15.798" timestamp="2024-07-18T15:29:09.691" activeThreads="8">
  <mem-info id="1787" free="34712232" total="96075776" percent="36">
    <mem type="nursery" free="19270600" total="37093376" percent="51">
      <mem type="allocate" free="19270600" total="27328512" percent="70" />
      <mem type="survivor" free="0" total="9764864" percent="0" />
    </mem>
    <mem type="tenure" free="15441632" total="58982400" percent="26">
      <mem type="soa" free="12492512" total="56033280" percent="22" />
      <mem type="loa" free="2949120" total="2949120" percent="100" />
    </mem>
    <pending-finalizers system="0" default="494" reference="0" classloader="0" />
    <remembered-set count="1395" />
  </mem-info>
</gc-end>
<cycle-end id="1788" type="scavenge" contextid="1781" timestamp="2024-07-18T15:29:09.692" />
<allocation-satisfied id="1789" threadId="0000000000DA4F00" bytesRequested="4304" />
<af-end id="1790" timestamp="2024-07-18T15:29:09.692" threadId="0000000000DA5938" success="true" from="nursery"/>
<exclusive-end id="1791" timestamp="2024-07-18T15:29:09.692" durationms="7.874" />

<exclusive-start id="1792" timestamp="2024-07-18T15:29:09.720" intervalms="35.957">
  <response-info timems="0.072" idlems="0.069" threads="1" lastid="000000000085F300" lastname="Default Executor-thread-12" />
</exclusive-start>
<af-start id="1793" threadId="0000000000850338" totalBytesRequested="24" timestamp="2024-07-18T15:29:09.721" intervalms="35.995" type="nursery" />
<cycle-start id="1794" type="scavenge" contextid="0" timestamp="2024-07-18T15:29:09.721" intervalms="36.064" />
<gc-start id="1795" type="scavenge" contextid="1794" timestamp="2024-07-18T15:29:09.721">
  <mem-info id="1796" free="15441568" total="96075776" percent="16">
    <mem type="nursery" free="0" total="37093376" percent="0">
      <mem type="allocate" free="0" total="27328512" percent="0" />
      <mem type="survivor" free="0" total="9764864" percent="0" />
    </mem>
    <mem type="tenure" free="15441568" total="58982400" percent="26">
      <mem type="soa" free="12492448" total="56033280" percent="22" />
      <mem type="loa" free="2949120" total="2949120" percent="100" />
    </mem>
    <remembered-set count="1411" />
  </mem-info>
</gc-start>
<allocation-stats totalBytes="19233936" discardedBytes="36728" >
  <allocated-bytes non-tlh="631160" tlh="18602776" />
  <largest-consumer threadName="Default Executor-thread-23" threadId="0000000000D52C00" bytes="5284544" />
</allocation-stats>
<gc-op id="1797" type="scavenge" timems="5.141" contextid="1794" timestamp="2024-07-18T15:29:09.727">
  <scavenger-info tenureage="3" tenuremask="7fe8" tiltratio="73" />
  <memory-copied type="nursery" objects="89853" bytes="8032392" bytesdiscarded="234024" />
  <memory-copied type="tenure" objects="17416" bytes="777232" bytesdiscarded="1704" />
  <finalization candidates="693" enqueued="669" />
  <ownableSynchronizers candidates="206" cleared="0" />
  <references type="weak" candidates="89" cleared="0" enqueued="0" />
  <references type="phantom" candidates="70" cleared="0" enqueued="0" />
  <object-monitors candidates="153" cleared="0"  />
</gc-op>
<heap-resize id="1798" type="expand" space="nursery" amount="2883584" count="1" timems="0.029" reason="excessive time being spent scavenging" timestamp="2024-07-18T15:29:09.727" />
<gc-end id="1799" type="scavenge" contextid="1794" durationms="6.244" usertimems="20.317" systemtimems="4.720" stalltimems="15.498" timestamp="2024-07-18T15:29:09.728" activeThreads="8">
  <mem-info id="1800" free="35810656" total="98959360" percent="36">
    <mem type="nursery" free="21353872" total="39976960" percent="53">
      <mem type="allocate" free="21353872" total="29622272" percent="72" />
      <mem type="survivor" free="0" total="10354688" percent="0" />
    </mem>
    <mem type="tenure" free="14456784" total="58982400" percent="24">
      <mem type="soa" free="11507664" total="56033280" percent="20" />
      <mem type="loa" free="2949120" total="2949120" percent="100" />
    </mem>
    <pending-finalizers system="0" default="669" reference="0" classloader="0" />
    <remembered-set count="575" />
  </mem-info>
</gc-end>
<cycle-end id="1801" type="scavenge" contextid="1794" timestamp="2024-07-18T15:29:09.728" />
<allocation-satisfied id="1802" threadId="000000000084F900" bytesRequested="24" />
<af-end id="1803" timestamp="2024-07-18T15:29:09.729" threadId="0000000000850338" success="true" from="nursery"/>
<exclusive-end id="1804" timestamp="2024-07-18T15:29:09.729" durationms="8.323" />

<exclusive-start id="1805" timestamp="2024-07-18T15:29:09.750" intervalms="29.523">
  <response-info timems="0.076" idlems="0.068" threads="1" lastid="000000000085F300" lastname="Default Executor-thread-12" />
</exclusive-start>
<af-start id="1806" threadId="0000000000850338" totalBytesRequested="27072" timestamp="2024-07-18T15:29:09.750" intervalms="29.535" type="nursery" />
<cycle-start id="1807" type="scavenge" contextid="0" timestamp="2024-07-18T15:29:09.751" intervalms="29.589" />
<gc-start id="1808" type="scavenge" contextid="1807" timestamp="2024-07-18T15:29:09.751">
  <mem-info id="1809" free="14456784" total="98959360" percent="14">
    <mem type="nursery" free="0" total="39976960" percent="0">
      <mem type="allocate" free="0" total="29622272" percent="0" />
      <mem type="survivor" free="0" total="10354688" percent="0" />
    </mem>
    <mem type="tenure" free="14456784" total="58982400" percent="24">
      <mem type="soa" free="11507664" total="56033280" percent="20" />
      <mem type="loa" free="2949120" total="2949120" percent="100" />
    </mem>
    <remembered-set count="579" />
  </mem-info>
</gc-start>
<allocation-stats totalBytes="21191968" discardedBytes="161904" >
  <allocated-bytes non-tlh="1842744" tlh="19349224" />
  <largest-consumer threadName="Default Executor-thread-10" threadId="000000000084F900" bytes="5862904" />
</allocation-stats>
<gc-op id="1810" type="scavenge" timems="6.879" contextid="1807" timestamp="2024-07-18T15:29:09.758">
  <scavenger-info tenureage="3" tenuremask="7fe8" tiltratio="74" />
  <memory-copied type="nursery" objects="31028" bytes="3841760" bytesdiscarded="219736" />
  <memory-copied type="tenure" objects="61566" bytes="4440912" bytesdiscarded="416" />
  <finalization candidates="405" enqueued="385" />
  <ownableSynchronizers candidates="92" cleared="0" />
  <references type="weak" candidates="19" cleared="0" enqueued="0" />
  <references type="phantom" candidates="11" cleared="0" enqueued="0" />
  <object-monitors candidates="153" cleared="0"  />
</gc-op>
<heap-resize id="1811" type="expand" space="nursery" amount="4849664" count="1" timems="0.028" reason="excessive time being spent scavenging" timestamp="2024-07-18T15:29:09.759" />
<gc-end id="1812" type="scavenge" contextid="1807" durationms="8.158" usertimems="19.203" systemtimems="14.579" stalltimems="18.917" timestamp="2024-07-18T15:29:09.759" activeThreads="8">
  <mem-info id="1813" free="40108728" total="103809024" percent="38">
    <mem type="nursery" free="30016752" total="44826624" percent="66">
      <mem type="allocate" free="30016752" total="34078720" percent="88" />
      <mem type="survivor" free="0" total="10747904" percent="0" />
    </mem>
    <mem type="tenure" free="10091976" total="58982400" percent="17">
      <mem type="soa" free="7142856" total="56033280" percent="12" />
      <mem type="loa" free="2949120" total="2949120" percent="100" />
    </mem>
    <pending-finalizers system="0" default="385" reference="0" classloader="0" />
    <remembered-set count="3707" />
  </mem-info>
</gc-end>
<cycle-end id="1814" type="scavenge" contextid="1807" timestamp="2024-07-18T15:29:09.760" />
<allocation-satisfied id="1815" threadId="000000000084F900" bytesRequested="27072" />
<af-end id="1816" timestamp="2024-07-18T15:29:09.760" threadId="0000000000850338" success="true" from="nursery"/>
<exclusive-end id="1817" timestamp="2024-07-18T15:29:09.760" durationms="10.463" />

<exclusive-start id="1818" timestamp="2024-07-18T15:29:09.788" intervalms="37.653">
  <response-info timems="0.084" idlems="0.065" threads="1" lastid="0000000000853600" lastname="Default Executor-thread-11" />
</exclusive-start>
<af-start id="1819" threadId="0000000000D53638" totalBytesRequested="55728" timestamp="2024-07-18T15:29:09.788" intervalms="37.605" type="nursery" />
<cycle-start id="1820" type="scavenge" contextid="0" timestamp="2024-07-18T15:29:09.788" intervalms="37.483" />
<gc-start id="1821" type="scavenge" contextid="1820" timestamp="2024-07-18T15:29:09.789">
  <mem-info id="1822" free="10091976" total="103809024" percent="9">
    <mem type="nursery" free="0" total="44826624" percent="0">
      <mem type="allocate" free="0" total="34078720" percent="0" />
      <mem type="survivor" free="0" total="10747904" percent="0" />
    </mem>
    <mem type="tenure" free="10091976" total="58982400" percent="17">
      <mem type="soa" free="7142856" total="56033280" percent="12" />
      <mem type="loa" free="2949120" total="2949120" percent="100" />
    </mem>
    <remembered-set count="3723" />
  </mem-info>
</gc-start>
<allocation-stats totalBytes="29946024" discardedBytes="70728" >
  <allocated-bytes non-tlh="857904" tlh="29088120" />
  <largest-consumer threadName="Default Executor-thread-24" threadId="0000000000DA4F00" bytes="9173800" />
</allocation-stats>
<gc-op id="1823" type="scavenge" timems="3.385" contextid="1820" timestamp="2024-07-18T15:29:09.792">
  <scavenger-info tenureage="5" tenuremask="7fe0" tiltratio="76" />
  <memory-copied type="nursery" objects="37791" bytes="5876456" bytesdiscarded="500208" />
  <finalization candidates="597" enqueued="596" />
  <ownableSynchronizers candidates="3" cleared="0" />
  <references type="weak" candidates="19" cleared="0" enqueued="0" />
  <references type="phantom" candidates="11" cleared="0" enqueued="0" />
  <object-monitors candidates="153" cleared="0"  />
</gc-op>
<heap-resize id="1824" type="expand" space="nursery" amount="2490368" count="1" timems="0.028" reason="excessive time being spent scavenging" timestamp="2024-07-18T15:29:09.793" />
<gc-end id="1825" type="scavenge" contextid="1820" durationms="4.226" usertimems="11.155" systemtimems="2.551" stalltimems="13.364" timestamp="2024-07-18T15:29:09.793" activeThreads="8">
  <mem-info id="1826" free="41004312" total="106299392" percent="38">
    <mem type="nursery" free="30912336" total="47316992" percent="65">
      <mem type="allocate" free="30912336" total="37289984" percent="82" />
      <mem type="survivor" free="0" total="10027008" percent="0" />
    </mem>
    <mem type="tenure" free="10091976" total="58982400" percent="17">
      <mem type="soa" free="7142856" total="56033280" percent="12" />
      <mem type="loa" free="2949120" total="2949120" percent="100" />
    </mem>
    <pending-finalizers system="0" default="596" reference="0" classloader="0" />
    <remembered-set count="3707" />
  </mem-info>
</gc-end>
<cycle-end id="1827" type="scavenge" contextid="1820" timestamp="2024-07-18T15:29:09.793" />
<allocation-satisfied id="1828" threadId="0000000000D52C00" bytesRequested="55728" />
<af-end id="1829" timestamp="2024-07-18T15:29:09.793" threadId="0000000000D53638" success="true" from="nursery"/>
<exclusive-end id="1830" timestamp="2024-07-18T15:29:09.794" durationms="6.015" />

<exclusive-start id="1831" timestamp="2024-07-18T15:29:09.823" intervalms="35.084">
  <response-info timems="0.101" idlems="0.101" threads="0" lastid="00000000013B9400" lastname="ClassloaderMapProcessingThread-9" />
</exclusive-start>
<af-start id="1832" threadId="00000000013B9E38" totalBytesRequested="184" timestamp="2024-07-18T15:29:09.823" intervalms="35.333" type="nursery" />
<cycle-start id="1833" type="scavenge" contextid="0" timestamp="2024-07-18T15:29:09.824" intervalms="35.431" />
<gc-start id="1834" type="scavenge" contextid="1833" timestamp="2024-07-18T15:29:09.824">
  <mem-info id="1835" free="10091616" total="106299392" percent="9">
    <mem type="nursery" free="0" total="47316992" percent="0">
      <mem type="allocate" free="0" total="37289984" percent="0" />
      <mem type="survivor" free="0" total="10027008" percent="0" />
    </mem>
    <mem type="tenure" free="10091616" total="58982400" percent="17">
      <mem type="soa" free="7142496" total="56033280" percent="12" />
      <mem type="loa" free="2949120" total="2949120" percent="100" />
    </mem>
    <remembered-set count="3793" />
  </mem-info>
</gc-start>
<allocation-stats totalBytes="30804528" discardedBytes="108168" >
  <allocated-bytes non-tlh="122024" tlh="30682504" />
  <largest-consumer threadName="Default Executor-thread-24" threadId="0000000000DA4F00" bytes="8810944" />
</allocation-stats>
<gc-op id="1836" type="scavenge" timems="4.218" contextid="1833" timestamp="2024-07-18T15:29:09.829">
  <scavenger-info tenureage="5" tenuremask="7fe0" tiltratio="78" />
  <memory-copied type="nursery" objects="45036" bytes="5895864" bytesdiscarded="506632" />
  <finalization candidates="691" enqueued="689" />
  <ownableSynchronizers candidates="23" cleared="8" />
  <references type="soft" candidates="1" cleared="0" enqueued="0" dynamicThreshold="9" maxThreshold="32" />
  <references type="weak" candidates="22" cleared="2" enqueued="2" />
  <references type="phantom" candidates="11" cleared="0" enqueued="0" />
  <object-monitors candidates="153" cleared="0"  />
</gc-op>
<heap-resize id="1837" type="expand" space="nursery" amount="3014656" count="1" timems="0.776" reason="excessive time being spent scavenging" timestamp="2024-07-18T15:29:09.830" />
<gc-end id="1838" type="scavenge" contextid="1833" durationms="5.915" usertimems="6.676" systemtimems="11.693" stalltimems="11.284" timestamp="2024-07-18T15:29:09.830" activeThreads="7">
  <mem-info id="1839" free="44451552" total="109314048" percent="40">
    <mem type="nursery" free="34359936" total="50331648" percent="68">
      <mem type="allocate" free="34359936" total="40763392" percent="84" />
      <mem type="survivor" free="0" total="9568256" percent="0" />
    </mem>
    <mem type="tenure" free="10091616" total="58982400" percent="17">
      <mem type="soa" free="7142496" total="56033280" percent="12" />
      <mem type="loa" free="2949120" total="2949120" percent="100" />
    </mem>
    <pending-finalizers system="0" default="689" reference="2" classloader="0" />
    <remembered-set count="3748" />
  </mem-info>
</gc-end>
<cycle-end id="1840" type="scavenge" contextid="1833" timestamp="2024-07-18T15:29:09.830" />
<allocation-satisfied id="1841" threadId="00000000013B9400" bytesRequested="184" />
<af-end id="1842" timestamp="2024-07-18T15:29:09.831" threadId="00000000013B9E38" success="true" from="nursery"/>
<exclusive-end id="1843" timestamp="2024-07-18T15:29:09.831" durationms="8.123" />

<exclusive-start id="1844" timestamp="2024-07-18T15:29:09.855" intervalms="32.776">
  <response-info timems="0.065" idlems="0.057" threads="2" lastid="000000000085F300" lastname="Default Executor-thread-12" />
</exclusive-start>
<af-start id="1845" threadId="0000000000850338" totalBytesRequested="112" timestamp="2024-07-18T15:29:09.856" intervalms="32.534" type="nursery" />
<cycle-start id="1846" type="scavenge" contextid="0" timestamp="2024-07-18T15:29:09.856" intervalms="32.431" />
<gc-start id="1847" type="scavenge" contextid="1846" timestamp="2024-07-18T15:29:09.856">
  <mem-info id="1848" free="10091408" total="109314048" percent="9">
    <mem type="nursery" free="0" total="50331648" percent="0">
      <mem type="allocate" free="0" total="40763392" percent="0" />
      <mem type="survivor" free="0" total="9568256" percent="0" />
    </mem>
    <mem type="tenure" free="10091408" total="58982400" percent="17">
      <mem type="soa" free="7142288" total="56033280" percent="12" />
      <mem type="loa" free="2949120" total="2949120" percent="100" />
    </mem>
    <remembered-set count="3890" />
  </mem-info>
</gc-start>
<allocation-stats totalBytes="34311520" discardedBytes="48624" >
  <allocated-bytes non-tlh="430016" tlh="33881504" />
  <largest-consumer threadName="Default Executor-thread-23" threadId="0000000000D52C00" bytes="9706664" />
</allocation-stats>
<gc-op id="1849" type="scavenge" timems="4.699" contextid="1846" timestamp="2024-07-18T15:29:09.861">
  <scavenger-info tenureage="5" tenuremask="7fe0" tiltratio="80" />
  <memory-copied type="nursery" objects="43152" bytes="6268968" bytesdiscarded="467384" />
  <memory-copied type="tenure" objects="10760" bytes="533320" bytesdiscarded="304" />
  <finalization candidates="740" enqueued="739" />
  <ownableSynchronizers candidates="66" cleared="29" />
  <references type="soft" candidates="3" cleared="0" enqueued="0" dynamicThreshold="9" maxThreshold="32" />
  <references type="weak" candidates="29" cleared="1" enqueued="1" />
  <references type="phantom" candidates="26" cleared="10" enqueued="10" />
  <object-monitors candidates="153" cleared="0"  />
</gc-op>
<heap-resize id="1850" type="expand" space="nursery" amount="3932160" count="1" timems="0.030" reason="excessive time being spent scavenging" timestamp="2024-07-18T15:29:09.862" />
<gc-end id="1851" type="scavenge" contextid="1846" durationms="5.673" usertimems="21.110" systemtimems="0.000" stalltimems="10.976" timestamp="2024-07-18T15:29:09.862" activeThreads="7">
  <mem-info id="1852" free="47329216" total="113246208" percent="41">
    <mem type="nursery" free="38088272" total="54263808" percent="70">
      <mem type="allocate" free="38088272" total="44826624" percent="84" />
      <mem type="survivor" free="0" total="9437184" percent="0" />
    </mem>
    <mem type="tenure" free="9240944" total="58982400" percent="15">
      <mem type="soa" free="6291824" total="56033280" percent="11" />
      <mem type="loa" free="2949120" total="2949120" percent="100" />
    </mem>
    <pending-finalizers system="0" default="739" reference="11" classloader="0" />
    <remembered-set count="2863" />
  </mem-info>
</gc-end>
<cycle-end id="1853" type="scavenge" contextid="1846" timestamp="2024-07-18T15:29:09.862" />
<allocation-satisfied id="1854" threadId="000000000084F900" bytesRequested="112" />
<af-end id="1855" timestamp="2024-07-18T15:29:09.863" threadId="0000000000850338" success="true" from="nursery"/>
<exclusive-end id="1856" timestamp="2024-07-18T15:29:09.863" durationms="7.326" />

<exclusive-start id="1857" timestamp="2024-07-18T15:29:09.906" intervalms="50.383">
  <response-info timems="0.186" idlems="0.173" threads="1" lastid="0000000000D52C00" lastname="Default Executor-thread-23" />
</exclusive-start>
<af-start id="1858" threadId="0000000000854038" totalBytesRequested="9024" timestamp="2024-07-18T15:29:09.906" intervalms="50.428" type="nursery" />
<cycle-start id="1859" type="scavenge" contextid="0" timestamp="2024-07-18T15:29:09.906" intervalms="50.440" />
<gc-start id="1860" type="scavenge" contextid="1859" timestamp="2024-07-18T15:29:09.907">
  <mem-info id="1861" free="9237568" total="113246208" percent="8">
    <mem type="nursery" free="0" total="54263808" percent="0">
      <mem type="allocate" free="0" total="44826624" percent="0" />
      <mem type="survivor" free="0" total="9437184" percent="0" />
    </mem>
    <mem type="tenure" free="9237568" total="58982400" percent="15">
      <mem type="soa" free="6288448" total="56033280" percent="11" />
      <mem type="loa" free="2949120" total="2949120" percent="100" />
    </mem>
    <remembered-set count="3274" />
  </mem-info>
</gc-start>
<allocation-stats totalBytes="37907112" discardedBytes="184536" >
  <allocated-bytes non-tlh="539504" tlh="37367608" />
  <largest-consumer threadName="Default Executor-thread-24" threadId="0000000000DA4F00" bytes="8811688" />
</allocation-stats>
<gc-op id="1862" type="scavenge" timems="5.898" contextid="1859" timestamp="2024-07-18T15:29:09.913">
  <scavenger-info tenureage="5" tenuremask="7fe0" tiltratio="82" />
  <memory-copied type="nursery" objects="64856" bytes="6732984" bytesdiscarded="220544" />
  <memory-copied type="tenure" objects="9413" bytes="707144" bytesdiscarded="1016" />
  <finalization candidates="657" enqueued="656" />
  <ownableSynchronizers candidates="48" cleared="9" />
  <references type="soft" candidates="3" cleared="0" enqueued="0" dynamicThreshold="9" maxThreshold="32" />
  <references type="weak" candidates="45" cleared="7" enqueued="7" />
  <references type="phantom" candidates="22" cleared="0" enqueued="0" />
  <object-monitors candidates="153" cleared="0"  />
</gc-op>
<heap-resize id="1863" type="expand" space="nursery" amount="3145728" count="1" timems="0.029" reason="excessive time being spent scavenging" timestamp="2024-07-18T15:29:09.913" />
<gc-end id="1864" type="scavenge" contextid="1859" durationms="6.884" usertimems="23.624" systemtimems="1.738" stalltimems="13.085" timestamp="2024-07-18T15:29:09.914" activeThreads="7">
  <mem-info id="1865" free="49961208" total="116391936" percent="42">
    <mem type="nursery" free="41476360" total="57409536" percent="72">
      <mem type="allocate" free="41476360" total="48431104" percent="85" />
      <mem type="survivor" free="0" total="8978432" percent="0" />
    </mem>
    <mem type="tenure" free="8484848" total="58982400" percent="14">
      <mem type="soa" free="5535728" total="56033280" percent="9" />
      <mem type="loa" free="2949120" total="2949120" percent="100" />
    </mem>
    <pending-finalizers system="0" default="656" reference="7" classloader="0" />
    <remembered-set count="3037" />
  </mem-info>
</gc-end>
<cycle-end id="1866" type="scavenge" contextid="1859" timestamp="2024-07-18T15:29:09.914" />
<allocation-satisfied id="1867" threadId="0000000000853600" bytesRequested="9024" />
<af-end id="1868" timestamp="2024-07-18T15:29:09.914" threadId="0000000000854038" success="true" from="nursery"/>
<exclusive-end id="1869" timestamp="2024-07-18T15:29:09.915" durationms="8.691" />

<exclusive-start id="1870" timestamp="2024-07-18T15:29:09.945" intervalms="39.350">
  <response-info timems="0.087" idlems="0.077" threads="1" lastid="0000000000DA4F00" lastname="Default Executor-thread-24" />
</exclusive-start>
<af-start id="1871" threadId="0000000000850338" totalBytesRequested="8824" timestamp="2024-07-18T15:29:09.945" intervalms="39.331" type="nursery" />
<cycle-start id="1872" type="scavenge" contextid="0" timestamp="2024-07-18T15:29:09.946" intervalms="39.322" />
<gc-start id="1873" type="scavenge" contextid="1872" timestamp="2024-07-18T15:29:09.946">
  <mem-info id="1874" free="8484848" total="116391936" percent="7">
    <mem type="nursery" free="0" total="57409536" percent="0">
      <mem type="allocate" free="0" total="48431104" percent="0" />
      <mem type="survivor" free="0" total="8978432" percent="0" />
    </mem>
    <mem type="tenure" free="8484848" total="58982400" percent="14">
      <mem type="soa" free="5535728" total="56033280" percent="9" />
      <mem type="loa" free="2949120" total="2949120" percent="100" />
    </mem>
    <remembered-set count="3500" />
  </mem-info>
</gc-start>
<allocation-stats totalBytes="41403752" discardedBytes="72608" >
  <allocated-bytes non-tlh="272624" tlh="41131128" />
  <largest-consumer threadName="Default Executor-thread-24" threadId="0000000000DA4F00" bytes="10069920" />
</allocation-stats>
<gc-op id="1875" type="scavenge" timems="5.377" contextid="1872" timestamp="2024-07-18T15:29:09.952">
  <scavenger-info tenureage="5" tenuremask="7fe0" tiltratio="84" />
  <memory-copied type="nursery" objects="72728" bytes="7651504" bytesdiscarded="459352" />
  <memory-copied type="tenure" objects="5724" bytes="342224" bytesdiscarded="912" />
  <finalization candidates="953" enqueued="952" />
  <ownableSynchronizers candidates="37" cleared="0" />
  <references type="soft" candidates="3" cleared="0" enqueued="0" dynamicThreshold="9" maxThreshold="32" />
  <references type="weak" candidates="38" cleared="0" enqueued="0" />
  <references type="phantom" candidates="63" cleared="0" enqueued="0" />
  <object-monitors candidates="153" cleared="0"  />
</gc-op>
<heap-resize id="1876" type="expand" space="nursery" amount="4194304" count="1" timems="0.028" reason="excessive time being spent scavenging" timestamp="2024-07-18T15:29:09.952" />
<gc-end id="1877" type="scavenge" contextid="1872" durationms="6.256" usertimems="22.810" systemtimems="0.000" stalltimems="14.958" timestamp="2024-07-18T15:29:09.952" activeThreads="7">
  <mem-info id="1878" free="51088424" total="120586240" percent="42">
    <mem type="nursery" free="43069096" total="61603840" percent="69">
      <mem type="allocate" free="43069096" total="51183616" percent="84" />
      <mem type="survivor" free="0" total="10420224" percent="0" />
    </mem>
    <mem type="tenure" free="8019328" total="58982400" percent="13">
      <mem type="soa" free="5070208" total="56033280" percent="9" />
      <mem type="loa" free="2949120" total="2949120" percent="100" />
    </mem>
    <pending-finalizers system="0" default="952" reference="0" classloader="0" />
    <remembered-set count="2312" />
  </mem-info>
</gc-end>
<cycle-end id="1879" type="scavenge" contextid="1872" timestamp="2024-07-18T15:29:09.953" />
<allocation-satisfied id="1880" threadId="000000000084F900" bytesRequested="8824" />
<af-end id="1881" timestamp="2024-07-18T15:29:09.953" threadId="0000000000850338" success="true" from="nursery"/>
<exclusive-end id="1882" timestamp="2024-07-18T15:29:09.953" durationms="7.911" />

<concurrent-kickoff id="1883" timestamp="2024-07-18T15:29:09.978">
  <kickoff reason="threshold reached" targetBytes="29009136" thresholdFreeBytes="4004871"  remainingFree="3925640" tenureFreeBytes="8019328" nurseryFreeBytes="3925640" />
</concurrent-kickoff>
<exclusive-start id="1884" timestamp="2024-07-18T15:29:09.979" intervalms="33.671">
  <response-info timems="0.069" idlems="0.065" threads="1" lastid="00000000013B9400" lastname="ClassloaderMapProcessingThread-9" />
</exclusive-start>
<cycle-start id="1885" type="global" contextid="0" timestamp="2024-07-18T15:29:09.979" intervalms="357.229" />
<concurrent-start id="1886" type="global mark" contextid="1885" timestamp="2024-07-18T15:29:09.979">
</concurrent-start>
<exclusive-end id="1887" timestamp="2024-07-18T15:29:09.979" durationms="0.612" />

<concurrent-end id="1888" type="global mark" contextid="1885" timestamp="2024-07-18T15:29:10.002">
<gc-op id="1889" type="trace" timems="22.605" contextid="1885" timestamp="2024-07-18T15:29:10.002">
  <trace bytesTraced="29944744" workStackOverflowCount="0" />
  <card-cleaning reason="card cleaning threshold reached" bytesTraced="33840" cardsCleaned="120" />
</gc-op>
</concurrent-end>

<exclusive-start id="1890" timestamp="2024-07-18T15:29:10.002" intervalms="23.526">
  <response-info timems="0.057" idlems="0.043" threads="1" lastid="0000000000DA4F00" lastname="Default Executor-thread-24" />
</exclusive-start>
<af-start id="1891" threadId="0000000000850338" totalBytesRequested="3208" timestamp="2024-07-18T15:29:10.003" intervalms="57.084" type="nursery" />
<percolate-collect id="1892" from="nursery" to="global" reason="concurrent mark exhausted" timestamp="2024-07-18T15:29:10.003"/>
<gc-start id="1893" type="global" contextid="1885" timestamp="2024-07-18T15:29:10.003">
  <mem-info id="1894" free="8019328" total="120586240" percent="6">
    <mem type="nursery" free="0" total="61603840" percent="0">
      <mem type="allocate" free="0" total="51183616" percent="0" />
      <mem type="survivor" free="0" total="10420224" percent="0" />
    </mem>
    <mem type="tenure" free="8019328" total="58982400" percent="13">
      <mem type="soa" free="5070208" total="56033280" percent="9" />
      <mem type="loa" free="2949120" total="2949120" percent="100" />
    </mem>
    <remembered-set count="2553" />
  </mem-info>
</gc-start>
<allocation-stats totalBytes="42961072" discardedBytes="108024" >
  <allocated-bytes non-tlh="92192" tlh="42868880" />
  <largest-consumer threadName="Default Executor-thread-10" threadId="000000000084F900" bytes="10137608" />
</allocation-stats>
<gc-op id="1895" type="rs-scan" timems="2.222" contextid="1885" timestamp="2024-07-18T15:29:10.006">
  <scan objectsFound="59694" bytesTraced="2807324" workStackOverflowCount="0" />
</gc-op>
<gc-op id="1896" type="card-cleaning" timems="0.828" contextid="1885" timestamp="2024-07-18T15:29:10.007">
  <card-cleaning cardsCleaned="48" bytesTraced="23432" workStackOverflowCount="0" />
</gc-op>
<gc-op id="1897" type="mark" timems="5.411" contextid="1885" timestamp="2024-07-18T15:29:10.012">
  <trace-info objectcount="26051" scancount="21217" scanbytes="1086572" />
  <finalization candidates="1792" enqueued="1012" />
  <ownableSynchronizers candidates="7784" cleared="4" />
  <references type="soft" candidates="12296" cleared="2" enqueued="2" dynamicThreshold="9" maxThreshold="32" />
  <references type="weak" candidates="14598" cleared="0" enqueued="0" />
  <references type="phantom" candidates="470" cleared="0" enqueued="0" />
  <stringconstants candidates="37417" cleared="3"  />
  <object-monitors candidates="154" cleared="0"  />
</gc-op>
<gc-op id="1898" type="sweep" timems="1.727" contextid="1885" timestamp="2024-07-18T15:29:10.014" />
<heap-resize id="1899" type="expand" space="tenure" amount="11272192" count="1" timems="0.688" reason="insufficient free space following gc" timestamp="2024-07-18T15:29:10.015" />
<gc-end id="1900" type="global" contextid="1885" durationms="12.394" usertimems="39.998" systemtimems="7.762" stalltimems="48.828" timestamp="2024-07-18T15:29:10.016" activeThreads="12">
  <mem-info id="1901" free="62650048" total="131858432" percent="47">
    <mem type="nursery" free="41572168" total="61603840" percent="67">
      <mem type="allocate" free="41572168" total="51183616" percent="81" />
      <mem type="survivor" free="0" total="10420224" percent="0" />
    </mem>
    <mem type="tenure" free="21077880" total="70254592" percent="30" micro-fragmented="1418584" macro-fragmented="0">
      <mem type="soa" free="17564536" total="66741248" percent="26" />
      <mem type="loa" free="3513344" total="3513344" percent="100" />
    </mem>
    <pending-finalizers system="0" default="1012" reference="2" classloader="0" />
    <remembered-set count="2514" />
  </mem-info>
</gc-end>
<cycle-end id="1902" type="global" contextid="1885" timestamp="2024-07-18T15:29:10.016" />
<allocation-satisfied id="1903" threadId="000000000084F900" bytesRequested="3208" />
<af-end id="1904" timestamp="2024-07-18T15:29:10.016" threadId="0000000000850338" success="true" from="nursery"/>
<exclusive-end id="1905" timestamp="2024-07-18T15:29:10.016" durationms="13.842" />

<exclusive-start id="1906" timestamp="2024-07-18T15:29:10.046" intervalms="43.399">
  <response-info timems="0.068" idlems="0.054" threads="2" lastid="0000000000853600" lastname="Default Executor-thread-11" />
</exclusive-start>
<af-start id="1907" threadId="0000000000850338" totalBytesRequested="24" timestamp="2024-07-18T15:29:10.046" intervalms="43.492" type="nursery" />
<cycle-start id="1908" type="scavenge" contextid="0" timestamp="2024-07-18T15:29:10.046" intervalms="100.569" />
<gc-start id="1909" type="scavenge" contextid="1908" timestamp="2024-07-18T15:29:10.047">
  <mem-info id="1910" free="21068816" total="131858432" percent="15">
    <mem type="nursery" free="0" total="61603840" percent="0">
      <mem type="allocate" free="0" total="51183616" percent="0" />
      <mem type="survivor" free="0" total="10420224" percent="0" />
    </mem>
    <mem type="tenure" free="21068816" total="70254592" percent="29">
      <mem type="soa" free="17555472" total="66741248" percent="26" />
      <mem type="loa" free="3513344" total="3513344" percent="100" />
    </mem>
    <remembered-set count="2858" />
  </mem-info>
</gc-start>
<allocation-stats totalBytes="40890080" discardedBytes="600344" >
  <allocated-bytes non-tlh="7621176" tlh="33268904" />
  <largest-consumer threadName="Default Executor-thread-23" threadId="0000000000D52C00" bytes="10623008" />
</allocation-stats>
<gc-op id="1911" type="scavenge" timems="5.920" contextid="1908" timestamp="2024-07-18T15:29:10.053">
  <scavenger-info tenureage="5" tenuremask="7fe0" tiltratio="83" />
  <memory-copied type="nursery" objects="68075" bytes="9120208" bytesdiscarded="347136" />
  <memory-copied type="tenure" objects="4215" bytes="183920" bytesdiscarded="1736" />
  <finalization candidates="1122" enqueued="1121" />
  <ownableSynchronizers candidates="15532" cleared="15495" />
  <references type="soft" candidates="5" cleared="0" enqueued="0" dynamicThreshold="9" maxThreshold="32" />
  <references type="weak" candidates="105" cleared="50" enqueued="50" />
  <references type="phantom" candidates="130" cleared="12" enqueued="12" />
  <object-monitors candidates="154" cleared="0"  />
</gc-op>
<gc-end id="1912" type="scavenge" contextid="1908" durationms="6.609" usertimems="26.804" systemtimems="0.000" stalltimems="13.201" timestamp="2024-07-18T15:29:10.053" activeThreads="7">
  <mem-info id="1913" free="61091304" total="131858432" percent="46">
    <mem type="nursery" free="40338168" total="61603840" percent="65">
      <mem type="allocate" free="40338168" total="49807360" percent="80" />
      <mem type="survivor" free="0" total="11796480" percent="0" />
    </mem>
    <mem type="tenure" free="20753136" total="70254592" percent="29">
      <mem type="soa" free="17239792" total="66741248" percent="25" />
      <mem type="loa" free="3513344" total="3513344" percent="100" />
    </mem>
    <pending-finalizers system="5" default="1116" reference="62" classloader="0" />
    <remembered-set count="3082" />
  </mem-info>
</gc-end>
<cycle-end id="1914" type="scavenge" contextid="1908" timestamp="2024-07-18T15:29:10.054" />
<allocation-satisfied id="1915" threadId="000000000084F900" bytesRequested="24" />
<af-end id="1916" timestamp="2024-07-18T15:29:10.054" threadId="0000000000850338" success="true" from="nursery"/>
<exclusive-end id="1917" timestamp="2024-07-18T15:29:10.054" durationms="8.317" />

<exclusive-start id="1918" timestamp="2024-07-18T15:29:10.082" intervalms="36.450">
  <response-info timems="0.133" idlems="0.101" threads="2" lastid="0000000000853600" lastname="Default Executor-thread-11" />
</exclusive-start>
<af-start id="1919" threadId="0000000000850338" totalBytesRequested="264" timestamp="2024-07-18T15:29:10.082" intervalms="36.424" type="nursery" />
<cycle-start id="1920" type="scavenge" contextid="0" timestamp="2024-07-18T15:29:10.083" intervalms="36.408" />
<gc-start id="1921" type="scavenge" contextid="1920" timestamp="2024-07-18T15:29:10.083">
  <mem-info id="1922" free="20729744" total="131858432" percent="15">
    <mem type="nursery" free="0" total="61603840" percent="0">
      <mem type="allocate" free="0" total="49807360" percent="0" />
      <mem type="survivor" free="0" total="11796480" percent="0" />
    </mem>
    <mem type="tenure" free="20729744" total="70254592" percent="29">
      <mem type="soa" free="17216400" total="66741248" percent="25" />
      <mem type="loa" free="3513344" total="3513344" percent="100" />
    </mem>
    <remembered-set count="3784" />
  </mem-info>
</gc-start>
<allocation-stats totalBytes="40274616" discardedBytes="85568" >
  <allocated-bytes non-tlh="48272" tlh="40226344" />
  <largest-consumer threadName="Default Executor-thread-10" threadId="000000000084F900" bytes="10681912" />
</allocation-stats>
<gc-op id="1923" type="scavenge" timems="5.129" contextid="1920" timestamp="2024-07-18T15:29:10.089">
  <scavenger-info tenureage="5" tenuremask="7fe0" tiltratio="80" />
  <memory-copied type="nursery" objects="73913" bytes="9246592" bytesdiscarded="545248" />
  <memory-copied type="tenure" objects="5952" bytes="266008" bytesdiscarded="240" />
  <finalization candidates="1064" enqueued="1055" />
  <ownableSynchronizers candidates="54" cleared="0" />
  <references type="soft" candidates="11" cleared="0" enqueued="0" dynamicThreshold="9" maxThreshold="32" />
  <references type="weak" candidates="115" cleared="54" enqueued="54" />
  <references type="phantom" candidates="151" cleared="16" enqueued="16" />
  <object-monitors candidates="154" cleared="0"  />
</gc-op>
<heap-resize id="1924" type="expand" space="nursery" amount="5505024" count="1" timems="0.672" reason="excessive time being spent scavenging" timestamp="2024-07-18T15:29:10.089" />
<gc-end id="1925" type="scavenge" contextid="1920" durationms="6.651" usertimems="13.933" systemtimems="8.683" stalltimems="14.362" timestamp="2024-07-18T15:29:10.090" activeThreads="7">
  <mem-info id="1926" free="65542568" total="137363456" percent="47">
    <mem type="nursery" free="45256504" total="67108864" percent="67">
      <mem type="allocate" free="45256504" total="55050240" percent="82" />
      <mem type="survivor" free="0" total="12058624" percent="0" />
    </mem>
    <mem type="tenure" free="20286064" total="70254592" percent="28">
      <mem type="soa" free="16772720" total="66741248" percent="25" />
      <mem type="loa" free="3513344" total="3513344" percent="100" />
    </mem>
    <pending-finalizers system="9" default="1046" reference="70" classloader="0" />
    <remembered-set count="3544" />
  </mem-info>
</gc-end>
<cycle-end id="1927" type="scavenge" contextid="1920" timestamp="2024-07-18T15:29:10.090" />
<allocation-satisfied id="1928" threadId="000000000084F900" bytesRequested="264" />
<af-end id="1929" timestamp="2024-07-18T15:29:10.090" threadId="0000000000850338" success="true" from="nursery"/>
<exclusive-end id="1930" timestamp="2024-07-18T15:29:10.090" durationms="8.255" />

<exclusive-start id="1931" timestamp="2024-07-18T15:29:10.122" intervalms="39.812">
  <response-info timems="0.068" idlems="0.055" threads="1" lastid="0000000000D52C00" lastname="Default Executor-thread-23" />
</exclusive-start>
<af-start id="1932" threadId="0000000000850338" totalBytesRequested="168" timestamp="2024-07-18T15:29:10.122" intervalms="39.831" type="nursery" />
<cycle-start id="1933" type="scavenge" contextid="0" timestamp="2024-07-18T15:29:10.123" intervalms="39.842" />
<gc-start id="1934" type="scavenge" contextid="1933" timestamp="2024-07-18T15:29:10.123">
  <mem-info id="1935" free="20270304" total="137363456" percent="14">
    <mem type="nursery" free="0" total="67108864" percent="0">
      <mem type="allocate" free="0" total="55050240" percent="0" />
      <mem type="survivor" free="0" total="12058624" percent="0" />
    </mem>
    <mem type="tenure" free="20270304" total="70254592" percent="28">
      <mem type="soa" free="16756960" total="66741248" percent="25" />
      <mem type="loa" free="3513344" total="3513344" percent="100" />
    </mem>
    <remembered-set count="4327" />
  </mem-info>
</gc-start>
<allocation-stats totalBytes="45236216" discardedBytes="36048" >
  <allocated-bytes non-tlh="512072" tlh="44724144" />
  <largest-consumer threadName="Default Executor-thread-23" threadId="0000000000D52C00" bytes="12501848" />
</allocation-stats>
<gc-op id="1936" type="scavenge" timems="5.906" contextid="1933" timestamp="2024-07-18T15:29:10.129">
  <scavenger-info tenureage="5" tenuremask="7fe0" tiltratio="82" />
  <memory-copied type="nursery" objects="92392" bytes="11109056" bytesdiscarded="303904" />
  <memory-copied type="tenure" objects="8098" bytes="616928" bytesdiscarded="1048" />
  <finalization candidates="1169" enqueued="1156" />
  <ownableSynchronizers candidates="58" cleared="6" />
  <references type="soft" candidates="79" cleared="0" enqueued="0" dynamicThreshold="9" maxThreshold="32" />
  <references type="weak" candidates="160" cleared="65" enqueued="65" />
  <references type="phantom" candidates="173" cleared="51" enqueued="51" />
  <object-monitors candidates="154" cleared="0"  />
</gc-op>
<heap-resize id="1937" type="expand" space="nursery" amount="5111808" count="1" timems="0.023" reason="excessive time being spent scavenging" timestamp="2024-07-18T15:29:10.129" />
<gc-end id="1938" type="scavenge" contextid="1933" durationms="6.774" usertimems="15.580" systemtimems="11.297" stalltimems="11.449" timestamp="2024-07-18T15:29:10.130" activeThreads="7">
  <mem-info id="1939" free="64986096" total="142475264" percent="45">
    <mem type="nursery" free="45403784" total="72220672" percent="62">
      <mem type="allocate" free="45403784" total="56819712" percent="79" />
      <mem type="survivor" free="0" total="15400960" percent="0" />
    </mem>
    <mem type="tenure" free="19582312" total="70254592" percent="27">
      <mem type="soa" free="16068968" total="66741248" percent="24" />
      <mem type="loa" free="3513344" total="3513344" percent="100" />
    </mem>
    <pending-finalizers system="56" default="1100" reference="116" classloader="0" />
    <remembered-set count="3628" />
  </mem-info>
</gc-end>
<cycle-end id="1940" type="scavenge" contextid="1933" timestamp="2024-07-18T15:29:10.130" />
<allocation-satisfied id="1941" threadId="000000000084F900" bytesRequested="168" />
<af-end id="1942" timestamp="2024-07-18T15:29:10.130" threadId="0000000000850338" success="true" from="nursery"/>
<exclusive-end id="1943" timestamp="2024-07-18T15:29:10.130" durationms="8.398" />

<exclusive-start id="1944" timestamp="2024-07-18T15:29:10.159" intervalms="37.310">
  <response-info timems="0.075" idlems="0.075" threads="0" lastid="0000000000D52C00" lastname="Default Executor-thread-23" />
</exclusive-start>
<af-start id="1945" threadId="0000000000D53638" totalBytesRequested="2208" timestamp="2024-07-18T15:29:10.160" intervalms="37.300" type="nursery" />
<cycle-start id="1946" type="scavenge" contextid="0" timestamp="2024-07-18T15:29:10.160" intervalms="37.420" />
<gc-start id="1947" type="scavenge" contextid="1946" timestamp="2024-07-18T15:29:10.160">
  <mem-info id="1948" free="19578456" total="142475264" percent="13">
    <mem type="nursery" free="0" total="72220672" percent="0">
      <mem type="allocate" free="0" total="56819712" percent="0" />
      <mem type="survivor" free="0" total="15400960" percent="0" />
    </mem>
    <mem type="tenure" free="19578456" total="70254592" percent="27">
      <mem type="soa" free="16065112" total="66741248" percent="24" />
      <mem type="loa" free="3513344" total="3513344" percent="100" />
    </mem>
    <remembered-set count="3950" />
  </mem-info>
</gc-start>
<allocation-stats totalBytes="45314824" discardedBytes="92816" >
  <allocated-bytes non-tlh="199416" tlh="45115408" />
  <largest-consumer threadName="Default Executor-thread-10" threadId="000000000084F900" bytes="10850552" />
</allocation-stats>
<gc-op id="1949" type="scavenge" timems="5.825" contextid="1946" timestamp="2024-07-18T15:29:10.167">
  <scavenger-info tenureage="4" tenuremask="7ff0" tiltratio="78" />
  <memory-copied type="nursery" objects="91742" bytes="9141720" bytesdiscarded="640992" />
  <memory-copied type="tenure" objects="24280" bytes="2052360" bytesdiscarded="1760" />
  <finalization candidates="1007" enqueued="982" />
  <ownableSynchronizers candidates="33" cleared="4" />
  <references type="soft" candidates="117" cleared="0" enqueued="0" dynamicThreshold="9" maxThreshold="32" />
  <references type="weak" candidates="167" cleared="73" enqueued="73" />
  <references type="phantom" candidates="105" cleared="23" enqueued="23" />
  <object-monitors candidates="154" cleared="0"  />
</gc-op>
<heap-resize id="1950" type="expand" space="nursery" amount="5898240" count="1" timems="0.027" reason="excessive time being spent scavenging" timestamp="2024-07-18T15:29:10.167" />
<gc-end id="1951" type="scavenge" contextid="1946" durationms="6.748" usertimems="25.751" systemtimems="5.674" stalltimems="13.838" timestamp="2024-07-18T15:29:10.167" activeThreads="8">
  <mem-info id="1952" free="70310688" total="148373504" percent="47">
    <mem type="nursery" free="53128896" total="78118912" percent="68">
      <mem type="allocate" free="53128896" total="62914560" percent="84" />
      <mem type="survivor" free="0" total="15204352" percent="0" />
    </mem>
    <mem type="tenure" free="17181792" total="70254592" percent="24">
      <mem type="soa" free="13668448" total="66741248" percent="20" />
      <mem type="loa" free="3513344" total="3513344" percent="100" />
    </mem>
    <pending-finalizers system="0" default="982" reference="96" classloader="0" />
    <remembered-set count="2802" />
  </mem-info>
</gc-end>
<cycle-end id="1953" type="scavenge" contextid="1946" timestamp="2024-07-18T15:29:10.168" />
<allocation-satisfied id="1954" threadId="0000000000D52C00" bytesRequested="2208" />
<af-end id="1955" timestamp="2024-07-18T15:29:10.168" threadId="0000000000D53638" success="true" from="nursery"/>
<exclusive-end id="1956" timestamp="2024-07-18T15:29:10.168" durationms="8.734" />

<exclusive-start id="1957" timestamp="2024-07-18T15:29:10.205" intervalms="45.720">
  <response-info timems="0.060" idlems="0.045" threads="1" lastid="0000000000DA4F00" lastname="Default Executor-thread-24" />
</exclusive-start>
<af-start id="1958" threadId="00000000010B1C38" totalBytesRequested="16" timestamp="2024-07-18T15:29:10.205" intervalms="45.698" type="nursery" />
<cycle-start id="1959" type="scavenge" contextid="0" timestamp="2024-07-18T15:29:10.206" intervalms="45.611" />
<gc-start id="1960" type="scavenge" contextid="1959" timestamp="2024-07-18T15:29:10.206">
  <mem-info id="1961" free="17177752" total="148373504" percent="11">
    <mem type="nursery" free="0" total="78118912" percent="0">
      <mem type="allocate" free="0" total="62914560" percent="0" />
      <mem type="survivor" free="0" total="15204352" percent="0" />
    </mem>
    <mem type="tenure" free="17177752" total="70254592" percent="24">
      <mem type="soa" free="13664408" total="66741248" percent="20" />
      <mem type="loa" free="3513344" total="3513344" percent="100" />
    </mem>
    <remembered-set count="3234" />
  </mem-info>
</gc-start>
<allocation-stats totalBytes="53078880" discardedBytes="54056" >
  <allocated-bytes non-tlh="566000" tlh="52512880" />
  <largest-consumer threadName="Default Executor-thread-23" threadId="0000000000D52C00" bytes="13400392" />
</allocation-stats>
<gc-op id="1962" type="scavenge" timems="7.315" contextid="1959" timestamp="2024-07-18T15:29:10.214">
  <scavenger-info tenureage="5" tenuremask="7fe0" tiltratio="80" />
  <memory-copied type="nursery" objects="120630" bytes="11523184" bytesdiscarded="385688" />
  <finalization candidates="1442" enqueued="1395" />
  <ownableSynchronizers candidates="28" cleared="1" />
  <references type="soft" candidates="122" cleared="0" enqueued="0" dynamicThreshold="9" maxThreshold="32" />
  <references type="weak" candidates="181" cleared="81" enqueued="81" />
  <references type="phantom" candidates="142" cleared="53" enqueued="53" />
  <object-monitors candidates="154" cleared="0"  />
</gc-op>
<heap-resize id="1963" type="expand" space="nursery" amount="6160384" count="1" timems="0.027" reason="excessive time being spent scavenging" timestamp="2024-07-18T15:29:10.214" />
<gc-end id="1964" type="scavenge" contextid="1959" durationms="8.206" usertimems="30.962" systemtimems="8.029" stalltimems="17.111" timestamp="2024-07-18T15:29:10.214" activeThreads="9">
  <mem-info id="1965" free="72568992" total="154533888" percent="46">
    <mem type="nursery" free="55391240" total="84279296" percent="65">
      <mem type="allocate" free="55391240" total="67305472" percent="82" />
      <mem type="survivor" free="0" total="16973824" percent="0" />
    </mem>
    <mem type="tenure" free="17177752" total="70254592" percent="24">
      <mem type="soa" free="13664408" total="66741248" percent="20" />
      <mem type="loa" free="3513344" total="3513344" percent="100" />
    </mem>
    <pending-finalizers system="4" default="1391" reference="134" classloader="0" />
    <remembered-set count="3025" />
  </mem-info>
</gc-end>
<cycle-end id="1966" type="scavenge" contextid="1959" timestamp="2024-07-18T15:29:10.214" />
<allocation-satisfied id="1967" threadId="00000000010B1200" bytesRequested="16" />
<af-end id="1968" timestamp="2024-07-18T15:29:10.215" threadId="00000000010B1C38" success="true" from="nursery"/>
<exclusive-end id="1969" timestamp="2024-07-18T15:29:10.215" durationms="9.892" />

<exclusive-start id="1970" timestamp="2024-07-18T15:29:10.292" intervalms="87.316">
  <response-info timems="0.064" idlems="0.064" threads="0" lastid="000000000085F300" lastname="Default Executor-thread-12" />
</exclusive-start>
<af-start id="1971" threadId="000000000085FD38" totalBytesRequested="48" timestamp="2024-07-18T15:29:10.293" intervalms="87.289" type="nursery" />
<cycle-start id="1972" type="scavenge" contextid="0" timestamp="2024-07-18T15:29:10.293" intervalms="87.408" />
<gc-start id="1973" type="scavenge" contextid="1972" timestamp="2024-07-18T15:29:10.293">
  <mem-info id="1974" free="17177752" total="154533888" percent="11">
    <mem type="nursery" free="0" total="84279296" percent="0">
      <mem type="allocate" free="0" total="67305472" percent="0" />
      <mem type="survivor" free="0" total="16973824" percent="0" />
    </mem>
    <mem type="tenure" free="17177752" total="70254592" percent="24">
      <mem type="soa" free="13664408" total="66741248" percent="20" />
      <mem type="loa" free="3513344" total="3513344" percent="100" />
    </mem>
    <remembered-set count="7465" />
  </mem-info>
</gc-start>
<allocation-stats totalBytes="55332664" discardedBytes="58576" >
  <allocated-bytes non-tlh="2267648" tlh="53065016" />
  <largest-consumer threadName="Default Executor-thread-24" threadId="0000000000DA4F00" bytes="16372312" />
</allocation-stats>
<gc-op id="1975" type="scavenge" timems="12.810" contextid="1972" timestamp="2024-07-18T15:29:10.307">
  <scavenger-info tenureage="5" tenuremask="7fe0" tiltratio="79" />
  <memory-copied type="nursery" objects="193165" bytes="15979808" bytesdiscarded="506120" />
  <memory-copied type="tenure" objects="18702" bytes="1591448" bytesdiscarded="1064" />
  <finalization candidates="1420" enqueued="1349" />
  <ownableSynchronizers candidates="88" cleared="35" />
  <references type="soft" candidates="120" cleared="0" enqueued="0" dynamicThreshold="9" maxThreshold="32" />
  <references type="weak" candidates="110" cleared="29" enqueued="29" />
  <references type="phantom" candidates="73" cleared="52" enqueued="52" />
  <object-monitors candidates="154" cleared="0"  />
</gc-op>
<heap-resize id="1976" type="expand" space="nursery" amount="5636096" count="1" timems="0.028" reason="excessive time being spent scavenging" timestamp="2024-07-18T15:29:10.307" />
<gc-end id="1977" type="scavenge" contextid="1972" durationms="13.806" usertimems="77.372" systemtimems="0.000" stalltimems="43.474" timestamp="2024-07-18T15:29:10.307" activeThreads="10">
  <mem-info id="1978" free="65210120" total="160169984" percent="40">
    <mem type="nursery" free="49764568" total="89915392" percent="55">
      <mem type="allocate" free="49764568" total="66256896" percent="75" />
      <mem type="survivor" free="0" total="23658496" percent="0" />
    </mem>
    <mem type="tenure" free="15445552" total="70254592" percent="21">
      <mem type="soa" free="11932208" total="66741248" percent="17" />
      <mem type="loa" free="3513344" total="3513344" percent="100" />
    </mem>
    <pending-finalizers system="0" default="1349" reference="81" classloader="0" />
    <remembered-set count="8164" />
  </mem-info>
</gc-end>
<cycle-end id="1979" type="scavenge" contextid="1972" timestamp="2024-07-18T15:29:10.308" />
<allocation-satisfied id="1980" threadId="000000000085F300" bytesRequested="48" />
<af-end id="1981" timestamp="2024-07-18T15:29:10.308" threadId="000000000085FD38" success="true" from="nursery"/>
<exclusive-end id="1982" timestamp="2024-07-18T15:29:10.308" durationms="16.080" />

<exclusive-start id="1983" timestamp="2024-07-18T15:29:10.387" intervalms="94.319">
  <response-info timems="0.058" idlems="0.058" threads="0" lastid="000000000084F900" lastname="Default Executor-thread-10" />
</exclusive-start>
<af-start id="1984" threadId="0000000000850338" totalBytesRequested="40" timestamp="2024-07-18T15:29:10.387" intervalms="94.360" type="nursery" />
<cycle-start id="1985" type="scavenge" contextid="0" timestamp="2024-07-18T15:29:10.387" intervalms="94.192" />
<gc-start id="1986" type="scavenge" contextid="1985" timestamp="2024-07-18T15:29:10.388">
  <mem-info id="1987" free="15445144" total="160169984" percent="9">
    <mem type="nursery" free="0" total="89915392" percent="0">
      <mem type="allocate" free="0" total="66256896" percent="0" />
      <mem type="survivor" free="0" total="23658496" percent="0" />
    </mem>
    <mem type="tenure" free="15445144" total="70254592" percent="21">
      <mem type="soa" free="11931800" total="66741248" percent="17" />
      <mem type="loa" free="3513344" total="3513344" percent="100" />
    </mem>
    <remembered-set count="8572" />
  </mem-info>
</gc-start>
<allocation-stats totalBytes="49725152" discardedBytes="39824" >
  <allocated-bytes non-tlh="3578064" tlh="46147088" />
  <largest-consumer threadName="ClassloaderMapProcessingThread-9" threadId="00000000013B9400" bytes="14448240" />
</allocation-stats>
<gc-op id="1988" type="scavenge" timems="9.656" contextid="1985" timestamp="2024-07-18T15:29:10.398">
  <scavenger-info tenureage="5" tenuremask="7fe0" tiltratio="73" />
  <memory-copied type="nursery" objects="219582" bytes="17961544" bytesdiscarded="258008" />
  <memory-copied type="tenure" objects="11514" bytes="599608" bytesdiscarded="768" />
  <finalization candidates="502" enqueued="430" />
  <ownableSynchronizers candidates="90" cleared="19" />
  <references type="soft" candidates="113" cleared="0" enqueued="0" dynamicThreshold="9" maxThreshold="32" />
  <references type="weak" candidates="259" cleared="93" enqueued="93" />
  <references type="phantom" candidates="314" cleared="140" enqueued="140" />
  <object-monitors candidates="154" cleared="0"  />
</gc-op>
<heap-resize id="1989" type="expand" space="nursery" amount="4456448" count="1" timems="0.808" reason="excessive time being spent scavenging" timestamp="2024-07-18T15:29:10.399" />
<gc-end id="1990" type="scavenge" contextid="1985" durationms="11.256" usertimems="59.526" systemtimems="11.384" stalltimems="30.078" timestamp="2024-07-18T15:29:10.399" activeThreads="11">
  <mem-info id="1991" free="66543560" total="164626432" percent="40">
    <mem type="nursery" free="52088144" total="94371840" percent="55">
      <mem type="allocate" free="52088144" total="70320128" percent="74" />
      <mem type="survivor" free="0" total="24051712" percent="0" />
    </mem>
    <mem type="tenure" free="14455416" total="70254592" percent="20">
      <mem type="soa" free="10942072" total="66741248" percent="16" />
      <mem type="loa" free="3513344" total="3513344" percent="100" />
    </mem>
    <pending-finalizers system="0" default="430" reference="233" classloader="0" />
    <remembered-set count="9383" />
  </mem-info>
</gc-end>
<cycle-end id="1992" type="scavenge" contextid="1985" timestamp="2024-07-18T15:29:10.399" />
<allocation-satisfied id="1993" threadId="000000000084F900" bytesRequested="40" />
<af-end id="1994" timestamp="2024-07-18T15:29:10.400" threadId="0000000000850338" success="true" from="nursery"/>
<exclusive-end id="1995" timestamp="2024-07-18T15:29:10.400" durationms="12.948" />

<exclusive-start id="1996" timestamp="2024-07-18T15:29:10.433" intervalms="46.475">
  <response-info timems="0.050" idlems="0.042" threads="1" lastid="000000000085F300" lastname="Default Executor-thread-12" />
</exclusive-start>
<af-start id="1997" threadId="0000000000850338" totalBytesRequested="88" timestamp="2024-07-18T15:29:10.433" intervalms="46.489" type="nursery" />
<cycle-start id="1998" type="scavenge" contextid="0" timestamp="2024-07-18T15:29:10.434" intervalms="46.504" />
<gc-start id="1999" type="scavenge" contextid="1998" timestamp="2024-07-18T15:29:10.434">
  <mem-info id="2000" free="14453512" total="164626432" percent="8">
    <mem type="nursery" free="0" total="94371840" percent="0">
      <mem type="allocate" free="0" total="70320128" percent="0" />
      <mem type="survivor" free="0" total="24051712" percent="0" />
    </mem>
    <mem type="tenure" free="14453512" total="70254592" percent="20">
      <mem type="soa" free="10940168" total="66741248" percent="16" />
      <mem type="loa" free="3513344" total="3513344" percent="100" />
    </mem>
    <remembered-set count="9662" />
  </mem-info>
</gc-start>
<allocation-stats totalBytes="52035576" discardedBytes="54472" >
  <allocated-bytes non-tlh="1019328" tlh="51016248" />
  <largest-consumer threadName="Default Executor-thread-12" threadId="000000000085F300" bytes="11928608" />
</allocation-stats>
<gc-op id="2001" type="scavenge" timems="9.224" contextid="1998" timestamp="2024-07-18T15:29:10.444">
  <scavenger-info tenureage="5" tenuremask="7fe0" tiltratio="74" />
  <memory-copied type="nursery" objects="226742" bytes="19691096" bytesdiscarded="284968" />
  <memory-copied type="tenure" objects="19677" bytes="1005784" bytesdiscarded="96" />
  <finalization candidates="516" enqueued="445" />
  <ownableSynchronizers candidates="81" cleared="21" />
  <references type="soft" candidates="49" cleared="0" enqueued="0" dynamicThreshold="9" maxThreshold="32" />
  <references type="weak" candidates="181" cleared="39" enqueued="39" />
  <references type="phantom" candidates="178" cleared="0" enqueued="0" />
  <object-monitors candidates="154" cleared="0"  />
</gc-op>
<heap-resize id="2002" type="expand" space="nursery" amount="9568256" count="1" timems="0.027" reason="excessive time being spent scavenging" timestamp="2024-07-18T15:29:10.444" />
<gc-end id="2003" type="scavenge" contextid="1998" durationms="10.110" usertimems="70.120" systemtimems="0.000" stalltimems="33.612" timestamp="2024-07-18T15:29:10.444" activeThreads="12">
  <mem-info id="2004" free="70540640" total="174194688" percent="40">
    <mem type="nursery" free="57022816" total="103940096" percent="54">
      <mem type="allocate" free="57022816" total="77004800" percent="74" />
      <mem type="survivor" free="0" total="26935296" percent="0" />
    </mem>
    <mem type="tenure" free="13517824" total="70254592" percent="19">
      <mem type="soa" free="10004480" total="66741248" percent="14" />
      <mem type="loa" free="3513344" total="3513344" percent="100" />
    </mem>
    <pending-finalizers system="0" default="445" reference="39" classloader="0" />
    <remembered-set count="13053" />
  </mem-info>
</gc-end>
<cycle-end id="2005" type="scavenge" contextid="1998" timestamp="2024-07-18T15:29:10.445" />
<allocation-satisfied id="2006" threadId="000000000084F900" bytesRequested="88" />
<af-end id="2007" timestamp="2024-07-18T15:29:10.445" threadId="0000000000850338" success="true" from="nursery"/>
<exclusive-end id="2008" timestamp="2024-07-18T15:29:10.445" durationms="11.803" />

<exclusive-start id="2009" timestamp="2024-07-18T15:29:10.485" intervalms="51.935">
  <response-info timems="0.062" idlems="0.047" threads="1" lastid="000000000085F300" lastname="Default Executor-thread-12" />
</exclusive-start>
<af-start id="2010" threadId="00000000013B9E38" totalBytesRequested="28816" timestamp="2024-07-18T15:29:10.485" intervalms="51.945" type="nursery" />
<cycle-start id="2011" type="scavenge" contextid="0" timestamp="2024-07-18T15:29:10.486" intervalms="51.936" />
<gc-start id="2012" type="scavenge" contextid="2011" timestamp="2024-07-18T15:29:10.486">
  <mem-info id="2013" free="13517776" total="174194688" percent="7">
    <mem type="nursery" free="0" total="103940096" percent="0">
      <mem type="allocate" free="0" total="77004800" percent="0" />
      <mem type="survivor" free="0" total="26935296" percent="0" />
    </mem>
    <mem type="tenure" free="13517776" total="70254592" percent="19">
      <mem type="soa" free="10004432" total="66741248" percent="14" />
      <mem type="loa" free="3513344" total="3513344" percent="100" />
    </mem>
    <remembered-set count="13136" />
  </mem-info>
</gc-start>
<allocation-stats totalBytes="56980712" discardedBytes="42152" >
  <allocated-bytes non-tlh="520336" tlh="56460376" />
  <largest-consumer threadName="Default Executor-thread-23" threadId="0000000000D52C00" bytes="13204312" />
</allocation-stats>
<gc-op id="2014" type="scavenge" timems="13.430" contextid="2011" timestamp="2024-07-18T15:29:10.500">
  <scavenger-info tenureage="3" tenuremask="7fe8" tiltratio="74" />
  <memory-copied type="nursery" objects="181571" bytes="15315168" bytesdiscarded="310616" />
  <memory-copied type="tenure" objects="116243" bytes="7599496" bytesdiscarded="3464" />
  <finalization candidates="587" enqueued="508" />
  <ownableSynchronizers candidates="58" cleared="0" />
  <references type="soft" candidates="11" cleared="0" enqueued="0" dynamicThreshold="9" maxThreshold="32" />
  <references type="weak" candidates="134" cleared="2" enqueued="2" />
  <references type="phantom" candidates="180" cleared="0" enqueued="0" />
  <object-monitors candidates="154" cleared="0"  />
</gc-op>
<heap-resize id="2015" type="expand" space="nursery" amount="12451840" count="1" timems="0.027" reason="excessive time being spent scavenging" timestamp="2024-07-18T15:29:10.500" />
<gc-end id="2016" type="scavenge" contextid="2011" durationms="14.424" usertimems="74.188" systemtimems="30.885" stalltimems="34.203" timestamp="2024-07-18T15:29:10.500" activeThreads="12">
  <mem-info id="2017" free="79850048" total="186646528" percent="42">
    <mem type="nursery" free="73695192" total="116391936" percent="63">
      <mem type="allocate" free="73695192" total="89325568" percent="82" />
      <mem type="survivor" free="0" total="27066368" percent="0" />
    </mem>
    <mem type="tenure" free="6154856" total="70254592" percent="8">
      <mem type="soa" free="2641512" total="66741248" percent="3" />
      <mem type="loa" free="3513344" total="3513344" percent="100" />
    </mem>
    <pending-finalizers system="0" default="508" reference="2" classloader="0" />
    <remembered-set count="9520" />
  </mem-info>
</gc-end>
<cycle-end id="2018" type="scavenge" contextid="2011" timestamp="2024-07-18T15:29:10.501" />
<allocation-satisfied id="2019" threadId="00000000013B9400" bytesRequested="28816" />
<af-end id="2020" timestamp="2024-07-18T15:29:10.501" threadId="00000000013B9E38" success="true" from="nursery"/>
<exclusive-end id="2021" timestamp="2024-07-18T15:29:10.501" durationms="16.119" />

<concurrent-kickoff id="2022" timestamp="2024-07-18T15:29:10.544">
  <kickoff reason="threshold reached" targetBytes="34779032" thresholdFreeBytes="4816933"  remainingFree="4691064" tenureFreeBytes="6154680" nurseryFreeBytes="4691064" />
</concurrent-kickoff>
<exclusive-start id="2023" timestamp="2024-07-18T15:29:10.545" intervalms="59.386">
  <response-info timems="0.058" idlems="0.058" threads="0" lastid="0000000000DA4F00" lastname="Default Executor-thread-24" />
</exclusive-start>
<cycle-start id="2024" type="global" contextid="0" timestamp="2024-07-18T15:29:10.545" intervalms="565.842" />
<concurrent-start id="2025" type="global mark" contextid="2024" timestamp="2024-07-18T15:29:10.545">
</concurrent-start>
<exclusive-end id="2026" timestamp="2024-07-18T15:29:10.546" durationms="1.098" />

<concurrent-end id="2027" type="global mark" contextid="2024" timestamp="2024-07-18T15:29:10.569">
<gc-op id="2028" type="trace" timems="23.836" contextid="2024" timestamp="2024-07-18T15:29:10.569">
  <trace bytesTraced="34586696" workStackOverflowCount="0" />
  <card-cleaning reason="card cleaning threshold reached" bytesTraced="16960" cardsCleaned="43" />
</gc-op>
</concurrent-end>

<exclusive-start id="2029" timestamp="2024-07-18T15:29:10.570" intervalms="25.150">
  <response-info timems="0.354" idlems="0.257" threads="4" lastid="000000000084F900" lastname="Default Executor-thread-10" />
</exclusive-start>
<af-start id="2030" threadId="00000000013B9E38" totalBytesRequested="48" timestamp="2024-07-18T15:29:10.570" intervalms="84.473" type="nursery" />
<percolate-collect id="2031" from="nursery" to="global" reason="concurrent mark exhausted" timestamp="2024-07-18T15:29:10.570"/>
<gc-start id="2032" type="global" contextid="2024" timestamp="2024-07-18T15:29:10.571">
  <mem-info id="2033" free="6154680" total="186646528" percent="3">
    <mem type="nursery" free="0" total="116391936" percent="0">
      <mem type="allocate" free="0" total="89325568" percent="0" />
      <mem type="survivor" free="0" total="27066368" percent="0" />
    </mem>
    <mem type="tenure" free="6154680" total="70254592" percent="8">
      <mem type="soa" free="2641336" total="66741248" percent="3" />
      <mem type="loa" free="3513344" total="3513344" percent="100" />
    </mem>
    <remembered-set count="9733" />
  </mem-info>
</gc-start>
<allocation-stats totalBytes="73618024" discardedBytes="77344" >
  <allocated-bytes non-tlh="1718216" tlh="71899808" />
  <largest-consumer threadName="Default Executor-thread-24" threadId="0000000000DA4F00" bytes="19414824" />
</allocation-stats>
<heap-resize id="2034" type="loa contract" space="tenure" amount="702464" count="1" timems="0.000" reason="contract underutilized loa" timestamp="2024-07-18T15:29:10.571" />
<gc-op id="2035" type="rs-scan" timems="6.007" contextid="2024" timestamp="2024-07-18T15:29:10.577">
  <scan objectsFound="272050" bytesTraced="16263288" workStackOverflowCount="0" />
</gc-op>
<gc-op id="2036" type="card-cleaning" timems="0.716" contextid="2024" timestamp="2024-07-18T15:29:10.578">
  <card-cleaning cardsCleaned="8" bytesTraced="6752" workStackOverflowCount="0" />
</gc-op>
<gc-op id="2037" type="mark" timems="10.413" contextid="2024" timestamp="2024-07-18T15:29:10.589">
  <trace-info objectcount="31469" scancount="23205" scanbytes="1078024" />
  <finalization candidates="3118" enqueued="2236" />
  <ownableSynchronizers candidates="7860" cleared="33" />
  <references type="soft" candidates="12408" cleared="0" enqueued="0" dynamicThreshold="9" maxThreshold="32" />
  <references type="weak" candidates="14833" cleared="9" enqueued="9" />
  <references type="phantom" candidates="570" cleared="0" enqueued="0" />
  <stringconstants candidates="37772" cleared="22"  />
  <object-monitors candidates="154" cleared="0"  />
</gc-op>
<gc-op id="2038" type="classunload" timems="0.969" contextid="2024" timestamp="2024-07-18T15:29:10.590">
  <classunload-info classloadercandidates="407" classloadersunloaded="1" classesunloaded="1" anonymousclassesunloaded="0" quiescems="0.000" setupms="0.946" scanms="0.016" postms="0.007" />
</gc-op>
<gc-op id="2039" type="sweep" timems="1.985" contextid="2024" timestamp="2024-07-18T15:29:10.592" />
<heap-resize id="2040" type="expand" space="tenure" amount="16318464" count="1" timems="0.673" reason="insufficient free space following gc" timestamp="2024-07-18T15:29:10.593" />
<heap-resize id="2041" type="loa contract" space="tenure" amount="2596864" count="1" timems="0.000" reason="contract to meet minimum soa" timestamp="2024-07-18T15:29:10.593" />
<gc-end id="2042" type="global" contextid="2024" durationms="22.846" usertimems="78.824" systemtimems="23.918" stalltimems="99.733" timestamp="2024-07-18T15:29:10.593" activeThreads="12">
  <mem-info id="2043" free="88835912" total="202964992" percent="43">
    <mem type="nursery" free="62818344" total="116391936" percent="53">
      <mem type="allocate" free="62818344" total="89325568" percent="70" />
      <mem type="survivor" free="0" total="27066368" percent="0" />
    </mem>
    <mem type="tenure" free="26017568" total="86573056" percent="30" micro-fragmented="1434634" macro-fragmented="0">
      <mem type="soa" free="25151264" total="85706752" percent="29" />
      <mem type="loa" free="866304" total="866304" percent="100" />
    </mem>
    <pending-finalizers system="0" default="2236" reference="9" classloader="0" />
    <remembered-set count="9599" />
  </mem-info>
</gc-end>
<cycle-end id="2044" type="global" contextid="2024" timestamp="2024-07-18T15:29:10.594" />
<allocation-satisfied id="2045" threadId="00000000013B9400" bytesRequested="48" />
<af-end id="2046" timestamp="2024-07-18T15:29:10.594" threadId="00000000013B9E38" success="true" from="nursery"/>
<exclusive-end id="2047" timestamp="2024-07-18T15:29:10.594" durationms="24.455" />

<exclusive-start id="2048" timestamp="2024-07-18T15:29:10.627" intervalms="57.299">
  <response-info timems="0.175" idlems="0.130" threads="2" lastid="000000000084F900" lastname="Default Executor-thread-10" />
</exclusive-start>
<af-start id="2049" threadId="000000000085FD38" totalBytesRequested="7328" timestamp="2024-07-18T15:29:10.627" intervalms="57.378" type="nursery" />
<cycle-start id="2050" type="scavenge" contextid="0" timestamp="2024-07-18T15:29:10.628" intervalms="141.930" />
<gc-start id="2051" type="scavenge" contextid="2050" timestamp="2024-07-18T15:29:10.628">
  <mem-info id="2052" free="26096512" total="202964992" percent="12">
    <mem type="nursery" free="78944" total="116391936" percent="0">
      <mem type="allocate" free="78944" total="89325568" percent="0" />
      <mem type="survivor" free="0" total="27066368" percent="0" />
    </mem>
    <mem type="tenure" free="26017568" total="86573056" percent="30">
      <mem type="soa" free="25151264" total="85706752" percent="29" />
      <mem type="loa" free="866304" total="866304" percent="100" />
    </mem>
    <remembered-set count="9810" />
  </mem-info>
</gc-start>
<allocation-stats totalBytes="61731808" discardedBytes="789616" >
  <allocated-bytes non-tlh="18862672" tlh="42869136" />
  <largest-consumer threadName="Default Executor-thread-10" threadId="000000000084F900" bytes="14894920" />
</allocation-stats>
<gc-op id="2053" type="scavenge" timems="11.033" contextid="2050" timestamp="2024-07-18T15:29:10.639">
  <scavenger-info tenureage="3" tenuremask="7fe8" tiltratio="76" />
  <memory-copied type="nursery" objects="195042" bytes="17002096" bytesdiscarded="706056" />
  <memory-copied type="tenure" objects="67036" bytes="8249584" bytesdiscarded="8392" />
  <finalization candidates="1689" enqueued="1638" />
  <ownableSynchronizers candidates="15672" cleared="15622" />
  <references type="soft" candidates="7" cleared="0" enqueued="0" dynamicThreshold="9" maxThreshold="32" />
  <references type="weak" candidates="49" cleared="1" enqueued="1" />
  <references type="phantom" candidates="39" cleared="0" enqueued="0" />
  <object-monitors candidates="154" cleared="0"  />
</gc-op>
<heap-resize id="2054" type="expand" space="nursery" amount="4194304" count="1" timems="0.029" reason="excessive time being spent scavenging" timestamp="2024-07-18T15:29:10.640" />
<gc-end id="2055" type="scavenge" contextid="2050" durationms="12.164" usertimems="43.920" systemtimems="39.208" stalltimems="46.707" timestamp="2024-07-18T15:29:10.640" activeThreads="12">
  <mem-info id="2056" free="95808816" total="207159296" percent="46">
    <mem type="nursery" free="78363920" total="120586240" percent="64">
      <mem type="allocate" free="78363920" total="96075776" percent="81" />
      <mem type="survivor" free="0" total="24510464" percent="0" />
    </mem>
    <mem type="tenure" free="17444896" total="86573056" percent="20">
      <mem type="soa" free="16578592" total="85706752" percent="19" />
      <mem type="loa" free="866304" total="866304" percent="100" />
    </mem>
    <pending-finalizers system="0" default="1638" reference="1" classloader="0" />
    <remembered-set count="4335" />
  </mem-info>
</gc-end>
<cycle-end id="2057" type="scavenge" contextid="2050" timestamp="2024-07-18T15:29:10.641" />
<allocation-satisfied id="2058" threadId="000000000085F300" bytesRequested="7328" />
<af-end id="2059" timestamp="2024-07-18T15:29:10.641" threadId="000000000085FD38" success="true" from="nursery"/>
<exclusive-end id="2060" timestamp="2024-07-18T15:29:10.641" durationms="14.145" />

<exclusive-start id="2061" timestamp="2024-07-18T15:29:10.693" intervalms="65.883">
  <response-info timems="0.050" idlems="0.050" threads="0" lastid="0000000000D52C00" lastname="Default Executor-thread-23" />
</exclusive-start>
<af-start id="2062" threadId="0000000000D53638" totalBytesRequested="24" timestamp="2024-07-18T15:29:10.693" intervalms="65.901" type="nursery" />
<cycle-start id="2063" type="scavenge" contextid="0" timestamp="2024-07-18T15:29:10.693" intervalms="65.887" />
<gc-start id="2064" type="scavenge" contextid="2063" timestamp="2024-07-18T15:29:10.694">
  <mem-info id="2065" free="17444752" total="207159296" percent="8">
    <mem type="nursery" free="0" total="120586240" percent="0">
      <mem type="allocate" free="0" total="96075776" percent="0" />
      <mem type="survivor" free="0" total="24510464" percent="0" />
    </mem>
    <mem type="tenure" free="17444752" total="86573056" percent="20">
      <mem type="soa" free="16578448" total="85706752" percent="19" />
      <mem type="loa" free="866304" total="866304" percent="100" />
    </mem>
    <remembered-set count="4449" />
  </mem-info>
</gc-start>
<allocation-stats totalBytes="78303264" discardedBytes="60800" >
  <allocated-bytes non-tlh="842384" tlh="77460880" />
  <largest-consumer threadName="Default Executor-thread-12" threadId="000000000085F300" bytes="20854960" />
</allocation-stats>
<gc-op id="2066" type="scavenge" timems="9.684" contextid="2063" timestamp="2024-07-18T15:29:10.704">
  <scavenger-info tenureage="5" tenuremask="7fe0" tiltratio="79" />
  <memory-copied type="nursery" objects="218959" bytes="19569224" bytesdiscarded="304816" />
  <finalization candidates="2397" enqueued="2366" />
  <ownableSynchronizers candidates="31" cleared="0" />
  <references type="soft" candidates="7" cleared="0" enqueued="0" dynamicThreshold="9" maxThreshold="32" />
  <references type="weak" candidates="50" cleared="3" enqueued="3" />
  <references type="phantom" candidates="42" cleared="0" enqueued="0" />
  <object-monitors candidates="154" cleared="0"  />
</gc-op>
<heap-resize id="2067" type="expand" space="nursery" amount="9175040" count="1" timems="0.030" reason="excessive time being spent scavenging" timestamp="2024-07-18T15:29:10.704" />
<gc-end id="2068" type="scavenge" contextid="2063" durationms="10.811" usertimems="78.880" systemtimems="0.000" stalltimems="32.349" timestamp="2024-07-18T15:29:10.705" activeThreads="12">
  <mem-info id="2069" free="100196360" total="216334336" percent="46">
    <mem type="nursery" free="82751608" total="129761280" percent="63">
      <mem type="allocate" free="82751608" total="102629376" percent="80" />
      <mem type="survivor" free="0" total="27131904" percent="0" />
    </mem>
    <mem type="tenure" free="17444752" total="86573056" percent="20">
      <mem type="soa" free="16578448" total="85706752" percent="19" />
      <mem type="loa" free="866304" total="866304" percent="100" />
    </mem>
    <pending-finalizers system="0" default="2366" reference="3" classloader="0" />
    <remembered-set count="4323" />
  </mem-info>
</gc-end>
<cycle-end id="2070" type="scavenge" contextid="2063" timestamp="2024-07-18T15:29:10.705" />
<allocation-satisfied id="2071" threadId="0000000000D52C00" bytesRequested="24" />
<af-end id="2072" timestamp="2024-07-18T15:29:10.706" threadId="0000000000D53638" success="true" from="nursery"/>
<exclusive-end id="2073" timestamp="2024-07-18T15:29:10.706" durationms="12.941" />

<exclusive-start id="2074" timestamp="2024-07-18T15:29:10.765" intervalms="71.908">
  <response-info timems="0.057" idlems="0.054" threads="1" lastid="000000000085F300" lastname="Default Executor-thread-12" />
</exclusive-start>
<af-start id="2075" threadId="0000000000850338" totalBytesRequested="5376" timestamp="2024-07-18T15:29:10.765" intervalms="71.928" type="nursery" />
<cycle-start id="2076" type="scavenge" contextid="0" timestamp="2024-07-18T15:29:10.765" intervalms="71.976" />
<gc-start id="2077" type="scavenge" contextid="2076" timestamp="2024-07-18T15:29:10.766">
  <mem-info id="2078" free="17444752" total="216334336" percent="8">
    <mem type="nursery" free="0" total="129761280" percent="0">
      <mem type="allocate" free="0" total="102629376" percent="0" />
      <mem type="survivor" free="0" total="27131904" percent="0" />
    </mem>
    <mem type="tenure" free="17444752" total="86573056" percent="20">
      <mem type="soa" free="16578448" total="85706752" percent="19" />
      <mem type="loa" free="866304" total="866304" percent="100" />
    </mem>
    <remembered-set count="4578" />
  </mem-info>
</gc-start>
<allocation-stats totalBytes="82676624" discardedBytes="74984" >
  <allocated-bytes non-tlh="1187744" tlh="81488880" />
  <largest-consumer threadName="Default Executor-thread-23" threadId="0000000000D52C00" bytes="21261632" />
</allocation-stats>
<gc-op id="2079" type="scavenge" timems="9.561" contextid="2076" timestamp="2024-07-18T15:29:10.776">
  <scavenger-info tenureage="5" tenuremask="7fe0" tiltratio="79" />
  <memory-copied type="nursery" objects="256198" bytes="22784384" bytesdiscarded="409848" />
  <finalization candidates="2824" enqueued="2793" />
  <ownableSynchronizers candidates="33" cleared="0" />
  <references type="soft" candidates="7" cleared="0" enqueued="0" dynamicThreshold="9" maxThreshold="32" />
  <references type="weak" candidates="60" cleared="4" enqueued="4" />
  <references type="phantom" candidates="186" cleared="140" enqueued="140" />
  <object-monitors candidates="154" cleared="0"  />
</gc-op>
<heap-resize id="2080" type="expand" space="nursery" amount="8781824" count="1" timems="0.033" reason="excessive time being spent scavenging" timestamp="2024-07-18T15:29:10.776" />
<gc-end id="2081" type="scavenge" contextid="2076" durationms="11.309" usertimems="75.560" systemtimems="0.000" stalltimems="39.887" timestamp="2024-07-18T15:29:10.777" activeThreads="12">
  <mem-info id="2082" free="101588160" total="225116160" percent="45">
    <mem type="nursery" free="84143408" total="138543104" percent="60">
      <mem type="allocate" free="84143408" total="107347968" percent="78" />
      <mem type="survivor" free="0" total="31195136" percent="0" />
    </mem>
    <mem type="tenure" free="17444752" total="86573056" percent="20">
      <mem type="soa" free="16578448" total="85706752" percent="19" />
      <mem type="loa" free="866304" total="866304" percent="100" />
    </mem>
    <pending-finalizers system="0" default="2793" reference="144" classloader="0" />
    <remembered-set count="4417" />
  </mem-info>
</gc-end>
<cycle-end id="2083" type="scavenge" contextid="2076" timestamp="2024-07-18T15:29:10.778" />
<allocation-satisfied id="2084" threadId="000000000084F900" bytesRequested="5376" />
<af-end id="2085" timestamp="2024-07-18T15:29:10.778" threadId="0000000000850338" success="true" from="nursery"/>
<exclusive-end id="2086" timestamp="2024-07-18T15:29:10.778" durationms="13.681" />

<exclusive-start id="2087" timestamp="2024-07-18T15:29:10.824" intervalms="59.000">
  <response-info timems="0.062" idlems="0.062" threads="0" lastid="000000000084F900" lastname="Default Executor-thread-10" />
</exclusive-start>
<af-start id="2088" threadId="0000000000850338" totalBytesRequested="24" timestamp="2024-07-18T15:29:10.824" intervalms="59.003" type="nursery" />
<cycle-start id="2089" type="scavenge" contextid="0" timestamp="2024-07-18T15:29:10.824" intervalms="58.997" />
<gc-start id="2090" type="scavenge" contextid="2089" timestamp="2024-07-18T15:29:10.825">
  <mem-info id="2091" free="17444752" total="225116160" percent="7">
    <mem type="nursery" free="0" total="138543104" percent="0">
      <mem type="allocate" free="0" total="107347968" percent="0" />
      <mem type="survivor" free="0" total="31195136" percent="0" />
    </mem>
    <mem type="tenure" free="17444752" total="86573056" percent="20">
      <mem type="soa" free="16578448" total="85706752" percent="19" />
      <mem type="loa" free="866304" total="866304" percent="100" />
    </mem>
    <remembered-set count="4749" />
  </mem-info>
</gc-start>
<allocation-stats totalBytes="84056112" discardedBytes="87296" >
  <allocated-bytes non-tlh="529728" tlh="83526384" />
  <largest-consumer threadName="Default Executor-thread-10" threadId="000000000084F900" bytes="23364224" />
</allocation-stats>
<gc-op id="2092" type="scavenge" timems="12.483" contextid="2089" timestamp="2024-07-18T15:29:10.838">
  <scavenger-info tenureage="5" tenuremask="7fe0" tiltratio="77" />
  <memory-copied type="nursery" objects="245158" bytes="24159696" bytesdiscarded="545056" />
  <memory-copied type="tenure" objects="32854" bytes="1465336" bytesdiscarded="1128" />
  <finalization candidates="3098" enqueued="3066" />
  <ownableSynchronizers candidates="40" cleared="0" />
  <references type="soft" candidates="1" cleared="0" enqueued="0" dynamicThreshold="9" maxThreshold="32" />
  <references type="weak" candidates="32" cleared="0" enqueued="0" />
  <references type="phantom" candidates="31" cleared="0" enqueued="0" />
  <object-monitors candidates="154" cleared="0"  />
</gc-op>
<heap-resize id="2093" type="expand" space="nursery" amount="14155776" count="1" timems="0.031" reason="excessive time being spent scavenging" timestamp="2024-07-18T15:29:10.838" />
<gc-end id="2094" type="scavenge" contextid="2089" durationms="13.639" usertimems="77.592" systemtimems="19.524" stalltimems="33.042" timestamp="2024-07-18T15:29:10.839" activeThreads="12">
  <mem-info id="2095" free="110571584" total="239271936" percent="46">
    <mem type="nursery" free="95419256" total="152698880" percent="62">
      <mem type="allocate" free="95419256" total="120127488" percent="79" />
      <mem type="survivor" free="0" total="32571392" percent="0" />
    </mem>
    <mem type="tenure" free="15152328" total="86573056" percent="17">
      <mem type="soa" free="14286024" total="85706752" percent="16" />
      <mem type="loa" free="866304" total="866304" percent="100" />
    </mem>
    <pending-finalizers system="0" default="3066" reference="0" classloader="0" />
    <remembered-set count="4608" />
  </mem-info>
</gc-end>
<cycle-end id="2096" type="scavenge" contextid="2089" timestamp="2024-07-18T15:29:10.839" />
<allocation-satisfied id="2097" threadId="000000000084F900" bytesRequested="24" />
<af-end id="2098" timestamp="2024-07-18T15:29:10.839" threadId="0000000000850338" success="true" from="nursery"/>
<exclusive-end id="2099" timestamp="2024-07-18T15:29:10.840" durationms="15.867" />

<exclusive-start id="2100" timestamp="2024-07-18T15:29:10.901" intervalms="76.832">
  <response-info timems="0.066" idlems="0.053" threads="1" lastid="000000000085F300" lastname="Default Executor-thread-12" />
</exclusive-start>
<af-start id="2101" threadId="0000000000850338" totalBytesRequested="24" timestamp="2024-07-18T15:29:10.901" intervalms="76.759" type="nursery" />
<cycle-start id="2102" type="scavenge" contextid="0" timestamp="2024-07-18T15:29:10.901" intervalms="76.665" />
<gc-start id="2103" type="scavenge" contextid="2102" timestamp="2024-07-18T15:29:10.902">
  <mem-info id="2104" free="15152288" total="239271936" percent="6">
    <mem type="nursery" free="0" total="152698880" percent="0">
      <mem type="allocate" free="0" total="120127488" percent="0" />
      <mem type="survivor" free="0" total="32571392" percent="0" />
    </mem>
    <mem type="tenure" free="15152288" total="86573056" percent="17">
      <mem type="soa" free="14285984" total="85706752" percent="16" />
      <mem type="loa" free="866304" total="866304" percent="100" />
    </mem>
    <remembered-set count="4759" />
  </mem-info>
</gc-start>
<allocation-stats totalBytes="95313440" discardedBytes="105856" >
  <allocated-bytes non-tlh="1605032" tlh="93708408" />
  <largest-consumer threadName="Default Executor-thread-24" threadId="0000000000DA4F00" bytes="27650592" />
</allocation-stats>
<gc-op id="2105" type="scavenge" timems="11.682" contextid="2102" timestamp="2024-07-18T15:29:10.914">
  <scavenger-info tenureage="5" tenuremask="7fe0" tiltratio="78" />
  <memory-copied type="nursery" objects="197320" bytes="23813312" bytesdiscarded="630856" />
  <memory-copied type="tenure" objects="72844" bytes="2977280" bytesdiscarded="1160" />
  <finalization candidates="3444" enqueued="3420" />
  <ownableSynchronizers candidates="37" cleared="0" />
  <references type="soft" candidates="1" cleared="0" enqueued="0" dynamicThreshold="9" maxThreshold="32" />
  <references type="weak" candidates="33" cleared="3" enqueued="3" />
  <references type="phantom" candidates="31" cleared="0" enqueued="0" />
  <object-monitors candidates="154" cleared="0"  />
</gc-op>
<heap-resize id="2106" type="expand" space="nursery" amount="11665408" count="1" timems="0.028" reason="excessive time being spent scavenging" timestamp="2024-07-18T15:29:10.914" />
<gc-end id="2107" type="scavenge" contextid="2102" durationms="12.775" usertimems="85.081" systemtimems="5.030" stalltimems="35.751" timestamp="2024-07-18T15:29:10.914" activeThreads="12">
  <mem-info id="2108" free="121810840" total="250937344" percent="48">
    <mem type="nursery" free="109377808" total="164364288" percent="66">
      <mem type="allocate" free="109377808" total="133824512" percent="81" />
      <mem type="survivor" free="0" total="30539776" percent="0" />
    </mem>
    <mem type="tenure" free="12433032" total="86573056" percent="14">
      <mem type="soa" free="11566728" total="85706752" percent="13" />
      <mem type="loa" free="866304" total="866304" percent="100" />
    </mem>
    <pending-finalizers system="0" default="3420" reference="3" classloader="0" />
    <remembered-set count="2594" />
  </mem-info>
</gc-end>
<cycle-end id="2109" type="scavenge" contextid="2102" timestamp="2024-07-18T15:29:10.915" />
<allocation-satisfied id="2110" threadId="000000000084F900" bytesRequested="24" />
<af-end id="2111" timestamp="2024-07-18T15:29:10.915" threadId="0000000000850338" success="true" from="nursery"/>
<exclusive-end id="2112" timestamp="2024-07-18T15:29:10.915" durationms="14.803" />

<exclusive-start id="2113" timestamp="2024-07-18T15:29:10.986" intervalms="85.595">
  <response-info timems="0.073" idlems="0.073" threads="0" lastid="000000000085F300" lastname="Default Executor-thread-12" />
</exclusive-start>
<af-start id="2114" threadId="000000000085FD38" totalBytesRequested="2064" timestamp="2024-07-18T15:29:10.987" intervalms="85.747" type="nursery" />
<cycle-start id="2115" type="scavenge" contextid="0" timestamp="2024-07-18T15:29:10.987" intervalms="85.906" />
<gc-start id="2116" type="scavenge" contextid="2115" timestamp="2024-07-18T15:29:10.988">
  <mem-info id="2117" free="12433032" total="250937344" percent="4">
    <mem type="nursery" free="0" total="164364288" percent="0">
      <mem type="allocate" free="0" total="133824512" percent="0" />
      <mem type="survivor" free="0" total="30539776" percent="0" />
    </mem>
    <mem type="tenure" free="12433032" total="86573056" percent="14">
      <mem type="soa" free="11566728" total="85706752" percent="13" />
      <mem type="loa" free="866304" total="866304" percent="100" />
    </mem>
    <remembered-set count="2840" />
  </mem-info>
</gc-start>
<allocation-stats totalBytes="109248096" discardedBytes="129712" >
  <allocated-bytes non-tlh="3494520" tlh="105753576" />
  <largest-consumer threadName="Default Executor-thread-23" threadId="0000000000D52C00" bytes="30558448" />
</allocation-stats>
<gc-op id="2118" type="scavenge" timems="13.772" contextid="2115" timestamp="2024-07-18T15:29:11.002">
  <scavenger-info tenureage="5" tenuremask="7fe0" tiltratio="81" />
  <memory-copied type="nursery" objects="168360" bytes="26427992" bytesdiscarded="527928" />
  <memory-copied type="tenure" objects="66886" bytes="3383464" bytesdiscarded="1120" />
  <finalization candidates="3718" enqueued="3705" />
  <ownableSynchronizers candidates="37" cleared="0" />
  <references type="weak" candidates="27" cleared="5" enqueued="5" />
  <references type="phantom" candidates="24" cleared="0" enqueued="0" />
  <object-monitors candidates="154" cleared="0"  />
</gc-op>
<heap-resize id="2119" type="expand" space="nursery" amount="12713984" count="1" timems="0.028" reason="excessive time being spent scavenging" timestamp="2024-07-18T15:29:11.002" />
<gc-end id="2120" type="scavenge" contextid="2115" durationms="15.310" usertimems="55.137" systemtimems="44.989" stalltimems="36.965" timestamp="2024-07-18T15:29:11.003" activeThreads="12">
  <mem-info id="2121" free="124177888" total="263651328" percent="47">
    <mem type="nursery" free="115057184" total="177078272" percent="64">
      <mem type="allocate" free="115057184" total="142016512" percent="81" />
      <mem type="survivor" free="0" total="35061760" percent="0" />
    </mem>
    <mem type="tenure" free="9120704" total="86573056" percent="10">
      <mem type="soa" free="8254400" total="85706752" percent="9" />
      <mem type="loa" free="866304" total="866304" percent="100" />
    </mem>
    <pending-finalizers system="0" default="3705" reference="5" classloader="0" />
    <remembered-set count="4382" />
  </mem-info>
</gc-end>
<cycle-end id="2122" type="scavenge" contextid="2115" timestamp="2024-07-18T15:29:11.003" />
<allocation-satisfied id="2123" threadId="000000000085F300" bytesRequested="2064" />
<af-end id="2124" timestamp="2024-07-18T15:29:11.004" threadId="000000000085FD38" success="true" from="nursery"/>
<exclusive-end id="2125" timestamp="2024-07-18T15:29:11.004" durationms="17.911" />

<concurrent-kickoff id="2126" timestamp="2024-07-18T15:29:11.088">
  <kickoff reason="threshold reached" targetBytes="42830450" thresholdFreeBytes="5945185"  remainingFree="5916056" tenureFreeBytes="9120704" nurseryFreeBytes="5916056" />
</concurrent-kickoff>
<exclusive-start id="2127" timestamp="2024-07-18T15:29:11.089" intervalms="102.590">
  <response-info timems="0.054" idlems="0.054" threads="0" lastid="0000000000D52C00" lastname="Default Executor-thread-23" />
</exclusive-start>
<cycle-start id="2128" type="global" contextid="0" timestamp="2024-07-18T15:29:11.089" intervalms="544.194" />
<concurrent-start id="2129" type="global mark" contextid="2128" timestamp="2024-07-18T15:29:11.089">
</concurrent-start>
<exclusive-end id="2130" timestamp="2024-07-18T15:29:11.090" durationms="1.076" />

<concurrent-end id="2131" type="global mark" contextid="2128" timestamp="2024-07-18T15:29:11.121">
<gc-op id="2132" type="trace" timems="31.638" contextid="2128" timestamp="2024-07-18T15:29:11.121">
  <trace bytesTraced="48933648" workStackOverflowCount="0" />
  <card-cleaning reason="card cleaning threshold reached" bytesTraced="38412" cardsCleaned="112" />
</gc-op>
</concurrent-end>

<exclusive-start id="2133" timestamp="2024-07-18T15:29:11.122" intervalms="33.143">
  <response-info timems="0.521" idlems="0.333" threads="2" lastid="0000000000DA4F00" lastname="Default Executor-thread-24" />
</exclusive-start>
<af-start id="2134" threadId="0000000000850338" totalBytesRequested="8200" timestamp="2024-07-18T15:29:11.122" intervalms="135.579" type="nursery" />
<percolate-collect id="2135" from="nursery" to="global" reason="concurrent mark exhausted" timestamp="2024-07-18T15:29:11.123"/>
<gc-start id="2136" type="global" contextid="2128" timestamp="2024-07-18T15:29:11.124">
  <mem-info id="2137" free="9120704" total="263651328" percent="3">
    <mem type="nursery" free="0" total="177078272" percent="0">
      <mem type="allocate" free="0" total="142016512" percent="0" />
      <mem type="survivor" free="0" total="35061760" percent="0" />
    </mem>
    <mem type="tenure" free="9120704" total="86573056" percent="10">
      <mem type="soa" free="8254400" total="85706752" percent="9" />
      <mem type="loa" free="866304" total="866304" percent="100" />
    </mem>
    <remembered-set count="5507" />
  </mem-info>
</gc-start>
<allocation-stats totalBytes="114940104" discardedBytes="117080" >
  <allocated-bytes non-tlh="5252416" tlh="109687688" />
  <largest-consumer threadName="Default Executor-thread-12" threadId="000000000085F300" bytes="36525720" />
</allocation-stats>
<gc-op id="2138" type="rs-scan" timems="3.047" contextid="2128" timestamp="2024-07-18T15:29:11.127">
  <scan objectsFound="148315" bytesTraced="9228628" workStackOverflowCount="0" />
</gc-op>
<gc-op id="2139" type="card-cleaning" timems="0.711" contextid="2128" timestamp="2024-07-18T15:29:11.128">
  <card-cleaning cardsCleaned="22" bytesTraced="20720" workStackOverflowCount="0" />
</gc-op>
<gc-op id="2140" type="mark" timems="5.470" contextid="2128" timestamp="2024-07-18T15:29:11.134">
  <trace-info objectcount="34062" scancount="26123" scanbytes="1274940" />
  <finalization candidates="2823" enqueued="1942" />
  <ownableSynchronizers candidates="7883" cleared="56" />
  <references type="soft" candidates="12408" cleared="0" enqueued="0" dynamicThreshold="9" maxThreshold="32" />
  <references type="weak" candidates="14867" cleared="4" enqueued="4" />
  <references type="phantom" candidates="591" cleared="0" enqueued="0" />
  <stringconstants candidates="37754" cleared="3"  />
  <object-monitors candidates="154" cleared="0"  />
</gc-op>
<gc-op id="2141" type="sweep" timems="2.060" contextid="2128" timestamp="2024-07-18T15:29:11.136" />
<heap-resize id="2142" type="expand" space="tenure" amount="21626880" count="1" timems="0.679" reason="insufficient free space following gc" timestamp="2024-07-18T15:29:11.137" />
<gc-end id="2143" type="global" contextid="2128" durationms="14.240" usertimems="53.188" systemtimems="8.385" stalltimems="51.062" timestamp="2024-07-18T15:29:11.138" activeThreads="12">
  <mem-info id="2144" free="155641232" total="285278208" percent="54">
    <mem type="nursery" free="123174432" total="177078272" percent="69">
      <mem type="allocate" free="123174432" total="142016512" percent="86" />
      <mem type="survivor" free="0" total="35061760" percent="0" />
    </mem>
    <mem type="tenure" free="32466800" total="108199936" percent="30" micro-fragmented="1655196" macro-fragmented="0">
      <mem type="soa" free="31384432" total="107117568" percent="29" />
      <mem type="loa" free="1082368" total="1082368" percent="100" />
    </mem>
    <pending-finalizers system="0" default="1942" reference="4" classloader="0" />
    <remembered-set count="5341" />
  </mem-info>
</gc-end>
<cycle-end id="2145" type="global" contextid="2128" timestamp="2024-07-18T15:29:11.138" />
<allocation-satisfied id="2146" threadId="000000000084F900" bytesRequested="8200" />
<af-end id="2147" timestamp="2024-07-18T15:29:11.139" threadId="0000000000850338" success="true" from="nursery"/>
<exclusive-end id="2148" timestamp="2024-07-18T15:29:11.139" durationms="16.902" />

<exclusive-start id="2149" timestamp="2024-07-18T15:29:11.237" intervalms="115.438">
  <response-info timems="0.053" idlems="0.042" threads="1" lastid="000000000085F300" lastname="Default Executor-thread-12" />
</exclusive-start>
<af-start id="2150" threadId="0000000000DA5938" totalBytesRequested="168536" timestamp="2024-07-18T15:29:11.238" intervalms="115.540" type="nursery" />
<cycle-start id="2151" type="scavenge" contextid="0" timestamp="2024-07-18T15:29:11.238" intervalms="251.103" />
<gc-start id="2152" type="scavenge" contextid="2151" timestamp="2024-07-18T15:29:11.239">
  <mem-info id="2153" free="32841592" total="285278208" percent="11">
    <mem type="nursery" free="387144" total="177078272" percent="0">
      <mem type="allocate" free="387144" total="142016512" percent="0" />
      <mem type="survivor" free="0" total="35061760" percent="0" />
    </mem>
    <mem type="tenure" free="32454448" total="108199936" percent="29">
      <mem type="soa" free="31372080" total="107117568" percent="29" />
      <mem type="loa" free="1082368" total="1082368" percent="100" />
    </mem>
    <remembered-set count="6275" />
  </mem-info>
</gc-start>
<allocation-stats totalBytes="121797904" discardedBytes="904856" >
  <allocated-bytes non-tlh="18011872" tlh="103786032" />
  <largest-consumer threadName="Default Executor-thread-12" threadId="000000000085F300" bytes="44763704" />
</allocation-stats>
<gc-op id="2154" type="scavenge" timems="8.520" contextid="2151" timestamp="2024-07-18T15:29:11.248">
  <scavenger-info tenureage="5" tenuremask="7fe0" tiltratio="80" />
  <memory-copied type="nursery" objects="179936" bytes="19806688" bytesdiscarded="619608" />
  <memory-copied type="tenure" objects="16597" bytes="1142616" bytesdiscarded="7296" />
  <finalization candidates="1666" enqueued="1666" />
  <ownableSynchronizers candidates="15698" cleared="15651" />
  <references type="soft" candidates="54" cleared="0" enqueued="0" dynamicThreshold="9" maxThreshold="32" />
  <references type="weak" candidates="181" cleared="101" enqueued="101" />
  <references type="phantom" candidates="174" cleared="120" enqueued="120" />
  <object-monitors candidates="165" cleared="9"  />
</gc-op>
<gc-end id="2155" type="scavenge" contextid="2151" durationms="9.570" usertimems="37.585" systemtimems="27.394" stalltimems="37.041" timestamp="2024-07-18T15:29:11.249" activeThreads="12">
  <mem-info id="2156" free="155259912" total="285278208" percent="54">
    <mem type="nursery" free="124398296" total="177078272" percent="70">
      <mem type="allocate" free="124398296" total="144834560" percent="85" />
      <mem type="survivor" free="0" total="32243712" percent="0" />
    </mem>
    <mem type="tenure" free="30861616" total="108199936" percent="28">
      <mem type="soa" free="29779248" total="107117568" percent="27" />
      <mem type="loa" free="1082368" total="1082368" percent="100" />
    </mem>
    <pending-finalizers system="0" default="1666" reference="221" classloader="0" />
    <remembered-set count="6298" />
  </mem-info>
</gc-end>
<cycle-end id="2157" type="scavenge" contextid="2151" timestamp="2024-07-18T15:29:11.249" />
<allocation-satisfied id="2158" threadId="0000000000DA4F00" bytesRequested="168536" />
<af-end id="2159" timestamp="2024-07-18T15:29:11.249" threadId="0000000000DA5938" success="true" from="nursery"/>
<exclusive-end id="2160" timestamp="2024-07-18T15:29:11.250" durationms="12.349" />

<exclusive-start id="2161" timestamp="2024-07-18T15:29:11.430" intervalms="192.779">
  <response-info timems="0.050" idlems="0.050" threads="0" lastid="000000000085F300" lastname="Default Executor-thread-12" />
</exclusive-start>
<af-start id="2162" threadId="000000000085FD38" totalBytesRequested="4448" timestamp="2024-07-18T15:29:11.431" intervalms="192.852" type="nursery" />
<cycle-start id="2163" type="scavenge" contextid="0" timestamp="2024-07-18T15:29:11.431" intervalms="192.857" />
<gc-start id="2164" type="scavenge" contextid="2163" timestamp="2024-07-18T15:29:11.431">
  <mem-info id="2165" free="30742720" total="285278208" percent="10">
    <mem type="nursery" free="0" total="177078272" percent="0">
      <mem type="allocate" free="0" total="144834560" percent="0" />
      <mem type="survivor" free="0" total="32243712" percent="0" />
    </mem>
    <mem type="tenure" free="30742720" total="108199936" percent="28">
      <mem type="soa" free="29660352" total="107117568" percent="27" />
      <mem type="loa" free="1082368" total="1082368" percent="100" />
    </mem>
    <remembered-set count="8679" />
  </mem-info>
</gc-start>
<allocation-stats totalBytes="124321840" discardedBytes="195352" >
  <allocated-bytes non-tlh="1270584" tlh="123051256" />
  <largest-consumer threadName="Default Executor-thread-12" threadId="000000000085F300" bytes="90485224" />
</allocation-stats>
<gc-op id="2166" type="scavenge" timems="9.595" contextid="2163" timestamp="2024-07-18T15:29:11.442">
  <scavenger-info tenureage="5" tenuremask="7fe0" tiltratio="81" />
  <memory-copied type="nursery" objects="188346" bytes="25087552" bytesdiscarded="486528" />
  <memory-copied type="tenure" objects="28149" bytes="1881056" bytesdiscarded="1712" />
  <finalization candidates="3319" enqueued="3319" />
  <ownableSynchronizers candidates="91" cleared="36" />
  <references type="soft" candidates="250" cleared="0" enqueued="0" dynamicThreshold="9" maxThreshold="32" />
  <references type="weak" candidates="337" cleared="157" enqueued="157" />
  <references type="phantom" candidates="181" cleared="106" enqueued="106" />
  <object-monitors candidates="314" cleared="142"  />
</gc-op>
<gc-end id="2167" type="scavenge" contextid="2163" durationms="10.809" usertimems="56.879" systemtimems="21.105" stalltimems="36.008" timestamp="2024-07-18T15:29:11.442" activeThreads="12">
  <mem-info id="2168" free="145117016" total="285278208" percent="50">
    <mem type="nursery" free="116831496" total="177078272" percent="65">
      <mem type="allocate" free="116831496" total="142409728" percent="82" />
      <mem type="survivor" free="0" total="34668544" percent="0" />
    </mem>
    <mem type="tenure" free="28285520" total="108199936" percent="26">
      <mem type="soa" free="27203152" total="107117568" percent="25" />
      <mem type="loa" free="1082368" total="1082368" percent="100" />
    </mem>
    <pending-finalizers system="195" default="3124" reference="263" classloader="0" />
    <remembered-set count="8387" />
  </mem-info>
</gc-end>
<cycle-end id="2169" type="scavenge" contextid="2163" timestamp="2024-07-18T15:29:11.443" />
<allocation-satisfied id="2170" threadId="000000000085F300" bytesRequested="4448" />
<af-end id="2171" timestamp="2024-07-18T15:29:11.443" threadId="000000000085FD38" success="true" from="nursery"/>
<exclusive-end id="2172" timestamp="2024-07-18T15:29:11.444" durationms="13.465" />

<exclusive-start id="2173" timestamp="2024-07-18T15:29:11.637" intervalms="206.724">
  <response-info timems="0.051" idlems="0.051" threads="0" lastid="000000000085F300" lastname="Default Executor-thread-12" />
</exclusive-start>
<af-start id="2174" threadId="000000000085FD38" totalBytesRequested="262152" timestamp="2024-07-18T15:29:11.637" intervalms="206.660" type="nursery" />
<cycle-start id="2175" type="scavenge" contextid="0" timestamp="2024-07-18T15:29:11.638" intervalms="206.644" />
<gc-start id="2176" type="scavenge" contextid="2175" timestamp="2024-07-18T15:29:11.638">
  <mem-info id="2177" free="28218720" total="285278208" percent="9">
    <mem type="nursery" free="62040" total="177078272" percent="0">
      <mem type="allocate" free="62040" total="142409728" percent="0" />
      <mem type="survivor" free="0" total="34668544" percent="0" />
    </mem>
    <mem type="tenure" free="28156680" total="108199936" percent="26">
      <mem type="soa" free="27074312" total="107117568" percent="25" />
      <mem type="loa" free="1082368" total="1082368" percent="100" />
    </mem>
    <remembered-set count="13883" />
  </mem-info>
</gc-start>
<allocation-stats totalBytes="116643728" discardedBytes="254568" >
  <allocated-bytes non-tlh="4307448" tlh="112336280" />
  <largest-consumer threadName="Default Executor-thread-12" threadId="000000000085F300" bytes="73167040" />
</allocation-stats>
<gc-op id="2178" type="scavenge" timems="12.900" contextid="2175" timestamp="2024-07-18T15:29:11.652">
  <scavenger-info tenureage="5" tenuremask="7fe0" tiltratio="80" />
  <memory-copied type="nursery" objects="335826" bytes="31039408" bytesdiscarded="605144" />
  <memory-copied type="tenure" objects="19662" bytes="1278608" bytesdiscarded="1608" />
  <finalization candidates="2814" enqueued="2814" />
  <ownableSynchronizers candidates="322" cleared="36" />
  <references type="soft" candidates="1248" cleared="0" enqueued="0" dynamicThreshold="9" maxThreshold="32" />
  <references type="weak" candidates="687" cleared="185" enqueued="185" />
  <references type="phantom" candidates="151" cleared="41" enqueued="41" />
  <object-monitors candidates="247" cleared="51"  />
</gc-op>
<heap-resize id="2179" type="expand" space="nursery" amount="6946816" count="1" timems="0.029" reason="excessive time being spent scavenging" timestamp="2024-07-18T15:29:11.652" />
<gc-end id="2180" type="scavenge" contextid="2175" durationms="14.009" usertimems="96.602" systemtimems="16.211" stalltimems="41.898" timestamp="2024-07-18T15:29:11.652" activeThreads="12">
  <mem-info id="2181" free="136383808" total="292225024" percent="46">
    <mem type="nursery" free="109441584" total="184025088" percent="59">
      <mem type="allocate" free="109441584" total="141099008" percent="77" />
      <mem type="survivor" free="0" total="42926080" percent="0" />
    </mem>
    <mem type="tenure" free="26942224" total="108199936" percent="24">
      <mem type="soa" free="25859856" total="107117568" percent="24" />
      <mem type="loa" free="1082368" total="1082368" percent="100" />
    </mem>
    <pending-finalizers system="62" default="2752" reference="226" classloader="0" />
    <remembered-set count="14192" />
  </mem-info>
</gc-end>
<cycle-end id="2182" type="scavenge" contextid="2175" timestamp="2024-07-18T15:29:11.653" />
<allocation-satisfied id="2183" threadId="000000000085F300" bytesRequested="262152" />
<af-end id="2184" timestamp="2024-07-18T15:29:11.653" threadId="000000000085FD38" success="true" from="nursery"/>
<exclusive-end id="2185" timestamp="2024-07-18T15:29:11.654" durationms="16.707" />

<exclusive-start id="2186" timestamp="2024-07-18T15:29:11.979" intervalms="342.581">
  <response-info timems="0.245" idlems="0.104" threads="2" lastid="0000000000D52C00" lastname="Default Executor-thread-23" />
</exclusive-start>
<af-start id="2187" threadId="0000000000850338" totalBytesRequested="520" timestamp="2024-07-18T15:29:11.980" intervalms="342.434" type="nursery" />
<cycle-start id="2188" type="scavenge" contextid="0" timestamp="2024-07-18T15:29:11.980" intervalms="342.281" />
<gc-start id="2189" type="scavenge" contextid="2188" timestamp="2024-07-18T15:29:11.980">
  <mem-info id="2190" free="26799880" total="292225024" percent="9">
    <mem type="nursery" free="0" total="184025088" percent="0">
      <mem type="allocate" free="0" total="141099008" percent="0" />
      <mem type="survivor" free="0" total="42926080" percent="0" />
    </mem>
    <mem type="tenure" free="26799880" total="108199936" percent="24">
      <mem type="soa" free="25717512" total="107117568" percent="24" />
      <mem type="loa" free="1082368" total="1082368" percent="100" />
    </mem>
    <remembered-set count="16872" />
  </mem-info>
</gc-start>
<allocation-stats totalBytes="109512880" discardedBytes="71048" >
  <allocated-bytes non-tlh="4640872" tlh="104872008" />
  <largest-consumer threadName="Default Executor-thread-12" threadId="000000000085F300" bytes="62212368" />
</allocation-stats>
<gc-op id="2191" type="scavenge" timems="16.230" contextid="2188" timestamp="2024-07-18T15:29:11.997">
  <scavenger-info tenureage="5" tenuremask="7fe0" tiltratio="76" />
  <memory-copied type="nursery" objects="561050" bytes="33104784" bytesdiscarded="543656" />
  <memory-copied type="tenure" objects="23146" bytes="1690976" bytesdiscarded="448" />
  <finalization candidates="186" enqueued="186" />
  <ownableSynchronizers candidates="357" cleared="64" />
  <references type="soft" candidates="1747" cleared="0" enqueued="0" dynamicThreshold="9" maxThreshold="32" />
  <references type="weak" candidates="1054" cleared="247" enqueued="247" />
  <references type="phantom" candidates="159" cleared="39" enqueued="39" />
  <object-monitors candidates="346" cleared="104"  />
</gc-op>
<gc-end id="2192" type="scavenge" contextid="2188" durationms="16.814" usertimems="151.802" systemtimems="5.548" stalltimems="30.296" timestamp="2024-07-18T15:29:11.997" activeThreads="12">
  <mem-info id="2193" free="134681880" total="292225024" percent="46">
    <mem type="nursery" free="109460032" total="184025088" percent="59">
      <mem type="allocate" free="109460032" total="143130624" percent="76" />
      <mem type="survivor" free="0" total="40894464" percent="0" />
    </mem>
    <mem type="tenure" free="25221848" total="108199936" percent="23">
      <mem type="soa" free="24139480" total="107117568" percent="22" />
      <mem type="loa" free="1082368" total="1082368" percent="100" />
    </mem>
    <pending-finalizers system="79" default="107" reference="286" classloader="0" />
    <remembered-set count="14781" />
  </mem-info>
</gc-end>
<cycle-end id="2194" type="scavenge" contextid="2188" timestamp="2024-07-18T15:29:11.997" />
<allocation-satisfied id="2195" threadId="000000000084F900" bytesRequested="520" />
<af-end id="2196" timestamp="2024-07-18T15:29:11.998" threadId="0000000000850338" success="true" from="nursery"/>
<exclusive-end id="2197" timestamp="2024-07-18T15:29:11.998" durationms="18.275" />

<exclusive-start id="2198" timestamp="2024-07-18T15:29:12.249" intervalms="269.094">
  <response-info timems="0.066" idlems="0.066" threads="0" lastid="000000000085F300" lastname="Default Executor-thread-12" />
</exclusive-start>
<af-start id="2199" threadId="000000000085FD38" totalBytesRequested="3408" timestamp="2024-07-18T15:29:12.249" intervalms="269.254" type="nursery" />
<cycle-start id="2200" type="scavenge" contextid="0" timestamp="2024-07-18T15:29:12.249" intervalms="269.430" />
<gc-start id="2201" type="scavenge" contextid="2200" timestamp="2024-07-18T15:29:12.250">
  <mem-info id="2202" free="25172592" total="292225024" percent="8">
    <mem type="nursery" free="0" total="184025088" percent="0">
      <mem type="allocate" free="0" total="143130624" percent="0" />
      <mem type="survivor" free="0" total="40894464" percent="0" />
    </mem>
    <mem type="tenure" free="25172592" total="108199936" percent="23">
      <mem type="soa" free="24090224" total="107117568" percent="22" />
      <mem type="loa" free="1082368" total="1082368" percent="100" />
    </mem>
    <remembered-set count="15709" />
  </mem-info>
</gc-start>
<allocation-stats totalBytes="109411936" discardedBytes="97352" >
  <allocated-bytes non-tlh="2954624" tlh="106457312" />
  <largest-consumer threadName="Default Executor-thread-12" threadId="000000000085F300" bytes="100074256" />
</allocation-stats>
<gc-op id="2203" type="scavenge" timems="15.817" contextid="2200" timestamp="2024-07-18T15:29:12.266">
  <scavenger-info tenureage="5" tenuremask="7fe0" tiltratio="77" />
  <memory-copied type="nursery" objects="473013" bytes="40375592" bytesdiscarded="506496" />
  <memory-copied type="tenure" objects="27216" bytes="2998768" bytesdiscarded="5008" />
  <copy-failed type="nursery" objects="986" bytes="1010760" />
  <finalization candidates="3208" enqueued="3208" />
  <ownableSynchronizers candidates="348" cleared="81" />
  <references type="soft" candidates="2090" cleared="0" enqueued="0" dynamicThreshold="9" maxThreshold="32" />
  <references type="weak" candidates="571" cleared="79" enqueued="79" />
  <references type="phantom" candidates="122" cleared="5" enqueued="5" />
  <object-monitors candidates="249" cleared="22"  />
</gc-op>
<gc-end id="2204" type="scavenge" contextid="2200" durationms="17.034" usertimems="139.728" systemtimems="3.257" stalltimems="46.915" timestamp="2024-07-18T15:29:12.267" activeThreads="12">
  <mem-info id="2205" free="107916704" total="292225024" percent="36">
    <mem type="nursery" free="85458944" total="184025088" percent="46">
      <mem type="allocate" free="85458944" total="126353408" percent="67" />
      <mem type="survivor" free="0" total="57671680" percent="0" />
    </mem>
    <mem type="tenure" free="22457760" total="108199936" percent="20">
      <mem type="soa" free="21375392" total="107117568" percent="19" />
      <mem type="loa" free="1082368" total="1082368" percent="100" />
    </mem>
    <pending-finalizers system="18" default="3190" reference="84" classloader="0" />
    <remembered-set count="11561" />
  </mem-info>
</gc-end>
<cycle-end id="2206" type="scavenge" contextid="2200" timestamp="2024-07-18T15:29:12.267" />
<allocation-satisfied id="2207" threadId="000000000085F300" bytesRequested="3408" />
<af-end id="2208" timestamp="2024-07-18T15:29:12.268" threadId="000000000085FD38" success="true" from="nursery"/>
<exclusive-end id="2209" timestamp="2024-07-18T15:29:12.269" durationms="20.040" />

<exclusive-start id="2210" timestamp="2024-07-18T15:29:12.436" intervalms="187.797">
  <response-info timems="0.055" idlems="0.055" threads="0" lastid="000000000085F300" lastname="Default Executor-thread-12" />
</exclusive-start>
<af-start id="2211" threadId="000000000085FD38" totalBytesRequested="48" timestamp="2024-07-18T15:29:12.437" intervalms="187.816" type="nursery" />
<cycle-start id="2212" type="scavenge" contextid="0" timestamp="2024-07-18T15:29:12.437" intervalms="187.809" />
<gc-start id="2213" type="scavenge" contextid="2212" timestamp="2024-07-18T15:29:12.438">
  <mem-info id="2214" free="22457760" total="292225024" percent="7">
    <mem type="nursery" free="0" total="184025088" percent="0">
      <mem type="allocate" free="0" total="126353408" percent="0" />
      <mem type="survivor" free="0" total="57671680" percent="0" />
    </mem>
    <mem type="tenure" free="22457760" total="108199936" percent="20">
      <mem type="soa" free="21375392" total="107117568" percent="19" />
      <mem type="loa" free="1082368" total="1082368" percent="100" />
    </mem>
    <remembered-set count="11615" />
  </mem-info>
</gc-start>
<allocation-stats totalBytes="85390808" discardedBytes="68136" >
  <allocated-bytes non-tlh="2387672" tlh="83003136" />
  <largest-consumer threadName="Default Executor-thread-12" threadId="000000000085F300" bytes="84912064" />
</allocation-stats>
<gc-op id="2215" type="scavenge" timems="22.567" contextid="2212" timestamp="2024-07-18T15:29:12.461">
  <scavenger-info tenureage="4" tenuremask="7ff0" tiltratio="68" />
  <memory-copied type="nursery" objects="393145" bytes="32576744" bytesdiscarded="783784" />
  <memory-copied type="tenure" objects="87969" bytes="7756928" bytesdiscarded="5800" />
  <finalization candidates="2447" enqueued="2446" />
  <ownableSynchronizers candidates="279" cleared="12" />
  <references type="soft" candidates="1840" cleared="0" enqueued="0" dynamicThreshold="9" maxThreshold="32" />
  <references type="weak" candidates="359" cleared="7" enqueued="7" />
  <references type="phantom" candidates="74" cleared="0" enqueued="0" />
  <object-monitors candidates="227" cleared="0"  />
</gc-op>
<heap-resize id="2216" type="expand" space="nursery" amount="12845056" count="1" timems="0.038" reason="excessive time being spent scavenging" timestamp="2024-07-18T15:29:12.461" />
<gc-end id="2217" type="scavenge" contextid="2212" durationms="24.341" usertimems="145.949" systemtimems="52.380" stalltimems="48.838" timestamp="2024-07-18T15:29:12.462" activeThreads="12">
  <mem-info id="2218" free="118070072" total="305070080" percent="38">
    <mem type="nursery" free="103929016" total="196870144" percent="52">
      <mem type="allocate" free="103929016" total="137297920" percent="75" />
      <mem type="survivor" free="0" total="59572224" percent="0" />
    </mem>
    <mem type="tenure" free="14141056" total="108199936" percent="13">
      <mem type="soa" free="13058688" total="107117568" percent="12" />
      <mem type="loa" free="1082368" total="1082368" percent="100" />
    </mem>
    <pending-finalizers system="0" default="2446" reference="7" classloader="0" />
    <remembered-set count="11507" />
  </mem-info>
</gc-end>
<cycle-end id="2219" type="scavenge" contextid="2212" timestamp="2024-07-18T15:29:12.463" />
<allocation-satisfied id="2220" threadId="000000000085F300" bytesRequested="48" />
<af-end id="2221" timestamp="2024-07-18T15:29:12.463" threadId="000000000085FD38" success="true" from="nursery"/>
<exclusive-end id="2222" timestamp="2024-07-18T15:29:12.464" durationms="27.321" />

<exclusive-start id="2223" timestamp="2024-07-18T15:29:12.702" intervalms="265.348">
  <response-info timems="0.059" idlems="0.059" threads="0" lastid="000000000085F300" lastname="Default Executor-thread-12" />
</exclusive-start>
<af-start id="2224" threadId="000000000085FD38" totalBytesRequested="5272" timestamp="2024-07-18T15:29:12.702" intervalms="265.353" type="nursery" />
<cycle-start id="2225" type="scavenge" contextid="0" timestamp="2024-07-18T15:29:12.703" intervalms="265.360" />
<gc-start id="2226" type="scavenge" contextid="2225" timestamp="2024-07-18T15:29:12.703">
  <mem-info id="2227" free="14139680" total="305070080" percent="4">
    <mem type="nursery" free="0" total="196870144" percent="0">
      <mem type="allocate" free="0" total="137297920" percent="0" />
      <mem type="survivor" free="0" total="59572224" percent="0" />
    </mem>
    <mem type="tenure" free="14139680" total="108199936" percent="13">
      <mem type="soa" free="13057312" total="107117568" percent="12" />
      <mem type="loa" free="1082368" total="1082368" percent="100" />
    </mem>
    <remembered-set count="11928" />
  </mem-info>
</gc-start>
<allocation-stats totalBytes="103798504" discardedBytes="131888" >
  <allocated-bytes non-tlh="3109272" tlh="100689232" />
  <largest-consumer threadName="Default Executor-thread-12" threadId="000000000085F300" bytes="103389304" />
</allocation-stats>
<gc-op id="2228" type="scavenge" timems="25.758" contextid="2225" timestamp="2024-07-18T15:29:12.729">
  <scavenger-info tenureage="3" tenuremask="7ff8" tiltratio="69" />
  <memory-copied type="nursery" objects="174686" bytes="23586216" bytesdiscarded="523488" />
  <memory-copied type="tenure" objects="262486" bytes="16305760" bytesdiscarded="8256" />
  <finalization candidates="4284" enqueued="4284" />
  <ownableSynchronizers candidates="271" cleared="21" />
  <references type="soft" candidates="343" cleared="0" enqueued="0" dynamicThreshold="9" maxThreshold="32" />
  <references type="weak" candidates="141" cleared="39" enqueued="39" />
  <references type="phantom" candidates="44" cleared="0" enqueued="0" />
  <object-monitors candidates="227" cleared="0"  />
  <heap-resize type="expand" space="tenure" amount="2883584" count="11" timems="0.900" reason="continue current collection" />
</gc-op>
<heap-resize id="2229" type="expand" space="nursery" amount="8519680" count="1" timems="0.030" reason="excessive time being spent scavenging" timestamp="2024-07-18T15:29:12.730" />
<gc-end id="2230" type="scavenge" contextid="2225" durationms="27.251" usertimems="176.539" systemtimems="23.844" stalltimems="55.774" timestamp="2024-07-18T15:29:12.730" activeThreads="12">
  <mem-info id="2231" free="128067920" total="316473344" percent="40">
    <mem type="nursery" free="126878560" total="205389824" percent="61">
      <mem type="allocate" free="126878560" total="150994944" percent="84" />
      <mem type="survivor" free="0" total="54394880" percent="0" />
    </mem>
    <mem type="tenure" free="1189360" total="111083520" percent="1">
      <mem type="soa" free="78320" total="109972480" percent="0" />
      <mem type="loa" free="1111040" total="1111040" percent="100" />
    </mem>
    <pending-finalizers system="0" default="4284" reference="39" classloader="0" />
    <remembered-set count="2139" />
  </mem-info>
</gc-end>
<cycle-end id="2232" type="scavenge" contextid="2225" timestamp="2024-07-18T15:29:12.731" />
<allocation-satisfied id="2233" threadId="000000000085F300" bytesRequested="5272" />
<af-end id="2234" timestamp="2024-07-18T15:29:12.732" threadId="000000000085FD38" success="true" from="nursery"/>
<exclusive-end id="2235" timestamp="2024-07-18T15:29:12.732" durationms="30.251" />

<concurrent-kickoff id="2236" timestamp="2024-07-18T15:29:12.994">
  <kickoff reason="threshold reached" targetBytes="56487168" thresholdFreeBytes="7810496"  remainingFree="7746400" tenureFreeBytes="1170296" nurseryFreeBytes="7746400" />
</concurrent-kickoff>
<exclusive-start id="2237" timestamp="2024-07-18T15:29:12.996" intervalms="293.855">
  <response-info timems="0.079" idlems="0.079" threads="0" lastid="000000000085F300" lastname="Default Executor-thread-12" />
</exclusive-start>
<cycle-start id="2238" type="global" contextid="0" timestamp="2024-07-18T15:29:12.996" intervalms="1906.750" />
<concurrent-start id="2239" type="global mark" contextid="2238" timestamp="2024-07-18T15:29:12.996">
</concurrent-start>
<exclusive-end id="2240" timestamp="2024-07-18T15:29:12.996" durationms="0.807" />

<concurrent-end id="2241" type="global mark" contextid="2238" timestamp="2024-07-18T15:29:13.104">
<gc-op id="2242" type="trace" timems="107.690" contextid="2238" timestamp="2024-07-18T15:29:13.104">
  <trace bytesTraced="72130460" workStackOverflowCount="0" />
  <card-cleaning reason="card cleaning threshold reached" bytesTraced="31092" cardsCleaned="75" />
</gc-op>
</concurrent-end>

<exclusive-start id="2243" timestamp="2024-07-18T15:29:13.105" intervalms="109.114">
  <response-info timems="0.053" idlems="0.053" threads="0" lastid="000000000085F300" lastname="Default Executor-thread-12" />
</exclusive-start>
<concurrent-global-final id="2244" timestamp="2024-07-18T15:29:13.105" contextid="2238" intervalms="4612.479" >
  <concurrent-trace-info reason="card cleaning threshold reached" tracedByMutators="24978844" tracedByHelpers="47182708" cardsCleaned="75" workStackOverflowCount="0" />
</concurrent-global-final>
<gc-start id="2245" type="global" contextid="2238" timestamp="2024-07-18T15:29:13.106">
  <mem-info id="2246" free="1279896" total="316473344" percent="0">
    <mem type="nursery" free="109600" total="205389824" percent="0">
      <mem type="allocate" free="109600" total="150994944" percent="0" />
      <mem type="survivor" free="0" total="54394880" percent="0" />
    </mem>
    <mem type="tenure" free="1170296" total="111083520" percent="1">
      <mem type="soa" free="59256" total="109972480" percent="0" />
      <mem type="loa" free="1111040" total="1111040" percent="100" />
    </mem>
    <remembered-set count="3396" />
  </mem-info>
</gc-start>
<allocation-stats totalBytes="126647432" discardedBytes="140592" >
  <allocated-bytes non-tlh="3987168" tlh="122660264" />
  <largest-consumer threadName="Default Executor-thread-12" threadId="000000000085F300" bytes="115388368" />
</allocation-stats>
<gc-op id="2247" type="rs-scan" timems="3.415" contextid="2238" timestamp="2024-07-18T15:29:13.110">
  <scan objectsFound="150582" bytesTraced="7276080" workStackOverflowCount="0" />
</gc-op>
<gc-op id="2248" type="card-cleaning" timems="1.748" contextid="2238" timestamp="2024-07-18T15:29:13.112">
  <card-cleaning cardsCleaned="13" bytesTraced="20020" workStackOverflowCount="0" />
</gc-op>
<gc-op id="2249" type="mark" timems="12.392" contextid="2238" timestamp="2024-07-18T15:29:13.125">
  <trace-info objectcount="59553" scancount="43607" scanbytes="1997376" />
  <finalization candidates="5748" enqueued="4868" />
  <ownableSynchronizers candidates="8113" cleared="57" />
  <references type="soft" candidates="14511" cleared="0" enqueued="0" dynamicThreshold="9" maxThreshold="32" />
  <references type="weak" candidates="15576" cleared="94" enqueued="94" />
  <references type="phantom" candidates="525" cleared="100" enqueued="100" />
  <stringconstants candidates="40193" cleared="45"  />
  <object-monitors candidates="245" cleared="30"  />
</gc-op>
<gc-op id="2250" type="classunload" timems="1.489" contextid="2238" timestamp="2024-07-18T15:29:13.126">
  <classunload-info classloadercandidates="440" classloadersunloaded="2" classesunloaded="4" anonymousclassesunloaded="2" quiescems="0.000" setupms="1.459" scanms="0.026" postms="0.003" />
</gc-op>
<gc-op id="2251" type="sweep" timems="2.386" contextid="2238" timestamp="2024-07-18T15:29:13.129" />
<heap-resize id="2252" type="expand" space="tenure" amount="31195136" count="1" timems="1.013" reason="insufficient free space following gc" timestamp="2024-07-18T15:29:13.131" />
<gc-end id="2253" type="global" contextid="2238" durationms="25.995" usertimems="54.290" systemtimems="34.156" stalltimems="113.281" timestamp="2024-07-18T15:29:13.132" activeThreads="12">
  <mem-info id="2254" free="162755536" total="347668480" percent="46">
    <mem type="nursery" free="120069984" total="205389824" percent="58">
      <mem type="allocate" free="120069984" total="150994944" percent="79" />
      <mem type="survivor" free="0" total="54394880" percent="0" />
    </mem>
    <mem type="tenure" free="42685552" total="142278656" percent="30" micro-fragmented="1804106" macro-fragmented="0">
      <mem type="soa" free="41262192" total="140855296" percent="29" />
      <mem type="loa" free="1423360" total="1423360" percent="100" />
    </mem>
    <pending-finalizers system="37" default="4831" reference="194" classloader="0" />
    <remembered-set count="2483" />
  </mem-info>
</gc-end>
<cycle-end id="2255" type="global" contextid="2238" timestamp="2024-07-18T15:29:13.132" />
<exclusive-end id="2256" timestamp="2024-07-18T15:29:13.133" durationms="27.994" />

<exclusive-start id="2257" timestamp="2024-07-18T15:29:13.416" intervalms="311.403">
  <response-info timems="0.057" idlems="0.057" threads="0" lastid="000000000085F300" lastname="Default Executor-thread-12" />
</exclusive-start>
<af-start id="2258" threadId="000000000085FD38" totalBytesRequested="1040" timestamp="2024-07-18T15:29:13.416" intervalms="714.399" type="nursery" />
<cycle-start id="2259" type="scavenge" contextid="0" timestamp="2024-07-18T15:29:13.417" intervalms="714.449" />
<gc-start id="2260" type="scavenge" contextid="2259" timestamp="2024-07-18T15:29:13.418">
  <mem-info id="2261" free="42683680" total="347668480" percent="12">
    <mem type="nursery" free="0" total="205389824" percent="0">
      <mem type="allocate" free="0" total="150994944" percent="0" />
      <mem type="survivor" free="0" total="54394880" percent="0" />
    </mem>
    <mem type="tenure" free="42683680" total="142278656" percent="30">
      <mem type="soa" free="41260320" total="140855296" percent="29" />
      <mem type="loa" free="1423360" total="1423360" percent="100" />
    </mem>
    <remembered-set count="3406" />
  </mem-info>
</gc-start>
<allocation-stats totalBytes="117759912" discardedBytes="1996968" >
  <allocated-bytes non-tlh="24611528" tlh="93148384" />
  <largest-consumer threadName="Default Executor-thread-12" threadId="000000000085F300" bytes="117263080" />
</allocation-stats>
<gc-op id="2262" type="scavenge" timems="12.811" contextid="2259" timestamp="2024-07-18T15:29:13.431">
  <scavenger-info tenureage="4" tenuremask="7ff0" tiltratio="73" />
  <memory-copied type="nursery" objects="211856" bytes="16622320" bytesdiscarded="426784" />
  <finalization candidates="1364" enqueued="1364" />
  <ownableSynchronizers candidates="16114" cleared="16060" />
  <references type="soft" candidates="393" cleared="0" enqueued="0" dynamicThreshold="9" maxThreshold="32" />
  <references type="weak" candidates="272" cleared="40" enqueued="40" />
  <references type="phantom" candidates="78" cleared="0" enqueued="0" />
  <object-monitors candidates="215" cleared="0"  />
</gc-op>
<gc-end id="2263" type="scavenge" contextid="2259" durationms="14.250" usertimems="45.003" systemtimems="38.571" stalltimems="46.634" timestamp="2024-07-18T15:29:13.432" activeThreads="12">
  <mem-info id="2264" free="183831728" total="347668480" percent="52">
    <mem type="nursery" free="141148048" total="205389824" percent="68">
      <mem type="allocate" free="141148048" total="158203904" percent="89" />
      <mem type="survivor" free="0" total="47185920" percent="0" />
    </mem>
    <mem type="tenure" free="42683680" total="142278656" percent="30">
      <mem type="soa" free="41260320" total="140855296" percent="29" />
      <mem type="loa" free="1423360" total="1423360" percent="100" />
    </mem>
    <pending-finalizers system="0" default="1364" reference="40" classloader="0" />
    <remembered-set count="2741" />
  </mem-info>
</gc-end>
<cycle-end id="2265" type="scavenge" contextid="2259" timestamp="2024-07-18T15:29:13.432" />
<allocation-satisfied id="2266" threadId="000000000085F300" bytesRequested="1040" />
<af-end id="2267" timestamp="2024-07-18T15:29:13.433" threadId="000000000085FD38" success="true" from="nursery"/>
<exclusive-end id="2268" timestamp="2024-07-18T15:29:13.433" durationms="17.373" />

<exclusive-start id="2269" timestamp="2024-07-18T15:29:14.287" intervalms="870.738">
  <response-info timems="0.070" idlems="0.070" threads="0" lastid="000000000085F300" lastname="Default Executor-thread-12" />
</exclusive-start>
<af-start id="2270" threadId="000000000085FD38" totalBytesRequested="24" timestamp="2024-07-18T15:29:14.287" intervalms="870.742" type="nursery" />
<cycle-start id="2271" type="scavenge" contextid="0" timestamp="2024-07-18T15:29:14.288" intervalms="870.719" />
<gc-start id="2272" type="scavenge" contextid="2271" timestamp="2024-07-18T15:29:14.288">
  <mem-info id="2273" free="42656288" total="347668480" percent="12">
    <mem type="nursery" free="0" total="205389824" percent="0">
      <mem type="allocate" free="0" total="158203904" percent="0" />
      <mem type="survivor" free="0" total="47185920" percent="0" />
    </mem>
    <mem type="tenure" free="42656288" total="142278656" percent="29">
      <mem type="soa" free="41232928" total="140855296" percent="29" />
      <mem type="loa" free="1423360" total="1423360" percent="100" />
    </mem>
    <remembered-set count="3737" />
  </mem-info>
</gc-start>
<allocation-stats totalBytes="141073688" discardedBytes="95008" >
  <allocated-bytes non-tlh="1726824" tlh="139346864" />
  <largest-consumer threadName="Default Executor-thread-12" threadId="000000000085F300" bytes="130401592" />
</allocation-stats>
<gc-op id="2274" type="scavenge" timems="12.284" contextid="2271" timestamp="2024-07-18T15:29:14.301">
  <scavenger-info tenureage="4" tenuremask="7ff0" tiltratio="77" />
  <memory-copied type="nursery" objects="267993" bytes="15371592" bytesdiscarded="123136" />
  <memory-copied type="tenure" objects="90826" bytes="3968648" bytesdiscarded="12528" />
  <finalization candidates="568" enqueued="568" />
  <ownableSynchronizers candidates="252" cleared="118" />
  <references type="soft" candidates="159" cleared="0" enqueued="0" dynamicThreshold="9" maxThreshold="32" />
  <references type="weak" candidates="474" cleared="155" enqueued="155" />
  <references type="phantom" candidates="637" cleared="560" enqueued="560" />
  <object-monitors candidates="225" cleared="0"  />
</gc-op>
<gc-end id="2275" type="scavenge" contextid="2271" durationms="13.851" usertimems="70.707" systemtimems="23.121" stalltimems="48.559" timestamp="2024-07-18T15:29:14.302" activeThreads="12">
  <mem-info id="2276" free="186550512" total="347668480" percent="53">
    <mem type="nursery" free="148240448" total="205389824" percent="72">
      <mem type="allocate" free="148240448" total="163774464" percent="90" />
      <mem type="survivor" free="0" total="41615360" percent="0" />
    </mem>
    <mem type="tenure" free="38310064" total="142278656" percent="26">
      <mem type="soa" free="36886704" total="140855296" percent="26" />
      <mem type="loa" free="1423360" total="1423360" percent="100" />
    </mem>
    <pending-finalizers system="0" default="568" reference="715" classloader="0" />
    <remembered-set count="4140" />
  </mem-info>
</gc-end>
<cycle-end id="2277" type="scavenge" contextid="2271" timestamp="2024-07-18T15:29:14.303" />
<allocation-satisfied id="2278" threadId="000000000085F300" bytesRequested="24" />
<af-end id="2279" timestamp="2024-07-18T15:29:14.303" threadId="000000000085FD38" success="true" from="nursery"/>
<exclusive-end id="2280" timestamp="2024-07-18T15:29:14.304" durationms="17.033" />

<exclusive-start id="2281" timestamp="2024-07-18T15:29:15.202" intervalms="915.113">
  <response-info timems="0.068" idlems="0.068" threads="0" lastid="0000000000862F00" lastname="Default Executor-thread-13" />
</exclusive-start>
<af-start id="2282" threadId="0000000000863938" totalBytesRequested="672" timestamp="2024-07-18T15:29:15.202" intervalms="915.111" type="nursery" />
<cycle-start id="2283" type="scavenge" contextid="0" timestamp="2024-07-18T15:29:15.203" intervalms="915.141" />
<gc-start id="2284" type="scavenge" contextid="2283" timestamp="2024-07-18T15:29:15.204">
  <mem-info id="2285" free="37607840" total="347668480" percent="10">
    <mem type="nursery" free="0" total="205389824" percent="0">
      <mem type="allocate" free="0" total="163774464" percent="0" />
      <mem type="survivor" free="0" total="41615360" percent="0" />
    </mem>
    <mem type="tenure" free="37607840" total="142278656" percent="26">
      <mem type="soa" free="36184480" total="140855296" percent="25" />
      <mem type="loa" free="1423360" total="1423360" percent="100" />
    </mem>
    <remembered-set count="17638" />
  </mem-info>
</gc-start>
<allocation-stats totalBytes="148775736" discardedBytes="146704" >
  <allocated-bytes non-tlh="10221608" tlh="138554128" />
  <largest-consumer threadName="Default Executor-thread-13" threadId="0000000000862F00" bytes="55386056" />
</allocation-stats>
<gc-op id="2286" type="scavenge" timems="10.057" contextid="2283" timestamp="2024-07-18T15:29:15.214">
  <scavenger-info tenureage="5" tenuremask="7fe0" tiltratio="79" />
  <memory-copied type="nursery" objects="263227" bytes="25207384" bytesdiscarded="286608" />
  <finalization candidates="1011" enqueued="1005" />
  <ownableSynchronizers candidates="475" cleared="215" />
  <references type="soft" candidates="1501" cleared="0" enqueued="0" dynamicThreshold="9" maxThreshold="32" />
  <references type="weak" candidates="4686" cleared="3347" enqueued="3343" />
  <references type="phantom" candidates="1159" cleared="528" enqueued="528" />
  <object-monitors candidates="228" cleared="9"  />
</gc-op>
<gc-end id="2287" type="scavenge" contextid="2283" durationms="11.648" usertimems="78.634" systemtimems="0.000" stalltimems="42.037" timestamp="2024-07-18T15:29:15.215" activeThreads="12">
  <mem-info id="2288" free="176050128" total="347668480" percent="50">
    <mem type="nursery" free="138442288" total="205389824" percent="67">
      <mem type="allocate" free="138442288" total="163971072" percent="84" />
      <mem type="survivor" free="0" total="41418752" percent="0" />
    </mem>
    <mem type="tenure" free="37607840" total="142278656" percent="26">
      <mem type="soa" free="36184480" total="140855296" percent="25" />
      <mem type="loa" free="1423360" total="1423360" percent="100" />
    </mem>
    <pending-finalizers system="159" default="846" reference="3871" classloader="0" />
    <remembered-set count="15612" />
  </mem-info>
</gc-end>
<cycle-end id="2289" type="scavenge" contextid="2283" timestamp="2024-07-18T15:29:15.216" />
<allocation-satisfied id="2290" threadId="0000000000862F00" bytesRequested="672" />
<af-end id="2291" timestamp="2024-07-18T15:29:15.216" threadId="0000000000863938" success="true" from="nursery"/>
<exclusive-end id="2292" timestamp="2024-07-18T15:29:15.217" durationms="14.917" />

<exclusive-start id="2293" timestamp="2024-07-18T15:29:37.543" intervalms="22341.004">
  <response-info timems="0.075" idlems="0.075" threads="0" lastid="000000000094DC00" lastname="Default Executor-thread-17" />
</exclusive-start>
<af-start id="2294" threadId="000000000094E638" totalBytesRequested="1040" timestamp="2024-07-18T15:29:37.543" intervalms="22341.145" type="nursery" />
<cycle-start id="2295" type="scavenge" contextid="0" timestamp="2024-07-18T15:29:37.544" intervalms="22341.148" />
<gc-start id="2296" type="scavenge" contextid="2295" timestamp="2024-07-18T15:29:37.545">
  <mem-info id="2297" free="37185816" total="347668480" percent="10">
    <mem type="nursery" free="0" total="205389824" percent="0">
      <mem type="allocate" free="0" total="163971072" percent="0" />
      <mem type="survivor" free="0" total="41418752" percent="0" />
    </mem>
    <mem type="tenure" free="37185816" total="142278656" percent="26">
      <mem type="soa" free="35762456" total="140855296" percent="25" />
      <mem type="loa" free="1423360" total="1423360" percent="100" />
    </mem>
    <remembered-set count="39085" />
  </mem-info>
</gc-start>
<allocation-stats totalBytes="138715976" discardedBytes="135216" >
  <allocated-bytes non-tlh="6197984" tlh="132517992" />
  <largest-consumer threadName="Connection worker" threadId="0000000001856B00" bytes="60473848" />
</allocation-stats>
<gc-op id="2298" type="scavenge" timems="11.305" contextid="2295" timestamp="2024-07-18T15:29:37.557">
  <scavenger-info tenureage="5" tenuremask="7fe0" tiltratio="79" />
  <memory-copied type="nursery" objects="345185" bytes="30904384" bytesdiscarded="589072" />
  <memory-copied type="tenure" objects="16346" bytes="1292088" bytesdiscarded="6536" />
  <finalization candidates="398" enqueued="387" />
  <ownableSynchronizers candidates="2024" cleared="1690" />
  <references type="soft" candidates="2346" cleared="0" enqueued="0" dynamicThreshold="9" maxThreshold="32" />
  <references type="weak" candidates="5405" cleared="3357" enqueued="3302" />
  <references type="phantom" candidates="1304" cleared="157" enqueued="157" />
  <object-monitors candidates="220" cleared="1"  />
</gc-op>
<gc-end id="2299" type="scavenge" contextid="2295" durationms="15.061" usertimems="97.996" systemtimems="0.000" stalltimems="38.822" timestamp="2024-07-18T15:29:37.560" activeThreads="12">
  <mem-info id="2300" free="167377064" total="347668480" percent="48">
    <mem type="nursery" free="131602320" total="205389824" percent="64">
      <mem type="allocate" free="131602320" total="163119104" percent="80" />
      <mem type="survivor" free="0" total="42270720" percent="0" />
    </mem>
    <mem type="tenure" free="35774744" total="142278656" percent="25" macro-fragmented="13375613">
      <mem type="soa" free="34351384" total="140855296" percent="24" />
      <mem type="loa" free="1423360" total="1423360" percent="100" />
    </mem>
    <pending-finalizers system="266" default="121" reference="3459" classloader="0" />
    <remembered-set count="36644" />
  </mem-info>
</gc-end>
<cycle-end id="2301" type="scavenge" contextid="2295" timestamp="2024-07-18T15:29:37.560" />
<allocation-satisfied id="2302" threadId="000000000094DC00" bytesRequested="1040" />
<af-end id="2303" timestamp="2024-07-18T15:29:37.561" threadId="000000000094E638" success="true" from="nursery"/>
<exclusive-end id="2304" timestamp="2024-07-18T15:29:37.561" durationms="18.302" />

<exclusive-start id="2305" timestamp="2024-07-18T15:29:39.349" intervalms="1806.341">
  <response-info timems="0.060" idlems="0.060" threads="0" lastid="0000000000DA4F00" lastname="Default Executor-thread-24" />
</exclusive-start>
<af-start id="2306" threadId="0000000000DA5938" totalBytesRequested="48" timestamp="2024-07-18T15:29:39.350" intervalms="1806.143" type="nursery" />
<cycle-start id="2307" type="scavenge" contextid="0" timestamp="2024-07-18T15:29:39.350" intervalms="1806.051" />
<gc-start id="2308" type="scavenge" contextid="2307" timestamp="2024-07-18T15:29:39.351">
  <mem-info id="2309" free="35198336" total="347668480" percent="10">
    <mem type="nursery" free="0" total="205389824" percent="0">
      <mem type="allocate" free="0" total="163119104" percent="0" />
      <mem type="survivor" free="0" total="42270720" percent="0" />
    </mem>
    <mem type="tenure" free="35198336" total="142278656" percent="24">
      <mem type="soa" free="33774976" total="140855296" percent="23" />
      <mem type="loa" free="1423360" total="1423360" percent="100" />
    </mem>
    <remembered-set count="45902" />
  </mem-info>
</gc-start>
<allocation-stats totalBytes="132013800" discardedBytes="128392" >
  <allocated-bytes non-tlh="3000000" tlh="129013800" />
  <largest-consumer threadName="Default Executor-thread-17" threadId="000000000094DC00" bytes="109834784" />
</allocation-stats>
<gc-op id="2310" type="scavenge" timems="12.983" contextid="2307" timestamp="2024-07-18T15:29:39.364">
  <scavenger-info tenureage="5" tenuremask="7fe0" tiltratio="79" />
  <memory-copied type="nursery" objects="381476" bytes="32114448" bytesdiscarded="254248" />
  <memory-copied type="tenure" objects="26422" bytes="1987464" bytesdiscarded="4096" />
  <finalization candidates="317" enqueued="306" />
  <ownableSynchronizers candidates="806" cleared="260" />
  <references type="soft" candidates="3803" cleared="0" enqueued="0" dynamicThreshold="9" maxThreshold="32" />
  <references type="weak" candidates="3808" cleared="1102" enqueued="1093" />
  <references type="phantom" candidates="1291" cleared="119" enqueued="119" />
  <object-monitors candidates="232" cleared="7"  />
</gc-op>
<gc-end id="2311" type="scavenge" contextid="2307" durationms="14.361" usertimems="113.176" systemtimems="0.000" stalltimems="42.123" timestamp="2024-07-18T15:29:39.365" activeThreads="12">
  <mem-info id="2312" free="166871176" total="347668480" percent="47">
    <mem type="nursery" free="133610760" total="205389824" percent="65">
      <mem type="allocate" free="133610760" total="166002688" percent="80" />
      <mem type="survivor" free="0" total="39387136" percent="0" />
    </mem>
    <mem type="tenure" free="33260416" total="142278656" percent="23" macro-fragmented="27735676">
      <mem type="soa" free="31837056" total="140855296" percent="22" />
      <mem type="loa" free="1423360" total="1423360" percent="100" />
    </mem>
    <pending-finalizers system="276" default="30" reference="1212" classloader="0" />
    <remembered-set count="38224" />
  </mem-info>
</gc-end>
<cycle-end id="2313" type="scavenge" contextid="2307" timestamp="2024-07-18T15:29:39.366" />
<allocation-satisfied id="2314" threadId="0000000000DA4F00" bytesRequested="48" />
<af-end id="2315" timestamp="2024-07-18T15:29:39.366" threadId="0000000000DA5938" success="true" from="nursery"/>
<exclusive-end id="2316" timestamp="2024-07-18T15:29:39.367" durationms="17.365" />

<exclusive-start id="2317" timestamp="2024-07-18T15:29:39.934" intervalms="585.073">
  <response-info timems="0.077" idlems="0.077" threads="0" lastid="0000000000DA4F00" lastname="Default Executor-thread-24" />
</exclusive-start>
<af-start id="2318" threadId="0000000000DA5938" totalBytesRequested="32" timestamp="2024-07-18T15:29:39.935" intervalms="585.188" type="nursery" />
<cycle-start id="2319" type="scavenge" contextid="0" timestamp="2024-07-18T15:29:39.935" intervalms="585.287" />
<gc-start id="2320" type="scavenge" contextid="2319" timestamp="2024-07-18T15:29:39.936">
  <mem-info id="2321" free="33206984" total="347668480" percent="9">
    <mem type="nursery" free="0" total="205389824" percent="0">
      <mem type="allocate" free="0" total="166002688" percent="0" />
      <mem type="survivor" free="0" total="39387136" percent="0" />
    </mem>
    <mem type="tenure" free="33206984" total="142278656" percent="23">
      <mem type="soa" free="31783624" total="140855296" percent="22" />
      <mem type="loa" free="1423360" total="1423360" percent="100" />
    </mem>
    <remembered-set count="39026" />
  </mem-info>
</gc-start>
<allocation-stats totalBytes="133553544" discardedBytes="106952" >
  <allocated-bytes non-tlh="886456" tlh="132667088" />
  <largest-consumer threadName="Default Executor-thread-24" threadId="0000000000DA4F00" bytes="120702496" />
</allocation-stats>
<gc-op id="2322" type="scavenge" timems="12.552" contextid="2319" timestamp="2024-07-18T15:29:39.950">
  <scavenger-info tenureage="5" tenuremask="7fe0" tiltratio="80" />
  <memory-copied type="nursery" objects="346585" bytes="28439320" bytesdiscarded="250648" />
  <memory-copied type="tenure" objects="51981" bytes="4109616" bytesdiscarded="7112" />
  <finalization candidates="19" enqueued="8" />
  <ownableSynchronizers candidates="617" cleared="64" />
  <references type="soft" candidates="3848" cleared="0" enqueued="0" dynamicThreshold="9" maxThreshold="32" />
  <references type="weak" candidates="2833" cleared="151" enqueued="145" />
  <references type="phantom" candidates="1185" cleared="4" enqueued="4" />
  <object-monitors candidates="226" cleared="0"  />
</gc-op>
<gc-end id="2323" type="scavenge" contextid="2319" durationms="14.119" usertimems="102.580" systemtimems="15.207" stalltimems="45.645" timestamp="2024-07-18T15:29:39.950" activeThreads="12">
  <mem-info id="2324" free="166414768" total="347668480" percent="47">
    <mem type="nursery" free="137684952" total="205389824" percent="67">
      <mem type="allocate" free="137684952" total="166395904" percent="82" />
      <mem type="survivor" free="0" total="38993920" percent="0" />
    </mem>
    <mem type="tenure" free="28729816" total="142278656" percent="20" macro-fragmented="16050736">
      <mem type="soa" free="27306456" total="140855296" percent="19" />
      <mem type="loa" free="1423360" total="1423360" percent="100" />
    </mem>
    <pending-finalizers system="8" default="0" reference="149" classloader="0" />
    <remembered-set count="35073" />
  </mem-info>
</gc-end>
<cycle-end id="2325" type="scavenge" contextid="2319" timestamp="2024-07-18T15:29:39.951" />
<allocation-satisfied id="2326" threadId="0000000000DA4F00" bytesRequested="32" />
<af-end id="2327" timestamp="2024-07-18T15:29:39.952" threadId="0000000000DA5938" success="true" from="nursery"/>
<exclusive-end id="2328" timestamp="2024-07-18T15:29:39.952" durationms="17.507" />

<exclusive-start id="2329" timestamp="2024-07-18T15:29:54.364" intervalms="14429.884">
  <response-info timems="0.057" idlems="0.057" threads="0" lastid="0000000000942D00" lastname="Default Executor-thread-18" />
</exclusive-start>
<af-start id="2330" threadId="0000000000943738" totalBytesRequested="35792" timestamp="2024-07-18T15:29:54.365" intervalms="14429.799" type="nursery" />
<cycle-start id="2331" type="scavenge" contextid="0" timestamp="2024-07-18T15:29:54.365" intervalms="14429.649" />
<gc-start id="2332" type="scavenge" contextid="2331" timestamp="2024-07-18T15:29:54.365">
  <mem-info id="2333" free="28549552" total="347668480" percent="8">
    <mem type="nursery" free="0" total="205389824" percent="0">
      <mem type="allocate" free="0" total="166395904" percent="0" />
      <mem type="survivor" free="0" total="38993920" percent="0" />
    </mem>
    <mem type="tenure" free="28549552" total="142278656" percent="20">
      <mem type="soa" free="27126192" total="140855296" percent="19" />
      <mem type="loa" free="1423360" total="1423360" percent="100" />
    </mem>
    <remembered-set count="38618" />
  </mem-info>
</gc-start>
<allocation-stats totalBytes="135541360" discardedBytes="2323856" >
  <allocated-bytes non-tlh="6517728" tlh="129023632" />
  <largest-consumer threadName="Default Executor-thread-24" threadId="0000000000DA4F00" bytes="80693944" />
</allocation-stats>
<gc-op id="2334" type="scavenge" timems="12.578" contextid="2331" timestamp="2024-07-18T15:29:54.379">
  <scavenger-info tenureage="4" tenuremask="7ff0" tiltratio="81" />
  <memory-copied type="nursery" objects="198496" bytes="13414752" bytesdiscarded="322080" />
  <memory-copied type="tenure" objects="131038" bytes="14322576" bytesdiscarded="5728" />
  <finalization candidates="25" enqueued="14" />
  <ownableSynchronizers candidates="1760" cleared="1213" />
  <references type="soft" candidates="2540" cleared="0" enqueued="0" dynamicThreshold="9" maxThreshold="32" />
  <references type="weak" candidates="1981" cleared="194" enqueued="193" />
  <references type="phantom" candidates="784" cleared="38" enqueued="38" />
  <object-monitors candidates="228" cleared="1"  />
</gc-op>
<gc-end id="2335" type="scavenge" contextid="2331" durationms="20.215" usertimems="89.473" systemtimems="16.401" stalltimems="50.680" timestamp="2024-07-18T15:29:54.386" activeThreads="12">
  <mem-info id="2336" free="168311696" total="347668480" percent="48">
    <mem type="nursery" free="153827072" total="205389824" percent="74">
      <mem type="allocate" free="153827072" total="167575552" percent="91" />
      <mem type="survivor" free="0" total="37814272" percent="0" />
    </mem>
    <mem type="tenure" free="14484624" total="142278656" percent="10" macro-fragmented="11146344">
      <mem type="soa" free="13061264" total="140855296" percent="9" />
      <mem type="loa" free="1423360" total="1423360" percent="100" />
    </mem>
    <pending-finalizers system="14" default="0" reference="231" classloader="0" />
    <remembered-set count="25530" />
  </mem-info>
</gc-end>
<cycle-end id="2337" type="scavenge" contextid="2331" timestamp="2024-07-18T15:29:54.386" />
<allocation-satisfied id="2338" threadId="0000000000942D00" bytesRequested="35792" />
<af-end id="2339" timestamp="2024-07-18T15:29:54.387" threadId="0000000000943738" success="true" from="nursery"/>
<exclusive-end id="2340" timestamp="2024-07-18T15:29:54.387" durationms="23.094" />

<concurrent-kickoff id="2341" timestamp="2024-07-18T15:29:56.058">
  <kickoff reason="threshold reached" targetBytes="76197863" thresholdFreeBytes="10521887"  remainingFree="10477840" tenureFreeBytes="14274280" nurseryFreeBytes="10477840" />
</concurrent-kickoff>
<exclusive-start id="2342" timestamp="2024-07-18T15:29:56.059" intervalms="1694.626">
  <response-info timems="0.062" idlems="0.062" threads="0" lastid="000000000084F900" lastname="Default Executor-thread-10" />
</exclusive-start>
<cycle-start id="2343" type="global" contextid="0" timestamp="2024-07-18T15:29:56.059" intervalms="43063.216" />
<concurrent-start id="2344" type="global mark" contextid="2343" timestamp="2024-07-18T15:29:56.059">
</concurrent-start>
<exclusive-end id="2345" timestamp="2024-07-18T15:29:56.059" durationms="0.571" />

<concurrent-end id="2346" type="global mark" contextid="2343" timestamp="2024-07-18T15:29:56.164">
<gc-op id="2347" type="trace" timems="104.511" contextid="2343" timestamp="2024-07-18T15:29:56.164">
  <trace bytesTraced="76587268" workStackOverflowCount="0" />
  <card-cleaning reason="card cleaning threshold reached" bytesTraced="21736" cardsCleaned="48" />
</gc-op>
</concurrent-end>

<exclusive-start id="2348" timestamp="2024-07-18T15:29:56.164" intervalms="105.486">
  <response-info timems="0.068" idlems="0.068" threads="0" lastid="000000000084F900" lastname="Default Executor-thread-10" />
</exclusive-start>
<concurrent-global-final id="2349" timestamp="2024-07-18T15:29:56.165" contextid="2343" intervalms="43059.543" >
  <concurrent-trace-info reason="card cleaning threshold reached" tracedByMutators="32730156" tracedByHelpers="43878848" cardsCleaned="48" workStackOverflowCount="0" />
</concurrent-global-final>
<gc-start id="2350" type="global" contextid="2343" timestamp="2024-07-18T15:29:56.165">
  <mem-info id="2351" free="15183240" total="347668480" percent="4">
    <mem type="nursery" free="909584" total="205389824" percent="0">
      <mem type="allocate" free="909584" total="167575552" percent="0" />
      <mem type="survivor" free="0" total="37814272" percent="0" />
    </mem>
    <mem type="tenure" free="14273656" total="142278656" percent="10">
      <mem type="soa" free="12850296" total="140855296" percent="9" />
      <mem type="loa" free="1423360" total="1423360" percent="100" />
    </mem>
    <remembered-set count="28949" />
  </mem-info>
</gc-start>
<allocation-stats totalBytes="152998176" discardedBytes="130280" >
  <allocated-bytes non-tlh="1895944" tlh="151102232" />
  <largest-consumer threadName="Default Executor-thread-18" threadId="0000000000942D00" bytes="94736808" />
</allocation-stats>
<gc-op id="2352" type="rs-scan" timems="5.753" contextid="2343" timestamp="2024-07-18T15:29:56.172">
  <scan objectsFound="214377" bytesTraced="7702792" workStackOverflowCount="0" />
</gc-op>
<gc-op id="2353" type="card-cleaning" timems="0.793" contextid="2343" timestamp="2024-07-18T15:29:56.173">
  <card-cleaning cardsCleaned="0" bytesTraced="0" workStackOverflowCount="0" />
</gc-op>
<gc-op id="2354" type="mark" timems="13.726" contextid="2343" timestamp="2024-07-18T15:29:56.187">
  <trace-info objectcount="49583" scancount="45573" scanbytes="2038952" />
  <finalization candidates="1317" enqueued="426" />
  <ownableSynchronizers candidates="8977" cleared="346" />
  <references type="soft" candidates="18523" cleared="1180" enqueued="1175" dynamicThreshold="9" maxThreshold="32" />
  <references type="weak" candidates="20106" cleared="1622" enqueued="1613" />
  <references type="phantom" candidates="1384" cleared="50" enqueued="50" />
  <stringconstants candidates="54090" cleared="300"  />
  <object-monitors candidates="229" cleared="9"  />
</gc-op>
<gc-op id="2355" type="classunload" timems="2.614" contextid="2343" timestamp="2024-07-18T15:29:56.190">
  <classunload-info classloadercandidates="513" classloadersunloaded="9" classesunloaded="4" anonymousclassesunloaded="0" quiescems="0.000" setupms="2.524" scanms="0.065" postms="0.024" />
</gc-op>
<gc-op id="2356" type="sweep" timems="2.566" contextid="2343" timestamp="2024-07-18T15:29:56.193" />
<heap-resize id="2357" type="expand" space="tenure" amount="20643840" count="1" timems="0.322" reason="insufficient free space following gc" timestamp="2024-07-18T15:29:56.193" />
<gc-end id="2358" type="global" contextid="2343" durationms="28.687" usertimems="103.068" systemtimems="11.901" stalltimems="118.649" timestamp="2024-07-18T15:29:56.194" activeThreads="12">
  <mem-info id="2359" free="196617936" total="368312320" percent="53">
    <mem type="nursery" free="147696776" total="205389824" percent="71">
      <mem type="allocate" free="147696776" total="167575552" percent="88" />
      <mem type="survivor" free="0" total="37814272" percent="0" />
    </mem>
    <mem type="tenure" free="48921160" total="162922496" percent="30" micro-fragmented="2961349" macro-fragmented="0">
      <mem type="soa" free="47290952" total="161292288" percent="29" />
      <mem type="loa" free="1630208" total="1630208" percent="100" />
    </mem>
    <pending-finalizers system="83" default="343" reference="2838" classloader="0" />
    <remembered-set count="27080" />
  </mem-info>
</gc-end>
<cycle-end id="2360" type="global" contextid="2343" timestamp="2024-07-18T15:29:56.194" />
<exclusive-end id="2361" timestamp="2024-07-18T15:29:56.195" durationms="30.397" />

<exclusive-start id="2362" timestamp="2024-07-18T15:30:14.124" intervalms="17959.697">
  <response-info timems="0.059" idlems="0.059" threads="0" lastid="0000000000CCA300" lastname="Default Executor-thread-22" />
</exclusive-start>
<af-start id="2363" threadId="0000000000CCAD38" totalBytesRequested="152" timestamp="2024-07-18T15:30:14.124" intervalms="19759.844" type="nursery" />
<cycle-start id="2364" type="scavenge" contextid="0" timestamp="2024-07-18T15:30:14.125" intervalms="19760.025" />
<gc-start id="2365" type="scavenge" contextid="2364" timestamp="2024-07-18T15:30:14.126">
  <mem-info id="2366" free="48818408" total="368312320" percent="13">
    <mem type="nursery" free="0" total="205389824" percent="0">
      <mem type="allocate" free="0" total="167575552" percent="0" />
      <mem type="survivor" free="0" total="37814272" percent="0" />
    </mem>
    <mem type="tenure" free="48818408" total="162922496" percent="29">
      <mem type="soa" free="47188200" total="161292288" percent="29" />
      <mem type="loa" free="1630208" total="1630208" percent="100" />
    </mem>
    <remembered-set count="30865" />
  </mem-info>
</gc-start>
<allocation-stats totalBytes="147366496" discardedBytes="409816" >
  <allocated-bytes non-tlh="2654504" tlh="144711992" />
  <largest-consumer threadName="Default Executor-thread-21" threadId="0000000000CC6100" bytes="42707648" />
</allocation-stats>
<gc-op id="2367" type="scavenge" timems="8.085" contextid="2364" timestamp="2024-07-18T15:30:14.134">
  <scavenger-info tenureage="4" tenuremask="7fd0" tiltratio="81" />
  <memory-copied type="nursery" objects="137640" bytes="8447488" bytesdiscarded="711824" />
  <memory-copied type="tenure" objects="106079" bytes="6641792" bytesdiscarded="42272" />
  <finalization candidates="133" enqueued="128" />
  <ownableSynchronizers candidates="19110" cleared="18511" />
  <references type="soft" candidates="3161" cleared="0" enqueued="0" dynamicThreshold="9" maxThreshold="32" />
  <references type="weak" candidates="2413" cleared="525" enqueued="521" />
  <references type="phantom" candidates="291" cleared="19" enqueued="19" />
  <object-monitors candidates="225" cleared="0"  />
</gc-op>
<gc-end id="2368" type="scavenge" contextid="2364" durationms="9.634" usertimems="60.231" systemtimems="0.000" stalltimems="31.439" timestamp="2024-07-18T15:30:14.135" activeThreads="12">
  <mem-info id="2369" free="204938624" total="368312320" percent="55">
    <mem type="nursery" free="162861456" total="205389824" percent="79">
      <mem type="allocate" free="162861456" total="172032000" percent="94" />
      <mem type="survivor" free="0" total="33357824" percent="0" />
    </mem>
    <mem type="tenure" free="42077168" total="162922496" percent="25" macro-fragmented="27735676">
      <mem type="soa" free="40446960" total="161292288" percent="25" />
      <mem type="loa" free="1630208" total="1630208" percent="100" />
    </mem>
    <pending-finalizers system="54" default="74" reference="540" classloader="0" />
    <remembered-set count="9720" />
  </mem-info>
</gc-end>
<cycle-end id="2370" type="scavenge" contextid="2364" timestamp="2024-07-18T15:30:14.136" />
<allocation-satisfied id="2371" threadId="0000000000CCA300" bytesRequested="152" />
<af-end id="2372" timestamp="2024-07-18T15:30:14.136" threadId="0000000000CCAD38" success="true" from="nursery"/>
<exclusive-end id="2373" timestamp="2024-07-18T15:30:14.137" durationms="12.593" />

<exclusive-start id="2374" timestamp="2024-07-18T15:32:59.783" intervalms="165658.696">
  <response-info timems="0.119" idlems="0.119" threads="0" lastid="000000000084BD00" lastname="Default Executor-thread-9" />
</exclusive-start>
<af-start id="2375" threadId="000000000084C738" totalBytesRequested="72" timestamp="2024-07-18T15:32:59.783" intervalms="165658.762" type="nursery" />
<cycle-start id="2376" type="scavenge" contextid="0" timestamp="2024-07-18T15:32:59.784" intervalms="165659.313" />
<gc-start id="2377" type="scavenge" contextid="2376" timestamp="2024-07-18T15:32:59.786">
  <mem-info id="2378" free="41756336" total="368312320" percent="11">
    <mem type="nursery" free="0" total="205389824" percent="0">
      <mem type="allocate" free="0" total="172032000" percent="0" />
      <mem type="survivor" free="0" total="33357824" percent="0" />
    </mem>
    <mem type="tenure" free="41756336" total="162922496" percent="25">
      <mem type="soa" free="40126128" total="161292288" percent="24" />
      <mem type="loa" free="1630208" total="1630208" percent="100" />
    </mem>
    <remembered-set count="14445" />
  </mem-info>
</gc-start>
<allocation-stats totalBytes="162993056" discardedBytes="146632" >
  <allocated-bytes non-tlh="1903520" tlh="161089536" />
  <largest-consumer threadName="Default Executor-thread-22" threadId="0000000000CCA300" bytes="45275040" />
</allocation-stats>
<gc-op id="2379" type="scavenge" timems="9.328" contextid="2376" timestamp="2024-07-18T15:32:59.797">
  <scavenger-info tenureage="7" tenuremask="7f80" tiltratio="83" />
  <memory-copied type="nursery" objects="149156" bytes="8998640" bytesdiscarded="292232" />
  <finalization candidates="8" enqueued="7" />
  <ownableSynchronizers candidates="14449" cleared="13880" />
  <references type="soft" candidates="3279" cleared="0" enqueued="0" dynamicThreshold="9" maxThreshold="32" />
  <references type="weak" candidates="2514" cleared="298" enqueued="291" />
  <references type="phantom" candidates="310" cleared="7" enqueued="7" />
  <object-monitors candidates="226" cleared="1"  />
</gc-op>
<gc-end id="2380" type="scavenge" contextid="2376" durationms="31.004" usertimems="119.644" systemtimems="0.000" stalltimems="35.074" timestamp="2024-07-18T15:32:59.817" activeThreads="12">
  <mem-info id="2381" free="208942576" total="368312320" percent="56">
    <mem type="nursery" free="167186240" total="205389824" percent="81">
      <mem type="allocate" free="167186240" total="176488448" percent="94" />
      <mem type="survivor" free="0" total="28901376" percent="0" />
    </mem>
    <mem type="tenure" free="41756336" total="162922496" percent="25" macro-fragmented="0">
      <mem type="soa" free="40126128" total="161292288" percent="24" />
      <mem type="loa" free="1630208" total="1630208" percent="100" />
    </mem>
    <pending-finalizers system="7" default="0" reference="298" classloader="0" />
    <remembered-set count="11789" />
  </mem-info>
</gc-end>
<cycle-end id="2382" type="scavenge" contextid="2376" timestamp="2024-07-18T15:32:59.818" />
<allocation-satisfied id="2383" threadId="000000000084BD00" bytesRequested="72" />
<af-end id="2384" timestamp="2024-07-18T15:32:59.819" threadId="000000000084C738" success="true" from="nursery"/>
<exclusive-end id="2385" timestamp="2024-07-18T15:32:59.819" durationms="36.529" />

<exclusive-start id="2386" timestamp="2024-07-18T15:36:26.169" intervalms="206386.293">
  <response-info timems="0.076" idlems="0.076" threads="0" lastid="000000000082D100" lastname="Default Executor-thread-4" />
</exclusive-start>
<af-start id="2387" threadId="000000000082DB38" totalBytesRequested="12288" timestamp="2024-07-18T15:36:26.169" intervalms="206386.141" type="nursery" />
<cycle-start id="2388" type="scavenge" contextid="0" timestamp="2024-07-18T15:36:26.170" intervalms="206385.824" />
<gc-start id="2389" type="scavenge" contextid="2388" timestamp="2024-07-18T15:36:26.171">
  <mem-info id="2390" free="41721056" total="368312320" percent="11">
    <mem type="nursery" free="0" total="205389824" percent="0">
      <mem type="allocate" free="0" total="176488448" percent="0" />
      <mem type="survivor" free="0" total="28901376" percent="0" />
    </mem>
    <mem type="tenure" free="41721056" total="162922496" percent="25">
      <mem type="soa" free="40090848" total="161292288" percent="24" />
      <mem type="loa" free="1630208" total="1630208" percent="100" />
    </mem>
    <remembered-set count="13726" />
  </mem-info>
</gc-start>
<allocation-stats totalBytes="167115752" discardedBytes="99872" >
  <allocated-bytes non-tlh="664560" tlh="166451192" />
  <largest-consumer threadName="Timer-7" threadId="0000000000F41500" bytes="37687488" />
</allocation-stats>
<gc-op id="2391" type="scavenge" timems="8.555" contextid="2388" timestamp="2024-07-18T15:36:26.180">
  <scavenger-info tenureage="8" tenuremask="7f00" tiltratio="85" />
  <memory-copied type="nursery" objects="158008" bytes="9368072" bytesdiscarded="165464" />
  <finalization candidates="14" enqueued="11" />
  <ownableSynchronizers candidates="17910" cleared="17371" />
  <references type="soft" candidates="3446" cleared="0" enqueued="0" dynamicThreshold="9" maxThreshold="32" />
  <references type="weak" candidates="2416" cleared="122" enqueued="99" />
  <references type="phantom" candidates="347" cleared="9" enqueued="9" />
  <object-monitors candidates="226" cleared="4"  />
</gc-op>
<gc-end id="2392" type="scavenge" contextid="2388" durationms="20.086" usertimems="48.874" systemtimems="26.309" stalltimems="36.254" timestamp="2024-07-18T15:36:26.191" activeThreads="12">
  <mem-info id="2393" free="212204240" total="368312320" percent="57">
    <mem type="nursery" free="170483184" total="205389824" percent="83">
      <mem type="allocate" free="170483184" total="180027392" percent="94" />
      <mem type="survivor" free="0" total="25362432" percent="0" />
    </mem>
    <mem type="tenure" free="41721056" total="162922496" percent="25" macro-fragmented="16050736">
      <mem type="soa" free="40090848" total="161292288" percent="24" />
      <mem type="loa" free="1630208" total="1630208" percent="100" />
    </mem>
    <pending-finalizers system="11" default="0" reference="108" classloader="0" />
    <remembered-set count="9141" />
  </mem-info>
</gc-end>
<cycle-end id="2394" type="scavenge" contextid="2388" timestamp="2024-07-18T15:36:26.192" />
<allocation-satisfied id="2395" threadId="000000000082D100" bytesRequested="12288" />
<af-end id="2396" timestamp="2024-07-18T15:36:26.193" threadId="000000000082DB38" success="true" from="nursery"/>
<exclusive-end id="2397" timestamp="2024-07-18T15:36:26.193" durationms="24.169" />

<exclusive-start id="2398" timestamp="2024-07-18T15:37:51.828" intervalms="85658.730">
  <response-info timems="0.108" idlems="0.108" threads="0" lastid="0000000000CC6100" lastname="Default Executor-thread-21" />
</exclusive-start>
<af-start id="2399" threadId="0000000000CC6B38" totalBytesRequested="48" timestamp="2024-07-18T15:37:51.828" intervalms="85658.665" type="nursery" />
<cycle-start id="2400" type="scavenge" contextid="0" timestamp="2024-07-18T15:37:51.829" intervalms="85658.416" />
<gc-start id="2401" type="scavenge" contextid="2400" timestamp="2024-07-18T15:37:51.829">
  <mem-info id="2402" free="41624344" total="368312320" percent="11">
    <mem type="nursery" free="0" total="205389824" percent="0">
      <mem type="allocate" free="0" total="180027392" percent="0" />
      <mem type="survivor" free="0" total="25362432" percent="0" />
    </mem>
    <mem type="tenure" free="41624344" total="162922496" percent="25">
      <mem type="soa" free="39994136" total="161292288" percent="24" />
      <mem type="loa" free="1630208" total="1630208" percent="100" />
    </mem>
    <remembered-set count="11444" />
  </mem-info>
</gc-start>
<allocation-stats totalBytes="170407240" discardedBytes="159648" >
  <allocated-bytes non-tlh="1743184" tlh="168664056" />
  <largest-consumer threadName="Default Executor-thread-16" threadId="0000000000945E00" bytes="43128024" />
</allocation-stats>
<gc-op id="2403" type="scavenge" timems="10.574" contextid="2400" timestamp="2024-07-18T15:37:51.840">
  <scavenger-info tenureage="9" tenuremask="7e00" tiltratio="87" />
  <memory-copied type="nursery" objects="218660" bytes="11603896" bytesdiscarded="216768" />
  <finalization candidates="220" enqueued="215" />
  <ownableSynchronizers candidates="8278" cleared="7591" />
  <references type="soft" candidates="3645" cleared="0" enqueued="0" dynamicThreshold="9" maxThreshold="32" />
  <references type="weak" candidates="3117" cleared="380" enqueued="338" />
  <references type="phantom" candidates="339" cleared="9" enqueued="9" />
  <object-monitors candidates="252" cleared="22"  />
</gc-op>
<gc-end id="2404" type="scavenge" contextid="2400" durationms="19.150" usertimems="49.238" systemtimems="26.282" stalltimems="53.776" timestamp="2024-07-18T15:37:51.848" activeThreads="12">
  <mem-info id="2405" free="211639728" total="368312320" percent="57">
    <mem type="nursery" free="170015384" total="205389824" percent="82">
      <mem type="allocate" free="170015384" total="181862400" percent="93" />
      <mem type="survivor" free="0" total="23527424" percent="0" />
    </mem>
    <mem type="tenure" free="41624344" total="162922496" percent="25" macro-fragmented="27735676">
      <mem type="soa" free="39994136" total="161292288" percent="24" />
      <mem type="loa" free="1630208" total="1630208" percent="100" />
    </mem>
    <pending-finalizers system="31" default="184" reference="347" classloader="0" />
    <remembered-set count="7205" />
  </mem-info>
</gc-end>
<cycle-end id="2406" type="scavenge" contextid="2400" timestamp="2024-07-18T15:37:51.849" />
<allocation-satisfied id="2407" threadId="0000000000CC6100" bytesRequested="48" />
<af-end id="2408" timestamp="2024-07-18T15:37:51.850" threadId="0000000000CC6B38" success="true" from="nursery"/>
<exclusive-end id="2409" timestamp="2024-07-18T15:37:51.850" durationms="22.355" />

<exclusive-start id="2410" timestamp="2024-07-18T15:39:01.101" intervalms="69273.257">
  <response-info timems="0.167" idlems="0.167" threads="0" lastid="0000000000538700" lastname="Active Thread: Equinox Container: 2ef77660-fdfb-41f4-a40a-6619a" />
</exclusive-start>
<af-start id="2411" threadId="0000000000539138" totalBytesRequested="32" timestamp="2024-07-18T15:39:01.101" intervalms="69273.271" type="nursery" />
<cycle-start id="2412" type="scavenge" contextid="0" timestamp="2024-07-18T15:39:01.102" intervalms="69273.526" />
<gc-start id="2413" type="scavenge" contextid="2412" timestamp="2024-07-18T15:39:01.103">
  <mem-info id="2414" free="41579480" total="368312320" percent="11">
    <mem type="nursery" free="0" total="205389824" percent="0">
      <mem type="allocate" free="0" total="181862400" percent="0" />
      <mem type="survivor" free="0" total="23527424" percent="0" />
    </mem>
    <mem type="tenure" free="41579480" total="162922496" percent="25">
      <mem type="soa" free="39949272" total="161292288" percent="24" />
      <mem type="loa" free="1630208" total="1630208" percent="100" />
    </mem>
    <remembered-set count="8856" />
  </mem-info>
</gc-start>
<allocation-stats totalBytes="169959064" discardedBytes="99688" >
  <allocated-bytes non-tlh="2026096" tlh="167932968" />
  <largest-consumer threadName="Default Executor-thread-21" threadId="0000000000CC6100" bytes="43522600" />
</allocation-stats>
<gc-op id="2415" type="scavenge" timems="16.322" contextid="2412" timestamp="2024-07-18T15:39:01.120">
  <scavenger-info tenureage="10" tenuremask="7c00" tiltratio="88" />
  <memory-copied type="nursery" objects="314720" bytes="14742368" bytesdiscarded="90048" />
  <finalization candidates="195" enqueued="186" />
  <ownableSynchronizers candidates="6938" cleared="6082" />
  <references type="soft" candidates="3828" cleared="0" enqueued="0" dynamicThreshold="9" maxThreshold="32" />
  <references type="weak" candidates="3304" cleared="348" enqueued="318" />
  <references type="phantom" candidates="354" cleared="9" enqueued="9" />
  <object-monitors candidates="248" cleared="16"  />
</gc-op>
<gc-end id="2416" type="scavenge" contextid="2412" durationms="55.716" usertimems="147.153" systemtimems="0.000" stalltimems="69.784" timestamp="2024-07-18T15:39:01.159" activeThreads="11">
  <mem-info id="2417" free="209104272" total="368312320" percent="56">
    <mem type="nursery" free="167524792" total="205389824" percent="81">
      <mem type="allocate" free="167524792" total="182386688" percent="91" />
      <mem type="survivor" free="0" total="23003136" percent="0" />
    </mem>
    <mem type="tenure" free="41579480" total="162922496" percent="25" macro-fragmented="19260884">
      <mem type="soa" free="39949272" total="161292288" percent="24" />
      <mem type="loa" free="1630208" total="1630208" percent="100" />
    </mem>
    <pending-finalizers system="2" default="184" reference="327" classloader="0" />
    <remembered-set count="7632" />
  </mem-info>
</gc-end>
<cycle-end id="2418" type="scavenge" contextid="2412" timestamp="2024-07-18T15:39:01.160" />
<allocation-satisfied id="2419" threadId="0000000000538700" bytesRequested="32" />
<af-end id="2420" timestamp="2024-07-18T15:39:01.160" threadId="0000000000539138" success="true" from="nursery"/>
<exclusive-end id="2421" timestamp="2024-07-18T15:39:01.160" durationms="59.246" />

<exclusive-start id="2422" timestamp="2024-07-18T15:40:22.287" intervalms="81185.625">
  <response-info timems="0.137" idlems="0.137" threads="0" lastid="0000000000F41500" lastname="Timer-7" />
</exclusive-start>
<af-start id="2423" threadId="0000000000F41F38" totalBytesRequested="16" timestamp="2024-07-18T15:40:22.287" intervalms="81186.006" type="nursery" />
<cycle-start id="2424" type="scavenge" contextid="0" timestamp="2024-07-18T15:40:22.288" intervalms="81186.123" />
<gc-start id="2425" type="scavenge" contextid="2424" timestamp="2024-07-18T15:40:22.289">
  <mem-info id="2426" free="41539576" total="368312320" percent="11">
    <mem type="nursery" free="0" total="205389824" percent="0">
      <mem type="allocate" free="0" total="182386688" percent="0" />
      <mem type="survivor" free="0" total="23003136" percent="0" />
    </mem>
    <mem type="tenure" free="41539576" total="162922496" percent="25">
      <mem type="soa" free="39909368" total="161292288" percent="24" />
      <mem type="loa" free="1630208" total="1630208" percent="100" />
    </mem>
    <remembered-set count="9248" />
  </mem-info>
</gc-start>
<allocation-stats totalBytes="167457120" discardedBytes="106120" >
  <allocated-bytes non-tlh="2332520" tlh="165124600" />
  <largest-consumer threadName="Default Executor-thread-20" threadId="0000000000CBA400" bytes="43144144" />
</allocation-stats>
<gc-op id="2427" type="scavenge" timems="15.632" contextid="2424" timestamp="2024-07-18T15:40:22.306">
  <scavenger-info tenureage="5" tenuremask="7960" tiltratio="88" />
  <memory-copied type="nursery" objects="239070" bytes="10434040" bytesdiscarded="188608" />
  <memory-copied type="tenure" objects="111407" bytes="5726448" bytesdiscarded="35048" />
  <finalization candidates="197" enqueued="184" />
  <ownableSynchronizers candidates="8169" cleared="7084" />
  <references type="soft" candidates="942" cleared="0" enqueued="0" dynamicThreshold="9" maxThreshold="32" />
  <references type="weak" candidates="1985" cleared="354" enqueued="330" />
  <references type="phantom" candidates="251" cleared="14" enqueued="14" />
  <object-monitors candidates="266" cleared="26"  />
</gc-op>
<gc-end id="2428" type="scavenge" contextid="2424" durationms="37.740" usertimems="142.971" systemtimems="3.118" stalltimems="45.226" timestamp="2024-07-18T15:40:22.327" activeThreads="11">
  <mem-info id="2429" free="208547056" total="368312320" percent="56">
    <mem type="nursery" free="172915816" total="205389824" percent="84">
      <mem type="allocate" free="172915816" total="183566336" percent="94" />
      <mem type="survivor" free="0" total="21823488" percent="0" />
    </mem>
    <mem type="tenure" free="35631240" total="162922496" percent="21" macro-fragmented="27735676">
      <mem type="soa" free="34001032" total="161292288" percent="21" />
      <mem type="loa" free="1630208" total="1630208" percent="100" />
    </mem>
    <pending-finalizers system="0" default="184" reference="344" classloader="0" />
    <remembered-set count="3980" />
  </mem-info>
</gc-end>
<cycle-end id="2430" type="scavenge" contextid="2424" timestamp="2024-07-18T15:40:22.328" />
<allocation-satisfied id="2431" threadId="0000000000F41500" bytesRequested="16" />
<af-end id="2432" timestamp="2024-07-18T15:40:22.328" threadId="0000000000F41F38" success="true" from="nursery"/>
<exclusive-end id="2433" timestamp="2024-07-18T15:40:22.329" durationms="42.114" />

<exclusive-start id="2434" timestamp="2024-07-18T15:41:57.849" intervalms="95562.657">
  <response-info timems="0.060" idlems="0.060" threads="0" lastid="000000000084F900" lastname="Default Executor-thread-10" />
</exclusive-start>
<af-start id="2435" threadId="0000000000850338" totalBytesRequested="8200" timestamp="2024-07-18T15:41:57.850" intervalms="95562.404" type="nursery" />
<cycle-start id="2436" type="scavenge" contextid="0" timestamp="2024-07-18T15:41:57.850" intervalms="95562.069" />
<gc-start id="2437" type="scavenge" contextid="2436" timestamp="2024-07-18T15:41:57.851">
  <mem-info id="2438" free="35606200" total="368312320" percent="9">
    <mem type="nursery" free="0" total="205389824" percent="0">
      <mem type="allocate" free="0" total="183566336" percent="0" />
      <mem type="survivor" free="0" total="21823488" percent="0" />
    </mem>
    <mem type="tenure" free="35606200" total="162922496" percent="21">
      <mem type="soa" free="33975992" total="161292288" percent="21" />
      <mem type="loa" free="1630208" total="1630208" percent="100" />
    </mem>
    <remembered-set count="5504" />
  </mem-info>
</gc-start>
<allocation-stats totalBytes="172748064" discardedBytes="192032" >
  <allocated-bytes non-tlh="2868888" tlh="169879176" />
  <largest-consumer threadName="Default Executor-thread-21" threadId="0000000000CC6100" bytes="43195408" />
</allocation-stats>
<gc-op id="2439" type="scavenge" timems="9.973" contextid="2436" timestamp="2024-07-18T15:41:57.862">
  <scavenger-info tenureage="8" tenuremask="7100" tiltratio="89" />
  <memory-copied type="nursery" objects="271047" bytes="11776216" bytesdiscarded="317504" />
  <memory-copied type="tenure" objects="3428" bytes="185360" bytesdiscarded="808" />
  <finalization candidates="197" enqueued="180" />
  <ownableSynchronizers candidates="9084" cleared="8352" />
  <references type="soft" candidates="961" cleared="0" enqueued="0" dynamicThreshold="9" maxThreshold="32" />
  <references type="weak" candidates="1957" cleared="266" enqueued="235" />
  <references type="phantom" candidates="254" cleared="9" enqueued="9" />
  <object-monitors candidates="245" cleared="5"  />
</gc-op>
<gc-end id="2440" type="scavenge" contextid="2436" durationms="18.234" usertimems="55.272" systemtimems="18.072" stalltimems="50.687" timestamp="2024-07-18T15:41:57.869" activeThreads="12">
  <mem-info id="2441" free="207865240" total="368312320" percent="56">
    <mem type="nursery" free="172691128" total="205389824" percent="84">
      <mem type="allocate" free="172691128" total="184811520" percent="93" />
      <mem type="survivor" free="0" total="20578304" percent="0" />
    </mem>
    <mem type="tenure" free="35174112" total="162922496" percent="21" macro-fragmented="11146344">
      <mem type="soa" free="33543904" total="161292288" percent="20" />
      <mem type="loa" free="1630208" total="1630208" percent="100" />
    </mem>
    <pending-finalizers system="0" default="180" reference="244" classloader="0" />
    <remembered-set count="3351" />
  </mem-info>
</gc-end>
<cycle-end id="2442" type="scavenge" contextid="2436" timestamp="2024-07-18T15:41:57.870" />
<allocation-satisfied id="2443" threadId="000000000084F900" bytesRequested="8200" />
<af-end id="2444" timestamp="2024-07-18T15:41:57.871" threadId="0000000000850338" success="true" from="nursery"/>
<exclusive-end id="2445" timestamp="2024-07-18T15:41:57.871" durationms="21.800" />

<exclusive-start id="2446" timestamp="2024-07-18T15:43:29.700" intervalms="91851.211">
  <response-info timems="0.060" idlems="0.060" threads="0" lastid="0000000001858300" lastname="Default Executor-thread-29" />
</exclusive-start>
<af-start id="2447" threadId="0000000001858D38" totalBytesRequested="16392" timestamp="2024-07-18T15:43:29.701" intervalms="91851.197" type="nursery" />
<cycle-start id="2448" type="scavenge" contextid="0" timestamp="2024-07-18T15:43:29.701" intervalms="91851.213" />
<gc-start id="2449" type="scavenge" contextid="2448" timestamp="2024-07-18T15:43:29.702">
  <mem-info id="2450" free="35136504" total="368312320" percent="9">
    <mem type="nursery" free="0" total="205389824" percent="0">
      <mem type="allocate" free="0" total="184811520" percent="0" />
      <mem type="survivor" free="0" total="20578304" percent="0" />
    </mem>
    <mem type="tenure" free="35136504" total="162922496" percent="21">
      <mem type="soa" free="33506296" total="161292288" percent="20" />
      <mem type="loa" free="1630208" total="1630208" percent="100" />
    </mem>
    <remembered-set count="5173" />
  </mem-info>
</gc-start>
<allocation-stats totalBytes="172592992" discardedBytes="135744" >
  <allocated-bytes non-tlh="2257872" tlh="170335120" />
  <largest-consumer threadName="Default Executor-thread-34" threadId="00000000018AF000" bytes="51510832" />
</allocation-stats>
<gc-op id="2451" type="scavenge" timems="11.692" contextid="2448" timestamp="2024-07-18T15:43:29.715">
  <scavenger-info tenureage="4" tenuremask="6050" tiltratio="89" />
  <memory-copied type="nursery" objects="274405" bytes="10476280" bytesdiscarded="251392" />
  <memory-copied type="tenure" objects="55722" bytes="3332336" bytesdiscarded="4776" />
  <finalization candidates="119" enqueued="98" />
  <ownableSynchronizers candidates="8994" cleared="8105" />
  <references type="soft" candidates="841" cleared="0" enqueued="0" dynamicThreshold="9" maxThreshold="32" />
  <references type="weak" candidates="1657" cleared="383" enqueued="344" />
  <references type="phantom" candidates="140" cleared="10" enqueued="10" />
  <object-monitors candidates="258" cleared="17"  />
</gc-op>
<gc-end id="2452" type="scavenge" contextid="2448" durationms="20.130" usertimems="100.021" systemtimems="0.000" stalltimems="43.698" timestamp="2024-07-18T15:43:29.722" activeThreads="12">
  <mem-info id="2453" free="205460680" total="368312320" percent="55">
    <mem type="nursery" free="174063952" total="205389824" percent="84">
      <mem type="allocate" free="174063952" total="184811520" percent="94" />
      <mem type="survivor" free="0" total="20578304" percent="0" />
    </mem>
    <mem type="tenure" free="31396728" total="162922496" percent="19" macro-fragmented="27735676">
      <mem type="soa" free="29766520" total="161292288" percent="18" />
      <mem type="loa" free="1630208" total="1630208" percent="100" />
    </mem>
    <pending-finalizers system="2" default="96" reference="354" classloader="0" />
    <remembered-set count="3178" />
  </mem-info>
</gc-end>
<cycle-end id="2454" type="scavenge" contextid="2448" timestamp="2024-07-18T15:43:29.723" />
<allocation-satisfied id="2455" threadId="0000000001858300" bytesRequested="16392" />
<af-end id="2456" timestamp="2024-07-18T15:43:29.724" threadId="0000000001858D38" success="true" from="nursery"/>
<exclusive-end id="2457" timestamp="2024-07-18T15:43:29.724" durationms="23.636" />

<exclusive-start id="2458" timestamp="2024-07-18T15:44:26.097" intervalms="56396.155">
  <response-info timems="0.058" idlems="0.058" threads="0" lastid="000000000084F900" lastname="Default Executor-thread-10" />
</exclusive-start>
<af-start id="2459" threadId="0000000000850338" totalBytesRequested="17848" timestamp="2024-07-18T15:44:26.097" intervalms="56396.278" type="nursery" />
<cycle-start id="2460" type="scavenge" contextid="0" timestamp="2024-07-18T15:44:26.098" intervalms="56396.228" />
<gc-start id="2461" type="scavenge" contextid="2460" timestamp="2024-07-18T15:44:26.098">
  <mem-info id="2462" free="31356112" total="368312320" percent="8">
    <mem type="nursery" free="0" total="205389824" percent="0">
      <mem type="allocate" free="0" total="184811520" percent="0" />
      <mem type="survivor" free="0" total="20578304" percent="0" />
    </mem>
    <mem type="tenure" free="31356112" total="162922496" percent="19">
      <mem type="soa" free="29725904" total="161292288" percent="18" />
      <mem type="loa" free="1630208" total="1630208" percent="100" />
    </mem>
    <remembered-set count="4920" />
  </mem-info>
</gc-start>
<allocation-stats totalBytes="173984480" discardedBytes="120088" >
  <allocated-bytes non-tlh="2367384" tlh="171617096" />
  <largest-consumer threadName="Default Executor-thread-52" threadId="000000000082D100" bytes="42420760" />
</allocation-stats>
<gc-op id="2463" type="scavenge" timems="9.823" contextid="2460" timestamp="2024-07-18T15:44:26.109">
  <scavenger-info tenureage="4" tenuremask="4010" tiltratio="89" />
  <memory-copied type="nursery" objects="279656" bytes="10595784" bytesdiscarded="247176" />
  <memory-copied type="tenure" objects="60594" bytes="2252808" bytesdiscarded="224" />
  <finalization candidates="206" enqueued="184" />
  <ownableSynchronizers candidates="5965" cleared="5108" />
  <references type="soft" candidates="858" cleared="0" enqueued="0" dynamicThreshold="9" maxThreshold="32" />
  <references type="weak" candidates="1684" cleared="364" enqueued="325" />
  <references type="phantom" candidates="128" cleared="7" enqueued="7" />
  <object-monitors candidates="248" cleared="6"  />
</gc-op>
<gc-end id="2464" type="scavenge" contextid="2460" durationms="17.392" usertimems="53.461" systemtimems="28.046" stalltimems="41.074" timestamp="2024-07-18T15:44:26.116" activeThreads="12">
  <mem-info id="2465" free="203039648" total="368312320" percent="55">
    <mem type="nursery" free="173943824" total="205389824" percent="84">
      <mem type="allocate" free="173943824" total="184811520" percent="94" />
      <mem type="survivor" free="0" total="20578304" percent="0" />
    </mem>
    <mem type="tenure" free="29095824" total="162922496" percent="17" macro-fragmented="23113062">
      <mem type="soa" free="27465616" total="161292288" percent="17" />
      <mem type="loa" free="1630208" total="1630208" percent="100" />
    </mem>
    <pending-finalizers system="0" default="184" reference="332" classloader="0" />
    <remembered-set count="3402" />
  </mem-info>
</gc-end>
<cycle-end id="2466" type="scavenge" contextid="2460" timestamp="2024-07-18T15:44:26.116" />
<allocation-satisfied id="2467" threadId="000000000084F900" bytesRequested="17848" />
<af-end id="2468" timestamp="2024-07-18T15:44:26.117" threadId="0000000000850338" success="true" from="nursery"/>
<exclusive-end id="2469" timestamp="2024-07-18T15:44:26.118" durationms="20.908" />

<exclusive-start id="2470" timestamp="2024-07-18T15:45:49.438" intervalms="83341.043">
  <response-info timems="0.083" idlems="0.083" threads="0" lastid="0000000001858300" lastname="Default Executor-thread-29" />
</exclusive-start>
<af-start id="2471" threadId="0000000001858D38" totalBytesRequested="56" timestamp="2024-07-18T15:45:49.438" intervalms="83341.058" type="nursery" />
<cycle-start id="2472" type="scavenge" contextid="0" timestamp="2024-07-18T15:45:49.439" intervalms="83341.276" />
<gc-start id="2473" type="scavenge" contextid="2472" timestamp="2024-07-18T15:45:49.440">
  <mem-info id="2474" free="29053248" total="368312320" percent="7">
    <mem type="nursery" free="0" total="205389824" percent="0">
      <mem type="allocate" free="0" total="184811520" percent="0" />
      <mem type="survivor" free="0" total="20578304" percent="0" />
    </mem>
    <mem type="tenure" free="29053248" total="162922496" percent="17">
      <mem type="soa" free="27423040" total="161292288" percent="17" />
      <mem type="loa" free="1630208" total="1630208" percent="100" />
    </mem>
    <remembered-set count="5257" />
  </mem-info>
</gc-start>
<allocation-stats totalBytes="173808808" discardedBytes="177592" >
  <allocated-bytes non-tlh="2239712" tlh="171569096" />
  <largest-consumer threadName="Default Executor-thread-34" threadId="00000000018AF000" bytes="44390784" />
</allocation-stats>
<gc-op id="2475" type="scavenge" timems="11.434" contextid="2472" timestamp="2024-07-18T15:45:49.452">
  <scavenger-info tenureage="3" tenuremask="4098" tiltratio="89" />
  <memory-copied type="nursery" objects="206211" bytes="7427800" bytesdiscarded="449872" />
  <memory-copied type="tenure" objects="135115" bytes="5364720" bytesdiscarded="688" />
  <finalization candidates="206" enqueued="184" />
  <ownableSynchronizers candidates="8223" cleared="7372" />
  <references type="soft" candidates="596" cleared="0" enqueued="0" dynamicThreshold="9" maxThreshold="32" />
  <references type="weak" candidates="1166" cleared="367" enqueued="330" />
  <references type="phantom" candidates="40" cleared="8" enqueued="8" />
  <object-monitors candidates="247" cleared="6"  />
</gc-op>
<gc-end id="2476" type="scavenge" contextid="2472" durationms="17.241" usertimems="77.176" systemtimems="18.878" stalltimems="43.706" timestamp="2024-07-18T15:45:49.457" activeThreads="12">
  <mem-info id="2477" free="201052192" total="368312320" percent="54">
    <mem type="nursery" free="176911376" total="205389824" percent="86">
      <mem type="allocate" free="176911376" total="184811520" percent="95" />
      <mem type="survivor" free="0" total="20578304" percent="0" />
    </mem>
    <mem type="tenure" free="24140816" total="162922496" percent="14" macro-fragmented="9288619">
      <mem type="soa" free="22510608" total="161292288" percent="13" />
      <mem type="loa" free="1630208" total="1630208" percent="100" />
    </mem>
    <pending-finalizers system="0" default="184" reference="338" classloader="0" />
    <remembered-set count="2658" />
  </mem-info>
</gc-end>
<cycle-end id="2478" type="scavenge" contextid="2472" timestamp="2024-07-18T15:45:49.458" />
<allocation-satisfied id="2479" threadId="0000000001858300" bytesRequested="56" />
<af-end id="2480" timestamp="2024-07-18T15:45:49.459" threadId="0000000001858D38" success="true" from="nursery"/>
<exclusive-end id="2481" timestamp="2024-07-18T15:45:49.459" durationms="21.498" />

</verbosegc>

