<?xml version="1.0" ?>

<verbosegc xmlns="http://www.ibm.com/j9/verbosegc" version="254af5a04_CMPRSS">

<initialized id="1" timestamp="2024-07-18T15:46:11.974">
  <attribute name="gcPolicy" value="-Xgcpolicy:gencon" />
  <attribute name="maxHeapSize" value="0xf7ac0000" />
  <attribute name="initialHeapSize" value="0x800000" />
  <attribute name="compressedRefs" value="true" />
  <attribute name="compressedRefsDisplacement" value="0x0" />
  <attribute name="compressedRefsShift" value="0x3" />
  <attribute name="pageSize" value="0x1000" />
  <attribute name="pageType" value="not used" />
  <attribute name="requestedPageSize" value="0x1000" />
  <attribute name="requestedPageType" value="not used" />
  <attribute name="gcthreads" value="12" />
  <attribute name="gcthreads Concurrent Mark" value="1" />
  <attribute name="packetListSplit" value="2" />
  <attribute name="cacheListSplit" value="2" />
  <attribute name="splitFreeListSplitAmount" value="2" />
  <attribute name="numaNodes" value="0" />
  <system>
    <attribute name="physicalMemory" value="16621170688" />
    <attribute name="addressablePhysicalMemory" value="16621170688" />
    <attribute name="container memory limit set" value="false" />
    <attribute name="numCPUs" value="12" />
    <attribute name="numCPUs active" value="12" />
    <attribute name="architecture" value="amd64" />
    <attribute name="os" value="Linux" />
    <attribute name="osVersion" value="5.15.153.1-microsoft-standard-WSL2" />
  </system>
  <vmargs>
    <vmarg name="-Xoptionsfile=/opt/java/openjdk/lib/options.default" />
    <vmarg name="-Xlockword:mode=default,noLockword=java/lang/String,noLockword=java/util/MapEntry,noLockword=java/util/HashMap$Entry,noLockword..." />
    <vmarg name="-XX:+EnsureHashed:java/lang/Class,java/lang/Thread" />
    <vmarg name="-Xjcl:jclse29" />
    <vmarg name="-Dcom.ibm.oti.vm.bootstrap.library.path=/opt/java/openjdk/lib/default:/opt/java/openjdk/lib" />
    <vmarg name="-Dsun.boot.library.path=/opt/java/openjdk/lib/default:/opt/java/openjdk/lib" />
    <vmarg name="-Djava.library.path=/opt/java/openjdk/lib/default:/opt/java/openjdk/lib:/usr/lib64:/usr/lib" />
    <vmarg name="-Djava.home=/opt/java/openjdk" />
    <vmarg name="-Duser.dir=/opt/ibm/wlp/output/defaultServer" />
    <vmarg name="-XX:+IgnoreUnrecognizedVMOptions" />
    <vmarg name="-XX:+PortableSharedCache" />
    <vmarg name="-XX:+IdleTuningGcOnIdle" />
    <vmarg name="-Xshareclasses:name=openj9_system_scc,cacheDir=/opt/java/.scc,readonly,nonFatal" />
    <vmarg name="-Xverbosegclog:/logs/verbosegc.%seq.log,10,1024" />
    <vmarg name="-XX:+IgnoreUnrecognizedVMOptions" />
    <vmarg name="-XX:+IdleTuningGcOnIdle" />
    <vmarg name="-Xshareclasses:name=openj9_system_scc,cacheDir=/opt/java/.scc,readonly,nonFatal" />
    <vmarg name="-Dosgi.checkConfiguration=false" />
    <vmarg name="-XX:+IgnoreUnrecognizedVMOptions" />
    <vmarg name="-XX:+IdleTuningGcOnIdle" />
    <vmarg name="-Xshareclasses:name=openj9_system_scc,cacheDir=/opt/java/.scc,readonly,nonFatal" />
    <vmarg name="-Dosgi.checkConfiguration=false" />
    <vmarg name="-javaagent:/opt/ibm/wlp/bin/tools/ws-javaagent.jar" />
    <vmarg name="-Djava.awt.headless=true" />
    <vmarg name="-Djdk.attach.allowAttachSelf=true" />
    <vmarg name="-Xbootclasspath/a:/opt/ibm/zosconnect/lib/icu4j-71.1.jar:/opt/ibm/zosconnect/lib/icu4j-charset-71.1.jar" />
    <vmarg name="--add-exports=java.base/sun.security.action=ALL-UNNAMED" />
    <vmarg name="--add-exports=java.naming/com.sun.jndi.ldap=ALL-UNNAMED" />
    <vmarg name="--add-exports=java.naming/com.sun.jndi.url.ldap=ALL-UNNAMED" />
    <vmarg name="--add-exports=jdk.naming.dns/com.sun.jndi.dns=ALL-UNNAMED" />
    <vmarg name="--add-exports=jdk.naming.dns/com.sun.jndi.url.dns=ALL-UNNAMED" />
    <vmarg name="--add-exports=java.security.jgss/sun.security.krb5.internal=ALL-UNNAMED" />
    <vmarg name="--add-exports=jdk.attach/sun.tools.attach=ALL-UNNAMED" />
    <vmarg name="--add-opens=java.base/java.util=ALL-UNNAMED" />
    <vmarg name="--add-opens=java.base/java.lang=ALL-UNNAMED" />
    <vmarg name="--add-opens=java.base/java.util.concurrent=ALL-UNNAMED" />
    <vmarg name="--add-opens=java.base/java.io=ALL-UNNAMED" />
    <vmarg name="--add-opens=java.base/java.nio=ALL-UNNAMED" />
    <vmarg name="--add-opens=java.base/sun.nio.ch=ALL-UNNAMED" />
    <vmarg name="--add-opens=java.naming/javax.naming.spi=ALL-UNNAMED" />
    <vmarg name="--add-opens=java.naming/com.sun.naming.internal=ALL-UNNAMED" />
    <vmarg name="--add-opens=jdk.naming.rmi/com.sun.jndi.url.rmi=ALL-UNNAMED" />
    <vmarg name="--add-opens=java.naming/javax.naming=ALL-UNNAMED" />
    <vmarg name="--add-opens=java.rmi/java.rmi=ALL-UNNAMED" />
    <vmarg name="--add-opens=java.sql/java.sql=ALL-UNNAMED" />
    <vmarg name="--add-opens=java.management/javax.management=ALL-UNNAMED" />
    <vmarg name="--add-opens=java.base/java.lang.reflect=ALL-UNNAMED" />
    <vmarg name="--add-opens=java.desktop/java.awt.image=ALL-UNNAMED" />
    <vmarg name="--add-opens=java.base/java.security=ALL-UNNAMED" />
    <vmarg name="--add-opens=java.base/java.net=ALL-UNNAMED" />
    <vmarg name="--add-opens=java.base/java.text=ALL-UNNAMED" />
    <vmarg name="--add-opens=java.base/sun.net.www.protocol.https=ALL-UNNAMED" />
    <vmarg name="--add-exports=jdk.management.agent/jdk.internal.agent=ALL-UNNAMED" />
    <vmarg name="--add-exports=java.base/jdk.internal.vm=ALL-UNNAMED" />
    <vmarg name="-Djava.class.path=/opt/ibm/wlp/bin/tools/ws-server.jar" />
    <vmarg name="-Dsun.java.command=/opt/ibm/wlp/bin/tools/ws-server.jar defaultServer --clean" />
    <vmarg name="-Dsun.java.launcher=SUN_STANDARD" />
  </vmargs>
</initialized>

<exclusive-start id="2" timestamp="2024-07-18T15:46:12.095" intervalms="121.153">
  <response-info timems="0.046" idlems="0.046" threads="0" lastid="000000000001E500" lastname="main" />
</exclusive-start>
<af-start id="3" threadId="000000000001EF38" totalBytesRequested="24" timestamp="2024-07-18T15:46:12.095" intervalms="121.642" type="nursery" />
<cycle-start id="4" type="scavenge" contextid="0" timestamp="2024-07-18T15:46:12.096" intervalms="122.080" />
<gc-start id="5" type="scavenge" contextid="4" timestamp="2024-07-18T15:46:12.096">
  <mem-info id="6" free="6075128" total="8388608" percent="72">
    <mem type="nursery" free="0" total="2097152" percent="0">
      <mem type="allocate" free="0" total="1048576" percent="0" />
      <mem type="survivor" free="0" total="1048576" percent="0" />
    </mem>
    <mem type="tenure" free="6075128" total="6291456" percent="96">
      <mem type="soa" free="5759736" total="5976064" percent="96" />
      <mem type="loa" free="315392" total="315392" percent="100" />
    </mem>
    <remembered-set count="3010" />
  </mem-info>
</gc-start>
<allocation-stats totalBytes="1264304" discardedBytes="600" >
  <allocated-bytes non-tlh="232720" tlh="1031584" />
  <largest-consumer threadName="main" threadId="000000000001E500" bytes="1211056" />
</allocation-stats>
<gc-op id="7" type="scavenge" timems="1.560" contextid="4" timestamp="2024-07-18T15:46:12.099">
  <scavenger-info tenureage="2" tenuremask="fffc" tiltratio="50" />
  <memory-copied type="nursery" objects="10138" bytes="480016" bytesdiscarded="74040" />
  <finalization candidates="170" enqueued="106" />
  <ownableSynchronizers candidates="1" cleared="0" />
  <references type="soft" candidates="20" cleared="0" enqueued="0" dynamicThreshold="32" maxThreshold="32" />
  <references type="weak" candidates="125" cleared="26" enqueued="26" />
  <references type="phantom" candidates="23" cleared="5" enqueued="5" />
  <object-monitors candidates="1" cleared="0"  />
</gc-op>
<gc-end id="8" type="scavenge" contextid="4" durationms="2.759" usertimems="0.000" systemtimems="3.013" stalltimems="2.973" timestamp="2024-07-18T15:46:12.099" activeThreads="4">
  <mem-info id="9" free="6568504" total="8388608" percent="78">
    <mem type="nursery" free="493376" total="2097152" percent="23">
      <mem type="allocate" free="493376" total="1048576" percent="47" />
      <mem type="survivor" free="0" total="1048576" percent="0" />
    </mem>
    <mem type="tenure" free="6075128" total="6291456" percent="96">
      <mem type="soa" free="5759736" total="5976064" percent="96" />
      <mem type="loa" free="315392" total="315392" percent="100" />
    </mem>
    <pending-finalizers system="106" default="0" reference="31" classloader="0" />
    <remembered-set count="3010" />
  </mem-info>
</gc-end>
<cycle-end id="10" type="scavenge" contextid="4" timestamp="2024-07-18T15:46:12.100" />
<allocation-satisfied id="11" threadId="000000000001E500" bytesRequested="24" />
<af-end id="12" timestamp="2024-07-18T15:46:12.100" threadId="000000000001EF38" success="true" from="nursery"/>
<exclusive-end id="13" timestamp="2024-07-18T15:46:12.100" durationms="5.484" />

<exclusive-start id="14" timestamp="2024-07-18T15:46:12.115" intervalms="19.531">
  <response-info timems="0.037" idlems="0.037" threads="0" lastid="000000000001E500" lastname="main" />
</exclusive-start>
<af-start id="15" threadId="000000000001EF38" totalBytesRequested="13408" timestamp="2024-07-18T15:46:12.115" intervalms="19.491" type="nursery" />
<cycle-start id="16" type="scavenge" contextid="0" timestamp="2024-07-18T15:46:12.115" intervalms="19.472" />
<gc-start id="17" type="scavenge" contextid="16" timestamp="2024-07-18T15:46:12.116">
  <mem-info id="18" free="6028952" total="8388608" percent="71">
    <mem type="nursery" free="0" total="2097152" percent="0">
      <mem type="allocate" free="0" total="1048576" percent="0" />
      <mem type="survivor" free="0" total="1048576" percent="0" />
    </mem>
    <mem type="tenure" free="6028952" total="6291456" percent="95">
      <mem type="soa" free="5713560" total="5976064" percent="95" />
      <mem type="loa" free="315392" total="315392" percent="100" />
    </mem>
    <remembered-set count="3817" />
  </mem-info>
</gc-start>
<allocation-stats totalBytes="485248" discardedBytes="54304" >
  <allocated-bytes non-tlh="46200" tlh="439048" />
  <largest-consumer threadName="main" threadId="000000000001E500" bytes="411400" />
</allocation-stats>
<gc-op id="19" type="scavenge" timems="1.439" contextid="16" timestamp="2024-07-18T15:46:12.118">
  <scavenger-info tenureage="5" tenuremask="7fe0" tiltratio="50" />
  <memory-copied type="nursery" objects="11335" bytes="514472" bytesdiscarded="169168" />
  <finalization candidates="119" enqueued="35" />
  <ownableSynchronizers candidates="1" cleared="0" />
  <references type="soft" candidates="39" cleared="0" enqueued="0" dynamicThreshold="32" maxThreshold="32" />
  <references type="weak" candidates="209" cleared="84" enqueued="84" />
  <references type="phantom" candidates="21" cleared="3" enqueued="3" />
  <object-monitors candidates="1" cleared="0"  />
</gc-op>
<heap-resize id="20" type="expand" space="nursery" amount="131072" count="1" timems="0.050" reason="excessive time being spent scavenging" timestamp="2024-07-18T15:46:12.119" />
<gc-end id="21" type="scavenge" contextid="16" durationms="3.007" usertimems="0.000" systemtimems="2.750" stalltimems="1.531" timestamp="2024-07-18T15:46:12.119" activeThreads="3">
  <mem-info id="22" free="6458184" total="8519680" percent="75">
    <mem type="nursery" free="429232" total="2228224" percent="19">
      <mem type="allocate" free="429232" total="1114112" percent="38" />
      <mem type="survivor" free="0" total="1114112" percent="0" />
    </mem>
    <mem type="tenure" free="6028952" total="6291456" percent="95">
      <mem type="soa" free="5713560" total="5976064" percent="95" />
      <mem type="loa" free="315392" total="315392" percent="100" />
    </mem>
    <pending-finalizers system="35" default="0" reference="87" classloader="0" />
    <remembered-set count="3817" />
  </mem-info>
</gc-end>
<cycle-end id="23" type="scavenge" contextid="16" timestamp="2024-07-18T15:46:12.119" />
<allocation-satisfied id="24" threadId="000000000001E500" bytesRequested="13408" />
<af-end id="25" timestamp="2024-07-18T15:46:12.120" threadId="000000000001EF38" success="true" from="nursery"/>
<exclusive-end id="26" timestamp="2024-07-18T15:46:12.120" durationms="5.764" />

<exclusive-start id="27" timestamp="2024-07-18T15:46:12.130" intervalms="15.600">
  <response-info timems="0.036" idlems="0.036" threads="0" lastid="000000000001E500" lastname="main" />
</exclusive-start>
<af-start id="28" threadId="000000000001EF38" totalBytesRequested="16392" timestamp="2024-07-18T15:46:12.131" intervalms="15.538" type="nursery" />
<cycle-start id="29" type="scavenge" contextid="0" timestamp="2024-07-18T15:46:12.131" intervalms="15.497" />
<gc-start id="30" type="scavenge" contextid="29" timestamp="2024-07-18T15:46:12.131">
  <mem-info id="31" free="6020296" total="8519680" percent="70">
    <mem type="nursery" free="0" total="2228224" percent="0">
      <mem type="allocate" free="0" total="1114112" percent="0" />
      <mem type="survivor" free="0" total="1114112" percent="0" />
    </mem>
    <mem type="tenure" free="6020296" total="6291456" percent="95">
      <mem type="soa" free="5704904" total="5976064" percent="95" />
      <mem type="loa" free="315392" total="315392" percent="100" />
    </mem>
    <remembered-set count="3923" />
  </mem-info>
</gc-start>
<allocation-stats totalBytes="428296" discardedBytes="9592" >
  <allocated-bytes non-tlh="33336" tlh="394960" />
  <largest-consumer threadName="main" threadId="000000000001E500" bytes="428296" />
</allocation-stats>
<gc-op id="32" type="scavenge" timems="1.391" contextid="29" timestamp="2024-07-18T15:46:12.133">
  <scavenger-info tenureage="4" tenuremask="7ff0" tiltratio="50" />
  <memory-copied type="nursery" objects="11963" bytes="545368" bytesdiscarded="262952" />
  <finalization candidates="86" enqueued="1" />
  <ownableSynchronizers candidates="1" cleared="0" />
  <references type="soft" candidates="41" cleared="0" enqueued="0" dynamicThreshold="32" maxThreshold="32" />
  <references type="weak" candidates="175" cleared="50" enqueued="50" />
  <references type="phantom" candidates="20" cleared="1" enqueued="1" />
  <object-monitors candidates="1" cleared="0"  />
</gc-op>
<heap-resize id="33" type="expand" space="nursery" amount="262144" count="1" timems="0.021" reason="excessive time being spent scavenging" timestamp="2024-07-18T15:46:12.134" />
<gc-end id="34" type="scavenge" contextid="29" durationms="2.531" usertimems="2.136" systemtimems="0.855" stalltimems="1.230" timestamp="2024-07-18T15:46:12.134" activeThreads="3">
  <mem-info id="35" free="6455936" total="8781824" percent="73">
    <mem type="nursery" free="435640" total="2490368" percent="17">
      <mem type="allocate" free="435640" total="1245184" percent="34" />
      <mem type="survivor" free="0" total="1245184" percent="0" />
    </mem>
    <mem type="tenure" free="6020296" total="6291456" percent="95">
      <mem type="soa" free="5704904" total="5976064" percent="95" />
      <mem type="loa" free="315392" total="315392" percent="100" />
    </mem>
    <pending-finalizers system="1" default="0" reference="51" classloader="0" />
    <remembered-set count="1723" />
  </mem-info>
</gc-end>
<cycle-end id="36" type="scavenge" contextid="29" timestamp="2024-07-18T15:46:12.134" />
<allocation-satisfied id="37" threadId="000000000001E500" bytesRequested="16392" />
<af-end id="38" timestamp="2024-07-18T15:46:12.135" threadId="000000000001EF38" success="true" from="nursery"/>
<exclusive-end id="39" timestamp="2024-07-18T15:46:12.135" durationms="5.055" />

<exclusive-start id="40" timestamp="2024-07-18T15:46:12.160" intervalms="30.196">
  <response-info timems="0.046" idlems="0.046" threads="0" lastid="000000000001E500" lastname="main" />
</exclusive-start>
<af-start id="41" threadId="000000000001EF38" totalBytesRequested="8200" timestamp="2024-07-18T15:46:12.161" intervalms="30.129" type="nursery" />
<cycle-start id="42" type="scavenge" contextid="0" timestamp="2024-07-18T15:46:12.161" intervalms="30.031" />
<gc-start id="43" type="scavenge" contextid="42" timestamp="2024-07-18T15:46:12.161">
  <mem-info id="44" free="6005304" total="8781824" percent="68">
    <mem type="nursery" free="0" total="2490368" percent="0">
      <mem type="allocate" free="0" total="1245184" percent="0" />
      <mem type="survivor" free="0" total="1245184" percent="0" />
    </mem>
    <mem type="tenure" free="6005304" total="6291456" percent="95">
      <mem type="soa" free="5689912" total="5976064" percent="95" />
      <mem type="loa" free="315392" total="315392" percent="100" />
    </mem>
    <remembered-set count="1927" />
  </mem-info>
</gc-start>
<allocation-stats totalBytes="430840" discardedBytes="19792" >
  <allocated-bytes non-tlh="31384" tlh="399456" />
  <largest-consumer threadName="main" threadId="000000000001E500" bytes="430840" />
</allocation-stats>
<gc-op id="45" type="scavenge" timems="3.075" contextid="42" timestamp="2024-07-18T15:46:12.165">
  <scavenger-info tenureage="3" tenuremask="fff8" tiltratio="50" />
  <memory-copied type="nursery" objects="2154" bytes="73608" bytesdiscarded="70808" />
  <memory-copied type="tenure" objects="9894" bytes="465712" bytesdiscarded="200" />
  <finalization candidates="128" enqueued="26" />
  <ownableSynchronizers candidates="2" cleared="0" />
  <references type="soft" candidates="37" cleared="0" enqueued="0" dynamicThreshold="32" maxThreshold="32" />
  <references type="weak" candidates="101" cleared="55" enqueued="55" />
  <references type="phantom" candidates="5" cleared="3" enqueued="3" />
  <object-monitors candidates="1" cleared="0"  />
</gc-op>
<heap-resize id="46" type="expand" space="nursery" amount="262144" count="1" timems="0.032" reason="excessive time being spent scavenging" timestamp="2024-07-18T15:46:12.165" />
<gc-end id="47" type="scavenge" contextid="42" durationms="4.179" usertimems="6.609" systemtimems="0.000" stalltimems="2.073" timestamp="2024-07-18T15:46:12.165" activeThreads="3">
  <mem-info id="48" free="6642064" total="9043968" percent="73">
    <mem type="nursery" free="1231616" total="2752512" percent="44">
      <mem type="allocate" free="1231616" total="1376256" percent="89" />
      <mem type="survivor" free="0" total="1376256" percent="0" />
    </mem>
    <mem type="tenure" free="5410448" total="6291456" percent="85">
      <mem type="soa" free="5095056" total="5976064" percent="85" />
      <mem type="loa" free="315392" total="315392" percent="100" />
    </mem>
    <pending-finalizers system="26" default="0" reference="58" classloader="0" />
    <remembered-set count="482" />
  </mem-info>
</gc-end>
<cycle-end id="49" type="scavenge" contextid="42" timestamp="2024-07-18T15:46:12.166" />
<allocation-satisfied id="50" threadId="000000000001E500" bytesRequested="8200" />
<af-end id="51" timestamp="2024-07-18T15:46:12.166" threadId="000000000001EF38" success="true" from="nursery"/>
<exclusive-end id="52" timestamp="2024-07-18T15:46:12.166" durationms="6.092" />

<exclusive-start id="53" timestamp="2024-07-18T15:46:12.218" intervalms="57.867">
  <response-info timems="0.145" idlems="0.109" threads="1" lastid="0000000000022100" lastname="JIT Compilation Thread-000" />
</exclusive-start>
<af-start id="54" threadId="000000000001EF38" totalBytesRequested="482208" timestamp="2024-07-18T15:46:12.219" intervalms="57.913" type="nursery" />
<cycle-start id="55" type="scavenge" contextid="0" timestamp="2024-07-18T15:46:12.219" intervalms="58.089" />
<gc-start id="56" type="scavenge" contextid="55" timestamp="2024-07-18T15:46:12.219">
  <mem-info id="57" free="5584032" total="9043968" percent="61">
    <mem type="nursery" free="236288" total="2752512" percent="8">
      <mem type="allocate" free="236288" total="1376256" percent="17" />
      <mem type="survivor" free="0" total="1376256" percent="0" />
    </mem>
    <mem type="tenure" free="5347744" total="6291456" percent="85">
      <mem type="soa" free="5032352" total="5976064" percent="84" />
      <mem type="loa" free="315392" total="315392" percent="100" />
    </mem>
    <remembered-set count="1516" />
  </mem-info>
</gc-start>
<allocation-stats totalBytes="1054544" discardedBytes="3488" >
  <allocated-bytes non-tlh="70904" tlh="983640" />
  <largest-consumer threadName="main" threadId="000000000001E500" bytes="1054544" />
</allocation-stats>
<gc-op id="58" type="scavenge" timems="1.483" contextid="55" timestamp="2024-07-18T15:46:12.222">
  <scavenger-info tenureage="3" tenuremask="fff8" tiltratio="50" />
  <memory-copied type="nursery" objects="7565" bytes="345216" bytesdiscarded="48416" />
  <memory-copied type="tenure" objects="1078" bytes="36400" bytesdiscarded="0" />
  <finalization candidates="115" enqueued="46" />
  <ownableSynchronizers candidates="1" cleared="0" />
  <references type="soft" candidates="79" cleared="0" enqueued="0" dynamicThreshold="32" maxThreshold="32" />
  <references type="weak" candidates="89" cleared="34" enqueued="34" />
  <references type="phantom" candidates="12" cleared="7" enqueued="7" />
  <object-monitors candidates="1" cleared="0"  />
</gc-op>
<gc-end id="59" type="scavenge" contextid="55" durationms="2.777" usertimems="1.853" systemtimems="0.730" stalltimems="1.757" timestamp="2024-07-18T15:46:12.222" activeThreads="3">
  <mem-info id="60" free="6347920" total="9043968" percent="70">
    <mem type="nursery" free="1047792" total="2752512" percent="38">
      <mem type="allocate" free="1047792" total="1441792" percent="72" />
      <mem type="survivor" free="0" total="1310720" percent="0" />
    </mem>
    <mem type="tenure" free="5300128" total="6291456" percent="84">
      <mem type="soa" free="4984736" total="5976064" percent="83" />
      <mem type="loa" free="315392" total="315392" percent="100" />
    </mem>
    <pending-finalizers system="46" default="0" reference="41" classloader="0" />
    <remembered-set count="1379" />
  </mem-info>
</gc-end>
<cycle-end id="61" type="scavenge" contextid="55" timestamp="2024-07-18T15:46:12.223" />
<allocation-satisfied id="62" threadId="000000000001E500" bytesRequested="482208" />
<af-end id="63" timestamp="2024-07-18T15:46:12.223" threadId="000000000001EF38" success="true" from="nursery"/>
<exclusive-end id="64" timestamp="2024-07-18T15:46:12.223" durationms="5.290" />

<exclusive-start id="65" timestamp="2024-07-18T15:46:12.238" intervalms="19.502">
  <response-info timems="0.045" idlems="0.045" threads="0" lastid="000000000001E500" lastname="main" />
</exclusive-start>
<af-start id="66" threadId="000000000001EF38" totalBytesRequested="16392" timestamp="2024-07-18T15:46:12.238" intervalms="19.479" type="nursery" />
<cycle-start id="67" type="scavenge" contextid="0" timestamp="2024-07-18T15:46:12.238" intervalms="19.410" />
<gc-start id="68" type="scavenge" contextid="67" timestamp="2024-07-18T15:46:12.239">
  <mem-info id="69" free="5243632" total="9043968" percent="57">
    <mem type="nursery" free="0" total="2752512" percent="0">
      <mem type="allocate" free="0" total="1441792" percent="0" />
      <mem type="survivor" free="0" total="1310720" percent="0" />
    </mem>
    <mem type="tenure" free="5243632" total="6291456" percent="83">
      <mem type="soa" free="4928240" total="5976064" percent="82" />
      <mem type="loa" free="315392" total="315392" percent="100" />
    </mem>
    <remembered-set count="2387" />
  </mem-info>
</gc-start>
<allocation-stats totalBytes="1094152" discardedBytes="10136" >
  <allocated-bytes non-tlh="602432" tlh="491720" />
  <largest-consumer threadName="main" threadId="000000000001E500" bytes="1094152" />
</allocation-stats>
<gc-op id="70" type="scavenge" timems="1.245" contextid="67" timestamp="2024-07-18T15:46:12.241">
  <scavenger-info tenureage="3" tenuremask="fff8" tiltratio="52" />
  <memory-copied type="nursery" objects="11833" bytes="1146192" bytesdiscarded="80832" />
  <memory-copied type="tenure" objects="413" bytes="14736" bytesdiscarded="0" />
  <finalization candidates="56" enqueued="4" />
  <ownableSynchronizers candidates="1" cleared="0" />
  <references type="soft" candidates="92" cleared="0" enqueued="0" dynamicThreshold="32" maxThreshold="32" />
  <references type="weak" candidates="59" cleared="1" enqueued="1" />
  <references type="phantom" candidates="9" cleared="1" enqueued="1" />
  <object-monitors candidates="1" cleared="0"  />
</gc-op>
<heap-resize id="71" type="expand" space="nursery" amount="262144" count="1" timems="0.023" reason="excessive time being spent scavenging" timestamp="2024-07-18T15:46:12.241" />
<gc-end id="72" type="scavenge" contextid="67" durationms="2.462" usertimems="2.271" systemtimems="0.218" stalltimems="1.419" timestamp="2024-07-18T15:46:12.241" activeThreads="3">
  <mem-info id="73" free="5504576" total="9306112" percent="59">
    <mem type="nursery" free="279632" total="3014656" percent="9">
      <mem type="allocate" free="279632" total="1507328" percent="18" />
      <mem type="survivor" free="0" total="1507328" percent="0" />
    </mem>
    <mem type="tenure" free="5224944" total="6291456" percent="83">
      <mem type="soa" free="4909552" total="5976064" percent="82" />
      <mem type="loa" free="315392" total="315392" percent="100" />
    </mem>
    <pending-finalizers system="4" default="0" reference="2" classloader="0" />
    <remembered-set count="2187" />
  </mem-info>
</gc-end>
<cycle-end id="74" type="scavenge" contextid="67" timestamp="2024-07-18T15:46:12.242" />
<allocation-satisfied id="75" threadId="000000000001E500" bytesRequested="16392" />
<af-end id="76" timestamp="2024-07-18T15:46:12.242" threadId="000000000001EF38" success="true" from="nursery"/>
<exclusive-end id="77" timestamp="2024-07-18T15:46:12.243" durationms="4.896" />

<exclusive-start id="78" timestamp="2024-07-18T15:46:12.247" intervalms="9.418">
  <response-info timems="0.039" idlems="0.039" threads="0" lastid="000000000001E500" lastname="main" />
</exclusive-start>
<af-start id="79" threadId="000000000001EF38" totalBytesRequested="24" timestamp="2024-07-18T15:46:12.248" intervalms="9.545" type="nursery" />
<cycle-start id="80" type="scavenge" contextid="0" timestamp="2024-07-18T15:46:12.248" intervalms="9.576" />
<gc-start id="81" type="scavenge" contextid="80" timestamp="2024-07-18T15:46:12.248">
  <mem-info id="82" free="5222928" total="9306112" percent="56">
    <mem type="nursery" free="0" total="3014656" percent="0">
      <mem type="allocate" free="0" total="1507328" percent="0" />
      <mem type="survivor" free="0" total="1507328" percent="0" />
    </mem>
    <mem type="tenure" free="5222928" total="6291456" percent="83">
      <mem type="soa" free="4907536" total="5976064" percent="82" />
      <mem type="loa" free="315392" total="315392" percent="100" />
    </mem>
    <remembered-set count="2224" />
  </mem-info>
</gc-start>
<allocation-stats totalBytes="281400" discardedBytes="248" >
  <allocated-bytes non-tlh="18408" tlh="262992" />
  <largest-consumer threadName="main" threadId="000000000001E500" bytes="281400" />
</allocation-stats>
<gc-op id="83" type="scavenge" timems="1.471" contextid="80" timestamp="2024-07-18T15:46:12.251">
  <scavenger-info tenureage="3" tenuremask="fff8" tiltratio="50" />
  <memory-copied type="nursery" objects="13572" bytes="1204152" bytesdiscarded="94464" />
  <memory-copied type="tenure" objects="441" bytes="14912" bytesdiscarded="0" />
  <finalization candidates="51" enqueued="0" />
  <ownableSynchronizers candidates="1" cleared="0" />
  <references type="soft" candidates="76" cleared="0" enqueued="0" dynamicThreshold="32" maxThreshold="32" />
  <references type="weak" candidates="55" cleared="16" enqueued="16" />
  <references type="phantom" candidates="6" cleared="0" enqueued="0" />
  <object-monitors candidates="1" cleared="0"  />
</gc-op>
<heap-resize id="84" type="expand" space="nursery" amount="393216" count="1" timems="0.024" reason="excessive time being spent scavenging" timestamp="2024-07-18T15:46:12.251" />
<gc-end id="85" type="scavenge" contextid="80" durationms="3.102" usertimems="2.191" systemtimems="0.814" stalltimems="1.590" timestamp="2024-07-18T15:46:12.252" activeThreads="3">
  <mem-info id="86" free="5590256" total="9699328" percent="57">
    <mem type="nursery" free="404704" total="3407872" percent="11">
      <mem type="allocate" free="404704" total="1703936" percent="23" />
      <mem type="survivor" free="0" total="1703936" percent="0" />
    </mem>
    <mem type="tenure" free="5185552" total="6291456" percent="82">
      <mem type="soa" free="4870160" total="5976064" percent="81" />
      <mem type="loa" free="315392" total="315392" percent="100" />
    </mem>
    <pending-finalizers system="0" default="0" reference="16" classloader="0" />
    <remembered-set count="1221" />
  </mem-info>
</gc-end>
<cycle-end id="87" type="scavenge" contextid="80" timestamp="2024-07-18T15:46:12.252" />
<allocation-satisfied id="88" threadId="000000000001E500" bytesRequested="24" />
<af-end id="89" timestamp="2024-07-18T15:46:12.253" threadId="000000000001EF38" success="true" from="nursery"/>
<exclusive-end id="90" timestamp="2024-07-18T15:46:12.253" durationms="5.670" />

<exclusive-start id="91" timestamp="2024-07-18T15:46:12.255" intervalms="7.884">
  <response-info timems="0.039" idlems="0.039" threads="0" lastid="000000000001E500" lastname="main" />
</exclusive-start>
<af-start id="92" threadId="000000000001EF38" totalBytesRequested="40" timestamp="2024-07-18T15:46:12.255" intervalms="7.839" type="nursery" />
<cycle-start id="93" type="scavenge" contextid="0" timestamp="2024-07-18T15:46:12.256" intervalms="7.792" />
<gc-start id="94" type="scavenge" contextid="93" timestamp="2024-07-18T15:46:12.256">
  <mem-info id="95" free="5185320" total="9699328" percent="53">
    <mem type="nursery" free="0" total="3407872" percent="0">
      <mem type="allocate" free="0" total="1703936" percent="0" />
      <mem type="survivor" free="0" total="1703936" percent="0" />
    </mem>
    <mem type="tenure" free="5185320" total="6291456" percent="82">
      <mem type="soa" free="4869928" total="5976064" percent="81" />
      <mem type="loa" free="315392" total="315392" percent="100" />
    </mem>
    <remembered-set count="1226" />
  </mem-info>
</gc-start>
<allocation-stats totalBytes="404088" discardedBytes="848" >
  <allocated-bytes non-tlh="256" tlh="403832" />
  <largest-consumer threadName="main" threadId="000000000001E500" bytes="404088" />
</allocation-stats>
<gc-op id="96" type="scavenge" timems="1.273" contextid="93" timestamp="2024-07-18T15:46:12.258">
  <scavenger-info tenureage="2" tenuremask="fffc" tiltratio="50" />
  <memory-copied type="nursery" objects="4566" bytes="186256" bytesdiscarded="145016" />
  <memory-copied type="tenure" objects="10990" bytes="1089888" bytesdiscarded="1232" />
  <finalization candidates="34" enqueued="0" />
  <references type="weak" candidates="2" cleared="2" enqueued="2" />
  <object-monitors candidates="1" cleared="0"  />
</gc-op>
<heap-resize id="97" type="expand" space="nursery" amount="524288" count="1" timems="0.021" reason="excessive time being spent scavenging" timestamp="2024-07-18T15:46:12.259" />
<gc-end id="98" type="scavenge" contextid="93" durationms="2.719" usertimems="2.683" systemtimems="0.000" stalltimems="1.191" timestamp="2024-07-18T15:46:12.259" activeThreads="3">
  <mem-info id="99" free="5785200" total="10223616" percent="56">
    <mem type="nursery" free="1765880" total="3932160" percent="44">
      <mem type="allocate" free="1765880" total="2097152" percent="84" />
      <mem type="survivor" free="0" total="1835008" percent="0" />
    </mem>
    <mem type="tenure" free="4019320" total="6291456" percent="63">
      <mem type="soa" free="3703928" total="5976064" percent="61" />
      <mem type="loa" free="315392" total="315392" percent="100" />
    </mem>
    <pending-finalizers system="0" default="0" reference="2" classloader="0" />
    <remembered-set count="113" />
  </mem-info>
</gc-end>
<cycle-end id="100" type="scavenge" contextid="93" timestamp="2024-07-18T15:46:12.259" />
<allocation-satisfied id="101" threadId="000000000001E500" bytesRequested="40" />
<af-end id="102" timestamp="2024-07-18T15:46:12.260" threadId="000000000001EF38" success="true" from="nursery"/>
<exclusive-end id="103" timestamp="2024-07-18T15:46:12.260" durationms="4.986" />

<exclusive-start id="104" timestamp="2024-07-18T15:46:12.287" intervalms="31.809">
  <response-info timems="0.032" idlems="0.032" threads="0" lastid="000000000001E500" lastname="main" />
</exclusive-start>
<af-start id="105" threadId="000000000001EF38" totalBytesRequested="3944" timestamp="2024-07-18T15:46:12.287" intervalms="31.824" type="nursery" />
<cycle-start id="106" type="scavenge" contextid="0" timestamp="2024-07-18T15:46:12.288" intervalms="31.898" />
<gc-start id="107" type="scavenge" contextid="106" timestamp="2024-07-18T15:46:12.288">
  <mem-info id="108" free="3950184" total="10223616" percent="38">
    <mem type="nursery" free="0" total="3932160" percent="0">
      <mem type="allocate" free="0" total="2097152" percent="0" />
      <mem type="survivor" free="0" total="1835008" percent="0" />
    </mem>
    <mem type="tenure" free="3950184" total="6291456" percent="62">
      <mem type="soa" free="3634792" total="5976064" percent="60" />
      <mem type="loa" free="315392" total="315392" percent="100" />
    </mem>
    <remembered-set count="979" />
  </mem-info>
</gc-start>
<allocation-stats totalBytes="1777216" discardedBytes="57800" >
  <allocated-bytes non-tlh="283144" tlh="1494072" />
  <largest-consumer threadName="main" threadId="000000000001E500" bytes="1777216" />
</allocation-stats>
<gc-op id="109" type="scavenge" timems="1.037" contextid="106" timestamp="2024-07-18T15:46:12.290">
  <scavenger-info tenureage="3" tenuremask="fff8" tiltratio="53" />
  <memory-copied type="nursery" objects="1787" bytes="213944" bytesdiscarded="94688" />
  <finalization candidates="46" enqueued="30" />
  <references type="soft" candidates="26" cleared="0" enqueued="0" dynamicThreshold="32" maxThreshold="32" />
  <references type="weak" candidates="116" cleared="91" enqueued="91" />
  <references type="phantom" candidates="16" cleared="5" enqueued="5" />
  <object-monitors candidates="1" cleared="0"  />
</gc-op>
<gc-end id="110" type="scavenge" contextid="106" durationms="2.167" usertimems="1.247" systemtimems="0.415" stalltimems="1.468" timestamp="2024-07-18T15:46:12.290" activeThreads="3">
  <mem-info id="111" free="6131720" total="10223616" percent="59">
    <mem type="nursery" free="2181536" total="3932160" percent="55">
      <mem type="allocate" free="2181536" total="2490368" percent="87" />
      <mem type="survivor" free="0" total="1441792" percent="0" />
    </mem>
    <mem type="tenure" free="3950184" total="6291456" percent="62">
      <mem type="soa" free="3634792" total="5976064" percent="60" />
      <mem type="loa" free="315392" total="315392" percent="100" />
    </mem>
    <pending-finalizers system="30" default="0" reference="96" classloader="0" />
    <remembered-set count="948" />
  </mem-info>
</gc-end>
<cycle-end id="112" type="scavenge" contextid="106" timestamp="2024-07-18T15:46:12.291" />
<allocation-satisfied id="113" threadId="000000000001E500" bytesRequested="3944" />
<af-end id="114" timestamp="2024-07-18T15:46:12.291" threadId="000000000001EF38" success="true" from="nursery"/>
<exclusive-end id="115" timestamp="2024-07-18T15:46:12.292" durationms="4.717" />

<exclusive-start id="116" timestamp="2024-07-18T15:46:12.363" intervalms="76.322">
  <response-info timems="0.036" idlems="0.036" threads="0" lastid="000000000001E500" lastname="main" />
</exclusive-start>
<af-start id="117" threadId="000000000001EF38" totalBytesRequested="32" timestamp="2024-07-18T15:46:12.364" intervalms="76.328" type="nursery" />
<cycle-start id="118" type="scavenge" contextid="0" timestamp="2024-07-18T15:46:12.364" intervalms="76.319" />
<gc-start id="119" type="scavenge" contextid="118" timestamp="2024-07-18T15:46:12.364">
  <mem-info id="120" free="3753432" total="10223616" percent="36">
    <mem type="nursery" free="0" total="3932160" percent="0">
      <mem type="allocate" free="0" total="2490368" percent="0" />
      <mem type="survivor" free="0" total="1441792" percent="0" />
    </mem>
    <mem type="tenure" free="3753432" total="6291456" percent="59">
      <mem type="soa" free="3438040" total="5976064" percent="57" />
      <mem type="loa" free="315392" total="315392" percent="100" />
    </mem>
    <remembered-set count="3582" />
  </mem-info>
</gc-start>
<allocation-stats totalBytes="2376840" discardedBytes="1448" >
  <allocated-bytes non-tlh="200696" tlh="2176144" />
  <largest-consumer threadName="main" threadId="000000000001E500" bytes="2376840" />
</allocation-stats>
<gc-op id="121" type="scavenge" timems="1.493" contextid="118" timestamp="2024-07-18T15:46:12.367">
  <scavenger-info tenureage="4" tenuremask="fff0" tiltratio="63" />
  <memory-copied type="nursery" objects="15050" bytes="739184" bytesdiscarded="33008" />
  <finalization candidates="467" enqueued="299" />
  <ownableSynchronizers candidates="9" cleared="0" />
  <references type="soft" candidates="1306" cleared="0" enqueued="0" dynamicThreshold="32" maxThreshold="32" />
  <references type="weak" candidates="677" cleared="446" enqueued="446" />
  <references type="phantom" candidates="51" cleared="37" enqueued="37" />
  <object-monitors candidates="5" cleared="0"  />
</gc-op>
<gc-end id="122" type="scavenge" contextid="118" durationms="2.527" usertimems="2.905" systemtimems="0.000" stalltimems="0.240" timestamp="2024-07-18T15:46:12.367" activeThreads="2">
  <mem-info id="123" free="5535952" total="10223616" percent="54">
    <mem type="nursery" free="1782520" total="3932160" percent="45">
      <mem type="allocate" free="1782520" total="2555904" percent="69" />
      <mem type="survivor" free="0" total="1376256" percent="0" />
    </mem>
    <mem type="tenure" free="3753432" total="6291456" percent="59">
      <mem type="soa" free="3438040" total="5976064" percent="57" />
      <mem type="loa" free="315392" total="315392" percent="100" />
    </mem>
    <pending-finalizers system="299" default="0" reference="483" classloader="0" />
    <remembered-set count="3558" />
  </mem-info>
</gc-end>
<cycle-end id="124" type="scavenge" contextid="118" timestamp="2024-07-18T15:46:12.367" />
<allocation-satisfied id="125" threadId="000000000001E500" bytesRequested="32" />
<af-end id="126" timestamp="2024-07-18T15:46:12.368" threadId="000000000001EF38" success="true" from="nursery"/>
<exclusive-end id="127" timestamp="2024-07-18T15:46:12.368" durationms="4.947" />

<exclusive-start id="128" timestamp="2024-07-18T15:46:12.421" intervalms="57.653">
  <response-info timems="0.033" idlems="0.033" threads="0" lastid="000000000001E500" lastname="main" />
</exclusive-start>
<af-start id="129" threadId="000000000001EF38" totalBytesRequested="40" timestamp="2024-07-18T15:46:12.421" intervalms="57.645" type="nursery" />
<cycle-start id="130" type="scavenge" contextid="0" timestamp="2024-07-18T15:46:12.422" intervalms="57.570" />
<gc-start id="131" type="scavenge" contextid="130" timestamp="2024-07-18T15:46:12.422">
  <mem-info id="132" free="3653976" total="10223616" percent="35">
    <mem type="nursery" free="0" total="3932160" percent="0">
      <mem type="allocate" free="0" total="2555904" percent="0" />
      <mem type="survivor" free="0" total="1376256" percent="0" />
    </mem>
    <mem type="tenure" free="3653976" total="6291456" percent="58">
      <mem type="soa" free="3338584" total="5976064" percent="55" />
      <mem type="loa" free="315392" total="315392" percent="100" />
    </mem>
    <remembered-set count="5133" />
  </mem-info>
</gc-start>
<allocation-stats totalBytes="1881688" discardedBytes="288" >
  <allocated-bytes non-tlh="99488" tlh="1782200" />
  <largest-consumer threadName="main" threadId="000000000001E500" bytes="1877592" />
</allocation-stats>
<gc-op id="133" type="scavenge" timems="2.397" contextid="130" timestamp="2024-07-18T15:46:12.425">
  <scavenger-info tenureage="4" tenuremask="7ff0" tiltratio="65" />
  <memory-copied type="nursery" objects="28689" bytes="1172216" bytesdiscarded="5152" />
  <memory-copied type="tenure" objects="24" bytes="848" bytesdiscarded="0" />
  <finalization candidates="218" enqueued="28" />
  <ownableSynchronizers candidates="12" cleared="0" />
  <references type="soft" candidates="4333" cleared="0" enqueued="0" dynamicThreshold="32" maxThreshold="32" />
  <references type="weak" candidates="578" cleared="320" enqueued="320" />
  <references type="phantom" candidates="26" cleared="11" enqueued="11" />
  <object-monitors candidates="5" cleared="0"  />
</gc-op>
<heap-resize id="134" type="expand" space="nursery" amount="262144" count="1" timems="0.020" reason="excessive time being spent scavenging" timestamp="2024-07-18T15:46:12.425" />
<gc-end id="135" type="scavenge" contextid="130" durationms="3.759" usertimems="3.645" systemtimems="0.864" stalltimems="0.472" timestamp="2024-07-18T15:46:12.426" activeThreads="2">
  <mem-info id="136" free="4769296" total="10485760" percent="45">
    <mem type="nursery" free="1115320" total="4194304" percent="26">
      <mem type="allocate" free="1115320" total="2293760" percent="48" />
      <mem type="survivor" free="0" total="1900544" percent="0" />
    </mem>
    <mem type="tenure" free="3653976" total="6291456" percent="58">
      <mem type="soa" free="3338584" total="5976064" percent="55" />
      <mem type="loa" free="315392" total="315392" percent="100" />
    </mem>
    <pending-finalizers system="28" default="0" reference="331" classloader="0" />
    <remembered-set count="4338" />
  </mem-info>
</gc-end>
<cycle-end id="137" type="scavenge" contextid="130" timestamp="2024-07-18T15:46:12.426" />
<allocation-satisfied id="138" threadId="000000000001E500" bytesRequested="40" />
<af-end id="139" timestamp="2024-07-18T15:46:12.427" threadId="000000000001EF38" success="true" from="nursery"/>
<exclusive-end id="140" timestamp="2024-07-18T15:46:12.427" durationms="6.411" />

<exclusive-start id="141" timestamp="2024-07-18T15:46:12.457" intervalms="36.437">
  <response-info timems="0.041" idlems="0.041" threads="0" lastid="000000000001E500" lastname="main" />
</exclusive-start>
<af-start id="142" threadId="000000000001EF38" totalBytesRequested="40" timestamp="2024-07-18T15:46:12.458" intervalms="36.425" type="nursery" />
<cycle-start id="143" type="scavenge" contextid="0" timestamp="2024-07-18T15:46:12.458" intervalms="36.466" />
<gc-start id="144" type="scavenge" contextid="143" timestamp="2024-07-18T15:46:12.459">
  <mem-info id="145" free="3622248" total="10485760" percent="34">
    <mem type="nursery" free="0" total="4194304" percent="0">
      <mem type="allocate" free="0" total="2293760" percent="0" />
      <mem type="survivor" free="0" total="1900544" percent="0" />
    </mem>
    <mem type="tenure" free="3622248" total="6291456" percent="57">
      <mem type="soa" free="3306856" total="5976064" percent="55" />
      <mem type="loa" free="315392" total="315392" percent="100" />
    </mem>
    <remembered-set count="4745" />
  </mem-info>
</gc-start>
<allocation-stats totalBytes="1145208" discardedBytes="1840" >
  <allocated-bytes non-tlh="31768" tlh="1113440" />
  <largest-consumer threadName="main" threadId="000000000001E500" bytes="1141112" />
</allocation-stats>
<gc-op id="146" type="scavenge" timems="2.461" contextid="143" timestamp="2024-07-18T15:46:12.462">
  <scavenger-info tenureage="3" tenuremask="7ff8" tiltratio="54" />
  <memory-copied type="nursery" objects="34409" bytes="1191616" bytesdiscarded="28136" />
  <memory-copied type="tenure" objects="1428" bytes="193576" bytesdiscarded="680" />
  <finalization candidates="272" enqueued="55" />
  <ownableSynchronizers candidates="20" cleared="0" />
  <references type="soft" candidates="4339" cleared="0" enqueued="0" dynamicThreshold="32" maxThreshold="32" />
  <references type="weak" candidates="405" cleared="152" enqueued="152" />
  <references type="phantom" candidates="18" cleared="12" enqueued="12" />
  <object-monitors candidates="5" cleared="0"  />
</gc-op>
<heap-resize id="147" type="expand" space="nursery" amount="262144" count="1" timems="0.027" reason="excessive time being spent scavenging" timestamp="2024-07-18T15:46:12.462" />
<gc-end id="148" type="scavenge" contextid="143" durationms="3.954" usertimems="6.386" systemtimems="0.000" stalltimems="1.358" timestamp="2024-07-18T15:46:12.462" activeThreads="3">
  <mem-info id="149" free="5004936" total="10747904" percent="46">
    <mem type="nursery" free="1597232" total="4456448" percent="35">
      <mem type="allocate" free="1597232" total="2818048" percent="56" />
      <mem type="survivor" free="0" total="1638400" percent="0" />
    </mem>
    <mem type="tenure" free="3407704" total="6291456" percent="54">
      <mem type="soa" free="3092312" total="5976064" percent="51" />
      <mem type="loa" free="315392" total="315392" percent="100" />
    </mem>
    <pending-finalizers system="55" default="0" reference="164" classloader="0" />
    <remembered-set count="2634" />
  </mem-info>
</gc-end>
<cycle-end id="150" type="scavenge" contextid="143" timestamp="2024-07-18T15:46:12.463" />
<allocation-satisfied id="151" threadId="000000000001E500" bytesRequested="40" />
<af-end id="152" timestamp="2024-07-18T15:46:12.464" threadId="000000000001EF38" success="true" from="nursery"/>
<exclusive-end id="153" timestamp="2024-07-18T15:46:12.464" durationms="6.697" />

<exclusive-start id="154" timestamp="2024-07-18T15:46:12.512" intervalms="55.089">
  <response-info timems="0.063" idlems="0.063" threads="0" lastid="000000000001E500" lastname="main" />
</exclusive-start>
<af-start id="155" threadId="000000000001EF38" totalBytesRequested="48" timestamp="2024-07-18T15:46:12.513" intervalms="55.064" type="nursery" />
<cycle-start id="156" type="scavenge" contextid="0" timestamp="2024-07-18T15:46:12.513" intervalms="55.062" />
<gc-start id="157" type="scavenge" contextid="156" timestamp="2024-07-18T15:46:12.513">
  <mem-info id="158" free="3338064" total="10747904" percent="31">
    <mem type="nursery" free="0" total="4456448" percent="0">
      <mem type="allocate" free="0" total="2818048" percent="0" />
      <mem type="survivor" free="0" total="1638400" percent="0" />
    </mem>
    <mem type="tenure" free="3338064" total="6291456" percent="53">
      <mem type="soa" free="3022672" total="5976064" percent="50" />
      <mem type="loa" free="315392" total="315392" percent="100" />
    </mem>
    <remembered-set count="3484" />
  </mem-info>
</gc-start>
<allocation-stats totalBytes="1664792" discardedBytes="2080" >
  <allocated-bytes non-tlh="108368" tlh="1556424" />
  <largest-consumer threadName="main" threadId="000000000001E500" bytes="1579104" />
</allocation-stats>
<gc-op id="159" type="scavenge" timems="3.162" contextid="156" timestamp="2024-07-18T15:46:12.517">
  <scavenger-info tenureage="2" tenuremask="7ffc" tiltratio="63" />
  <memory-copied type="nursery" objects="14836" bytes="468520" bytesdiscarded="98224" />
  <memory-copied type="tenure" objects="26010" bytes="934312" bytesdiscarded="296" />
  <finalization candidates="378" enqueued="111" />
  <ownableSynchronizers candidates="32" cleared="3" />
  <references type="soft" candidates="81" cleared="0" enqueued="0" dynamicThreshold="32" maxThreshold="32" />
  <references type="weak" candidates="483" cleared="356" enqueued="356" />
  <references type="phantom" candidates="13" cleared="11" enqueued="11" />
  <object-monitors candidates="5" cleared="0"  />
</gc-op>
<gc-end id="160" type="scavenge" contextid="156" durationms="4.316" usertimems="6.609" systemtimems="1.511" stalltimems="1.589" timestamp="2024-07-18T15:46:12.518" activeThreads="3">
  <mem-info id="161" free="4817208" total="10747904" percent="44">
    <mem type="nursery" free="2381568" total="4456448" percent="53">
      <mem type="allocate" free="2381568" total="2949120" percent="80" />
      <mem type="survivor" free="0" total="1507328" percent="0" />
    </mem>
    <mem type="tenure" free="2435640" total="6291456" percent="38">
      <mem type="soa" free="2120248" total="5976064" percent="35" />
      <mem type="loa" free="315392" total="315392" percent="100" />
    </mem>
    <pending-finalizers system="111" default="0" reference="367" classloader="0" />
    <remembered-set count="1450" />
  </mem-info>
</gc-end>
<cycle-end id="162" type="scavenge" contextid="156" timestamp="2024-07-18T15:46:12.518" />
<allocation-satisfied id="163" threadId="000000000001E500" bytesRequested="48" />
<af-end id="164" timestamp="2024-07-18T15:46:12.519" threadId="000000000001EF38" success="true" from="nursery"/>
<exclusive-end id="165" timestamp="2024-07-18T15:46:12.519" durationms="6.976" />

<exclusive-start id="166" timestamp="2024-07-18T15:46:12.540" intervalms="27.587">
  <response-info timems="0.048" idlems="0.048" threads="0" lastid="000000000001E500" lastname="main" />
</exclusive-start>
<af-start id="167" threadId="000000000001EF38" totalBytesRequested="321432" timestamp="2024-07-18T15:46:12.540" intervalms="27.495" type="nursery" />
<cycle-start id="168" type="scavenge" contextid="0" timestamp="2024-07-18T15:46:12.541" intervalms="27.548" />
<gc-start id="169" type="scavenge" contextid="168" timestamp="2024-07-18T15:46:12.541">
  <mem-info id="170" free="2442616" total="10747904" percent="22">
    <mem type="nursery" free="30416" total="4456448" percent="0">
      <mem type="allocate" free="30416" total="2949120" percent="1" />
      <mem type="survivor" free="0" total="1507328" percent="0" />
    </mem>
    <mem type="tenure" free="2412200" total="6291456" percent="38">
      <mem type="soa" free="2096808" total="5976064" percent="35" />
      <mem type="loa" free="315392" total="315392" percent="100" />
    </mem>
    <remembered-set count="1793" />
  </mem-info>
</gc-start>
<allocation-stats totalBytes="2363288" discardedBytes="11304" >
  <allocated-bytes non-tlh="23488" tlh="2339800" />
  <largest-consumer threadName="main" threadId="000000000001E500" bytes="2247768" />
</allocation-stats>
<gc-op id="171" type="scavenge" timems="1.816" contextid="168" timestamp="2024-07-18T15:46:12.544">
  <scavenger-info tenureage="2" tenuremask="7ffc" tiltratio="66" />
  <memory-copied type="nursery" objects="13943" bytes="467736" bytesdiscarded="33432" />
  <memory-copied type="tenure" objects="3577" bytes="109648" bytesdiscarded="80" />
  <finalization candidates="109" enqueued="11" />
  <ownableSynchronizers candidates="18" cleared="0" />
  <references type="soft" candidates="74" cleared="0" enqueued="0" dynamicThreshold="32" maxThreshold="32" />
  <references type="weak" candidates="198" cleared="74" enqueued="74" />
  <references type="phantom" candidates="6" cleared="4" enqueued="4" />
  <object-monitors candidates="5" cleared="0"  />
</gc-op>
<heap-resize id="172" type="expand" space="nursery" amount="393216" count="1" timems="0.024" reason="excessive time being spent scavenging" timestamp="2024-07-18T15:46:12.544" />
<gc-end id="173" type="scavenge" contextid="168" durationms="3.283" usertimems="2.562" systemtimems="0.605" stalltimems="2.265" timestamp="2024-07-18T15:46:12.544" activeThreads="3">
  <mem-info id="174" free="5251752" total="11141120" percent="47">
    <mem type="nursery" free="2905856" total="4849664" percent="59">
      <mem type="allocate" free="2905856" total="3407872" percent="85" />
      <mem type="survivor" free="0" total="1441792" percent="0" />
    </mem>
    <mem type="tenure" free="2345896" total="6291456" percent="37">
      <mem type="soa" free="2030504" total="5976064" percent="33" />
      <mem type="loa" free="315392" total="315392" percent="100" />
    </mem>
    <pending-finalizers system="11" default="0" reference="78" classloader="0" />
    <remembered-set count="1348" />
  </mem-info>
</gc-end>
<cycle-end id="175" type="scavenge" contextid="168" timestamp="2024-07-18T15:46:12.545" />
<allocation-satisfied id="176" threadId="000000000001E500" bytesRequested="321432" />
<af-end id="177" timestamp="2024-07-18T15:46:12.545" threadId="000000000001EF38" success="true" from="nursery"/>
<exclusive-end id="178" timestamp="2024-07-18T15:46:12.546" durationms="5.751" />

<exclusive-start id="179" timestamp="2024-07-18T15:46:12.552" intervalms="12.244">
  <response-info timems="0.038" idlems="0.038" threads="0" lastid="000000000001E500" lastname="main" />
</exclusive-start>
<af-start id="180" threadId="000000000001EF38" totalBytesRequested="259736" timestamp="2024-07-18T15:46:12.553" intervalms="12.384" type="nursery" />
<cycle-start id="181" type="scavenge" contextid="0" timestamp="2024-07-18T15:46:12.553" intervalms="12.311" />
<gc-start id="182" type="scavenge" contextid="181" timestamp="2024-07-18T15:46:12.553">
  <mem-info id="183" free="2474416" total="11141120" percent="22">
    <mem type="nursery" free="128736" total="4849664" percent="2">
      <mem type="allocate" free="128736" total="3407872" percent="3" />
      <mem type="survivor" free="0" total="1441792" percent="0" />
    </mem>
    <mem type="tenure" free="2345680" total="6291456" percent="37">
      <mem type="soa" free="2030288" total="5976064" percent="33" />
      <mem type="loa" free="315392" total="315392" percent="100" />
    </mem>
    <remembered-set count="1364" />
  </mem-info>
</gc-start>
<allocation-stats totalBytes="2669904" discardedBytes="107432" >
  <allocated-bytes non-tlh="705264" tlh="1964640" />
  <largest-consumer threadName="main" threadId="000000000001E500" bytes="2669904" />
</allocation-stats>
<gc-op id="184" type="scavenge" timems="1.542" contextid="181" timestamp="2024-07-18T15:46:12.556">
  <scavenger-info tenureage="2" tenuremask="7ffc" tiltratio="70" />
  <memory-copied type="nursery" objects="5097" bytes="202464" bytesdiscarded="71576" />
  <memory-copied type="tenure" objects="9112" bytes="274688" bytesdiscarded="376" />
  <finalization candidates="71" enqueued="0" />
  <ownableSynchronizers candidates="11" cleared="0" />
  <references type="soft" candidates="25" cleared="0" enqueued="0" dynamicThreshold="32" maxThreshold="32" />
  <references type="weak" candidates="16" cleared="0" enqueued="0" />
  <references type="phantom" candidates="2" cleared="0" enqueued="0" />
  <object-monitors candidates="5" cleared="0"  />
</gc-op>
<heap-resize id="185" type="expand" space="nursery" amount="524288" count="1" timems="0.021" reason="excessive time being spent scavenging" timestamp="2024-07-18T15:46:12.556" />
<gc-end id="186" type="scavenge" contextid="181" durationms="2.867" usertimems="2.997" systemtimems="0.000" stalltimems="1.912" timestamp="2024-07-18T15:46:12.556" activeThreads="3">
  <mem-info id="187" free="5843400" total="11665408" percent="50">
    <mem type="nursery" free="3789056" total="5373952" percent="70">
      <mem type="allocate" free="3789056" total="4063232" percent="93" />
      <mem type="survivor" free="0" total="1310720" percent="0" />
    </mem>
    <mem type="tenure" free="2054344" total="6291456" percent="32">
      <mem type="soa" free="1738952" total="5976064" percent="29" />
      <mem type="loa" free="315392" total="315392" percent="100" />
    </mem>
    <remembered-set count="454" />
  </mem-info>
</gc-end>
<cycle-end id="188" type="scavenge" contextid="181" timestamp="2024-07-18T15:46:12.557" />
<allocation-satisfied id="189" threadId="000000000001E500" bytesRequested="259736" />
<af-end id="190" timestamp="2024-07-18T15:46:12.557" threadId="000000000001EF38" success="true" from="nursery"/>
<exclusive-end id="191" timestamp="2024-07-18T15:46:12.558" durationms="5.409" />

<exclusive-start id="192" timestamp="2024-07-18T15:46:12.569" intervalms="16.833">
  <response-info timems="0.033" idlems="0.033" threads="0" lastid="000000000001E500" lastname="main" />
</exclusive-start>
<af-start id="193" threadId="000000000001EF38" totalBytesRequested="2912" timestamp="2024-07-18T15:46:12.569" intervalms="16.819" type="nursery" />
<cycle-start id="194" type="scavenge" contextid="0" timestamp="2024-07-18T15:46:12.570" intervalms="16.912" />
<gc-start id="195" type="scavenge" contextid="194" timestamp="2024-07-18T15:46:12.570">
  <mem-info id="196" free="2053944" total="11665408" percent="17">
    <mem type="nursery" free="0" total="5373952" percent="0">
      <mem type="allocate" free="0" total="4063232" percent="0" />
      <mem type="survivor" free="0" total="1310720" percent="0" />
    </mem>
    <mem type="tenure" free="2053944" total="6291456" percent="32">
      <mem type="soa" free="1738552" total="5976064" percent="29" />
      <mem type="loa" free="315392" total="315392" percent="100" />
    </mem>
    <remembered-set count="472" />
  </mem-info>
</gc-start>
<allocation-stats totalBytes="3723472" discardedBytes="65984" >
  <allocated-bytes non-tlh="756472" tlh="2967000" />
  <largest-consumer threadName="main" threadId="000000000001E500" bytes="3723472" />
</allocation-stats>
<gc-op id="197" type="scavenge" timems="1.027" contextid="194" timestamp="2024-07-18T15:46:12.572">
  <scavenger-info tenureage="3" tenuremask="7ff8" tiltratio="75" />
  <memory-copied type="nursery" objects="5844" bytes="234456" bytesdiscarded="46240" />
  <finalization candidates="6" enqueued="0" />
  <ownableSynchronizers candidates="1" cleared="0" />
  <references type="soft" candidates="25" cleared="0" enqueued="0" dynamicThreshold="32" maxThreshold="32" />
  <references type="weak" candidates="17" cleared="0" enqueued="0" />
  <references type="phantom" candidates="4" cleared="0" enqueued="0" />
  <object-monitors candidates="5" cleared="0"  />
</gc-op>
<heap-resize id="198" type="expand" space="nursery" amount="393216" count="1" timems="0.027" reason="excessive time being spent scavenging" timestamp="2024-07-18T15:46:12.572" />
<gc-end id="199" type="scavenge" contextid="194" durationms="2.424" usertimems="1.672" systemtimems="0.000" stalltimems="1.438" timestamp="2024-07-18T15:46:12.573" activeThreads="3">
  <mem-info id="200" free="6426168" total="12058624" percent="53">
    <mem type="nursery" free="4372224" total="5767168" percent="75">
      <mem type="allocate" free="4372224" total="4653056" percent="93" />
      <mem type="survivor" free="0" total="1114112" percent="0" />
    </mem>
    <mem type="tenure" free="2053944" total="6291456" percent="32">
      <mem type="soa" free="1738552" total="5976064" percent="29" />
      <mem type="loa" free="315392" total="315392" percent="100" />
    </mem>
    <remembered-set count="234" />
  </mem-info>
</gc-end>
<cycle-end id="201" type="scavenge" contextid="194" timestamp="2024-07-18T15:46:12.573" />
<allocation-satisfied id="202" threadId="000000000001E500" bytesRequested="2912" />
<af-end id="203" timestamp="2024-07-18T15:46:12.574" threadId="000000000001EF38" success="true" from="nursery"/>
<exclusive-end id="204" timestamp="2024-07-18T15:46:12.574" durationms="4.960" />

<exclusive-start id="205" timestamp="2024-07-18T15:46:12.586" intervalms="17.379">
  <response-info timems="0.038" idlems="0.038" threads="0" lastid="000000000001E500" lastname="main" />
</exclusive-start>
<af-start id="206" threadId="000000000001EF38" totalBytesRequested="450544" timestamp="2024-07-18T15:46:12.587" intervalms="17.383" type="nursery" />
<cycle-start id="207" type="scavenge" contextid="0" timestamp="2024-07-18T15:46:12.587" intervalms="17.277" />
<gc-start id="208" type="scavenge" contextid="207" timestamp="2024-07-18T15:46:12.588">
  <mem-info id="209" free="2427816" total="12058624" percent="20">
    <mem type="nursery" free="374528" total="5767168" percent="6">
      <mem type="allocate" free="374528" total="4653056" percent="8" />
      <mem type="survivor" free="0" total="1114112" percent="0" />
    </mem>
    <mem type="tenure" free="2053288" total="6291456" percent="32">
      <mem type="soa" free="1737896" total="5976064" percent="29" />
      <mem type="loa" free="315392" total="315392" percent="100" />
    </mem>
    <remembered-set count="255" />
  </mem-info>
</gc-start>
<allocation-stats totalBytes="3975872" discardedBytes="22480" >
  <allocated-bytes non-tlh="750104" tlh="3225768" />
  <largest-consumer threadName="main" threadId="000000000001E500" bytes="3975872" />
</allocation-stats>
<gc-op id="210" type="scavenge" timems="0.874" contextid="207" timestamp="2024-07-18T15:46:12.589">
  <scavenger-info tenureage="3" tenuremask="7ff8" tiltratio="80" />
  <memory-copied type="nursery" objects="1891" bytes="67264" bytesdiscarded="17720" />
  <memory-copied type="tenure" objects="4712" bytes="188824" bytesdiscarded="72" />
  <finalization candidates="6" enqueued="0" />
  <ownableSynchronizers candidates="1" cleared="0" />
  <references type="phantom" candidates="2" cleared="0" enqueued="0" />
  <object-monitors candidates="5" cleared="0"  />
</gc-op>
<heap-resize id="211" type="expand" space="nursery" amount="393216" count="1" timems="0.052" reason="excessive time being spent scavenging" timestamp="2024-07-18T15:46:12.590" />
<gc-end id="212" type="scavenge" contextid="207" durationms="2.239" usertimems="1.683" systemtimems="0.000" stalltimems="0.374" timestamp="2024-07-18T15:46:12.590" activeThreads="2">
  <mem-info id="213" free="7027368" total="12451840" percent="56">
    <mem type="nursery" free="5157888" total="6160384" percent="83">
      <mem type="allocate" free="5157888" total="5242880" percent="98" />
      <mem type="survivor" free="0" total="917504" percent="0" />
    </mem>
    <mem type="tenure" free="1869480" total="6291456" percent="29">
      <mem type="soa" free="1554088" total="5976064" percent="26" />
      <mem type="loa" free="315392" total="315392" percent="100" />
    </mem>
    <remembered-set count="148" />
  </mem-info>
</gc-end>
<cycle-end id="214" type="scavenge" contextid="207" timestamp="2024-07-18T15:46:12.590" />
<allocation-satisfied id="215" threadId="000000000001E500" bytesRequested="450544" />
<af-end id="216" timestamp="2024-07-18T15:46:12.591" threadId="000000000001EF38" success="true" from="nursery"/>
<exclusive-end id="217" timestamp="2024-07-18T15:46:12.591" durationms="4.898" />

<exclusive-start id="218" timestamp="2024-07-18T15:46:12.610" intervalms="23.406">
  <response-info timems="0.033" idlems="0.033" threads="0" lastid="000000000001E500" lastname="main" />
</exclusive-start>
<af-start id="219" threadId="000000000001EF38" totalBytesRequested="7344" timestamp="2024-07-18T15:46:12.610" intervalms="23.467" type="nursery" />
<cycle-start id="220" type="scavenge" contextid="0" timestamp="2024-07-18T15:46:12.611" intervalms="23.490" />
<gc-start id="221" type="scavenge" contextid="220" timestamp="2024-07-18T15:46:12.611">
  <mem-info id="222" free="1869280" total="12451840" percent="15">
    <mem type="nursery" free="0" total="6160384" percent="0">
      <mem type="allocate" free="0" total="5242880" percent="0" />
      <mem type="survivor" free="0" total="917504" percent="0" />
    </mem>
    <mem type="tenure" free="1869280" total="6291456" percent="29">
      <mem type="soa" free="1553888" total="5976064" percent="26" />
      <mem type="loa" free="315392" total="315392" percent="100" />
    </mem>
    <remembered-set count="268" />
  </mem-info>
</gc-start>
<allocation-stats totalBytes="5078456" discardedBytes="79632" >
  <allocated-bytes non-tlh="866944" tlh="4211512" />
  <largest-consumer threadName="main" threadId="000000000001E500" bytes="5078456" />
</allocation-stats>
<gc-op id="223" type="scavenge" timems="0.719" contextid="220" timestamp="2024-07-18T15:46:12.613">
  <scavenger-info tenureage="5" tenuremask="7fe0" tiltratio="85" />
  <memory-copied type="nursery" objects="2891" bytes="165264" bytesdiscarded="31832" />
  <references type="phantom" candidates="2" cleared="0" enqueued="0" />
  <object-monitors candidates="5" cleared="0"  />
</gc-op>
<gc-end id="224" type="scavenge" contextid="220" durationms="1.954" usertimems="1.015" systemtimems="0.000" stalltimems="0.585" timestamp="2024-07-18T15:46:12.613" activeThreads="2">
  <mem-info id="225" free="7046128" total="12451840" percent="56">
    <mem type="nursery" free="5176848" total="6160384" percent="84">
      <mem type="allocate" free="5176848" total="5373952" percent="96" />
      <mem type="survivor" free="0" total="786432" percent="0" />
    </mem>
    <mem type="tenure" free="1869280" total="6291456" percent="29">
      <mem type="soa" free="1553888" total="5976064" percent="26" />
      <mem type="loa" free="315392" total="315392" percent="100" />
    </mem>
    <remembered-set count="150" />
  </mem-info>
</gc-end>
<cycle-end id="226" type="scavenge" contextid="220" timestamp="2024-07-18T15:46:12.614" />
<allocation-satisfied id="227" threadId="000000000001E500" bytesRequested="7344" />
<af-end id="228" timestamp="2024-07-18T15:46:12.614" threadId="000000000001EF38" success="true" from="nursery"/>
<exclusive-end id="229" timestamp="2024-07-18T15:46:12.615" durationms="4.827" />

<exclusive-start id="230" timestamp="2024-07-18T15:46:12.628" intervalms="18.226">
  <response-info timems="0.046" idlems="0.046" threads="0" lastid="000000000001E500" lastname="main" />
</exclusive-start>
<af-start id="231" threadId="000000000001EF38" totalBytesRequested="5312" timestamp="2024-07-18T15:46:12.628" intervalms="18.099" type="nursery" />
<cycle-start id="232" type="scavenge" contextid="0" timestamp="2024-07-18T15:46:12.629" intervalms="18.094" />
<gc-start id="233" type="scavenge" contextid="232" timestamp="2024-07-18T15:46:12.629">
  <mem-info id="234" free="1869176" total="12451840" percent="15">
    <mem type="nursery" free="0" total="6160384" percent="0">
      <mem type="allocate" free="0" total="5373952" percent="0" />
      <mem type="survivor" free="0" total="786432" percent="0" />
    </mem>
    <mem type="tenure" free="1869176" total="6291456" percent="29">
      <mem type="soa" free="1553784" total="5976064" percent="26" />
      <mem type="loa" free="315392" total="315392" percent="100" />
    </mem>
    <remembered-set count="241" />
  </mem-info>
</gc-start>
<allocation-stats totalBytes="5058000" discardedBytes="118952" >
  <allocated-bytes non-tlh="1535840" tlh="3522160" />
  <largest-consumer threadName="main" threadId="000000000001E500" bytes="5058000" />
</allocation-stats>
<gc-op id="235" type="scavenge" timems="0.975" contextid="232" timestamp="2024-07-18T15:46:12.631">
  <scavenger-info tenureage="3" tenuremask="7fc8" tiltratio="87" />
  <memory-copied type="nursery" objects="2947" bytes="126376" bytesdiscarded="47184" />
  <memory-copied type="tenure" objects="720" bytes="24216" bytesdiscarded="0" />
  <references type="weak" candidates="1" cleared="0" enqueued="0" />
  <references type="phantom" candidates="4" cleared="0" enqueued="0" />
  <object-monitors candidates="5" cleared="0"  />
</gc-op>
<heap-resize id="236" type="expand" space="nursery" amount="524288" count="1" timems="0.036" reason="excessive time being spent scavenging" timestamp="2024-07-18T15:46:12.631" />
<gc-end id="237" type="scavenge" contextid="232" durationms="2.500" usertimems="1.096" systemtimems="0.247" stalltimems="0.636" timestamp="2024-07-18T15:46:12.632" activeThreads="2">
  <mem-info id="238" free="7659384" total="12976128" percent="59">
    <mem type="nursery" free="5790208" total="6684672" percent="86">
      <mem type="allocate" free="5790208" total="5963776" percent="97" />
      <mem type="survivor" free="0" total="720896" percent="0" />
    </mem>
    <mem type="tenure" free="1869176" total="6291456" percent="29">
      <mem type="soa" free="1553784" total="5976064" percent="26" />
      <mem type="loa" free="315392" total="315392" percent="100" />
    </mem>
    <remembered-set count="178" />
  </mem-info>
</gc-end>
<cycle-end id="239" type="scavenge" contextid="232" timestamp="2024-07-18T15:46:12.632" />
<allocation-satisfied id="240" threadId="000000000001E500" bytesRequested="5312" />
<af-end id="241" timestamp="2024-07-18T15:46:12.633" threadId="000000000001EF38" success="true" from="nursery"/>
<exclusive-end id="242" timestamp="2024-07-18T15:46:12.633" durationms="5.044" />

<exclusive-start id="243" timestamp="2024-07-18T15:46:12.653" intervalms="24.665">
  <response-info timems="0.059" idlems="0.059" threads="0" lastid="000000000001E500" lastname="main" />
</exclusive-start>
<af-start id="244" threadId="000000000001EF38" totalBytesRequested="1664" timestamp="2024-07-18T15:46:12.653" intervalms="24.674" type="nursery" />
<cycle-start id="245" type="scavenge" contextid="0" timestamp="2024-07-18T15:46:12.653" intervalms="24.604" />
<gc-start id="246" type="scavenge" contextid="245" timestamp="2024-07-18T15:46:12.654">
  <mem-info id="247" free="1868856" total="12976128" percent="14">
    <mem type="nursery" free="0" total="6684672" percent="0">
      <mem type="allocate" free="0" total="5963776" percent="0" />
      <mem type="survivor" free="0" total="720896" percent="0" />
    </mem>
    <mem type="tenure" free="1868856" total="6291456" percent="29">
      <mem type="soa" free="1553464" total="5976064" percent="25" />
      <mem type="loa" free="315392" total="315392" percent="100" />
    </mem>
    <remembered-set count="325" />
  </mem-info>
</gc-start>
<allocation-stats totalBytes="5728120" discardedBytes="62408" >
  <allocated-bytes non-tlh="1260664" tlh="4467456" />
  <largest-consumer threadName="main" threadId="000000000001E500" bytes="5728120" />
</allocation-stats>
<gc-op id="248" type="scavenge" timems="0.844" contextid="245" timestamp="2024-07-18T15:46:12.655">
  <scavenger-info tenureage="7" tenuremask="7f80" tiltratio="89" />
  <memory-copied type="nursery" objects="4006" bytes="142520" bytesdiscarded="12352" />
  <references type="phantom" candidates="2" cleared="0" enqueued="0" />
  <object-monitors candidates="5" cleared="0"  />
</gc-op>
<gc-end id="249" type="scavenge" contextid="245" durationms="2.002" usertimems="1.518" systemtimems="0.356" stalltimems="0.244" timestamp="2024-07-18T15:46:12.656" activeThreads="2">
  <mem-info id="250" free="7677752" total="12976128" percent="59">
    <mem type="nursery" free="5808896" total="6684672" percent="86">
      <mem type="allocate" free="5808896" total="5963776" percent="97" />
      <mem type="survivor" free="0" total="720896" percent="0" />
    </mem>
    <mem type="tenure" free="1868856" total="6291456" percent="29">
      <mem type="soa" free="1553464" total="5976064" percent="25" />
      <mem type="loa" free="315392" total="315392" percent="100" />
    </mem>
    <remembered-set count="203" />
  </mem-info>
</gc-end>
<cycle-end id="251" type="scavenge" contextid="245" timestamp="2024-07-18T15:46:12.656" />
<allocation-satisfied id="252" threadId="000000000001E500" bytesRequested="1664" />
<af-end id="253" timestamp="2024-07-18T15:46:12.657" threadId="000000000001EF38" success="true" from="nursery"/>
<exclusive-end id="254" timestamp="2024-07-18T15:46:12.657" durationms="4.522" />

<exclusive-start id="255" timestamp="2024-07-18T15:46:12.680" intervalms="27.198">
  <response-info timems="0.041" idlems="0.041" threads="0" lastid="000000000001E500" lastname="main" />
</exclusive-start>
<af-start id="256" threadId="000000000001EF38" totalBytesRequested="1880" timestamp="2024-07-18T15:46:12.680" intervalms="27.267" type="nursery" />
<cycle-start id="257" type="scavenge" contextid="0" timestamp="2024-07-18T15:46:12.681" intervalms="27.327" />
<gc-start id="258" type="scavenge" contextid="257" timestamp="2024-07-18T15:46:12.681">
  <mem-info id="259" free="1868768" total="12976128" percent="14">
    <mem type="nursery" free="0" total="6684672" percent="0">
      <mem type="allocate" free="0" total="5963776" percent="0" />
      <mem type="survivor" free="0" total="720896" percent="0" />
    </mem>
    <mem type="tenure" free="1868768" total="6291456" percent="29">
      <mem type="soa" free="1553376" total="5976064" percent="25" />
      <mem type="loa" free="315392" total="315392" percent="100" />
    </mem>
    <remembered-set count="339" />
  </mem-info>
</gc-start>
<allocation-stats totalBytes="5733968" discardedBytes="75016" >
  <allocated-bytes non-tlh="798192" tlh="4935776" />
  <largest-consumer threadName="main" threadId="000000000001E500" bytes="5733968" />
</allocation-stats>
<gc-op id="260" type="scavenge" timems="0.910" contextid="257" timestamp="2024-07-18T15:46:12.683">
  <scavenger-info tenureage="3" tenuremask="ff58" tiltratio="89" />
  <memory-copied type="nursery" objects="3163" bytes="134608" bytesdiscarded="49184" />
  <memory-copied type="tenure" objects="2093" bytes="70264" bytesdiscarded="64" />
  <references type="phantom" candidates="3" cleared="0" enqueued="0" />
  <object-monitors candidates="5" cleared="0"  />
</gc-op>
<heap-resize id="261" type="expand" space="nursery" amount="393216" count="1" timems="0.033" reason="excessive time being spent scavenging" timestamp="2024-07-18T15:46:12.683" />
<gc-end id="262" type="scavenge" contextid="257" durationms="2.456" usertimems="1.524" systemtimems="0.000" stalltimems="0.450" timestamp="2024-07-18T15:46:12.684" activeThreads="2">
  <mem-info id="263" free="7887840" total="13369344" percent="58">
    <mem type="nursery" free="6107648" total="7077888" percent="86">
      <mem type="allocate" free="6107648" total="6291456" percent="97" />
      <mem type="survivor" free="0" total="786432" percent="0" />
    </mem>
    <mem type="tenure" free="1780192" total="6291456" percent="28">
      <mem type="soa" free="1464800" total="5976064" percent="24" />
      <mem type="loa" free="315392" total="315392" percent="100" />
    </mem>
    <remembered-set count="257" />
  </mem-info>
</gc-end>
<cycle-end id="264" type="scavenge" contextid="257" timestamp="2024-07-18T15:46:12.684" />
<allocation-satisfied id="265" threadId="000000000001E500" bytesRequested="1880" />
<af-end id="266" timestamp="2024-07-18T15:46:12.685" threadId="000000000001EF38" success="true" from="nursery"/>
<exclusive-end id="267" timestamp="2024-07-18T15:46:12.685" durationms="4.988" />

<exclusive-start id="268" timestamp="2024-07-18T15:46:12.735" intervalms="55.533">
  <response-info timems="0.048" idlems="0.048" threads="0" lastid="000000000001E500" lastname="main" />
</exclusive-start>
<af-start id="269" threadId="000000000001EF38" totalBytesRequested="21888" timestamp="2024-07-18T15:46:12.737" intervalms="56.212" type="nursery" />
<cycle-start id="270" type="scavenge" contextid="0" timestamp="2024-07-18T15:46:12.737" intervalms="56.637" />
<gc-start id="271" type="scavenge" contextid="270" timestamp="2024-07-18T15:46:12.738">
  <mem-info id="272" free="1780032" total="13369344" percent="13">
    <mem type="nursery" free="0" total="7077888" percent="0">
      <mem type="allocate" free="0" total="6291456" percent="0" />
      <mem type="survivor" free="0" total="786432" percent="0" />
    </mem>
    <mem type="tenure" free="1780032" total="6291456" percent="28">
      <mem type="soa" free="1464640" total="5976064" percent="24" />
      <mem type="loa" free="315392" total="315392" percent="100" />
    </mem>
    <remembered-set count="422" />
  </mem-info>
</gc-start>
<allocation-stats totalBytes="5980808" discardedBytes="127000" >
  <allocated-bytes non-tlh="1024136" tlh="4956672" />
  <largest-consumer threadName="main" threadId="000000000001E500" bytes="5980808" />
</allocation-stats>
<gc-op id="273" type="scavenge" timems="1.037" contextid="270" timestamp="2024-07-18T15:46:12.739">
  <scavenger-info tenureage="3" tenuremask="7e08" tiltratio="88" />
  <memory-copied type="nursery" objects="3352" bytes="280408" bytesdiscarded="19592" />
  <memory-copied type="tenure" objects="816" bytes="35056" bytesdiscarded="32" />
  <references type="weak" candidates="1" cleared="0" enqueued="0" />
  <references type="phantom" candidates="4" cleared="0" enqueued="0" />
  <object-monitors candidates="5" cleared="0"  />
</gc-op>
<gc-end id="274" type="scavenge" contextid="270" durationms="2.132" usertimems="0.000" systemtimems="2.275" stalltimems="0.298" timestamp="2024-07-18T15:46:12.740" activeThreads="2">
  <mem-info id="275" free="7769160" total="13369344" percent="58">
    <mem type="nursery" free="6056984" total="7077888" percent="85">
      <mem type="allocate" free="6056984" total="6356992" percent="95" />
      <mem type="survivor" free="0" total="720896" percent="0" />
    </mem>
    <mem type="tenure" free="1712176" total="6291456" percent="27">
      <mem type="soa" free="1396784" total="5976064" percent="23" />
      <mem type="loa" free="315392" total="315392" percent="100" />
    </mem>
    <remembered-set count="311" />
  </mem-info>
</gc-end>
<cycle-end id="276" type="scavenge" contextid="270" timestamp="2024-07-18T15:46:12.740" />
<allocation-satisfied id="277" threadId="000000000001E500" bytesRequested="21888" />
<af-end id="278" timestamp="2024-07-18T15:46:12.741" threadId="000000000001EF38" success="true" from="nursery"/>
<exclusive-end id="279" timestamp="2024-07-18T15:46:12.742" durationms="6.243" />

<exclusive-start id="280" timestamp="2024-07-18T15:46:12.793" intervalms="57.392">
  <response-info timems="0.046" idlems="0.046" threads="0" lastid="000000000001E500" lastname="main" />
</exclusive-start>
<af-start id="281" threadId="000000000001EF38" totalBytesRequested="2056" timestamp="2024-07-18T15:46:12.794" intervalms="57.157" type="nursery" />
<cycle-start id="282" type="scavenge" contextid="0" timestamp="2024-07-18T15:46:12.794" intervalms="56.867" />
<gc-start id="283" type="scavenge" contextid="282" timestamp="2024-07-18T15:46:12.795">
  <mem-info id="284" free="1712016" total="13369344" percent="12">
    <mem type="nursery" free="0" total="7077888" percent="0">
      <mem type="allocate" free="0" total="6356992" percent="0" />
      <mem type="survivor" free="0" total="720896" percent="0" />
    </mem>
    <mem type="tenure" free="1712016" total="6291456" percent="27">
      <mem type="soa" free="1396624" total="5976064" percent="23" />
      <mem type="loa" free="315392" total="315392" percent="100" />
    </mem>
    <remembered-set count="495" />
  </mem-info>
</gc-start>
<allocation-stats totalBytes="5927168" discardedBytes="129976" >
  <allocated-bytes non-tlh="1481600" tlh="4445568" />
  <largest-consumer threadName="main" threadId="000000000001E500" bytes="5927168" />
</allocation-stats>
<gc-op id="285" type="scavenge" timems="1.270" contextid="282" timestamp="2024-07-18T15:46:12.797">
  <scavenger-info tenureage="3" tenuremask="7c08" tiltratio="89" />
  <memory-copied type="nursery" objects="3451" bytes="179576" bytesdiscarded="64520" />
  <memory-copied type="tenure" objects="1069" bytes="36136" bytesdiscarded="0" />
  <references type="phantom" candidates="3" cleared="0" enqueued="0" />
  <object-monitors candidates="5" cleared="0"  />
</gc-op>
<gc-end id="286" type="scavenge" contextid="282" durationms="2.474" usertimems="1.849" systemtimems="0.457" stalltimems="0.397" timestamp="2024-07-18T15:46:12.797" activeThreads="2">
  <mem-info id="287" free="7824896" total="13369344" percent="58">
    <mem type="nursery" free="6112880" total="7077888" percent="86">
      <mem type="allocate" free="6112880" total="6356992" percent="96" />
      <mem type="survivor" free="0" total="720896" percent="0" />
    </mem>
    <mem type="tenure" free="1712016" total="6291456" percent="27">
      <mem type="soa" free="1396624" total="5976064" percent="23" />
      <mem type="loa" free="315392" total="315392" percent="100" />
    </mem>
    <remembered-set count="271" />
  </mem-info>
</gc-end>
<cycle-end id="288" type="scavenge" contextid="282" timestamp="2024-07-18T15:46:12.797" />
<allocation-satisfied id="289" threadId="000000000001E500" bytesRequested="2056" />
<af-end id="290" timestamp="2024-07-18T15:46:12.798" threadId="000000000001EF38" success="true" from="nursery"/>
<exclusive-end id="291" timestamp="2024-07-18T15:46:12.798" durationms="5.505" />

<exclusive-start id="292" timestamp="2024-07-18T15:46:12.829" intervalms="36.670">
  <response-info timems="0.050" idlems="0.050" threads="0" lastid="000000000001E500" lastname="main" />
</exclusive-start>
<af-start id="293" threadId="000000000001EF38" totalBytesRequested="100928" timestamp="2024-07-18T15:46:12.831" intervalms="37.087" type="nursery" />
<cycle-start id="294" type="scavenge" contextid="0" timestamp="2024-07-18T15:46:12.831" intervalms="36.987" />
<gc-start id="295" type="scavenge" contextid="294" timestamp="2024-07-18T15:46:12.832">
  <mem-info id="296" free="1770256" total="13369344" percent="13">
    <mem type="nursery" free="58336" total="7077888" percent="0">
      <mem type="allocate" free="58336" total="6356992" percent="0" />
      <mem type="survivor" free="0" total="720896" percent="0" />
    </mem>
    <mem type="tenure" free="1711920" total="6291456" percent="27">
      <mem type="soa" free="1396528" total="5976064" percent="23" />
      <mem type="loa" free="315392" total="315392" percent="100" />
    </mem>
    <remembered-set count="437" />
  </mem-info>
</gc-start>
<allocation-stats totalBytes="5914672" discardedBytes="139968" >
  <allocated-bytes non-tlh="774896" tlh="5139776" />
  <largest-consumer threadName="main" threadId="000000000001E500" bytes="5914672" />
</allocation-stats>
<gc-op id="297" type="scavenge" timems="0.915" contextid="294" timestamp="2024-07-18T15:46:12.833">
  <scavenger-info tenureage="3" tenuremask="7808" tiltratio="89" />
  <memory-copied type="nursery" objects="3382" bytes="128576" bytesdiscarded="85944" />
  <memory-copied type="tenure" objects="1156" bytes="38824" bytesdiscarded="8" />
  <references type="phantom" candidates="2" cleared="0" enqueued="0" />
  <object-monitors candidates="5" cleared="0"  />
</gc-op>
<gc-end id="298" type="scavenge" contextid="294" durationms="1.797" usertimems="1.866" systemtimems="0.000" stalltimems="0.218" timestamp="2024-07-18T15:46:12.833" activeThreads="2">
  <mem-info id="299" free="7765808" total="13369344" percent="58">
    <mem type="nursery" free="6142464" total="7077888" percent="86">
      <mem type="allocate" free="6142464" total="6356992" percent="96" />
      <mem type="survivor" free="0" total="720896" percent="0" />
    </mem>
    <mem type="tenure" free="1623344" total="6291456" percent="25">
      <mem type="soa" free="1307952" total="5976064" percent="21" />
      <mem type="loa" free="315392" total="315392" percent="100" />
    </mem>
    <remembered-set count="281" />
  </mem-info>
</gc-end>
<cycle-end id="300" type="scavenge" contextid="294" timestamp="2024-07-18T15:46:12.834" />
<allocation-satisfied id="301" threadId="000000000001E500" bytesRequested="100928" />
<af-end id="302" timestamp="2024-07-18T15:46:12.834" threadId="000000000001EF38" success="true" from="nursery"/>
<exclusive-end id="303" timestamp="2024-07-18T15:46:12.834" durationms="5.033" />

<exclusive-start id="304" timestamp="2024-07-18T15:46:12.878" intervalms="48.340">
  <response-info timems="0.134" idlems="0.134" threads="0" lastid="000000000001E500" lastname="main" />
</exclusive-start>
<af-start id="305" threadId="000000000001EF38" totalBytesRequested="8200" timestamp="2024-07-18T15:46:12.878" intervalms="47.350" type="nursery" />
<cycle-start id="306" type="scavenge" contextid="0" timestamp="2024-07-18T15:46:12.878" intervalms="47.267" />
<gc-start id="307" type="scavenge" contextid="306" timestamp="2024-07-18T15:46:12.879">
  <mem-info id="308" free="1623344" total="13369344" percent="12">
    <mem type="nursery" free="0" total="7077888" percent="0">
      <mem type="allocate" free="0" total="6356992" percent="0" />
      <mem type="survivor" free="0" total="720896" percent="0" />
    </mem>
    <mem type="tenure" free="1623344" total="6291456" percent="25">
      <mem type="soa" free="1307952" total="5976064" percent="21" />
      <mem type="loa" free="315392" total="315392" percent="100" />
    </mem>
    <remembered-set count="466" />
  </mem-info>
</gc-start>
<allocation-stats totalBytes="6009704" discardedBytes="132760" >
  <allocated-bytes non-tlh="1130704" tlh="4879000" />
  <largest-consumer threadName="main" threadId="000000000001E500" bytes="6009704" />
</allocation-stats>
<gc-op id="309" type="scavenge" timems="0.982" contextid="306" timestamp="2024-07-18T15:46:12.880">
  <scavenger-info tenureage="3" tenuremask="7008" tiltratio="89" />
  <memory-copied type="nursery" objects="3525" bytes="148448" bytesdiscarded="47376" />
  <memory-copied type="tenure" objects="1071" bytes="35784" bytesdiscarded="16" />
  <references type="phantom" candidates="3" cleared="0" enqueued="0" />
  <object-monitors candidates="5" cleared="0"  />
</gc-op>
<gc-end id="310" type="scavenge" contextid="306" durationms="1.899" usertimems="1.481" systemtimems="0.345" stalltimems="0.170" timestamp="2024-07-18T15:46:12.881" activeThreads="2">
  <mem-info id="311" free="7714608" total="13369344" percent="57">
    <mem type="nursery" free="6161152" total="7077888" percent="87">
      <mem type="allocate" free="6161152" total="6356992" percent="96" />
      <mem type="survivor" free="0" total="720896" percent="0" />
    </mem>
    <mem type="tenure" free="1553456" total="6291456" percent="24">
      <mem type="soa" free="1238064" total="5976064" percent="20" />
      <mem type="loa" free="315392" total="315392" percent="100" />
    </mem>
    <remembered-set count="304" />
  </mem-info>
</gc-end>
<cycle-end id="312" type="scavenge" contextid="306" timestamp="2024-07-18T15:46:12.881" />
<allocation-satisfied id="313" threadId="000000000001E500" bytesRequested="8200" />
<af-end id="314" timestamp="2024-07-18T15:46:12.881" threadId="000000000001EF38" success="true" from="nursery"/>
<exclusive-end id="315" timestamp="2024-07-18T15:46:12.882" durationms="3.934" />

<exclusive-start id="316" timestamp="2024-07-18T15:46:12.923" intervalms="45.380">
  <response-info timems="0.165" idlems="0.107" threads="1" lastid="0000000000022100" lastname="JIT Compilation Thread-000" />
</exclusive-start>
<af-start id="317" threadId="000000000001EF38" totalBytesRequested="48" timestamp="2024-07-18T15:46:12.923" intervalms="45.359" type="nursery" />
<cycle-start id="318" type="scavenge" contextid="0" timestamp="2024-07-18T15:46:12.924" intervalms="45.384" />
<gc-start id="319" type="scavenge" contextid="318" timestamp="2024-07-18T15:46:12.924">
  <mem-info id="320" free="1550672" total="13369344" percent="11">
    <mem type="nursery" free="0" total="7077888" percent="0">
      <mem type="allocate" free="0" total="6356992" percent="0" />
      <mem type="survivor" free="0" total="720896" percent="0" />
    </mem>
    <mem type="tenure" free="1550672" total="6291456" percent="24">
      <mem type="soa" free="1235280" total="5976064" percent="20" />
      <mem type="loa" free="315392" total="315392" percent="100" />
    </mem>
    <remembered-set count="574" />
  </mem-info>
</gc-start>
<allocation-stats totalBytes="6160472" discardedBytes="3464" >
  <allocated-bytes non-tlh="779976" tlh="5380496" />
  <largest-consumer threadName="main" threadId="000000000001E500" bytes="6156376" />
</allocation-stats>
<gc-op id="321" type="scavenge" timems="1.125" contextid="318" timestamp="2024-07-18T15:46:12.926">
  <scavenger-info tenureage="3" tenuremask="e008" tiltratio="89" />
  <memory-copied type="nursery" objects="6183" bytes="312856" bytesdiscarded="53264" />
  <memory-copied type="tenure" objects="1116" bytes="52616" bytesdiscarded="24" />
  <finalization candidates="7" enqueued="4" />
  <ownableSynchronizers candidates="32" cleared="18" />
  <references type="weak" candidates="16" cleared="11" enqueued="11" />
  <references type="phantom" candidates="22" cleared="1" enqueued="1" />
  <object-monitors candidates="6" cleared="0"  />
</gc-op>
<gc-end id="322" type="scavenge" contextid="318" durationms="1.901" usertimems="1.687" systemtimems="0.387" stalltimems="0.526" timestamp="2024-07-18T15:46:12.926" activeThreads="2">
  <mem-info id="323" free="7421960" total="13369344" percent="55">
    <mem type="nursery" free="5990584" total="7077888" percent="84">
      <mem type="allocate" free="5990584" total="6356992" percent="94" />
      <mem type="survivor" free="0" total="720896" percent="0" />
    </mem>
    <mem type="tenure" free="1431376" total="6291456" percent="22">
      <mem type="soa" free="1115984" total="5976064" percent="18" />
      <mem type="loa" free="315392" total="315392" percent="100" />
    </mem>
    <pending-finalizers system="4" default="0" reference="12" classloader="0" />
    <remembered-set count="443" />
  </mem-info>
</gc-end>
<cycle-end id="324" type="scavenge" contextid="318" timestamp="2024-07-18T15:46:12.926" />
<allocation-satisfied id="325" threadId="000000000001E500" bytesRequested="48" />
<af-end id="326" timestamp="2024-07-18T15:46:12.927" threadId="000000000001EF38" success="true" from="nursery"/>
<exclusive-end id="327" timestamp="2024-07-18T15:46:12.927" durationms="3.671" />

<exclusive-start id="328" timestamp="2024-07-18T15:46:13.030" intervalms="107.027">
  <response-info timems="0.063" idlems="0.033" threads="1" lastid="0000000000022100" lastname="JIT Compilation Thread-000" />
</exclusive-start>
<af-start id="329" threadId="000000000001EF38" totalBytesRequested="1040" timestamp="2024-07-18T15:46:13.030" intervalms="107.010" type="nursery" />
<cycle-start id="330" type="scavenge" contextid="0" timestamp="2024-07-18T15:46:13.031" intervalms="106.907" />
<gc-start id="331" type="scavenge" contextid="330" timestamp="2024-07-18T15:46:13.031">
  <mem-info id="332" free="1413736" total="13369344" percent="10">
    <mem type="nursery" free="0" total="7077888" percent="0">
      <mem type="allocate" free="0" total="6356992" percent="0" />
      <mem type="survivor" free="0" total="720896" percent="0" />
    </mem>
    <mem type="tenure" free="1413736" total="6291456" percent="22">
      <mem type="soa" free="1098344" total="5976064" percent="18" />
      <mem type="loa" free="315392" total="315392" percent="100" />
    </mem>
    <remembered-set count="1360" />
  </mem-info>
</gc-start>
<allocation-stats totalBytes="6003848" discardedBytes="4376" >
  <allocated-bytes non-tlh="17688" tlh="5986160" />
  <largest-consumer threadName="main" threadId="000000000001E500" bytes="5999752" />
</allocation-stats>
<gc-op id="333" type="scavenge" timems="2.215" contextid="330" timestamp="2024-07-18T15:46:13.034">
  <scavenger-info tenureage="3" tenuremask="4008" tiltratio="89" />
  <memory-copied type="nursery" objects="11959" bytes="716680" bytesdiscarded="328" />
  <memory-copied type="tenure" objects="6150" bytes="235792" bytesdiscarded="8" />
  <copy-failed type="nursery" objects="4976" bytes="196568" />
  <finalization candidates="97" enqueued="53" />
  <ownableSynchronizers candidates="104" cleared="52" />
  <references type="soft" candidates="30" cleared="0" enqueued="0" dynamicThreshold="32" maxThreshold="32" />
  <references type="weak" candidates="94" cleared="72" enqueued="72" />
  <references type="phantom" candidates="88" cleared="17" enqueued="17" />
  <object-monitors candidates="6" cleared="0"  />
</gc-op>
<gc-end id="334" type="scavenge" contextid="330" durationms="2.976" usertimems="4.113" systemtimems="0.000" stalltimems="0.513" timestamp="2024-07-18T15:46:13.034" activeThreads="2">
  <mem-info id="335" free="5831440" total="13369344" percent="43">
    <mem type="nursery" free="4587520" total="7077888" percent="64">
      <mem type="allocate" free="4587520" total="5308416" percent="86" />
      <mem type="survivor" free="0" total="1769472" percent="0" />
    </mem>
    <mem type="tenure" free="1243920" total="6291456" percent="19">
      <mem type="soa" free="928528" total="5976064" percent="15" />
      <mem type="loa" free="315392" total="315392" percent="100" />
    </mem>
    <pending-finalizers system="53" default="0" reference="89" classloader="0" />
    <remembered-set count="1812" />
  </mem-info>
</gc-end>
<cycle-end id="336" type="scavenge" contextid="330" timestamp="2024-07-18T15:46:13.034" />
<allocation-satisfied id="337" threadId="000000000001E500" bytesRequested="1040" />
<af-end id="338" timestamp="2024-07-18T15:46:13.035" threadId="000000000001EF38" success="true" from="nursery"/>
<exclusive-end id="339" timestamp="2024-07-18T15:46:13.035" durationms="4.676" />

<concurrent-kickoff id="340" timestamp="2024-07-18T15:46:13.102">
  <kickoff reason="threshold reached" targetBytes="1867303" thresholdFreeBytes="259343"  remainingFree="60392" tenureFreeBytes="1072144" nurseryFreeBytes="60392" />
</concurrent-kickoff>
<exclusive-start id="341" timestamp="2024-07-18T15:46:13.103" intervalms="72.991">
  <response-info timems="0.046" idlems="0.046" threads="0" lastid="00000000005C9600" lastname="Equinox start level thread - Equinox Container: 4cf6e2be-ca4b-4" />
</exclusive-start>
<cycle-start id="342" type="global" contextid="0" timestamp="2024-07-18T15:46:13.103" intervalms="1129.572" />
<concurrent-start id="343" type="global mark" contextid="342" timestamp="2024-07-18T15:46:13.104">
</concurrent-start>
<exclusive-end id="344" timestamp="2024-07-18T15:46:13.104" durationms="0.652" />

<concurrent-end id="345" type="global mark" contextid="342" timestamp="2024-07-18T15:46:13.110">
<gc-op id="346" type="trace" timems="5.957" contextid="342" timestamp="2024-07-18T15:46:13.110">
  <trace bytesTraced="2496584" workStackOverflowCount="0" />
  <card-cleaning reason="card cleaning threshold reached" bytesTraced="13120" cardsCleaned="36" />
</gc-op>
</concurrent-end>

<exclusive-start id="347" timestamp="2024-07-18T15:46:13.110" intervalms="6.884">
  <response-info timems="0.046" idlems="0.046" threads="0" lastid="00000000005BE800" lastname="Equinox start level thread - Equinox Container: 4cf6e2be-ca4b-4" />
</exclusive-start>
<concurrent-global-final id="348" timestamp="2024-07-18T15:46:13.110" contextid="342" intervalms="1136.425" >
  <concurrent-trace-info reason="card cleaning threshold reached" tracedByMutators="544080" tracedByHelpers="1965624" cardsCleaned="36" workStackOverflowCount="0" />
</concurrent-global-final>
<gc-start id="349" type="global" contextid="342" timestamp="2024-07-18T15:46:13.111">
  <mem-info id="350" free="1066432" total="13369344" percent="7">
    <mem type="nursery" free="0" total="7077888" percent="0">
      <mem type="allocate" free="0" total="5308416" percent="0" />
      <mem type="survivor" free="0" total="1769472" percent="0" />
    </mem>
    <mem type="tenure" free="1066432" total="6291456" percent="16">
      <mem type="soa" free="751040" total="5976064" percent="12" />
      <mem type="loa" free="315392" total="315392" percent="100" />
    </mem>
    <remembered-set count="4523" />
  </mem-info>
</gc-start>
<allocation-stats totalBytes="4751064" discardedBytes="13944" >
  <allocated-bytes non-tlh="186728" tlh="4564336" />
  <largest-consumer threadName="main" threadId="000000000001E500" bytes="2575504" />
</allocation-stats>
<gc-op id="351" type="rs-scan" timems="0.980" contextid="342" timestamp="2024-07-18T15:46:13.112">
  <scan objectsFound="20555" bytesTraced="757644" workStackOverflowCount="0" />
</gc-op>
<gc-op id="352" type="card-cleaning" timems="0.347" contextid="342" timestamp="2024-07-18T15:46:13.112">
  <card-cleaning cardsCleaned="9" bytesTraced="13444" workStackOverflowCount="0" />
</gc-op>
<gc-op id="353" type="mark" timems="4.147" contextid="342" timestamp="2024-07-18T15:46:13.117">
  <trace-info objectcount="4571" scancount="3878" scanbytes="118448" />
  <finalization candidates="808" enqueued="200" />
  <ownableSynchronizers candidates="114" cleared="2" />
  <references type="soft" candidates="4716" cleared="0" enqueued="0" dynamicThreshold="32" maxThreshold="32" />
  <references type="weak" candidates="1140" cleared="325" enqueued="325" />
  <references type="phantom" candidates="134" cleared="17" enqueued="17" />
  <stringconstants candidates="10435" cleared="55"  />
  <object-monitors candidates="16" cleared="7"  />
</gc-op>
<gc-op id="354" type="classunload" timems="0.016" contextid="342" timestamp="2024-07-18T15:46:13.117">
  <classunload-info classloadercandidates="20" classloadersunloaded="0" classesunloaded="0" anonymousclassesunloaded="0" quiescems="0.000" setupms="0.014" scanms="0.002" postms="0.000" />
</gc-op>
<gc-op id="355" type="sweep" timems="0.725" contextid="342" timestamp="2024-07-18T15:46:13.118" />
<heap-resize id="356" type="expand" space="tenure" amount="1048576" count="1" timems="0.023" reason="insufficient free space following gc" timestamp="2024-07-18T15:46:13.118" />
<gc-end id="357" type="global" contextid="342" durationms="7.776" usertimems="12.002" systemtimems="2.175" stalltimems="19.646" timestamp="2024-07-18T15:46:13.118" activeThreads="6">
  <mem-info id="358" free="6344576" total="14417920" percent="44">
    <mem type="nursery" free="3863136" total="7077888" percent="54">
      <mem type="allocate" free="3863136" total="5308416" percent="72" />
      <mem type="survivor" free="0" total="1769472" percent="0" />
    </mem>
    <mem type="tenure" free="2481440" total="7340032" percent="33" micro-fragmented="101506" macro-fragmented="0">
      <mem type="soa" free="2113824" total="6972416" percent="30" />
      <mem type="loa" free="367616" total="367616" percent="100" />
    </mem>
    <pending-finalizers system="200" default="0" reference="342" classloader="0" />
    <remembered-set count="3415" />
  </mem-info>
</gc-end>
<cycle-end id="359" type="global" contextid="342" timestamp="2024-07-18T15:46:13.119" />
<exclusive-end id="360" timestamp="2024-07-18T15:46:13.119" durationms="8.650" />

<exclusive-start id="361" timestamp="2024-07-18T15:46:13.193" intervalms="83.051">
  <response-info timems="0.062" idlems="0.062" threads="0" lastid="00000000005BE800" lastname="Equinox start level thread - Equinox Container: 4cf6e2be-ca4b-4" />
</exclusive-start>
<af-start id="362" threadId="00000000005BF238" totalBytesRequested="72" timestamp="2024-07-18T15:46:13.193" intervalms="162.907" type="nursery" />
<cycle-start id="363" type="scavenge" contextid="0" timestamp="2024-07-18T15:46:13.194" intervalms="162.985" />
<gc-start id="364" type="scavenge" contextid="363" timestamp="2024-07-18T15:46:13.194">
  <mem-info id="365" free="2309136" total="14417920" percent="16">
    <mem type="nursery" free="0" total="7077888" percent="0">
      <mem type="allocate" free="0" total="5308416" percent="0" />
      <mem type="survivor" free="0" total="1769472" percent="0" />
    </mem>
    <mem type="tenure" free="2309136" total="7340032" percent="31">
      <mem type="soa" free="1941520" total="6972416" percent="27" />
      <mem type="loa" free="367616" total="367616" percent="100" />
    </mem>
    <remembered-set count="5431" />
  </mem-info>
</gc-start>
<allocation-stats totalBytes="3990944" discardedBytes="25400" >
  <allocated-bytes non-tlh="343624" tlh="3647320" />
  <largest-consumer threadName="Equinox start level thread - Equinox Container: 4cf6e2be-ca4b-4e6f-bc01-ad181bce7518" threadId="00000000005BE800" bytes="2747248" />
</allocation-stats>
<gc-op id="366" type="scavenge" timems="3.816" contextid="363" timestamp="2024-07-18T15:46:13.198">
  <scavenger-info tenureage="3" tenuremask="ffe8" tiltratio="75" />
  <memory-copied type="nursery" objects="29631" bytes="1428008" bytesdiscarded="51672" />
  <memory-copied type="tenure" objects="713" bytes="23760" bytesdiscarded="16" />
  <finalization candidates="352" enqueued="99" />
  <ownableSynchronizers candidates="345" cleared="181" />
  <references type="soft" candidates="310" cleared="0" enqueued="0" dynamicThreshold="10" maxThreshold="32" />
  <references type="weak" candidates="713" cleared="271" enqueued="271" />
  <references type="phantom" candidates="98" cleared="21" enqueued="21" />
  <object-monitors candidates="11" cleared="0"  />
</gc-op>
<gc-end id="367" type="scavenge" contextid="363" durationms="4.771" usertimems="6.355" systemtimems="1.065" stalltimems="0.360" timestamp="2024-07-18T15:46:13.199" activeThreads="2">
  <mem-info id="368" free="5710136" total="14417920" percent="39">
    <mem type="nursery" free="3430448" total="7077888" percent="48">
      <mem type="allocate" free="3430448" total="4915200" percent="69" />
      <mem type="survivor" free="0" total="2162688" percent="0" />
    </mem>
    <mem type="tenure" free="2279688" total="7340032" percent="31">
      <mem type="soa" free="1912072" total="6972416" percent="27" />
      <mem type="loa" free="367616" total="367616" percent="100" />
    </mem>
    <pending-finalizers system="99" default="0" reference="292" classloader="0" />
    <remembered-set count="5210" />
  </mem-info>
</gc-end>
<cycle-end id="369" type="scavenge" contextid="363" timestamp="2024-07-18T15:46:13.199" />
<allocation-satisfied id="370" threadId="00000000005BE800" bytesRequested="72" />
<af-end id="371" timestamp="2024-07-18T15:46:13.200" threadId="00000000005BF238" success="true" from="nursery"/>
<exclusive-end id="372" timestamp="2024-07-18T15:46:13.200" durationms="6.710" />

<exclusive-start id="373" timestamp="2024-07-18T15:46:13.259" intervalms="65.721">
  <response-info timems="0.057" idlems="0.057" threads="0" lastid="00000000005BE800" lastname="Equinox start level thread - Equinox Container: 4cf6e2be-ca4b-4" />
</exclusive-start>
<af-start id="374" threadId="00000000005BF238" totalBytesRequested="24" timestamp="2024-07-18T15:46:13.259" intervalms="65.814" type="nursery" />
<cycle-start id="375" type="scavenge" contextid="0" timestamp="2024-07-18T15:46:13.259" intervalms="65.763" />
<gc-start id="376" type="scavenge" contextid="375" timestamp="2024-07-18T15:46:13.260">
  <mem-info id="377" free="2224704" total="14417920" percent="15">
    <mem type="nursery" free="0" total="7077888" percent="0">
      <mem type="allocate" free="0" total="4915200" percent="0" />
      <mem type="survivor" free="0" total="2162688" percent="0" />
    </mem>
    <mem type="tenure" free="2224704" total="7340032" percent="30">
      <mem type="soa" free="1857088" total="6972416" percent="26" />
      <mem type="loa" free="367616" total="367616" percent="100" />
    </mem>
    <remembered-set count="5976" />
  </mem-info>
</gc-start>
<allocation-stats totalBytes="3482056" discardedBytes="3376" >
  <allocated-bytes non-tlh="87840" tlh="3394216" />
  <largest-consumer threadName="Equinox start level thread - Equinox Container: 4cf6e2be-ca4b-4e6f-bc01-ad181bce7518" threadId="00000000005BE800" bytes="1542568" />
</allocation-stats>
<gc-op id="378" type="scavenge" timems="2.676" contextid="375" timestamp="2024-07-18T15:46:13.263">
  <scavenger-info tenureage="3" tenuremask="ffe8" tiltratio="69" />
  <memory-copied type="nursery" objects="39198" bytes="1711712" bytesdiscarded="62568" />
  <memory-copied type="tenure" objects="2447" bytes="176144" bytesdiscarded="232" />
  <finalization candidates="272" enqueued="14" />
  <ownableSynchronizers candidates="767" cleared="254" />
  <references type="soft" candidates="586" cleared="0" enqueued="0" dynamicThreshold="10" maxThreshold="32" />
  <references type="weak" candidates="724" cleared="165" enqueued="165" />
  <references type="phantom" candidates="62" cleared="4" enqueued="4" />
  <object-monitors candidates="13" cleared="0"  />
</gc-op>
<gc-end id="379" type="scavenge" contextid="375" durationms="3.565" usertimems="7.213" systemtimems="0.000" stalltimems="1.158" timestamp="2024-07-18T15:46:13.263" activeThreads="3">
  <mem-info id="380" free="4943856" total="14417920" percent="34">
    <mem type="nursery" free="3004328" total="7077888" percent="42">
      <mem type="allocate" free="3004328" total="4784128" percent="62" />
      <mem type="survivor" free="0" total="2293760" percent="0" />
    </mem>
    <mem type="tenure" free="1939528" total="7340032" percent="26">
      <mem type="soa" free="1571912" total="6972416" percent="22" />
      <mem type="loa" free="367616" total="367616" percent="100" />
    </mem>
    <pending-finalizers system="14" default="0" reference="169" classloader="0" />
    <remembered-set count="5709" />
  </mem-info>
</gc-end>
<cycle-end id="381" type="scavenge" contextid="375" timestamp="2024-07-18T15:46:13.264" />
<allocation-satisfied id="382" threadId="00000000005BE800" bytesRequested="24" />
<af-end id="383" timestamp="2024-07-18T15:46:13.264" threadId="00000000005BF238" success="true" from="nursery"/>
<exclusive-end id="384" timestamp="2024-07-18T15:46:13.264" durationms="5.559" />

<exclusive-start id="385" timestamp="2024-07-18T15:46:13.286" intervalms="27.516">
  <response-info timems="0.030" idlems="0.030" threads="0" lastid="00000000007FF800" lastname="Default Executor-thread-1" />
</exclusive-start>
<af-start id="386" threadId="0000000000800238" totalBytesRequested="16392" timestamp="2024-07-18T15:46:13.287" intervalms="27.511" type="nursery" />
<cycle-start id="387" type="scavenge" contextid="0" timestamp="2024-07-18T15:46:13.287" intervalms="27.525" />
<gc-start id="388" type="scavenge" contextid="387" timestamp="2024-07-18T15:46:13.287">
  <mem-info id="389" free="1904264" total="14417920" percent="13">
    <mem type="nursery" free="0" total="7077888" percent="0">
      <mem type="allocate" free="0" total="4784128" percent="0" />
      <mem type="survivor" free="0" total="2293760" percent="0" />
    </mem>
    <mem type="tenure" free="1904264" total="7340032" percent="25">
      <mem type="soa" free="1536648" total="6972416" percent="22" />
      <mem type="loa" free="367616" total="367616" percent="100" />
    </mem>
    <remembered-set count="6184" />
  </mem-info>
</gc-start>
<allocation-stats totalBytes="2978856" discardedBytes="60736" >
  <allocated-bytes non-tlh="35288" tlh="2943568" />
  <largest-consumer threadName="Default Executor-thread-1" threadId="00000000007FF800" bytes="2317696" />
</allocation-stats>
<gc-op id="390" type="scavenge" timems="2.713" contextid="387" timestamp="2024-07-18T15:46:13.291">
  <scavenger-info tenureage="3" tenuremask="ffe8" tiltratio="67" />
  <memory-copied type="nursery" objects="41860" bytes="1620416" bytesdiscarded="71032" />
  <memory-copied type="tenure" objects="6881" bytes="440520" bytesdiscarded="152" />
  <finalization candidates="263" enqueued="4" />
  <ownableSynchronizers candidates="577" cleared="28" />
  <references type="soft" candidates="662" cleared="0" enqueued="0" dynamicThreshold="10" maxThreshold="32" />
  <references type="weak" candidates="713" cleared="125" enqueued="125" />
  <references type="phantom" candidates="8" cleared="1" enqueued="1" />
  <object-monitors candidates="15" cleared="1"  />
</gc-op>
<heap-resize id="391" type="expand" space="nursery" amount="655360" count="1" timems="0.020" reason="excessive time being spent scavenging" timestamp="2024-07-18T15:46:13.291" />
<gc-end id="392" type="scavenge" contextid="387" durationms="3.805" usertimems="7.978" systemtimems="0.000" stalltimems="2.806" timestamp="2024-07-18T15:46:13.291" activeThreads="4">
  <mem-info id="393" free="4671752" total="15073280" percent="30">
    <mem type="nursery" free="3547112" total="7733248" percent="45">
      <mem type="allocate" free="3547112" total="5242880" percent="67" />
      <mem type="survivor" free="0" total="2490368" percent="0" />
    </mem>
    <mem type="tenure" free="1124640" total="7340032" percent="15">
      <mem type="soa" free="757024" total="6972416" percent="10" />
      <mem type="loa" free="367616" total="367616" percent="100" />
    </mem>
    <pending-finalizers system="4" default="0" reference="126" classloader="0" />
    <remembered-set count="2457" />
  </mem-info>
</gc-end>
<cycle-end id="394" type="scavenge" contextid="387" timestamp="2024-07-18T15:46:13.291" />
<allocation-satisfied id="395" threadId="00000000007FF800" bytesRequested="16392" />
<af-end id="396" timestamp="2024-07-18T15:46:13.292" threadId="0000000000800238" success="true" from="nursery"/>
<exclusive-end id="397" timestamp="2024-07-18T15:46:13.292" durationms="5.810" />

<concurrent-kickoff id="398" timestamp="2024-07-18T15:46:13.300">
  <kickoff reason="threshold reached" targetBytes="2313653" thresholdFreeBytes="321323"  remainingFree="204776" tenureFreeBytes="1124424" nurseryFreeBytes="204776" />
</concurrent-kickoff>
<exclusive-start id="399" timestamp="2024-07-18T15:46:13.300" intervalms="14.018">
  <response-info timems="0.042" idlems="0.042" threads="0" lastid="00000000007FF800" lastname="Default Executor-thread-1" />
</exclusive-start>
<cycle-start id="400" type="global" contextid="0" timestamp="2024-07-18T15:46:13.301" intervalms="197.363" />
<concurrent-start id="401" type="global mark" contextid="400" timestamp="2024-07-18T15:46:13.301">
</concurrent-start>
<exclusive-end id="402" timestamp="2024-07-18T15:46:13.301" durationms="1.083" />

<exclusive-start id="403" timestamp="2024-07-18T15:46:13.303" intervalms="2.403">
  <response-info timems="0.031" idlems="0.031" threads="0" lastid="00000000007FF800" lastname="Default Executor-thread-1" />
</exclusive-start>
<af-start id="404" threadId="0000000000800238" totalBytesRequested="1584" timestamp="2024-07-18T15:46:13.303" intervalms="16.507" type="nursery" />
<cycle-start id="405" type="scavenge" contextid="0" timestamp="2024-07-18T15:46:13.304" intervalms="16.624" />
<gc-start id="406" type="scavenge" contextid="405" timestamp="2024-07-18T15:46:13.304">
  <mem-info id="407" free="1124424" total="15073280" percent="7">
    <mem type="nursery" free="0" total="7733248" percent="0">
      <mem type="allocate" free="0" total="5242880" percent="0" />
      <mem type="survivor" free="0" total="2490368" percent="0" />
    </mem>
    <mem type="tenure" free="1124424" total="7340032" percent="15">
      <mem type="soa" free="756808" total="6972416" percent="10" />
      <mem type="loa" free="367616" total="367616" percent="100" />
    </mem>
    <remembered-set count="2468" />
  </mem-info>
</gc-start>
<allocation-stats totalBytes="3449280" discardedBytes="98048" >
  <allocated-bytes non-tlh="16608" tlh="3432672" />
  <largest-consumer threadName="Default Executor-thread-1" threadId="00000000007FF800" bytes="3449280" />
</allocation-stats>
<gc-op id="408" type="scavenge" timems="2.957" contextid="405" timestamp="2024-07-18T15:46:13.308">
  <scavenger-info tenureage="3" tenuremask="ffe8" tiltratio="67" />
  <memory-copied type="nursery" objects="31512" bytes="1183560" bytesdiscarded="81552" />
  <memory-copied type="tenure" objects="18697" bytes="755064" bytesdiscarded="168" />
  <finalization candidates="219" enqueued="0" />
  <ownableSynchronizers candidates="511" cleared="0" />
  <references type="soft" candidates="382" cleared="0" enqueued="0" dynamicThreshold="10" maxThreshold="32" />
  <references type="weak" candidates="169" cleared="0" enqueued="0" />
  <references type="phantom" candidates="2" cleared="0" enqueued="0" />
  <object-monitors candidates="14" cleared="0"  />
  <heap-resize type="expand" space="tenure" amount="65536" count="1" timems="0.028" reason="continue current collection" />
</gc-op>
<heap-resize id="409" type="expand" space="nursery" amount="917504" count="1" timems="0.054" reason="excessive time being spent scavenging" timestamp="2024-07-18T15:46:13.308" />
<gc-end id="410" type="scavenge" contextid="405" durationms="4.449" usertimems="9.619" systemtimems="0.000" stalltimems="2.465" timestamp="2024-07-18T15:46:13.308" activeThreads="4">
  <mem-info id="411" free="5329016" total="16056320" percent="33">
    <mem type="nursery" free="4958328" total="8650752" percent="57">
      <mem type="allocate" free="4958328" total="6225920" percent="79" />
      <mem type="survivor" free="0" total="2424832" percent="0" />
    </mem>
    <mem type="tenure" free="370688" total="7405568" percent="5">
      <mem type="soa" free="0" total="7034880" percent="0" />
      <mem type="loa" free="370688" total="370688" percent="100" />
    </mem>
    <remembered-set count="1011" />
  </mem-info>
</gc-end>
<cycle-end id="412" type="scavenge" contextid="405" timestamp="2024-07-18T15:46:13.309" />
<allocation-satisfied id="413" threadId="00000000007FF800" bytesRequested="1584" />
<af-end id="414" timestamp="2024-07-18T15:46:13.312" threadId="0000000000800238" success="true" from="nursery"/>
<exclusive-end id="415" timestamp="2024-07-18T15:46:13.312" durationms="9.327" />

<exclusive-start id="416" timestamp="2024-07-18T15:46:13.330" intervalms="26.919">
  <response-info timems="0.041" idlems="0.041" threads="0" lastid="00000000007FF800" lastname="Default Executor-thread-1" />
</exclusive-start>
<af-start id="417" threadId="0000000000800238" totalBytesRequested="8200" timestamp="2024-07-18T15:46:13.330" intervalms="26.967" type="nursery" />
<percolate-collect id="418" from="nursery" to="global" reason="concurrent mark exhausted" timestamp="2024-07-18T15:46:13.331"/>
<concurrent-end id="419" type="global mark" contextid="400" timestamp="2024-07-18T15:46:13.331">
<gc-op id="420" type="trace" timems="28.534" contextid="400" timestamp="2024-07-18T15:46:13.331">
  <trace bytesTraced="3519384" workStackOverflowCount="0" />
  <card-cleaning reason="card cleaning threshold reached" bytesTraced="4496" cardsCleaned="9" />
</gc-op>
</concurrent-end>

<gc-start id="421" type="global" contextid="400" timestamp="2024-07-18T15:46:13.332">
  <mem-info id="422" free="370688" total="16056320" percent="2">
    <mem type="nursery" free="0" total="8650752" percent="0">
      <mem type="allocate" free="0" total="6225920" percent="0" />
      <mem type="survivor" free="0" total="2424832" percent="0" />
    </mem>
    <mem type="tenure" free="370688" total="7405568" percent="5">
      <mem type="soa" free="0" total="7034880" percent="0" />
      <mem type="loa" free="370688" total="370688" percent="100" />
    </mem>
    <remembered-set count="1011" />
  </mem-info>
</gc-start>
<allocation-stats totalBytes="4832512" discardedBytes="125816" >
  <allocated-bytes non-tlh="1584" tlh="4830928" />
  <largest-consumer threadName="Default Executor-thread-1" threadId="00000000007FF800" bytes="4832512" />
</allocation-stats>
<concurrent-halted id="423" timestamp="2024-07-18T15:46:13.332">
  <halted state="Complete" status="exhausted" />
  <traced bytesTarget="2318206" bytesTotal="3523880" bytesByMutator="1416712" bytesByHelper="2107168" percent="152" />
  <cards cleaned="9" thresholdBytes="126581" />
</concurrent-halted>
<gc-op id="424" type="rs-scan" timems="1.796" contextid="400" timestamp="2024-07-18T15:46:13.334">
  <scan objectsFound="35230" bytesTraced="1101240" workStackOverflowCount="0" />
</gc-op>
<gc-op id="425" type="card-cleaning" timems="0.657" contextid="400" timestamp="2024-07-18T15:46:13.335">
  <card-cleaning cardsCleaned="1" bytesTraced="396" workStackOverflowCount="0" />
</gc-op>
<gc-op id="426" type="mark" timems="5.116" contextid="400" timestamp="2024-07-18T15:46:13.341">
  <trace-info objectcount="3232" scancount="1858" scanbytes="50724" />
  <finalization candidates="687" enqueued="0" />
  <ownableSynchronizers candidates="594" cleared="0" />
  <references type="soft" candidates="5256" cleared="0" enqueued="0" dynamicThreshold="10" maxThreshold="32" />
  <references type="weak" candidates="1202" cleared="1" enqueued="1" />
  <references type="phantom" candidates="120" cleared="0" enqueued="0" />
  <stringconstants candidates="12254" cleared="18"  />
  <object-monitors candidates="14" cleared="0"  />
</gc-op>
<gc-op id="427" type="classunload" timems="0.016" contextid="400" timestamp="2024-07-18T15:46:13.341">
  <classunload-info classloadercandidates="33" classloadersunloaded="0" classesunloaded="0" anonymousclassesunloaded="0" quiescems="0.000" setupms="0.014" scanms="0.002" postms="0.000" />
</gc-op>
<gc-op id="428" type="sweep" timems="1.003" contextid="400" timestamp="2024-07-18T15:46:13.342" />
<heap-resize id="429" type="expand" space="tenure" amount="1900544" count="1" timems="0.609" reason="insufficient free space following gc" timestamp="2024-07-18T15:46:13.343" />
<gc-end id="430" type="global" contextid="400" durationms="11.752" usertimems="9.834" systemtimems="11.469" stalltimems="29.899" timestamp="2024-07-18T15:46:13.343" activeThreads="7">
  <mem-info id="431" free="6603160" total="17956864" percent="36">
    <mem type="nursery" free="3809496" total="8650752" percent="44">
      <mem type="allocate" free="3809496" total="6225920" percent="61" />
      <mem type="survivor" free="0" total="2424832" percent="0" />
    </mem>
    <mem type="tenure" free="2793664" total="9306112" percent="30" micro-fragmented="194040" macro-fragmented="0">
      <mem type="soa" free="2327744" total="8840192" percent="26" />
      <mem type="loa" free="465920" total="465920" percent="100" />
    </mem>
    <pending-finalizers system="0" default="0" reference="1" classloader="0" />
    <remembered-set count="923" />
  </mem-info>
</gc-end>
<cycle-end id="432" type="global" contextid="400" timestamp="2024-07-18T15:46:13.344" />
<allocation-satisfied id="433" threadId="00000000007FF800" bytesRequested="8200" />
<af-end id="434" timestamp="2024-07-18T15:46:13.344" threadId="0000000000800238" success="true" from="nursery"/>
<exclusive-end id="435" timestamp="2024-07-18T15:46:13.344" durationms="14.358" />

<exclusive-start id="436" timestamp="2024-07-18T15:46:13.354" intervalms="23.983">
  <response-info timems="0.041" idlems="0.041" threads="0" lastid="00000000007FF800" lastname="Default Executor-thread-1" />
</exclusive-start>
<af-start id="437" threadId="0000000000800238" totalBytesRequested="8200" timestamp="2024-07-18T15:46:13.354" intervalms="23.767" type="nursery" />
<cycle-start id="438" type="scavenge" contextid="0" timestamp="2024-07-18T15:46:13.354" intervalms="50.620" />
<gc-start id="439" type="scavenge" contextid="438" timestamp="2024-07-18T15:46:13.355">
  <mem-info id="440" free="2793664" total="17956864" percent="15">
    <mem type="nursery" free="0" total="8650752" percent="0">
      <mem type="allocate" free="0" total="6225920" percent="0" />
      <mem type="survivor" free="0" total="2424832" percent="0" />
    </mem>
    <mem type="tenure" free="2793664" total="9306112" percent="30">
      <mem type="soa" free="2327744" total="8840192" percent="26" />
      <mem type="loa" free="465920" total="465920" percent="100" />
    </mem>
    <remembered-set count="924" />
  </mem-info>
</gc-start>
<allocation-stats totalBytes="3765240" discardedBytes="24048" >
  <allocated-bytes non-tlh="1652832" tlh="2112408" />
  <largest-consumer threadName="Default Executor-thread-1" threadId="00000000007FF800" bytes="3765240" />
</allocation-stats>
<gc-op id="441" type="scavenge" timems="2.682" contextid="438" timestamp="2024-07-18T15:46:13.358">
  <scavenger-info tenureage="3" tenuremask="7008" tiltratio="71" />
  <memory-copied type="nursery" objects="40551" bytes="1476600" bytesdiscarded="24312" />
  <memory-copied type="tenure" objects="11963" bytes="451616" bytesdiscarded="1384" />
  <finalization candidates="9" enqueued="0" />
  <ownableSynchronizers candidates="1188" cleared="789" />
  <references type="soft" candidates="106" cleared="0" enqueued="0" dynamicThreshold="9" maxThreshold="32" />
  <references type="weak" candidates="51" cleared="0" enqueued="0" />
  <references type="phantom" candidates="1" cleared="0" enqueued="0" />
  <object-monitors candidates="14" cleared="0"  />
</gc-op>
<gc-end id="442" type="scavenge" contextid="438" durationms="3.484" usertimems="6.752" systemtimems="1.068" stalltimems="2.799" timestamp="2024-07-18T15:46:13.358" activeThreads="4">
  <mem-info id="443" free="7207648" total="17956864" percent="40">
    <mem type="nursery" free="4986848" total="8650752" percent="57">
      <mem type="allocate" free="4986848" total="6488064" percent="76" />
      <mem type="survivor" free="0" total="2162688" percent="0" />
    </mem>
    <mem type="tenure" free="2220800" total="9306112" percent="23">
      <mem type="soa" free="1754880" total="8840192" percent="19" />
      <mem type="loa" free="465920" total="465920" percent="100" />
    </mem>
    <remembered-set count="358" />
  </mem-info>
</gc-end>
<cycle-end id="444" type="scavenge" contextid="438" timestamp="2024-07-18T15:46:13.358" />
<allocation-satisfied id="445" threadId="00000000007FF800" bytesRequested="8200" />
<af-end id="446" timestamp="2024-07-18T15:46:13.359" threadId="0000000000800238" success="true" from="nursery"/>
<exclusive-end id="447" timestamp="2024-07-18T15:46:13.359" durationms="5.313" />

<exclusive-start id="448" timestamp="2024-07-18T15:46:13.370" intervalms="16.061">
  <response-info timems="0.034" idlems="0.034" threads="0" lastid="00000000007FF800" lastname="Default Executor-thread-1" />
</exclusive-start>
<af-start id="449" threadId="0000000000800238" totalBytesRequested="16392" timestamp="2024-07-18T15:46:13.370" intervalms="16.083" type="nursery" />
<cycle-start id="450" type="scavenge" contextid="0" timestamp="2024-07-18T15:46:13.370" intervalms="16.086" />
<gc-start id="451" type="scavenge" contextid="450" timestamp="2024-07-18T15:46:13.371">
  <mem-info id="452" free="2220800" total="17956864" percent="12">
    <mem type="nursery" free="0" total="8650752" percent="0">
      <mem type="allocate" free="0" total="6488064" percent="0" />
      <mem type="survivor" free="0" total="2162688" percent="0" />
    </mem>
    <mem type="tenure" free="2220800" total="9306112" percent="23">
      <mem type="soa" free="1754880" total="8840192" percent="19" />
      <mem type="loa" free="465920" total="465920" percent="100" />
    </mem>
    <remembered-set count="358" />
  </mem-info>
</gc-start>
<allocation-stats totalBytes="4944424" discardedBytes="42424" >
  <allocated-bytes non-tlh="24592" tlh="4919832" />
  <largest-consumer threadName="Default Executor-thread-1" threadId="00000000007FF800" bytes="4944424" />
</allocation-stats>
<gc-op id="453" type="scavenge" timems="2.362" contextid="450" timestamp="2024-07-18T15:46:13.373">
  <scavenger-info tenureage="3" tenuremask="7008" tiltratio="75" />
  <memory-copied type="nursery" objects="41790" bytes="1525376" bytesdiscarded="42824" />
  <memory-copied type="tenure" objects="11154" bytes="403040" bytesdiscarded="472" />
  <finalization candidates="4" enqueued="0" />
  <ownableSynchronizers candidates="50" cleared="0" />
  <references type="phantom" candidates="1" cleared="0" enqueued="0" />
  <object-monitors candidates="14" cleared="0"  />
</gc-op>
<heap-resize id="454" type="expand" space="nursery" amount="917504" count="1" timems="0.023" reason="excessive time being spent scavenging" timestamp="2024-07-18T15:46:13.374" />
<gc-end id="455" type="scavenge" contextid="450" durationms="3.258" usertimems="5.955" systemtimems="0.968" stalltimems="2.772" timestamp="2024-07-18T15:46:13.374" activeThreads="4">
  <mem-info id="456" free="7339056" total="18874368" percent="38">
    <mem type="nursery" free="5640752" total="9568256" percent="58">
      <mem type="allocate" free="5640752" total="7208960" percent="78" />
      <mem type="survivor" free="0" total="2359296" percent="0" />
    </mem>
    <mem type="tenure" free="1698304" total="9306112" percent="18">
      <mem type="soa" free="1232384" total="8840192" percent="13" />
      <mem type="loa" free="465920" total="465920" percent="100" />
    </mem>
    <remembered-set count="240" />
  </mem-info>
</gc-end>
<cycle-end id="457" type="scavenge" contextid="450" timestamp="2024-07-18T15:46:13.374" />
<allocation-satisfied id="458" threadId="00000000007FF800" bytesRequested="16392" />
<af-end id="459" timestamp="2024-07-18T15:46:13.375" threadId="0000000000800238" success="true" from="nursery"/>
<exclusive-end id="460" timestamp="2024-07-18T15:46:13.375" durationms="4.958" />

<exclusive-start id="461" timestamp="2024-07-18T15:46:13.386" intervalms="16.213">
  <response-info timems="0.042" idlems="0.042" threads="0" lastid="00000000007FF800" lastname="Default Executor-thread-1" />
</exclusive-start>
<af-start id="462" threadId="0000000000800238" totalBytesRequested="16392" timestamp="2024-07-18T15:46:13.386" intervalms="16.400" type="nursery" />
<cycle-start id="463" type="scavenge" contextid="0" timestamp="2024-07-18T15:46:13.387" intervalms="16.559" />
<gc-start id="464" type="scavenge" contextid="463" timestamp="2024-07-18T15:46:13.387">
  <mem-info id="465" free="1698304" total="18874368" percent="8">
    <mem type="nursery" free="0" total="9568256" percent="0">
      <mem type="allocate" free="0" total="7208960" percent="0" />
      <mem type="survivor" free="0" total="2359296" percent="0" />
    </mem>
    <mem type="tenure" free="1698304" total="9306112" percent="18">
      <mem type="soa" free="1232384" total="8840192" percent="13" />
      <mem type="loa" free="465920" total="465920" percent="100" />
    </mem>
    <remembered-set count="248" />
  </mem-info>
</gc-start>
<allocation-stats totalBytes="5458144" discardedBytes="182608" >
  <allocated-bytes non-tlh="16392" tlh="5441752" />
  <largest-consumer threadName="Default Executor-thread-1" threadId="00000000007FF800" bytes="5458144" />
</allocation-stats>
<gc-op id="466" type="scavenge" timems="2.377" contextid="463" timestamp="2024-07-18T15:46:13.391">
  <scavenger-info tenureage="2" tenuremask="700c" tiltratio="75" />
  <memory-copied type="nursery" objects="26033" bytes="937400" bytesdiscarded="168432" />
  <memory-copied type="tenure" objects="29384" bytes="1068584" bytesdiscarded="1856" />
  <references type="phantom" candidates="1" cleared="0" enqueued="0" />
  <object-monitors candidates="14" cleared="0"  />
</gc-op>
<heap-resize id="467" type="expand" space="nursery" amount="1048576" count="1" timems="0.026" reason="excessive time being spent scavenging" timestamp="2024-07-18T15:46:13.391" />
<gc-end id="468" type="scavenge" contextid="463" durationms="4.016" usertimems="7.298" systemtimems="0.000" stalltimems="2.456" timestamp="2024-07-18T15:46:13.391" activeThreads="4">
  <mem-info id="469" free="7795248" total="19922944" percent="39">
    <mem type="nursery" free="7217232" total="10616832" percent="67">
      <mem type="allocate" free="7217232" total="8323072" percent="86" />
      <mem type="survivor" free="0" total="2293760" percent="0" />
    </mem>
    <mem type="tenure" free="578016" total="9306112" percent="6">
      <mem type="soa" free="112096" total="8840192" percent="1" />
      <mem type="loa" free="465920" total="465920" percent="100" />
    </mem>
    <remembered-set count="352" />
  </mem-info>
</gc-end>
<cycle-end id="470" type="scavenge" contextid="463" timestamp="2024-07-18T15:46:13.392" />
<allocation-satisfied id="471" threadId="00000000007FF800" bytesRequested="16392" />
<af-end id="472" timestamp="2024-07-18T15:46:13.392" threadId="0000000000800238" success="true" from="nursery"/>
<exclusive-end id="473" timestamp="2024-07-18T15:46:13.393" durationms="6.681" />

<concurrent-kickoff id="474" timestamp="2024-07-18T15:46:13.404">
  <kickoff reason="threshold reached" targetBytes="3200222" thresholdFreeBytes="444616"  remainingFree="335952" tenureFreeBytes="578016" nurseryFreeBytes="335952" />
</concurrent-kickoff>
<exclusive-start id="475" timestamp="2024-07-18T15:46:13.404" intervalms="18.376">
  <response-info timems="0.036" idlems="0.036" threads="0" lastid="00000000007FF800" lastname="Default Executor-thread-1" />
</exclusive-start>
<cycle-start id="476" type="global" contextid="0" timestamp="2024-07-18T15:46:13.405" intervalms="103.872" />
<concurrent-start id="477" type="global mark" contextid="476" timestamp="2024-07-18T15:46:13.405">
</concurrent-start>
<exclusive-end id="478" timestamp="2024-07-18T15:46:13.405" durationms="0.959" />

<exclusive-start id="479" timestamp="2024-07-18T15:46:13.411" intervalms="6.404">
  <response-info timems="0.045" idlems="0.045" threads="0" lastid="00000000007FF800" lastname="Default Executor-thread-1" />
</exclusive-start>
<af-start id="480" threadId="0000000000800238" totalBytesRequested="8200" timestamp="2024-07-18T15:46:13.411" intervalms="24.759" type="nursery" />
<cycle-start id="481" type="scavenge" contextid="0" timestamp="2024-07-18T15:46:13.412" intervalms="24.701" />
<gc-start id="482" type="scavenge" contextid="481" timestamp="2024-07-18T15:46:13.412">
  <mem-info id="483" free="578016" total="19922944" percent="2">
    <mem type="nursery" free="0" total="10616832" percent="0">
      <mem type="allocate" free="0" total="8323072" percent="0" />
      <mem type="survivor" free="0" total="2293760" percent="0" />
    </mem>
    <mem type="tenure" free="578016" total="9306112" percent="6">
      <mem type="soa" free="112096" total="8840192" percent="1" />
      <mem type="loa" free="465920" total="465920" percent="100" />
    </mem>
    <remembered-set count="459" />
  </mem-info>
</gc-start>
<allocation-stats totalBytes="7027608" discardedBytes="189624" >
  <allocated-bytes non-tlh="16392" tlh="7011216" />
  <largest-consumer threadName="Default Executor-thread-1" threadId="00000000007FF800" bytes="7027608" />
</allocation-stats>
<gc-op id="484" type="scavenge" timems="2.712" contextid="481" timestamp="2024-07-18T15:46:13.415">
  <scavenger-info tenureage="2" tenuremask="700c" tiltratio="78" />
  <memory-copied type="nursery" objects="30803" bytes="1115496" bytesdiscarded="248392" />
  <memory-copied type="tenure" objects="12394" bytes="447664" bytesdiscarded="1120" />
  <references type="phantom" candidates="1" cleared="0" enqueued="0" />
  <object-monitors candidates="14" cleared="0"  />
  <heap-resize type="expand" space="tenure" amount="393216" count="6" timems="0.129" reason="continue current collection" />
</gc-op>
<heap-resize id="485" type="expand" space="nursery" amount="786432" count="1" timems="0.022" reason="excessive time being spent scavenging" timestamp="2024-07-18T15:46:13.416" />
<gc-end id="486" type="scavenge" contextid="481" durationms="3.902" usertimems="7.749" systemtimems="0.000" stalltimems="3.259" timestamp="2024-07-18T15:46:13.416" activeThreads="4">
  <mem-info id="487" free="8387144" total="21102592" percent="39">
    <mem type="nursery" free="7876680" total="11403264" percent="69">
      <mem type="allocate" free="7876680" total="9240576" percent="85" />
      <mem type="survivor" free="0" total="2162688" percent="0" />
    </mem>
    <mem type="tenure" free="510464" total="9699328" percent="5">
      <mem type="soa" free="25088" total="9213952" percent="0" />
      <mem type="loa" free="485376" total="485376" percent="100" />
    </mem>
    <remembered-set count="413" />
  </mem-info>
</gc-end>
<cycle-end id="488" type="scavenge" contextid="481" timestamp="2024-07-18T15:46:13.416" />
<allocation-satisfied id="489" threadId="00000000007FF800" bytesRequested="8200" />
<af-end id="490" timestamp="2024-07-18T15:46:13.417" threadId="0000000000800238" success="true" from="nursery"/>
<exclusive-end id="491" timestamp="2024-07-18T15:46:13.417" durationms="6.398" />

<concurrent-end id="492" type="global mark" contextid="476" timestamp="2024-07-18T15:46:13.423">
<gc-op id="493" type="trace" timems="17.575" contextid="476" timestamp="2024-07-18T15:46:13.423">
  <trace bytesTraced="5075044" workStackOverflowCount="0" />
  <card-cleaning reason="card cleaning threshold reached" bytesTraced="11444" cardsCleaned="21" />
</gc-op>
</concurrent-end>

<exclusive-start id="494" timestamp="2024-07-18T15:46:13.423" intervalms="12.534">
  <response-info timems="0.041" idlems="0.041" threads="0" lastid="00000000007FF800" lastname="Default Executor-thread-1" />
</exclusive-start>
<concurrent-global-final id="495" timestamp="2024-07-18T15:46:13.424" contextid="476" intervalms="313.330" >
  <concurrent-trace-info reason="card cleaning threshold reached" tracedByMutators="1737012" tracedByHelpers="3349476" cardsCleaned="21" workStackOverflowCount="0" />
</concurrent-global-final>
<gc-start id="496" type="global" contextid="476" timestamp="2024-07-18T15:46:13.424">
  <mem-info id="497" free="7998016" total="21102592" percent="37">
    <mem type="nursery" free="7487552" total="11403264" percent="65">
      <mem type="allocate" free="7487552" total="9240576" percent="81" />
      <mem type="survivor" free="0" total="2162688" percent="0" />
    </mem>
    <mem type="tenure" free="510464" total="9699328" percent="5">
      <mem type="soa" free="25088" total="9213952" percent="0" />
      <mem type="loa" free="485376" total="485376" percent="100" />
    </mem>
    <remembered-set count="416" />
  </mem-info>
</gc-start>
<allocation-stats totalBytes="388776" discardedBytes="352" >
  <allocated-bytes non-tlh="8200" tlh="380576" />
  <largest-consumer threadName="Default Executor-thread-1" threadId="00000000007FF800" bytes="388776" />
</allocation-stats>
<gc-op id="498" type="rs-scan" timems="2.213" contextid="476" timestamp="2024-07-18T15:46:13.427">
  <scan objectsFound="25328" bytesTraced="731316" workStackOverflowCount="0" />
</gc-op>
<gc-op id="499" type="card-cleaning" timems="0.820" contextid="476" timestamp="2024-07-18T15:46:13.428">
  <card-cleaning cardsCleaned="0" bytesTraced="0" workStackOverflowCount="0" />
</gc-op>
<gc-op id="500" type="mark" timems="3.478" contextid="476" timestamp="2024-07-18T15:46:13.432">
  <trace-info objectcount="204" scancount="180" scanbytes="4560" />
  <finalization candidates="687" enqueued="0" />
  <ownableSynchronizers candidates="594" cleared="0" />
  <references type="soft" candidates="5256" cleared="0" enqueued="0" dynamicThreshold="9" maxThreshold="32" />
  <references type="weak" candidates="1201" cleared="0" enqueued="0" />
  <references type="phantom" candidates="120" cleared="0" enqueued="0" />
  <stringconstants candidates="12236" cleared="0"  />
  <object-monitors candidates="14" cleared="0"  />
</gc-op>
<gc-op id="501" type="sweep" timems="1.218" contextid="476" timestamp="2024-07-18T15:46:13.433" />
<heap-resize id="502" type="expand" space="tenure" amount="3014656" count="1" timems="0.029" reason="insufficient free space following gc" timestamp="2024-07-18T15:46:13.434" />
<gc-end id="503" type="global" contextid="476" durationms="10.001" usertimems="13.313" systemtimems="8.132" stalltimems="31.082" timestamp="2024-07-18T15:46:13.434" activeThreads="10">
  <mem-info id="504" free="11858888" total="24117248" percent="49">
    <mem type="nursery" free="8033504" total="11403264" percent="70">
      <mem type="allocate" free="8033504" total="9240576" percent="86" />
      <mem type="survivor" free="0" total="2162688" percent="0" />
    </mem>
    <mem type="tenure" free="3825384" total="12713984" percent="30" micro-fragmented="142441" macro-fragmented="0">
      <mem type="soa" free="3189480" total="12078080" percent="26" />
      <mem type="loa" free="635904" total="635904" percent="100" />
    </mem>
    <remembered-set count="416" />
  </mem-info>
</gc-end>
<cycle-end id="505" type="global" contextid="476" timestamp="2024-07-18T15:46:13.434" />
<exclusive-end id="506" timestamp="2024-07-18T15:46:13.435" durationms="11.308" />

<exclusive-start id="507" timestamp="2024-07-18T15:46:13.449" intervalms="25.981">
  <response-info timems="0.041" idlems="0.041" threads="0" lastid="00000000007FF800" lastname="Default Executor-thread-1" />
</exclusive-start>
<af-start id="508" threadId="0000000000800238" totalBytesRequested="8200" timestamp="2024-07-18T15:46:13.450" intervalms="38.524" type="nursery" />
<cycle-start id="509" type="scavenge" contextid="0" timestamp="2024-07-18T15:46:13.450" intervalms="38.599" />
<gc-start id="510" type="scavenge" contextid="509" timestamp="2024-07-18T15:46:13.451">
  <mem-info id="511" free="3825088" total="24117248" percent="15">
    <mem type="nursery" free="0" total="11403264" percent="0">
      <mem type="allocate" free="0" total="9240576" percent="0" />
      <mem type="survivor" free="0" total="2162688" percent="0" />
    </mem>
    <mem type="tenure" free="3825088" total="12713984" percent="30">
      <mem type="soa" free="3189184" total="12078080" percent="26" />
      <mem type="loa" free="635904" total="635904" percent="100" />
    </mem>
    <remembered-set count="614" />
  </mem-info>
</gc-start>
<allocation-stats totalBytes="7891576" discardedBytes="141776" >
  <allocated-bytes non-tlh="128192" tlh="7763384" />
  <largest-consumer threadName="Default Executor-thread-1" threadId="00000000007FF800" bytes="7891576" />
</allocation-stats>
<gc-op id="512" type="scavenge" timems="1.960" contextid="509" timestamp="2024-07-18T15:46:13.453">
  <scavenger-info tenureage="2" tenuremask="7004" tiltratio="81" />
  <memory-copied type="nursery" objects="36670" bytes="1377536" bytesdiscarded="44880" />
  <memory-copied type="tenure" objects="13627" bytes="480392" bytesdiscarded="1640" />
  <ownableSynchronizers candidates="1188" cleared="1188" />
  <references type="phantom" candidates="1" cleared="0" enqueued="0" />
  <object-monitors candidates="14" cleared="0"  />
</gc-op>
<gc-end id="513" type="scavenge" contextid="509" durationms="3.130" usertimems="6.144" systemtimems="0.000" stalltimems="1.528" timestamp="2024-07-18T15:46:13.454" activeThreads="4">
  <mem-info id="514" free="11203264" total="24117248" percent="46">
    <mem type="nursery" free="8014760" total="11403264" percent="70">
      <mem type="allocate" free="8014760" total="9437184" percent="84" />
      <mem type="survivor" free="0" total="1966080" percent="0" />
    </mem>
    <mem type="tenure" free="3188504" total="12713984" percent="25">
      <mem type="soa" free="2552600" total="12078080" percent="21" />
      <mem type="loa" free="635904" total="635904" percent="100" />
    </mem>
    <remembered-set count="403" />
  </mem-info>
</gc-end>
<cycle-end id="515" type="scavenge" contextid="509" timestamp="2024-07-18T15:46:13.454" />
<allocation-satisfied id="516" threadId="00000000007FF800" bytesRequested="8200" />
<af-end id="517" timestamp="2024-07-18T15:46:13.455" threadId="0000000000800238" success="true" from="nursery"/>
<exclusive-end id="518" timestamp="2024-07-18T15:46:13.455" durationms="5.901" />

<exclusive-start id="519" timestamp="2024-07-18T15:46:13.509" intervalms="59.811">
  <response-info timems="0.045" idlems="0.045" threads="0" lastid="00000000007FF800" lastname="Default Executor-thread-1" />
</exclusive-start>
<af-start id="520" threadId="0000000000800238" totalBytesRequested="24" timestamp="2024-07-18T15:46:13.509" intervalms="59.740" type="nursery" />
<cycle-start id="521" type="scavenge" contextid="0" timestamp="2024-07-18T15:46:13.510" intervalms="59.746" />
<gc-start id="522" type="scavenge" contextid="521" timestamp="2024-07-18T15:46:13.510">
  <mem-info id="523" free="3161352" total="24117248" percent="13">
    <mem type="nursery" free="0" total="11403264" percent="0">
      <mem type="allocate" free="0" total="9437184" percent="0" />
      <mem type="survivor" free="0" total="1966080" percent="0" />
    </mem>
    <mem type="tenure" free="3161352" total="12713984" percent="24">
      <mem type="soa" free="2525448" total="12078080" percent="20" />
      <mem type="loa" free="635904" total="635904" percent="100" />
    </mem>
    <remembered-set count="841" />
  </mem-info>
</gc-start>
<allocation-stats totalBytes="8038088" discardedBytes="3824" >
  <allocated-bytes non-tlh="35352" tlh="8002736" />
  <largest-consumer threadName="Default Executor-thread-1" threadId="00000000007FF800" bytes="8038088" />
</allocation-stats>
<gc-op id="524" type="scavenge" timems="2.868" contextid="521" timestamp="2024-07-18T15:46:13.514">
  <scavenger-info tenureage="2" tenuremask="7004" tiltratio="82" />
  <memory-copied type="nursery" objects="45241" bytes="1549376" bytesdiscarded="62792" />
  <memory-copied type="tenure" objects="17151" bytes="632976" bytesdiscarded="128" />
  <finalization candidates="11" enqueued="7" />
  <references type="soft" candidates="8" cleared="0" enqueued="0" dynamicThreshold="9" maxThreshold="32" />
  <references type="weak" candidates="44" cleared="18" enqueued="18" />
  <references type="phantom" candidates="1" cleared="1" enqueued="1" />
  <object-monitors candidates="14" cleared="0"  />
</gc-op>
<heap-resize id="525" type="expand" space="nursery" amount="524288" count="1" timems="0.024" reason="excessive time being spent scavenging" timestamp="2024-07-18T15:46:13.514" />
<gc-end id="526" type="scavenge" contextid="521" durationms="4.362" usertimems="8.395" systemtimems="0.000" stalltimems="3.324" timestamp="2024-07-18T15:46:13.515" activeThreads="4">
  <mem-info id="527" free="10524680" total="24641536" percent="42">
    <mem type="nursery" free="8152576" total="11927552" percent="68">
      <mem type="allocate" free="8152576" total="9764864" percent="83" />
      <mem type="survivor" free="0" total="2162688" percent="0" />
    </mem>
    <mem type="tenure" free="2372104" total="12713984" percent="18">
      <mem type="soa" free="1736200" total="12078080" percent="14" />
      <mem type="loa" free="635904" total="635904" percent="100" />
    </mem>
    <pending-finalizers system="7" default="0" reference="19" classloader="0" />
    <remembered-set count="808" />
  </mem-info>
</gc-end>
<cycle-end id="528" type="scavenge" contextid="521" timestamp="2024-07-18T15:46:13.515" />
<allocation-satisfied id="529" threadId="00000000007FF800" bytesRequested="24" />
<af-end id="530" timestamp="2024-07-18T15:46:13.516" threadId="0000000000800238" success="true" from="nursery"/>
<exclusive-end id="531" timestamp="2024-07-18T15:46:13.516" durationms="6.749" />

<exclusive-start id="532" timestamp="2024-07-18T15:46:13.589" intervalms="79.856">
  <response-info timems="0.050" idlems="0.050" threads="0" lastid="00000000007FF800" lastname="Default Executor-thread-1" />
</exclusive-start>
<af-start id="533" threadId="0000000000800238" totalBytesRequested="24" timestamp="2024-07-18T15:46:13.589" intervalms="79.857" type="nursery" />
<cycle-start id="534" type="scavenge" contextid="0" timestamp="2024-07-18T15:46:13.590" intervalms="79.760" />
<gc-start id="535" type="scavenge" contextid="534" timestamp="2024-07-18T15:46:13.590">
  <mem-info id="536" free="2372104" total="24641536" percent="9">
    <mem type="nursery" free="0" total="11927552" percent="0">
      <mem type="allocate" free="0" total="9764864" percent="0" />
      <mem type="survivor" free="0" total="2162688" percent="0" />
    </mem>
    <mem type="tenure" free="2372104" total="12713984" percent="18">
      <mem type="soa" free="1736200" total="12078080" percent="14" />
      <mem type="loa" free="635904" total="635904" percent="100" />
    </mem>
    <remembered-set count="818" />
  </mem-info>
</gc-start>
<allocation-stats totalBytes="8151520" discardedBytes="1056" >
  <allocated-bytes non-tlh="24" tlh="8151496" />
  <largest-consumer threadName="Default Executor-thread-1" threadId="00000000007FF800" bytes="8151520" />
</allocation-stats>
<gc-op id="537" type="scavenge" timems="2.641" contextid="534" timestamp="2024-07-18T15:46:13.593">
  <scavenger-info tenureage="2" tenuremask="7004" tiltratio="81" />
  <memory-copied type="nursery" objects="28554" bytes="885744" bytesdiscarded="97224" />
  <memory-copied type="tenure" objects="19471" bytes="741200" bytesdiscarded="1240" />
  <finalization candidates="4" enqueued="0" />
  <references type="soft" candidates="8" cleared="0" enqueued="0" dynamicThreshold="9" maxThreshold="32" />
  <references type="weak" candidates="27" cleared="1" enqueued="1" />
  <object-monitors candidates="14" cleared="0"  />
</gc-op>
<gc-end id="538" type="scavenge" contextid="534" durationms="3.494" usertimems="7.911" systemtimems="0.161" stalltimems="2.368" timestamp="2024-07-18T15:46:13.594" activeThreads="4">
  <mem-info id="539" free="10494624" total="24641536" percent="42">
    <mem type="nursery" free="8978496" total="11927552" percent="75">
      <mem type="allocate" free="8978496" total="9961472" percent="90" />
      <mem type="survivor" free="0" total="1966080" percent="0" />
    </mem>
    <mem type="tenure" free="1516128" total="12713984" percent="11">
      <mem type="soa" free="880224" total="12078080" percent="7" />
      <mem type="loa" free="635904" total="635904" percent="100" />
    </mem>
    <pending-finalizers system="0" default="0" reference="1" classloader="0" />
    <remembered-set count="714" />
  </mem-info>
</gc-end>
<cycle-end id="540" type="scavenge" contextid="534" timestamp="2024-07-18T15:46:13.594" />
<allocation-satisfied id="541" threadId="00000000007FF800" bytesRequested="24" />
<af-end id="542" timestamp="2024-07-18T15:46:13.595" threadId="0000000000800238" success="true" from="nursery"/>
<exclusive-end id="543" timestamp="2024-07-18T15:46:13.595" durationms="5.923" />

<concurrent-kickoff id="544" timestamp="2024-07-18T15:46:13.625">
  <kickoff reason="threshold reached" targetBytes="4784908" thresholdFreeBytes="663676"  remainingFree="655424" tenureFreeBytes="1515864" nurseryFreeBytes="655424" />
</concurrent-kickoff>
<exclusive-start id="545" timestamp="2024-07-18T15:46:13.626" intervalms="36.809">
  <response-info timems="0.039" idlems="0.039" threads="0" lastid="00000000007FF800" lastname="Default Executor-thread-1" />
</exclusive-start>
<cycle-start id="546" type="global" contextid="0" timestamp="2024-07-18T15:46:13.626" intervalms="221.511" />
<concurrent-start id="547" type="global mark" contextid="546" timestamp="2024-07-18T15:46:13.627">
</concurrent-start>
<exclusive-end id="548" timestamp="2024-07-18T15:46:13.627" durationms="1.143" />

<exclusive-start id="549" timestamp="2024-07-18T15:46:13.641" intervalms="14.829">
  <response-info timems="0.045" idlems="0.045" threads="0" lastid="00000000007FF800" lastname="Default Executor-thread-1" />
</exclusive-start>
<af-start id="550" threadId="0000000000800238" totalBytesRequested="24" timestamp="2024-07-18T15:46:13.641" intervalms="51.707" type="nursery" />
<cycle-start id="551" type="scavenge" contextid="0" timestamp="2024-07-18T15:46:13.641" intervalms="51.720" />
<gc-start id="552" type="scavenge" contextid="551" timestamp="2024-07-18T15:46:13.642">
  <mem-info id="553" free="1515864" total="24641536" percent="6">
    <mem type="nursery" free="0" total="11927552" percent="0">
      <mem type="allocate" free="0" total="9961472" percent="0" />
      <mem type="survivor" free="0" total="1966080" percent="0" />
    </mem>
    <mem type="tenure" free="1515864" total="12713984" percent="11">
      <mem type="soa" free="879960" total="12078080" percent="7" />
      <mem type="loa" free="635904" total="635904" percent="100" />
    </mem>
    <remembered-set count="765" />
  </mem-info>
</gc-start>
<allocation-stats totalBytes="8977728" discardedBytes="1032" >
  <allocated-bytes non-tlh="288" tlh="8977440" />
  <largest-consumer threadName="Default Executor-thread-1" threadId="00000000007FF800" bytes="8977728" />
</allocation-stats>
<gc-op id="554" type="scavenge" timems="1.748" contextid="551" timestamp="2024-07-18T15:46:13.644">
  <scavenger-info tenureage="2" tenuremask="6004" tiltratio="83" />
  <memory-copied type="nursery" objects="3259" bytes="94464" bytesdiscarded="203776" />
  <memory-copied type="tenure" objects="25369" bytes="795016" bytesdiscarded="640" />
  <finalization candidates="4" enqueued="0" />
  <references type="weak" candidates="2" cleared="2" enqueued="2" />
  <object-monitors candidates="14" cleared="0"  />
</gc-op>
<gc-end id="555" type="scavenge" contextid="551" durationms="2.864" usertimems="4.158" systemtimems="0.000" stalltimems="2.592" timestamp="2024-07-18T15:46:13.645" activeThreads="4">
  <mem-info id="556" free="10567000" total="24641536" percent="42">
    <mem type="nursery" free="9859840" total="11927552" percent="82">
      <mem type="allocate" free="9859840" total="10158080" percent="97" />
      <mem type="survivor" free="0" total="1769472" percent="0" />
    </mem>
    <mem type="tenure" free="707160" total="12713984" percent="5">
      <mem type="soa" free="71256" total="12078080" percent="0" />
      <mem type="loa" free="635904" total="635904" percent="100" />
    </mem>
    <pending-finalizers system="0" default="0" reference="2" classloader="0" />
    <remembered-set count="317" />
  </mem-info>
</gc-end>
<cycle-end id="557" type="scavenge" contextid="551" timestamp="2024-07-18T15:46:13.645" />
<allocation-satisfied id="558" threadId="00000000007FF800" bytesRequested="24" />
<af-end id="559" timestamp="2024-07-18T15:46:13.646" threadId="0000000000800238" success="true" from="nursery"/>
<exclusive-end id="560" timestamp="2024-07-18T15:46:13.646" durationms="5.300" />

<concurrent-end id="561" type="global mark" contextid="546" timestamp="2024-07-18T15:46:13.647">
<gc-op id="562" type="trace" timems="20.558" contextid="546" timestamp="2024-07-18T15:46:13.647">
  <trace bytesTraced="6167128" workStackOverflowCount="0" />
  <card-cleaning reason="card cleaning threshold reached" bytesTraced="4088" cardsCleaned="17" />
</gc-op>
</concurrent-end>

<exclusive-start id="563" timestamp="2024-07-18T15:46:13.648" intervalms="7.056">
  <response-info timems="0.033" idlems="0.033" threads="0" lastid="00000000007FF800" lastname="Default Executor-thread-1" />
</exclusive-start>
<concurrent-global-final id="564" timestamp="2024-07-18T15:46:13.648" contextid="546" intervalms="224.287" >
  <concurrent-trace-info reason="card cleaning threshold reached" tracedByMutators="2233012" tracedByHelpers="3938204" cardsCleaned="17" workStackOverflowCount="0" />
</concurrent-global-final>
<gc-start id="565" type="global" contextid="546" timestamp="2024-07-18T15:46:13.648">
  <mem-info id="566" free="10358080" total="24641536" percent="42">
    <mem type="nursery" free="9650920" total="11927552" percent="80">
      <mem type="allocate" free="9650920" total="10158080" percent="95" />
      <mem type="survivor" free="0" total="1769472" percent="0" />
    </mem>
    <mem type="tenure" free="707160" total="12713984" percent="5">
      <mem type="soa" free="71256" total="12078080" percent="0" />
      <mem type="loa" free="635904" total="635904" percent="100" />
    </mem>
    <remembered-set count="322" />
  </mem-info>
</gc-start>
<allocation-stats totalBytes="208904" discardedBytes="16" >
  <allocated-bytes non-tlh="24" tlh="208880" />
  <largest-consumer threadName="Default Executor-thread-1" threadId="00000000007FF800" bytes="208904" />
</allocation-stats>
<gc-op id="567" type="rs-scan" timems="1.441" contextid="546" timestamp="2024-07-18T15:46:13.650">
  <scan objectsFound="1679" bytesTraced="59312" workStackOverflowCount="0" />
</gc-op>
<gc-op id="568" type="card-cleaning" timems="1.449" contextid="546" timestamp="2024-07-18T15:46:13.652">
  <card-cleaning cardsCleaned="250" bytesTraced="709044" workStackOverflowCount="0" />
</gc-op>
<gc-op id="569" type="mark" timems="3.859" contextid="546" timestamp="2024-07-18T15:46:13.656">
  <trace-info objectcount="987" scancount="979" scanbytes="28516" />
  <finalization candidates="691" enqueued="0" />
  <ownableSynchronizers candidates="594" cleared="0" />
  <references type="soft" candidates="5262" cleared="0" enqueued="0" dynamicThreshold="9" maxThreshold="32" />
  <references type="weak" candidates="1227" cleared="0" enqueued="0" />
  <references type="phantom" candidates="119" cleared="0" enqueued="0" />
  <stringconstants candidates="12458" cleared="0"  />
  <object-monitors candidates="14" cleared="0"  />
</gc-op>
<gc-op id="570" type="sweep" timems="1.312" contextid="546" timestamp="2024-07-18T15:46:13.658" />
<heap-resize id="571" type="expand" space="tenure" amount="3670016" count="1" timems="0.038" reason="insufficient free space following gc" timestamp="2024-07-18T15:46:13.658" />
<gc-end id="572" type="global" contextid="546" durationms="10.357" usertimems="18.479" systemtimems="1.217" stalltimems="38.876" timestamp="2024-07-18T15:46:13.659" activeThreads="11">
  <mem-info id="573" free="14975800" total="28311552" percent="52">
    <mem type="nursery" free="10053888" total="11927552" percent="84">
      <mem type="allocate" free="10053888" total="10158080" percent="98" />
      <mem type="survivor" free="0" total="1769472" percent="0" />
    </mem>
    <mem type="tenure" free="4921912" total="16384000" percent="30" micro-fragmented="131680" macro-fragmented="0">
      <mem type="soa" free="4102712" total="15564800" percent="26" />
      <mem type="loa" free="819200" total="819200" percent="100" />
    </mem>
    <remembered-set count="321" />
  </mem-info>
</gc-end>
<cycle-end id="574" type="global" contextid="546" timestamp="2024-07-18T15:46:13.659" />
<exclusive-end id="575" timestamp="2024-07-18T15:46:13.659" durationms="11.615" />

<exclusive-start id="576" timestamp="2024-07-18T15:46:13.696" intervalms="48.388">
  <response-info timems="0.050" idlems="0.050" threads="0" lastid="00000000007FF800" lastname="Default Executor-thread-1" />
</exclusive-start>
<af-start id="577" threadId="0000000000800238" totalBytesRequested="24" timestamp="2024-07-18T15:46:13.696" intervalms="55.372" type="nursery" />
<cycle-start id="578" type="scavenge" contextid="0" timestamp="2024-07-18T15:46:13.697" intervalms="55.359" />
<gc-start id="579" type="scavenge" contextid="578" timestamp="2024-07-18T15:46:13.697">
  <mem-info id="580" free="4921912" total="28311552" percent="17">
    <mem type="nursery" free="0" total="11927552" percent="0">
      <mem type="allocate" free="0" total="10158080" percent="0" />
      <mem type="survivor" free="0" total="1769472" percent="0" />
    </mem>
    <mem type="tenure" free="4921912" total="16384000" percent="30">
      <mem type="soa" free="4102712" total="15564800" percent="26" />
      <mem type="loa" free="819200" total="819200" percent="100" />
    </mem>
    <remembered-set count="556" />
  </mem-info>
</gc-start>
<allocation-stats totalBytes="10052256" discardedBytes="1632" >
  <allocated-bytes non-tlh="0" tlh="10052256" />
  <largest-consumer threadName="Default Executor-thread-1" threadId="00000000007FF800" bytes="10052256" />
</allocation-stats>
<gc-op id="581" type="scavenge" timems="1.645" contextid="578" timestamp="2024-07-18T15:46:13.700">
  <scavenger-info tenureage="2" tenuremask="4004" tiltratio="85" />
  <memory-copied type="nursery" objects="10121" bytes="285128" bytesdiscarded="24120" />
  <memory-copied type="tenure" objects="1508" bytes="41896" bytesdiscarded="16" />
  <ownableSynchronizers candidates="1188" cleared="1188" />
  <object-monitors candidates="14" cleared="0"  />
</gc-op>
<gc-end id="582" type="scavenge" contextid="578" durationms="2.704" usertimems="3.120" systemtimems="0.000" stalltimems="3.197" timestamp="2024-07-18T15:46:13.700" activeThreads="4">
  <mem-info id="583" free="14908232" total="28311552" percent="52">
    <mem type="nursery" free="10045440" total="11927552" percent="84">
      <mem type="allocate" free="10045440" total="10354688" percent="97" />
      <mem type="survivor" free="0" total="1572864" percent="0" />
    </mem>
    <mem type="tenure" free="4862792" total="16384000" percent="29">
      <mem type="soa" free="4043592" total="15564800" percent="25" />
      <mem type="loa" free="819200" total="819200" percent="100" />
    </mem>
    <remembered-set count="524" />
  </mem-info>
</gc-end>
<cycle-end id="584" type="scavenge" contextid="578" timestamp="2024-07-18T15:46:13.700" />
<allocation-satisfied id="585" threadId="00000000007FF800" bytesRequested="24" />
<af-end id="586" timestamp="2024-07-18T15:46:13.701" threadId="0000000000800238" success="true" from="nursery"/>
<exclusive-end id="587" timestamp="2024-07-18T15:46:13.701" durationms="5.288" />

<exclusive-start id="588" timestamp="2024-07-18T15:46:13.729" intervalms="32.922">
  <response-info timems="0.051" idlems="0.051" threads="0" lastid="00000000007FF800" lastname="Default Executor-thread-1" />
</exclusive-start>
<af-start id="589" threadId="0000000000800238" totalBytesRequested="16" timestamp="2024-07-18T15:46:13.729" intervalms="32.940" type="nursery" />
<cycle-start id="590" type="scavenge" contextid="0" timestamp="2024-07-18T15:46:13.730" intervalms="33.021" />
<gc-start id="591" type="scavenge" contextid="590" timestamp="2024-07-18T15:46:13.730">
  <mem-info id="592" free="4862792" total="28311552" percent="17">
    <mem type="nursery" free="0" total="11927552" percent="0">
      <mem type="allocate" free="0" total="10354688" percent="0" />
      <mem type="survivor" free="0" total="1572864" percent="0" />
    </mem>
    <mem type="tenure" free="4862792" total="16384000" percent="29">
      <mem type="soa" free="4043592" total="15564800" percent="25" />
      <mem type="loa" free="819200" total="819200" percent="100" />
    </mem>
    <remembered-set count="548" />
  </mem-info>
</gc-start>
<allocation-stats totalBytes="10044224" discardedBytes="1216" >
  <allocated-bytes non-tlh="24" tlh="10044200" />
  <largest-consumer threadName="Default Executor-thread-1" threadId="00000000007FF800" bytes="10044224" />
</allocation-stats>
<gc-op id="593" type="scavenge" timems="1.061" contextid="590" timestamp="2024-07-18T15:46:13.732">
  <scavenger-info tenureage="2" tenuremask="4004" tiltratio="86" />
  <memory-copied type="nursery" objects="10344" bytes="288568" bytesdiscarded="22472" />
  <memory-copied type="tenure" objects="1613" bytes="47616" bytesdiscarded="48" />
  <object-monitors candidates="14" cleared="0"  />
</gc-op>
<heap-resize id="594" type="expand" space="nursery" amount="524288" count="1" timems="0.022" reason="excessive time being spent scavenging" timestamp="2024-07-18T15:46:13.733" />
<gc-end id="595" type="scavenge" contextid="590" durationms="2.528" usertimems="2.446" systemtimems="0.000" stalltimems="0.907" timestamp="2024-07-18T15:46:13.733" activeThreads="3">
  <mem-info id="596" free="15584128" total="28835840" percent="54">
    <mem type="nursery" free="10764544" total="12451840" percent="86">
      <mem type="allocate" free="10764544" total="11075584" percent="97" />
      <mem type="survivor" free="0" total="1376256" percent="0" />
    </mem>
    <mem type="tenure" free="4819584" total="16384000" percent="29">
      <mem type="soa" free="4000384" total="15564800" percent="25" />
      <mem type="loa" free="819200" total="819200" percent="100" />
    </mem>
    <remembered-set count="501" />
  </mem-info>
</gc-end>
<cycle-end id="597" type="scavenge" contextid="590" timestamp="2024-07-18T15:46:13.733" />
<allocation-satisfied id="598" threadId="00000000007FF800" bytesRequested="16" />
<af-end id="599" timestamp="2024-07-18T15:46:13.734" threadId="0000000000800238" success="true" from="nursery"/>
<exclusive-end id="600" timestamp="2024-07-18T15:46:13.734" durationms="4.915" />

<exclusive-start id="601" timestamp="2024-07-18T15:46:13.762" intervalms="32.809">
  <response-info timems="0.053" idlems="0.053" threads="0" lastid="00000000007FF800" lastname="Default Executor-thread-1" />
</exclusive-start>
<af-start id="602" threadId="0000000000800238" totalBytesRequested="16" timestamp="2024-07-18T15:46:13.762" intervalms="32.771" type="nursery" />
<cycle-start id="603" type="scavenge" contextid="0" timestamp="2024-07-18T15:46:13.762" intervalms="32.578" />
<gc-start id="604" type="scavenge" contextid="603" timestamp="2024-07-18T15:46:13.763">
  <mem-info id="605" free="4818592" total="28835840" percent="16">
    <mem type="nursery" free="0" total="12451840" percent="0">
      <mem type="allocate" free="0" total="11075584" percent="0" />
      <mem type="survivor" free="0" total="1376256" percent="0" />
    </mem>
    <mem type="tenure" free="4818592" total="16384000" percent="29">
      <mem type="soa" free="3999392" total="15564800" percent="25" />
      <mem type="loa" free="819200" total="819200" percent="100" />
    </mem>
    <remembered-set count="545" />
  </mem-info>
</gc-start>
<allocation-stats totalBytes="10764520" discardedBytes="1016" >
  <allocated-bytes non-tlh="1008" tlh="10763512" />
  <largest-consumer threadName="Default Executor-thread-1" threadId="00000000007FF800" bytes="10734872" />
</allocation-stats>
<gc-op id="606" type="scavenge" timems="0.982" contextid="603" timestamp="2024-07-18T15:46:13.764">
  <scavenger-info tenureage="14" tenuremask="4000" tiltratio="88" />
  <memory-copied type="nursery" objects="10662" bytes="298744" bytesdiscarded="22472" />
  <ownableSynchronizers candidates="4" cleared="0" />
  <references type="weak" candidates="17" cleared="1" enqueued="1" />
  <object-monitors candidates="17" cleared="0"  />
</gc-op>
<gc-end id="607" type="scavenge" contextid="603" durationms="1.733" usertimems="1.811" systemtimems="0.000" stalltimems="0.949" timestamp="2024-07-18T15:46:13.764" activeThreads="3">
  <mem-info id="608" free="15703968" total="28835840" percent="54">
    <mem type="nursery" free="10885376" total="12451840" percent="87">
      <mem type="allocate" free="10885376" total="11206656" percent="97" />
      <mem type="survivor" free="0" total="1245184" percent="0" />
    </mem>
    <mem type="tenure" free="4818592" total="16384000" percent="29">
      <mem type="soa" free="3999392" total="15564800" percent="25" />
      <mem type="loa" free="819200" total="819200" percent="100" />
    </mem>
    <pending-finalizers system="0" default="0" reference="1" classloader="0" />
    <remembered-set count="534" />
  </mem-info>
</gc-end>
<cycle-end id="609" type="scavenge" contextid="603" timestamp="2024-07-18T15:46:13.765" />
<allocation-satisfied id="610" threadId="00000000007FF800" bytesRequested="16" />
<af-end id="611" timestamp="2024-07-18T15:46:13.765" threadId="0000000000800238" success="true" from="nursery"/>
<exclusive-end id="612" timestamp="2024-07-18T15:46:13.766" durationms="3.776" />

<exclusive-start id="613" timestamp="2024-07-18T15:46:13.794" intervalms="32.449">
  <response-info timems="0.050" idlems="0.050" threads="0" lastid="00000000007FF800" lastname="Default Executor-thread-1" />
</exclusive-start>
<af-start id="614" threadId="0000000000800238" totalBytesRequested="24" timestamp="2024-07-18T15:46:13.795" intervalms="32.409" type="nursery" />
<cycle-start id="615" type="scavenge" contextid="0" timestamp="2024-07-18T15:46:13.795" intervalms="32.533" />
<gc-start id="616" type="scavenge" contextid="615" timestamp="2024-07-18T15:46:13.795">
  <mem-info id="617" free="4818592" total="28835840" percent="16">
    <mem type="nursery" free="0" total="12451840" percent="0">
      <mem type="allocate" free="0" total="11206656" percent="0" />
      <mem type="survivor" free="0" total="1245184" percent="0" />
    </mem>
    <mem type="tenure" free="4818592" total="16384000" percent="29">
      <mem type="soa" free="3999392" total="15564800" percent="25" />
      <mem type="loa" free="819200" total="819200" percent="100" />
    </mem>
    <remembered-set count="536" />
  </mem-info>
</gc-start>
<allocation-stats totalBytes="10884272" discardedBytes="1104" >
  <allocated-bytes non-tlh="16" tlh="10884256" />
  <largest-consumer threadName="Default Executor-thread-1" threadId="00000000007FF800" bytes="10884272" />
</allocation-stats>
<gc-op id="618" type="scavenge" timems="1.419" contextid="615" timestamp="2024-07-18T15:46:13.797">
  <scavenger-info tenureage="3" tenuremask="4008" tiltratio="90" />
  <memory-copied type="nursery" objects="2575" bytes="75888" bytesdiscarded="36224" />
  <memory-copied type="tenure" objects="8167" bytes="225424" bytesdiscarded="128" />
  <ownableSynchronizers candidates="4" cleared="0" />
  <references type="weak" candidates="16" cleared="0" enqueued="0" />
  <object-monitors candidates="17" cleared="0"  />
</gc-op>
<heap-resize id="619" type="expand" space="nursery" amount="524288" count="1" timems="0.032" reason="excessive time being spent scavenging" timestamp="2024-07-18T15:46:13.798" />
<gc-end id="620" type="scavenge" contextid="615" durationms="2.635" usertimems="2.737" systemtimems="0.000" stalltimems="1.786" timestamp="2024-07-18T15:46:13.798" activeThreads="3">
  <mem-info id="621" free="16109704" total="29360128" percent="54">
    <mem type="nursery" free="11553280" total="12976128" percent="89">
      <mem type="allocate" free="11553280" total="11665408" percent="99" />
      <mem type="survivor" free="0" total="1310720" percent="0" />
    </mem>
    <mem type="tenure" free="4556424" total="16384000" percent="27">
      <mem type="soa" free="3737224" total="15564800" percent="24" />
      <mem type="loa" free="819200" total="819200" percent="100" />
    </mem>
    <remembered-set count="313" />
  </mem-info>
</gc-end>
<cycle-end id="622" type="scavenge" contextid="615" timestamp="2024-07-18T15:46:13.798" />
<allocation-satisfied id="623" threadId="00000000007FF800" bytesRequested="24" />
<af-end id="624" timestamp="2024-07-18T15:46:13.799" threadId="0000000000800238" success="true" from="nursery"/>
<exclusive-end id="625" timestamp="2024-07-18T15:46:13.799" durationms="4.885" />

<exclusive-start id="626" timestamp="2024-07-18T15:46:13.838" intervalms="43.681">
  <response-info timems="0.061" idlems="0.061" threads="0" lastid="00000000007FF800" lastname="Default Executor-thread-1" />
</exclusive-start>
<af-start id="627" threadId="0000000000800238" totalBytesRequested="24" timestamp="2024-07-18T15:46:13.838" intervalms="43.723" type="nursery" />
<cycle-start id="628" type="scavenge" contextid="0" timestamp="2024-07-18T15:46:13.839" intervalms="43.828" />
<gc-start id="629" type="scavenge" contextid="628" timestamp="2024-07-18T15:46:13.839">
  <mem-info id="630" free="4556424" total="29360128" percent="15">
    <mem type="nursery" free="0" total="12976128" percent="0">
      <mem type="allocate" free="0" total="11665408" percent="0" />
      <mem type="survivor" free="0" total="1310720" percent="0" />
    </mem>
    <mem type="tenure" free="4556424" total="16384000" percent="27">
      <mem type="soa" free="3737224" total="15564800" percent="24" />
      <mem type="loa" free="819200" total="819200" percent="100" />
    </mem>
    <remembered-set count="315" />
  </mem-info>
</gc-start>
<allocation-stats totalBytes="11552104" discardedBytes="1176" >
  <allocated-bytes non-tlh="24" tlh="11552080" />
  <largest-consumer threadName="Default Executor-thread-1" threadId="00000000007FF800" bytes="11552104" />
</allocation-stats>
<gc-op id="631" type="scavenge" timems="0.764" contextid="628" timestamp="2024-07-18T15:46:13.841">
  <scavenger-info tenureage="14" tenuremask="4000" tiltratio="89" />
  <memory-copied type="nursery" objects="2791" bytes="82304" bytesdiscarded="48496" />
  <ownableSynchronizers candidates="4" cleared="0" />
  <references type="weak" candidates="16" cleared="0" enqueued="0" />
  <object-monitors candidates="17" cleared="0"  />
</gc-op>
<gc-end id="632" type="scavenge" contextid="628" durationms="1.789" usertimems="1.414" systemtimems="0.190" stalltimems="0.748" timestamp="2024-07-18T15:46:13.841" activeThreads="3">
  <mem-info id="633" free="16091016" total="29360128" percent="54">
    <mem type="nursery" free="11534592" total="12976128" percent="88">
      <mem type="allocate" free="11534592" total="11665408" percent="98" />
      <mem type="survivor" free="0" total="1310720" percent="0" />
    </mem>
    <mem type="tenure" free="4556424" total="16384000" percent="27">
      <mem type="soa" free="3737224" total="15564800" percent="24" />
      <mem type="loa" free="819200" total="819200" percent="100" />
    </mem>
    <remembered-set count="304" />
  </mem-info>
</gc-end>
<cycle-end id="634" type="scavenge" contextid="628" timestamp="2024-07-18T15:46:13.841" />
<allocation-satisfied id="635" threadId="00000000007FF800" bytesRequested="24" />
<af-end id="636" timestamp="2024-07-18T15:46:13.842" threadId="0000000000800238" success="true" from="nursery"/>
<exclusive-end id="637" timestamp="2024-07-18T15:46:13.842" durationms="4.076" />

<exclusive-start id="638" timestamp="2024-07-18T15:46:13.878" intervalms="40.191">
  <response-info timems="0.064" idlems="0.064" threads="0" lastid="00000000007FF800" lastname="Default Executor-thread-1" />
</exclusive-start>
<af-start id="639" threadId="0000000000800238" totalBytesRequested="72" timestamp="2024-07-18T15:46:13.879" intervalms="40.271" type="nursery" />
<cycle-start id="640" type="scavenge" contextid="0" timestamp="2024-07-18T15:46:13.879" intervalms="40.062" />
<gc-start id="641" type="scavenge" contextid="640" timestamp="2024-07-18T15:46:13.879">
  <mem-info id="642" free="4556424" total="29360128" percent="15">
    <mem type="nursery" free="0" total="12976128" percent="0">
      <mem type="allocate" free="0" total="11665408" percent="0" />
      <mem type="survivor" free="0" total="1310720" percent="0" />
    </mem>
    <mem type="tenure" free="4556424" total="16384000" percent="27">
      <mem type="soa" free="3737224" total="15564800" percent="24" />
      <mem type="loa" free="819200" total="819200" percent="100" />
    </mem>
    <remembered-set count="315" />
  </mem-info>
</gc-start>
<allocation-stats totalBytes="11533424" discardedBytes="1168" >
  <allocated-bytes non-tlh="24" tlh="11533400" />
  <largest-consumer threadName="Default Executor-thread-1" threadId="00000000007FF800" bytes="11533424" />
</allocation-stats>
<gc-op id="643" type="scavenge" timems="0.816" contextid="640" timestamp="2024-07-18T15:46:13.881">
  <scavenger-info tenureage="4" tenuremask="4010" tiltratio="89" />
  <memory-copied type="nursery" objects="835" bytes="27080" bytesdiscarded="28968" />
  <memory-copied type="tenure" objects="1722" bytes="47984" bytesdiscarded="16" />
  <ownableSynchronizers candidates="4" cleared="0" />
  <references type="weak" candidates="16" cleared="0" enqueued="0" />
  <object-monitors candidates="17" cleared="0"  />
</gc-op>
<gc-end id="644" type="scavenge" contextid="640" durationms="1.767" usertimems="1.105" systemtimems="0.000" stalltimems="0.486" timestamp="2024-07-18T15:46:13.881" activeThreads="2">
  <mem-info id="645" free="16128392" total="29360128" percent="54">
    <mem type="nursery" free="11609344" total="12976128" percent="89">
      <mem type="allocate" free="11609344" total="11665408" percent="99" />
      <mem type="survivor" free="0" total="1310720" percent="0" />
    </mem>
    <mem type="tenure" free="4519048" total="16384000" percent="27">
      <mem type="soa" free="3699848" total="15564800" percent="23" />
      <mem type="loa" free="819200" total="819200" percent="100" />
    </mem>
    <remembered-set count="266" />
  </mem-info>
</gc-end>
<cycle-end id="646" type="scavenge" contextid="640" timestamp="2024-07-18T15:46:13.881" />
<allocation-satisfied id="647" threadId="00000000007FF800" bytesRequested="72" />
<af-end id="648" timestamp="2024-07-18T15:46:13.882" threadId="0000000000800238" success="true" from="nursery"/>
<exclusive-end id="649" timestamp="2024-07-18T15:46:13.882" durationms="3.936" />

<exclusive-start id="650" timestamp="2024-07-18T15:46:13.914" intervalms="36.246">
  <response-info timems="0.120" idlems="0.120" threads="0" lastid="00000000007FF800" lastname="Default Executor-thread-1" />
</exclusive-start>
<af-start id="651" threadId="0000000000800238" totalBytesRequested="24" timestamp="2024-07-18T15:46:13.915" intervalms="36.250" type="nursery" />
<cycle-start id="652" type="scavenge" contextid="0" timestamp="2024-07-18T15:46:13.915" intervalms="36.459" />
<gc-start id="653" type="scavenge" contextid="652" timestamp="2024-07-18T15:46:13.916">
  <mem-info id="654" free="4519048" total="29360128" percent="15">
    <mem type="nursery" free="0" total="12976128" percent="0">
      <mem type="allocate" free="0" total="11665408" percent="0" />
      <mem type="survivor" free="0" total="1310720" percent="0" />
    </mem>
    <mem type="tenure" free="4519048" total="16384000" percent="27">
      <mem type="soa" free="3699848" total="15564800" percent="23" />
      <mem type="loa" free="819200" total="819200" percent="100" />
    </mem>
    <remembered-set count="289" />
  </mem-info>
</gc-start>
<allocation-stats totalBytes="11607632" discardedBytes="1712" >
  <allocated-bytes non-tlh="72" tlh="11607560" />
  <largest-consumer threadName="Default Executor-thread-1" threadId="00000000007FF800" bytes="11607632" />
</allocation-stats>
<gc-op id="655" type="scavenge" timems="0.569" contextid="652" timestamp="2024-07-18T15:46:13.917">
  <scavenger-info tenureage="14" tenuremask="4000" tiltratio="89" />
  <memory-copied type="nursery" objects="1342" bytes="43576" bytesdiscarded="12472" />
  <ownableSynchronizers candidates="4" cleared="0" />
  <references type="weak" candidates="16" cleared="0" enqueued="0" />
  <object-monitors candidates="17" cleared="0"  />
</gc-op>
<gc-end id="656" type="scavenge" contextid="652" durationms="1.410" usertimems="0.860" systemtimems="0.103" stalltimems="0.219" timestamp="2024-07-18T15:46:13.917" activeThreads="2">
  <mem-info id="657" free="16128392" total="29360128" percent="54">
    <mem type="nursery" free="11609344" total="12976128" percent="89">
      <mem type="allocate" free="11609344" total="11665408" percent="99" />
      <mem type="survivor" free="0" total="1310720" percent="0" />
    </mem>
    <mem type="tenure" free="4519048" total="16384000" percent="27">
      <mem type="soa" free="3699848" total="15564800" percent="23" />
      <mem type="loa" free="819200" total="819200" percent="100" />
    </mem>
    <remembered-set count="269" />
  </mem-info>
</gc-end>
<cycle-end id="658" type="scavenge" contextid="652" timestamp="2024-07-18T15:46:13.918" />
<allocation-satisfied id="659" threadId="00000000007FF800" bytesRequested="24" />
<af-end id="660" timestamp="2024-07-18T15:46:13.918" threadId="0000000000800238" success="true" from="nursery"/>
<exclusive-end id="661" timestamp="2024-07-18T15:46:13.918" durationms="4.151" />

<exclusive-start id="662" timestamp="2024-07-18T15:46:14.039" intervalms="125.174">
  <response-info timems="0.102" idlems="0.102" threads="0" lastid="00000000007FF800" lastname="Default Executor-thread-1" />
</exclusive-start>
<af-start id="663" threadId="0000000000800238" totalBytesRequested="79920" timestamp="2024-07-18T15:46:14.040" intervalms="125.181" type="nursery" />
<cycle-start id="664" type="scavenge" contextid="0" timestamp="2024-07-18T15:46:14.040" intervalms="125.083" />
<gc-start id="665" type="scavenge" contextid="664" timestamp="2024-07-18T15:46:14.041">
  <mem-info id="666" free="4508176" total="29360128" percent="15">
    <mem type="nursery" free="0" total="12976128" percent="0">
      <mem type="allocate" free="0" total="11665408" percent="0" />
      <mem type="survivor" free="0" total="1310720" percent="0" />
    </mem>
    <mem type="tenure" free="4508176" total="16384000" percent="27">
      <mem type="soa" free="3688976" total="15564800" percent="23" />
      <mem type="loa" free="819200" total="819200" percent="100" />
    </mem>
    <remembered-set count="2835" />
  </mem-info>
</gc-start>
<allocation-stats totalBytes="11542720" discardedBytes="77496" >
  <allocated-bytes non-tlh="501832" tlh="11040888" />
  <largest-consumer threadName="Default Executor-thread-1" threadId="00000000007FF800" bytes="11501736" />
</allocation-stats>
<gc-op id="667" type="scavenge" timems="4.067" contextid="664" timestamp="2024-07-18T15:46:14.045">
  <scavenger-info tenureage="3" tenuremask="fff8" tiltratio="89" />
  <memory-copied type="nursery" objects="27353" bytes="1309576" bytesdiscarded="152" />
  <memory-copied type="tenure" objects="9150" bytes="251592" bytesdiscarded="104" />
  <copy-failed type="nursery" objects="8928" bytes="244688" />
  <ownableSynchronizers candidates="84" cleared="48" />
  <references type="soft" candidates="2" cleared="0" enqueued="0" dynamicThreshold="9" maxThreshold="32" />
  <references type="weak" candidates="14" cleared="1" enqueued="1" />
  <references type="phantom" candidates="51" cleared="0" enqueued="0" />
  <object-monitors candidates="17" cleared="0"  />
</gc-op>
<gc-end id="668" type="scavenge" contextid="664" durationms="5.273" usertimems="7.102" systemtimems="0.940" stalltimems="0.528" timestamp="2024-07-18T15:46:14.046" activeThreads="2">
  <mem-info id="669" free="12303376" total="29360128" percent="41">
    <mem type="nursery" free="8060928" total="12976128" percent="62">
      <mem type="allocate" free="8060928" total="9371648" percent="86" />
      <mem type="survivor" free="0" total="3604480" percent="0" />
    </mem>
    <mem type="tenure" free="4242448" total="16384000" percent="25">
      <mem type="soa" free="3423248" total="15564800" percent="21" />
      <mem type="loa" free="819200" total="819200" percent="100" />
    </mem>
    <pending-finalizers system="0" default="0" reference="1" classloader="0" />
    <remembered-set count="2855" />
  </mem-info>
</gc-end>
<cycle-end id="670" type="scavenge" contextid="664" timestamp="2024-07-18T15:46:14.047" />
<allocation-satisfied id="671" threadId="00000000007FF800" bytesRequested="79920" />
<af-end id="672" timestamp="2024-07-18T15:46:14.047" threadId="0000000000800238" success="true" from="nursery"/>
<exclusive-end id="673" timestamp="2024-07-18T15:46:14.048" durationms="8.016" />

<exclusive-start id="674" timestamp="2024-07-18T15:46:14.118" intervalms="78.579">
  <response-info timems="0.068" idlems="0.068" threads="0" lastid="00000000007FF800" lastname="Default Executor-thread-1" />
</exclusive-start>
<af-start id="675" threadId="0000000000800238" totalBytesRequested="13712" timestamp="2024-07-18T15:46:14.118" intervalms="78.469" type="nursery" />
<cycle-start id="676" type="scavenge" contextid="0" timestamp="2024-07-18T15:46:14.119" intervalms="78.554" />
<gc-start id="677" type="scavenge" contextid="676" timestamp="2024-07-18T15:46:14.119">
  <mem-info id="678" free="4241840" total="29360128" percent="14">
    <mem type="nursery" free="0" total="12976128" percent="0">
      <mem type="allocate" free="0" total="9371648" percent="0" />
      <mem type="survivor" free="0" total="3604480" percent="0" />
    </mem>
    <mem type="tenure" free="4241840" total="16384000" percent="25">
      <mem type="soa" free="3422640" total="15564800" percent="21" />
      <mem type="loa" free="819200" total="819200" percent="100" />
    </mem>
    <remembered-set count="3137" />
  </mem-info>
</gc-start>
<allocation-stats totalBytes="8040208" discardedBytes="21328" >
  <allocated-bytes non-tlh="247336" tlh="7792872" />
  <largest-consumer threadName="Default Executor-thread-1" threadId="00000000007FF800" bytes="7966512" />
</allocation-stats>
<gc-op id="679" type="scavenge" timems="2.787" contextid="676" timestamp="2024-07-18T15:46:14.123">
  <scavenger-info tenureage="7" tenuremask="ff80" tiltratio="72" />
  <memory-copied type="nursery" objects="43240" bytes="2382536" bytesdiscarded="20824" />
  <ownableSynchronizers candidates="189" cleared="93" />
  <references type="soft" candidates="2" cleared="0" enqueued="0" dynamicThreshold="9" maxThreshold="32" />
  <references type="weak" candidates="14" cleared="0" enqueued="0" />
  <references type="phantom" candidates="145" cleared="0" enqueued="0" />
  <object-monitors candidates="17" cleared="0"  />
</gc-op>
<gc-end id="680" type="scavenge" contextid="676" durationms="3.753" usertimems="5.891" systemtimems="0.797" stalltimems="1.761" timestamp="2024-07-18T15:46:14.123" activeThreads="3">
  <mem-info id="681" free="11077152" total="29360128" percent="37">
    <mem type="nursery" free="6835312" total="12976128" percent="52">
      <mem type="allocate" free="6835312" total="9240576" percent="73" />
      <mem type="survivor" free="0" total="3735552" percent="0" />
    </mem>
    <mem type="tenure" free="4241840" total="16384000" percent="25">
      <mem type="soa" free="3422640" total="15564800" percent="21" />
      <mem type="loa" free="819200" total="819200" percent="100" />
    </mem>
    <remembered-set count="3023" />
  </mem-info>
</gc-end>
<cycle-end id="682" type="scavenge" contextid="676" timestamp="2024-07-18T15:46:14.124" />
<allocation-satisfied id="683" threadId="00000000007FF800" bytesRequested="13712" />
<af-end id="684" timestamp="2024-07-18T15:46:14.124" threadId="0000000000800238" success="true" from="nursery"/>
<exclusive-end id="685" timestamp="2024-07-18T15:46:14.124" durationms="6.117" />

<exclusive-start id="686" timestamp="2024-07-18T15:46:14.173" intervalms="54.673">
  <response-info timems="0.063" idlems="0.063" threads="0" lastid="00000000007FF800" lastname="Default Executor-thread-1" />
</exclusive-start>
<af-start id="687" threadId="0000000000800238" totalBytesRequested="21192" timestamp="2024-07-18T15:46:14.173" intervalms="54.596" type="nursery" />
<cycle-start id="688" type="scavenge" contextid="0" timestamp="2024-07-18T15:46:14.173" intervalms="54.431" />
<gc-start id="689" type="scavenge" contextid="688" timestamp="2024-07-18T15:46:14.174">
  <mem-info id="690" free="4241416" total="29360128" percent="14">
    <mem type="nursery" free="0" total="12976128" percent="0">
      <mem type="allocate" free="0" total="9240576" percent="0" />
      <mem type="survivor" free="0" total="3735552" percent="0" />
    </mem>
    <mem type="tenure" free="4241416" total="16384000" percent="25">
      <mem type="soa" free="3422216" total="15564800" percent="21" />
      <mem type="loa" free="819200" total="819200" percent="100" />
    </mem>
    <remembered-set count="3275" />
  </mem-info>
</gc-start>
<allocation-stats totalBytes="6821328" discardedBytes="14408" >
  <allocated-bytes non-tlh="450096" tlh="6371232" />
  <largest-consumer threadName="Default Executor-thread-1" threadId="00000000007FF800" bytes="6760000" />
</allocation-stats>
<gc-op id="691" type="scavenge" timems="4.401" contextid="688" timestamp="2024-07-18T15:46:14.178">
  <scavenger-info tenureage="2" tenuremask="fffc" tiltratio="71" />
  <memory-copied type="nursery" objects="31140" bytes="2402864" bytesdiscarded="115704" />
  <memory-copied type="tenure" objects="27305" bytes="1304864" bytesdiscarded="448" />
  <ownableSynchronizers candidates="206" cleared="66" />
  <references type="weak" candidates="1" cleared="0" enqueued="0" />
  <references type="phantom" candidates="162" cleared="0" enqueued="0" />
  <object-monitors candidates="17" cleared="0"  />
</gc-op>
<heap-resize id="692" type="expand" space="nursery" amount="786432" count="1" timems="0.031" reason="excessive time being spent scavenging" timestamp="2024-07-18T15:46:14.179" />
<gc-end id="693" type="scavenge" contextid="688" durationms="5.647" usertimems="11.177" systemtimems="0.127" stalltimems="2.463" timestamp="2024-07-18T15:46:14.179" activeThreads="3">
  <mem-info id="694" free="10933168" total="30146560" percent="36">
    <mem type="nursery" free="8030584" total="13762560" percent="58">
      <mem type="allocate" free="8030584" total="10551296" percent="76" />
      <mem type="survivor" free="0" total="3211264" percent="0" />
    </mem>
    <mem type="tenure" free="2902584" total="16384000" percent="17">
      <mem type="soa" free="2083384" total="15564800" percent="13" />
      <mem type="loa" free="819200" total="819200" percent="100" />
    </mem>
    <remembered-set count="601" />
  </mem-info>
</gc-end>
<cycle-end id="695" type="scavenge" contextid="688" timestamp="2024-07-18T15:46:14.180" />
<allocation-satisfied id="696" threadId="00000000007FF800" bytesRequested="21192" />
<af-end id="697" timestamp="2024-07-18T15:46:14.181" threadId="0000000000800238" success="true" from="nursery"/>
<exclusive-end id="698" timestamp="2024-07-18T15:46:14.181" durationms="8.009" />

<exclusive-start id="699" timestamp="2024-07-18T15:46:14.246" intervalms="73.704">
  <response-info timems="0.064" idlems="0.064" threads="0" lastid="00000000007FF800" lastname="Default Executor-thread-1" />
</exclusive-start>
<af-start id="700" threadId="0000000000800238" totalBytesRequested="8200" timestamp="2024-07-18T15:46:14.247" intervalms="73.799" type="nursery" />
<cycle-start id="701" type="scavenge" contextid="0" timestamp="2024-07-18T15:46:14.247" intervalms="73.876" />
<gc-start id="702" type="scavenge" contextid="701" timestamp="2024-07-18T15:46:14.248">
  <mem-info id="703" free="2902432" total="30146560" percent="9">
    <mem type="nursery" free="0" total="13762560" percent="0">
      <mem type="allocate" free="0" total="10551296" percent="0" />
      <mem type="survivor" free="0" total="3211264" percent="0" />
    </mem>
    <mem type="tenure" free="2902432" total="16384000" percent="17">
      <mem type="soa" free="2083232" total="15564800" percent="13" />
      <mem type="loa" free="819200" total="819200" percent="100" />
    </mem>
    <remembered-set count="1046" />
  </mem-info>
</gc-start>
<allocation-stats totalBytes="8020464" discardedBytes="10272" >
  <allocated-bytes non-tlh="122248" tlh="7898216" />
  <largest-consumer threadName="Default Executor-thread-1" threadId="00000000007FF800" bytes="7942752" />
</allocation-stats>
<gc-op id="704" type="scavenge" timems="3.314" contextid="701" timestamp="2024-07-18T15:46:14.252">
  <scavenger-info tenureage="2" tenuremask="ffc4" tiltratio="76" />
  <memory-copied type="nursery" objects="32529" bytes="2423936" bytesdiscarded="132168" />
  <memory-copied type="tenure" objects="15904" bytes="1069736" bytesdiscarded="1920" />
  <ownableSynchronizers candidates="257" cleared="87" />
  <references type="weak" candidates="5" cleared="0" enqueued="0" />
  <references type="phantom" candidates="154" cleared="0" enqueued="0" />
  <object-monitors candidates="20" cleared="0"  />
</gc-op>
<gc-end id="705" type="scavenge" contextid="701" durationms="4.353" usertimems="10.886" systemtimems="0.000" stalltimems="2.162" timestamp="2024-07-18T15:46:14.252" activeThreads="4">
  <mem-info id="706" free="10097112" total="30146560" percent="33">
    <mem type="nursery" free="8320776" total="13762560" percent="60">
      <mem type="allocate" free="8320776" total="10878976" percent="76" />
      <mem type="survivor" free="0" total="2883584" percent="0" />
    </mem>
    <mem type="tenure" free="1776336" total="16384000" percent="10">
      <mem type="soa" free="957136" total="15564800" percent="6" />
      <mem type="loa" free="819200" total="819200" percent="100" />
    </mem>
    <remembered-set count="693" />
  </mem-info>
</gc-end>
<cycle-end id="707" type="scavenge" contextid="701" timestamp="2024-07-18T15:46:14.252" />
<allocation-satisfied id="708" threadId="00000000007FF800" bytesRequested="8200" />
<af-end id="709" timestamp="2024-07-18T15:46:14.253" threadId="0000000000800238" success="true" from="nursery"/>
<exclusive-end id="710" timestamp="2024-07-18T15:46:14.253" durationms="6.520" />

<concurrent-kickoff id="711" timestamp="2024-07-18T15:46:14.312">
  <kickoff reason="threshold reached" targetBytes="6494764" thresholdFreeBytes="900432"  remainingFree="886776" tenureFreeBytes="1776072" nurseryFreeBytes="886776" />
</concurrent-kickoff>
<exclusive-start id="712" timestamp="2024-07-18T15:46:14.312" intervalms="65.662">
  <response-info timems="0.063" idlems="0.063" threads="0" lastid="00000000007FF800" lastname="Default Executor-thread-1" />
</exclusive-start>
<cycle-start id="713" type="global" contextid="0" timestamp="2024-07-18T15:46:14.312" intervalms="686.154" />
<concurrent-start id="714" type="global mark" contextid="713" timestamp="2024-07-18T15:46:14.313">
</concurrent-start>
<exclusive-end id="715" timestamp="2024-07-18T15:46:14.313" durationms="0.591" />

<concurrent-end id="716" type="global mark" contextid="713" timestamp="2024-07-18T15:46:14.331">
<gc-op id="717" type="trace" timems="18.863" contextid="713" timestamp="2024-07-18T15:46:14.331">
  <trace bytesTraced="7906844" workStackOverflowCount="0" />
  <card-cleaning reason="card cleaning threshold reached" bytesTraced="8008" cardsCleaned="47" />
</gc-op>
</concurrent-end>

<exclusive-start id="718" timestamp="2024-07-18T15:46:14.332" intervalms="19.916">
  <response-info timems="0.050" idlems="0.050" threads="0" lastid="00000000007FF800" lastname="Default Executor-thread-1" />
</exclusive-start>
<concurrent-global-final id="719" timestamp="2024-07-18T15:46:14.332" contextid="713" intervalms="684.399" >
  <concurrent-trace-info reason="card cleaning threshold reached" tracedByMutators="3174848" tracedByHelpers="4740004" cardsCleaned="47" workStackOverflowCount="0" />
</concurrent-global-final>
<gc-start id="720" type="global" contextid="713" timestamp="2024-07-18T15:46:14.333">
  <mem-info id="721" free="1776072" total="30146560" percent="5">
    <mem type="nursery" free="0" total="13762560" percent="0">
      <mem type="allocate" free="0" total="10878976" percent="0" />
      <mem type="survivor" free="0" total="2883584" percent="0" />
    </mem>
    <mem type="tenure" free="1776072" total="16384000" percent="10">
      <mem type="soa" free="956872" total="15564800" percent="6" />
      <mem type="loa" free="819200" total="819200" percent="100" />
    </mem>
    <remembered-set count="1265" />
  </mem-info>
</gc-start>
<allocation-stats totalBytes="8317824" discardedBytes="3216" >
  <allocated-bytes non-tlh="139288" tlh="8178536" />
  <largest-consumer threadName="Default Executor-thread-1" threadId="00000000007FF800" bytes="8223704" />
</allocation-stats>
<gc-op id="722" type="rs-scan" timems="1.995" contextid="713" timestamp="2024-07-18T15:46:14.335">
  <scan objectsFound="51218" bytesTraced="1496948" workStackOverflowCount="0" />
</gc-op>
<gc-op id="723" type="card-cleaning" timems="0.962" contextid="713" timestamp="2024-07-18T15:46:14.337">
  <card-cleaning cardsCleaned="22" bytesTraced="12648" workStackOverflowCount="0" />
</gc-op>
<gc-op id="724" type="mark" timems="4.333" contextid="713" timestamp="2024-07-18T15:46:14.341">
  <trace-info objectcount="214" scancount="202" scanbytes="4744" />
  <finalization candidates="691" enqueued="0" />
  <ownableSynchronizers candidates="1040" cleared="148" />
  <references type="soft" candidates="5264" cleared="0" enqueued="0" dynamicThreshold="9" maxThreshold="32" />
  <references type="weak" candidates="1289" cleared="29" enqueued="29" />
  <references type="phantom" candidates="353" cleared="0" enqueued="0" />
  <stringconstants candidates="12562" cleared="1"  />
  <object-monitors candidates="20" cleared="0"  />
</gc-op>
<gc-op id="725" type="sweep" timems="2.179" contextid="713" timestamp="2024-07-18T15:46:14.344" />
<heap-resize id="726" type="expand" space="tenure" amount="2686976" count="1" timems="0.056" reason="insufficient free space following gc" timestamp="2024-07-18T15:46:14.344" />
<gc-end id="727" type="global" contextid="713" durationms="11.649" usertimems="28.753" systemtimems="0.000" stalltimems="57.927" timestamp="2024-07-18T15:46:14.344" activeThreads="12">
  <mem-info id="728" free="11809024" total="32833536" percent="35">
    <mem type="nursery" free="6062944" total="13762560" percent="44">
      <mem type="allocate" free="6062944" total="10878976" percent="55" />
      <mem type="survivor" free="0" total="2883584" percent="0" />
    </mem>
    <mem type="tenure" free="5746080" total="19070976" percent="30" micro-fragmented="196092" macro-fragmented="0">
      <mem type="soa" free="4791712" total="18116608" percent="26" />
      <mem type="loa" free="954368" total="954368" percent="100" />
    </mem>
    <pending-finalizers system="0" default="0" reference="29" classloader="0" />
    <remembered-set count="1034" />
  </mem-info>
</gc-end>
<cycle-end id="729" type="global" contextid="713" timestamp="2024-07-18T15:46:14.345" />
<exclusive-end id="730" timestamp="2024-07-18T15:46:14.345" durationms="12.981" />

<exclusive-start id="731" timestamp="2024-07-18T15:46:14.378" intervalms="46.423">
  <response-info timems="0.046" idlems="0.046" threads="0" lastid="00000000007FF800" lastname="Default Executor-thread-1" />
</exclusive-start>
<af-start id="732" threadId="0000000000800238" totalBytesRequested="72" timestamp="2024-07-18T15:46:14.379" intervalms="131.917" type="nursery" />
<cycle-start id="733" type="scavenge" contextid="0" timestamp="2024-07-18T15:46:14.379" intervalms="131.771" />
<gc-start id="734" type="scavenge" contextid="733" timestamp="2024-07-18T15:46:14.379">
  <mem-info id="735" free="5745808" total="32833536" percent="17">
    <mem type="nursery" free="0" total="13762560" percent="0">
      <mem type="allocate" free="0" total="10878976" percent="0" />
      <mem type="survivor" free="0" total="2883584" percent="0" />
    </mem>
    <mem type="tenure" free="5745808" total="19070976" percent="30">
      <mem type="soa" free="4791440" total="18116608" percent="26" />
      <mem type="loa" free="954368" total="954368" percent="100" />
    </mem>
    <remembered-set count="1223" />
  </mem-info>
</gc-start>
<allocation-stats totalBytes="5915632" discardedBytes="127504" >
  <allocated-bytes non-tlh="1865456" tlh="4050176" />
  <largest-consumer threadName="Default Executor-thread-1" threadId="00000000007FF800" bytes="5861984" />
</allocation-stats>
<gc-op id="736" type="scavenge" timems="3.179" contextid="733" timestamp="2024-07-18T15:46:14.383">
  <scavenger-info tenureage="2" tenuremask="fff4" tiltratio="79" />
  <memory-copied type="nursery" objects="38350" bytes="2772104" bytesdiscarded="108120" />
  <memory-copied type="tenure" objects="26419" bytes="1190336" bytesdiscarded="2912" />
  <copy-failed type="nursery" objects="11783" bytes="429392" />
  <ownableSynchronizers candidates="1691" cleared="1444" />
  <references type="weak" candidates="3" cleared="0" enqueued="0" />
  <references type="phantom" candidates="297" cleared="0" enqueued="0" />
  <object-monitors candidates="20" cleared="0"  />
</gc-op>
<gc-end id="737" type="scavenge" contextid="733" durationms="3.860" usertimems="10.588" systemtimems="1.378" stalltimems="3.844" timestamp="2024-07-18T15:46:14.383" activeThreads="5">
  <mem-info id="738" free="10658832" total="32833536" percent="32">
    <mem type="nursery" free="6225920" total="13762560" percent="45">
      <mem type="allocate" free="6225920" total="9109504" percent="68" />
      <mem type="survivor" free="0" total="4653056" percent="0" />
    </mem>
    <mem type="tenure" free="4432912" total="19070976" percent="23">
      <mem type="soa" free="3478544" total="18116608" percent="19" />
      <mem type="loa" free="954368" total="954368" percent="100" />
    </mem>
    <remembered-set count="3066" />
  </mem-info>
</gc-end>
<cycle-end id="739" type="scavenge" contextid="733" timestamp="2024-07-18T15:46:14.383" />
<allocation-satisfied id="740" threadId="00000000007FF800" bytesRequested="72" />
<af-end id="741" timestamp="2024-07-18T15:46:14.384" threadId="0000000000800238" success="true" from="nursery"/>
<exclusive-end id="742" timestamp="2024-07-18T15:46:14.384" durationms="5.356" />

<exclusive-start id="743" timestamp="2024-07-18T15:46:14.413" intervalms="34.481">
  <response-info timems="0.047" idlems="0.047" threads="0" lastid="0000000000597100" lastname="Framework Event Dispatcher: Equinox Container: 4cf6e2be-ca4b-4e" />
</exclusive-start>
<af-start id="744" threadId="0000000000597B38" totalBytesRequested="40" timestamp="2024-07-18T15:46:14.413" intervalms="34.455" type="nursery" />
<cycle-start id="745" type="scavenge" contextid="0" timestamp="2024-07-18T15:46:14.413" intervalms="34.490" />
<gc-start id="746" type="scavenge" contextid="745" timestamp="2024-07-18T15:46:14.414">
  <mem-info id="747" free="4432664" total="32833536" percent="13">
    <mem type="nursery" free="0" total="13762560" percent="0">
      <mem type="allocate" free="0" total="9109504" percent="0" />
      <mem type="survivor" free="0" total="4653056" percent="0" />
    </mem>
    <mem type="tenure" free="4432664" total="19070976" percent="23">
      <mem type="soa" free="3478296" total="18116608" percent="19" />
      <mem type="loa" free="954368" total="954368" percent="100" />
    </mem>
    <remembered-set count="3590" />
  </mem-info>
</gc-start>
<allocation-stats totalBytes="6223752" discardedBytes="2416" >
  <allocated-bytes non-tlh="168856" tlh="6054896" />
  <largest-consumer threadName="Default Executor-thread-1" threadId="00000000007FF800" bytes="6182864" />
</allocation-stats>
<gc-op id="748" type="scavenge" timems="3.076" contextid="745" timestamp="2024-07-18T15:46:14.417">
  <scavenger-info tenureage="2" tenuremask="fff4" tiltratio="66" />
  <memory-copied type="nursery" objects="40995" bytes="2887656" bytesdiscarded="307608" />
  <memory-copied type="tenure" objects="10018" bytes="482992" bytesdiscarded="168" />
  <ownableSynchronizers candidates="285" cleared="66" />
  <references type="phantom" candidates="273" cleared="0" enqueued="0" />
  <object-monitors candidates="20" cleared="0"  />
</gc-op>
<heap-resize id="749" type="expand" space="nursery" amount="917504" count="1" timems="0.028" reason="excessive time being spent scavenging" timestamp="2024-07-18T15:46:14.418" />
<gc-end id="750" type="scavenge" contextid="745" durationms="4.082" usertimems="11.625" systemtimems="0.695" stalltimems="5.711" timestamp="2024-07-18T15:46:14.418" activeThreads="6">
  <mem-info id="751" free="10395320" total="33751040" percent="30">
    <mem type="nursery" free="6697344" total="14680064" percent="45">
      <mem type="allocate" free="6697344" total="9895936" percent="67" />
      <mem type="survivor" free="0" total="4784128" percent="0" />
    </mem>
    <mem type="tenure" free="3697976" total="19070976" percent="19">
      <mem type="soa" free="2743608" total="18116608" percent="15" />
      <mem type="loa" free="954368" total="954368" percent="100" />
    </mem>
    <remembered-set count="1851" />
  </mem-info>
</gc-end>
<cycle-end id="752" type="scavenge" contextid="745" timestamp="2024-07-18T15:46:14.418" />
<allocation-satisfied id="753" threadId="0000000000597100" bytesRequested="40" />
<af-end id="754" timestamp="2024-07-18T15:46:14.419" threadId="0000000000597B38" success="true" from="nursery"/>
<exclusive-end id="755" timestamp="2024-07-18T15:46:14.419" durationms="5.864" />

<exclusive-start id="756" timestamp="2024-07-18T15:46:14.445" intervalms="31.676">
  <response-info timems="0.083" idlems="0.083" threads="0" lastid="00000000007FF800" lastname="Default Executor-thread-1" />
</exclusive-start>
<af-start id="757" threadId="0000000000800238" totalBytesRequested="48" timestamp="2024-07-18T15:46:14.445" intervalms="31.791" type="nursery" />
<cycle-start id="758" type="scavenge" contextid="0" timestamp="2024-07-18T15:46:14.445" intervalms="31.824" />
<gc-start id="759" type="scavenge" contextid="758" timestamp="2024-07-18T15:46:14.446">
  <mem-info id="760" free="3696752" total="33751040" percent="10">
    <mem type="nursery" free="0" total="14680064" percent="0">
      <mem type="allocate" free="0" total="9895936" percent="0" />
      <mem type="survivor" free="0" total="4784128" percent="0" />
    </mem>
    <mem type="tenure" free="3696752" total="19070976" percent="19">
      <mem type="soa" free="2742384" total="18116608" percent="15" />
      <mem type="loa" free="954368" total="954368" percent="100" />
    </mem>
    <remembered-set count="1977" />
  </mem-info>
</gc-start>
<allocation-stats totalBytes="6695640" discardedBytes="2928" >
  <allocated-bytes non-tlh="1026320" tlh="5669320" />
  <largest-consumer threadName="Default Executor-thread-1" threadId="00000000007FF800" bytes="6679216" />
</allocation-stats>
<gc-op id="761" type="scavenge" timems="4.041" contextid="758" timestamp="2024-07-18T15:46:14.451">
  <scavenger-info tenureage="2" tenuremask="fff4" tiltratio="67" />
  <memory-copied type="nursery" objects="20108" bytes="1321448" bytesdiscarded="337072" />
  <memory-copied type="tenure" objects="27569" bytes="1926664" bytesdiscarded="1504" />
  <ownableSynchronizers candidates="206" cleared="18" />
  <references type="weak" candidates="1" cleared="0" enqueued="0" />
  <references type="phantom" candidates="84" cleared="0" enqueued="0" />
  <object-monitors candidates="20" cleared="0"  />
</gc-op>
<heap-resize id="762" type="expand" space="nursery" amount="1179648" count="1" timems="0.032" reason="excessive time being spent scavenging" timestamp="2024-07-18T15:46:14.451" />
<gc-end id="763" type="scavenge" contextid="758" durationms="5.487" usertimems="2.499" systemtimems="15.331" stalltimems="5.989" timestamp="2024-07-18T15:46:14.451" activeThreads="6">
  <mem-info id="764" free="11022624" total="34930688" percent="31">
    <mem type="nursery" free="9547008" total="15859712" percent="60">
      <mem type="allocate" free="9547008" total="11206656" percent="85" />
      <mem type="survivor" free="0" total="4653056" percent="0" />
    </mem>
    <mem type="tenure" free="1475616" total="19070976" percent="7">
      <mem type="soa" free="521248" total="18116608" percent="2" />
      <mem type="loa" free="954368" total="954368" percent="100" />
    </mem>
    <remembered-set count="545" />
  </mem-info>
</gc-end>
<cycle-end id="765" type="scavenge" contextid="758" timestamp="2024-07-18T15:46:14.452" />
<allocation-satisfied id="766" threadId="00000000007FF800" bytesRequested="48" />
<af-end id="767" timestamp="2024-07-18T15:46:14.452" threadId="0000000000800238" success="true" from="nursery"/>
<exclusive-end id="768" timestamp="2024-07-18T15:46:14.452" durationms="7.606" />

<concurrent-kickoff id="769" timestamp="2024-07-18T15:46:14.503">
  <kickoff reason="threshold reached" targetBytes="7880457" thresholdFreeBytes="1092515"  remainingFree="1079584" tenureFreeBytes="1475008" nurseryFreeBytes="1079584" />
</concurrent-kickoff>
<exclusive-start id="770" timestamp="2024-07-18T15:46:14.504" intervalms="59.290">
  <response-info timems="0.058" idlems="0.058" threads="0" lastid="00000000007FF800" lastname="Default Executor-thread-1" />
</exclusive-start>
<cycle-start id="771" type="global" contextid="0" timestamp="2024-07-18T15:46:14.504" intervalms="191.799" />
<concurrent-start id="772" type="global mark" contextid="771" timestamp="2024-07-18T15:46:14.504">
</concurrent-start>
<exclusive-end id="773" timestamp="2024-07-18T15:46:14.505" durationms="0.611" />

<concurrent-end id="774" type="global mark" contextid="771" timestamp="2024-07-18T15:46:14.522">
<gc-op id="775" type="trace" timems="17.430" contextid="771" timestamp="2024-07-18T15:46:14.522">
  <trace bytesTraced="9181312" workStackOverflowCount="0" />
  <card-cleaning reason="card cleaning threshold reached" bytesTraced="14748" cardsCleaned="54" />
</gc-op>
</concurrent-end>

<exclusive-start id="776" timestamp="2024-07-18T15:46:14.522" intervalms="18.327">
  <response-info timems="0.047" idlems="0.047" threads="0" lastid="00000000007FF800" lastname="Default Executor-thread-1" />
</exclusive-start>
<concurrent-global-final id="777" timestamp="2024-07-18T15:46:14.522" contextid="771" intervalms="190.175" >
  <concurrent-trace-info reason="card cleaning threshold reached" tracedByMutators="2623096" tracedByHelpers="6572964" cardsCleaned="54" workStackOverflowCount="0" />
</concurrent-global-final>
<gc-start id="778" type="global" contextid="771" timestamp="2024-07-18T15:46:14.523">
  <mem-info id="779" free="1637088" total="34930688" percent="4">
    <mem type="nursery" free="162080" total="15859712" percent="1">
      <mem type="allocate" free="162080" total="11206656" percent="1" />
      <mem type="survivor" free="0" total="4653056" percent="0" />
    </mem>
    <mem type="tenure" free="1475008" total="19070976" percent="7">
      <mem type="soa" free="520640" total="18116608" percent="2" />
      <mem type="loa" free="954368" total="954368" percent="100" />
    </mem>
    <remembered-set count="1299" />
  </mem-info>
</gc-start>
<allocation-stats totalBytes="9382536" discardedBytes="3000" >
  <allocated-bytes non-tlh="564976" tlh="8817560" />
  <largest-consumer threadName="Default Executor-thread-1" threadId="00000000007FF800" bytes="9278424" />
</allocation-stats>
<gc-op id="780" type="rs-scan" timems="2.232" contextid="771" timestamp="2024-07-18T15:46:14.526">
  <scan objectsFound="47010" bytesTraced="1370240" workStackOverflowCount="0" />
</gc-op>
<gc-op id="781" type="card-cleaning" timems="0.850" contextid="771" timestamp="2024-07-18T15:46:14.527">
  <card-cleaning cardsCleaned="22" bytesTraced="14424" workStackOverflowCount="0" />
</gc-op>
<gc-op id="782" type="mark" timems="4.302" contextid="771" timestamp="2024-07-18T15:46:14.531">
  <trace-info objectcount="526" scancount="451" scanbytes="12380" />
  <finalization candidates="691" enqueued="0" />
  <ownableSynchronizers candidates="1242" cleared="150" />
  <references type="soft" candidates="5264" cleared="0" enqueued="0" dynamicThreshold="9" maxThreshold="32" />
  <references type="weak" candidates="1261" cleared="1" enqueued="1" />
  <references type="phantom" candidates="356" cleared="0" enqueued="0" />
  <stringconstants candidates="12598" cleared="7"  />
  <object-monitors candidates="20" cleared="0"  />
</gc-op>
<gc-op id="783" type="sweep" timems="1.824" contextid="771" timestamp="2024-07-18T15:46:14.534" />
<heap-resize id="784" type="expand" space="tenure" amount="3801088" count="1" timems="0.854" reason="insufficient free space following gc" timestamp="2024-07-18T15:46:14.535" />
<gc-end id="785" type="global" contextid="771" durationms="12.194" usertimems="18.750" systemtimems="11.961" stalltimems="52.497" timestamp="2024-07-18T15:46:14.535" activeThreads="12">
  <mem-info id="786" free="13813856" total="38731776" percent="35">
    <mem type="nursery" free="6932744" total="15859712" percent="43">
      <mem type="allocate" free="6932744" total="11206656" percent="61" />
      <mem type="survivor" free="0" total="4653056" percent="0" />
    </mem>
    <mem type="tenure" free="6881112" total="22872064" percent="30" micro-fragmented="270050" macro-fragmented="0">
      <mem type="soa" free="5737304" total="21728256" percent="26" />
      <mem type="loa" free="1143808" total="1143808" percent="100" />
    </mem>
    <pending-finalizers system="0" default="0" reference="1" classloader="0" />
    <remembered-set count="1030" />
  </mem-info>
</gc-end>
<cycle-end id="787" type="global" contextid="771" timestamp="2024-07-18T15:46:14.535" />
<exclusive-end id="788" timestamp="2024-07-18T15:46:14.536" durationms="13.410" />

<exclusive-start id="789" timestamp="2024-07-18T15:46:14.579" intervalms="56.326">
  <response-info timems="0.126" idlems="0.126" threads="0" lastid="00000000007FF800" lastname="Default Executor-thread-1" />
</exclusive-start>
<af-start id="790" threadId="0000000000800238" totalBytesRequested="101528" timestamp="2024-07-18T15:46:14.579" intervalms="134.057" type="nursery" />
<cycle-start id="791" type="scavenge" contextid="0" timestamp="2024-07-18T15:46:14.580" intervalms="134.331" />
<gc-start id="792" type="scavenge" contextid="791" timestamp="2024-07-18T15:46:14.580">
  <mem-info id="793" free="6880792" total="38731776" percent="17">
    <mem type="nursery" free="0" total="15859712" percent="0">
      <mem type="allocate" free="0" total="11206656" percent="0" />
      <mem type="survivor" free="0" total="4653056" percent="0" />
    </mem>
    <mem type="tenure" free="6880792" total="22872064" percent="30">
      <mem type="soa" free="5736984" total="21728256" percent="26" />
      <mem type="loa" free="1143808" total="1143808" percent="100" />
    </mem>
    <remembered-set count="1427" />
  </mem-info>
</gc-start>
<allocation-stats totalBytes="6835544" discardedBytes="85624" >
  <allocated-bytes non-tlh="1443768" tlh="5391776" />
  <largest-consumer threadName="Default Executor-thread-1" threadId="00000000007FF800" bytes="6763328" />
</allocation-stats>
<gc-op id="794" type="scavenge" timems="3.810" contextid="791" timestamp="2024-07-18T15:46:14.585">
  <scavenger-info tenureage="2" tenuremask="fff4" tiltratio="70" />
  <memory-copied type="nursery" objects="44665" bytes="3288568" bytesdiscarded="239472" />
  <memory-copied type="tenure" objects="13041" bytes="616528" bytesdiscarded="824" />
  <ownableSynchronizers candidates="2364" cleared="2135" />
  <references type="weak" candidates="1" cleared="0" enqueued="0" />
  <references type="phantom" candidates="277" cleared="0" enqueued="0" />
  <object-monitors candidates="20" cleared="0"  />
</gc-op>
<gc-end id="795" type="scavenge" contextid="791" durationms="5.144" usertimems="12.582" systemtimems="1.661" stalltimems="8.391" timestamp="2024-07-18T15:46:14.585" activeThreads="6">
  <mem-info id="796" free="12703160" total="38731776" percent="32">
    <mem type="nursery" free="6560800" total="15859712" percent="41">
      <mem type="allocate" free="6560800" total="10092544" percent="65" />
      <mem type="survivor" free="0" total="5767168" percent="0" />
    </mem>
    <mem type="tenure" free="6142360" total="22872064" percent="26">
      <mem type="soa" free="4998552" total="21728256" percent="23" />
      <mem type="loa" free="1143808" total="1143808" percent="100" />
    </mem>
    <remembered-set count="1018" />
  </mem-info>
</gc-end>
<cycle-end id="797" type="scavenge" contextid="791" timestamp="2024-07-18T15:46:14.586" />
<allocation-satisfied id="798" threadId="00000000007FF800" bytesRequested="101528" />
<af-end id="799" timestamp="2024-07-18T15:46:14.586" threadId="0000000000800238" success="true" from="nursery"/>
<exclusive-end id="800" timestamp="2024-07-18T15:46:14.586" durationms="7.610" />

<exclusive-start id="801" timestamp="2024-07-18T15:46:14.614" intervalms="35.031">
  <response-info timems="0.048" idlems="0.048" threads="0" lastid="00000000007FF800" lastname="Default Executor-thread-1" />
</exclusive-start>
<af-start id="802" threadId="0000000000800238" totalBytesRequested="152" timestamp="2024-07-18T15:46:14.614" intervalms="34.918" type="nursery" />
<cycle-start id="803" type="scavenge" contextid="0" timestamp="2024-07-18T15:46:14.614" intervalms="34.663" />
<gc-start id="804" type="scavenge" contextid="803" timestamp="2024-07-18T15:46:14.615">
  <mem-info id="805" free="6142360" total="38731776" percent="15">
    <mem type="nursery" free="0" total="15859712" percent="0">
      <mem type="allocate" free="0" total="10092544" percent="0" />
      <mem type="survivor" free="0" total="5767168" percent="0" />
    </mem>
    <mem type="tenure" free="6142360" total="22872064" percent="26">
      <mem type="soa" free="4998552" total="21728256" percent="23" />
      <mem type="loa" free="1143808" total="1143808" percent="100" />
    </mem>
    <remembered-set count="1295" />
  </mem-info>
</gc-start>
<allocation-stats totalBytes="6558648" discardedBytes="2152" >
  <allocated-bytes non-tlh="435696" tlh="6122952" />
  <largest-consumer threadName="Default Executor-thread-1" threadId="00000000007FF800" bytes="6476728" />
</allocation-stats>
<gc-op id="806" type="scavenge" timems="3.601" contextid="803" timestamp="2024-07-18T15:46:14.619">
  <scavenger-info tenureage="4" tenuremask="fff0" tiltratio="63" />
  <memory-copied type="nursery" objects="58208" bytes="4016376" bytesdiscarded="124024" />
  <ownableSynchronizers candidates="296" cleared="66" />
  <references type="weak" candidates="1" cleared="0" enqueued="0" />
  <references type="phantom" candidates="299" cleared="0" enqueued="0" />
  <object-monitors candidates="20" cleared="0"  />
</gc-op>
<heap-resize id="807" type="expand" space="nursery" amount="1048576" count="1" timems="0.042" reason="excessive time being spent scavenging" timestamp="2024-07-18T15:46:14.619" />
<gc-end id="808" type="scavenge" contextid="803" durationms="4.828" usertimems="3.190" systemtimems="10.573" stalltimems="7.654" timestamp="2024-07-18T15:46:14.619" activeThreads="6">
  <mem-info id="809" free="12942008" total="39780352" percent="32">
    <mem type="nursery" free="6799648" total="16908288" percent="40">
      <mem type="allocate" free="6799648" total="10944512" percent="62" />
      <mem type="survivor" free="0" total="5963776" percent="0" />
    </mem>
    <mem type="tenure" free="6142360" total="22872064" percent="26">
      <mem type="soa" free="4998552" total="21728256" percent="23" />
      <mem type="loa" free="1143808" total="1143808" percent="100" />
    </mem>
    <remembered-set count="1171" />
  </mem-info>
</gc-end>
<cycle-end id="810" type="scavenge" contextid="803" timestamp="2024-07-18T15:46:14.620" />
<allocation-satisfied id="811" threadId="00000000007FF800" bytesRequested="152" />
<af-end id="812" timestamp="2024-07-18T15:46:14.620" threadId="0000000000800238" success="true" from="nursery"/>
<exclusive-end id="813" timestamp="2024-07-18T15:46:14.621" durationms="6.960" />

<exclusive-start id="814" timestamp="2024-07-18T15:46:14.680" intervalms="66.340">
  <response-info timems="0.083" idlems="0.083" threads="0" lastid="00000000007FF800" lastname="Default Executor-thread-1" />
</exclusive-start>
<af-start id="815" threadId="0000000000800238" totalBytesRequested="16" timestamp="2024-07-18T15:46:14.680" intervalms="66.332" type="nursery" />
<cycle-start id="816" type="scavenge" contextid="0" timestamp="2024-07-18T15:46:14.681" intervalms="66.312" />
<gc-start id="817" type="scavenge" contextid="816" timestamp="2024-07-18T15:46:14.681">
  <mem-info id="818" free="6141400" total="39780352" percent="15">
    <mem type="nursery" free="0" total="16908288" percent="0">
      <mem type="allocate" free="0" total="10944512" percent="0" />
      <mem type="survivor" free="0" total="5963776" percent="0" />
    </mem>
    <mem type="tenure" free="6141400" total="22872064" percent="26">
      <mem type="soa" free="4997592" total="21728256" percent="23" />
      <mem type="loa" free="1143808" total="1143808" percent="100" />
    </mem>
    <remembered-set count="1634" />
  </mem-info>
</gc-start>
<allocation-stats totalBytes="6796656" discardedBytes="3952" >
  <allocated-bytes non-tlh="29432" tlh="6767224" />
  <largest-consumer threadName="Default Executor-thread-1" threadId="00000000007FF800" bytes="6767984" />
</allocation-stats>
<gc-op id="819" type="scavenge" timems="3.978" contextid="816" timestamp="2024-07-18T15:46:14.685">
  <scavenger-info tenureage="4" tenuremask="fff0" tiltratio="64" />
  <memory-copied type="nursery" objects="65760" bytes="4193824" bytesdiscarded="93768" />
  <ownableSynchronizers candidates="255" cleared="15" />
  <references type="weak" candidates="13" cleared="8" enqueued="8" />
  <references type="phantom" candidates="298" cleared="0" enqueued="0" />
  <object-monitors candidates="20" cleared="0"  />
</gc-op>
<gc-end id="820" type="scavenge" contextid="816" durationms="4.726" usertimems="15.961" systemtimems="1.548" stalltimems="9.036" timestamp="2024-07-18T15:46:14.686" activeThreads="6">
  <mem-info id="821" free="13578888" total="39780352" percent="34">
    <mem type="nursery" free="7437488" total="16908288" percent="43">
      <mem type="allocate" free="7437488" total="11730944" percent="63" />
      <mem type="survivor" free="0" total="5177344" percent="0" />
    </mem>
    <mem type="tenure" free="6141400" total="22872064" percent="26">
      <mem type="soa" free="4997592" total="21728256" percent="23" />
      <mem type="loa" free="1143808" total="1143808" percent="100" />
    </mem>
    <pending-finalizers system="0" default="0" reference="8" classloader="0" />
    <remembered-set count="1353" />
  </mem-info>
</gc-end>
<cycle-end id="822" type="scavenge" contextid="816" timestamp="2024-07-18T15:46:14.686" />
<allocation-satisfied id="823" threadId="00000000007FF800" bytesRequested="16" />
<af-end id="824" timestamp="2024-07-18T15:46:14.686" threadId="0000000000800238" success="true" from="nursery"/>
<exclusive-end id="825" timestamp="2024-07-18T15:46:14.687" durationms="6.801" />

<exclusive-start id="826" timestamp="2024-07-18T15:46:14.732" intervalms="52.399">
  <response-info timems="0.047" idlems="0.047" threads="0" lastid="00000000007FF800" lastname="Default Executor-thread-1" />
</exclusive-start>
<af-start id="827" threadId="0000000000800238" totalBytesRequested="48" timestamp="2024-07-18T15:46:14.733" intervalms="52.379" type="nursery" />
<cycle-start id="828" type="scavenge" contextid="0" timestamp="2024-07-18T15:46:14.733" intervalms="52.375" />
<gc-start id="829" type="scavenge" contextid="828" timestamp="2024-07-18T15:46:14.733">
  <mem-info id="830" free="6141344" total="39780352" percent="15">
    <mem type="nursery" free="0" total="16908288" percent="0">
      <mem type="allocate" free="0" total="11730944" percent="0" />
      <mem type="survivor" free="0" total="5177344" percent="0" />
    </mem>
    <mem type="tenure" free="6141344" total="22872064" percent="26">
      <mem type="soa" free="4997536" total="21728256" percent="23" />
      <mem type="loa" free="1143808" total="1143808" percent="100" />
    </mem>
    <remembered-set count="2542" />
  </mem-info>
</gc-start>
<allocation-stats totalBytes="7432024" discardedBytes="5520" >
  <allocated-bytes non-tlh="72" tlh="7431952" />
  <largest-consumer threadName="Default Executor-thread-1" threadId="00000000007FF800" bytes="7431968" />
</allocation-stats>
<gc-op id="831" type="scavenge" timems="3.244" contextid="828" timestamp="2024-07-18T15:46:14.737">
  <scavenger-info tenureage="2" tenuremask="7c14" tiltratio="69" />
  <memory-copied type="nursery" objects="51534" bytes="2928616" bytesdiscarded="81808" />
  <memory-copied type="tenure" objects="18903" bytes="1401528" bytesdiscarded="2840" />
  <ownableSynchronizers candidates="240" cleared="0" />
  <references type="weak" candidates="5" cleared="0" enqueued="0" />
  <references type="phantom" candidates="231" cleared="0" enqueued="0" />
  <object-monitors candidates="20" cleared="0"  />
</gc-op>
<heap-resize id="832" type="expand" space="nursery" amount="917504" count="1" timems="0.027" reason="excessive time being spent scavenging" timestamp="2024-07-18T15:46:14.737" />
<gc-end id="833" type="scavenge" contextid="828" durationms="4.440" usertimems="10.616" systemtimems="1.360" stalltimems="7.654" timestamp="2024-07-18T15:46:14.738" activeThreads="6">
  <mem-info id="834" free="14012312" total="40697856" percent="34">
    <mem type="nursery" free="9372088" total="17825792" percent="52">
      <mem type="allocate" free="9372088" total="12386304" percent="75" />
      <mem type="survivor" free="0" total="5439488" percent="0" />
    </mem>
    <mem type="tenure" free="4640224" total="22872064" percent="20">
      <mem type="soa" free="3496416" total="21728256" percent="16" />
      <mem type="loa" free="1143808" total="1143808" percent="100" />
    </mem>
    <remembered-set count="1379" />
  </mem-info>
</gc-end>
<cycle-end id="835" type="scavenge" contextid="828" timestamp="2024-07-18T15:46:14.738" />
<allocation-satisfied id="836" threadId="00000000007FF800" bytesRequested="48" />
<af-end id="837" timestamp="2024-07-18T15:46:14.739" threadId="0000000000800238" success="true" from="nursery"/>
<exclusive-end id="838" timestamp="2024-07-18T15:46:14.739" durationms="6.834" />

<exclusive-start id="839" timestamp="2024-07-18T15:46:14.801" intervalms="68.384">
  <response-info timems="0.048" idlems="0.048" threads="0" lastid="00000000007FF800" lastname="Default Executor-thread-1" />
</exclusive-start>
<af-start id="840" threadId="0000000000800238" totalBytesRequested="72" timestamp="2024-07-18T15:46:14.801" intervalms="68.429" type="nursery" />
<cycle-start id="841" type="scavenge" contextid="0" timestamp="2024-07-18T15:46:14.801" intervalms="68.464" />
<gc-start id="842" type="scavenge" contextid="841" timestamp="2024-07-18T15:46:14.802">
  <mem-info id="843" free="4640224" total="40697856" percent="11">
    <mem type="nursery" free="0" total="17825792" percent="0">
      <mem type="allocate" free="0" total="12386304" percent="0" />
      <mem type="survivor" free="0" total="5439488" percent="0" />
    </mem>
    <mem type="tenure" free="4640224" total="22872064" percent="20">
      <mem type="soa" free="3496416" total="21728256" percent="16" />
      <mem type="loa" free="1143808" total="1143808" percent="100" />
    </mem>
    <remembered-set count="1914" />
  </mem-info>
</gc-start>
<allocation-stats totalBytes="9366376" discardedBytes="5712" >
  <allocated-bytes non-tlh="48" tlh="9366328" />
  <largest-consumer threadName="Default Executor-thread-1" threadId="00000000007FF800" bytes="9354088" />
</allocation-stats>
<gc-op id="844" type="scavenge" timems="4.256" contextid="841" timestamp="2024-07-18T15:46:14.807">
  <scavenger-info tenureage="4" tenuremask="7c10" tiltratio="69" />
  <memory-copied type="nursery" objects="23024" bytes="1206864" bytesdiscarded="192680" />
  <memory-copied type="tenure" objects="39002" bytes="2458904" bytesdiscarded="5608" />
  <ownableSynchronizers candidates="187" cleared="0" />
  <references type="weak" candidates="7" cleared="0" enqueued="0" />
  <references type="phantom" candidates="17" cleared="0" enqueued="0" />
  <object-monitors candidates="22" cleared="0"  />
</gc-op>
<gc-end id="845" type="scavenge" contextid="841" durationms="5.622" usertimems="14.440" systemtimems="1.805" stalltimems="8.827" timestamp="2024-07-18T15:46:14.807" activeThreads="6">
  <mem-info id="846" free="13845640" total="40697856" percent="34">
    <mem type="nursery" free="11641600" total="17825792" percent="65">
      <mem type="allocate" free="11641600" total="13041664" percent="89" />
      <mem type="survivor" free="0" total="4784128" percent="0" />
    </mem>
    <mem type="tenure" free="2204040" total="22872064" percent="9">
      <mem type="soa" free="1060232" total="21728256" percent="4" />
      <mem type="loa" free="1143808" total="1143808" percent="100" />
    </mem>
    <remembered-set count="783" />
  </mem-info>
</gc-end>
<cycle-end id="847" type="scavenge" contextid="841" timestamp="2024-07-18T15:46:14.808" />
<allocation-satisfied id="848" threadId="00000000007FF800" bytesRequested="72" />
<af-end id="849" timestamp="2024-07-18T15:46:14.809" threadId="0000000000800238" success="true" from="nursery"/>
<exclusive-end id="850" timestamp="2024-07-18T15:46:14.809" durationms="8.342" />

<concurrent-kickoff id="851" timestamp="2024-07-18T15:46:14.884">
  <kickoff reason="threshold reached" targetBytes="9751942" thresholdFreeBytes="1351654"  remainingFree="1286912" tenureFreeBytes="2203560" nurseryFreeBytes="1286912" />
</concurrent-kickoff>
<exclusive-start id="852" timestamp="2024-07-18T15:46:14.885" intervalms="83.842">
  <response-info timems="0.044" idlems="0.044" threads="0" lastid="00000000007FF800" lastname="Default Executor-thread-1" />
</exclusive-start>
<cycle-start id="853" type="global" contextid="0" timestamp="2024-07-18T15:46:14.885" intervalms="380.675" />
<concurrent-start id="854" type="global mark" contextid="853" timestamp="2024-07-18T15:46:14.885">
</concurrent-start>
<exclusive-end id="855" timestamp="2024-07-18T15:46:14.885" durationms="0.793" />

<exclusive-start id="856" timestamp="2024-07-18T15:46:14.902" intervalms="17.528">
  <response-info timems="0.041" idlems="0.041" threads="0" lastid="00000000007FF800" lastname="Default Executor-thread-1" />
</exclusive-start>
<af-start id="857" threadId="0000000000800238" totalBytesRequested="264" timestamp="2024-07-18T15:46:14.903" intervalms="101.452" type="nursery" />
<cycle-start id="858" type="scavenge" contextid="0" timestamp="2024-07-18T15:46:14.903" intervalms="101.583" />
<gc-start id="859" type="scavenge" contextid="858" timestamp="2024-07-18T15:46:14.904">
  <mem-info id="860" free="2203560" total="40697856" percent="5">
    <mem type="nursery" free="0" total="17825792" percent="0">
      <mem type="allocate" free="0" total="13041664" percent="0" />
      <mem type="survivor" free="0" total="4784128" percent="0" />
    </mem>
    <mem type="tenure" free="2203560" total="22872064" percent="9">
      <mem type="soa" free="1059752" total="21728256" percent="4" />
      <mem type="loa" free="1143808" total="1143808" percent="100" />
    </mem>
    <remembered-set count="1449" />
  </mem-info>
</gc-start>
<allocation-stats totalBytes="11633664" discardedBytes="8416" >
  <allocated-bytes non-tlh="552" tlh="11633112" />
  <largest-consumer threadName="Default Executor-thread-1" threadId="00000000007FF800" bytes="11633664" />
</allocation-stats>
<gc-op id="861" type="scavenge" timems="3.811" contextid="858" timestamp="2024-07-18T15:46:14.908">
  <scavenger-info tenureage="11" tenuremask="7800" tiltratio="73" />
  <memory-copied type="nursery" objects="52336" bytes="2494200" bytesdiscarded="59840" />
  <ownableSynchronizers candidates="15" cleared="0" />
  <references type="weak" candidates="8" cleared="1" enqueued="1" />
  <references type="phantom" candidates="17" cleared="0" enqueued="0" />
  <object-monitors candidates="22" cleared="0"  />
</gc-op>
<gc-end id="862" type="scavenge" contextid="858" durationms="4.986" usertimems="0.000" systemtimems="13.025" stalltimems="10.138" timestamp="2024-07-18T15:46:14.908" activeThreads="6">
  <mem-info id="863" free="12756216" total="40697856" percent="31">
    <mem type="nursery" free="10552656" total="17825792" percent="59">
      <mem type="allocate" free="10552656" total="13107200" percent="80" />
      <mem type="survivor" free="0" total="4718592" percent="0" />
    </mem>
    <mem type="tenure" free="2203560" total="22872064" percent="9">
      <mem type="soa" free="1059752" total="21728256" percent="4" />
      <mem type="loa" free="1143808" total="1143808" percent="100" />
    </mem>
    <pending-finalizers system="0" default="0" reference="1" classloader="0" />
    <remembered-set count="1146" />
  </mem-info>
</gc-end>
<cycle-end id="864" type="scavenge" contextid="858" timestamp="2024-07-18T15:46:14.909" />
<allocation-satisfied id="865" threadId="00000000007FF800" bytesRequested="264" />
<af-end id="866" timestamp="2024-07-18T15:46:14.910" threadId="0000000000800238" success="true" from="nursery"/>
<exclusive-end id="867" timestamp="2024-07-18T15:46:14.910" durationms="7.857" />

<concurrent-end id="868" type="global mark" contextid="853" timestamp="2024-07-18T15:46:14.910">
<gc-op id="869" type="trace" timems="25.189" contextid="853" timestamp="2024-07-18T15:46:14.910">
  <trace bytesTraced="11171532" workStackOverflowCount="0" />
  <card-cleaning reason="card cleaning threshold reached" bytesTraced="32204" cardsCleaned="82" />
</gc-op>
</concurrent-end>

<exclusive-start id="870" timestamp="2024-07-18T15:46:14.911" intervalms="8.764">
  <response-info timems="0.032" idlems="0.032" threads="0" lastid="00000000007FF800" lastname="Default Executor-thread-1" />
</exclusive-start>
<concurrent-global-final id="871" timestamp="2024-07-18T15:46:14.911" contextid="853" intervalms="388.623" >
  <concurrent-trace-info reason="card cleaning threshold reached" tracedByMutators="3865948" tracedByHelpers="7337788" cardsCleaned="82" workStackOverflowCount="0" />
</concurrent-global-final>
<gc-start id="872" type="global" contextid="853" timestamp="2024-07-18T15:46:14.911">
  <mem-info id="873" free="12690416" total="40697856" percent="31">
    <mem type="nursery" free="10486856" total="17825792" percent="58">
      <mem type="allocate" free="10486856" total="13107200" percent="80" />
      <mem type="survivor" free="0" total="4718592" percent="0" />
    </mem>
    <mem type="tenure" free="2203560" total="22872064" percent="9">
      <mem type="soa" free="1059752" total="21728256" percent="4" />
      <mem type="loa" free="1143808" total="1143808" percent="100" />
    </mem>
    <remembered-set count="1147" />
  </mem-info>
</gc-start>
<allocation-stats totalBytes="65800" discardedBytes="0" >
  <allocated-bytes non-tlh="264" tlh="65536" />
  <largest-consumer threadName="Default Executor-thread-1" threadId="00000000007FF800" bytes="65800" />
</allocation-stats>
<gc-op id="874" type="rs-scan" timems="3.272" contextid="853" timestamp="2024-07-18T15:46:14.915">
  <scan objectsFound="20981" bytesTraced="716644" workStackOverflowCount="0" />
</gc-op>
<gc-op id="875" type="card-cleaning" timems="1.087" contextid="853" timestamp="2024-07-18T15:46:14.917">
  <card-cleaning cardsCleaned="201" bytesTraced="79272" workStackOverflowCount="0" />
</gc-op>
<gc-op id="876" type="mark" timems="5.630" contextid="853" timestamp="2024-07-18T15:46:14.923">
  <trace-info objectcount="31618" scancount="31020" scanbytes="1388136" />
  <finalization candidates="691" enqueued="0" />
  <ownableSynchronizers candidates="1222" cleared="2" />
  <references type="soft" candidates="5264" cleared="0" enqueued="0" dynamicThreshold="9" maxThreshold="32" />
  <references type="weak" candidates="1266" cleared="0" enqueued="0" />
  <references type="phantom" candidates="348" cleared="0" enqueued="0" />
  <stringconstants candidates="12604" cleared="0"  />
  <object-monitors candidates="22" cleared="0"  />
</gc-op>
<gc-op id="877" type="sweep" timems="1.486" contextid="853" timestamp="2024-07-18T15:46:14.925" />
<heap-resize id="878" type="expand" space="tenure" amount="5832704" count="1" timems="0.722" reason="insufficient free space following gc" timestamp="2024-07-18T15:46:14.926" />
<gc-end id="879" type="global" contextid="853" durationms="14.750" usertimems="21.429" systemtimems="17.606" stalltimems="55.323" timestamp="2024-07-18T15:46:14.926" activeThreads="12">
  <mem-info id="880" free="19224248" total="46530560" percent="41">
    <mem type="nursery" free="10609160" total="17825792" percent="59">
      <mem type="allocate" free="10609160" total="13107200" percent="80" />
      <mem type="survivor" free="0" total="4718592" percent="0" />
    </mem>
    <mem type="tenure" free="8615088" total="28704768" percent="30" micro-fragmented="264662" macro-fragmented="0">
      <mem type="soa" free="7179440" total="27269120" percent="26" />
      <mem type="loa" free="1435648" total="1435648" percent="100" />
    </mem>
    <remembered-set count="1136" />
  </mem-info>
</gc-end>
<cycle-end id="881" type="global" contextid="853" timestamp="2024-07-18T15:46:14.927" />
<exclusive-end id="882" timestamp="2024-07-18T15:46:14.927" durationms="15.888" />

<exclusive-start id="883" timestamp="2024-07-18T15:46:14.975" intervalms="64.139">
  <response-info timems="0.050" idlems="0.050" threads="0" lastid="00000000007FF800" lastname="Default Executor-thread-1" />
</exclusive-start>
<af-start id="884" threadId="0000000000800238" totalBytesRequested="16" timestamp="2024-07-18T15:46:14.975" intervalms="72.878" type="nursery" />
<cycle-start id="885" type="scavenge" contextid="0" timestamp="2024-07-18T15:46:14.976" intervalms="72.863" />
<gc-start id="886" type="scavenge" contextid="885" timestamp="2024-07-18T15:46:14.976">
  <mem-info id="887" free="8614792" total="46530560" percent="18">
    <mem type="nursery" free="0" total="17825792" percent="0">
      <mem type="allocate" free="0" total="13107200" percent="0" />
      <mem type="survivor" free="0" total="4718592" percent="0" />
    </mem>
    <mem type="tenure" free="8614792" total="28704768" percent="30">
      <mem type="soa" free="7179144" total="27269120" percent="26" />
      <mem type="loa" free="1435648" total="1435648" percent="100" />
    </mem>
    <remembered-set count="1438" />
  </mem-info>
</gc-start>
<allocation-stats totalBytes="10602752" discardedBytes="6704" >
  <allocated-bytes non-tlh="296" tlh="10602456" />
  <largest-consumer threadName="Default Executor-thread-1" threadId="00000000007FF800" bytes="10602752" />
</allocation-stats>
<gc-op id="888" type="scavenge" timems="2.233" contextid="885" timestamp="2024-07-18T15:46:14.979">
  <scavenger-info tenureage="4" tenuremask="7810" tiltratio="73" />
  <memory-copied type="nursery" objects="38036" bytes="1861216" bytesdiscarded="121768" />
  <memory-copied type="tenure" objects="6598" bytes="291544" bytesdiscarded="1736" />
  <ownableSynchronizers candidates="2440" cleared="2425" />
  <references type="weak" candidates="3" cleared="1" enqueued="1" />
  <object-monitors candidates="22" cleared="0"  />
</gc-op>
<gc-end id="889" type="scavenge" contextid="885" durationms="3.334" usertimems="0.000" systemtimems="7.988" stalltimems="4.889" timestamp="2024-07-18T15:46:14.980" activeThreads="6">
  <mem-info id="890" free="19693872" total="46530560" percent="42">
    <mem type="nursery" free="11451880" total="17825792" percent="64">
      <mem type="allocate" free="11451880" total="13434880" percent="85" />
      <mem type="survivor" free="0" total="4390912" percent="0" />
    </mem>
    <mem type="tenure" free="8241992" total="28704768" percent="28">
      <mem type="soa" free="6806344" total="27269120" percent="24" />
      <mem type="loa" free="1435648" total="1435648" percent="100" />
    </mem>
    <pending-finalizers system="0" default="0" reference="1" classloader="0" />
    <remembered-set count="1065" />
  </mem-info>
</gc-end>
<cycle-end id="891" type="scavenge" contextid="885" timestamp="2024-07-18T15:46:14.980" />
<allocation-satisfied id="892" threadId="00000000007FF800" bytesRequested="16" />
<af-end id="893" timestamp="2024-07-18T15:46:14.981" threadId="0000000000800238" success="true" from="nursery"/>
<exclusive-end id="894" timestamp="2024-07-18T15:46:14.981" durationms="5.860" />

<exclusive-start id="895" timestamp="2024-07-18T15:46:15.018" intervalms="42.635">
  <response-info timems="0.058" idlems="0.058" threads="0" lastid="00000000007FF800" lastname="Default Executor-thread-1" />
</exclusive-start>
<af-start id="896" threadId="0000000000800238" totalBytesRequested="16" timestamp="2024-07-18T15:46:15.018" intervalms="42.492" type="nursery" />
<cycle-start id="897" type="scavenge" contextid="0" timestamp="2024-07-18T15:46:15.018" intervalms="42.460" />
<gc-start id="898" type="scavenge" contextid="897" timestamp="2024-07-18T15:46:15.019">
  <mem-info id="899" free="8241992" total="46530560" percent="17">
    <mem type="nursery" free="0" total="17825792" percent="0">
      <mem type="allocate" free="0" total="13434880" percent="0" />
      <mem type="survivor" free="0" total="4390912" percent="0" />
    </mem>
    <mem type="tenure" free="8241992" total="28704768" percent="28">
      <mem type="soa" free="6806344" total="27269120" percent="24" />
      <mem type="loa" free="1435648" total="1435648" percent="100" />
    </mem>
    <remembered-set count="1508" />
  </mem-info>
</gc-start>
<allocation-stats totalBytes="11445640" discardedBytes="6240" >
  <allocated-bytes non-tlh="16" tlh="11445624" />
  <largest-consumer threadName="Default Executor-thread-1" threadId="00000000007FF800" bytes="11445640" />
</allocation-stats>
<gc-op id="900" type="scavenge" timems="1.696" contextid="897" timestamp="2024-07-18T15:46:15.021">
  <scavenger-info tenureage="11" tenuremask="7800" tiltratio="75" />
  <memory-copied type="nursery" objects="28870" bytes="1034632" bytesdiscarded="135920" />
  <ownableSynchronizers candidates="4" cleared="0" />
  <references type="weak" candidates="2" cleared="0" enqueued="0" />
  <object-monitors candidates="22" cleared="0"  />
</gc-op>
<heap-resize id="901" type="expand" space="nursery" amount="786432" count="1" timems="0.026" reason="excessive time being spent scavenging" timestamp="2024-07-18T15:46:15.022" />
<gc-end id="902" type="scavenge" contextid="897" durationms="3.080" usertimems="4.303" systemtimems="0.542" stalltimems="3.195" timestamp="2024-07-18T15:46:15.022" activeThreads="5">
  <mem-info id="903" free="21554880" total="47316992" percent="45">
    <mem type="nursery" free="13312888" total="18612224" percent="71">
      <mem type="allocate" free="13312888" total="14483456" percent="91" />
      <mem type="survivor" free="0" total="4128768" percent="0" />
    </mem>
    <mem type="tenure" free="8241992" total="28704768" percent="28">
      <mem type="soa" free="6806344" total="27269120" percent="24" />
      <mem type="loa" free="1435648" total="1435648" percent="100" />
    </mem>
    <remembered-set count="1225" />
  </mem-info>
</gc-end>
<cycle-end id="904" type="scavenge" contextid="897" timestamp="2024-07-18T15:46:15.022" />
<allocation-satisfied id="905" threadId="00000000007FF800" bytesRequested="16" />
<af-end id="906" timestamp="2024-07-18T15:46:15.023" threadId="0000000000800238" success="true" from="nursery"/>
<exclusive-end id="907" timestamp="2024-07-18T15:46:15.023" durationms="5.405" />

<exclusive-start id="908" timestamp="2024-07-18T15:46:15.049" intervalms="31.738">
  <response-info timems="0.048" idlems="0.048" threads="0" lastid="00000000007FF800" lastname="Default Executor-thread-1" />
</exclusive-start>
<af-start id="909" threadId="0000000000800238" totalBytesRequested="272" timestamp="2024-07-18T15:46:15.050" intervalms="31.834" type="nursery" />
<cycle-start id="910" type="scavenge" contextid="0" timestamp="2024-07-18T15:46:15.050" intervalms="31.735" />
<gc-start id="911" type="scavenge" contextid="910" timestamp="2024-07-18T15:46:15.050">
  <mem-info id="912" free="8241992" total="47316992" percent="17">
    <mem type="nursery" free="0" total="18612224" percent="0">
      <mem type="allocate" free="0" total="14483456" percent="0" />
      <mem type="survivor" free="0" total="4128768" percent="0" />
    </mem>
    <mem type="tenure" free="8241992" total="28704768" percent="28">
      <mem type="soa" free="6806344" total="27269120" percent="24" />
      <mem type="loa" free="1435648" total="1435648" percent="100" />
    </mem>
    <remembered-set count="1396" />
  </mem-info>
</gc-start>
<allocation-stats totalBytes="13305208" discardedBytes="7680" >
  <allocated-bytes non-tlh="16" tlh="13305192" />
  <largest-consumer threadName="Default Executor-thread-1" threadId="00000000007FF800" bytes="13305208" />
</allocation-stats>
<gc-op id="913" type="scavenge" timems="1.425" contextid="910" timestamp="2024-07-18T15:46:15.052">
  <scavenger-info tenureage="12" tenuremask="7000" tiltratio="77" />
  <memory-copied type="nursery" objects="31537" bytes="1356352" bytesdiscarded="202240" />
  <ownableSynchronizers candidates="4" cleared="0" />
  <references type="weak" candidates="2" cleared="0" enqueued="0" />
  <object-monitors candidates="22" cleared="0"  />
</gc-op>
<gc-end id="914" type="scavenge" contextid="910" durationms="2.287" usertimems="4.046" systemtimems="0.000" stalltimems="1.184" timestamp="2024-07-18T15:46:15.053" activeThreads="4">
  <mem-info id="915" free="21756664" total="47316992" percent="45">
    <mem type="nursery" free="13514672" total="18612224" percent="72">
      <mem type="allocate" free="13514672" total="15073280" percent="89" />
      <mem type="survivor" free="0" total="3538944" percent="0" />
    </mem>
    <mem type="tenure" free="8241992" total="28704768" percent="28">
      <mem type="soa" free="6806344" total="27269120" percent="24" />
      <mem type="loa" free="1435648" total="1435648" percent="100" />
    </mem>
    <remembered-set count="1270" />
  </mem-info>
</gc-end>
<cycle-end id="916" type="scavenge" contextid="910" timestamp="2024-07-18T15:46:15.053" />
<allocation-satisfied id="917" threadId="00000000007FF800" bytesRequested="272" />
<af-end id="918" timestamp="2024-07-18T15:46:15.054" threadId="0000000000800238" success="true" from="nursery"/>
<exclusive-end id="919" timestamp="2024-07-18T15:46:15.054" durationms="4.826" />

<exclusive-start id="920" timestamp="2024-07-18T15:46:15.087" intervalms="37.851">
  <response-info timems="0.043" idlems="0.043" threads="0" lastid="00000000007FF800" lastname="Default Executor-thread-1" />
</exclusive-start>
<af-start id="921" threadId="0000000000800238" totalBytesRequested="72" timestamp="2024-07-18T15:46:15.088" intervalms="37.837" type="nursery" />
<cycle-start id="922" type="scavenge" contextid="0" timestamp="2024-07-18T15:46:15.088" intervalms="37.919" />
<gc-start id="923" type="scavenge" contextid="922" timestamp="2024-07-18T15:46:15.088">
  <mem-info id="924" free="8241880" total="47316992" percent="17">
    <mem type="nursery" free="0" total="18612224" percent="0">
      <mem type="allocate" free="0" total="15073280" percent="0" />
      <mem type="survivor" free="0" total="3538944" percent="0" />
    </mem>
    <mem type="tenure" free="8241880" total="28704768" percent="28">
      <mem type="soa" free="6806232" total="27269120" percent="24" />
      <mem type="loa" free="1435648" total="1435648" percent="100" />
    </mem>
    <remembered-set count="1835" />
  </mem-info>
</gc-start>
<allocation-stats totalBytes="13507456" discardedBytes="7328" >
  <allocated-bytes non-tlh="384" tlh="13507072" />
  <largest-consumer threadName="Default Executor-thread-1" threadId="00000000007FF800" bytes="13507456" />
</allocation-stats>
<gc-op id="925" type="scavenge" timems="3.072" contextid="922" timestamp="2024-07-18T15:46:15.092">
  <scavenger-info tenureage="13" tenuremask="6000" tiltratio="80" />
  <memory-copied type="nursery" objects="36337" bytes="1268464" bytesdiscarded="57784" />
  <finalization candidates="2" enqueued="1" />
  <ownableSynchronizers candidates="4" cleared="0" />
  <references type="weak" candidates="2" cleared="0" enqueued="0" />
  <object-monitors candidates="22" cleared="0"  />
</gc-op>
<heap-resize id="926" type="expand" space="nursery" amount="1310720" count="1" timems="0.045" reason="excessive time being spent scavenging" timestamp="2024-07-18T15:46:15.093" />
<gc-end id="927" type="scavenge" contextid="922" durationms="5.406" usertimems="8.234" systemtimems="1.017" stalltimems="3.793" timestamp="2024-07-18T15:46:15.094" activeThreads="4">
  <mem-info id="928" free="23430688" total="48627712" percent="48">
    <mem type="nursery" free="15188808" total="19922944" percent="76">
      <mem type="allocate" free="15188808" total="16515072" percent="91" />
      <mem type="survivor" free="0" total="3407872" percent="0" />
    </mem>
    <mem type="tenure" free="8241880" total="28704768" percent="28">
      <mem type="soa" free="6806232" total="27269120" percent="24" />
      <mem type="loa" free="1435648" total="1435648" percent="100" />
    </mem>
    <pending-finalizers system="1" default="0" reference="0" classloader="0" />
    <remembered-set count="1474" />
  </mem-info>
</gc-end>
<cycle-end id="929" type="scavenge" contextid="922" timestamp="2024-07-18T15:46:15.094" />
<allocation-satisfied id="930" threadId="00000000007FF800" bytesRequested="72" />
<af-end id="931" timestamp="2024-07-18T15:46:15.095" threadId="0000000000800238" success="true" from="nursery"/>
<exclusive-end id="932" timestamp="2024-07-18T15:46:15.095" durationms="8.027" />

<exclusive-start id="933" timestamp="2024-07-18T15:46:15.138" intervalms="51.177">
  <response-info timems="0.051" idlems="0.051" threads="0" lastid="00000000007FF800" lastname="Default Executor-thread-1" />
</exclusive-start>
<af-start id="934" threadId="0000000000800238" totalBytesRequested="24" timestamp="2024-07-18T15:46:15.139" intervalms="51.141" type="nursery" />
<cycle-start id="935" type="scavenge" contextid="0" timestamp="2024-07-18T15:46:15.139" intervalms="51.145" />
<gc-start id="936" type="scavenge" contextid="935" timestamp="2024-07-18T15:46:15.140">
  <mem-info id="937" free="8241880" total="48627712" percent="16">
    <mem type="nursery" free="0" total="19922944" percent="0">
      <mem type="allocate" free="0" total="16515072" percent="0" />
      <mem type="survivor" free="0" total="3407872" percent="0" />
    </mem>
    <mem type="tenure" free="8241880" total="28704768" percent="28">
      <mem type="soa" free="6806232" total="27269120" percent="24" />
      <mem type="loa" free="1435648" total="1435648" percent="100" />
    </mem>
    <remembered-set count="1954" />
  </mem-info>
</gc-start>
<allocation-stats totalBytes="15179384" discardedBytes="9424" >
  <allocated-bytes non-tlh="72" tlh="15179312" />
  <largest-consumer threadName="Default Executor-thread-1" threadId="00000000007FF800" bytes="15179384" />
</allocation-stats>
<gc-op id="938" type="scavenge" timems="1.904" contextid="935" timestamp="2024-07-18T15:46:15.142">
  <scavenger-info tenureage="14" tenuremask="4000" tiltratio="82" />
  <memory-copied type="nursery" objects="38941" bytes="1128984" bytesdiscarded="64280" />
  <finalization candidates="1" enqueued="0" />
  <ownableSynchronizers candidates="4" cleared="0" />
  <references type="weak" candidates="2" cleared="0" enqueued="0" />
  <object-monitors candidates="22" cleared="0"  />
</gc-op>
<gc-end id="939" type="scavenge" contextid="935" durationms="3.040" usertimems="4.690" systemtimems="0.587" stalltimems="2.058" timestamp="2024-07-18T15:46:15.143" activeThreads="4">
  <mem-info id="940" free="24153496" total="48627712" percent="49">
    <mem type="nursery" free="15911616" total="19922944" percent="79">
      <mem type="allocate" free="15911616" total="17104896" percent="93" />
      <mem type="survivor" free="0" total="2818048" percent="0" />
    </mem>
    <mem type="tenure" free="8241880" total="28704768" percent="28">
      <mem type="soa" free="6806232" total="27269120" percent="24" />
      <mem type="loa" free="1435648" total="1435648" percent="100" />
    </mem>
    <remembered-set count="1664" />
  </mem-info>
</gc-end>
<cycle-end id="941" type="scavenge" contextid="935" timestamp="2024-07-18T15:46:15.143" />
<allocation-satisfied id="942" threadId="00000000007FF800" bytesRequested="24" />
<af-end id="943" timestamp="2024-07-18T15:46:15.144" threadId="0000000000800238" success="true" from="nursery"/>
<exclusive-end id="944" timestamp="2024-07-18T15:46:15.144" durationms="5.485" />

<exclusive-start id="945" timestamp="2024-07-18T15:46:15.177" intervalms="38.246">
  <response-info timems="0.047" idlems="0.047" threads="0" lastid="00000000007FF800" lastname="Default Executor-thread-1" />
</exclusive-start>
<af-start id="946" threadId="0000000000800238" totalBytesRequested="1704" timestamp="2024-07-18T15:46:15.177" intervalms="38.337" type="nursery" />
<cycle-start id="947" type="scavenge" contextid="0" timestamp="2024-07-18T15:46:15.177" intervalms="38.261" />
<gc-start id="948" type="scavenge" contextid="947" timestamp="2024-07-18T15:46:15.178">
  <mem-info id="949" free="8241880" total="48627712" percent="16">
    <mem type="nursery" free="0" total="19922944" percent="0">
      <mem type="allocate" free="0" total="17104896" percent="0" />
      <mem type="survivor" free="0" total="2818048" percent="0" />
    </mem>
    <mem type="tenure" free="8241880" total="28704768" percent="28">
      <mem type="soa" free="6806232" total="27269120" percent="24" />
      <mem type="loa" free="1435648" total="1435648" percent="100" />
    </mem>
    <remembered-set count="2150" />
  </mem-info>
</gc-start>
<allocation-stats totalBytes="15901144" discardedBytes="10472" >
  <allocated-bytes non-tlh="24" tlh="15901120" />
  <largest-consumer threadName="Default Executor-thread-1" threadId="00000000007FF800" bytes="15901144" />
</allocation-stats>
<gc-op id="950" type="scavenge" timems="1.955" contextid="947" timestamp="2024-07-18T15:46:15.180">
  <scavenger-info tenureage="14" tenuremask="4000" tiltratio="85" />
  <memory-copied type="nursery" objects="44274" bytes="1284824" bytesdiscarded="112688" />
  <finalization candidates="1" enqueued="0" />
  <ownableSynchronizers candidates="4" cleared="0" />
  <references type="weak" candidates="2" cleared="0" enqueued="0" />
  <object-monitors candidates="22" cleared="0"  />
</gc-op>
<heap-resize id="951" type="expand" space="nursery" amount="917504" count="1" timems="0.025" reason="excessive time being spent scavenging" timestamp="2024-07-18T15:46:15.181" />
<gc-end id="952" type="scavenge" contextid="947" durationms="3.139" usertimems="0.000" systemtimems="5.781" stalltimems="1.851" timestamp="2024-07-18T15:46:15.181" activeThreads="4">
  <mem-info id="953" free="24932288" total="49545216" percent="50">
    <mem type="nursery" free="16690408" total="20840448" percent="80">
      <mem type="allocate" free="16690408" total="18087936" percent="92" />
      <mem type="survivor" free="0" total="2752512" percent="0" />
    </mem>
    <mem type="tenure" free="8241880" total="28704768" percent="28">
      <mem type="soa" free="6806232" total="27269120" percent="24" />
      <mem type="loa" free="1435648" total="1435648" percent="100" />
    </mem>
    <remembered-set count="1856" />
  </mem-info>
</gc-end>
<cycle-end id="954" type="scavenge" contextid="947" timestamp="2024-07-18T15:46:15.181" />
<allocation-satisfied id="955" threadId="00000000007FF800" bytesRequested="1704" />
<af-end id="956" timestamp="2024-07-18T15:46:15.182" threadId="0000000000800238" success="true" from="nursery"/>
<exclusive-end id="957" timestamp="2024-07-18T15:46:15.182" durationms="5.419" />

<exclusive-start id="958" timestamp="2024-07-18T15:46:15.208" intervalms="31.046">
  <response-info timems="0.046" idlems="0.046" threads="0" lastid="00000000007FF800" lastname="Default Executor-thread-1" />
</exclusive-start>
<af-start id="959" threadId="0000000000800238" totalBytesRequested="72" timestamp="2024-07-18T15:46:15.208" intervalms="30.817" type="nursery" />
<cycle-start id="960" type="scavenge" contextid="0" timestamp="2024-07-18T15:46:15.208" intervalms="30.735" />
<gc-start id="961" type="scavenge" contextid="960" timestamp="2024-07-18T15:46:15.208">
  <mem-info id="962" free="8241880" total="49545216" percent="16">
    <mem type="nursery" free="0" total="20840448" percent="0">
      <mem type="allocate" free="0" total="18087936" percent="0" />
      <mem type="survivor" free="0" total="2752512" percent="0" />
    </mem>
    <mem type="tenure" free="8241880" total="28704768" percent="28">
      <mem type="soa" free="6806232" total="27269120" percent="24" />
      <mem type="loa" free="1435648" total="1435648" percent="100" />
    </mem>
    <remembered-set count="2019" />
  </mem-info>
</gc-start>
<allocation-stats totalBytes="16678928" discardedBytes="11480" >
  <allocated-bytes non-tlh="1704" tlh="16677224" />
  <largest-consumer threadName="Default Executor-thread-1" threadId="00000000007FF800" bytes="16678928" />
</allocation-stats>
<gc-op id="963" type="scavenge" timems="2.787" contextid="960" timestamp="2024-07-18T15:46:15.212">
  <scavenger-info tenureage="8" tenuremask="4100" tiltratio="86" />
  <memory-copied type="nursery" objects="54705" bytes="2311504" bytesdiscarded="147080" />
  <memory-copied type="tenure" objects="4115" bytes="116504" bytesdiscarded="640" />
  <finalization candidates="1" enqueued="0" />
  <ownableSynchronizers candidates="4" cleared="0" />
  <object-monitors candidates="22" cleared="0"  />
</gc-op>
<heap-resize id="964" type="expand" space="nursery" amount="1179648" count="1" timems="0.021" reason="excessive time being spent scavenging" timestamp="2024-07-18T15:46:15.212" />
<gc-end id="965" type="scavenge" contextid="960" durationms="3.942" usertimems="7.651" systemtimems="0.959" stalltimems="2.541" timestamp="2024-07-18T15:46:15.212" activeThreads="4">
  <mem-info id="966" free="23730928" total="50724864" percent="46">
    <mem type="nursery" free="15629352" total="22020096" percent="70">
      <mem type="allocate" free="15629352" total="18087936" percent="86" />
      <mem type="survivor" free="0" total="3932160" percent="0" />
    </mem>
    <mem type="tenure" free="8101576" total="28704768" percent="28">
      <mem type="soa" free="6665928" total="27269120" percent="24" />
      <mem type="loa" free="1435648" total="1435648" percent="100" />
    </mem>
    <remembered-set count="1758" />
  </mem-info>
</gc-end>
<cycle-end id="967" type="scavenge" contextid="960" timestamp="2024-07-18T15:46:15.213" />
<allocation-satisfied id="968" threadId="00000000007FF800" bytesRequested="72" />
<af-end id="969" timestamp="2024-07-18T15:46:15.213" threadId="0000000000800238" success="true" from="nursery"/>
<exclusive-end id="970" timestamp="2024-07-18T15:46:15.213" durationms="5.585" />

<exclusive-start id="971" timestamp="2024-07-18T15:46:15.240" intervalms="32.310">
  <response-info timems="0.055" idlems="0.055" threads="0" lastid="00000000007FF800" lastname="Default Executor-thread-1" />
</exclusive-start>
<af-start id="972" threadId="0000000000800238" totalBytesRequested="1032" timestamp="2024-07-18T15:46:15.240" intervalms="32.468" type="nursery" />
<cycle-start id="973" type="scavenge" contextid="0" timestamp="2024-07-18T15:46:15.241" intervalms="32.570" />
<gc-start id="974" type="scavenge" contextid="973" timestamp="2024-07-18T15:46:15.241">
  <mem-info id="975" free="8101576" total="50724864" percent="15">
    <mem type="nursery" free="0" total="22020096" percent="0">
      <mem type="allocate" free="0" total="18087936" percent="0" />
      <mem type="survivor" free="0" total="3932160" percent="0" />
    </mem>
    <mem type="tenure" free="8101576" total="28704768" percent="28">
      <mem type="soa" free="6665928" total="27269120" percent="24" />
      <mem type="loa" free="1435648" total="1435648" percent="100" />
    </mem>
    <remembered-set count="1989" />
  </mem-info>
</gc-start>
<allocation-stats totalBytes="15595920" discardedBytes="33432" >
  <allocated-bytes non-tlh="72" tlh="15595848" />
  <largest-consumer threadName="Default Executor-thread-1" threadId="00000000007FF800" bytes="15595920" />
</allocation-stats>
<gc-op id="976" type="scavenge" timems="2.043" contextid="973" timestamp="2024-07-18T15:46:15.244">
  <scavenger-info tenureage="10" tenuremask="4400" tiltratio="82" />
  <memory-copied type="nursery" objects="43794" bytes="1308848" bytesdiscarded="45992" />
  <memory-copied type="tenure" objects="2982" bytes="82312" bytesdiscarded="72" />
  <finalization candidates="1" enqueued="0" />
  <object-monitors candidates="22" cleared="0"  />
</gc-op>
<heap-resize id="977" type="expand" space="nursery" amount="917504" count="1" timems="0.019" reason="excessive time being spent scavenging" timestamp="2024-07-18T15:46:15.244" />
<gc-end id="978" type="scavenge" contextid="973" durationms="3.251" usertimems="6.157" systemtimems="0.379" stalltimems="1.807" timestamp="2024-07-18T15:46:15.244" activeThreads="4">
  <mem-info id="979" free="25899600" total="51642368" percent="50">
    <mem type="nursery" free="17912744" total="22937600" percent="78">
      <mem type="allocate" free="17912744" total="19267584" percent="92" />
      <mem type="survivor" free="0" total="3670016" percent="0" />
    </mem>
    <mem type="tenure" free="7986856" total="28704768" percent="27">
      <mem type="soa" free="6551208" total="27269120" percent="24" />
      <mem type="loa" free="1435648" total="1435648" percent="100" />
    </mem>
    <remembered-set count="1690" />
  </mem-info>
</gc-end>
<cycle-end id="980" type="scavenge" contextid="973" timestamp="2024-07-18T15:46:15.245" />
<allocation-satisfied id="981" threadId="00000000007FF800" bytesRequested="1032" />
<af-end id="982" timestamp="2024-07-18T15:46:15.245" threadId="0000000000800238" success="true" from="nursery"/>
<exclusive-end id="983" timestamp="2024-07-18T15:46:15.246" durationms="5.586" />

<exclusive-start id="984" timestamp="2024-07-18T15:46:15.291" intervalms="51.148">
  <response-info timems="0.065" idlems="0.065" threads="0" lastid="00000000007FF800" lastname="Default Executor-thread-1" />
</exclusive-start>
<af-start id="985" threadId="0000000000800238" totalBytesRequested="1032" timestamp="2024-07-18T15:46:15.292" intervalms="51.205" type="nursery" />
<cycle-start id="986" type="scavenge" contextid="0" timestamp="2024-07-18T15:46:15.292" intervalms="51.301" />
<gc-start id="987" type="scavenge" contextid="986" timestamp="2024-07-18T15:46:15.292">
  <mem-info id="988" free="7986856" total="51642368" percent="15">
    <mem type="nursery" free="0" total="22937600" percent="0">
      <mem type="allocate" free="0" total="19267584" percent="0" />
      <mem type="survivor" free="0" total="3670016" percent="0" />
    </mem>
    <mem type="tenure" free="7986856" total="28704768" percent="27">
      <mem type="soa" free="6551208" total="27269120" percent="24" />
      <mem type="loa" free="1435648" total="1435648" percent="100" />
    </mem>
    <remembered-set count="2047" />
  </mem-info>
</gc-start>
<allocation-stats totalBytes="17900480" discardedBytes="12264" >
  <allocated-bytes non-tlh="1032" tlh="17899448" />
  <largest-consumer threadName="Default Executor-thread-1" threadId="00000000007FF800" bytes="17888192" />
</allocation-stats>
<gc-op id="989" type="scavenge" timems="2.540" contextid="986" timestamp="2024-07-18T15:46:15.296">
  <scavenger-info tenureage="14" tenuremask="4000" tiltratio="84" />
  <memory-copied type="nursery" objects="47097" bytes="1413048" bytesdiscarded="53560" />
  <finalization candidates="1" enqueued="0" />
  <ownableSynchronizers candidates="4" cleared="0" />
  <references type="weak" candidates="2" cleared="0" enqueued="0" />
  <object-monitors candidates="24" cleared="0"  />
</gc-op>
<gc-end id="990" type="scavenge" contextid="986" durationms="3.580" usertimems="6.539" systemtimems="0.000" stalltimems="3.563" timestamp="2024-07-18T15:46:15.296" activeThreads="4">
  <mem-info id="991" free="26312072" total="51642368" percent="50">
    <mem type="nursery" free="18325216" total="22937600" percent="79">
      <mem type="allocate" free="18325216" total="19791872" percent="92" />
      <mem type="survivor" free="0" total="3145728" percent="0" />
    </mem>
    <mem type="tenure" free="7986856" total="28704768" percent="27">
      <mem type="soa" free="6551208" total="27269120" percent="24" />
      <mem type="loa" free="1435648" total="1435648" percent="100" />
    </mem>
    <remembered-set count="1844" />
  </mem-info>
</gc-end>
<cycle-end id="992" type="scavenge" contextid="986" timestamp="2024-07-18T15:46:15.296" />
<allocation-satisfied id="993" threadId="00000000007FF800" bytesRequested="1032" />
<af-end id="994" timestamp="2024-07-18T15:46:15.297" threadId="0000000000800238" success="true" from="nursery"/>
<exclusive-end id="995" timestamp="2024-07-18T15:46:15.297" durationms="6.197" />

<exclusive-start id="996" timestamp="2024-07-18T15:46:15.330" intervalms="38.425">
  <response-info timems="0.051" idlems="0.051" threads="0" lastid="00000000007FF800" lastname="Default Executor-thread-1" />
</exclusive-start>
<af-start id="997" threadId="0000000000800238" totalBytesRequested="24" timestamp="2024-07-18T15:46:15.330" intervalms="38.391" type="nursery" />
<cycle-start id="998" type="scavenge" contextid="0" timestamp="2024-07-18T15:46:15.330" intervalms="38.346" />
<gc-start id="999" type="scavenge" contextid="998" timestamp="2024-07-18T15:46:15.331">
  <mem-info id="1000" free="7986600" total="51642368" percent="15">
    <mem type="nursery" free="0" total="22937600" percent="0">
      <mem type="allocate" free="0" total="19791872" percent="0" />
      <mem type="survivor" free="0" total="3145728" percent="0" />
    </mem>
    <mem type="tenure" free="7986600" total="28704768" percent="27">
      <mem type="soa" free="6550952" total="27269120" percent="24" />
      <mem type="loa" free="1435648" total="1435648" percent="100" />
    </mem>
    <remembered-set count="1916" />
  </mem-info>
</gc-start>
<allocation-stats totalBytes="18311952" discardedBytes="13520" >
  <allocated-bytes non-tlh="1288" tlh="18310664" />
  <largest-consumer threadName="Default Executor-thread-1" threadId="00000000007FF800" bytes="18311952" />
</allocation-stats>
<gc-op id="1001" type="scavenge" timems="2.165" contextid="998" timestamp="2024-07-18T15:46:15.333">
  <scavenger-info tenureage="9" tenuremask="4200" tiltratio="86" />
  <memory-copied type="nursery" objects="51668" bytes="1858360" bytesdiscarded="38160" />
  <memory-copied type="tenure" objects="3541" bytes="103448" bytesdiscarded="8" />
  <finalization candidates="1" enqueued="0" />
  <ownableSynchronizers candidates="4" cleared="0" />
  <references type="weak" candidates="3" cleared="1" enqueued="1" />
  <object-monitors candidates="24" cleared="0"  />
</gc-op>
<heap-resize id="1002" type="expand" space="nursery" amount="1179648" count="1" timems="0.029" reason="excessive time being spent scavenging" timestamp="2024-07-18T15:46:15.334" />
<gc-end id="1003" type="scavenge" contextid="998" durationms="3.376" usertimems="6.753" systemtimems="0.000" stalltimems="2.090" timestamp="2024-07-18T15:46:15.334" activeThreads="4">
  <mem-info id="1004" free="26856272" total="52822016" percent="50">
    <mem type="nursery" free="19009448" total="24117248" percent="78">
      <mem type="allocate" free="19009448" total="20905984" percent="90" />
      <mem type="survivor" free="0" total="3211264" percent="0" />
    </mem>
    <mem type="tenure" free="7846824" total="28704768" percent="27">
      <mem type="soa" free="6411176" total="27269120" percent="23" />
      <mem type="loa" free="1435648" total="1435648" percent="100" />
    </mem>
    <pending-finalizers system="0" default="0" reference="1" classloader="0" />
    <remembered-set count="1811" />
  </mem-info>
</gc-end>
<cycle-end id="1005" type="scavenge" contextid="998" timestamp="2024-07-18T15:46:15.334" />
<allocation-satisfied id="1006" threadId="00000000007FF800" bytesRequested="24" />
<af-end id="1007" timestamp="2024-07-18T15:46:15.335" threadId="0000000000800238" success="true" from="nursery"/>
<exclusive-end id="1008" timestamp="2024-07-18T15:46:15.335" durationms="5.681" />

<exclusive-start id="1009" timestamp="2024-07-18T15:46:15.451" intervalms="121.351">
  <response-info timems="0.038" idlems="0.038" threads="0" lastid="00000000007FF800" lastname="Default Executor-thread-1" />
</exclusive-start>
<af-start id="1010" threadId="0000000000800238" totalBytesRequested="48" timestamp="2024-07-18T15:46:15.451" intervalms="121.452" type="nursery" />
<cycle-start id="1011" type="scavenge" contextid="0" timestamp="2024-07-18T15:46:15.452" intervalms="121.429" />
<gc-start id="1012" type="scavenge" contextid="1011" timestamp="2024-07-18T15:46:15.452">
  <mem-info id="1013" free="7844792" total="52822016" percent="14">
    <mem type="nursery" free="0" total="24117248" percent="0">
      <mem type="allocate" free="0" total="20905984" percent="0" />
      <mem type="survivor" free="0" total="3211264" percent="0" />
    </mem>
    <mem type="tenure" free="7844792" total="28704768" percent="27">
      <mem type="soa" free="6409144" total="27269120" percent="23" />
      <mem type="loa" free="1435648" total="1435648" percent="100" />
    </mem>
    <remembered-set count="3232" />
  </mem-info>
</gc-start>
<allocation-stats totalBytes="19005472" discardedBytes="6008" >
  <allocated-bytes non-tlh="501288" tlh="18504184" />
  <largest-consumer threadName="Default Executor-thread-1" threadId="00000000007FF800" bytes="18436312" />
</allocation-stats>
<gc-op id="1014" type="scavenge" timems="3.424" contextid="1011" timestamp="2024-07-18T15:46:15.456">
  <scavenger-info tenureage="14" tenuremask="4000" tiltratio="86" />
  <memory-copied type="nursery" objects="73368" bytes="3206816" bytesdiscarded="2536" />
  <memory-copied type="tenure" objects="16800" bytes="857312" bytesdiscarded="560" />
  <copy-failed type="nursery" objects="16803" bytes="857440" />
  <finalization candidates="1" enqueued="0" />
  <ownableSynchronizers candidates="4" cleared="0" />
  <references type="soft" candidates="1" cleared="0" enqueued="0" dynamicThreshold="9" maxThreshold="32" />
  <references type="weak" candidates="9" cleared="4" enqueued="4" />
  <references type="phantom" candidates="151" cleared="0" enqueued="0" />
  <object-monitors candidates="24" cleared="0"  />
</gc-op>
<gc-end id="1015" type="scavenge" contextid="1011" durationms="4.690" usertimems="10.307" systemtimems="0.000" stalltimems="3.381" timestamp="2024-07-18T15:46:15.457" activeThreads="4">
  <mem-info id="1016" free="20595272" total="52822016" percent="38">
    <mem type="nursery" free="13631488" total="24117248" percent="56">
      <mem type="allocate" free="13631488" total="16842752" percent="80" />
      <mem type="survivor" free="0" total="7274496" percent="0" />
    </mem>
    <mem type="tenure" free="6963784" total="28704768" percent="24">
      <mem type="soa" free="5528136" total="27269120" percent="20" />
      <mem type="loa" free="1435648" total="1435648" percent="100" />
    </mem>
    <pending-finalizers system="0" default="0" reference="4" classloader="0" />
    <remembered-set count="2743" />
  </mem-info>
</gc-end>
<cycle-end id="1017" type="scavenge" contextid="1011" timestamp="2024-07-18T15:46:15.457" />
<allocation-satisfied id="1018" threadId="00000000007FF800" bytesRequested="48" />
<af-end id="1019" timestamp="2024-07-18T15:46:15.458" threadId="0000000000800238" success="true" from="nursery"/>
<exclusive-end id="1020" timestamp="2024-07-18T15:46:15.458" durationms="7.383" />

<exclusive-start id="1021" timestamp="2024-07-18T15:46:15.532" intervalms="81.106">
  <response-info timems="0.044" idlems="0.044" threads="0" lastid="00000000007FF800" lastname="Default Executor-thread-1" />
</exclusive-start>
<af-start id="1022" threadId="0000000000800238" totalBytesRequested="64" timestamp="2024-07-18T15:46:15.532" intervalms="81.060" type="nursery" />
<cycle-start id="1023" type="scavenge" contextid="0" timestamp="2024-07-18T15:46:15.533" intervalms="81.100" />
<gc-start id="1024" type="scavenge" contextid="1023" timestamp="2024-07-18T15:46:15.533">
  <mem-info id="1025" free="6963440" total="52822016" percent="13">
    <mem type="nursery" free="0" total="24117248" percent="0">
      <mem type="allocate" free="0" total="16842752" percent="0" />
      <mem type="survivor" free="0" total="7274496" percent="0" />
    </mem>
    <mem type="tenure" free="6963440" total="28704768" percent="24">
      <mem type="soa" free="5527792" total="27269120" percent="20" />
      <mem type="loa" free="1435648" total="1435648" percent="100" />
    </mem>
    <remembered-set count="3332" />
  </mem-info>
</gc-start>
<allocation-stats totalBytes="13626472" discardedBytes="5360" >
  <allocated-bytes non-tlh="1001984" tlh="12624488" />
  <largest-consumer threadName="Default Executor-thread-1" threadId="00000000007FF800" bytes="13606008" />
</allocation-stats>
<gc-op id="1026" type="scavenge" timems="3.666" contextid="1023" timestamp="2024-07-18T15:46:15.538">
  <scavenger-info tenureage="6" tenuremask="5540" tiltratio="69" />
  <memory-copied type="nursery" objects="79460" bytes="4420168" bytesdiscarded="54832" />
  <memory-copied type="tenure" objects="12282" bytes="344680" bytesdiscarded="224" />
  <finalization candidates="1" enqueued="0" />
  <ownableSynchronizers candidates="4" cleared="0" />
  <references type="soft" candidates="1" cleared="0" enqueued="0" dynamicThreshold="9" maxThreshold="32" />
  <references type="weak" candidates="5" cleared="0" enqueued="0" />
  <references type="phantom" candidates="229" cleared="0" enqueued="0" />
  <object-monitors candidates="24" cleared="0"  />
</gc-op>
<gc-end id="1027" type="scavenge" contextid="1023" durationms="4.651" usertimems="9.590" systemtimems="1.144" stalltimems="3.883" timestamp="2024-07-18T15:46:15.538" activeThreads="4">
  <mem-info id="1028" free="20200288" total="52822016" percent="38">
    <mem type="nursery" free="13741168" total="24117248" percent="56">
      <mem type="allocate" free="13741168" total="18219008" percent="75" />
      <mem type="survivor" free="0" total="5898240" percent="0" />
    </mem>
    <mem type="tenure" free="6459120" total="28704768" percent="22">
      <mem type="soa" free="5023472" total="27269120" percent="18" />
      <mem type="loa" free="1435648" total="1435648" percent="100" />
    </mem>
    <remembered-set count="1787" />
  </mem-info>
</gc-end>
<cycle-end id="1029" type="scavenge" contextid="1023" timestamp="2024-07-18T15:46:15.538" />
<allocation-satisfied id="1030" threadId="00000000007FF800" bytesRequested="64" />
<af-end id="1031" timestamp="2024-07-18T15:46:15.539" threadId="0000000000800238" success="true" from="nursery"/>
<exclusive-end id="1032" timestamp="2024-07-18T15:46:15.539" durationms="7.209" />

<exclusive-start id="1033" timestamp="2024-07-18T15:46:15.656" intervalms="124.392">
  <response-info timems="0.038" idlems="0.038" threads="0" lastid="00000000007FF800" lastname="Default Executor-thread-1" />
</exclusive-start>
<af-start id="1034" threadId="0000000000800238" totalBytesRequested="24" timestamp="2024-07-18T15:46:15.657" intervalms="124.412" type="nursery" />
<cycle-start id="1035" type="scavenge" contextid="0" timestamp="2024-07-18T15:46:15.657" intervalms="124.440" />
<gc-start id="1036" type="scavenge" contextid="1035" timestamp="2024-07-18T15:46:15.658">
  <mem-info id="1037" free="6451384" total="52822016" percent="12">
    <mem type="nursery" free="0" total="24117248" percent="0">
      <mem type="allocate" free="0" total="18219008" percent="0" />
      <mem type="survivor" free="0" total="5898240" percent="0" />
    </mem>
    <mem type="tenure" free="6451384" total="28704768" percent="22">
      <mem type="soa" free="5015736" total="27269120" percent="18" />
      <mem type="loa" free="1435648" total="1435648" percent="100" />
    </mem>
    <remembered-set count="2607" />
  </mem-info>
</gc-start>
<allocation-stats totalBytes="13744728" discardedBytes="4176" >
  <allocated-bytes non-tlh="679272" tlh="13065456" />
  <largest-consumer threadName="Default Executor-thread-1" threadId="00000000007FF800" bytes="13736536" />
</allocation-stats>
<gc-op id="1038" type="scavenge" timems="3.688" contextid="1035" timestamp="2024-07-18T15:46:15.662">
  <scavenger-info tenureage="14" tenuremask="4000" tiltratio="75" />
  <memory-copied type="nursery" objects="98024" bytes="4730720" bytesdiscarded="35888" />
  <ownableSynchronizers candidates="97" cleared="0" />
  <references type="soft" candidates="1" cleared="0" enqueued="0" dynamicThreshold="9" maxThreshold="32" />
  <references type="weak" candidates="332" cleared="4" enqueued="4" />
  <references type="phantom" candidates="242" cleared="0" enqueued="0" />
  <object-monitors candidates="24" cleared="0"  />
</gc-op>
<gc-end id="1039" type="scavenge" contextid="1035" durationms="4.898" usertimems="11.390" systemtimems="0.000" stalltimems="3.335" timestamp="2024-07-18T15:46:15.663" activeThreads="4">
  <mem-info id="1040" free="19900736" total="52822016" percent="37">
    <mem type="nursery" free="13449352" total="24117248" percent="55">
      <mem type="allocate" free="13449352" total="18219008" percent="73" />
      <mem type="survivor" free="0" total="5898240" percent="0" />
    </mem>
    <mem type="tenure" free="6451384" total="28704768" percent="22">
      <mem type="soa" free="5015736" total="27269120" percent="18" />
      <mem type="loa" free="1435648" total="1435648" percent="100" />
    </mem>
    <pending-finalizers system="0" default="0" reference="4" classloader="0" />
    <remembered-set count="2226" />
  </mem-info>
</gc-end>
<cycle-end id="1041" type="scavenge" contextid="1035" timestamp="2024-07-18T15:46:15.663" />
<allocation-satisfied id="1042" threadId="00000000007FF800" bytesRequested="24" />
<af-end id="1043" timestamp="2024-07-18T15:46:15.664" threadId="0000000000800238" success="true" from="nursery"/>
<exclusive-end id="1044" timestamp="2024-07-18T15:46:15.664" durationms="7.747" />

<exclusive-start id="1045" timestamp="2024-07-18T15:46:15.756" intervalms="99.233">
  <response-info timems="0.116" idlems="0.080" threads="1" lastid="00000000005C9600" lastname="Equinox start level thread - Equinox Container: 4cf6e2be-ca4b-4" />
</exclusive-start>
<af-start id="1046" threadId="00000000005C6F38" totalBytesRequested="40" timestamp="2024-07-18T15:46:15.756" intervalms="99.193" type="nursery" />
<cycle-start id="1047" type="scavenge" contextid="0" timestamp="2024-07-18T15:46:15.756" intervalms="99.134" />
<gc-start id="1048" type="scavenge" contextid="1047" timestamp="2024-07-18T15:46:15.757">
  <mem-info id="1049" free="6345648" total="52822016" percent="12">
    <mem type="nursery" free="0" total="24117248" percent="0">
      <mem type="allocate" free="0" total="18219008" percent="0" />
      <mem type="survivor" free="0" total="5898240" percent="0" />
    </mem>
    <mem type="tenure" free="6345648" total="28704768" percent="22">
      <mem type="soa" free="4910000" total="27269120" percent="18" />
      <mem type="loa" free="1435648" total="1435648" percent="100" />
    </mem>
    <remembered-set count="5110" />
  </mem-info>
</gc-start>
<allocation-stats totalBytes="13546352" discardedBytes="8736" >
  <allocated-bytes non-tlh="322944" tlh="13223408" />
  <largest-consumer threadName="Start Level: Equinox Container: 4cf6e2be-ca4b-4e6f-bc01-ad181bce7518" threadId="00000000005AEB00" bytes="3552184" />
</allocation-stats>
<gc-op id="1050" type="scavenge" timems="5.005" contextid="1047" timestamp="2024-07-18T15:46:15.763">
  <scavenger-info tenureage="3" tenuremask="4008" tiltratio="75" />
  <memory-copied type="nursery" objects="100010" bytes="4919384" bytesdiscarded="77064" />
  <memory-copied type="tenure" objects="45470" bytes="1468072" bytesdiscarded="312" />
  <finalization candidates="49" enqueued="31" />
  <ownableSynchronizers candidates="1738" cleared="679" />
  <references type="soft" candidates="497" cleared="0" enqueued="0" dynamicThreshold="9" maxThreshold="32" />
  <references type="weak" candidates="740" cleared="147" enqueued="147" />
  <references type="phantom" candidates="286" cleared="8" enqueued="8" />
  <object-monitors candidates="28" cleared="0"  />
</gc-op>
<heap-resize id="1051" type="expand" space="nursery" amount="917504" count="1" timems="0.023" reason="excessive time being spent scavenging" timestamp="2024-07-18T15:46:15.763" />
<gc-end id="1052" type="scavenge" contextid="1047" durationms="6.748" usertimems="17.053" systemtimems="0.000" stalltimems="3.066" timestamp="2024-07-18T15:46:15.764" activeThreads="4">
  <mem-info id="1053" free="18695480" total="53739520" percent="34">
    <mem type="nursery" free="13800584" total="25034752" percent="55">
      <mem type="allocate" free="13800584" total="18808832" percent="73" />
      <mem type="survivor" free="0" total="6225920" percent="0" />
    </mem>
    <mem type="tenure" free="4894896" total="28704768" percent="17">
      <mem type="soa" free="3459248" total="27269120" percent="12" />
      <mem type="loa" free="1435648" total="1435648" percent="100" />
    </mem>
    <pending-finalizers system="31" default="0" reference="155" classloader="0" />
    <remembered-set count="3788" />
  </mem-info>
</gc-end>
<cycle-end id="1054" type="scavenge" contextid="1047" timestamp="2024-07-18T15:46:15.764" />
<allocation-satisfied id="1055" threadId="00000000005C6500" bytesRequested="40" />
<af-end id="1056" timestamp="2024-07-18T15:46:15.765" threadId="00000000005C6F38" success="true" from="nursery"/>
<exclusive-end id="1057" timestamp="2024-07-18T15:46:15.765" durationms="9.441" />

<exclusive-start id="1058" timestamp="2024-07-18T15:46:15.820" intervalms="64.647">
  <response-info timems="0.116" idlems="0.069" threads="3" lastid="00000000005BE800" lastname="Equinox start level thread - Equinox Container: 4cf6e2be-ca4b-4" />
</exclusive-start>
<af-start id="1059" threadId="00000000005CA038" totalBytesRequested="40" timestamp="2024-07-18T15:46:15.821" intervalms="64.679" type="nursery" />
<cycle-start id="1060" type="scavenge" contextid="0" timestamp="2024-07-18T15:46:15.821" intervalms="64.723" />
<gc-start id="1061" type="scavenge" contextid="1060" timestamp="2024-07-18T15:46:15.822">
  <mem-info id="1062" free="4694944" total="53739520" percent="8">
    <mem type="nursery" free="0" total="25034752" percent="0">
      <mem type="allocate" free="0" total="18808832" percent="0" />
      <mem type="survivor" free="0" total="6225920" percent="0" />
    </mem>
    <mem type="tenure" free="4694944" total="28704768" percent="16">
      <mem type="soa" free="3259296" total="27269120" percent="11" />
      <mem type="loa" free="1435648" total="1435648" percent="100" />
    </mem>
    <remembered-set count="6645" />
  </mem-info>
</gc-start>
<allocation-stats totalBytes="13978136" discardedBytes="22400" >
  <allocated-bytes non-tlh="511456" tlh="13466680" />
  <largest-consumer threadName="Equinox start level thread - Equinox Container: 4cf6e2be-ca4b-4e6f-bc01-ad181bce7518" threadId="00000000005C6500" bytes="4134480" />
</allocation-stats>
<gc-op id="1063" type="scavenge" timems="4.694" contextid="1060" timestamp="2024-07-18T15:46:15.827">
  <scavenger-info tenureage="3" tenuremask="4488" tiltratio="75" />
  <memory-copied type="nursery" objects="116231" bytes="5571448" bytesdiscarded="89528" />
  <memory-copied type="tenure" objects="23084" bytes="750552" bytesdiscarded="248" />
  <finalization candidates="27" enqueued="6" />
  <ownableSynchronizers candidates="2656" cleared="704" />
  <references type="soft" candidates="1513" cleared="0" enqueued="0" dynamicThreshold="9" maxThreshold="32" />
  <references type="weak" candidates="1177" cleared="204" enqueued="204" />
  <references type="phantom" candidates="292" cleared="6" enqueued="6" />
  <object-monitors candidates="45" cleared="7"  />
</gc-op>
<heap-resize id="1064" type="expand" space="nursery" amount="1048576" count="1" timems="0.029" reason="excessive time being spent scavenging" timestamp="2024-07-18T15:46:15.828" />
<gc-end id="1065" type="scavenge" contextid="1060" durationms="6.406" usertimems="16.768" systemtimems="1.686" stalltimems="5.283" timestamp="2024-07-18T15:46:15.828" activeThreads="5">
  <mem-info id="1066" free="17080928" total="54788096" percent="31">
    <mem type="nursery" free="13066176" total="26083328" percent="50">
      <mem type="allocate" free="13066176" total="18743296" percent="69" />
      <mem type="survivor" free="0" total="7340032" percent="0" />
    </mem>
    <mem type="tenure" free="4014752" total="28704768" percent="13">
      <mem type="soa" free="2579104" total="27269120" percent="9" />
      <mem type="loa" free="1435648" total="1435648" percent="100" />
    </mem>
    <pending-finalizers system="6" default="0" reference="210" classloader="0" />
    <remembered-set count="5947" />
  </mem-info>
</gc-end>
<cycle-end id="1067" type="scavenge" contextid="1060" timestamp="2024-07-18T15:46:15.828" />
<allocation-satisfied id="1068" threadId="00000000005C9600" bytesRequested="40" />
<af-end id="1069" timestamp="2024-07-18T15:46:15.829" threadId="00000000005CA038" success="true" from="nursery"/>
<exclusive-end id="1070" timestamp="2024-07-18T15:46:15.830" durationms="9.264" />

<concurrent-kickoff id="1071" timestamp="2024-07-18T15:46:15.859">
  <kickoff reason="threshold reached" targetBytes="12587060" thresholdFreeBytes="1745451"  remainingFree="1620592" tenureFreeBytes="3943152" nurseryFreeBytes="1620592" />
</concurrent-kickoff>
<exclusive-start id="1072" timestamp="2024-07-18T15:46:15.860" intervalms="39.407">
  <response-info timems="0.046" idlems="0.046" threads="0" lastid="00000000005C9600" lastname="Equinox start level thread - Equinox Container: 4cf6e2be-ca4b-4" />
</exclusive-start>
<cycle-start id="1073" type="global" contextid="0" timestamp="2024-07-18T15:46:15.860" intervalms="975.138" />
<concurrent-start id="1074" type="global mark" contextid="1073" timestamp="2024-07-18T15:46:15.860">
</concurrent-start>
<exclusive-end id="1075" timestamp="2024-07-18T15:46:15.860" durationms="0.710" />

<concurrent-end id="1076" type="global mark" contextid="1073" timestamp="2024-07-18T15:46:15.873">
<gc-op id="1077" type="trace" timems="12.544" contextid="1073" timestamp="2024-07-18T15:46:15.873">
  <trace bytesTraced="12716756" workStackOverflowCount="0" />
  <card-cleaning reason="card cleaning threshold reached" bytesTraced="38340" cardsCleaned="116" />
</gc-op>
</concurrent-end>

<exclusive-start id="1078" timestamp="2024-07-18T15:46:15.873" intervalms="13.685">
  <response-info timems="0.580" idlems="0.307" threads="1" lastid="00000000005C7200" lastname="Equinox start level thread - Equinox Container: 4cf6e2be-ca4b-4" />
</exclusive-start>
<af-start id="1079" threadId="00000000005CA038" totalBytesRequested="80" timestamp="2024-07-18T15:46:15.874" intervalms="52.873" type="nursery" />
<percolate-collect id="1080" from="nursery" to="global" reason="concurrent mark exhausted" timestamp="2024-07-18T15:46:15.874"/>
<gc-start id="1081" type="global" contextid="1073" timestamp="2024-07-18T15:46:15.874">
  <mem-info id="1082" free="3940624" total="54788096" percent="7">
    <mem type="nursery" free="0" total="26083328" percent="0">
      <mem type="allocate" free="0" total="18743296" percent="0" />
      <mem type="survivor" free="0" total="7340032" percent="0" />
    </mem>
    <mem type="tenure" free="3940624" total="28704768" percent="13">
      <mem type="soa" free="2504976" total="27269120" percent="9" />
      <mem type="loa" free="1435648" total="1435648" percent="100" />
    </mem>
    <remembered-set count="7870" />
  </mem-info>
</gc-start>
<allocation-stats totalBytes="13134624" discardedBytes="5680" >
  <allocated-bytes non-tlh="743136" tlh="12391488" />
  <largest-consumer threadName="Equinox start level thread - Equinox Container: 4cf6e2be-ca4b-4e6f-bc01-ad181bce7518" threadId="00000000005C9600" bytes="4851400" />
</allocation-stats>
<gc-op id="1083" type="rs-scan" timems="2.540" contextid="1073" timestamp="2024-07-18T15:46:15.877">
  <scan objectsFound="131942" bytesTraced="4379060" workStackOverflowCount="0" />
</gc-op>
<gc-op id="1084" type="card-cleaning" timems="0.760" contextid="1073" timestamp="2024-07-18T15:46:15.878">
  <card-cleaning cardsCleaned="4" bytesTraced="4004" workStackOverflowCount="0" />
</gc-op>
<gc-op id="1085" type="mark" timems="8.044" contextid="1073" timestamp="2024-07-18T15:46:15.886">
  <trace-info objectcount="8511" scancount="8011" scanbytes="341664" />
  <finalization candidates="724" enqueued="10" />
  <ownableSynchronizers candidates="3879" cleared="294" />
  <references type="soft" candidates="7017" cleared="0" enqueued="0" dynamicThreshold="9" maxThreshold="32" />
  <references type="weak" candidates="2644" cleared="146" enqueued="146" />
  <references type="phantom" candidates="318" cleared="1" enqueued="1" />
  <stringconstants candidates="15730" cleared="40"  />
  <object-monitors candidates="39" cleared="1"  />
</gc-op>
<gc-op id="1086" type="classunload" timems="0.015" contextid="1073" timestamp="2024-07-18T15:46:15.887">
  <classunload-info classloadercandidates="145" classloadersunloaded="0" classesunloaded="0" anonymousclassesunloaded="0" quiescems="0.000" setupms="0.013" scanms="0.002" postms="0.000" />
</gc-op>
<gc-op id="1087" type="sweep" timems="1.314" contextid="1073" timestamp="2024-07-18T15:46:15.888" />
<heap-resize id="1088" type="expand" space="tenure" amount="1179648" count="1" timems="0.039" reason="insufficient free space following gc" timestamp="2024-07-18T15:46:15.888" />
<gc-end id="1089" type="global" contextid="1073" durationms="14.441" usertimems="40.344" systemtimems="2.986" stalltimems="85.711" timestamp="2024-07-18T15:46:15.889" activeThreads="12">
  <mem-info id="1090" free="20834544" total="55967744" percent="37">
    <mem type="nursery" free="11837024" total="26083328" percent="45">
      <mem type="allocate" free="11837024" total="18743296" percent="63" />
      <mem type="survivor" free="0" total="7340032" percent="0" />
    </mem>
    <mem type="tenure" free="8997520" total="29884416" percent="30" micro-fragmented="498522" macro-fragmented="0">
      <mem type="soa" free="7502480" total="28389376" percent="26" />
      <mem type="loa" free="1495040" total="1495040" percent="100" />
    </mem>
    <pending-finalizers system="10" default="0" reference="147" classloader="0" />
    <remembered-set count="6794" />
  </mem-info>
</gc-end>
<cycle-end id="1091" type="global" contextid="1073" timestamp="2024-07-18T15:46:15.889" />
<allocation-satisfied id="1092" threadId="00000000005C9600" bytesRequested="80" />
<af-end id="1093" timestamp="2024-07-18T15:46:15.889" threadId="00000000005CA038" success="true" from="nursery"/>
<exclusive-end id="1094" timestamp="2024-07-18T15:46:15.889" durationms="15.940" />

<exclusive-start id="1095" timestamp="2024-07-18T15:46:15.921" intervalms="47.263">
  <response-info timems="0.081" idlems="0.053" threads="1" lastid="00000000005C7200" lastname="Equinox start level thread - Equinox Container: 4cf6e2be-ca4b-4" />
</exclusive-start>
<af-start id="1096" threadId="00000000005C6F38" totalBytesRequested="72" timestamp="2024-07-18T15:46:15.921" intervalms="47.265" type="nursery" />
<cycle-start id="1097" type="scavenge" contextid="0" timestamp="2024-07-18T15:46:15.921" intervalms="99.913" />
<gc-start id="1098" type="scavenge" contextid="1097" timestamp="2024-07-18T15:46:15.921">
  <mem-info id="1099" free="8866712" total="55967744" percent="15">
    <mem type="nursery" free="0" total="26083328" percent="0">
      <mem type="allocate" free="0" total="18743296" percent="0" />
      <mem type="survivor" free="0" total="7340032" percent="0" />
    </mem>
    <mem type="tenure" free="8866712" total="29884416" percent="29">
      <mem type="soa" free="7371672" total="28389376" percent="25" />
      <mem type="loa" free="1495040" total="1495040" percent="100" />
    </mem>
    <remembered-set count="8372" />
  </mem-info>
</gc-start>
<allocation-stats totalBytes="11852552" discardedBytes="89008" >
  <allocated-bytes non-tlh="921144" tlh="10931408" />
  <largest-consumer threadName="Equinox start level thread - Equinox Container: 4cf6e2be-ca4b-4e6f-bc01-ad181bce7518" threadId="00000000005C7200" bytes="4114816" />
</allocation-stats>
<gc-op id="1100" type="scavenge" timems="6.886" contextid="1097" timestamp="2024-07-18T15:46:15.929">
  <scavenger-info tenureage="9" tenuremask="6200" tiltratio="71" />
  <memory-copied type="nursery" objects="159814" bytes="7117408" bytesdiscarded="81856" />
  <memory-copied type="tenure" objects="95" bytes="1520" bytesdiscarded="264" />
  <finalization candidates="60" enqueued="35" />
  <ownableSynchronizers candidates="5450" cleared="2710" />
  <references type="soft" candidates="2007" cleared="0" enqueued="0" dynamicThreshold="9" maxThreshold="32" />
  <references type="weak" candidates="1641" cleared="184" enqueued="184" />
  <references type="phantom" candidates="285" cleared="4" enqueued="4" />
  <object-monitors candidates="38" cleared="0"  />
</gc-op>
<gc-end id="1101" type="scavenge" contextid="1097" durationms="7.666" usertimems="33.743" systemtimems="0.000" stalltimems="7.305" timestamp="2024-07-18T15:46:15.929" activeThreads="6">
  <mem-info id="1102" free="18239160" total="55967744" percent="32">
    <mem type="nursery" free="9422952" total="26083328" percent="36">
      <mem type="allocate" free="9422952" total="16646144" percent="56" />
      <mem type="survivor" free="0" total="9437184" percent="0" />
    </mem>
    <mem type="tenure" free="8816208" total="29884416" percent="29">
      <mem type="soa" free="7321168" total="28389376" percent="25" />
      <mem type="loa" free="1495040" total="1495040" percent="100" />
    </mem>
    <pending-finalizers system="35" default="0" reference="188" classloader="0" />
    <remembered-set count="6845" />
  </mem-info>
</gc-end>
<cycle-end id="1103" type="scavenge" contextid="1097" timestamp="2024-07-18T15:46:15.929" />
<allocation-satisfied id="1104" threadId="00000000005C6500" bytesRequested="72" />
<af-end id="1105" timestamp="2024-07-18T15:46:15.930" threadId="00000000005C6F38" success="true" from="nursery"/>
<exclusive-end id="1106" timestamp="2024-07-18T15:46:15.930" durationms="9.371" />

<exclusive-start id="1107" timestamp="2024-07-18T15:46:15.974" intervalms="53.326">
  <response-info timems="0.102" idlems="0.102" threads="0" lastid="00000000005BE800" lastname="Equinox start level thread - Equinox Container: 4cf6e2be-ca4b-4" />
</exclusive-start>
<af-start id="1108" threadId="00000000005BF238" totalBytesRequested="344" timestamp="2024-07-18T15:46:15.974" intervalms="53.453" type="nursery" />
<cycle-start id="1109" type="scavenge" contextid="0" timestamp="2024-07-18T15:46:15.975" intervalms="53.596" />
<gc-start id="1110" type="scavenge" contextid="1109" timestamp="2024-07-18T15:46:15.975">
  <mem-info id="1111" free="8730936" total="55967744" percent="15">
    <mem type="nursery" free="0" total="26083328" percent="0">
      <mem type="allocate" free="0" total="16646144" percent="0" />
      <mem type="survivor" free="0" total="9437184" percent="0" />
    </mem>
    <mem type="tenure" free="8730936" total="29884416" percent="29">
      <mem type="soa" free="7235896" total="28389376" percent="25" />
      <mem type="loa" free="1495040" total="1495040" percent="100" />
    </mem>
    <remembered-set count="8260" />
  </mem-info>
</gc-start>
<allocation-stats totalBytes="9495048" discardedBytes="4264" >
  <allocated-bytes non-tlh="280328" tlh="9214720" />
  <largest-consumer threadName="Equinox start level thread - Equinox Container: 4cf6e2be-ca4b-4e6f-bc01-ad181bce7518" threadId="00000000005BE800" bytes="4340864" />
</allocation-stats>
<gc-op id="1112" type="scavenge" timems="7.506" contextid="1109" timestamp="2024-07-18T15:46:15.983">
  <scavenger-info tenureage="13" tenuremask="6000" tiltratio="63" />
  <memory-copied type="nursery" objects="165497" bytes="6880944" bytesdiscarded="205616" />
  <finalization candidates="25" enqueued="0" />
  <ownableSynchronizers candidates="3316" cleared="252" />
  <references type="soft" candidates="2485" cleared="0" enqueued="0" dynamicThreshold="9" maxThreshold="32" />
  <references type="weak" candidates="1737" cleared="122" enqueued="122" />
  <references type="phantom" candidates="272" cleared="0" enqueued="0" />
  <object-monitors candidates="38" cleared="0"  />
</gc-op>
<heap-resize id="1113" type="expand" space="nursery" amount="2359296" count="1" timems="0.031" reason="excessive time being spent scavenging" timestamp="2024-07-18T15:46:15.984" />
<gc-end id="1114" type="scavenge" contextid="1109" durationms="8.811" usertimems="43.444" systemtimems="0.000" stalltimems="16.026" timestamp="2024-07-18T15:46:15.984" activeThreads="8">
  <mem-info id="1115" free="20755048" total="58327040" percent="35">
    <mem type="nursery" free="12024112" total="28442624" percent="42">
      <mem type="allocate" free="12024112" total="19136512" percent="62" />
      <mem type="survivor" free="0" total="9306112" percent="0" />
    </mem>
    <mem type="tenure" free="8730936" total="29884416" percent="29">
      <mem type="soa" free="7235896" total="28389376" percent="25" />
      <mem type="loa" free="1495040" total="1495040" percent="100" />
    </mem>
    <pending-finalizers system="0" default="0" reference="122" classloader="0" />
    <remembered-set count="6425" />
  </mem-info>
</gc-end>
<cycle-end id="1116" type="scavenge" contextid="1109" timestamp="2024-07-18T15:46:15.984" />
<allocation-satisfied id="1117" threadId="00000000005BE800" bytesRequested="344" />
<af-end id="1118" timestamp="2024-07-18T15:46:15.985" threadId="00000000005BF238" success="true" from="nursery"/>
<exclusive-end id="1119" timestamp="2024-07-18T15:46:15.985" durationms="10.798" />

<exclusive-start id="1120" timestamp="2024-07-18T15:46:16.038" intervalms="63.908">
  <response-info timems="0.061" idlems="0.061" threads="0" lastid="00000000005BE800" lastname="Equinox start level thread - Equinox Container: 4cf6e2be-ca4b-4" />
</exclusive-start>
<af-start id="1121" threadId="00000000005BF238" totalBytesRequested="5328" timestamp="2024-07-18T15:46:16.038" intervalms="63.854" type="nursery" />
<cycle-start id="1122" type="scavenge" contextid="0" timestamp="2024-07-18T15:46:16.039" intervalms="63.998" />
<gc-start id="1123" type="scavenge" contextid="1122" timestamp="2024-07-18T15:46:16.040">
  <mem-info id="1124" free="8604576" total="58327040" percent="14">
    <mem type="nursery" free="0" total="28442624" percent="0">
      <mem type="allocate" free="0" total="19136512" percent="0" />
      <mem type="survivor" free="0" total="9306112" percent="0" />
    </mem>
    <mem type="tenure" free="8604576" total="29884416" percent="28">
      <mem type="soa" free="7109536" total="28389376" percent="25" />
      <mem type="loa" free="1495040" total="1495040" percent="100" />
    </mem>
    <remembered-set count="8406" />
  </mem-info>
</gc-start>
<allocation-stats totalBytes="12126872" discardedBytes="9600" >
  <allocated-bytes non-tlh="548400" tlh="11578472" />
  <largest-consumer threadName="Equinox start level thread - Equinox Container: 4cf6e2be-ca4b-4e6f-bc01-ad181bce7518" threadId="00000000005C6500" bytes="4819264" />
</allocation-stats>
<gc-op id="1125" type="scavenge" timems="7.885" contextid="1122" timestamp="2024-07-18T15:46:16.049">
  <scavenger-info tenureage="12" tenuremask="7000" tiltratio="67" />
  <memory-copied type="nursery" objects="190415" bytes="8249304" bytesdiscarded="170624" />
  <finalization candidates="55" enqueued="30" />
  <ownableSynchronizers candidates="3769" cleared="311" />
  <references type="soft" candidates="3044" cleared="0" enqueued="0" dynamicThreshold="9" maxThreshold="32" />
  <references type="weak" candidates="2074" cleared="131" enqueued="131" />
  <references type="phantom" candidates="297" cleared="11" enqueued="11" />
  <object-monitors candidates="38" cleared="0"  />
</gc-op>
<heap-resize id="1126" type="expand" space="nursery" amount="1966080" count="1" timems="0.030" reason="excessive time being spent scavenging" timestamp="2024-07-18T15:46:16.049" />
<gc-end id="1127" type="scavenge" contextid="1122" durationms="9.178" usertimems="41.706" systemtimems="10.335" stalltimems="18.476" timestamp="2024-07-18T15:46:16.049" activeThreads="9">
  <mem-info id="1128" free="19094840" total="60293120" percent="31">
    <mem type="nursery" free="10490264" total="30408704" percent="34">
      <mem type="allocate" free="10490264" total="18939904" percent="55" />
      <mem type="survivor" free="0" total="11468800" percent="0" />
    </mem>
    <mem type="tenure" free="8604576" total="29884416" percent="28">
      <mem type="soa" free="7109536" total="28389376" percent="25" />
      <mem type="loa" free="1495040" total="1495040" percent="100" />
    </mem>
    <pending-finalizers system="30" default="0" reference="142" classloader="0" />
    <remembered-set count="6638" />
  </mem-info>
</gc-end>
<cycle-end id="1129" type="scavenge" contextid="1122" timestamp="2024-07-18T15:46:16.050" />
<allocation-satisfied id="1130" threadId="00000000005BE800" bytesRequested="5328" />
<af-end id="1131" timestamp="2024-07-18T15:46:16.050" threadId="00000000005BF238" success="true" from="nursery"/>
<exclusive-end id="1132" timestamp="2024-07-18T15:46:16.050" durationms="12.155" />

<exclusive-start id="1133" timestamp="2024-07-18T15:46:16.222" intervalms="184.230">
  <response-info timems="0.074" idlems="0.074" threads="0" lastid="00000000005AEB00" lastname="Start Level: Equinox Container: 4cf6e2be-ca4b-4e6f-bc01-ad181bc" />
</exclusive-start>
<af-start id="1134" threadId="00000000005AF538" totalBytesRequested="24" timestamp="2024-07-18T15:46:16.222" intervalms="184.226" type="nursery" />
<cycle-start id="1135" type="scavenge" contextid="0" timestamp="2024-07-18T15:46:16.223" intervalms="184.015" />
<gc-start id="1136" type="scavenge" contextid="1135" timestamp="2024-07-18T15:46:16.224">
  <mem-info id="1137" free="8311200" total="60293120" percent="13">
    <mem type="nursery" free="0" total="30408704" percent="0">
      <mem type="allocate" free="0" total="18939904" percent="0" />
      <mem type="survivor" free="0" total="11468800" percent="0" />
    </mem>
    <mem type="tenure" free="8311200" total="29884416" percent="27">
      <mem type="soa" free="6816160" total="28389376" percent="24" />
      <mem type="loa" free="1495040" total="1495040" percent="100" />
    </mem>
    <remembered-set count="10565" />
  </mem-info>
</gc-start>
<allocation-stats totalBytes="10758720" discardedBytes="15264" >
  <allocated-bytes non-tlh="340120" tlh="10418600" />
  <largest-consumer threadName="Equinox start level thread - Equinox Container: 4cf6e2be-ca4b-4e6f-bc01-ad181bce7518" threadId="00000000005BE800" bytes="5237776" />
</allocation-stats>
<gc-op id="1138" type="scavenge" timems="9.657" contextid="1135" timestamp="2024-07-18T15:46:16.234">
  <scavenger-info tenureage="4" tenuremask="7870" tiltratio="62" />
  <memory-copied type="nursery" objects="113677" bytes="5589992" bytesdiscarded="402776" />
  <memory-copied type="tenure" objects="103842" bytes="3526776" bytesdiscarded="1984" />
  <finalization candidates="158" enqueued="133" />
  <ownableSynchronizers candidates="4058" cleared="151" />
  <references type="soft" candidates="2225" cleared="0" enqueued="0" dynamicThreshold="9" maxThreshold="32" />
  <references type="weak" candidates="1681" cleared="362" enqueued="362" />
  <references type="phantom" candidates="341" cleared="69" enqueued="69" />
  <object-monitors candidates="39" cleared="0"  />
</gc-op>
<gc-end id="1139" type="scavenge" contextid="1135" durationms="10.799" usertimems="63.754" systemtimems="0.000" stalltimems="30.578" timestamp="2024-07-18T15:46:16.235" activeThreads="10">
  <mem-info id="1140" free="18427048" total="60293120" percent="30">
    <mem type="nursery" free="13976480" total="30408704" percent="45">
      <mem type="allocate" free="13976480" total="19988480" percent="69" />
      <mem type="survivor" free="0" total="10420224" percent="0" />
    </mem>
    <mem type="tenure" free="4450568" total="29884416" percent="14">
      <mem type="soa" free="2955528" total="28389376" percent="10" />
      <mem type="loa" free="1495040" total="1495040" percent="100" />
    </mem>
    <pending-finalizers system="133" default="0" reference="431" classloader="0" />
    <remembered-set count="8893" />
  </mem-info>
</gc-end>
<cycle-end id="1141" type="scavenge" contextid="1135" timestamp="2024-07-18T15:46:16.235" />
<allocation-satisfied id="1142" threadId="00000000005AEB00" bytesRequested="24" />
<af-end id="1143" timestamp="2024-07-18T15:46:16.235" threadId="00000000005AF538" success="true" from="nursery"/>
<exclusive-end id="1144" timestamp="2024-07-18T15:46:16.236" durationms="13.631" />

<concurrent-kickoff id="1145" timestamp="2024-07-18T15:46:16.385">
  <kickoff reason="threshold reached" targetBytes="13173282" thresholdFreeBytes="1826244"  remainingFree="1806360" tenureFreeBytes="4338296" nurseryFreeBytes="1806360" />
</concurrent-kickoff>
<exclusive-start id="1146" timestamp="2024-07-18T15:46:16.386" intervalms="163.511">
  <response-info timems="0.091" idlems="0.086" threads="1" lastid="000000000074C400" lastname="Config-Thread-2" />
</exclusive-start>
<cycle-start id="1147" type="global" contextid="0" timestamp="2024-07-18T15:46:16.386" intervalms="526.035" />
<concurrent-start id="1148" type="global mark" contextid="1147" timestamp="2024-07-18T15:46:16.386">
</concurrent-start>
<exclusive-end id="1149" timestamp="2024-07-18T15:46:16.387" durationms="1.267" />

<concurrent-end id="1150" type="global mark" contextid="1147" timestamp="2024-07-18T15:46:16.435">
<gc-op id="1151" type="trace" timems="48.450" contextid="1147" timestamp="2024-07-18T15:46:16.435">
  <trace bytesTraced="15919720" workStackOverflowCount="0" />
  <card-cleaning reason="card cleaning threshold reached" bytesTraced="40196" cardsCleaned="198" />
</gc-op>
</concurrent-end>

<exclusive-start id="1152" timestamp="2024-07-18T15:46:16.436" intervalms="50.126">
  <response-info timems="0.091" idlems="0.091" threads="0" lastid="000000000074C400" lastname="Config-Thread-2" />
</exclusive-start>
<concurrent-global-final id="1153" timestamp="2024-07-18T15:46:16.436" contextid="1147" intervalms="1524.956" >
  <concurrent-trace-info reason="card cleaning threshold reached" tracedByMutators="6477584" tracedByHelpers="9482332" cardsCleaned="198" workStackOverflowCount="0" />
</concurrent-global-final>
<gc-start id="1154" type="global" contextid="1147" timestamp="2024-07-18T15:46:16.437">
  <mem-info id="1155" free="4282800" total="60293120" percent="7">
    <mem type="nursery" free="0" total="30408704" percent="0">
      <mem type="allocate" free="0" total="19988480" percent="0" />
      <mem type="survivor" free="0" total="10420224" percent="0" />
    </mem>
    <mem type="tenure" free="4282800" total="29884416" percent="14">
      <mem type="soa" free="2787760" total="28389376" percent="9" />
      <mem type="loa" free="1495040" total="1495040" percent="100" />
    </mem>
    <remembered-set count="11603" />
  </mem-info>
</gc-start>
<allocation-stats totalBytes="14136464" discardedBytes="7784" >
  <allocated-bytes non-tlh="456704" tlh="13679760" />
  <largest-consumer threadName="Start Level: Equinox Container: 4cf6e2be-ca4b-4e6f-bc01-ad181bce7518" threadId="00000000005AEB00" bytes="11449696" />
</allocation-stats>
<gc-op id="1156" type="rs-scan" timems="3.128" contextid="1147" timestamp="2024-07-18T15:46:16.441">
  <scan objectsFound="129120" bytesTraced="4527216" workStackOverflowCount="0" />
</gc-op>
<gc-op id="1157" type="card-cleaning" timems="0.886" contextid="1147" timestamp="2024-07-18T15:46:16.442">
  <card-cleaning cardsCleaned="8" bytesTraced="8296" workStackOverflowCount="0" />
</gc-op>
<gc-op id="1158" type="mark" timems="14.226" contextid="1147" timestamp="2024-07-18T15:46:16.457">
  <trace-info objectcount="13538" scancount="12528" scanbytes="302756" />
  <finalization candidates="755" enqueued="37" />
  <ownableSynchronizers candidates="5787" cleared="226" />
  <references type="soft" candidates="9470" cleared="0" enqueued="0" dynamicThreshold="9" maxThreshold="32" />
  <references type="weak" candidates="4033" cleared="234" enqueued="229" />
  <references type="phantom" candidates="367" cleared="27" enqueued="27" />
  <stringconstants candidates="21794" cleared="31"  />
  <object-monitors candidates="44" cleared="0"  />
</gc-op>
<gc-op id="1159" type="classunload" timems="0.172" contextid="1147" timestamp="2024-07-18T15:46:16.457">
  <classunload-info classloadercandidates="255" classloadersunloaded="10" classesunloaded="0" anonymousclassesunloaded="0" quiescems="0.000" setupms="0.130" scanms="0.028" postms="0.014" />
</gc-op>
<gc-op id="1160" type="sweep" timems="2.007" contextid="1147" timestamp="2024-07-18T15:46:16.459" />
<heap-resize id="1161" type="expand" space="tenure" amount="6160384" count="1" timems="0.878" reason="insufficient free space following gc" timestamp="2024-07-18T15:46:16.461" />
<gc-end id="1162" type="global" contextid="1147" durationms="24.765" usertimems="48.569" systemtimems="17.426" stalltimems="150.750" timestamp="2024-07-18T15:46:16.461" activeThreads="12">
  <mem-info id="1163" free="23508280" total="66453504" percent="35">
    <mem type="nursery" free="12658048" total="30408704" percent="41">
      <mem type="allocate" free="12658048" total="19988480" percent="63" />
      <mem type="survivor" free="0" total="10420224" percent="0" />
    </mem>
    <mem type="tenure" free="10850232" total="36044800" percent="30" micro-fragmented="701776" macro-fragmented="0">
      <mem type="soa" free="9047992" total="34242560" percent="26" />
      <mem type="loa" free="1802240" total="1802240" percent="100" />
    </mem>
    <pending-finalizers system="37" default="0" reference="256" classloader="0" />
    <remembered-set count="10416" />
  </mem-info>
</gc-end>
<cycle-end id="1164" type="global" contextid="1147" timestamp="2024-07-18T15:46:16.462" />
<exclusive-end id="1165" timestamp="2024-07-18T15:46:16.462" durationms="26.349" />

<exclusive-start id="1166" timestamp="2024-07-18T15:46:16.810" intervalms="373.924">
  <response-info timems="0.053" idlems="0.053" threads="0" lastid="00000000005AEB00" lastname="Start Level: Equinox Container: 4cf6e2be-ca4b-4e6f-bc01-ad181bc" />
</exclusive-start>
<af-start id="1167" threadId="00000000005AF538" totalBytesRequested="2384" timestamp="2024-07-18T15:46:16.810" intervalms="587.716" type="nursery" />
<cycle-start id="1168" type="scavenge" contextid="0" timestamp="2024-07-18T15:46:16.811" intervalms="587.902" />
<gc-start id="1169" type="scavenge" contextid="1168" timestamp="2024-07-18T15:46:16.811">
  <mem-info id="1170" free="10474344" total="66453504" percent="15">
    <mem type="nursery" free="0" total="30408704" percent="0">
      <mem type="allocate" free="0" total="19988480" percent="0" />
      <mem type="survivor" free="0" total="10420224" percent="0" />
    </mem>
    <mem type="tenure" free="10474344" total="36044800" percent="29">
      <mem type="soa" free="8672104" total="34242560" percent="25" />
      <mem type="loa" free="1802240" total="1802240" percent="100" />
    </mem>
    <remembered-set count="15752" />
  </mem-info>
</gc-start>
<allocation-stats totalBytes="12936312" discardedBytes="70392" >
  <allocated-bytes non-tlh="1597480" tlh="11338832" />
  <largest-consumer threadName="Start Level: Equinox Container: 4cf6e2be-ca4b-4e6f-bc01-ad181bce7518" threadId="00000000005AEB00" bytes="12411904" />
</allocation-stats>
<gc-op id="1171" type="scavenge" timems="6.611" contextid="1168" timestamp="2024-07-18T15:46:16.819">
  <scavenger-info tenureage="3" tenuremask="7808" tiltratio="65" />
  <memory-copied type="nursery" objects="139439" bytes="6233432" bytesdiscarded="350736" />
  <memory-copied type="tenure" objects="16883" bytes="935136" bytesdiscarded="296" />
  <finalization candidates="30" enqueued="23" />
  <ownableSynchronizers candidates="9093" cleared="6448" />
  <references type="soft" candidates="2812" cleared="0" enqueued="0" dynamicThreshold="9" maxThreshold="32" />
  <references type="weak" candidates="8888" cleared="271" enqueued="269" />
  <references type="phantom" candidates="224" cleared="17" enqueued="17" />
  <object-monitors candidates="46" cleared="0"  />
</gc-op>
<gc-end id="1172" type="scavenge" contextid="1168" durationms="7.829" usertimems="31.493" systemtimems="11.112" stalltimems="22.306" timestamp="2024-07-18T15:46:16.819" activeThreads="10">
  <mem-info id="1173" free="22839888" total="66453504" percent="34">
    <mem type="nursery" free="13842280" total="30408704" percent="45">
      <mem type="allocate" free="13842280" total="20447232" percent="67" />
      <mem type="survivor" free="0" total="9961472" percent="0" />
    </mem>
    <mem type="tenure" free="8997608" total="36044800" percent="24">
      <mem type="soa" free="7195368" total="34242560" percent="21" />
      <mem type="loa" free="1802240" total="1802240" percent="100" />
    </mem>
    <pending-finalizers system="23" default="0" reference="286" classloader="0" />
    <remembered-set count="14418" />
  </mem-info>
</gc-end>
<cycle-end id="1174" type="scavenge" contextid="1168" timestamp="2024-07-18T15:46:16.819" />
<allocation-satisfied id="1175" threadId="00000000005AEB00" bytesRequested="2384" />
<af-end id="1176" timestamp="2024-07-18T15:46:16.820" threadId="00000000005AF538" success="true" from="nursery"/>
<exclusive-end id="1177" timestamp="2024-07-18T15:46:16.820" durationms="10.510" />

<exclusive-start id="1178" timestamp="2024-07-18T15:46:16.964" intervalms="154.500">
  <response-info timems="0.048" idlems="0.048" threads="0" lastid="00000000005AEB00" lastname="Start Level: Equinox Container: 4cf6e2be-ca4b-4e6f-bc01-ad181bc" />
</exclusive-start>
<af-start id="1179" threadId="00000000005AF538" totalBytesRequested="80" timestamp="2024-07-18T15:46:16.965" intervalms="154.525" type="nursery" />
<cycle-start id="1180" type="scavenge" contextid="0" timestamp="2024-07-18T15:46:16.965" intervalms="154.563" />
<gc-start id="1181" type="scavenge" contextid="1180" timestamp="2024-07-18T15:46:16.966">
  <mem-info id="1182" free="8928160" total="66453504" percent="13">
    <mem type="nursery" free="0" total="30408704" percent="0">
      <mem type="allocate" free="0" total="20447232" percent="0" />
      <mem type="survivor" free="0" total="9961472" percent="0" />
    </mem>
    <mem type="tenure" free="8928160" total="36044800" percent="24">
      <mem type="soa" free="7125920" total="34242560" percent="20" />
      <mem type="loa" free="1802240" total="1802240" percent="100" />
    </mem>
    <remembered-set count="15844" />
  </mem-info>
</gc-start>
<allocation-stats totalBytes="13903072" discardedBytes="8656" >
  <allocated-bytes non-tlh="350144" tlh="13552928" />
  <largest-consumer threadName="Start Level: Equinox Container: 4cf6e2be-ca4b-4e6f-bc01-ad181bce7518" threadId="00000000005AEB00" bytes="13825320" />
</allocation-stats>
<gc-op id="1183" type="scavenge" timems="8.865" contextid="1180" timestamp="2024-07-18T15:46:16.975">
  <scavenger-info tenureage="3" tenuremask="7c08" tiltratio="67" />
  <memory-copied type="nursery" objects="127505" bytes="6318352" bytesdiscarded="164056" />
  <memory-copied type="tenure" objects="24973" bytes="896024" bytesdiscarded="208" />
  <finalization candidates="14" enqueued="7" />
  <ownableSynchronizers candidates="2754" cleared="172" />
  <references type="soft" candidates="2505" cleared="0" enqueued="0" dynamicThreshold="9" maxThreshold="32" />
  <references type="weak" candidates="8511" cleared="91" enqueued="91" />
  <references type="phantom" candidates="258" cleared="3" enqueued="3" />
  <object-monitors candidates="46" cleared="0"  />
</gc-op>
<heap-resize id="1184" type="expand" space="nursery" amount="1179648" count="1" timems="0.063" reason="excessive time being spent scavenging" timestamp="2024-07-18T15:46:16.976" />
<gc-end id="1185" type="scavenge" contextid="1180" durationms="10.659" usertimems="52.272" systemtimems="0.000" stalltimems="38.020" timestamp="2024-07-18T15:46:16.976" activeThreads="10">
  <mem-info id="1186" free="23030848" total="67633152" percent="34">
    <mem type="nursery" free="15257112" total="31588352" percent="48">
      <mem type="allocate" free="15257112" total="21757952" percent="70" />
      <mem type="survivor" free="0" total="9830400" percent="0" />
    </mem>
    <mem type="tenure" free="7773736" total="36044800" percent="21">
      <mem type="soa" free="5971496" total="34242560" percent="17" />
      <mem type="loa" free="1802240" total="1802240" percent="100" />
    </mem>
    <pending-finalizers system="7" default="0" reference="94" classloader="0" />
    <remembered-set count="12796" />
  </mem-info>
</gc-end>
<cycle-end id="1187" type="scavenge" contextid="1180" timestamp="2024-07-18T15:46:16.977" />
<allocation-satisfied id="1188" threadId="00000000005AEB00" bytesRequested="80" />
<af-end id="1189" timestamp="2024-07-18T15:46:16.978" threadId="00000000005AF538" success="true" from="nursery"/>
<exclusive-end id="1190" timestamp="2024-07-18T15:46:16.978" durationms="14.072" />

<exclusive-start id="1191" timestamp="2024-07-18T15:46:17.131" intervalms="166.912">
  <response-info timems="0.041" idlems="0.041" threads="0" lastid="00000000005AEB00" lastname="Start Level: Equinox Container: 4cf6e2be-ca4b-4e6f-bc01-ad181bc" />
</exclusive-start>
<af-start id="1192" threadId="00000000005AF538" totalBytesRequested="56" timestamp="2024-07-18T15:46:17.131" intervalms="166.787" type="nursery" />
<cycle-start id="1193" type="scavenge" contextid="0" timestamp="2024-07-18T15:46:17.132" intervalms="166.663" />
<gc-start id="1194" type="scavenge" contextid="1193" timestamp="2024-07-18T15:46:17.132">
  <mem-info id="1195" free="7758328" total="67633152" percent="11">
    <mem type="nursery" free="0" total="31588352" percent="0">
      <mem type="allocate" free="0" total="21757952" percent="0" />
      <mem type="survivor" free="0" total="9830400" percent="0" />
    </mem>
    <mem type="tenure" free="7758328" total="36044800" percent="21">
      <mem type="soa" free="5956088" total="34242560" percent="17" />
      <mem type="loa" free="1802240" total="1802240" percent="100" />
    </mem>
    <remembered-set count="13642" />
  </mem-info>
</gc-start>
<allocation-stats totalBytes="15268568" discardedBytes="3952" >
  <allocated-bytes non-tlh="332944" tlh="14935624" />
  <largest-consumer threadName="Start Level: Equinox Container: 4cf6e2be-ca4b-4e6f-bc01-ad181bce7518" threadId="00000000005AEB00" bytes="15231520" />
</allocation-stats>
<gc-op id="1196" type="scavenge" timems="6.665" contextid="1193" timestamp="2024-07-18T15:46:17.140">
  <scavenger-info tenureage="3" tenuremask="7c08" tiltratio="68" />
  <memory-copied type="nursery" objects="107230" bytes="5661424" bytesdiscarded="252768" />
  <memory-copied type="tenure" objects="26672" bytes="863624" bytesdiscarded="264" />
  <finalization candidates="63" enqueued="56" />
  <ownableSynchronizers candidates="2229" cleared="0" />
  <references type="soft" candidates="1851" cleared="0" enqueued="0" dynamicThreshold="9" maxThreshold="32" />
  <references type="weak" candidates="8320" cleared="101" enqueued="101" />
  <references type="phantom" candidates="286" cleared="24" enqueued="24" />
  <object-monitors candidates="46" cleared="0"  />
</gc-op>
<gc-end id="1197" type="scavenge" contextid="1193" durationms="7.887" usertimems="33.564" systemtimems="8.250" stalltimems="23.676" timestamp="2024-07-18T15:46:17.140" activeThreads="10">
  <mem-info id="1198" free="23714088" total="67633152" percent="35">
    <mem type="nursery" free="16612400" total="31588352" percent="52">
      <mem type="allocate" free="16612400" total="22544384" percent="73" />
      <mem type="survivor" free="0" total="9043968" percent="0" />
    </mem>
    <mem type="tenure" free="7101688" total="36044800" percent="19">
      <mem type="soa" free="5299448" total="34242560" percent="15" />
      <mem type="loa" free="1802240" total="1802240" percent="100" />
    </mem>
    <pending-finalizers system="56" default="0" reference="125" classloader="0" />
    <remembered-set count="6778" />
  </mem-info>
</gc-end>
<cycle-end id="1199" type="scavenge" contextid="1193" timestamp="2024-07-18T15:46:17.141" />
<allocation-satisfied id="1200" threadId="00000000005AEB00" bytesRequested="56" />
<af-end id="1201" timestamp="2024-07-18T15:46:17.141" threadId="00000000005AF538" success="true" from="nursery"/>
<exclusive-end id="1202" timestamp="2024-07-18T15:46:17.142" durationms="10.527" />

<exclusive-start id="1203" timestamp="2024-07-18T15:46:17.484" intervalms="353.214">
  <response-info timems="0.059" idlems="0.059" threads="0" lastid="00000000005AEB00" lastname="Start Level: Equinox Container: 4cf6e2be-ca4b-4e6f-bc01-ad181bc" />
</exclusive-start>
<af-start id="1204" threadId="00000000005AF538" totalBytesRequested="536" timestamp="2024-07-18T15:46:17.485" intervalms="353.282" type="nursery" />
<cycle-start id="1205" type="scavenge" contextid="0" timestamp="2024-07-18T15:46:17.485" intervalms="353.307" />
<gc-start id="1206" type="scavenge" contextid="1205" timestamp="2024-07-18T15:46:17.486">
  <mem-info id="1207" free="7035456" total="67633152" percent="10">
    <mem type="nursery" free="0" total="31588352" percent="0">
      <mem type="allocate" free="0" total="22544384" percent="0" />
      <mem type="survivor" free="0" total="9043968" percent="0" />
    </mem>
    <mem type="tenure" free="7035456" total="36044800" percent="19">
      <mem type="soa" free="5233216" total="34242560" percent="15" />
      <mem type="loa" free="1802240" total="1802240" percent="100" />
    </mem>
    <remembered-set count="8267" />
  </mem-info>
</gc-start>
<allocation-stats totalBytes="16656744" discardedBytes="21888" >
  <allocated-bytes non-tlh="762552" tlh="15894192" />
  <largest-consumer threadName="Start Level: Equinox Container: 4cf6e2be-ca4b-4e6f-bc01-ad181bce7518" threadId="00000000005AEB00" bytes="16423576" />
</allocation-stats>
<gc-op id="1208" type="scavenge" timems="6.019" contextid="1205" timestamp="2024-07-18T15:46:17.492">
  <scavenger-info tenureage="10" tenuremask="7c00" tiltratio="71" />
  <memory-copied type="nursery" objects="119088" bytes="6201456" bytesdiscarded="150200" />
  <finalization candidates="14" enqueued="7" />
  <ownableSynchronizers candidates="2106" cleared="111" />
  <references type="soft" candidates="2016" cleared="0" enqueued="0" dynamicThreshold="9" maxThreshold="32" />
  <references type="weak" candidates="8475" cleared="114" enqueued="114" />
  <references type="phantom" candidates="289" cleared="5" enqueued="5" />
  <object-monitors candidates="47" cleared="0"  />
</gc-op>
<gc-end id="1209" type="scavenge" contextid="1205" durationms="7.122" usertimems="35.045" systemtimems="0.000" stalltimems="24.180" timestamp="2024-07-18T15:46:17.493" activeThreads="10">
  <mem-info id="1210" free="23470072" total="67633152" percent="34">
    <mem type="nursery" free="16434616" total="31588352" percent="52">
      <mem type="allocate" free="16434616" total="22806528" percent="72" />
      <mem type="survivor" free="0" total="8781824" percent="0" />
    </mem>
    <mem type="tenure" free="7035456" total="36044800" percent="19">
      <mem type="soa" free="5233216" total="34242560" percent="15" />
      <mem type="loa" free="1802240" total="1802240" percent="100" />
    </mem>
    <pending-finalizers system="7" default="0" reference="119" classloader="0" />
    <remembered-set count="7213" />
  </mem-info>
</gc-end>
<cycle-end id="1211" type="scavenge" contextid="1205" timestamp="2024-07-18T15:46:17.493" />
<allocation-satisfied id="1212" threadId="00000000005AEB00" bytesRequested="536" />
<af-end id="1213" timestamp="2024-07-18T15:46:17.494" threadId="00000000005AF538" success="true" from="nursery"/>
<exclusive-end id="1214" timestamp="2024-07-18T15:46:17.494" durationms="9.875" />

<exclusive-start id="1215" timestamp="2024-07-18T15:46:17.687" intervalms="203.055">
  <response-info timems="0.064" idlems="0.064" threads="0" lastid="00000000005C9600" lastname="Equinox start level thread - Equinox Container: 4cf6e2be-ca4b-4" />
</exclusive-start>
<af-start id="1216" threadId="00000000005CA038" totalBytesRequested="56" timestamp="2024-07-18T15:46:17.688" intervalms="202.930" type="nursery" />
<cycle-start id="1217" type="scavenge" contextid="0" timestamp="2024-07-18T15:46:17.688" intervalms="202.848" />
<gc-start id="1218" type="scavenge" contextid="1217" timestamp="2024-07-18T15:46:17.688">
  <mem-info id="1219" free="6943432" total="67633152" percent="10">
    <mem type="nursery" free="0" total="31588352" percent="0">
      <mem type="allocate" free="0" total="22806528" percent="0" />
      <mem type="survivor" free="0" total="8781824" percent="0" />
    </mem>
    <mem type="tenure" free="6943432" total="36044800" percent="19">
      <mem type="soa" free="5141192" total="34242560" percent="15" />
      <mem type="loa" free="1802240" total="1802240" percent="100" />
    </mem>
    <remembered-set count="8836" />
  </mem-info>
</gc-start>
<allocation-stats totalBytes="16510872" discardedBytes="15768" >
  <allocated-bytes non-tlh="92560" tlh="16418312" />
  <largest-consumer threadName="Start Level: Equinox Container: 4cf6e2be-ca4b-4e6f-bc01-ad181bce7518" threadId="00000000005AEB00" bytes="12136904" />
</allocation-stats>
<gc-op id="1220" type="scavenge" timems="7.177" contextid="1217" timestamp="2024-07-18T15:46:17.696">
  <scavenger-info tenureage="4" tenuremask="7c10" tiltratio="72" />
  <memory-copied type="nursery" objects="92393" bytes="5229240" bytesdiscarded="718944" />
  <memory-copied type="tenure" objects="43110" bytes="1620784" bytesdiscarded="496" />
  <finalization candidates="9" enqueued="2" />
  <ownableSynchronizers candidates="2719" cleared="285" />
  <references type="soft" candidates="1400" cleared="0" enqueued="0" dynamicThreshold="9" maxThreshold="32" />
  <references type="weak" candidates="1172" cleared="146" enqueued="146" />
  <references type="phantom" candidates="303" cleared="7" enqueued="7" />
  <object-monitors candidates="47" cleared="0"  />
</gc-op>
<gc-end id="1221" type="scavenge" contextid="1217" durationms="8.154" usertimems="41.264" systemtimems="3.810" stalltimems="23.629" timestamp="2024-07-18T15:46:17.697" activeThreads="10">
  <mem-info id="1222" free="22349816" total="67633152" percent="33">
    <mem type="nursery" free="17101560" total="31588352" percent="54">
      <mem type="allocate" free="17101560" total="23068672" percent="74" />
      <mem type="survivor" free="0" total="8519680" percent="0" />
    </mem>
    <mem type="tenure" free="5248256" total="36044800" percent="14">
      <mem type="soa" free="3446016" total="34242560" percent="10" />
      <mem type="loa" free="1802240" total="1802240" percent="100" />
    </mem>
    <pending-finalizers system="2" default="0" reference="153" classloader="0" />
    <remembered-set count="7311" />
  </mem-info>
</gc-end>
<cycle-end id="1223" type="scavenge" contextid="1217" timestamp="2024-07-18T15:46:17.697" />
<allocation-satisfied id="1224" threadId="00000000005C9600" bytesRequested="56" />
<af-end id="1225" timestamp="2024-07-18T15:46:17.698" threadId="00000000005CA038" success="true" from="nursery"/>
<exclusive-end id="1226" timestamp="2024-07-18T15:46:17.698" durationms="10.564" />

<concurrent-kickoff id="1227" timestamp="2024-07-18T15:46:17.828">
  <kickoff reason="threshold reached" targetBytes="16538879" thresholdFreeBytes="2290457"  remainingFree="2228248" tenureFreeBytes="5086440" nurseryFreeBytes="2228248" />
</concurrent-kickoff>
<exclusive-start id="1228" timestamp="2024-07-18T15:46:17.829" intervalms="141.276">
  <response-info timems="0.069" idlems="0.056" threads="1" lastid="0000000000925300" lastname="Default Executor-thread-12" />
</exclusive-start>
<cycle-start id="1229" type="global" contextid="0" timestamp="2024-07-18T15:46:17.829" intervalms="1442.901" />
<concurrent-start id="1230" type="global mark" contextid="1229" timestamp="2024-07-18T15:46:17.829">
</concurrent-start>
<exclusive-end id="1231" timestamp="2024-07-18T15:46:17.829" durationms="0.696" />

<concurrent-end id="1232" type="global mark" contextid="1229" timestamp="2024-07-18T15:46:17.852">
<gc-op id="1233" type="trace" timems="23.201" contextid="1229" timestamp="2024-07-18T15:46:17.852">
  <trace bytesTraced="19585212" workStackOverflowCount="0" />
  <card-cleaning reason="card cleaning threshold reached" bytesTraced="38968" cardsCleaned="112" />
</gc-op>
</concurrent-end>

<exclusive-start id="1234" timestamp="2024-07-18T15:46:17.853" intervalms="24.302">
  <response-info timems="0.116" idlems="0.073" threads="1" lastid="000000000092D000" lastname="Default Executor-thread-13" />
</exclusive-start>
<concurrent-global-final id="1235" timestamp="2024-07-18T15:46:17.853" contextid="1229" intervalms="1417.088" >
  <concurrent-trace-info reason="card cleaning threshold reached" tracedByMutators="13288892" tracedByHelpers="6335288" cardsCleaned="112" workStackOverflowCount="0" />
</concurrent-global-final>
<gc-start id="1236" type="global" contextid="1229" timestamp="2024-07-18T15:46:17.854">
  <mem-info id="1237" free="5124968" total="67633152" percent="7">
    <mem type="nursery" free="49176" total="31588352" percent="0">
      <mem type="allocate" free="49176" total="23068672" percent="0" />
      <mem type="survivor" free="0" total="8519680" percent="0" />
    </mem>
    <mem type="tenure" free="5075792" total="36044800" percent="14">
      <mem type="soa" free="3273552" total="34242560" percent="9" />
      <mem type="loa" free="1802240" total="1802240" percent="100" />
    </mem>
    <remembered-set count="10083" />
  </mem-info>
</gc-start>
<allocation-stats totalBytes="17003632" discardedBytes="221216" >
  <allocated-bytes non-tlh="1807504" tlh="15196128" />
  <largest-consumer threadName="Equinox start level thread - Equinox Container: 4cf6e2be-ca4b-4e6f-bc01-ad181bce7518" threadId="00000000005C7200" bytes="10955936" />
</allocation-stats>
<gc-op id="1238" type="rs-scan" timems="2.285" contextid="1229" timestamp="2024-07-18T15:46:17.856">
  <scan objectsFound="101747" bytesTraced="3613224" workStackOverflowCount="0" />
</gc-op>
<gc-op id="1239" type="card-cleaning" timems="0.763" contextid="1229" timestamp="2024-07-18T15:46:17.857">
  <card-cleaning cardsCleaned="28" bytesTraced="48680" workStackOverflowCount="0" />
</gc-op>
<gc-op id="1240" type="mark" timems="9.682" contextid="1229" timestamp="2024-07-18T15:46:17.867">
  <trace-info objectcount="4221" scancount="4024" scanbytes="124476" />
  <finalization candidates="721" enqueued="6" />
  <ownableSynchronizers candidates="7120" cleared="47" />
  <references type="soft" candidates="11359" cleared="1301" enqueued="1285" dynamicThreshold="9" maxThreshold="32" />
  <references type="weak" candidates="11935" cleared="137" enqueued="137" />
  <references type="phantom" candidates="392" cleared="1" enqueued="1" />
  <stringconstants candidates="29243" cleared="27"  />
  <object-monitors candidates="83" cleared="21"  />
</gc-op>
<gc-op id="1241" type="classunload" timems="1.023" contextid="1229" timestamp="2024-07-18T15:46:17.868">
  <classunload-info classloadercandidates="350" classloadersunloaded="5" classesunloaded="5" anonymousclassesunloaded="0" quiescems="0.000" setupms="0.978" scanms="0.037" postms="0.007" />
</gc-op>
<gc-op id="1242" type="sweep" timems="1.830" contextid="1229" timestamp="2024-07-18T15:46:17.871" />
<heap-resize id="1243" type="expand" space="tenure" amount="6356992" count="1" timems="0.646" reason="insufficient free space following gc" timestamp="2024-07-18T15:46:17.872" />
<gc-end id="1244" type="global" contextid="1229" durationms="18.528" usertimems="38.631" systemtimems="12.920" stalltimems="102.005" timestamp="2024-07-18T15:46:17.872" activeThreads="12">
  <mem-info id="1245" free="30606912" total="73990144" percent="41">
    <mem type="nursery" free="17857056" total="31588352" percent="56">
      <mem type="allocate" free="17857056" total="23068672" percent="77" />
      <mem type="survivor" free="0" total="8519680" percent="0" />
    </mem>
    <mem type="tenure" free="12749856" total="42401792" percent="30" micro-fragmented="906396" macro-fragmented="0">
      <mem type="soa" free="10629152" total="40281088" percent="26" />
      <mem type="loa" free="2120704" total="2120704" percent="100" />
    </mem>
    <pending-finalizers system="6" default="0" reference="1423" classloader="0" />
    <remembered-set count="9261" />
  </mem-info>
</gc-end>
<cycle-end id="1246" type="global" contextid="1229" timestamp="2024-07-18T15:46:17.872" />
<exclusive-end id="1247" timestamp="2024-07-18T15:46:17.873" durationms="19.611" />

<exclusive-start id="1248" timestamp="2024-07-18T15:46:17.973" intervalms="120.252">
  <response-info timems="0.128" idlems="0.087" threads="1" lastid="0000000000930D00" lastname="Default Executor-thread-14" />
</exclusive-start>
<af-start id="1249" threadId="0000000000D38938" totalBytesRequested="36416" timestamp="2024-07-18T15:46:17.973" intervalms="285.802" type="nursery" />
<cycle-start id="1250" type="scavenge" contextid="0" timestamp="2024-07-18T15:46:17.974" intervalms="285.817" />
<gc-start id="1251" type="scavenge" contextid="1250" timestamp="2024-07-18T15:46:17.974">
  <mem-info id="1252" free="12591648" total="73990144" percent="17">
    <mem type="nursery" free="0" total="31588352" percent="0">
      <mem type="allocate" free="0" total="23068672" percent="0" />
      <mem type="survivor" free="0" total="8519680" percent="0" />
    </mem>
    <mem type="tenure" free="12591648" total="42401792" percent="29">
      <mem type="soa" free="10470944" total="40281088" percent="25" />
      <mem type="loa" free="2120704" total="2120704" percent="100" />
    </mem>
    <remembered-set count="12770" />
  </mem-info>
</gc-start>
<allocation-stats totalBytes="16985344" discardedBytes="1009560" >
  <allocated-bytes non-tlh="4751032" tlh="12234312" />
  <largest-consumer threadName="Default Executor-thread-19" threadId="0000000000D37F00" bytes="7411792" />
</allocation-stats>
<gc-op id="1253" type="scavenge" timems="6.221" contextid="1250" timestamp="2024-07-18T15:46:17.981">
  <scavenger-info tenureage="9" tenuremask="7e00" tiltratio="73" />
  <memory-copied type="nursery" objects="67664" bytes="4379336" bytesdiscarded="405752" />
  <memory-copied type="tenure" objects="41197" bytes="1304720" bytesdiscarded="1080" />
  <finalization candidates="13" enqueued="5" />
  <ownableSynchronizers candidates="14237" cleared="12079" />
  <references type="soft" candidates="1530" cleared="0" enqueued="0" dynamicThreshold="9" maxThreshold="32" />
  <references type="weak" candidates="1516" cleared="430" enqueued="430" />
  <references type="phantom" candidates="367" cleared="7" enqueued="7" />
  <object-monitors candidates="152" cleared="54"  />
</gc-op>
<gc-end id="1254" type="scavenge" contextid="1250" durationms="6.997" usertimems="27.198" systemtimems="12.717" stalltimems="26.753" timestamp="2024-07-18T15:46:17.981" activeThreads="11">
  <mem-info id="1255" free="29562408" total="73990144" percent="39">
    <mem type="nursery" free="18794536" total="31588352" percent="59">
      <mem type="allocate" free="18794536" total="23592960" percent="79" />
      <mem type="survivor" free="0" total="7995392" percent="0" />
    </mem>
    <mem type="tenure" free="10767872" total="42401792" percent="25">
      <mem type="soa" free="8647168" total="40281088" percent="21" />
      <mem type="loa" free="2120704" total="2120704" percent="100" />
    </mem>
    <pending-finalizers system="5" default="0" reference="437" classloader="0" />
    <remembered-set count="8751" />
  </mem-info>
</gc-end>
<cycle-end id="1256" type="scavenge" contextid="1250" timestamp="2024-07-18T15:46:17.982" />
<allocation-satisfied id="1257" threadId="0000000000D37F00" bytesRequested="36416" />
<af-end id="1258" timestamp="2024-07-18T15:46:17.982" threadId="0000000000D38938" success="true" from="nursery"/>
<exclusive-end id="1259" timestamp="2024-07-18T15:46:17.982" durationms="8.845" />

<exclusive-start id="1260" timestamp="2024-07-18T15:46:18.069" intervalms="95.592">
  <response-info timems="0.056" idlems="0.056" threads="0" lastid="0000000000934900" lastname="Default Executor-thread-15" />
</exclusive-start>
<af-start id="1261" threadId="0000000000935338" totalBytesRequested="5240" timestamp="2024-07-18T15:46:18.069" intervalms="95.534" type="nursery" />
<cycle-start id="1262" type="scavenge" contextid="0" timestamp="2024-07-18T15:46:18.069" intervalms="95.413" />
<gc-start id="1263" type="scavenge" contextid="1262" timestamp="2024-07-18T15:46:18.070">
  <mem-info id="1264" free="10557368" total="73990144" percent="14">
    <mem type="nursery" free="0" total="31588352" percent="0">
      <mem type="allocate" free="0" total="23592960" percent="0" />
      <mem type="survivor" free="0" total="7995392" percent="0" />
    </mem>
    <mem type="tenure" free="10557368" total="42401792" percent="24">
      <mem type="soa" free="8436664" total="40281088" percent="20" />
      <mem type="loa" free="2120704" total="2120704" percent="100" />
    </mem>
    <remembered-set count="11941" />
  </mem-info>
</gc-start>
<allocation-stats totalBytes="18975640" discardedBytes="29400" >
  <allocated-bytes non-tlh="827504" tlh="18148136" />
  <largest-consumer threadName="Default Executor-thread-19" threadId="0000000000D37F00" bytes="6528808" />
</allocation-stats>
<gc-op id="1265" type="scavenge" timems="5.530" contextid="1262" timestamp="2024-07-18T15:46:18.075">
  <scavenger-info tenureage="10" tenuremask="7c00" tiltratio="74" />
  <memory-copied type="nursery" objects="74843" bytes="4685296" bytesdiscarded="200264" />
  <finalization candidates="27" enqueued="25" />
  <ownableSynchronizers candidates="1398" cleared="4" />
  <references type="soft" candidates="1691" cleared="0" enqueued="0" dynamicThreshold="9" maxThreshold="32" />
  <references type="weak" candidates="1757" cleared="533" enqueued="533" />
  <references type="phantom" candidates="378" cleared="13" enqueued="13" />
  <object-monitors candidates="186" cleared="45"  />
</gc-op>
<gc-end id="1266" type="scavenge" contextid="1262" durationms="6.116" usertimems="23.618" systemtimems="2.300" stalltimems="34.222" timestamp="2024-07-18T15:46:18.076" activeThreads="11">
  <mem-info id="1267" free="29645584" total="73990144" percent="40">
    <mem type="nursery" free="19088216" total="31588352" percent="60">
      <mem type="allocate" free="19088216" total="23986176" percent="79" />
      <mem type="survivor" free="0" total="7602176" percent="0" />
    </mem>
    <mem type="tenure" free="10557368" total="42401792" percent="24">
      <mem type="soa" free="8436664" total="40281088" percent="20" />
      <mem type="loa" free="2120704" total="2120704" percent="100" />
    </mem>
    <pending-finalizers system="25" default="0" reference="546" classloader="0" />
    <remembered-set count="11018" />
  </mem-info>
</gc-end>
<cycle-end id="1268" type="scavenge" contextid="1262" timestamp="2024-07-18T15:46:18.076" />
<allocation-satisfied id="1269" threadId="0000000000934900" bytesRequested="5240" />
<af-end id="1270" timestamp="2024-07-18T15:46:18.076" threadId="0000000000935338" success="true" from="nursery"/>
<exclusive-end id="1271" timestamp="2024-07-18T15:46:18.076" durationms="7.559" />

<exclusive-start id="1272" timestamp="2024-07-18T15:46:18.130" intervalms="61.147">
  <response-info timems="0.072" idlems="0.072" threads="0" lastid="0000000000930D00" lastname="Default Executor-thread-14" />
</exclusive-start>
<af-start id="1273" threadId="0000000000931738" totalBytesRequested="2952" timestamp="2024-07-18T15:46:18.130" intervalms="61.194" type="nursery" />
<cycle-start id="1274" type="scavenge" contextid="0" timestamp="2024-07-18T15:46:18.130" intervalms="61.228" />
<gc-start id="1275" type="scavenge" contextid="1274" timestamp="2024-07-18T15:46:18.131">
  <mem-info id="1276" free="10491368" total="73990144" percent="14">
    <mem type="nursery" free="0" total="31588352" percent="0">
      <mem type="allocate" free="0" total="23986176" percent="0" />
      <mem type="survivor" free="0" total="7602176" percent="0" />
    </mem>
    <mem type="tenure" free="10491368" total="42401792" percent="24">
      <mem type="soa" free="8370664" total="40281088" percent="20" />
      <mem type="loa" free="2120704" total="2120704" percent="100" />
    </mem>
    <remembered-set count="12028" />
  </mem-info>
</gc-start>
<allocation-stats totalBytes="18904056" discardedBytes="250160" >
  <allocated-bytes non-tlh="1578752" tlh="17325304" />
  <largest-consumer threadName="Default Executor-thread-16" threadId="000000000092DC00" bytes="4405384" />
</allocation-stats>
<gc-op id="1277" type="scavenge" timems="5.367" contextid="1274" timestamp="2024-07-18T15:46:18.136">
  <scavenger-info tenureage="4" tenuremask="7c50" tiltratio="75" />
  <memory-copied type="nursery" objects="56933" bytes="3678896" bytesdiscarded="319040" />
  <memory-copied type="tenure" objects="25339" bytes="1569624" bytesdiscarded="400" />
  <finalization candidates="6" enqueued="4" />
  <ownableSynchronizers candidates="1397" cleared="0" />
  <references type="soft" candidates="1397" cleared="0" enqueued="0" dynamicThreshold="9" maxThreshold="32" />
  <references type="weak" candidates="1195" cleared="162" enqueued="162" />
  <references type="phantom" candidates="261" cleared="2" enqueued="2" />
  <object-monitors candidates="165" cleared="18"  />
</gc-op>
<heap-resize id="1278" type="expand" space="nursery" amount="1966080" count="1" timems="0.028" reason="excessive time being spent scavenging" timestamp="2024-07-18T15:46:18.137" />
<gc-end id="1279" type="scavenge" contextid="1274" durationms="6.240" usertimems="25.903" systemtimems="2.477" stalltimems="19.373" timestamp="2024-07-18T15:46:18.137" activeThreads="9">
  <mem-info id="1280" free="30548144" total="75956224" percent="40">
    <mem type="nursery" free="21946800" total="33554432" percent="65">
      <mem type="allocate" free="21946800" total="25952256" percent="84" />
      <mem type="survivor" free="0" total="7602176" percent="0" />
    </mem>
    <mem type="tenure" free="8601344" total="42401792" percent="20">
      <mem type="soa" free="6480640" total="40281088" percent="16" />
      <mem type="loa" free="2120704" total="2120704" percent="100" />
    </mem>
    <pending-finalizers system="4" default="0" reference="164" classloader="0" />
    <remembered-set count="7119" />
  </mem-info>
</gc-end>
<cycle-end id="1281" type="scavenge" contextid="1274" timestamp="2024-07-18T15:46:18.137" />
<allocation-satisfied id="1282" threadId="0000000000930D00" bytesRequested="2952" />
<af-end id="1283" timestamp="2024-07-18T15:46:18.138" threadId="0000000000931738" success="true" from="nursery"/>
<exclusive-end id="1284" timestamp="2024-07-18T15:46:18.138" durationms="7.878" />

<exclusive-start id="1285" timestamp="2024-07-18T15:46:18.267" intervalms="136.672">
  <response-info timems="0.086" idlems="0.086" threads="0" lastid="0000000000934900" lastname="Default Executor-thread-15" />
</exclusive-start>
<af-start id="1286" threadId="0000000000935338" totalBytesRequested="11112" timestamp="2024-07-18T15:46:18.267" intervalms="136.743" type="nursery" />
<cycle-start id="1287" type="scavenge" contextid="0" timestamp="2024-07-18T15:46:18.267" intervalms="136.866" />
<gc-start id="1288" type="scavenge" contextid="1287" timestamp="2024-07-18T15:46:18.268">
  <mem-info id="1289" free="8372776" total="75956224" percent="11">
    <mem type="nursery" free="0" total="33554432" percent="0">
      <mem type="allocate" free="0" total="25952256" percent="0" />
      <mem type="survivor" free="0" total="7602176" percent="0" />
    </mem>
    <mem type="tenure" free="8372776" total="42401792" percent="19">
      <mem type="soa" free="6252072" total="40281088" percent="15" />
      <mem type="loa" free="2120704" total="2120704" percent="100" />
    </mem>
    <remembered-set count="10523" />
  </mem-info>
</gc-start>
<allocation-stats totalBytes="22027440" discardedBytes="147928" >
  <allocated-bytes non-tlh="1199400" tlh="20828040" />
  <largest-consumer threadName="Default Executor-thread-19" threadId="0000000000D37F00" bytes="4203072" />
</allocation-stats>
<gc-op id="1290" type="scavenge" timems="9.184" contextid="1287" timestamp="2024-07-18T15:46:18.278">
  <scavenger-info tenureage="3" tenuremask="7c08" tiltratio="77" />
  <memory-copied type="nursery" objects="61989" bytes="3317336" bytesdiscarded="190240" />
  <memory-copied type="tenure" objects="16622" bytes="1531808" bytesdiscarded="1200" />
  <finalization candidates="21" enqueued="19" />
  <ownableSynchronizers candidates="1037" cleared="45" />
  <references type="soft" candidates="1314" cleared="0" enqueued="0" dynamicThreshold="9" maxThreshold="32" />
  <references type="weak" candidates="1207" cleared="435" enqueued="435" />
  <references type="phantom" candidates="172" cleared="13" enqueued="13" />
  <object-monitors candidates="189" cleared="23"  />
</gc-op>
<gc-end id="1291" type="scavenge" contextid="1287" durationms="10.169" usertimems="42.493" systemtimems="13.892" stalltimems="26.040" timestamp="2024-07-18T15:46:18.278" activeThreads="9">
  <mem-info id="1292" free="30159240" total="75956224" percent="39">
    <mem type="nursery" free="23485712" total="33554432" percent="69">
      <mem type="allocate" free="23485712" total="27000832" percent="86" />
      <mem type="survivor" free="0" total="6553600" percent="0" />
    </mem>
    <mem type="tenure" free="6673528" total="42401792" percent="15">
      <mem type="soa" free="4552824" total="40281088" percent="11" />
      <mem type="loa" free="2120704" total="2120704" percent="100" />
    </mem>
    <pending-finalizers system="19" default="0" reference="448" classloader="0" />
    <remembered-set count="6672" />
  </mem-info>
</gc-end>
<cycle-end id="1293" type="scavenge" contextid="1287" timestamp="2024-07-18T15:46:18.278" />
<allocation-satisfied id="1294" threadId="0000000000934900" bytesRequested="11112" />
<af-end id="1295" timestamp="2024-07-18T15:46:18.279" threadId="0000000000935338" success="true" from="nursery"/>
<exclusive-end id="1296" timestamp="2024-07-18T15:46:18.279" durationms="12.462" />

<exclusive-start id="1297" timestamp="2024-07-18T15:46:18.352" intervalms="85.162">
  <response-info timems="0.113" idlems="0.113" threads="0" lastid="0000000000934900" lastname="Default Executor-thread-15" />
</exclusive-start>
<af-start id="1298" threadId="0000000000935338" totalBytesRequested="3384" timestamp="2024-07-18T15:46:18.352" intervalms="85.194" type="nursery" />
<cycle-start id="1299" type="scavenge" contextid="0" timestamp="2024-07-18T15:46:18.353" intervalms="85.223" />
<gc-start id="1300" type="scavenge" contextid="1299" timestamp="2024-07-18T15:46:18.353">
  <mem-info id="1301" free="6610272" total="75956224" percent="8">
    <mem type="nursery" free="0" total="33554432" percent="0">
      <mem type="allocate" free="0" total="27000832" percent="0" />
      <mem type="survivor" free="0" total="6553600" percent="0" />
    </mem>
    <mem type="tenure" free="6610272" total="42401792" percent="15">
      <mem type="soa" free="4489568" total="40281088" percent="11" />
      <mem type="loa" free="2120704" total="2120704" percent="100" />
    </mem>
    <remembered-set count="7535" />
  </mem-info>
</gc-start>
<allocation-stats totalBytes="22748872" discardedBytes="800096" >
  <allocated-bytes non-tlh="580872" tlh="22168000" />
  <largest-consumer threadName="Default Executor-thread-15" threadId="0000000000934900" bytes="16453456" />
</allocation-stats>
<gc-op id="1302" type="scavenge" timems="4.980" contextid="1299" timestamp="2024-07-18T15:46:18.359">
  <scavenger-info tenureage="10" tenuremask="7c00" tiltratio="80" />
  <memory-copied type="nursery" objects="65396" bytes="4164128" bytesdiscarded="112288" />
  <finalization candidates="16" enqueued="14" />
  <ownableSynchronizers candidates="571" cleared="0" />
  <references type="soft" candidates="1627" cleared="0" enqueued="0" dynamicThreshold="9" maxThreshold="32" />
  <references type="weak" candidates="1080" cleared="208" enqueued="201" />
  <references type="phantom" candidates="180" cleared="5" enqueued="5" />
  <object-monitors candidates="178" cleared="10"  />
</gc-op>
<heap-resize id="1303" type="expand" space="nursery" amount="1572864" count="1" timems="0.031" reason="excessive time being spent scavenging" timestamp="2024-07-18T15:46:18.359" />
<gc-end id="1304" type="scavenge" contextid="1299" durationms="6.041" usertimems="12.395" systemtimems="11.224" stalltimems="24.633" timestamp="2024-07-18T15:46:18.359" activeThreads="10">
  <mem-info id="1305" free="30704216" total="77529088" percent="39">
    <mem type="nursery" free="24093944" total="35127296" percent="68">
      <mem type="allocate" free="24093944" total="28377088" percent="84" />
      <mem type="survivor" free="0" total="6750208" percent="0" />
    </mem>
    <mem type="tenure" free="6610272" total="42401792" percent="15">
      <mem type="soa" free="4489568" total="40281088" percent="11" />
      <mem type="loa" free="2120704" total="2120704" percent="100" />
    </mem>
    <pending-finalizers system="14" default="0" reference="206" classloader="0" />
    <remembered-set count="6598" />
  </mem-info>
</gc-end>
<cycle-end id="1306" type="scavenge" contextid="1299" timestamp="2024-07-18T15:46:18.359" />
<allocation-satisfied id="1307" threadId="0000000000934900" bytesRequested="3384" />
<af-end id="1308" timestamp="2024-07-18T15:46:18.360" threadId="0000000000935338" success="true" from="nursery"/>
<exclusive-end id="1309" timestamp="2024-07-18T15:46:18.360" durationms="8.170" />

<exclusive-start id="1310" timestamp="2024-07-18T15:46:18.802" intervalms="449.822">
  <response-info timems="0.069" idlems="0.064" threads="1" lastid="0000000000D37F00" lastname="Default Executor-thread-19" />
</exclusive-start>
<af-start id="1311" threadId="0000000000825D38" totalBytesRequested="16" timestamp="2024-07-18T15:46:18.802" intervalms="449.928" type="nursery" />
<cycle-start id="1312" type="scavenge" contextid="0" timestamp="2024-07-18T15:46:18.803" intervalms="449.970" />
<gc-start id="1313" type="scavenge" contextid="1312" timestamp="2024-07-18T15:46:18.803">
  <mem-info id="1314" free="6370456" total="77529088" percent="8">
    <mem type="nursery" free="0" total="35127296" percent="0">
      <mem type="allocate" free="0" total="28377088" percent="0" />
      <mem type="survivor" free="0" total="6750208" percent="0" />
    </mem>
    <mem type="tenure" free="6370456" total="42401792" percent="15">
      <mem type="soa" free="4249752" total="40281088" percent="10" />
      <mem type="loa" free="2120704" total="2120704" percent="100" />
    </mem>
    <remembered-set count="10862" />
  </mem-info>
</gc-start>
<allocation-stats totalBytes="24220568" discardedBytes="113192" >
  <allocated-bytes non-tlh="846784" tlh="23373784" />
  <largest-consumer threadName="Default Executor-thread-19" threadId="0000000000D37F00" bytes="9072504" />
</allocation-stats>
<gc-op id="1315" type="scavenge" timems="6.099" contextid="1312" timestamp="2024-07-18T15:46:18.810">
  <scavenger-info tenureage="6" tenuremask="7d40" tiltratio="80" />
  <memory-copied type="nursery" objects="58242" bytes="3827016" bytesdiscarded="263400" />
  <memory-copied type="tenure" objects="23068" bytes="969144" bytesdiscarded="144" />
  <finalization candidates="159" enqueued="157" />
  <ownableSynchronizers candidates="746" cleared="18" />
  <references type="soft" candidates="1380" cleared="0" enqueued="0" dynamicThreshold="9" maxThreshold="32" />
  <references type="weak" candidates="1357" cleared="293" enqueued="272" />
  <references type="phantom" candidates="261" cleared="68" enqueued="68" />
  <object-monitors candidates="195" cleared="18"  />
</gc-op>
<gc-end id="1316" type="scavenge" contextid="1312" durationms="7.445" usertimems="18.603" systemtimems="9.923" stalltimems="24.053" timestamp="2024-07-18T15:46:18.811" activeThreads="9">
  <mem-info id="1317" free="30393464" total="77529088" percent="39">
    <mem type="nursery" free="24936176" total="35127296" percent="70">
      <mem type="allocate" free="24936176" total="29032448" percent="85" />
      <mem type="survivor" free="0" total="6094848" percent="0" />
    </mem>
    <mem type="tenure" free="5457288" total="42401792" percent="12">
      <mem type="soa" free="3336584" total="40281088" percent="8" />
      <mem type="loa" free="2120704" total="2120704" percent="100" />
    </mem>
    <pending-finalizers system="153" default="4" reference="340" classloader="0" />
    <remembered-set count="6337" />
  </mem-info>
</gc-end>
<cycle-end id="1318" type="scavenge" contextid="1312" timestamp="2024-07-18T15:46:18.811" />
<allocation-satisfied id="1319" threadId="0000000000825300" bytesRequested="16" />
<af-end id="1320" timestamp="2024-07-18T15:46:18.812" threadId="0000000000825D38" success="true" from="nursery"/>
<exclusive-end id="1321" timestamp="2024-07-18T15:46:18.812" durationms="10.286" />

<concurrent-kickoff id="1322" timestamp="2024-07-18T15:46:18.983">
  <kickoff reason="threshold reached" targetBytes="20171795" thresholdFreeBytes="2773438"  remainingFree="2659560" tenureFreeBytes="5394688" nurseryFreeBytes="2659560" />
</concurrent-kickoff>
<exclusive-start id="1323" timestamp="2024-07-18T15:46:18.983" intervalms="181.896">
  <response-info timems="0.052" idlems="0.052" threads="0" lastid="0000000000D37F00" lastname="Default Executor-thread-19" />
</exclusive-start>
<cycle-start id="1324" type="global" contextid="0" timestamp="2024-07-18T15:46:18.984" intervalms="1154.937" />
<concurrent-start id="1325" type="global mark" contextid="1324" timestamp="2024-07-18T15:46:18.984">
</concurrent-start>
<exclusive-end id="1326" timestamp="2024-07-18T15:46:18.984" durationms="0.949" />

<concurrent-end id="1327" type="global mark" contextid="1324" timestamp="2024-07-18T15:46:19.023">
<gc-op id="1328" type="trace" timems="38.649" contextid="1324" timestamp="2024-07-18T15:46:19.023">
  <trace bytesTraced="22896204" workStackOverflowCount="0" />
  <card-cleaning reason="card cleaning threshold reached" bytesTraced="7296" cardsCleaned="16" />
</gc-op>
</concurrent-end>

<exclusive-start id="1329" timestamp="2024-07-18T15:46:19.024" intervalms="40.146">
  <response-info timems="0.056" idlems="0.056" threads="0" lastid="0000000000D37F00" lastname="Default Executor-thread-19" />
</exclusive-start>
<concurrent-global-final id="1330" timestamp="2024-07-18T15:46:19.024" contextid="1324" intervalms="1170.757" >
  <concurrent-trace-info reason="card cleaning threshold reached" tracedByMutators="5259920" tracedByHelpers="17643580" cardsCleaned="16" workStackOverflowCount="0" />
</concurrent-global-final>
<gc-start id="1331" type="global" contextid="1324" timestamp="2024-07-18T15:46:19.024">
  <mem-info id="1332" free="5394688" total="77529088" percent="6">
    <mem type="nursery" free="0" total="35127296" percent="0">
      <mem type="allocate" free="0" total="29032448" percent="0" />
      <mem type="survivor" free="0" total="6094848" percent="0" />
    </mem>
    <mem type="tenure" free="5394688" total="42401792" percent="12">
      <mem type="soa" free="3273984" total="40281088" percent="8" />
      <mem type="loa" free="2120704" total="2120704" percent="100" />
    </mem>
    <remembered-set count="7668" />
  </mem-info>
</gc-start>
<allocation-stats totalBytes="24919992" discardedBytes="78784" >
  <allocated-bytes non-tlh="126608" tlh="24793384" />
  <largest-consumer threadName="Default Executor-thread-19" threadId="0000000000D37F00" bytes="17512248" />
</allocation-stats>
<gc-op id="1333" type="rs-scan" timems="2.535" contextid="1324" timestamp="2024-07-18T15:46:19.028">
  <scan objectsFound="86886" bytesTraced="3498988" workStackOverflowCount="0" />
</gc-op>
<gc-op id="1334" type="card-cleaning" timems="0.996" contextid="1324" timestamp="2024-07-18T15:46:19.029">
  <card-cleaning cardsCleaned="6" bytesTraced="8160" workStackOverflowCount="0" />
</gc-op>
<gc-op id="1335" type="mark" timems="11.558" contextid="1324" timestamp="2024-07-18T15:46:19.041">
  <trace-info objectcount="22922" scancount="21489" scanbytes="641776" />
  <finalization candidates="816" enqueued="75" />
  <ownableSynchronizers candidates="7508" cleared="50" />
  <references type="soft" candidates="11639" cleared="293" enqueued="285" dynamicThreshold="9" maxThreshold="32" />
  <references type="weak" candidates="13415" cleared="161" enqueued="161" />
  <references type="phantom" candidates="483" cleared="4" enqueued="4" />
  <stringconstants candidates="35947" cleared="167"  />
  <object-monitors candidates="187" cleared="41"  />
</gc-op>
<gc-op id="1336" type="classunload" timems="1.152" contextid="1324" timestamp="2024-07-18T15:46:19.042">
  <classunload-info classloadercandidates="384" classloadersunloaded="0" classesunloaded="4" anonymousclassesunloaded="4" quiescems="0.000" setupms="1.130" scanms="0.021" postms="0.000" />
</gc-op>
<gc-op id="1337" type="sweep" timems="1.865" contextid="1324" timestamp="2024-07-18T15:46:19.044" />
<heap-resize id="1338" type="expand" space="tenure" amount="7995392" count="1" timems="0.598" reason="insufficient free space following gc" timestamp="2024-07-18T15:46:19.045" />
<gc-end id="1339" type="global" contextid="1324" durationms="20.774" usertimems="28.917" systemtimems="33.168" stalltimems="120.138" timestamp="2024-07-18T15:46:19.045" activeThreads="12">
  <mem-info id="1340" free="35112792" total="85524480" percent="41">
    <mem type="nursery" free="19964288" total="35127296" percent="56">
      <mem type="allocate" free="19964288" total="29032448" percent="68" />
      <mem type="survivor" free="0" total="6094848" percent="0" />
    </mem>
    <mem type="tenure" free="15148504" total="50397184" percent="30" micro-fragmented="1218099" macro-fragmented="0">
      <mem type="soa" free="12628440" total="47877120" percent="26" />
      <mem type="loa" free="2520064" total="2520064" percent="100" />
    </mem>
    <pending-finalizers system="28" default="47" reference="450" classloader="0" />
    <remembered-set count="6462" />
  </mem-info>
</gc-end>
<cycle-end id="1341" type="global" contextid="1324" timestamp="2024-07-18T15:46:19.045" />
<exclusive-end id="1342" timestamp="2024-07-18T15:46:19.046" durationms="22.011" />

<exclusive-start id="1343" timestamp="2024-07-18T15:46:19.181" intervalms="157.317">
  <response-info timems="0.048" idlems="0.048" threads="0" lastid="0000000000D37F00" lastname="Default Executor-thread-19" />
</exclusive-start>
<af-start id="1344" threadId="0000000000D38938" totalBytesRequested="61840" timestamp="2024-07-18T15:46:19.181" intervalms="379.359" type="nursery" />
<cycle-start id="1345" type="scavenge" contextid="0" timestamp="2024-07-18T15:46:19.182" intervalms="379.364" />
<gc-start id="1346" type="scavenge" contextid="1345" timestamp="2024-07-18T15:46:19.182">
  <mem-info id="1347" free="15755936" total="85524480" percent="18">
    <mem type="nursery" free="618840" total="35127296" percent="1">
      <mem type="allocate" free="618840" total="29032448" percent="2" />
      <mem type="survivor" free="0" total="6094848" percent="0" />
    </mem>
    <mem type="tenure" free="15137096" total="50397184" percent="30">
      <mem type="soa" free="12617032" total="47877120" percent="26" />
      <mem type="loa" free="2520064" total="2520064" percent="100" />
    </mem>
    <remembered-set count="6958" />
  </mem-info>
</gc-start>
<allocation-stats totalBytes="19042256" discardedBytes="267976" >
  <allocated-bytes non-tlh="2868568" tlh="16173688" />
  <largest-consumer threadName="Default Executor-thread-19" threadId="0000000000D37F00" bytes="19027480" />
</allocation-stats>
<gc-op id="1348" type="scavenge" timems="5.842" contextid="1345" timestamp="2024-07-18T15:46:19.189">
  <scavenger-info tenureage="3" tenuremask="7c38" tiltratio="82" />
  <memory-copied type="nursery" objects="120675" bytes="5723376" bytesdiscarded="83888" />
  <memory-copied type="tenure" objects="33929" bytes="2107864" bytesdiscarded="8400" />
  <finalization candidates="105" enqueued="60" />
  <ownableSynchronizers candidates="14940" cleared="14636" />
  <references type="soft" candidates="680" cleared="0" enqueued="0" dynamicThreshold="9" maxThreshold="32" />
  <references type="weak" candidates="737" cleared="43" enqueued="43" />
  <references type="phantom" candidates="115" cleared="1" enqueued="1" />
  <object-monitors candidates="146" cleared="0"  />
</gc-op>
<gc-end id="1349" type="scavenge" contextid="1345" durationms="7.042" usertimems="19.616" systemtimems="12.068" stalltimems="14.192" timestamp="2024-07-18T15:46:19.189" activeThreads="8">
  <mem-info id="1350" free="33621760" total="85524480" percent="39">
    <mem type="nursery" free="20989144" total="35127296" percent="59">
      <mem type="allocate" free="20989144" total="26804224" percent="78" />
      <mem type="survivor" free="0" total="8323072" percent="0" />
    </mem>
    <mem type="tenure" free="12632616" total="50397184" percent="25">
      <mem type="soa" free="10112552" total="47877120" percent="21" />
      <mem type="loa" free="2520064" total="2520064" percent="100" />
    </mem>
    <pending-finalizers system="2" default="58" reference="44" classloader="0" />
    <remembered-set count="5375" />
  </mem-info>
</gc-end>
<cycle-end id="1351" type="scavenge" contextid="1345" timestamp="2024-07-18T15:46:19.190" />
<allocation-satisfied id="1352" threadId="0000000000D37F00" bytesRequested="61840" />
<af-end id="1353" timestamp="2024-07-18T15:46:19.191" threadId="0000000000D38938" success="true" from="nursery"/>
<exclusive-end id="1354" timestamp="2024-07-18T15:46:19.191" durationms="10.046" />

<exclusive-start id="1355" timestamp="2024-07-18T15:46:19.304" intervalms="123.422">
  <response-info timems="0.043" idlems="0.043" threads="0" lastid="0000000000D37F00" lastname="Default Executor-thread-19" />
</exclusive-start>
<af-start id="1356" threadId="0000000000D38938" totalBytesRequested="32" timestamp="2024-07-18T15:46:19.305" intervalms="123.383" type="nursery" />
<cycle-start id="1357" type="scavenge" contextid="0" timestamp="2024-07-18T15:46:19.305" intervalms="123.378" />
<gc-start id="1358" type="scavenge" contextid="1357" timestamp="2024-07-18T15:46:19.306">
  <mem-info id="1359" free="12601864" total="85524480" percent="14">
    <mem type="nursery" free="0" total="35127296" percent="0">
      <mem type="allocate" free="0" total="26804224" percent="0" />
      <mem type="survivor" free="0" total="8323072" percent="0" />
    </mem>
    <mem type="tenure" free="12601864" total="50397184" percent="25">
      <mem type="soa" free="10081800" total="47877120" percent="21" />
      <mem type="loa" free="2520064" total="2520064" percent="100" />
    </mem>
    <remembered-set count="6222" />
  </mem-info>
</gc-start>
<allocation-stats totalBytes="21005224" discardedBytes="14672" >
  <allocated-bytes non-tlh="352488" tlh="20652736" />
  <largest-consumer threadName="Default Executor-thread-19" threadId="0000000000D37F00" bytes="20964160" />
</allocation-stats>
<gc-op id="1360" type="scavenge" timems="5.625" contextid="1357" timestamp="2024-07-18T15:46:19.312">
  <scavenger-info tenureage="10" tenuremask="7c00" tiltratio="76" />
  <memory-copied type="nursery" objects="127320" bytes="6410648" bytesdiscarded="88912" />
  <finalization candidates="162" enqueued="117" />
  <ownableSynchronizers candidates="205" cleared="3" />
  <references type="soft" candidates="801" cleared="0" enqueued="0" dynamicThreshold="9" maxThreshold="32" />
  <references type="weak" candidates="789" cleared="45" enqueued="45" />
  <references type="phantom" candidates="169" cleared="1" enqueued="1" />
  <object-monitors candidates="146" cleared="0"  />
</gc-op>
<gc-end id="1361" type="scavenge" contextid="1357" durationms="6.860" usertimems="24.928" systemtimems="0.000" stalltimems="19.908" timestamp="2024-07-18T15:46:19.313" activeThreads="8">
  <mem-info id="1362" free="32960216" total="85524480" percent="38">
    <mem type="nursery" free="20358352" total="35127296" percent="57">
      <mem type="allocate" free="20358352" total="26869760" percent="75" />
      <mem type="survivor" free="0" total="8257536" percent="0" />
    </mem>
    <mem type="tenure" free="12601864" total="50397184" percent="25">
      <mem type="soa" free="10081800" total="47877120" percent="21" />
      <mem type="loa" free="2520064" total="2520064" percent="100" />
    </mem>
    <pending-finalizers system="3" default="114" reference="46" classloader="0" />
    <remembered-set count="3648" />
  </mem-info>
</gc-end>
<cycle-end id="1363" type="scavenge" contextid="1357" timestamp="2024-07-18T15:46:19.313" />
<allocation-satisfied id="1364" threadId="0000000000D37F00" bytesRequested="32" />
<af-end id="1365" timestamp="2024-07-18T15:46:19.314" threadId="0000000000D38938" success="true" from="nursery"/>
<exclusive-end id="1366" timestamp="2024-07-18T15:46:19.314" durationms="9.705" />

<exclusive-start id="1367" timestamp="2024-07-18T15:46:19.422" intervalms="117.576">
  <response-info timems="0.051" idlems="0.051" threads="0" lastid="0000000000D37F00" lastname="Default Executor-thread-19" />
</exclusive-start>
<af-start id="1368" threadId="0000000000D38938" totalBytesRequested="15096" timestamp="2024-07-18T15:46:19.422" intervalms="117.601" type="nursery" />
<cycle-start id="1369" type="scavenge" contextid="0" timestamp="2024-07-18T15:46:19.423" intervalms="117.588" />
<gc-start id="1370" type="scavenge" contextid="1369" timestamp="2024-07-18T15:46:19.423">
  <mem-info id="1371" free="12521456" total="85524480" percent="14">
    <mem type="nursery" free="0" total="35127296" percent="0">
      <mem type="allocate" free="0" total="26869760" percent="0" />
      <mem type="survivor" free="0" total="8257536" percent="0" />
    </mem>
    <mem type="tenure" free="12521456" total="50397184" percent="24">
      <mem type="soa" free="10001392" total="47877120" percent="20" />
      <mem type="loa" free="2520064" total="2520064" percent="100" />
    </mem>
    <remembered-set count="6033" />
  </mem-info>
</gc-start>
<allocation-stats totalBytes="20408352" discardedBytes="30408" >
  <allocated-bytes non-tlh="985744" tlh="19422608" />
  <largest-consumer threadName="Default Executor-thread-19" threadId="0000000000D37F00" bytes="20175816" />
</allocation-stats>
<gc-op id="1372" type="scavenge" timems="5.023" contextid="1369" timestamp="2024-07-18T15:46:19.429">
  <scavenger-info tenureage="3" tenuremask="7c08" tiltratio="76" />
  <memory-copied type="nursery" objects="105037" bytes="6728520" bytesdiscarded="78368" />
  <memory-copied type="tenure" objects="14251" bytes="806992" bytesdiscarded="504" />
  <finalization candidates="109" enqueued="64" />
  <ownableSynchronizers candidates="308" cleared="20" />
  <references type="soft" candidates="1201" cleared="0" enqueued="0" dynamicThreshold="9" maxThreshold="32" />
  <references type="weak" candidates="1326" cleared="189" enqueued="189" />
  <references type="phantom" candidates="191" cleared="11" enqueued="11" />
  <object-monitors candidates="146" cleared="0"  />
</gc-op>
<gc-end id="1373" type="scavenge" contextid="1369" durationms="6.254" usertimems="0.000" systemtimems="22.818" stalltimems="11.836" timestamp="2024-07-18T15:46:19.430" activeThreads="7">
  <mem-info id="1374" free="31891368" total="85524480" percent="37">
    <mem type="nursery" free="20121568" total="35127296" percent="57">
      <mem type="allocate" free="20121568" total="26935296" percent="74" />
      <mem type="survivor" free="0" total="8192000" percent="0" />
    </mem>
    <mem type="tenure" free="11769800" total="50397184" percent="23">
      <mem type="soa" free="9249736" total="47877120" percent="19" />
      <mem type="loa" free="2520064" total="2520064" percent="100" />
    </mem>
    <pending-finalizers system="20" default="44" reference="200" classloader="0" />
    <remembered-set count="3300" />
  </mem-info>
</gc-end>
<cycle-end id="1375" type="scavenge" contextid="1369" timestamp="2024-07-18T15:46:19.430" />
<allocation-satisfied id="1376" threadId="0000000000D37F00" bytesRequested="15096" />
<af-end id="1377" timestamp="2024-07-18T15:46:19.431" threadId="0000000000D38938" success="true" from="nursery"/>
<exclusive-end id="1378" timestamp="2024-07-18T15:46:19.431" durationms="9.222" />

<exclusive-start id="1379" timestamp="2024-07-18T15:46:19.592" intervalms="170.374">
  <response-info timems="0.053" idlems="0.027" threads="1" lastid="00000000008C4200" lastname="Default Executor-thread-11" />
</exclusive-start>
<af-start id="1380" threadId="00000000008C1038" totalBytesRequested="1992" timestamp="2024-07-18T15:46:19.593" intervalms="170.287" type="nursery" />
<cycle-start id="1381" type="scavenge" contextid="0" timestamp="2024-07-18T15:46:19.593" intervalms="170.297" />
<gc-start id="1382" type="scavenge" contextid="1381" timestamp="2024-07-18T15:46:19.594">
  <mem-info id="1383" free="11581744" total="85524480" percent="13">
    <mem type="nursery" free="0" total="35127296" percent="0">
      <mem type="allocate" free="0" total="26935296" percent="0" />
      <mem type="survivor" free="0" total="8192000" percent="0" />
    </mem>
    <mem type="tenure" free="11581744" total="50397184" percent="22">
      <mem type="soa" free="9061680" total="47877120" percent="18" />
      <mem type="loa" free="2520064" total="2520064" percent="100" />
    </mem>
    <remembered-set count="5840" />
  </mem-info>
</gc-start>
<allocation-stats totalBytes="20283032" discardedBytes="26592" >
  <allocated-bytes non-tlh="303976" tlh="19979056" />
  <largest-consumer threadName="Default Executor-thread-19" threadId="0000000000D37F00" bytes="17565712" />
</allocation-stats>
<gc-op id="1384" type="scavenge" timems="9.001" contextid="1381" timestamp="2024-07-18T15:46:19.604">
  <scavenger-info tenureage="10" tenuremask="7c00" tiltratio="76" />
  <memory-copied type="nursery" objects="118743" bytes="7326184" bytesdiscarded="69816" />
  <finalization candidates="81" enqueued="33" />
  <ownableSynchronizers candidates="289" cleared="37" />
  <references type="soft" candidates="1403" cleared="0" enqueued="0" dynamicThreshold="9" maxThreshold="32" />
  <references type="weak" candidates="1709" cleared="253" enqueued="253" />
  <references type="phantom" candidates="240" cleared="21" enqueued="21" />
  <object-monitors candidates="148" cleared="0"  />
</gc-op>
<heap-resize id="1385" type="expand" space="nursery" amount="1441792" count="1" timems="0.051" reason="excessive time being spent scavenging" timestamp="2024-07-18T15:46:19.604" />
<gc-end id="1386" type="scavenge" contextid="1381" durationms="10.736" usertimems="29.022" systemtimems="0.000" stalltimems="34.047" timestamp="2024-07-18T15:46:19.604" activeThreads="7">
  <mem-info id="1387" free="31311552" total="86966272" percent="36">
    <mem type="nursery" free="19729808" total="36569088" percent="53">
      <mem type="allocate" free="19729808" total="27131904" percent="72" />
      <mem type="survivor" free="0" total="9437184" percent="0" />
    </mem>
    <mem type="tenure" free="11581744" total="50397184" percent="22">
      <mem type="soa" free="9061680" total="47877120" percent="18" />
      <mem type="loa" free="2520064" total="2520064" percent="100" />
    </mem>
    <pending-finalizers system="33" default="0" reference="274" classloader="0" />
    <remembered-set count="5055" />
  </mem-info>
</gc-end>
<cycle-end id="1388" type="scavenge" contextid="1381" timestamp="2024-07-18T15:46:19.605" />
<allocation-satisfied id="1389" threadId="00000000008C0600" bytesRequested="1992" />
<af-end id="1390" timestamp="2024-07-18T15:46:19.606" threadId="00000000008C1038" success="true" from="nursery"/>
<exclusive-end id="1391" timestamp="2024-07-18T15:46:19.606" durationms="13.607" />

<exclusive-start id="1392" timestamp="2024-07-18T15:46:19.718" intervalms="126.141">
  <response-info timems="0.071" idlems="0.043" threads="3" lastid="00000000008C0600" lastname="Default Executor-thread-10" />
</exclusive-start>
<af-start id="1393" threadId="000000000138A638" totalBytesRequested="112" timestamp="2024-07-18T15:46:19.719" intervalms="126.128" type="nursery" />
<cycle-start id="1394" type="scavenge" contextid="0" timestamp="2024-07-18T15:46:19.719" intervalms="126.090" />
<gc-start id="1395" type="scavenge" contextid="1394" timestamp="2024-07-18T15:46:19.720">
  <mem-info id="1396" free="11571560" total="86966272" percent="13">
    <mem type="nursery" free="0" total="36569088" percent="0">
      <mem type="allocate" free="0" total="27131904" percent="0" />
      <mem type="survivor" free="0" total="9437184" percent="0" />
    </mem>
    <mem type="tenure" free="11571560" total="50397184" percent="22">
      <mem type="soa" free="9051496" total="47877120" percent="18" />
      <mem type="loa" free="2520064" total="2520064" percent="100" />
    </mem>
    <remembered-set count="5330" />
  </mem-info>
</gc-start>
<allocation-stats totalBytes="19585672" discardedBytes="154320" >
  <allocated-bytes non-tlh="1649928" tlh="17935744" />
  <largest-consumer threadName="Default Executor-thread-8" threadId="000000000084CC00" bytes="6001864" />
</allocation-stats>
<gc-op id="1397" type="scavenge" timems="8.128" contextid="1394" timestamp="2024-07-18T15:46:19.728">
  <scavenger-info tenureage="3" tenuremask="7c08" tiltratio="74" />
  <memory-copied type="nursery" objects="158767" bytes="9426992" bytesdiscarded="4240" />
  <memory-copied type="tenure" objects="26891" bytes="1690832" bytesdiscarded="1720" />
  <copy-failed type="nursery" objects="23720" bytes="1034032" />
  <finalization candidates="111" enqueued="45" />
  <ownableSynchronizers candidates="436" cleared="100" />
  <references type="soft" candidates="1296" cleared="0" enqueued="0" dynamicThreshold="9" maxThreshold="32" />
  <references type="weak" candidates="1508" cleared="48" enqueued="48" />
  <references type="phantom" candidates="235" cleared="30" enqueued="30" />
  <object-monitors candidates="151" cleared="3"  />
</gc-op>
<gc-end id="1398" type="scavenge" contextid="1394" durationms="9.038" usertimems="35.909" systemtimems="2.923" stalltimems="10.530" timestamp="2024-07-18T15:46:19.729" activeThreads="6">
  <mem-info id="1399" free="21343368" total="86966272" percent="24">
    <mem type="nursery" free="11337728" total="36569088" percent="31">
      <mem type="allocate" free="11337728" total="20774912" percent="54" />
      <mem type="survivor" free="0" total="15794176" percent="0" />
    </mem>
    <mem type="tenure" free="10005640" total="50397184" percent="19">
      <mem type="soa" free="7485576" total="47877120" percent="15" />
      <mem type="loa" free="2520064" total="2520064" percent="100" />
    </mem>
    <pending-finalizers system="0" default="45" reference="78" classloader="0" />
    <remembered-set count="5943" />
  </mem-info>
</gc-end>
<cycle-end id="1400" type="scavenge" contextid="1394" timestamp="2024-07-18T15:46:19.729" />
<allocation-satisfied id="1401" threadId="0000000001389C00" bytesRequested="112" />
<af-end id="1402" timestamp="2024-07-18T15:46:19.730" threadId="000000000138A638" success="true" from="nursery"/>
<exclusive-end id="1403" timestamp="2024-07-18T15:46:19.730" durationms="11.196" />

<exclusive-start id="1404" timestamp="2024-07-18T15:46:19.750" intervalms="31.237">
  <response-info timems="0.199" idlems="0.137" threads="2" lastid="00000000008C0600" lastname="Default Executor-thread-10" />
</exclusive-start>
<af-start id="1405" threadId="000000000138A638" totalBytesRequested="304" timestamp="2024-07-18T15:46:19.750" intervalms="31.216" type="nursery" />
<cycle-start id="1406" type="scavenge" contextid="0" timestamp="2024-07-18T15:46:19.750" intervalms="31.119" />
<gc-start id="1407" type="scavenge" contextid="1406" timestamp="2024-07-18T15:46:19.751">
  <mem-info id="1408" free="10003696" total="86966272" percent="11">
    <mem type="nursery" free="0" total="36569088" percent="0">
      <mem type="allocate" free="0" total="20774912" percent="0" />
      <mem type="survivor" free="0" total="15794176" percent="0" />
    </mem>
    <mem type="tenure" free="10003696" total="50397184" percent="19">
      <mem type="soa" free="7483632" total="47877120" percent="15" />
      <mem type="loa" free="2520064" total="2520064" percent="100" />
    </mem>
    <remembered-set count="6036" />
  </mem-info>
</gc-start>
<allocation-stats totalBytes="11317208" discardedBytes="22464" >
  <allocated-bytes non-tlh="1937368" tlh="9379840" />
  <largest-consumer threadName="Default Executor-thread-9" threadId="0000000000850800" bytes="2905904" />
</allocation-stats>
<gc-op id="1409" type="scavenge" timems="9.358" contextid="1406" timestamp="2024-07-18T15:46:19.761">
  <scavenger-info tenureage="3" tenuremask="7ea8" tiltratio="56" />
  <memory-copied type="nursery" objects="90191" bytes="6500224" bytesdiscarded="359304" />
  <memory-copied type="tenure" objects="74802" bytes="4966656" bytesdiscarded="1240" />
  <finalization candidates="280" enqueued="216" />
  <ownableSynchronizers candidates="343" cleared="5" />
  <references type="soft" candidates="216" cleared="0" enqueued="0" dynamicThreshold="9" maxThreshold="32" />
  <references type="weak" candidates="441" cleared="16" enqueued="16" />
  <references type="phantom" candidates="153" cleared="30" enqueued="30" />
  <object-monitors candidates="148" cleared="0"  />
</gc-op>
<heap-resize id="1410" type="expand" space="nursery" amount="6160384" count="1" timems="0.032" reason="excessive time being spent scavenging" timestamp="2024-07-18T15:46:19.761" />
<gc-end id="1411" type="scavenge" contextid="1406" durationms="10.396" usertimems="49.533" systemtimems="0.000" stalltimems="14.733" timestamp="2024-07-18T15:46:19.761" activeThreads="7">
  <mem-info id="1412" free="23225064" total="93126656" percent="24">
    <mem type="nursery" free="18235800" total="42729472" percent="42">
      <mem type="allocate" free="18235800" total="25100288" percent="72" />
      <mem type="survivor" free="0" total="17629184" percent="0" />
    </mem>
    <mem type="tenure" free="4989264" total="50397184" percent="9">
      <mem type="soa" free="2469200" total="47877120" percent="5" />
      <mem type="loa" free="2520064" total="2520064" percent="100" />
    </mem>
    <pending-finalizers system="0" default="216" reference="46" classloader="0" />
    <remembered-set count="1665" />
  </mem-info>
</gc-end>
<cycle-end id="1413" type="scavenge" contextid="1406" timestamp="2024-07-18T15:46:19.762" />
<allocation-satisfied id="1414" threadId="0000000001389C00" bytesRequested="304" />
<af-end id="1415" timestamp="2024-07-18T15:46:19.762" threadId="000000000138A638" success="true" from="nursery"/>
<exclusive-end id="1416" timestamp="2024-07-18T15:46:19.762" durationms="12.378" />

<concurrent-kickoff id="1417" timestamp="2024-07-18T15:46:19.787">
  <kickoff reason="threshold reached" targetBytes="24609226" thresholdFreeBytes="3387793"  remainingFree="3289496" tenureFreeBytes="4989264" nurseryFreeBytes="3289496" />
</concurrent-kickoff>
<exclusive-start id="1418" timestamp="2024-07-18T15:46:19.787" intervalms="37.764">
  <response-info timems="0.076" idlems="0.070" threads="1" lastid="0000000000D4B800" lastname="Default Executor-thread-21" />
</exclusive-start>
<cycle-start id="1419" type="global" contextid="0" timestamp="2024-07-18T15:46:19.788" intervalms="803.903" />
<concurrent-start id="1420" type="global mark" contextid="1419" timestamp="2024-07-18T15:46:19.788">
</concurrent-start>
<exclusive-end id="1421" timestamp="2024-07-18T15:46:19.788" durationms="0.667" />

<concurrent-end id="1422" type="global mark" contextid="1419" timestamp="2024-07-18T15:46:19.816">
<gc-op id="1423" type="trace" timems="27.805" contextid="1419" timestamp="2024-07-18T15:46:19.816">
  <trace bytesTraced="27366384" workStackOverflowCount="0" />
  <card-cleaning reason="card cleaning threshold reached" bytesTraced="8332" cardsCleaned="22" />
</gc-op>
</concurrent-end>

<exclusive-start id="1424" timestamp="2024-07-18T15:46:19.816" intervalms="28.884">
  <response-info timems="0.132" idlems="0.092" threads="2" lastid="0000000000D4B800" lastname="Default Executor-thread-21" />
</exclusive-start>
<af-start id="1425" threadId="0000000000851238" totalBytesRequested="1432" timestamp="2024-07-18T15:46:19.817" intervalms="66.530" type="nursery" />
<percolate-collect id="1426" from="nursery" to="global" reason="concurrent mark exhausted" timestamp="2024-07-18T15:46:19.817"/>
<gc-start id="1427" type="global" contextid="1419" timestamp="2024-07-18T15:46:19.817">
  <mem-info id="1428" free="4989264" total="93126656" percent="5">
    <mem type="nursery" free="0" total="42729472" percent="0">
      <mem type="allocate" free="0" total="25100288" percent="0" />
      <mem type="survivor" free="0" total="17629184" percent="0" />
    </mem>
    <mem type="tenure" free="4989264" total="50397184" percent="9">
      <mem type="soa" free="2469200" total="47877120" percent="5" />
      <mem type="loa" free="2520064" total="2520064" percent="100" />
    </mem>
    <remembered-set count="1683" />
  </mem-info>
</gc-start>
<allocation-stats totalBytes="18193960" discardedBytes="41840" >
  <allocated-bytes non-tlh="304" tlh="18193656" />
  <largest-consumer threadName="Default Executor-thread-8" threadId="000000000084CC00" bytes="4564832" />
</allocation-stats>
<gc-op id="1429" type="rs-scan" timems="3.333" contextid="1419" timestamp="2024-07-18T15:46:19.821">
  <scan objectsFound="69494" bytesTraced="2268084" workStackOverflowCount="0" />
</gc-op>
<gc-op id="1430" type="card-cleaning" timems="0.867" contextid="1419" timestamp="2024-07-18T15:46:19.822">
  <card-cleaning cardsCleaned="3" bytesTraced="5968" workStackOverflowCount="0" />
</gc-op>
<gc-op id="1431" type="mark" timems="10.634" contextid="1419" timestamp="2024-07-18T15:46:19.833">
  <trace-info objectcount="11990" scancount="9354" scanbytes="351772" />
  <finalization candidates="1467" enqueued="682" />
  <ownableSynchronizers candidates="7754" cleared="9" />
  <references type="soft" candidates="12300" cleared="0" enqueued="0" dynamicThreshold="9" maxThreshold="32" />
  <references type="weak" candidates="14579" cleared="2" enqueued="2" />
  <references type="phantom" candidates="432" cleared="0" enqueued="0" />
  <stringconstants candidates="37537" cleared="168"  />
  <object-monitors candidates="148" cleared="0"  />
</gc-op>
<gc-op id="1432" type="classunload" timems="1.586" contextid="1419" timestamp="2024-07-18T15:46:19.835">
  <classunload-info classloadercandidates="398" classloadersunloaded="1" classesunloaded="12" anonymousclassesunloaded="11" quiescems="0.000" setupms="1.525" scanms="0.048" postms="0.012" />
</gc-op>
<gc-op id="1433" type="sweep" timems="1.576" contextid="1419" timestamp="2024-07-18T15:46:19.837" />
<heap-resize id="1434" type="expand" space="tenure" amount="11403264" count="1" timems="0.670" reason="insufficient free space following gc" timestamp="2024-07-18T15:46:19.838" />
<gc-end id="1435" type="global" contextid="1419" durationms="20.627" usertimems="49.490" systemtimems="21.254" stalltimems="100.425" timestamp="2024-07-18T15:46:19.838" activeThreads="12">
  <mem-info id="1436" free="35229184" total="104529920" percent="33">
    <mem type="nursery" free="16645688" total="42729472" percent="38">
      <mem type="allocate" free="16645688" total="25100288" percent="66" />
      <mem type="survivor" free="0" total="17629184" percent="0" />
    </mem>
    <mem type="tenure" free="18583496" total="61800448" percent="30" micro-fragmented="1284512" macro-fragmented="0">
      <mem type="soa" free="15493064" total="58710016" percent="26" />
      <mem type="loa" free="3090432" total="3090432" percent="100" />
    </mem>
    <pending-finalizers system="0" default="682" reference="2" classloader="0" />
    <remembered-set count="1446" />
  </mem-info>
</gc-end>
<cycle-end id="1437" type="global" contextid="1419" timestamp="2024-07-18T15:46:19.838" />
<allocation-satisfied id="1438" threadId="0000000000850800" bytesRequested="1432" />
<af-end id="1439" timestamp="2024-07-18T15:46:19.839" threadId="0000000000851238" success="true" from="nursery"/>
<exclusive-end id="1440" timestamp="2024-07-18T15:46:19.839" durationms="22.434" />

<exclusive-start id="1441" timestamp="2024-07-18T15:46:19.859" intervalms="42.828">
  <response-info timems="0.067" idlems="0.036" threads="1" lastid="0000000000850800" lastname="Default Executor-thread-9" />
</exclusive-start>
<af-start id="1442" threadId="0000000000D4C238" totalBytesRequested="40" timestamp="2024-07-18T15:46:19.859" intervalms="42.891" type="nursery" />
<cycle-start id="1443" type="scavenge" contextid="0" timestamp="2024-07-18T15:46:19.860" intervalms="109.385" />
<gc-start id="1444" type="scavenge" contextid="1443" timestamp="2024-07-18T15:46:19.860">
  <mem-info id="1445" free="18583496" total="104529920" percent="17">
    <mem type="nursery" free="0" total="42729472" percent="0">
      <mem type="allocate" free="0" total="25100288" percent="0" />
      <mem type="survivor" free="0" total="17629184" percent="0" />
    </mem>
    <mem type="tenure" free="18583496" total="61800448" percent="30">
      <mem type="soa" free="15493064" total="58710016" percent="26" />
      <mem type="loa" free="3090432" total="3090432" percent="100" />
    </mem>
    <remembered-set count="1454" />
  </mem-info>
</gc-start>
<allocation-stats totalBytes="16310016" discardedBytes="262368" >
  <allocated-bytes non-tlh="4244832" tlh="12065184" />
  <largest-consumer threadName="Default Executor-thread-9" threadId="0000000000850800" bytes="4846736" />
</allocation-stats>
<gc-op id="1446" type="scavenge" timems="5.109" contextid="1443" timestamp="2024-07-18T15:46:19.866">
  <scavenger-info tenureage="3" tenuremask="7e08" tiltratio="58" />
  <memory-copied type="nursery" objects="84248" bytes="7615176" bytesdiscarded="425712" />
  <memory-copied type="tenure" objects="16896" bytes="731824" bytesdiscarded="5096" />
  <finalization candidates="609" enqueued="585" />
  <ownableSynchronizers candidates="15490" cleared="15286" />
  <references type="soft" candidates="14" cleared="0" enqueued="0" dynamicThreshold="9" maxThreshold="32" />
  <references type="weak" candidates="102" cleared="0" enqueued="0" />
  <references type="phantom" candidates="73" cleared="0" enqueued="0" />
  <object-monitors candidates="148" cleared="0"  />
</gc-op>
<gc-end id="1447" type="scavenge" contextid="1443" durationms="5.803" usertimems="24.035" systemtimems="2.818" stalltimems="18.337" timestamp="2024-07-18T15:46:19.866" activeThreads="9">
  <mem-info id="1448" free="38249784" total="104529920" percent="36">
    <mem type="nursery" free="20596272" total="42729472" percent="48">
      <mem type="allocate" free="20596272" total="28639232" percent="71" />
      <mem type="survivor" free="0" total="14090240" percent="0" />
    </mem>
    <mem type="tenure" free="17653512" total="61800448" percent="28">
      <mem type="soa" free="14563080" total="58710016" percent="24" />
      <mem type="loa" free="3090432" total="3090432" percent="100" />
    </mem>
    <pending-finalizers system="0" default="585" reference="0" classloader="0" />
    <remembered-set count="569" />
  </mem-info>
</gc-end>
<cycle-end id="1449" type="scavenge" contextid="1443" timestamp="2024-07-18T15:46:19.866" />
<allocation-satisfied id="1450" threadId="0000000000D4B800" bytesRequested="40" />
<af-end id="1451" timestamp="2024-07-18T15:46:19.867" threadId="0000000000D4C238" success="true" from="nursery"/>
<exclusive-end id="1452" timestamp="2024-07-18T15:46:19.867" durationms="7.736" />

<exclusive-start id="1453" timestamp="2024-07-18T15:46:19.894" intervalms="34.442">
  <response-info timems="0.162" idlems="0.124" threads="3" lastid="00000000008C0600" lastname="Default Executor-thread-10" />
</exclusive-start>
<af-start id="1454" threadId="000000000138A638" totalBytesRequested="24" timestamp="2024-07-18T15:46:19.894" intervalms="34.429" type="nursery" />
<cycle-start id="1455" type="scavenge" contextid="0" timestamp="2024-07-18T15:46:19.894" intervalms="34.401" />
<gc-start id="1456" type="scavenge" contextid="1455" timestamp="2024-07-18T15:46:19.894">
  <mem-info id="1457" free="17653448" total="104529920" percent="16">
    <mem type="nursery" free="0" total="42729472" percent="0">
      <mem type="allocate" free="0" total="28639232" percent="0" />
      <mem type="survivor" free="0" total="14090240" percent="0" />
    </mem>
    <mem type="tenure" free="17653448" total="61800448" percent="28">
      <mem type="soa" free="14563016" total="58710016" percent="24" />
      <mem type="loa" free="3090432" total="3090432" percent="100" />
    </mem>
    <remembered-set count="585" />
  </mem-info>
</gc-start>
<allocation-stats totalBytes="20552584" discardedBytes="43752" >
  <allocated-bytes non-tlh="1029336" tlh="19523248" />
  <largest-consumer threadName="ClassloaderMapProcessingThread-9" threadId="0000000001389C00" bytes="6911952" />
</allocation-stats>
<gc-op id="1458" type="scavenge" timems="5.188" contextid="1455" timestamp="2024-07-18T15:46:19.900">
  <scavenger-info tenureage="9" tenuremask="7e00" tiltratio="67" />
  <memory-copied type="nursery" objects="91565" bytes="7782176" bytesdiscarded="334224" />
  <finalization candidates="484" enqueued="464" />
  <ownableSynchronizers candidates="92" cleared="0" />
  <references type="soft" candidates="14" cleared="0" enqueued="0" dynamicThreshold="9" maxThreshold="32" />
  <references type="weak" candidates="109" cleared="0" enqueued="0" />
  <references type="phantom" candidates="77" cleared="0" enqueued="0" />
  <object-monitors candidates="148" cleared="0"  />
</gc-op>
<heap-resize id="1459" type="expand" space="nursery" amount="3932160" count="1" timems="0.033" reason="excessive time being spent scavenging" timestamp="2024-07-18T15:46:19.900" />
<gc-end id="1460" type="scavenge" contextid="1455" durationms="6.101" usertimems="24.492" systemtimems="0.503" stalltimems="21.013" timestamp="2024-07-18T15:46:19.901" activeThreads="9">
  <mem-info id="1461" free="41909888" total="108462080" percent="38">
    <mem type="nursery" free="24256440" total="46661632" percent="51">
      <mem type="allocate" free="24256440" total="32374784" percent="74" />
      <mem type="survivor" free="0" total="14286848" percent="0" />
    </mem>
    <mem type="tenure" free="17653448" total="61800448" percent="28">
      <mem type="soa" free="14563016" total="58710016" percent="24" />
      <mem type="loa" free="3090432" total="3090432" percent="100" />
    </mem>
    <pending-finalizers system="0" default="464" reference="0" classloader="0" />
    <remembered-set count="566" />
  </mem-info>
</gc-end>
<cycle-end id="1462" type="scavenge" contextid="1455" timestamp="2024-07-18T15:46:19.901" />
<allocation-satisfied id="1463" threadId="0000000001389C00" bytesRequested="24" />
<af-end id="1464" timestamp="2024-07-18T15:46:19.901" threadId="000000000138A638" success="true" from="nursery"/>
<exclusive-end id="1465" timestamp="2024-07-18T15:46:19.902" durationms="7.899" />

<exclusive-start id="1466" timestamp="2024-07-18T15:46:19.923" intervalms="29.846">
  <response-info timems="0.080" idlems="0.067" threads="1" lastid="0000000000D4B800" lastname="Default Executor-thread-21" />
</exclusive-start>
<af-start id="1467" threadId="00000000008C1038" totalBytesRequested="352" timestamp="2024-07-18T15:46:19.924" intervalms="29.867" type="nursery" />
<cycle-start id="1468" type="scavenge" contextid="0" timestamp="2024-07-18T15:46:19.924" intervalms="29.902" />
<gc-start id="1469" type="scavenge" contextid="1468" timestamp="2024-07-18T15:46:19.924">
  <mem-info id="1470" free="17653088" total="108462080" percent="16">
    <mem type="nursery" free="0" total="46661632" percent="0">
      <mem type="allocate" free="0" total="32374784" percent="0" />
      <mem type="survivor" free="0" total="14286848" percent="0" />
    </mem>
    <mem type="tenure" free="17653088" total="61800448" percent="28">
      <mem type="soa" free="14562656" total="58710016" percent="24" />
      <mem type="loa" free="3090432" total="3090432" percent="100" />
    </mem>
    <remembered-set count="586" />
  </mem-info>
</gc-start>
<allocation-stats totalBytes="24237712" discardedBytes="19088" >
  <allocated-bytes non-tlh="1996344" tlh="22241368" />
  <largest-consumer threadName="ClassloaderMapProcessingThread-9" threadId="0000000001389C00" bytes="6754448" />
</allocation-stats>
<gc-op id="1471" type="scavenge" timems="4.714" contextid="1468" timestamp="2024-07-18T15:46:19.929">
  <scavenger-info tenureage="9" tenuremask="7e00" tiltratio="69" />
  <memory-copied type="nursery" objects="96054" bytes="8875904" bytesdiscarded="588896" />
  <finalization candidates="424" enqueued="405" />
  <ownableSynchronizers candidates="92" cleared="0" />
  <references type="soft" candidates="15" cleared="0" enqueued="0" dynamicThreshold="9" maxThreshold="32" />
  <references type="weak" candidates="110" cleared="1" enqueued="1" />
  <references type="phantom" candidates="71" cleared="0" enqueued="0" />
  <object-monitors candidates="148" cleared="0"  />
</gc-op>
<heap-resize id="1472" type="expand" space="nursery" amount="4063232" count="1" timems="0.032" reason="excessive time being spent scavenging" timestamp="2024-07-18T15:46:19.930" />
<gc-end id="1473" type="scavenge" contextid="1468" durationms="5.599" usertimems="16.607" systemtimems="6.115" stalltimems="13.516" timestamp="2024-07-18T15:46:19.930" activeThreads="8">
  <mem-info id="1474" free="44951616" total="112525312" percent="39">
    <mem type="nursery" free="27298528" total="50724864" percent="53">
      <mem type="allocate" free="27298528" total="36765696" percent="74" />
      <mem type="survivor" free="0" total="13959168" percent="0" />
    </mem>
    <mem type="tenure" free="17653088" total="61800448" percent="28">
      <mem type="soa" free="14562656" total="58710016" percent="24" />
      <mem type="loa" free="3090432" total="3090432" percent="100" />
    </mem>
    <pending-finalizers system="0" default="405" reference="1" classloader="0" />
    <remembered-set count="579" />
  </mem-info>
</gc-end>
<cycle-end id="1475" type="scavenge" contextid="1468" timestamp="2024-07-18T15:46:19.930" />
<allocation-satisfied id="1476" threadId="00000000008C0600" bytesRequested="352" />
<af-end id="1477" timestamp="2024-07-18T15:46:19.931" threadId="00000000008C1038" success="true" from="nursery"/>
<exclusive-end id="1478" timestamp="2024-07-18T15:46:19.931" durationms="7.321" />

<exclusive-start id="1479" timestamp="2024-07-18T15:46:19.952" intervalms="29.023">
  <response-info timems="0.070" idlems="0.040" threads="1" lastid="0000000000D4B800" lastname="Default Executor-thread-21" />
</exclusive-start>
<af-start id="1480" threadId="00000000008C1038" totalBytesRequested="4112" timestamp="2024-07-18T15:46:19.953" intervalms="29.083" type="nursery" />
<cycle-start id="1481" type="scavenge" contextid="0" timestamp="2024-07-18T15:46:19.953" intervalms="29.063" />
<gc-start id="1482" type="scavenge" contextid="1481" timestamp="2024-07-18T15:46:19.953">
  <mem-info id="1483" free="17653088" total="112525312" percent="15">
    <mem type="nursery" free="0" total="50724864" percent="0">
      <mem type="allocate" free="0" total="36765696" percent="0" />
      <mem type="survivor" free="0" total="13959168" percent="0" />
    </mem>
    <mem type="tenure" free="17653088" total="61800448" percent="28">
      <mem type="soa" free="14562656" total="58710016" percent="24" />
      <mem type="loa" free="3090432" total="3090432" percent="100" />
    </mem>
    <remembered-set count="639" />
  </mem-info>
</gc-start>
<allocation-stats totalBytes="27180016" discardedBytes="118512" >
  <allocated-bytes non-tlh="657392" tlh="26522624" />
  <largest-consumer threadName="Default Executor-thread-21" threadId="0000000000D4B800" bytes="6754216" />
</allocation-stats>
<gc-op id="1484" type="scavenge" timems="5.981" contextid="1481" timestamp="2024-07-18T15:46:19.960">
  <scavenger-info tenureage="4" tenuremask="7e10" tiltratio="72" />
  <memory-copied type="nursery" objects="100169" bytes="7875712" bytesdiscarded="215896" />
  <memory-copied type="tenure" objects="5902" bytes="2141152" bytesdiscarded="2672" />
  <finalization candidates="521" enqueued="501" />
  <ownableSynchronizers candidates="150" cleared="28" />
  <references type="soft" candidates="15" cleared="0" enqueued="0" dynamicThreshold="9" maxThreshold="32" />
  <references type="weak" candidates="78" cleared="2" enqueued="2" />
  <references type="phantom" candidates="35" cleared="0" enqueued="0" />
  <object-monitors candidates="148" cleared="0"  />
</gc-op>
<heap-resize id="1485" type="expand" space="nursery" amount="5373952" count="1" timems="0.025" reason="excessive time being spent scavenging" timestamp="2024-07-18T15:46:19.960" />
<gc-end id="1486" type="scavenge" contextid="1481" durationms="6.849" usertimems="30.764" systemtimems="0.000" stalltimems="15.413" timestamp="2024-07-18T15:46:19.960" activeThreads="8">
  <mem-info id="1487" free="49867104" total="117899264" percent="42">
    <mem type="nursery" free="34373384" total="56098816" percent="61">
      <mem type="allocate" free="34373384" total="42467328" percent="80" />
      <mem type="survivor" free="0" total="13631488" percent="0" />
    </mem>
    <mem type="tenure" free="15493720" total="61800448" percent="25">
      <mem type="soa" free="12403288" total="58710016" percent="21" />
      <mem type="loa" free="3090432" total="3090432" percent="100" />
    </mem>
    <pending-finalizers system="0" default="501" reference="2" classloader="0" />
    <remembered-set count="1674" />
  </mem-info>
</gc-end>
<cycle-end id="1488" type="scavenge" contextid="1481" timestamp="2024-07-18T15:46:19.961" />
<allocation-satisfied id="1489" threadId="00000000008C0600" bytesRequested="4112" />
<af-end id="1490" timestamp="2024-07-18T15:46:19.961" threadId="00000000008C1038" success="true" from="nursery"/>
<exclusive-end id="1491" timestamp="2024-07-18T15:46:19.961" durationms="8.876" />

<exclusive-start id="1492" timestamp="2024-07-18T15:46:19.991" intervalms="38.910">
  <response-info timems="0.065" idlems="0.023" threads="2" lastid="000000000084CC00" lastname="Default Executor-thread-8" />
</exclusive-start>
<af-start id="1493" threadId="00000000008C1038" totalBytesRequested="8200" timestamp="2024-07-18T15:46:19.992" intervalms="38.845" type="nursery" />
<cycle-start id="1494" type="scavenge" contextid="0" timestamp="2024-07-18T15:46:19.992" intervalms="38.861" />
<gc-start id="1495" type="scavenge" contextid="1494" timestamp="2024-07-18T15:46:19.992">
  <mem-info id="1496" free="15490136" total="117899264" percent="13">
    <mem type="nursery" free="0" total="56098816" percent="0">
      <mem type="allocate" free="0" total="42467328" percent="0" />
      <mem type="survivor" free="0" total="13631488" percent="0" />
    </mem>
    <mem type="tenure" free="15490136" total="61800448" percent="25">
      <mem type="soa" free="12399704" total="58710016" percent="21" />
      <mem type="loa" free="3090432" total="3090432" percent="100" />
    </mem>
    <remembered-set count="1910" />
  </mem-info>
</gc-start>
<allocation-stats totalBytes="34334440" discardedBytes="42528" >
  <allocated-bytes non-tlh="303440" tlh="34031000" />
  <largest-consumer threadName="Default Executor-thread-9" threadId="0000000000850800" bytes="8977904" />
</allocation-stats>
<gc-op id="1497" type="scavenge" timems="5.643" contextid="1494" timestamp="2024-07-18T15:46:19.999">
  <scavenger-info tenureage="9" tenuremask="7e00" tiltratio="75" />
  <memory-copied type="nursery" objects="124326" bytes="9459880" bytesdiscarded="398320" />
  <finalization candidates="768" enqueued="747" />
  <ownableSynchronizers candidates="131" cleared="11" />
  <references type="soft" candidates="17" cleared="0" enqueued="0" dynamicThreshold="9" maxThreshold="32" />
  <references type="weak" candidates="97" cleared="7" enqueued="7" />
  <references type="phantom" candidates="55" cleared="10" enqueued="10" />
  <object-monitors candidates="148" cleared="0"  />
</gc-op>
<heap-resize id="1498" type="expand" space="nursery" amount="4456448" count="1" timems="0.065" reason="excessive time being spent scavenging" timestamp="2024-07-18T15:46:19.999" />
<gc-end id="1499" type="scavenge" contextid="1494" durationms="6.827" usertimems="32.279" systemtimems="0.000" stalltimems="17.978" timestamp="2024-07-18T15:46:19.999" activeThreads="9">
  <mem-info id="1500" free="52486784" total="122355712" percent="42">
    <mem type="nursery" free="36996648" total="60555264" percent="61">
      <mem type="allocate" free="36996648" total="46858240" percent="78" />
      <mem type="survivor" free="0" total="13697024" percent="0" />
    </mem>
    <mem type="tenure" free="15490136" total="61800448" percent="25">
      <mem type="soa" free="12399704" total="58710016" percent="21" />
      <mem type="loa" free="3090432" total="3090432" percent="100" />
    </mem>
    <pending-finalizers system="0" default="747" reference="17" classloader="0" />
    <remembered-set count="1794" />
  </mem-info>
</gc-end>
<cycle-end id="1501" type="scavenge" contextid="1494" timestamp="2024-07-18T15:46:19.999" />
<allocation-satisfied id="1502" threadId="00000000008C0600" bytesRequested="8200" />
<af-end id="1503" timestamp="2024-07-18T15:46:20.000" threadId="00000000008C1038" success="true" from="nursery"/>
<exclusive-end id="1504" timestamp="2024-07-18T15:46:20.000" durationms="8.579" />

<exclusive-start id="1505" timestamp="2024-07-18T15:46:20.032" intervalms="40.276">
  <response-info timems="0.077" idlems="0.077" threads="0" lastid="0000000001389C00" lastname="ClassloaderMapProcessingThread-9" />
</exclusive-start>
<af-start id="1506" threadId="000000000138A638" totalBytesRequested="40" timestamp="2024-07-18T15:46:20.032" intervalms="40.274" type="nursery" />
<cycle-start id="1507" type="scavenge" contextid="0" timestamp="2024-07-18T15:46:20.032" intervalms="40.266" />
<gc-start id="1508" type="scavenge" contextid="1507" timestamp="2024-07-18T15:46:20.033">
  <mem-info id="1509" free="15490136" total="122355712" percent="12">
    <mem type="nursery" free="0" total="60555264" percent="0">
      <mem type="allocate" free="0" total="46858240" percent="0" />
      <mem type="survivor" free="0" total="13697024" percent="0" />
    </mem>
    <mem type="tenure" free="15490136" total="61800448" percent="25">
      <mem type="soa" free="12399704" total="58710016" percent="21" />
      <mem type="loa" free="3090432" total="3090432" percent="100" />
    </mem>
    <remembered-set count="2067" />
  </mem-info>
</gc-start>
<allocation-stats totalBytes="36965320" discardedBytes="31328" >
  <allocated-bytes non-tlh="329752" tlh="36635568" />
  <largest-consumer threadName="Default Executor-thread-8" threadId="000000000084CC00" bytes="8442832" />
</allocation-stats>
<gc-op id="1510" type="scavenge" timems="7.220" contextid="1507" timestamp="2024-07-18T15:46:20.040">
  <scavenger-info tenureage="7" tenuremask="7e80" tiltratio="77" />
  <memory-copied type="nursery" objects="77821" bytes="7735568" bytesdiscarded="352360" />
  <memory-copied type="tenure" objects="58544" bytes="2401880" bytesdiscarded="2016" />
  <finalization candidates="712" enqueued="693" />
  <ownableSynchronizers candidates="120" cleared="0" />
  <references type="soft" candidates="3" cleared="0" enqueued="0" dynamicThreshold="9" maxThreshold="32" />
  <references type="weak" candidates="38" cleared="0" enqueued="0" />
  <references type="phantom" candidates="64" cleared="0" enqueued="0" />
  <object-monitors candidates="149" cleared="0"  />
</gc-op>
<heap-resize id="1511" type="expand" space="nursery" amount="5505024" count="1" timems="0.040" reason="excessive time being spent scavenging" timestamp="2024-07-18T15:46:20.041" />
<gc-end id="1512" type="scavenge" contextid="1507" durationms="8.298" usertimems="35.152" systemtimems="5.882" stalltimems="22.908" timestamp="2024-07-18T15:46:20.041" activeThreads="9">
  <mem-info id="1513" free="57347232" total="127860736" percent="44">
    <mem type="nursery" free="44468136" total="66060288" percent="67">
      <mem type="allocate" free="44468136" total="52559872" percent="84" />
      <mem type="survivor" free="0" total="13500416" percent="0" />
    </mem>
    <mem type="tenure" free="12879096" total="61800448" percent="20">
      <mem type="soa" free="9788664" total="58710016" percent="16" />
      <mem type="loa" free="3090432" total="3090432" percent="100" />
    </mem>
    <pending-finalizers system="0" default="693" reference="0" classloader="0" />
    <remembered-set count="5147" />
  </mem-info>
</gc-end>
<cycle-end id="1514" type="scavenge" contextid="1507" timestamp="2024-07-18T15:46:20.041" />
<allocation-satisfied id="1515" threadId="0000000001389C00" bytesRequested="40" />
<af-end id="1516" timestamp="2024-07-18T15:46:20.042" threadId="000000000138A638" success="true" from="nursery"/>
<exclusive-end id="1517" timestamp="2024-07-18T15:46:20.042" durationms="10.122" />

<exclusive-start id="1518" timestamp="2024-07-18T15:46:20.084" intervalms="52.050">
  <response-info timems="0.072" idlems="0.072" threads="0" lastid="0000000001389C00" lastname="ClassloaderMapProcessingThread-9" />
</exclusive-start>
<af-start id="1519" threadId="000000000138A638" totalBytesRequested="160" timestamp="2024-07-18T15:46:20.084" intervalms="52.067" type="nursery" />
<cycle-start id="1520" type="scavenge" contextid="0" timestamp="2024-07-18T15:46:20.084" intervalms="52.084" />
<gc-start id="1521" type="scavenge" contextid="1520" timestamp="2024-07-18T15:46:20.085">
  <mem-info id="1522" free="12879096" total="127860736" percent="10">
    <mem type="nursery" free="0" total="66060288" percent="0">
      <mem type="allocate" free="0" total="52559872" percent="0" />
      <mem type="survivor" free="0" total="13500416" percent="0" />
    </mem>
    <mem type="tenure" free="12879096" total="61800448" percent="20">
      <mem type="soa" free="9788664" total="58710016" percent="16" />
      <mem type="loa" free="3090432" total="3090432" percent="100" />
    </mem>
    <remembered-set count="5428" />
  </mem-info>
</gc-start>
<allocation-stats totalBytes="44379480" discardedBytes="88656" >
  <allocated-bytes non-tlh="270416" tlh="44109064" />
  <largest-consumer threadName="Default Executor-thread-21" threadId="0000000000D4B800" bytes="9990616" />
</allocation-stats>
<gc-op id="1523" type="scavenge" timems="6.581" contextid="1520" timestamp="2024-07-18T15:46:20.092">
  <scavenger-info tenureage="9" tenuremask="7e00" tiltratio="79" />
  <memory-copied type="nursery" objects="90307" bytes="10020832" bytesdiscarded="443336" />
  <finalization candidates="866" enqueued="864" />
  <ownableSynchronizers candidates="41" cleared="0" />
  <references type="soft" candidates="3" cleared="0" enqueued="0" dynamicThreshold="9" maxThreshold="32" />
  <references type="weak" candidates="44" cleared="0" enqueued="0" />
  <references type="phantom" candidates="111" cleared="0" enqueued="0" />
  <object-monitors candidates="149" cleared="0"  />
</gc-op>
<heap-resize id="1524" type="expand" space="nursery" amount="4325376" count="1" timems="0.040" reason="excessive time being spent scavenging" timestamp="2024-07-18T15:46:20.092" />
<gc-end id="1525" type="scavenge" contextid="1520" durationms="7.580" usertimems="19.386" systemtimems="12.396" stalltimems="27.785" timestamp="2024-07-18T15:46:20.092" activeThreads="9">
  <mem-info id="1526" free="57985312" total="132186112" percent="43">
    <mem type="nursery" free="45106216" total="70385664" percent="64">
      <mem type="allocate" free="45106216" total="55574528" percent="81" />
      <mem type="survivor" free="0" total="14811136" percent="0" />
    </mem>
    <mem type="tenure" free="12879096" total="61800448" percent="20">
      <mem type="soa" free="9788664" total="58710016" percent="16" />
      <mem type="loa" free="3090432" total="3090432" percent="100" />
    </mem>
    <pending-finalizers system="0" default="864" reference="0" classloader="0" />
    <remembered-set count="5109" />
  </mem-info>
</gc-end>
<cycle-end id="1527" type="scavenge" contextid="1520" timestamp="2024-07-18T15:46:20.093" />
<allocation-satisfied id="1528" threadId="0000000001389C00" bytesRequested="160" />
<af-end id="1529" timestamp="2024-07-18T15:46:20.093" threadId="000000000138A638" success="true" from="nursery"/>
<exclusive-end id="1530" timestamp="2024-07-18T15:46:20.093" durationms="9.570" />

<exclusive-start id="1531" timestamp="2024-07-18T15:46:20.131" intervalms="47.730">
  <response-info timems="0.138" idlems="0.094" threads="1" lastid="00000000008C0600" lastname="Default Executor-thread-10" />
</exclusive-start>
<af-start id="1532" threadId="0000000000D4C238" totalBytesRequested="3768" timestamp="2024-07-18T15:46:20.132" intervalms="47.722" type="nursery" />
<cycle-start id="1533" type="scavenge" contextid="0" timestamp="2024-07-18T15:46:20.132" intervalms="47.726" />
<gc-start id="1534" type="scavenge" contextid="1533" timestamp="2024-07-18T15:46:20.132">
  <mem-info id="1535" free="12868656" total="132186112" percent="9">
    <mem type="nursery" free="0" total="70385664" percent="0">
      <mem type="allocate" free="0" total="55574528" percent="0" />
      <mem type="survivor" free="0" total="14811136" percent="0" />
    </mem>
    <mem type="tenure" free="12868656" total="61800448" percent="20">
      <mem type="soa" free="9778224" total="58710016" percent="16" />
      <mem type="loa" free="3090432" total="3090432" percent="100" />
    </mem>
    <remembered-set count="5407" />
  </mem-info>
</gc-start>
<allocation-stats totalBytes="45032696" discardedBytes="83960" >
  <allocated-bytes non-tlh="324488" tlh="44708208" />
  <largest-consumer threadName="Default Executor-thread-9" threadId="0000000000850800" bytes="11714928" />
</allocation-stats>
<gc-op id="1536" type="scavenge" timems="7.167" contextid="1533" timestamp="2024-07-18T15:46:20.140">
  <scavenger-info tenureage="9" tenuremask="7e00" tiltratio="78" />
  <memory-copied type="nursery" objects="86193" bytes="10494912" bytesdiscarded="300688" />
  <finalization candidates="1190" enqueued="1183" />
  <ownableSynchronizers candidates="46" cleared="7" />
  <references type="soft" candidates="6" cleared="0" enqueued="0" dynamicThreshold="9" maxThreshold="32" />
  <references type="weak" candidates="118" cleared="56" enqueued="56" />
  <references type="phantom" candidates="147" cleared="12" enqueued="12" />
  <object-monitors candidates="149" cleared="0"  />
</gc-op>
<heap-resize id="1537" type="expand" space="nursery" amount="5373952" count="1" timems="0.030" reason="excessive time being spent scavenging" timestamp="2024-07-18T15:46:20.140" />
<gc-end id="1538" type="scavenge" contextid="1533" durationms="8.072" usertimems="25.498" systemtimems="10.720" stalltimems="20.040" timestamp="2024-07-18T15:46:20.140" activeThreads="8">
  <mem-info id="1539" free="63871568" total="137560064" percent="46">
    <mem type="nursery" free="51002912" total="75759616" percent="67">
      <mem type="allocate" free="51002912" total="61800448" percent="82" />
      <mem type="survivor" free="0" total="13959168" percent="0" />
    </mem>
    <mem type="tenure" free="12868656" total="61800448" percent="20">
      <mem type="soa" free="9778224" total="58710016" percent="16" />
      <mem type="loa" free="3090432" total="3090432" percent="100" />
    </mem>
    <pending-finalizers system="5" default="1178" reference="68" classloader="0" />
    <remembered-set count="5254" />
  </mem-info>
</gc-end>
<cycle-end id="1540" type="scavenge" contextid="1533" timestamp="2024-07-18T15:46:20.141" />
<allocation-satisfied id="1541" threadId="0000000000D4B800" bytesRequested="3768" />
<af-end id="1542" timestamp="2024-07-18T15:46:20.141" threadId="0000000000D4C238" success="true" from="nursery"/>
<exclusive-end id="1543" timestamp="2024-07-18T15:46:20.141" durationms="9.853" />

<exclusive-start id="1544" timestamp="2024-07-18T15:46:20.183" intervalms="51.782">
  <response-info timems="0.087" idlems="0.087" threads="0" lastid="0000000000D4B800" lastname="Default Executor-thread-21" />
</exclusive-start>
<af-start id="1545" threadId="0000000000D4C238" totalBytesRequested="1336" timestamp="2024-07-18T15:46:20.184" intervalms="51.779" type="nursery" />
<cycle-start id="1546" type="scavenge" contextid="0" timestamp="2024-07-18T15:46:20.184" intervalms="51.757" />
<gc-start id="1547" type="scavenge" contextid="1546" timestamp="2024-07-18T15:46:20.184">
  <mem-info id="1548" free="12848072" total="137560064" percent="9">
    <mem type="nursery" free="0" total="75759616" percent="0">
      <mem type="allocate" free="0" total="61800448" percent="0" />
      <mem type="survivor" free="0" total="13959168" percent="0" />
    </mem>
    <mem type="tenure" free="12848072" total="61800448" percent="20">
      <mem type="soa" free="9757640" total="58710016" percent="16" />
      <mem type="loa" free="3090432" total="3090432" percent="100" />
    </mem>
    <remembered-set count="5662" />
  </mem-info>
</gc-start>
<allocation-stats totalBytes="50961296" discardedBytes="62200" >
  <allocated-bytes non-tlh="355472" tlh="50605824" />
  <largest-consumer threadName="Default Executor-thread-8" threadId="000000000084CC00" bytes="13075832" />
</allocation-stats>
<gc-op id="1549" type="scavenge" timems="6.014" contextid="1546" timestamp="2024-07-18T15:46:20.191">
  <scavenger-info tenureage="9" tenuremask="7e00" tiltratio="81" />
  <memory-copied type="nursery" objects="115429" bytes="12814840" bytesdiscarded="359016" />
  <finalization candidates="1241" enqueued="1221" />
  <ownableSynchronizers candidates="42" cleared="2" />
  <references type="soft" candidates="17" cleared="0" enqueued="0" dynamicThreshold="9" maxThreshold="32" />
  <references type="weak" candidates="139" cleared="67" enqueued="67" />
  <references type="phantom" candidates="176" cleared="37" enqueued="37" />
  <object-monitors candidates="150" cleared="1"  />
</gc-op>
<heap-resize id="1550" type="expand" space="nursery" amount="4718592" count="1" timems="0.031" reason="excessive time being spent scavenging" timestamp="2024-07-18T15:46:20.191" />
<gc-end id="1551" type="scavenge" contextid="1546" durationms="7.018" usertimems="20.213" systemtimems="12.572" stalltimems="15.203" timestamp="2024-07-18T15:46:20.191" activeThreads="8">
  <mem-info id="1552" free="62454312" total="142278656" percent="43">
    <mem type="nursery" free="49606240" total="80478208" percent="61">
      <mem type="allocate" free="49606240" total="62783488" percent="79" />
      <mem type="survivor" free="0" total="17694720" percent="0" />
    </mem>
    <mem type="tenure" free="12848072" total="61800448" percent="20">
      <mem type="soa" free="9757640" total="58710016" percent="16" />
      <mem type="loa" free="3090432" total="3090432" percent="100" />
    </mem>
    <pending-finalizers system="12" default="1209" reference="104" classloader="0" />
    <remembered-set count="5528" />
  </mem-info>
</gc-end>
<cycle-end id="1553" type="scavenge" contextid="1546" timestamp="2024-07-18T15:46:20.192" />
<allocation-satisfied id="1554" threadId="0000000000D4B800" bytesRequested="1336" />
<af-end id="1555" timestamp="2024-07-18T15:46:20.192" threadId="0000000000D4C238" success="true" from="nursery"/>
<exclusive-end id="1556" timestamp="2024-07-18T15:46:20.192" durationms="8.820" />

<exclusive-start id="1557" timestamp="2024-07-18T15:46:20.240" intervalms="57.065">
  <response-info timems="0.093" idlems="0.058" threads="2" lastid="0000000000850800" lastname="Default Executor-thread-9" />
</exclusive-start>
<af-start id="1558" threadId="000000000138A638" totalBytesRequested="56" timestamp="2024-07-18T15:46:20.241" intervalms="57.106" type="nursery" />
<cycle-start id="1559" type="scavenge" contextid="0" timestamp="2024-07-18T15:46:20.241" intervalms="57.179" />
<gc-start id="1560" type="scavenge" contextid="1559" timestamp="2024-07-18T15:46:20.241">
  <mem-info id="1561" free="12833208" total="142278656" percent="9">
    <mem type="nursery" free="0" total="80478208" percent="0">
      <mem type="allocate" free="0" total="62783488" percent="0" />
      <mem type="survivor" free="0" total="17694720" percent="0" />
    </mem>
    <mem type="tenure" free="12833208" total="61800448" percent="20">
      <mem type="soa" free="9742776" total="58710016" percent="16" />
      <mem type="loa" free="3090432" total="3090432" percent="100" />
    </mem>
    <remembered-set count="6106" />
  </mem-info>
</gc-start>
<allocation-stats totalBytes="49574272" discardedBytes="46832" >
  <allocated-bytes non-tlh="273792" tlh="49300480" />
  <largest-consumer threadName="Default Executor-thread-8" threadId="000000000084CC00" bytes="11326920" />
</allocation-stats>
<gc-op id="1562" type="scavenge" timems="12.172" contextid="1559" timestamp="2024-07-18T15:46:20.254">
  <scavenger-info tenureage="4" tenuremask="7e10" tiltratio="78" />
  <memory-copied type="nursery" objects="125863" bytes="11161272" bytesdiscarded="187328" />
  <memory-copied type="tenure" objects="21621" bytes="1889520" bytesdiscarded="1688" />
  <finalization candidates="1366" enqueued="1330" />
  <ownableSynchronizers candidates="64" cleared="5" />
  <references type="soft" candidates="82" cleared="0" enqueued="0" dynamicThreshold="9" maxThreshold="32" />
  <references type="weak" candidates="204" cleared="85" enqueued="85" />
  <references type="phantom" candidates="166" cleared="69" enqueued="69" />
  <object-monitors candidates="149" cleared="0"  />
</gc-op>
<heap-resize id="1563" type="expand" space="nursery" amount="7733248" count="1" timems="0.032" reason="excessive time being spent scavenging" timestamp="2024-07-18T15:46:20.254" />
<gc-end id="1564" type="scavenge" contextid="1559" durationms="13.478" usertimems="70.557" systemtimems="0.000" stalltimems="17.172" timestamp="2024-07-18T15:46:20.255" activeThreads="8">
  <mem-info id="1565" free="69345032" total="150011904" percent="46">
    <mem type="nursery" free="58967296" total="88211456" percent="66">
      <mem type="allocate" free="58967296" total="70320128" percent="83" />
      <mem type="survivor" free="0" total="17891328" percent="0" />
    </mem>
    <mem type="tenure" free="10377736" total="61800448" percent="16">
      <mem type="soa" free="7287304" total="58710016" percent="12" />
      <mem type="loa" free="3090432" total="3090432" percent="100" />
    </mem>
    <pending-finalizers system="53" default="1277" reference="154" classloader="0" />
    <remembered-set count="7711" />
  </mem-info>
</gc-end>
<cycle-end id="1566" type="scavenge" contextid="1559" timestamp="2024-07-18T15:46:20.255" />
<allocation-satisfied id="1567" threadId="0000000001389C00" bytesRequested="56" />
<af-end id="1568" timestamp="2024-07-18T15:46:20.256" threadId="000000000138A638" success="true" from="nursery"/>
<exclusive-end id="1569" timestamp="2024-07-18T15:46:20.256" durationms="15.715" />

<exclusive-start id="1570" timestamp="2024-07-18T15:46:20.315" intervalms="75.098">
  <response-info timems="0.075" idlems="0.042" threads="1" lastid="0000000000850800" lastname="Default Executor-thread-9" />
</exclusive-start>
<af-start id="1571" threadId="0000000000D4C238" totalBytesRequested="16992" timestamp="2024-07-18T15:46:20.316" intervalms="75.073" type="nursery" />
<cycle-start id="1572" type="scavenge" contextid="0" timestamp="2024-07-18T15:46:20.316" intervalms="75.027" />
<gc-start id="1573" type="scavenge" contextid="1572" timestamp="2024-07-18T15:46:20.317">
  <mem-info id="1574" free="10371288" total="150011904" percent="6">
    <mem type="nursery" free="0" total="88211456" percent="0">
      <mem type="allocate" free="0" total="70320128" percent="0" />
      <mem type="survivor" free="0" total="17891328" percent="0" />
    </mem>
    <mem type="tenure" free="10371288" total="61800448" percent="16">
      <mem type="soa" free="7280856" total="58710016" percent="12" />
      <mem type="loa" free="3090432" total="3090432" percent="100" />
    </mem>
    <remembered-set count="8142" />
  </mem-info>
</gc-start>
<allocation-stats totalBytes="58861144" discardedBytes="112600" >
  <allocated-bytes non-tlh="356000" tlh="58505144" />
  <largest-consumer threadName="Default Executor-thread-21" threadId="0000000000D4B800" bytes="13661520" />
</allocation-stats>
<gc-op id="1575" type="scavenge" timems="8.739" contextid="1572" timestamp="2024-07-18T15:46:20.326">
  <scavenger-info tenureage="9" tenuremask="7e00" tiltratio="79" />
  <memory-copied type="nursery" objects="137006" bytes="12929216" bytesdiscarded="509216" />
  <memory-copied type="tenure" objects="9423" bytes="755712" bytesdiscarded="616" />
  <finalization candidates="1353" enqueued="1300" />
  <ownableSynchronizers candidates="65" cleared="4" />
  <references type="soft" candidates="121" cleared="0" enqueued="0" dynamicThreshold="9" maxThreshold="32" />
  <references type="weak" candidates="238" cleared="110" enqueued="110" />
  <references type="phantom" candidates="142" cleared="35" enqueued="35" />
  <object-monitors candidates="149" cleared="0"  />
</gc-op>
<heap-resize id="1576" type="expand" space="nursery" amount="5505024" count="1" timems="0.034" reason="excessive time being spent scavenging" timestamp="2024-07-18T15:46:20.326" />
<gc-end id="1577" type="scavenge" contextid="1572" durationms="9.766" usertimems="62.021" systemtimems="0.000" stalltimems="42.980" timestamp="2024-07-18T15:46:20.327" activeThreads="11">
  <mem-info id="1578" free="71742704" total="155516928" percent="46">
    <mem type="nursery" free="62315576" total="93716480" percent="66">
      <mem type="allocate" free="62315576" total="75759616" percent="82" />
      <mem type="survivor" free="0" total="17956864" percent="0" />
    </mem>
    <mem type="tenure" free="9427128" total="61800448" percent="15">
      <mem type="soa" free="6336696" total="58710016" percent="10" />
      <mem type="loa" free="3090432" total="3090432" percent="100" />
    </mem>
    <pending-finalizers system="0" default="1300" reference="145" classloader="0" />
    <remembered-set count="6623" />
  </mem-info>
</gc-end>
<cycle-end id="1579" type="scavenge" contextid="1572" timestamp="2024-07-18T15:46:20.327" />
<allocation-satisfied id="1580" threadId="0000000000D4B800" bytesRequested="16992" />
<af-end id="1581" timestamp="2024-07-18T15:46:20.327" threadId="0000000000D4C238" success="true" from="nursery"/>
<exclusive-end id="1582" timestamp="2024-07-18T15:46:20.327" durationms="12.007" />

<exclusive-start id="1583" timestamp="2024-07-18T15:46:20.374" intervalms="58.409">
  <response-info timems="0.085" idlems="0.080" threads="1" lastid="0000000000D4B800" lastname="Default Executor-thread-21" />
</exclusive-start>
<af-start id="1584" threadId="0000000000851238" totalBytesRequested="296" timestamp="2024-07-18T15:46:20.374" intervalms="58.391" type="nursery" />
<cycle-start id="1585" type="scavenge" contextid="0" timestamp="2024-07-18T15:46:20.374" intervalms="58.357" />
<gc-start id="1586" type="scavenge" contextid="1585" timestamp="2024-07-18T15:46:20.375">
  <mem-info id="1587" free="9426256" total="155516928" percent="6">
    <mem type="nursery" free="0" total="93716480" percent="0">
      <mem type="allocate" free="0" total="75759616" percent="0" />
      <mem type="survivor" free="0" total="17956864" percent="0" />
    </mem>
    <mem type="tenure" free="9426256" total="61800448" percent="15">
      <mem type="soa" free="6335824" total="58710016" percent="10" />
      <mem type="loa" free="3090432" total="3090432" percent="100" />
    </mem>
    <remembered-set count="6816" />
  </mem-info>
</gc-start>
<allocation-stats totalBytes="62258984" discardedBytes="57464" >
  <allocated-bytes non-tlh="372808" tlh="61886176" />
  <largest-consumer threadName="Default Executor-thread-8" threadId="000000000084CC00" bytes="17035040" />
</allocation-stats>
<gc-op id="1588" type="scavenge" timems="9.518" contextid="1585" timestamp="2024-07-18T15:46:20.385">
  <scavenger-info tenureage="9" tenuremask="7e00" tiltratio="80" />
  <memory-copied type="nursery" objects="169924" bytes="15794328" bytesdiscarded="435488" />
  <memory-copied type="tenure" objects="3397" bytes="137952" bytesdiscarded="24" />
  <finalization candidates="1748" enqueued="1680" />
  <ownableSynchronizers candidates="59" cleared="0" />
  <references type="soft" candidates="124" cleared="0" enqueued="0" dynamicThreshold="9" maxThreshold="32" />
  <references type="weak" candidates="151" cleared="23" enqueued="23" />
  <references type="phantom" candidates="145" cleared="34" enqueued="34" />
  <object-monitors candidates="149" cleared="0"  />
</gc-op>
<heap-resize id="1589" type="expand" space="nursery" amount="7602176" count="1" timems="0.032" reason="excessive time being spent scavenging" timestamp="2024-07-18T15:46:20.385" />
<gc-end id="1590" type="scavenge" contextid="1585" durationms="10.443" usertimems="79.340" systemtimems="0.000" stalltimems="36.693" timestamp="2024-07-18T15:46:20.385" activeThreads="11">
  <mem-info id="1591" free="71945536" total="163119104" percent="44">
    <mem type="nursery" free="62669296" total="101318656" percent="61">
      <mem type="allocate" free="62669296" total="78905344" percent="79" />
      <mem type="survivor" free="0" total="22413312" percent="0" />
    </mem>
    <mem type="tenure" free="9276240" total="61800448" percent="15">
      <mem type="soa" free="6185808" total="58710016" percent="10" />
      <mem type="loa" free="3090432" total="3090432" percent="100" />
    </mem>
    <pending-finalizers system="4" default="1676" reference="57" classloader="0" />
    <remembered-set count="6231" />
  </mem-info>
</gc-end>
<cycle-end id="1592" type="scavenge" contextid="1585" timestamp="2024-07-18T15:46:20.386" />
<allocation-satisfied id="1593" threadId="0000000000850800" bytesRequested="296" />
<af-end id="1594" timestamp="2024-07-18T15:46:20.386" threadId="0000000000851238" success="true" from="nursery"/>
<exclusive-end id="1595" timestamp="2024-07-18T15:46:20.386" durationms="12.336" />

<exclusive-start id="1596" timestamp="2024-07-18T15:46:20.444" intervalms="70.118">
  <response-info timems="0.068" idlems="0.068" threads="0" lastid="0000000000D3BB00" lastname="Default Executor-thread-20" />
</exclusive-start>
<af-start id="1597" threadId="0000000000D3C538" totalBytesRequested="16" timestamp="2024-07-18T15:46:20.444" intervalms="70.086" type="nursery" />
<cycle-start id="1598" type="scavenge" contextid="0" timestamp="2024-07-18T15:46:20.444" intervalms="70.064" />
<gc-start id="1599" type="scavenge" contextid="1598" timestamp="2024-07-18T15:46:20.445">
  <mem-info id="1600" free="9276176" total="163119104" percent="5">
    <mem type="nursery" free="0" total="101318656" percent="0">
      <mem type="allocate" free="0" total="78905344" percent="0" />
      <mem type="survivor" free="0" total="22413312" percent="0" />
    </mem>
    <mem type="tenure" free="9276176" total="61800448" percent="15">
      <mem type="soa" free="6185744" total="58710016" percent="10" />
      <mem type="loa" free="3090432" total="3090432" percent="100" />
    </mem>
    <remembered-set count="6578" />
  </mem-info>
</gc-start>
<allocation-stats totalBytes="62621360" discardedBytes="48000" >
  <allocated-bytes non-tlh="1145920" tlh="61475440" />
  <largest-consumer threadName="Default Executor-thread-9" threadId="0000000000850800" bytes="19819488" />
</allocation-stats>
<gc-op id="1601" type="scavenge" timems="9.609" contextid="1598" timestamp="2024-07-18T15:46:20.455">
  <scavenger-info tenureage="5" tenuremask="7e20" tiltratio="77" />
  <memory-copied type="nursery" objects="200082" bytes="17654144" bytesdiscarded="633920" />
  <memory-copied type="tenure" objects="18884" bytes="1156880" bytesdiscarded="184" />
  <finalization candidates="1997" enqueued="1926" />
  <ownableSynchronizers candidates="123" cleared="33" />
  <references type="soft" candidates="121" cleared="0" enqueued="0" dynamicThreshold="9" maxThreshold="32" />
  <references type="weak" candidates="198" cleared="24" enqueued="24" />
  <references type="phantom" candidates="165" cleared="54" enqueued="54" />
  <object-monitors candidates="149" cleared="0"  />
</gc-op>
<heap-resize id="1602" type="expand" space="nursery" amount="6815744" count="1" timems="0.032" reason="excessive time being spent scavenging" timestamp="2024-07-18T15:46:20.455" />
<gc-end id="1603" type="scavenge" contextid="1598" durationms="10.598" usertimems="69.939" systemtimems="0.000" stalltimems="39.711" timestamp="2024-07-18T15:46:20.455" activeThreads="12">
  <mem-info id="1604" free="74420568" total="169934848" percent="43">
    <mem type="nursery" free="66114288" total="108134400" percent="61">
      <mem type="allocate" free="66114288" total="84410368" percent="78" />
      <mem type="survivor" free="0" total="23724032" percent="0" />
    </mem>
    <mem type="tenure" free="8306280" total="61800448" percent="13">
      <mem type="soa" free="5215848" total="58710016" percent="8" />
      <mem type="loa" free="3090432" total="3090432" percent="100" />
    </mem>
    <pending-finalizers system="0" default="1926" reference="78" classloader="0" />
    <remembered-set count="6960" />
  </mem-info>
</gc-end>
<cycle-end id="1605" type="scavenge" contextid="1598" timestamp="2024-07-18T15:46:20.456" />
<allocation-satisfied id="1606" threadId="0000000000D3BB00" bytesRequested="16" />
<af-end id="1607" timestamp="2024-07-18T15:46:20.456" threadId="0000000000D3C538" success="true" from="nursery"/>
<exclusive-end id="1608" timestamp="2024-07-18T15:46:20.456" durationms="12.222" />

<exclusive-start id="1609" timestamp="2024-07-18T15:46:20.536" intervalms="92.126">
  <response-info timems="0.067" idlems="0.067" threads="0" lastid="00000000008C4200" lastname="Default Executor-thread-11" />
</exclusive-start>
<af-start id="1610" threadId="00000000008C4C38" totalBytesRequested="2272" timestamp="2024-07-18T15:46:20.536" intervalms="92.164" type="nursery" />
<cycle-start id="1611" type="scavenge" contextid="0" timestamp="2024-07-18T15:46:20.537" intervalms="92.197" />
<gc-start id="1612" type="scavenge" contextid="1611" timestamp="2024-07-18T15:46:20.537">
  <mem-info id="1613" free="8306208" total="169934848" percent="4">
    <mem type="nursery" free="0" total="108134400" percent="0">
      <mem type="allocate" free="0" total="84410368" percent="0" />
      <mem type="survivor" free="0" total="23724032" percent="0" />
    </mem>
    <mem type="tenure" free="8306208" total="61800448" percent="13">
      <mem type="soa" free="5215776" total="58710016" percent="8" />
      <mem type="loa" free="3090432" total="3090432" percent="100" />
    </mem>
    <remembered-set count="9565" />
  </mem-info>
</gc-start>
<allocation-stats totalBytes="65971856" discardedBytes="142504" >
  <allocated-bytes non-tlh="4282680" tlh="61689176" />
  <largest-consumer threadName="Default Executor-thread-11" threadId="00000000008C4200" bytes="22616512" />
</allocation-stats>
<gc-op id="1614" type="scavenge" timems="11.330" contextid="1611" timestamp="2024-07-18T15:46:20.549">
  <scavenger-info tenureage="9" tenuremask="7e00" tiltratio="78" />
  <memory-copied type="nursery" objects="259564" bytes="22080200" bytesdiscarded="428824" />
  <memory-copied type="tenure" objects="6826" bytes="313944" bytesdiscarded="104" />
  <finalization candidates="918" enqueued="847" />
  <ownableSynchronizers candidates="67" cleared="0" />
  <references type="soft" candidates="119" cleared="0" enqueued="0" dynamicThreshold="9" maxThreshold="32" />
  <references type="weak" candidates="244" cleared="71" enqueued="71" />
  <references type="phantom" candidates="323" cleared="106" enqueued="106" />
  <object-monitors candidates="149" cleared="0"  />
</gc-op>
<heap-resize id="1615" type="expand" space="nursery" amount="6291456" count="1" timems="0.028" reason="excessive time being spent scavenging" timestamp="2024-07-18T15:46:20.549" />
<gc-end id="1616" type="scavenge" contextid="1611" durationms="12.232" usertimems="53.612" systemtimems="35.365" stalltimems="41.937" timestamp="2024-07-18T15:46:20.549" activeThreads="12">
  <mem-info id="1617" free="68799448" total="176226304" percent="39">
    <mem type="nursery" free="61168568" total="114425856" percent="53">
      <mem type="allocate" free="61168568" total="83689472" percent="73" />
      <mem type="survivor" free="0" total="30736384" percent="0" />
    </mem>
    <mem type="tenure" free="7630880" total="61800448" percent="12">
      <mem type="soa" free="4540448" total="58710016" percent="7" />
      <mem type="loa" free="3090432" total="3090432" percent="100" />
    </mem>
    <pending-finalizers system="0" default="847" reference="177" classloader="0" />
    <remembered-set count="7989" />
  </mem-info>
</gc-end>
<cycle-end id="1618" type="scavenge" contextid="1611" timestamp="2024-07-18T15:46:20.550" />
<allocation-satisfied id="1619" threadId="00000000008C4200" bytesRequested="2272" />
<af-end id="1620" timestamp="2024-07-18T15:46:20.550" threadId="00000000008C4C38" success="true" from="nursery"/>
<exclusive-end id="1621" timestamp="2024-07-18T15:46:20.550" durationms="14.043" />

<concurrent-kickoff id="1622" timestamp="2024-07-18T15:46:20.603">
  <kickoff reason="threshold reached" targetBytes="30834598" thresholdFreeBytes="4247683"  remainingFree="4221768" tenureFreeBytes="7628656" nurseryFreeBytes="4221768" />
</concurrent-kickoff>
<exclusive-start id="1623" timestamp="2024-07-18T15:46:20.604" intervalms="68.043">
  <response-info timems="0.073" idlems="0.073" threads="0" lastid="0000000000850800" lastname="Default Executor-thread-9" />
</exclusive-start>
<cycle-start id="1624" type="global" contextid="0" timestamp="2024-07-18T15:46:20.604" intervalms="816.620" />
<concurrent-start id="1625" type="global mark" contextid="1624" timestamp="2024-07-18T15:46:20.604">
</concurrent-start>
<exclusive-end id="1626" timestamp="2024-07-18T15:46:20.605" durationms="0.552" />

<concurrent-end id="1627" type="global mark" contextid="1624" timestamp="2024-07-18T15:46:20.624">
<gc-op id="1628" type="trace" timems="19.631" contextid="1624" timestamp="2024-07-18T15:46:20.624">
  <trace bytesTraced="29272868" workStackOverflowCount="0" />
  <card-cleaning reason="card cleaning threshold reached" bytesTraced="1500" cardsCleaned="4" />
</gc-op>
</concurrent-end>

<exclusive-start id="1629" timestamp="2024-07-18T15:46:20.625" intervalms="20.520">
  <response-info timems="0.060" idlems="0.060" threads="0" lastid="0000000001389C00" lastname="ClassloaderMapProcessingThread-9" />
</exclusive-start>
<concurrent-global-final id="1630" timestamp="2024-07-18T15:46:20.625" contextid="1624" intervalms="1600.936" >
  <concurrent-trace-info reason="card cleaning threshold reached" tracedByMutators="22781632" tracedByHelpers="6492736" cardsCleaned="4" workStackOverflowCount="0" />
</concurrent-global-final>
<gc-start id="1631" type="global" contextid="1624" timestamp="2024-07-18T15:46:20.625">
  <mem-info id="1632" free="7787192" total="176226304" percent="4">
    <mem type="nursery" free="158536" total="114425856" percent="0">
      <mem type="allocate" free="158536" total="83689472" percent="0" />
      <mem type="survivor" free="0" total="30736384" percent="0" />
    </mem>
    <mem type="tenure" free="7628656" total="61800448" percent="12">
      <mem type="soa" free="4538224" total="58710016" percent="7" />
      <mem type="loa" free="3090432" total="3090432" percent="100" />
    </mem>
    <remembered-set count="8381" />
  </mem-info>
</gc-start>
<allocation-stats totalBytes="60975840" discardedBytes="36416" >
  <allocated-bytes non-tlh="1708640" tlh="59267200" />
  <largest-consumer threadName="Default Executor-thread-11" threadId="00000000008C4200" bytes="19162584" />
</allocation-stats>
<gc-op id="1633" type="rs-scan" timems="5.158" contextid="1624" timestamp="2024-07-18T15:46:20.631">
  <scan objectsFound="275783" bytesTraced="17174000" workStackOverflowCount="0" />
</gc-op>
<gc-op id="1634" type="card-cleaning" timems="0.845" contextid="1624" timestamp="2024-07-18T15:46:20.632">
  <card-cleaning cardsCleaned="4" bytesTraced="6688" workStackOverflowCount="0" />
</gc-op>
<gc-op id="1635" type="mark" timems="11.276" contextid="1624" timestamp="2024-07-18T15:46:20.643">
  <trace-info objectcount="24212" scancount="19623" scanbytes="1198392" />
  <finalization candidates="1710" enqueued="824" />
  <ownableSynchronizers candidates="7891" cleared="65" />
  <references type="soft" candidates="12417" cleared="6" enqueued="4" dynamicThreshold="9" maxThreshold="32" />
  <references type="weak" candidates="14893" cleared="58" enqueued="58" />
  <references type="phantom" candidates="550" cleared="0" enqueued="0" />
  <stringconstants candidates="37778" cleared="20"  />
  <object-monitors candidates="149" cleared="0"  />
</gc-op>
<gc-op id="1636" type="classunload" timems="0.050" contextid="1624" timestamp="2024-07-18T15:46:20.644">
  <classunload-info classloadercandidates="407" classloadersunloaded="0" classesunloaded="0" anonymousclassesunloaded="0" quiescems="0.000" setupms="0.045" scanms="0.004" postms="0.000" />
</gc-op>
<gc-op id="1637" type="sweep" timems="1.627" contextid="1624" timestamp="2024-07-18T15:46:20.646" />
<heap-resize id="1638" type="expand" space="tenure" amount="9109504" count="1" timems="0.571" reason="insufficient free space following gc" timestamp="2024-07-18T15:46:20.646" />
<gc-end id="1639" type="global" contextid="1624" durationms="21.270" usertimems="88.048" systemtimems="16.017" stalltimems="103.752" timestamp="2024-07-18T15:46:20.647" activeThreads="12">
  <mem-info id="1640" free="77944352" total="185335808" percent="42">
    <mem type="nursery" free="56626288" total="114425856" percent="49">
      <mem type="allocate" free="56626288" total="83689472" percent="67" />
      <mem type="survivor" free="0" total="30736384" percent="0" />
    </mem>
    <mem type="tenure" free="21318064" total="70909952" percent="30" micro-fragmented="1322256" macro-fragmented="0">
      <mem type="soa" free="17771952" total="67363840" percent="26" />
      <mem type="loa" free="3546112" total="3546112" percent="100" />
    </mem>
    <pending-finalizers system="0" default="824" reference="62" classloader="0" />
    <remembered-set count="8163" />
  </mem-info>
</gc-end>
<cycle-end id="1641" type="global" contextid="1624" timestamp="2024-07-18T15:46:20.647" />
<exclusive-end id="1642" timestamp="2024-07-18T15:46:20.647" durationms="22.363" />

<exclusive-start id="1643" timestamp="2024-07-18T15:46:20.677" intervalms="52.566">
  <response-info timems="0.069" idlems="0.069" threads="0" lastid="0000000000850800" lastname="Default Executor-thread-9" />
</exclusive-start>
<af-start id="1644" threadId="0000000000851238" totalBytesRequested="88" timestamp="2024-07-18T15:46:20.677" intervalms="141.086" type="nursery" />
<cycle-start id="1645" type="scavenge" contextid="0" timestamp="2024-07-18T15:46:20.678" intervalms="141.094" />
<gc-start id="1646" type="scavenge" contextid="1645" timestamp="2024-07-18T15:46:20.678">
  <mem-info id="1647" free="21317128" total="185335808" percent="11">
    <mem type="nursery" free="0" total="114425856" percent="0">
      <mem type="allocate" free="0" total="83689472" percent="0" />
      <mem type="survivor" free="0" total="30736384" percent="0" />
    </mem>
    <mem type="tenure" free="21317128" total="70909952" percent="30">
      <mem type="soa" free="17771016" total="67363840" percent="26" />
      <mem type="loa" free="3546112" total="3546112" percent="100" />
    </mem>
    <remembered-set count="8194" />
  </mem-info>
</gc-start>
<allocation-stats totalBytes="56282432" discardedBytes="318328" >
  <allocated-bytes non-tlh="1710296" tlh="54572136" />
  <largest-consumer threadName="Default Executor-thread-21" threadId="0000000000D4B800" bytes="13150720" />
</allocation-stats>
<gc-op id="1648" type="scavenge" timems="10.056" contextid="1645" timestamp="2024-07-18T15:46:20.688">
  <scavenger-info tenureage="9" tenuremask="7e00" tiltratio="73" />
  <memory-copied type="nursery" objects="318740" bytes="24756424" bytesdiscarded="464888" />
  <finalization candidates="681" enqueued="585" />
  <ownableSynchronizers candidates="15656" cleared="15576" />
  <references type="soft" candidates="125" cleared="0" enqueued="0" dynamicThreshold="9" maxThreshold="32" />
  <references type="weak" candidates="210" cleared="2" enqueued="2" />
  <references type="phantom" candidates="237" cleared="0" enqueued="0" />
  <object-monitors candidates="149" cleared="0"  />
</gc-op>
<gc-end id="1649" type="scavenge" contextid="1645" durationms="10.953" usertimems="65.281" systemtimems="18.054" stalltimems="34.899" timestamp="2024-07-18T15:46:20.689" activeThreads="12">
  <mem-info id="1650" free="79188024" total="185335808" percent="42">
    <mem type="nursery" free="57870896" total="114425856" percent="50">
      <mem type="allocate" free="57870896" total="83099648" percent="69" />
      <mem type="survivor" free="0" total="31326208" percent="0" />
    </mem>
    <mem type="tenure" free="21317128" total="70909952" percent="30">
      <mem type="soa" free="17771016" total="67363840" percent="26" />
      <mem type="loa" free="3546112" total="3546112" percent="100" />
    </mem>
    <pending-finalizers system="0" default="585" reference="2" classloader="0" />
    <remembered-set count="8044" />
  </mem-info>
</gc-end>
<cycle-end id="1651" type="scavenge" contextid="1645" timestamp="2024-07-18T15:46:20.689" />
<allocation-satisfied id="1652" threadId="0000000000850800" bytesRequested="88" />
<af-end id="1653" timestamp="2024-07-18T15:46:20.690" threadId="0000000000851238" success="true" from="nursery"/>
<exclusive-end id="1654" timestamp="2024-07-18T15:46:20.690" durationms="12.735" />

<exclusive-start id="1655" timestamp="2024-07-18T15:46:20.727" intervalms="49.927">
  <response-info timems="0.178" idlems="0.112" threads="1" lastid="0000000000D4B800" lastname="Default Executor-thread-21" />
</exclusive-start>
<af-start id="1656" threadId="000000000084D638" totalBytesRequested="72" timestamp="2024-07-18T15:46:20.727" intervalms="49.995" type="nursery" />
<cycle-start id="1657" type="scavenge" contextid="0" timestamp="2024-07-18T15:46:20.728" intervalms="50.020" />
<gc-start id="1658" type="scavenge" contextid="1657" timestamp="2024-07-18T15:46:20.729">
  <mem-info id="1659" free="21316984" total="185335808" percent="11">
    <mem type="nursery" free="0" total="114425856" percent="0">
      <mem type="allocate" free="0" total="83099648" percent="0" />
      <mem type="survivor" free="0" total="31326208" percent="0" />
    </mem>
    <mem type="tenure" free="21316984" total="70909952" percent="30">
      <mem type="soa" free="17770872" total="67363840" percent="26" />
      <mem type="loa" free="3546112" total="3546112" percent="100" />
    </mem>
    <remembered-set count="8151" />
  </mem-info>
</gc-start>
<allocation-stats totalBytes="57661480" discardedBytes="209560" >
  <allocated-bytes non-tlh="811440" tlh="56850040" />
  <largest-consumer threadName="Default Executor-thread-8" threadId="000000000084CC00" bytes="15160240" />
</allocation-stats>
<gc-op id="1660" type="scavenge" timems="13.107" contextid="1657" timestamp="2024-07-18T15:46:20.742">
  <scavenger-info tenureage="9" tenuremask="7e00" tiltratio="72" />
  <memory-copied type="nursery" objects="401265" bytes="30700568" bytesdiscarded="568792" />
  <memory-copied type="tenure" objects="11389" bytes="1202592" bytesdiscarded="4376" />
  <finalization candidates="1095" enqueued="998" />
  <ownableSynchronizers candidates="98" cleared="18" />
  <references type="soft" candidates="127" cleared="0" enqueued="0" dynamicThreshold="9" maxThreshold="32" />
  <references type="weak" candidates="218" cleared="4" enqueued="4" />
  <references type="phantom" candidates="205" cleared="0" enqueued="0" />
  <object-monitors candidates="149" cleared="0"  />
</gc-op>
<heap-resize id="1661" type="expand" space="nursery" amount="16646144" count="1" timems="0.063" reason="excessive time being spent scavenging" timestamp="2024-07-18T15:46:20.743" />
<gc-end id="1662" type="scavenge" contextid="1657" durationms="14.082" usertimems="92.848" systemtimems="18.990" stalltimems="44.186" timestamp="2024-07-18T15:46:20.743" activeThreads="12">
  <mem-info id="1663" free="73262632" total="201981952" percent="36">
    <mem type="nursery" free="53657032" total="131072000" percent="40">
      <mem type="allocate" free="53657032" total="84934656" percent="63" />
      <mem type="survivor" free="0" total="46137344" percent="0" />
    </mem>
    <mem type="tenure" free="19605600" total="70909952" percent="27">
      <mem type="soa" free="16059488" total="67363840" percent="23" />
      <mem type="loa" free="3546112" total="3546112" percent="100" />
    </mem>
    <pending-finalizers system="0" default="998" reference="4" classloader="0" />
    <remembered-set count="8213" />
  </mem-info>
</gc-end>
<cycle-end id="1664" type="scavenge" contextid="1657" timestamp="2024-07-18T15:46:20.743" />
<allocation-satisfied id="1665" threadId="000000000084CC00" bytesRequested="72" />
<af-end id="1666" timestamp="2024-07-18T15:46:20.744" threadId="000000000084D638" success="true" from="nursery"/>
<exclusive-end id="1667" timestamp="2024-07-18T15:46:20.744" durationms="16.644" />

<exclusive-start id="1668" timestamp="2024-07-18T15:46:20.772" intervalms="44.995">
  <response-info timems="0.060" idlems="0.052" threads="2" lastid="0000000000D4B800" lastname="Default Executor-thread-21" />
</exclusive-start>
<af-start id="1669" threadId="000000000084D638" totalBytesRequested="9192" timestamp="2024-07-18T15:46:20.772" intervalms="44.937" type="nursery" />
<cycle-start id="1670" type="scavenge" contextid="0" timestamp="2024-07-18T15:46:20.773" intervalms="44.858" />
<gc-start id="1671" type="scavenge" contextid="1670" timestamp="2024-07-18T15:46:20.773">
  <mem-info id="1672" free="19605600" total="201981952" percent="9">
    <mem type="nursery" free="0" total="131072000" percent="0">
      <mem type="allocate" free="0" total="84934656" percent="0" />
      <mem type="survivor" free="0" total="46137344" percent="0" />
    </mem>
    <mem type="tenure" free="19605600" total="70909952" percent="27">
      <mem type="soa" free="16059488" total="67363840" percent="23" />
      <mem type="loa" free="3546112" total="3546112" percent="100" />
    </mem>
    <remembered-set count="8256" />
  </mem-info>
</gc-start>
<allocation-stats totalBytes="53604240" discardedBytes="52792" >
  <allocated-bytes non-tlh="486104" tlh="53118136" />
  <largest-consumer threadName="Default Executor-thread-8" threadId="000000000084CC00" bytes="12801784" />
</allocation-stats>
<gc-op id="1673" type="scavenge" timems="14.738" contextid="1670" timestamp="2024-07-18T15:46:20.788">
  <scavenger-info tenureage="3" tenuremask="7f58" tiltratio="64" />
  <memory-copied type="nursery" objects="245907" bytes="18310328" bytesdiscarded="525992" />
  <memory-copied type="tenure" objects="173210" bytes="14678576" bytesdiscarded="14160" />
  <finalization candidates="1633" enqueued="1538" />
  <ownableSynchronizers candidates="80" cleared="0" />
  <references type="soft" candidates="77" cleared="0" enqueued="0" dynamicThreshold="9" maxThreshold="32" />
  <references type="weak" candidates="102" cleared="4" enqueued="4" />
  <references type="phantom" candidates="43" cleared="0" enqueued="0" />
  <object-monitors candidates="149" cleared="0"  />
</gc-op>
<heap-resize id="1674" type="expand" space="nursery" amount="21757952" count="1" timems="0.061" reason="excessive time being spent scavenging" timestamp="2024-07-18T15:46:20.789" />
<gc-end id="1675" type="scavenge" contextid="1670" durationms="15.671" usertimems="128.152" systemtimems="0.988" stalltimems="40.021" timestamp="2024-07-18T15:46:20.789" activeThreads="12">
  <mem-info id="1676" free="93197688" total="223739904" percent="41">
    <mem type="nursery" free="88047752" total="152829952" percent="57">
      <mem type="allocate" free="88047752" total="106889216" percent="82" />
      <mem type="survivor" free="0" total="45940736" percent="0" />
    </mem>
    <mem type="tenure" free="5149936" total="70909952" percent="7">
      <mem type="soa" free="1603824" total="67363840" percent="2" />
      <mem type="loa" free="3546112" total="3546112" percent="100" />
    </mem>
    <pending-finalizers system="0" default="1538" reference="4" classloader="0" />
    <remembered-set count="15089" />
  </mem-info>
</gc-end>
<cycle-end id="1677" type="scavenge" contextid="1670" timestamp="2024-07-18T15:46:20.789" />
<allocation-satisfied id="1678" threadId="000000000084CC00" bytesRequested="9192" />
<af-end id="1679" timestamp="2024-07-18T15:46:20.790" threadId="000000000084D638" success="true" from="nursery"/>
<exclusive-end id="1680" timestamp="2024-07-18T15:46:20.790" durationms="17.907" />

<concurrent-kickoff id="1681" timestamp="2024-07-18T15:46:20.840">
  <kickoff reason="threshold reached" targetBytes="35010715" thresholdFreeBytes="4790597"  remainingFree="4748904" tenureFreeBytes="5149936" nurseryFreeBytes="4748904" />
</concurrent-kickoff>
<exclusive-start id="1682" timestamp="2024-07-18T15:46:20.841" intervalms="68.881">
  <response-info timems="0.066" idlems="0.066" threads="0" lastid="000000000084CC00" lastname="Default Executor-thread-8" />
</exclusive-start>
<cycle-start id="1683" type="global" contextid="0" timestamp="2024-07-18T15:46:20.841" intervalms="236.899" />
<concurrent-start id="1684" type="global mark" contextid="1683" timestamp="2024-07-18T15:46:20.841">
</concurrent-start>
<exclusive-end id="1685" timestamp="2024-07-18T15:46:20.842" durationms="0.727" />

<concurrent-end id="1686" type="global mark" contextid="1683" timestamp="2024-07-18T15:46:20.861">
<gc-op id="1687" type="trace" timems="19.851" contextid="1683" timestamp="2024-07-18T15:46:20.861">
  <trace bytesTraced="33333600" workStackOverflowCount="0" />
  <card-cleaning reason="card cleaning threshold reached" bytesTraced="4724" cardsCleaned="11" />
</gc-op>
</concurrent-end>

<exclusive-start id="1688" timestamp="2024-07-18T15:46:20.862" intervalms="20.960">
  <response-info timems="0.107" idlems="0.072" threads="1" lastid="0000000000850800" lastname="Default Executor-thread-9" />
</exclusive-start>
<af-start id="1689" threadId="00000000008C4C38" totalBytesRequested="1376" timestamp="2024-07-18T15:46:20.862" intervalms="89.857" type="nursery" />
<percolate-collect id="1690" from="nursery" to="global" reason="concurrent mark exhausted" timestamp="2024-07-18T15:46:20.862"/>
<gc-start id="1691" type="global" contextid="1683" timestamp="2024-07-18T15:46:20.863">
  <mem-info id="1692" free="5149936" total="223739904" percent="2">
    <mem type="nursery" free="0" total="152829952" percent="0">
      <mem type="allocate" free="0" total="106889216" percent="0" />
      <mem type="survivor" free="0" total="45940736" percent="0" />
    </mem>
    <mem type="tenure" free="5149936" total="70909952" percent="7">
      <mem type="soa" free="1603824" total="67363840" percent="2" />
      <mem type="loa" free="3546112" total="3546112" percent="100" />
    </mem>
    <remembered-set count="15480" />
  </mem-info>
</gc-start>
<allocation-stats totalBytes="87966536" discardedBytes="81216" >
  <allocated-bytes non-tlh="1963208" tlh="86003328" />
  <largest-consumer threadName="Default Executor-thread-21" threadId="0000000000D4B800" bytes="22357192" />
</allocation-stats>
<gc-op id="1693" type="rs-scan" timems="6.873" contextid="1683" timestamp="2024-07-18T15:46:20.870">
  <scan objectsFound="330779" bytesTraced="19520168" workStackOverflowCount="0" />
</gc-op>
<gc-op id="1694" type="card-cleaning" timems="0.833" contextid="1683" timestamp="2024-07-18T15:46:20.871">
  <card-cleaning cardsCleaned="8" bytesTraced="6432" workStackOverflowCount="0" />
</gc-op>
<gc-op id="1695" type="mark" timems="5.347" contextid="1683" timestamp="2024-07-18T15:46:20.877">
  <trace-info objectcount="47938" scancount="34956" scanbytes="1364828" />
  <finalization candidates="3843" enqueued="2957" />
  <ownableSynchronizers candidates="7830" cleared="3" />
  <references type="soft" candidates="12413" cleared="2" enqueued="2" dynamicThreshold="9" maxThreshold="32" />
  <references type="weak" candidates="14858" cleared="5" enqueued="5" />
  <references type="phantom" candidates="716" cleared="140" enqueued="140" />
  <stringconstants candidates="37762" cleared="3"  />
  <object-monitors candidates="149" cleared="0"  />
</gc-op>
<gc-op id="1696" type="sweep" timems="1.887" contextid="1683" timestamp="2024-07-18T15:46:20.879" />
<heap-resize id="1697" type="expand" space="tenure" amount="22282240" count="1" timems="0.545" reason="insufficient free space following gc" timestamp="2024-07-18T15:46:20.880" />
<gc-end id="1698" type="global" contextid="1683" durationms="17.415" usertimems="89.274" systemtimems="9.910" stalltimems="47.520" timestamp="2024-07-18T15:46:20.880" activeThreads="12">
  <mem-info id="1699" free="107566816" total="246022144" percent="43">
    <mem type="nursery" free="79575440" total="152829952" percent="52">
      <mem type="allocate" free="79575440" total="106889216" percent="74" />
      <mem type="survivor" free="0" total="45940736" percent="0" />
    </mem>
    <mem type="tenure" free="27991376" total="93192192" percent="30" micro-fragmented="1373402" macro-fragmented="0">
      <mem type="soa" free="23331152" total="88531968" percent="26" />
      <mem type="loa" free="4660224" total="4660224" percent="100" />
    </mem>
    <pending-finalizers system="0" default="2957" reference="147" classloader="0" />
    <remembered-set count="15399" />
  </mem-info>
</gc-end>
<cycle-end id="1700" type="global" contextid="1683" timestamp="2024-07-18T15:46:20.881" />
<allocation-satisfied id="1701" threadId="00000000008C4200" bytesRequested="1376" />
<af-end id="1702" timestamp="2024-07-18T15:46:20.881" threadId="00000000008C4C38" success="true" from="nursery"/>
<exclusive-end id="1703" timestamp="2024-07-18T15:46:20.881" durationms="19.501" />

<exclusive-start id="1704" timestamp="2024-07-18T15:46:20.928" intervalms="66.253">
  <response-info timems="0.062" idlems="0.062" threads="0" lastid="00000000008C4200" lastname="Default Executor-thread-11" />
</exclusive-start>
<af-start id="1705" threadId="00000000008C4C38" totalBytesRequested="47792" timestamp="2024-07-18T15:46:20.929" intervalms="66.348" type="nursery" />
<cycle-start id="1706" type="scavenge" contextid="0" timestamp="2024-07-18T15:46:20.929" intervalms="156.280" />
<gc-start id="1707" type="scavenge" contextid="1706" timestamp="2024-07-18T15:46:20.929">
  <mem-info id="1708" free="29152728" total="246022144" percent="11">
    <mem type="nursery" free="1161496" total="152829952" percent="0">
      <mem type="allocate" free="1161496" total="106889216" percent="1" />
      <mem type="survivor" free="0" total="45940736" percent="0" />
    </mem>
    <mem type="tenure" free="27991232" total="93192192" percent="30">
      <mem type="soa" free="23331008" total="88531968" percent="26" />
      <mem type="loa" free="4660224" total="4660224" percent="100" />
    </mem>
    <remembered-set count="15554" />
  </mem-info>
</gc-start>
<allocation-stats totalBytes="76973272" discardedBytes="1128136" >
  <allocated-bytes non-tlh="20895056" tlh="56078216" />
  <largest-consumer threadName="Default Executor-thread-21" threadId="0000000000D4B800" bytes="21373008" />
</allocation-stats>
<gc-op id="1709" type="scavenge" timems="16.376" contextid="1706" timestamp="2024-07-18T15:46:20.946">
  <scavenger-info tenureage="8" tenuremask="7f00" tiltratio="69" />
  <memory-copied type="nursery" objects="277180" bytes="24934808" bytesdiscarded="470384" />
  <memory-copied type="tenure" objects="24823" bytes="1043880" bytesdiscarded="1992" />
  <finalization candidates="2677" enqueued="2619" />
  <ownableSynchronizers candidates="15618" cleared="15574" />
  <references type="soft" candidates="12" cleared="0" enqueued="0" dynamicThreshold="9" maxThreshold="32" />
  <references type="weak" candidates="69" cleared="4" enqueued="4" />
  <references type="phantom" candidates="61" cleared="0" enqueued="0" />
  <object-monitors candidates="149" cleared="0"  />
</gc-op>
<heap-resize id="1710" type="expand" space="nursery" amount="7340032" count="1" timems="0.029" reason="excessive time being spent scavenging" timestamp="2024-07-18T15:46:20.947" />
<gc-end id="1711" type="scavenge" contextid="1706" durationms="17.474" usertimems="124.998" systemtimems="0.562" stalltimems="42.401" timestamp="2024-07-18T15:46:20.947" activeThreads="12">
  <mem-info id="1712" free="120263104" total="253362176" percent="47">
    <mem type="nursery" free="94127456" total="160169984" percent="58">
      <mem type="allocate" free="94127456" total="119537664" percent="78" />
      <mem type="survivor" free="0" total="40632320" percent="0" />
    </mem>
    <mem type="tenure" free="26135648" total="93192192" percent="28">
      <mem type="soa" free="21475424" total="88531968" percent="24" />
      <mem type="loa" free="4660224" total="4660224" percent="100" />
    </mem>
    <pending-finalizers system="0" default="2619" reference="4" classloader="0" />
    <remembered-set count="11899" />
  </mem-info>
</gc-end>
<cycle-end id="1713" type="scavenge" contextid="1706" timestamp="2024-07-18T15:46:20.947" />
<allocation-satisfied id="1714" threadId="00000000008C4200" bytesRequested="47792" />
<af-end id="1715" timestamp="2024-07-18T15:46:20.948" threadId="00000000008C4C38" success="true" from="nursery"/>
<exclusive-end id="1716" timestamp="2024-07-18T15:46:20.948" durationms="19.826" />

<exclusive-start id="1717" timestamp="2024-07-18T15:46:21.002" intervalms="73.796">
  <response-info timems="0.059" idlems="0.043" threads="1" lastid="0000000000850800" lastname="Default Executor-thread-9" />
</exclusive-start>
<af-start id="1718" threadId="00000000008C4C38" totalBytesRequested="65544" timestamp="2024-07-18T15:46:21.002" intervalms="73.889" type="nursery" />
<cycle-start id="1719" type="scavenge" contextid="0" timestamp="2024-07-18T15:46:21.003" intervalms="74.003" />
<gc-start id="1720" type="scavenge" contextid="1719" timestamp="2024-07-18T15:46:21.003">
  <mem-info id="1721" free="26135608" total="253362176" percent="10">
    <mem type="nursery" free="0" total="160169984" percent="0">
      <mem type="allocate" free="0" total="119537664" percent="0" />
      <mem type="survivor" free="0" total="40632320" percent="0" />
    </mem>
    <mem type="tenure" free="26135608" total="93192192" percent="28">
      <mem type="soa" free="21475384" total="88531968" percent="24" />
      <mem type="loa" free="4660224" total="4660224" percent="100" />
    </mem>
    <remembered-set count="12271" />
  </mem-info>
</gc-start>
<allocation-stats totalBytes="94030688" discardedBytes="96808" >
  <allocated-bytes non-tlh="630120" tlh="93400568" />
  <largest-consumer threadName="Default Executor-thread-21" threadId="0000000000D4B800" bytes="25514760" />
</allocation-stats>
<gc-op id="1722" type="scavenge" timems="11.570" contextid="1719" timestamp="2024-07-18T15:46:21.016">
  <scavenger-info tenureage="8" tenuremask="7f00" tiltratio="74" />
  <memory-copied type="nursery" objects="308783" bytes="29831168" bytesdiscarded="388728" />
  <finalization candidates="3506" enqueued="3465" />
  <ownableSynchronizers candidates="55" cleared="0" />
  <references type="soft" candidates="12" cleared="0" enqueued="0" dynamicThreshold="9" maxThreshold="32" />
  <references type="weak" candidates="67" cleared="2" enqueued="2" />
  <references type="phantom" candidates="49" cleared="0" enqueued="0" />
  <object-monitors candidates="149" cleared="0"  />
</gc-op>
<heap-resize id="1723" type="expand" space="nursery" amount="13500416" count="1" timems="0.031" reason="excessive time being spent scavenging" timestamp="2024-07-18T15:46:21.016" />
<gc-end id="1724" type="scavenge" contextid="1719" durationms="12.880" usertimems="95.579" systemtimems="0.000" stalltimems="42.232" timestamp="2024-07-18T15:46:21.016" activeThreads="12">
  <mem-info id="1725" free="126130960" total="266862592" percent="47">
    <mem type="nursery" free="99995352" total="173670400" percent="57">
      <mem type="allocate" free="99995352" total="130220032" percent="76" />
      <mem type="survivor" free="0" total="43450368" percent="0" />
    </mem>
    <mem type="tenure" free="26135608" total="93192192" percent="28">
      <mem type="soa" free="21475384" total="88531968" percent="24" />
      <mem type="loa" free="4660224" total="4660224" percent="100" />
    </mem>
    <pending-finalizers system="0" default="3465" reference="2" classloader="0" />
    <remembered-set count="11952" />
  </mem-info>
</gc-end>
<cycle-end id="1726" type="scavenge" contextid="1719" timestamp="2024-07-18T15:46:21.017" />
<allocation-satisfied id="1727" threadId="00000000008C4200" bytesRequested="65544" />
<af-end id="1728" timestamp="2024-07-18T15:46:21.018" threadId="00000000008C4C38" success="true" from="nursery"/>
<exclusive-end id="1729" timestamp="2024-07-18T15:46:21.018" durationms="15.799" />

<exclusive-start id="1730" timestamp="2024-07-18T15:46:21.075" intervalms="73.180">
  <response-info timems="0.068" idlems="0.062" threads="2" lastid="0000000000D4B800" lastname="Default Executor-thread-21" />
</exclusive-start>
<af-start id="1731" threadId="000000000084D638" totalBytesRequested="17784" timestamp="2024-07-18T15:46:21.076" intervalms="73.121" type="nursery" />
<cycle-start id="1732" type="scavenge" contextid="0" timestamp="2024-07-18T15:46:21.076" intervalms="73.073" />
<gc-start id="1733" type="scavenge" contextid="1732" timestamp="2024-07-18T15:46:21.076">
  <mem-info id="1734" free="26135608" total="266862592" percent="9">
    <mem type="nursery" free="0" total="173670400" percent="0">
      <mem type="allocate" free="0" total="130220032" percent="0" />
      <mem type="survivor" free="0" total="43450368" percent="0" />
    </mem>
    <mem type="tenure" free="26135608" total="93192192" percent="28">
      <mem type="soa" free="21475384" total="88531968" percent="24" />
      <mem type="loa" free="4660224" total="4660224" percent="100" />
    </mem>
    <remembered-set count="12120" />
  </mem-info>
</gc-start>
<allocation-stats totalBytes="99852952" discardedBytes="142400" >
  <allocated-bytes non-tlh="1769688" tlh="98083264" />
  <largest-consumer threadName="Default Executor-thread-9" threadId="0000000000850800" bytes="30747632" />
</allocation-stats>
<gc-op id="1735" type="scavenge" timems="13.367" contextid="1732" timestamp="2024-07-18T15:46:21.090">
  <scavenger-info tenureage="8" tenuremask="7f00" tiltratio="74" />
  <memory-copied type="nursery" objects="305164" bytes="30107552" bytesdiscarded="413008" />
  <memory-copied type="tenure" objects="32252" bytes="1514736" bytesdiscarded="1176" />
  <finalization candidates="3647" enqueued="3607" />
  <ownableSynchronizers candidates="55" cleared="0" />
  <references type="soft" candidates="8" cleared="0" enqueued="0" dynamicThreshold="9" maxThreshold="32" />
  <references type="weak" candidates="73" cleared="3" enqueued="3" />
  <references type="phantom" candidates="57" cleared="0" enqueued="0" />
  <object-monitors candidates="149" cleared="0"  />
</gc-op>
<heap-resize id="1736" type="expand" space="nursery" amount="15597568" count="1" timems="0.028" reason="excessive time being spent scavenging" timestamp="2024-07-18T15:46:21.091" />
<gc-end id="1737" type="scavenge" contextid="1732" durationms="14.754" usertimems="100.279" systemtimems="15.239" stalltimems="33.131" timestamp="2024-07-18T15:46:21.091" activeThreads="12">
  <mem-info id="1738" free="143829296" total="282460160" percent="50">
    <mem type="nursery" free="119355856" total="189267968" percent="63">
      <mem type="allocate" free="119355856" total="149880832" percent="79" />
      <mem type="survivor" free="0" total="39387136" percent="0" />
    </mem>
    <mem type="tenure" free="24473440" total="93192192" percent="26">
      <mem type="soa" free="19813216" total="88531968" percent="22" />
      <mem type="loa" free="4660224" total="4660224" percent="100" />
    </mem>
    <pending-finalizers system="0" default="3607" reference="3" classloader="0" />
    <remembered-set count="6436" />
  </mem-info>
</gc-end>
<cycle-end id="1739" type="scavenge" contextid="1732" timestamp="2024-07-18T15:46:21.092" />
<allocation-satisfied id="1740" threadId="000000000084CC00" bytesRequested="17784" />
<af-end id="1741" timestamp="2024-07-18T15:46:21.092" threadId="000000000084D638" success="true" from="nursery"/>
<exclusive-end id="1742" timestamp="2024-07-18T15:46:21.092" durationms="17.206" />

<exclusive-start id="1743" timestamp="2024-07-18T15:46:21.171" intervalms="95.931">
  <response-info timems="0.071" idlems="0.042" threads="1" lastid="000000000084CC00" lastname="Default Executor-thread-8" />
</exclusive-start>
<af-start id="1744" threadId="0000000000D4C238" totalBytesRequested="9248" timestamp="2024-07-18T15:46:21.172" intervalms="96.016" type="nursery" />
<cycle-start id="1745" type="scavenge" contextid="0" timestamp="2024-07-18T15:46:21.172" intervalms="95.990" />
<gc-start id="1746" type="scavenge" contextid="1745" timestamp="2024-07-18T15:46:21.172">
  <mem-info id="1747" free="24473440" total="282460160" percent="8">
    <mem type="nursery" free="0" total="189267968" percent="0">
      <mem type="allocate" free="0" total="149880832" percent="0" />
      <mem type="survivor" free="0" total="39387136" percent="0" />
    </mem>
    <mem type="tenure" free="24473440" total="93192192" percent="26">
      <mem type="soa" free="19813216" total="88531968" percent="22" />
      <mem type="loa" free="4660224" total="4660224" percent="100" />
    </mem>
    <remembered-set count="6685" />
  </mem-info>
</gc-start>
<allocation-stats totalBytes="119244136" discardedBytes="111720" >
  <allocated-bytes non-tlh="4406264" tlh="114837872" />
  <largest-consumer threadName="Default Executor-thread-21" threadId="0000000000D4B800" bytes="35521976" />
</allocation-stats>
<gc-op id="1748" type="scavenge" timems="13.927" contextid="1745" timestamp="2024-07-18T15:46:21.187">
  <scavenger-info tenureage="6" tenuremask="7f40" tiltratio="79" />
  <memory-copied type="nursery" objects="280960" bytes="31036592" bytesdiscarded="477328" />
  <memory-copied type="tenure" objects="65624" bytes="4033080" bytesdiscarded="1976" />
  <finalization candidates="4101" enqueued="4076" />
  <ownableSynchronizers candidates="55" cleared="0" />
  <references type="soft" candidates="2" cleared="0" enqueued="0" dynamicThreshold="9" maxThreshold="32" />
  <references type="weak" candidates="54" cleared="5" enqueued="5" />
  <references type="phantom" candidates="40" cleared="0" enqueued="0" />
  <object-monitors candidates="149" cleared="0"  />
</gc-op>
<heap-resize id="1749" type="expand" space="nursery" amount="13631488" count="1" timems="0.032" reason="excessive time being spent scavenging" timestamp="2024-07-18T15:46:21.188" />
<gc-end id="1750" type="scavenge" contextid="1745" durationms="15.495" usertimems="117.264" systemtimems="0.000" stalltimems="49.520" timestamp="2024-07-18T15:46:21.188" activeThreads="12">
  <mem-info id="1751" free="152093784" total="296091648" percent="51">
    <mem type="nursery" free="131799016" total="202899456" percent="64">
      <mem type="allocate" free="131799016" total="163315712" percent="80" />
      <mem type="survivor" free="0" total="39583744" percent="0" />
    </mem>
    <mem type="tenure" free="20294768" total="93192192" percent="21">
      <mem type="soa" free="15634544" total="88531968" percent="17" />
      <mem type="loa" free="4660224" total="4660224" percent="100" />
    </mem>
    <pending-finalizers system="0" default="4076" reference="5" classloader="0" />
    <remembered-set count="6160" />
  </mem-info>
</gc-end>
<cycle-end id="1752" type="scavenge" contextid="1745" timestamp="2024-07-18T15:46:21.189" />
<allocation-satisfied id="1753" threadId="0000000000D4B800" bytesRequested="9248" />
<af-end id="1754" timestamp="2024-07-18T15:46:21.189" threadId="0000000000D4C238" success="true" from="nursery"/>
<exclusive-end id="1755" timestamp="2024-07-18T15:46:21.189" durationms="18.355" />

<exclusive-start id="1756" timestamp="2024-07-18T15:46:21.309" intervalms="137.637">
  <response-info timems="0.229" idlems="0.141" threads="1" lastid="0000000000D4B800" lastname="Default Executor-thread-21" />
</exclusive-start>
<af-start id="1757" threadId="00000000008C4C38" totalBytesRequested="2672" timestamp="2024-07-18T15:46:21.309" intervalms="137.511" type="nursery" />
<cycle-start id="1758" type="scavenge" contextid="0" timestamp="2024-07-18T15:46:21.310" intervalms="137.631" />
<gc-start id="1759" type="scavenge" contextid="1758" timestamp="2024-07-18T15:46:21.310">
  <mem-info id="1760" free="20292072" total="296091648" percent="6">
    <mem type="nursery" free="0" total="202899456" percent="0">
      <mem type="allocate" free="0" total="163315712" percent="0" />
      <mem type="survivor" free="0" total="39583744" percent="0" />
    </mem>
    <mem type="tenure" free="20292072" total="93192192" percent="21">
      <mem type="soa" free="15631848" total="88531968" percent="17" />
      <mem type="loa" free="4660224" total="4660224" percent="100" />
    </mem>
    <remembered-set count="6878" />
  </mem-info>
</gc-start>
<allocation-stats totalBytes="131700776" discardedBytes="100936" >
  <allocated-bytes non-tlh="4977328" tlh="126723448" />
  <largest-consumer threadName="Default Executor-thread-11" threadId="00000000008C4200" bytes="42106608" />
</allocation-stats>
<gc-op id="1761" type="scavenge" timems="18.051" contextid="1758" timestamp="2024-07-18T15:46:21.329">
  <scavenger-info tenureage="6" tenuremask="7f40" tiltratio="80" />
  <memory-copied type="nursery" objects="193264" bytes="20745632" bytesdiscarded="364176" />
  <memory-copied type="tenure" objects="89220" bytes="3201984" bytesdiscarded="248" />
  <finalization candidates="1806" enqueued="1805" />
  <ownableSynchronizers candidates="67" cleared="30" />
  <references type="soft" candidates="18" cleared="0" enqueued="0" dynamicThreshold="9" maxThreshold="32" />
  <references type="weak" candidates="70" cleared="15" enqueued="15" />
  <references type="phantom" candidates="47" cleared="0" enqueued="0" />
  <object-monitors candidates="149" cleared="0"  />
</gc-op>
<heap-resize id="1762" type="expand" space="nursery" amount="12451840" count="1" timems="0.030" reason="excessive time being spent scavenging" timestamp="2024-07-18T15:46:21.329" />
<gc-end id="1763" type="scavenge" contextid="1758" durationms="19.327" usertimems="101.703" systemtimems="30.127" stalltimems="57.867" timestamp="2024-07-18T15:46:21.330" activeThreads="12">
  <mem-info id="1764" free="172348288" total="308543488" percent="55">
    <mem type="nursery" free="155162808" total="215351296" percent="72">
      <mem type="allocate" free="155162808" total="176291840" percent="88" />
      <mem type="survivor" free="0" total="39059456" percent="0" />
    </mem>
    <mem type="tenure" free="17185480" total="93192192" percent="18">
      <mem type="soa" free="12525256" total="88531968" percent="14" />
      <mem type="loa" free="4660224" total="4660224" percent="100" />
    </mem>
    <pending-finalizers system="0" default="1805" reference="15" classloader="0" />
    <remembered-set count="6067" />
  </mem-info>
</gc-end>
<cycle-end id="1765" type="scavenge" contextid="1758" timestamp="2024-07-18T15:46:21.330" />
<allocation-satisfied id="1766" threadId="00000000008C4200" bytesRequested="2672" />
<af-end id="1767" timestamp="2024-07-18T15:46:21.330" threadId="00000000008C4C38" success="true" from="nursery"/>
<exclusive-end id="1768" timestamp="2024-07-18T15:46:21.331" durationms="21.912" />

<exclusive-start id="1769" timestamp="2024-07-18T15:46:21.495" intervalms="186.136">
  <response-info timems="0.128" idlems="0.103" threads="2" lastid="0000000000850800" lastname="Default Executor-thread-9" />
</exclusive-start>
<af-start id="1770" threadId="000000000084D638" totalBytesRequested="6240" timestamp="2024-07-18T15:46:21.495" intervalms="186.079" type="nursery" />
<cycle-start id="1771" type="scavenge" contextid="0" timestamp="2024-07-18T15:46:21.496" intervalms="185.920" />
<gc-start id="1772" type="scavenge" contextid="1771" timestamp="2024-07-18T15:46:21.496">
  <mem-info id="1773" free="17130200" total="308543488" percent="5">
    <mem type="nursery" free="0" total="215351296" percent="0">
      <mem type="allocate" free="0" total="176291840" percent="0" />
      <mem type="survivor" free="0" total="39059456" percent="0" />
    </mem>
    <mem type="tenure" free="17130200" total="93192192" percent="18">
      <mem type="soa" free="12469976" total="88531968" percent="14" />
      <mem type="loa" free="4660224" total="4660224" percent="100" />
    </mem>
    <remembered-set count="7758" />
  </mem-info>
</gc-start>
<allocation-stats totalBytes="155041568" discardedBytes="176520" >
  <allocated-bytes non-tlh="3333104" tlh="151708464" />
  <largest-consumer threadName="Default Executor-thread-11" threadId="00000000008C4200" bytes="69923600" />
</allocation-stats>
<gc-op id="1774" type="scavenge" timems="9.222" contextid="1771" timestamp="2024-07-18T15:46:21.506">
  <scavenger-info tenureage="8" tenuremask="7f00" tiltratio="81" />
  <memory-copied type="nursery" objects="228190" bytes="25601512" bytesdiscarded="425448" />
  <finalization candidates="2636" enqueued="2636" />
  <ownableSynchronizers candidates="107" cleared="61" />
  <references type="soft" candidates="141" cleared="0" enqueued="0" dynamicThreshold="9" maxThreshold="32" />
  <references type="weak" candidates="295" cleared="173" enqueued="173" />
  <references type="phantom" candidates="228" cleared="162" enqueued="162" />
  <object-monitors candidates="215" cleared="63"  />
</gc-op>
<gc-end id="1775" type="scavenge" contextid="1771" durationms="10.274" usertimems="74.636" systemtimems="0.000" stalltimems="35.767" timestamp="2024-07-18T15:46:21.506" activeThreads="12">
  <mem-info id="1776" free="169942776" total="308543488" percent="55">
    <mem type="nursery" free="152812576" total="215351296" percent="70">
      <mem type="allocate" free="152812576" total="178847744" percent="85" />
      <mem type="survivor" free="0" total="36503552" percent="0" />
    </mem>
    <mem type="tenure" free="17130200" total="93192192" percent="18">
      <mem type="soa" free="12469976" total="88531968" percent="14" />
      <mem type="loa" free="4660224" total="4660224" percent="100" />
    </mem>
    <pending-finalizers system="82" default="2554" reference="335" classloader="0" />
    <remembered-set count="7342" />
  </mem-info>
</gc-end>
<cycle-end id="1777" type="scavenge" contextid="1771" timestamp="2024-07-18T15:46:21.507" />
<allocation-satisfied id="1778" threadId="000000000084CC00" bytesRequested="6240" />
<af-end id="1779" timestamp="2024-07-18T15:46:21.507" threadId="000000000084D638" success="true" from="nursery"/>
<exclusive-end id="1780" timestamp="2024-07-18T15:46:21.507" durationms="12.253" />

<exclusive-start id="1781" timestamp="2024-07-18T15:46:21.766" intervalms="270.986">
  <response-info timems="0.075" idlems="0.075" threads="0" lastid="00000000008C4200" lastname="Default Executor-thread-11" />
</exclusive-start>
<af-start id="1782" threadId="00000000008C4C38" totalBytesRequested="24" timestamp="2024-07-18T15:46:21.766" intervalms="270.983" type="nursery" />
<cycle-start id="1783" type="scavenge" contextid="0" timestamp="2024-07-18T15:46:21.767" intervalms="271.036" />
<gc-start id="1784" type="scavenge" contextid="1783" timestamp="2024-07-18T15:46:21.768">
  <mem-info id="1785" free="16939216" total="308543488" percent="5">
    <mem type="nursery" free="0" total="215351296" percent="0">
      <mem type="allocate" free="0" total="178847744" percent="0" />
      <mem type="survivor" free="0" total="36503552" percent="0" />
    </mem>
    <mem type="tenure" free="16939216" total="93192192" percent="18">
      <mem type="soa" free="12278992" total="88531968" percent="13" />
      <mem type="loa" free="4660224" total="4660224" percent="100" />
    </mem>
    <remembered-set count="11203" />
  </mem-info>
</gc-start>
<allocation-stats totalBytes="152862472" discardedBytes="141088" >
  <allocated-bytes non-tlh="2022992" tlh="150839480" />
  <largest-consumer threadName="Default Executor-thread-11" threadId="00000000008C4200" bytes="106357240" />
</allocation-stats>
<gc-op id="1786" type="scavenge" timems="15.874" contextid="1783" timestamp="2024-07-18T15:46:21.784">
  <scavenger-info tenureage="8" tenuremask="7f00" tiltratio="83" />
  <memory-copied type="nursery" objects="389119" bytes="36099720" bytesdiscarded="391736" />
  <memory-copied type="tenure" objects="3020" bytes="2601272" bytesdiscarded="9616" />
  <copy-failed type="nursery" objects="3020" bytes="2601624" />
  <finalization candidates="4242" enqueued="4242" />
  <ownableSynchronizers candidates="320" cleared="34" />
  <references type="soft" candidates="1193" cleared="0" enqueued="0" dynamicThreshold="9" maxThreshold="32" />
  <references type="weak" candidates="719" cleared="234" enqueued="234" />
  <references type="phantom" candidates="194" cleared="84" enqueued="84" />
  <object-monitors candidates="314" cleared="136"  />
</gc-op>
<gc-end id="1787" type="scavenge" contextid="1783" durationms="17.195" usertimems="112.516" systemtimems="12.574" stalltimems="61.738" timestamp="2024-07-18T15:46:21.785" activeThreads="12">
  <mem-info id="1788" free="133142168" total="308543488" percent="43">
    <mem type="nursery" free="118751232" total="215351296" percent="55">
      <mem type="allocate" free="118751232" total="155254784" percent="76" />
      <mem type="survivor" free="0" total="60096512" percent="0" />
    </mem>
    <mem type="tenure" free="14390936" total="93192192" percent="15">
      <mem type="soa" free="9730712" total="88531968" percent="10" />
      <mem type="loa" free="4660224" total="4660224" percent="100" />
    </mem>
    <pending-finalizers system="152" default="4090" reference="318" classloader="0" />
    <remembered-set count="10620" />
  </mem-info>
</gc-end>
<cycle-end id="1789" type="scavenge" contextid="1783" timestamp="2024-07-18T15:46:21.785" />
<allocation-satisfied id="1790" threadId="00000000008C4200" bytesRequested="24" />
<af-end id="1791" timestamp="2024-07-18T15:46:21.786" threadId="00000000008C4C38" success="true" from="nursery"/>
<exclusive-end id="1792" timestamp="2024-07-18T15:46:21.786" durationms="20.051" />

<concurrent-kickoff id="1793" timestamp="2024-07-18T15:46:22.141">
  <kickoff reason="threshold reached" targetBytes="45695766" thresholdFreeBytes="6279015"  remainingFree="6158608" tenureFreeBytes="14240960" nurseryFreeBytes="6158608" />
</concurrent-kickoff>
<exclusive-start id="1794" timestamp="2024-07-18T15:46:22.142" intervalms="376.427">
  <response-info timems="0.075" idlems="0.075" threads="0" lastid="00000000008C4200" lastname="Default Executor-thread-11" />
</exclusive-start>
<cycle-start id="1795" type="global" contextid="0" timestamp="2024-07-18T15:46:22.143" intervalms="1301.304" />
<concurrent-start id="1796" type="global mark" contextid="1795" timestamp="2024-07-18T15:46:22.143">
</concurrent-start>
<exclusive-end id="1797" timestamp="2024-07-18T15:46:22.143" durationms="0.620" />

<concurrent-end id="1798" type="global mark" contextid="1795" timestamp="2024-07-18T15:46:22.182">
<gc-op id="1799" type="trace" timems="39.699" contextid="1795" timestamp="2024-07-18T15:46:22.182">
  <trace bytesTraced="45211016" workStackOverflowCount="0" />
  <card-cleaning reason="card cleaning threshold reached" bytesTraced="25684" cardsCleaned="59" />
</gc-op>
</concurrent-end>

<exclusive-start id="1800" timestamp="2024-07-18T15:46:22.183" intervalms="40.643">
  <response-info timems="0.062" idlems="0.062" threads="0" lastid="0000000000850800" lastname="Default Executor-thread-9" />
</exclusive-start>
<concurrent-global-final id="1801" timestamp="2024-07-18T15:46:22.183" contextid="1795" intervalms="1558.313" >
  <concurrent-trace-info reason="card cleaning threshold reached" tracedByMutators="27507124" tracedByHelpers="17729576" cardsCleaned="59" workStackOverflowCount="0" />
</concurrent-global-final>
<gc-start id="1802" type="global" contextid="1795" timestamp="2024-07-18T15:46:22.184">
  <mem-info id="1803" free="14685224" total="308543488" percent="4">
    <mem type="nursery" free="444664" total="215351296" percent="0">
      <mem type="allocate" free="444664" total="155254784" percent="0" />
      <mem type="survivor" free="0" total="60096512" percent="0" />
    </mem>
    <mem type="tenure" free="14240560" total="93192192" percent="15">
      <mem type="soa" free="9580336" total="88531968" percent="10" />
      <mem type="loa" free="4660224" total="4660224" percent="100" />
    </mem>
    <remembered-set count="13917" />
  </mem-info>
</gc-start>
<allocation-stats totalBytes="118357704" discardedBytes="99240" >
  <allocated-bytes non-tlh="6333040" tlh="112024664" />
  <largest-consumer threadName="Default Executor-thread-11" threadId="00000000008C4200" bytes="67689472" />
</allocation-stats>
<heap-resize id="1804" type="loa contract" space="tenure" amount="931840" count="1" timems="0.000" reason="contract underutilized loa" timestamp="2024-07-18T15:46:22.184" />
<gc-op id="1805" type="rs-scan" timems="9.153" contextid="1795" timestamp="2024-07-18T15:46:22.193">
  <scan objectsFound="563469" bytesTraced="31616892" workStackOverflowCount="0" />
</gc-op>
<gc-op id="1806" type="card-cleaning" timems="0.782" contextid="1795" timestamp="2024-07-18T15:46:22.194">
  <card-cleaning cardsCleaned="2" bytesTraced="4676" workStackOverflowCount="0" />
</gc-op>
<gc-op id="1807" type="mark" timems="12.163" contextid="1795" timestamp="2024-07-18T15:46:22.207">
  <trace-info objectcount="42637" scancount="39979" scanbytes="1627972" />
  <finalization candidates="1334" enqueued="448" />
  <ownableSynchronizers candidates="8172" cleared="88" />
  <references type="soft" candidates="14155" cleared="0" enqueued="0" dynamicThreshold="9" maxThreshold="32" />
  <references type="weak" candidates="15932" cleared="267" enqueued="267" />
  <references type="phantom" candidates="482" cleared="59" enqueued="59" />
  <stringconstants candidates="39702" cleared="26"  />
  <object-monitors candidates="343" cleared="118"  />
</gc-op>
<gc-op id="1808" type="classunload" timems="1.099" contextid="1795" timestamp="2024-07-18T15:46:22.208">
  <classunload-info classloadercandidates="435" classloadersunloaded="1" classesunloaded="1" anonymousclassesunloaded="0" quiescems="0.000" setupms="1.072" scanms="0.018" postms="0.009" />
</gc-op>
<gc-op id="1809" type="sweep" timems="2.104" contextid="1795" timestamp="2024-07-18T15:46:22.210" />
<heap-resize id="1810" type="expand" space="tenure" amount="4128768" count="1" timems="0.149" reason="insufficient free space following gc" timestamp="2024-07-18T15:46:22.211" />
<heap-resize id="1811" type="loa contract" space="tenure" amount="2919424" count="1" timems="0.000" reason="contract to meet minimum soa" timestamp="2024-07-18T15:46:22.211" />
<gc-end id="1812" type="global" contextid="1795" durationms="27.588" usertimems="144.421" systemtimems="11.131" stalltimems="106.990" timestamp="2024-07-18T15:46:22.211" activeThreads="12">
  <mem-info id="1813" free="130081968" total="312672256" percent="41">
    <mem type="nursery" free="100851496" total="215351296" percent="46">
      <mem type="allocate" free="100851496" total="155254784" percent="64" />
      <mem type="survivor" free="0" total="60096512" percent="0" />
    </mem>
    <mem type="tenure" free="29230472" total="97320960" percent="30" micro-fragmented="1646580" macro-fragmented="0">
      <mem type="soa" free="28256648" total="96347136" percent="29" />
      <mem type="loa" free="973824" total="973824" percent="100" />
    </mem>
    <pending-finalizers system="106" default="342" reference="326" classloader="0" />
    <remembered-set count="10966" />
  </mem-info>
</gc-end>
<cycle-end id="1814" type="global" contextid="1795" timestamp="2024-07-18T15:46:22.212" />
<exclusive-end id="1815" timestamp="2024-07-18T15:46:22.212" durationms="28.772" />

<exclusive-start id="1816" timestamp="2024-07-18T15:46:22.432" intervalms="249.406">
  <response-info timems="0.053" idlems="0.053" threads="0" lastid="00000000008C4200" lastname="Default Executor-thread-11" />
</exclusive-start>
<af-start id="1817" threadId="00000000008C4C38" totalBytesRequested="112" timestamp="2024-07-18T15:46:22.433" intervalms="666.651" type="nursery" />
<cycle-start id="1818" type="scavenge" contextid="0" timestamp="2024-07-18T15:46:22.433" intervalms="666.792" />
<gc-start id="1819" type="scavenge" contextid="1818" timestamp="2024-07-18T15:46:22.434">
  <mem-info id="1820" free="29167024" total="312672256" percent="9">
    <mem type="nursery" free="0" total="215351296" percent="0">
      <mem type="allocate" free="0" total="155254784" percent="0" />
      <mem type="survivor" free="0" total="60096512" percent="0" />
    </mem>
    <mem type="tenure" free="29167024" total="97320960" percent="29">
      <mem type="soa" free="28193200" total="96347136" percent="29" />
      <mem type="loa" free="973824" total="973824" percent="100" />
    </mem>
    <remembered-set count="11807" />
  </mem-info>
</gc-start>
<allocation-stats totalBytes="99495048" discardedBytes="1172584" >
  <allocated-bytes non-tlh="20003344" tlh="79491704" />
  <largest-consumer threadName="Default Executor-thread-11" threadId="00000000008C4200" bytes="86482536" />
</allocation-stats>
<gc-op id="1821" type="scavenge" timems="18.832" contextid="1818" timestamp="2024-07-18T15:46:22.453">
  <scavenger-info tenureage="8" tenuremask="7f00" tiltratio="72" />
  <memory-copied type="nursery" objects="578618" bytes="46248120" bytesdiscarded="609608" />
  <memory-copied type="tenure" objects="10249" bytes="859712" bytesdiscarded="13240" />
  <finalization candidates="2472" enqueued="2471" />
  <ownableSynchronizers candidates="16219" cleared="15951" />
  <references type="soft" candidates="2088" cleared="0" enqueued="0" dynamicThreshold="9" maxThreshold="32" />
  <references type="weak" candidates="584" cleared="70" enqueued="70" />
  <references type="phantom" candidates="123" cleared="5" enqueued="5" />
  <object-monitors candidates="231" cleared="31"  />
</gc-op>
<gc-end id="1822" type="scavenge" contextid="1818" durationms="19.991" usertimems="174.068" systemtimems="3.962" stalltimems="48.928" timestamp="2024-07-18T15:46:22.454" activeThreads="12">
  <mem-info id="1823" free="134262632" total="312672256" percent="42">
    <mem type="nursery" free="106484800" total="215351296" percent="49">
      <mem type="allocate" free="106484800" total="153354240" percent="69" />
      <mem type="survivor" free="0" total="61997056" percent="0" />
    </mem>
    <mem type="tenure" free="27777832" total="97320960" percent="28">
      <mem type="soa" free="26804008" total="96347136" percent="27" />
      <mem type="loa" free="973824" total="973824" percent="100" />
    </mem>
    <pending-finalizers system="18" default="2453" reference="75" classloader="0" />
    <remembered-set count="11475" />
  </mem-info>
</gc-end>
<cycle-end id="1824" type="scavenge" contextid="1818" timestamp="2024-07-18T15:46:22.454" />
<allocation-satisfied id="1825" threadId="00000000008C4200" bytesRequested="112" />
<af-end id="1826" timestamp="2024-07-18T15:46:22.455" threadId="00000000008C4C38" success="true" from="nursery"/>
<exclusive-end id="1827" timestamp="2024-07-18T15:46:22.455" durationms="22.910" />

<exclusive-start id="1828" timestamp="2024-07-18T15:46:22.667" intervalms="234.447">
  <response-info timems="0.052" idlems="0.052" threads="0" lastid="00000000008C4200" lastname="Default Executor-thread-11" />
</exclusive-start>
<af-start id="1829" threadId="00000000008C4C38" totalBytesRequested="1616" timestamp="2024-07-18T15:46:22.667" intervalms="234.374" type="nursery" />
<cycle-start id="1830" type="scavenge" contextid="0" timestamp="2024-07-18T15:46:22.668" intervalms="234.283" />
<gc-start id="1831" type="scavenge" contextid="1830" timestamp="2024-07-18T15:46:22.668">
  <mem-info id="1832" free="27777832" total="312672256" percent="8">
    <mem type="nursery" free="0" total="215351296" percent="0">
      <mem type="allocate" free="0" total="153354240" percent="0" />
      <mem type="survivor" free="0" total="61997056" percent="0" />
    </mem>
    <mem type="tenure" free="27777832" total="97320960" percent="28">
      <mem type="soa" free="26804008" total="96347136" percent="27" />
      <mem type="loa" free="973824" total="973824" percent="100" />
    </mem>
    <remembered-set count="11527" />
  </mem-info>
</gc-start>
<allocation-stats totalBytes="106350440" discardedBytes="134360" >
  <allocated-bytes non-tlh="2500672" tlh="103849768" />
  <largest-consumer threadName="Default Executor-thread-11" threadId="00000000008C4200" bytes="105908392" />
</allocation-stats>
<gc-op id="1833" type="scavenge" timems="21.484" contextid="1830" timestamp="2024-07-18T15:46:22.690">
  <scavenger-info tenureage="7" tenuremask="7f80" tiltratio="71" />
  <memory-copied type="nursery" objects="537164" bytes="46722256" bytesdiscarded="872232" />
  <memory-copied type="tenure" objects="66668" bytes="4310384" bytesdiscarded="14888" />
  <finalization candidates="3198" enqueued="3198" />
  <ownableSynchronizers candidates="278" cleared="10" />
  <references type="soft" candidates="2088" cleared="0" enqueued="0" dynamicThreshold="9" maxThreshold="32" />
  <references type="weak" candidates="513" cleared="7" enqueued="7" />
  <references type="phantom" candidates="107" cleared="0" enqueued="0" />
  <object-monitors candidates="200" cleared="0"  />
</gc-op>
<heap-resize id="1834" type="expand" space="nursery" amount="12451840" count="1" timems="0.068" reason="excessive time being spent scavenging" timestamp="2024-07-18T15:46:22.691" />
<gc-end id="1835" type="scavenge" contextid="1830" durationms="22.989" usertimems="192.278" systemtimems="11.403" stalltimems="55.719" timestamp="2024-07-18T15:46:22.691" activeThreads="12">
  <mem-info id="1836" free="144253472" total="325124096" percent="44">
    <mem type="nursery" free="120691800" total="227803136" percent="52">
      <mem type="allocate" free="120691800" total="168296448" percent="71" />
      <mem type="survivor" free="0" total="59506688" percent="0" />
    </mem>
    <mem type="tenure" free="23561672" total="97320960" percent="24">
      <mem type="soa" free="22587848" total="96347136" percent="23" />
      <mem type="loa" free="973824" total="973824" percent="100" />
    </mem>
    <pending-finalizers system="0" default="3198" reference="7" classloader="0" />
    <remembered-set count="14244" />
  </mem-info>
</gc-end>
<cycle-end id="1837" type="scavenge" contextid="1830" timestamp="2024-07-18T15:46:22.692" />
<allocation-satisfied id="1838" threadId="00000000008C4200" bytesRequested="1616" />
<af-end id="1839" timestamp="2024-07-18T15:46:22.692" threadId="00000000008C4C38" success="true" from="nursery"/>
<exclusive-end id="1840" timestamp="2024-07-18T15:46:22.693" durationms="25.928" />

<exclusive-start id="1841" timestamp="2024-07-18T15:46:22.974" intervalms="307.369">
  <response-info timems="0.053" idlems="0.053" threads="0" lastid="000000000092E900" lastname="Default Executor-thread-17" />
</exclusive-start>
<af-start id="1842" threadId="000000000092F338" totalBytesRequested="296" timestamp="2024-07-18T15:46:22.975" intervalms="307.386" type="nursery" />
<cycle-start id="1843" type="scavenge" contextid="0" timestamp="2024-07-18T15:46:22.975" intervalms="307.505" />
<gc-start id="1844" type="scavenge" contextid="1843" timestamp="2024-07-18T15:46:22.976">
  <mem-info id="1845" free="23560296" total="325124096" percent="7">
    <mem type="nursery" free="0" total="227803136" percent="0">
      <mem type="allocate" free="0" total="168296448" percent="0" />
      <mem type="survivor" free="0" total="59506688" percent="0" />
    </mem>
    <mem type="tenure" free="23560296" total="97320960" percent="24">
      <mem type="soa" free="22586472" total="96347136" percent="23" />
      <mem type="loa" free="973824" total="973824" percent="100" />
    </mem>
    <remembered-set count="14541" />
  </mem-info>
</gc-start>
<allocation-stats totalBytes="120590672" discardedBytes="102504" >
  <allocated-bytes non-tlh="3650416" tlh="116940256" />
  <largest-consumer threadName="Default Executor-thread-11" threadId="00000000008C4200" bytes="120153136" />
</allocation-stats>
<gc-op id="1846" type="scavenge" timems="20.468" contextid="1843" timestamp="2024-07-18T15:46:22.997">
  <scavenger-info tenureage="7" tenuremask="7f80" tiltratio="73" />
  <memory-copied type="nursery" objects="554670" bytes="51467368" bytesdiscarded="456872" />
  <memory-copied type="tenure" objects="28375" bytes="1944328" bytesdiscarded="5024" />
  <finalization candidates="5029" enqueued="5029" />
  <ownableSynchronizers candidates="302" cleared="34" />
  <references type="soft" candidates="2088" cleared="0" enqueued="0" dynamicThreshold="9" maxThreshold="32" />
  <references type="weak" candidates="569" cleared="40" enqueued="40" />
  <references type="phantom" candidates="128" cleared="0" enqueued="0" />
  <object-monitors candidates="200" cleared="0"  />
</gc-op>
<gc-end id="1847" type="scavenge" contextid="1843" durationms="22.005" usertimems="179.196" systemtimems="0.000" stalltimems="56.454" timestamp="2024-07-18T15:46:22.998" activeThreads="12">
  <mem-info id="1848" free="134060016" total="325124096" percent="41">
    <mem type="nursery" free="112425544" total="227803136" percent="49">
      <mem type="allocate" free="112425544" total="164364288" percent="68" />
      <mem type="survivor" free="0" total="63438848" percent="0" />
    </mem>
    <mem type="tenure" free="21634472" total="97320960" percent="22">
      <mem type="soa" free="20660648" total="96347136" percent="21" />
      <mem type="loa" free="973824" total="973824" percent="100" />
    </mem>
    <pending-finalizers system="0" default="5029" reference="40" classloader="0" />
    <remembered-set count="12512" />
  </mem-info>
</gc-end>
<cycle-end id="1849" type="scavenge" contextid="1843" timestamp="2024-07-18T15:46:22.999" />
<allocation-satisfied id="1850" threadId="000000000092E900" bytesRequested="296" />
<af-end id="1851" timestamp="2024-07-18T15:46:23.000" threadId="000000000092F338" success="true" from="nursery"/>
<exclusive-end id="1852" timestamp="2024-07-18T15:46:23.000" durationms="25.878" />

<exclusive-start id="1853" timestamp="2024-07-18T15:46:23.235" intervalms="261.026">
  <response-info timems="0.042" idlems="0.042" threads="0" lastid="00000000008C4200" lastname="Default Executor-thread-11" />
</exclusive-start>
<af-start id="1854" threadId="00000000008C4C38" totalBytesRequested="5560" timestamp="2024-07-18T15:46:23.236" intervalms="260.962" type="nursery" />
<cycle-start id="1855" type="scavenge" contextid="0" timestamp="2024-07-18T15:46:23.236" intervalms="260.809" />
<gc-start id="1856" type="scavenge" contextid="1855" timestamp="2024-07-18T15:46:23.237">
  <mem-info id="1857" free="21615136" total="325124096" percent="6">
    <mem type="nursery" free="0" total="227803136" percent="0">
      <mem type="allocate" free="0" total="164364288" percent="0" />
      <mem type="survivor" free="0" total="63438848" percent="0" />
    </mem>
    <mem type="tenure" free="21615136" total="97320960" percent="22">
      <mem type="soa" free="20641312" total="96347136" percent="21" />
      <mem type="loa" free="973824" total="973824" percent="100" />
    </mem>
    <remembered-set count="13335" />
  </mem-info>
</gc-start>
<allocation-stats totalBytes="112336904" discardedBytes="107976" >
  <allocated-bytes non-tlh="3536552" tlh="108800352" />
  <largest-consumer threadName="Default Executor-thread-11" threadId="00000000008C4200" bytes="101251240" />
</allocation-stats>
<gc-op id="1858" type="scavenge" timems="24.990" contextid="1855" timestamp="2024-07-18T15:46:23.262">
  <scavenger-info tenureage="4" tenuremask="7fd0" tiltratio="72" />
  <memory-copied type="nursery" objects="434105" bytes="39034424" bytesdiscarded="626416" />
  <memory-copied type="tenure" objects="150679" bytes="10324936" bytesdiscarded="6208" />
  <finalization candidates="4163" enqueued="4162" />
  <ownableSynchronizers candidates="308" cleared="21" />
  <references type="soft" candidates="1068" cleared="0" enqueued="0" dynamicThreshold="9" maxThreshold="32" />
  <references type="weak" candidates="565" cleared="96" enqueued="96" />
  <references type="phantom" candidates="219" cleared="100" enqueued="100" />
  <object-monitors candidates="214" cleared="9"  />
</gc-op>
<heap-resize id="1859" type="expand" space="nursery" amount="12845056" count="1" timems="0.042" reason="excessive time being spent scavenging" timestamp="2024-07-18T15:46:23.263" />
<gc-end id="1860" type="scavenge" contextid="1855" durationms="26.322" usertimems="240.295" systemtimems="0.000" stalltimems="54.561" timestamp="2024-07-18T15:46:23.263" activeThreads="12">
  <mem-info id="1861" free="145623728" total="337969152" percent="43">
    <mem type="nursery" free="134785896" total="240648192" percent="56">
      <mem type="allocate" free="134785896" total="174456832" percent="77" />
      <mem type="survivor" free="0" total="66191360" percent="0" />
    </mem>
    <mem type="tenure" free="10837832" total="97320960" percent="11">
      <mem type="soa" free="9864008" total="96347136" percent="10" />
      <mem type="loa" free="973824" total="973824" percent="100" />
    </mem>
    <pending-finalizers system="39" default="4123" reference="196" classloader="0" />
    <remembered-set count="20260" />
  </mem-info>
</gc-end>
<cycle-end id="1862" type="scavenge" contextid="1855" timestamp="2024-07-18T15:46:23.263" />
<allocation-satisfied id="1863" threadId="00000000008C4200" bytesRequested="5560" />
<af-end id="1864" timestamp="2024-07-18T15:46:23.264" threadId="00000000008C4C38" success="true" from="nursery"/>
<exclusive-end id="1865" timestamp="2024-07-18T15:46:23.264" durationms="29.064" />

<concurrent-kickoff id="1866" timestamp="2024-07-18T15:46:23.533">
  <kickoff reason="threshold reached" targetBytes="47762867" thresholdFreeBytes="6585505"  remainingFree="6579640" tenureFreeBytes="10836104" nurseryFreeBytes="6579640" />
</concurrent-kickoff>
<exclusive-start id="1867" timestamp="2024-07-18T15:46:23.534" intervalms="299.136">
  <response-info timems="0.053" idlems="0.053" threads="0" lastid="00000000008C4200" lastname="Default Executor-thread-11" />
</exclusive-start>
<cycle-start id="1868" type="global" contextid="0" timestamp="2024-07-18T15:46:23.535" intervalms="1392.225" />
<concurrent-start id="1869" type="global mark" contextid="1868" timestamp="2024-07-18T15:46:23.535">
</concurrent-start>
<exclusive-end id="1870" timestamp="2024-07-18T15:46:23.536" durationms="1.204" />

<concurrent-end id="1871" type="global mark" contextid="1868" timestamp="2024-07-18T15:46:23.608">
<gc-op id="1872" type="trace" timems="73.160" contextid="1868" timestamp="2024-07-18T15:46:23.608">
  <trace bytesTraced="59335788" workStackOverflowCount="0" />
  <card-cleaning reason="card cleaning threshold reached" bytesTraced="23080" cardsCleaned="23" />
</gc-op>
</concurrent-end>

<exclusive-start id="1873" timestamp="2024-07-18T15:46:23.609" intervalms="74.720">
  <response-info timems="0.071" idlems="0.071" threads="0" lastid="00000000008C4200" lastname="Default Executor-thread-11" />
</exclusive-start>
<concurrent-global-final id="1874" timestamp="2024-07-18T15:46:23.609" contextid="1868" intervalms="1426.259" >
  <concurrent-trace-info reason="card cleaning threshold reached" tracedByMutators="23836100" tracedByHelpers="35522768" cardsCleaned="23" workStackOverflowCount="0" />
</concurrent-global-final>
<gc-start id="1875" type="global" contextid="1868" timestamp="2024-07-18T15:46:23.610">
  <mem-info id="1876" free="10862144" total="337969152" percent="3">
    <mem type="nursery" free="26040" total="240648192" percent="0">
      <mem type="allocate" free="26040" total="174456832" percent="0" />
      <mem type="survivor" free="0" total="66191360" percent="0" />
    </mem>
    <mem type="tenure" free="10836104" total="97320960" percent="11">
      <mem type="soa" free="9862280" total="96347136" percent="10" />
      <mem type="loa" free="973824" total="973824" percent="100" />
    </mem>
    <remembered-set count="20757" />
  </mem-info>
</gc-start>
<allocation-stats totalBytes="134647472" discardedBytes="114112" >
  <allocated-bytes non-tlh="1491528" tlh="133155944" />
  <largest-consumer threadName="Default Executor-thread-11" threadId="00000000008C4200" bytes="133856904" />
</allocation-stats>
<gc-op id="1877" type="rs-scan" timems="9.500" contextid="1868" timestamp="2024-07-18T15:46:23.620">
  <scan objectsFound="373349" bytesTraced="22967404" workStackOverflowCount="0" />
</gc-op>
<gc-op id="1878" type="card-cleaning" timems="1.156" contextid="1868" timestamp="2024-07-18T15:46:23.622">
  <card-cleaning cardsCleaned="0" bytesTraced="0" workStackOverflowCount="0" />
</gc-op>
<gc-op id="1879" type="mark" timems="13.239" contextid="1868" timestamp="2024-07-18T15:46:23.635">
  <trace-info objectcount="38055" scancount="32479" scanbytes="1626868" />
  <finalization candidates="2149" enqueued="1263" />
  <ownableSynchronizers candidates="8140" cleared="83" />
  <references type="soft" candidates="14511" cleared="0" enqueued="0" dynamicThreshold="9" maxThreshold="32" />
  <references type="weak" candidates="15554" cleared="38" enqueued="38" />
  <references type="phantom" candidates="411" cleared="0" enqueued="0" />
  <stringconstants candidates="40185" cleared="22"  />
  <object-monitors candidates="205" cleared="4"  />
</gc-op>
<gc-op id="1880" type="classunload" timems="1.654" contextid="1868" timestamp="2024-07-18T15:46:23.637">
  <classunload-info classloadercandidates="436" classloadersunloaded="0" classesunloaded="2" anonymousclassesunloaded="2" quiescems="0.000" setupms="1.618" scanms="0.035" postms="0.000" />
</gc-op>
<gc-op id="1881" type="sweep" timems="2.556" contextid="1868" timestamp="2024-07-18T15:46:23.640" />
<heap-resize id="1882" type="expand" space="tenure" amount="23461888" count="1" timems="0.587" reason="insufficient free space following gc" timestamp="2024-07-18T15:46:23.641" />
<gc-end id="1883" type="global" contextid="1868" durationms="31.507" usertimems="110.668" systemtimems="28.898" stalltimems="123.588" timestamp="2024-07-18T15:46:23.642" activeThreads="12">
  <mem-info id="1884" free="177446904" total="361431040" percent="49">
    <mem type="nursery" free="141195184" total="240648192" percent="58">
      <mem type="allocate" free="141195184" total="174456832" percent="80" />
      <mem type="survivor" free="0" total="66191360" percent="0" />
    </mem>
    <mem type="tenure" free="36251720" total="120782848" percent="30" micro-fragmented="1814180" macro-fragmented="0">
      <mem type="soa" free="35043400" total="119574528" percent="29" />
      <mem type="loa" free="1208320" total="1208320" percent="100" />
    </mem>
    <pending-finalizers system="0" default="1263" reference="38" classloader="0" />
    <remembered-set count="20235" />
  </mem-info>
</gc-end>
<cycle-end id="1885" type="global" contextid="1868" timestamp="2024-07-18T15:46:23.642" />
<exclusive-end id="1886" timestamp="2024-07-18T15:46:23.642" durationms="33.174" />

<exclusive-start id="1887" timestamp="2024-07-18T15:46:24.605" intervalms="995.899">
  <response-info timems="0.043" idlems="0.043" threads="0" lastid="0000000000823C00" lastname="Default Executor-thread-5" />
</exclusive-start>
<af-start id="1888" threadId="0000000000824638" totalBytesRequested="40" timestamp="2024-07-18T15:46:24.605" intervalms="1369.790" type="nursery" />
<cycle-start id="1889" type="scavenge" contextid="0" timestamp="2024-07-18T15:46:24.606" intervalms="1369.833" />
<gc-start id="1890" type="scavenge" contextid="1889" timestamp="2024-07-18T15:46:24.607">
  <mem-info id="1891" free="36162296" total="361431040" percent="10">
    <mem type="nursery" free="0" total="240648192" percent="0">
      <mem type="allocate" free="0" total="174456832" percent="0" />
      <mem type="survivor" free="0" total="66191360" percent="0" />
    </mem>
    <mem type="tenure" free="36162296" total="120782848" percent="29">
      <mem type="soa" free="34953976" total="119574528" percent="29" />
      <mem type="loa" free="1208320" total="1208320" percent="100" />
    </mem>
    <remembered-set count="21750" />
  </mem-info>
</gc-start>
<allocation-stats totalBytes="140395192" discardedBytes="808816" >
  <allocated-bytes non-tlh="8266648" tlh="132128544" />
  <largest-consumer threadName="Default Executor-thread-11" threadId="00000000008C4200" bytes="113454856" />
</allocation-stats>
<gc-op id="1892" type="scavenge" timems="18.632" contextid="1889" timestamp="2024-07-18T15:46:24.626">
  <scavenger-info tenureage="4" tenuremask="7fd0" tiltratio="72" />
  <memory-copied type="nursery" objects="240426" bytes="16630656" bytesdiscarded="191624" />
  <memory-copied type="tenure" objects="304224" bytes="17837296" bytesdiscarded="14816" />
  <finalization candidates="1005" enqueued="1005" />
  <ownableSynchronizers candidates="16375" cleared="16202" />
  <references type="soft" candidates="322" cleared="0" enqueued="0" dynamicThreshold="9" maxThreshold="32" />
  <references type="weak" candidates="742" cleared="384" enqueued="384" />
  <references type="phantom" candidates="1085" cleared="982" enqueued="982" />
  <object-monitors candidates="209" cleared="5"  />
</gc-op>
<gc-end id="1893" type="scavenge" contextid="1889" durationms="19.986" usertimems="139.801" systemtimems="29.935" stalltimems="39.708" timestamp="2024-07-18T15:46:24.627" activeThreads="12">
  <mem-info id="1894" free="182542792" total="361431040" percent="50">
    <mem type="nursery" free="164525880" total="240648192" percent="68">
      <mem type="allocate" free="164525880" total="181403648" percent="90" />
      <mem type="survivor" free="0" total="59244544" percent="0" />
    </mem>
    <mem type="tenure" free="18016912" total="120782848" percent="14">
      <mem type="soa" free="16808592" total="119574528" percent="14" />
      <mem type="loa" free="1208320" total="1208320" percent="100" />
    </mem>
    <pending-finalizers system="11" default="994" reference="1366" classloader="0" />
    <remembered-set count="4934" />
  </mem-info>
</gc-end>
<cycle-end id="1895" type="scavenge" contextid="1889" timestamp="2024-07-18T15:46:24.627" />
<allocation-satisfied id="1896" threadId="0000000000823C00" bytesRequested="40" />
<af-end id="1897" timestamp="2024-07-18T15:46:24.628" threadId="0000000000824638" success="true" from="nursery"/>
<exclusive-end id="1898" timestamp="2024-07-18T15:46:24.628" durationms="23.111" />

<concurrent-kickoff id="1899" timestamp="2024-07-18T15:46:25.487">
  <kickoff reason="threshold reached" targetBytes="62054822" thresholdFreeBytes="8550503"  remainingFree="8550280" tenureFreeBytes="17300592" nurseryFreeBytes="8550280" />
</concurrent-kickoff>
<exclusive-start id="1900" timestamp="2024-07-18T15:46:25.488" intervalms="883.227">
  <response-info timems="0.062" idlems="0.062" threads="0" lastid="00000000017F0600" lastname="Connection worker" />
</exclusive-start>
<cycle-start id="1901" type="global" contextid="0" timestamp="2024-07-18T15:46:25.488" intervalms="1953.699" />
<concurrent-start id="1902" type="global mark" contextid="1901" timestamp="2024-07-18T15:46:25.489">
</concurrent-start>
<exclusive-end id="1903" timestamp="2024-07-18T15:46:25.489" durationms="0.856" />

<concurrent-end id="1904" type="global mark" contextid="1901" timestamp="2024-07-18T15:46:25.550">
<gc-op id="1905" type="trace" timems="61.721" contextid="1901" timestamp="2024-07-18T15:46:25.551">
  <trace bytesTraced="66694124" workStackOverflowCount="0" />
  <card-cleaning reason="card cleaning threshold reached" bytesTraced="14592" cardsCleaned="100" />
</gc-op>
</concurrent-end>

<exclusive-start id="1906" timestamp="2024-07-18T15:46:25.551" intervalms="63.170">
  <response-info timems="0.238" idlems="0.137" threads="1" lastid="00000000017F0600" lastname="Connection worker" />
</exclusive-start>
<concurrent-global-final id="1907" timestamp="2024-07-18T15:46:25.552" contextid="1901" intervalms="1942.199" >
  <concurrent-trace-info reason="card cleaning threshold reached" tracedByMutators="34686264" tracedByHelpers="32022452" cardsCleaned="100" workStackOverflowCount="0" />
</concurrent-global-final>
<gc-start id="1908" type="global" contextid="1901" timestamp="2024-07-18T15:46:25.552">
  <mem-info id="1909" free="17667488" total="361431040" percent="4">
    <mem type="nursery" free="399240" total="240648192" percent="0">
      <mem type="allocate" free="399240" total="181403648" percent="0" />
      <mem type="survivor" free="0" total="59244544" percent="0" />
    </mem>
    <mem type="tenure" free="17268248" total="120782848" percent="14">
      <mem type="soa" free="16059928" total="119574528" percent="13" />
      <mem type="loa" free="1208320" total="1208320" percent="100" />
    </mem>
    <remembered-set count="17585" />
  </mem-info>
</gc-start>
<allocation-stats totalBytes="164700160" discardedBytes="175144" >
  <allocated-bytes non-tlh="13636016" tlh="151064144" />
  <largest-consumer threadName="Connection worker" threadId="00000000017F0600" bytes="82578072" />
</allocation-stats>
<gc-op id="1910" type="rs-scan" timems="4.692" contextid="1901" timestamp="2024-07-18T15:46:25.557">
  <scan objectsFound="250944" bytesTraced="13944152" workStackOverflowCount="0" />
</gc-op>
<gc-op id="1911" type="card-cleaning" timems="0.676" contextid="1901" timestamp="2024-07-18T15:46:25.558">
  <card-cleaning cardsCleaned="1" bytesTraced="396" workStackOverflowCount="0" />
</gc-op>
<gc-op id="1912" type="mark" timems="11.674" contextid="1901" timestamp="2024-07-18T15:46:25.570">
  <trace-info objectcount="19117" scancount="16111" scanbytes="1037496" />
  <finalization candidates="1484" enqueued="589" />
  <ownableSynchronizers candidates="8467" cleared="177" />
  <references type="soft" candidates="15406" cleared="1192" enqueued="1187" dynamicThreshold="9" maxThreshold="32" />
  <references type="weak" candidates="22155" cleared="5455" enqueued="5403" />
  <references type="phantom" candidates="1394" cleared="87" enqueued="87" />
  <stringconstants candidates="45378" cleared="174"  />
  <object-monitors candidates="206" cleared="1"  />
</gc-op>
<gc-op id="1913" type="classunload" timems="1.407" contextid="1901" timestamp="2024-07-18T15:46:25.572">
  <classunload-info classloadercandidates="454" classloadersunloaded="2" classesunloaded="1" anonymousclassesunloaded="0" quiescems="0.000" setupms="1.372" scanms="0.030" postms="0.003" />
</gc-op>
<gc-op id="1914" type="sweep" timems="1.878" contextid="1901" timestamp="2024-07-18T15:46:25.574" />
<heap-resize id="1915" type="expand" space="tenure" amount="12779520" count="1" timems="0.598" reason="insufficient free space following gc" timestamp="2024-07-18T15:46:25.575" />
<gc-end id="1916" type="global" contextid="1901" durationms="23.548" usertimems="79.296" systemtimems="18.263" stalltimems="101.647" timestamp="2024-07-18T15:46:25.576" activeThreads="12">
  <mem-info id="1917" free="187794472" total="374210560" percent="50">
    <mem type="nursery" free="147697000" total="240648192" percent="61">
      <mem type="allocate" free="147697000" total="181403648" percent="81" />
      <mem type="survivor" free="0" total="59244544" percent="0" />
    </mem>
    <mem type="tenure" free="40097472" total="133562368" percent="30" micro-fragmented="2227353" macro-fragmented="0">
      <mem type="soa" free="38761152" total="132226048" percent="29" />
      <mem type="loa" free="1336320" total="1336320" percent="100" />
    </mem>
    <pending-finalizers system="161" default="428" reference="6677" classloader="0" />
    <remembered-set count="13953" />
  </mem-info>
</gc-end>
<cycle-end id="1918" type="global" contextid="1901" timestamp="2024-07-18T15:46:25.576" />
<exclusive-end id="1919" timestamp="2024-07-18T15:46:25.576" durationms="25.127" />

<exclusive-start id="1920" timestamp="2024-07-18T15:46:48.994" intervalms="23442.221">
  <response-info timems="0.130" idlems="0.082" threads="1" lastid="000000000092DC00" lastname="Default Executor-thread-16" />
</exclusive-start>
<af-start id="1921" threadId="0000000000D49738" totalBytesRequested="32" timestamp="2024-07-18T15:46:48.994" intervalms="24388.608" type="nursery" />
<cycle-start id="1922" type="scavenge" contextid="0" timestamp="2024-07-18T15:46:48.995" intervalms="24388.787" />
<gc-start id="1923" type="scavenge" contextid="1922" timestamp="2024-07-18T15:46:48.995">
  <mem-info id="1924" free="39778080" total="374210560" percent="10">
    <mem type="nursery" free="0" total="240648192" percent="0">
      <mem type="allocate" free="0" total="181403648" percent="0" />
      <mem type="survivor" free="0" total="59244544" percent="0" />
    </mem>
    <mem type="tenure" free="39778080" total="133562368" percent="29">
      <mem type="soa" free="38441760" total="132226048" percent="29" />
      <mem type="loa" free="1336320" total="1336320" percent="100" />
    </mem>
    <remembered-set count="38920" />
  </mem-info>
</gc-start>
<allocation-stats totalBytes="147204272" discardedBytes="754008" >
  <allocated-bytes non-tlh="11630968" tlh="135573304" />
  <largest-consumer threadName="Default Executor-thread-13" threadId="000000000092D000" bytes="88163680" />
</allocation-stats>
<gc-op id="1925" type="scavenge" timems="14.934" contextid="1922" timestamp="2024-07-18T15:46:49.011">
  <scavenger-info tenureage="7" tenuremask="7f80" tiltratio="75" />
  <memory-copied type="nursery" objects="406131" bytes="32618984" bytesdiscarded="348160" />
  <finalization candidates="380" enqueued="369" />
  <ownableSynchronizers candidates="18218" cleared="17803" />
  <references type="soft" candidates="2383" cleared="0" enqueued="0" dynamicThreshold="9" maxThreshold="32" />
  <references type="weak" candidates="3445" cleared="1160" enqueued="1155" />
  <references type="phantom" candidates="1327" cleared="177" enqueued="177" />
  <object-monitors candidates="207" cleared="0"  />
</gc-op>
<gc-end id="1926" type="scavenge" contextid="1922" durationms="19.538" usertimems="136.446" systemtimems="12.075" stalltimems="32.499" timestamp="2024-07-18T15:46:49.015" activeThreads="12">
  <mem-info id="1927" free="188771592" total="374210560" percent="50">
    <mem type="nursery" free="148993512" total="240648192" percent="61">
      <mem type="allocate" free="148993512" total="181993472" percent="81" />
      <mem type="survivor" free="0" total="58654720" percent="0" />
    </mem>
    <mem type="tenure" free="39778080" total="133562368" percent="29" macro-fragmented="27735676">
      <mem type="soa" free="38441760" total="132226048" percent="29" />
      <mem type="loa" free="1336320" total="1336320" percent="100" />
    </mem>
    <pending-finalizers system="256" default="113" reference="1332" classloader="0" />
    <remembered-set count="36299" />
  </mem-info>
</gc-end>
<cycle-end id="1928" type="scavenge" contextid="1922" timestamp="2024-07-18T15:46:49.015" />
<allocation-satisfied id="1929" threadId="0000000000D48D00" bytesRequested="32" />
<af-end id="1930" timestamp="2024-07-18T15:46:49.016" threadId="0000000000D49738" success="true" from="nursery"/>
<exclusive-end id="1931" timestamp="2024-07-18T15:46:49.016" durationms="22.749" />

<exclusive-start id="1932" timestamp="2024-07-18T15:46:51.022" intervalms="2028.131">
  <response-info timems="0.625" idlems="0.254" threads="4" lastid="0000000000022100" lastname="JIT Compilation Thread-000" />
</exclusive-start>
<af-start id="1933" threadId="00000000008C4C38" totalBytesRequested="32" timestamp="2024-07-18T15:46:51.022" intervalms="2028.221" type="nursery" />
<cycle-start id="1934" type="scavenge" contextid="0" timestamp="2024-07-18T15:46:51.023" intervalms="2028.104" />
<gc-start id="1935" type="scavenge" contextid="1934" timestamp="2024-07-18T15:46:51.023">
  <mem-info id="1936" free="39153600" total="374210560" percent="10">
    <mem type="nursery" free="0" total="240648192" percent="0">
      <mem type="allocate" free="0" total="181993472" percent="0" />
      <mem type="survivor" free="0" total="58654720" percent="0" />
    </mem>
    <mem type="tenure" free="39153600" total="133562368" percent="29">
      <mem type="soa" free="37817280" total="132226048" percent="28" />
      <mem type="loa" free="1336320" total="1336320" percent="100" />
    </mem>
    <remembered-set count="45353" />
  </mem-info>
</gc-start>
<allocation-stats totalBytes="149429816" discardedBytes="97208" >
  <allocated-bytes non-tlh="3640848" tlh="145788968" />
  <largest-consumer threadName="Default Executor-thread-13" threadId="000000000092D000" bytes="71789512" />
</allocation-stats>
<gc-op id="1937" type="scavenge" timems="15.388" contextid="1934" timestamp="2024-07-18T15:46:51.040">
  <scavenger-info tenureage="7" tenuremask="7f80" tiltratio="75" />
  <memory-copied type="nursery" objects="435534" bytes="35761096" bytesdiscarded="291080" />
  <finalization candidates="317" enqueued="306" />
  <ownableSynchronizers candidates="806" cleared="256" />
  <references type="soft" candidates="3769" cleared="0" enqueued="0" dynamicThreshold="9" maxThreshold="32" />
  <references type="weak" candidates="3868" cleared="1050" enqueued="1040" />
  <references type="phantom" candidates="1296" cleared="121" enqueued="121" />
  <object-monitors candidates="214" cleared="5"  />
</gc-op>
<gc-end id="1938" type="scavenge" contextid="1934" durationms="17.015" usertimems="103.189" systemtimems="17.863" stalltimems="64.751" timestamp="2024-07-18T15:46:51.040" activeThreads="12">
  <mem-info id="1939" free="187759048" total="374210560" percent="50">
    <mem type="nursery" free="148605448" total="240648192" percent="61">
      <mem type="allocate" free="148605448" total="184680448" percent="80" />
      <mem type="survivor" free="0" total="55967744" percent="0" />
    </mem>
    <mem type="tenure" free="39153600" total="133562368" percent="29" macro-fragmented="27735676">
      <mem type="soa" free="37817280" total="132226048" percent="28" />
      <mem type="loa" free="1336320" total="1336320" percent="100" />
    </mem>
    <pending-finalizers system="276" default="30" reference="1161" classloader="0" />
    <remembered-set count="44128" />
  </mem-info>
</gc-end>
<cycle-end id="1940" type="scavenge" contextid="1934" timestamp="2024-07-18T15:46:51.041" />
<allocation-satisfied id="1941" threadId="00000000008C4200" bytesRequested="32" />
<af-end id="1942" timestamp="2024-07-18T15:46:51.042" threadId="00000000008C4C38" success="true" from="nursery"/>
<exclusive-end id="1943" timestamp="2024-07-18T15:46:51.042" durationms="20.614" />

<exclusive-start id="1944" timestamp="2024-07-18T15:46:51.453" intervalms="430.888">
  <response-info timems="0.072" idlems="0.072" threads="0" lastid="00000000008C4200" lastname="Default Executor-thread-11" />
</exclusive-start>
<af-start id="1945" threadId="00000000008C4C38" totalBytesRequested="72" timestamp="2024-07-18T15:46:51.453" intervalms="430.810" type="nursery" />
<cycle-start id="1946" type="scavenge" contextid="0" timestamp="2024-07-18T15:46:51.453" intervalms="430.759" />
<gc-start id="1947" type="scavenge" contextid="1946" timestamp="2024-07-18T15:46:51.454">
  <mem-info id="1948" free="39103776" total="374210560" percent="10">
    <mem type="nursery" free="0" total="240648192" percent="0">
      <mem type="allocate" free="0" total="184680448" percent="0" />
      <mem type="survivor" free="0" total="55967744" percent="0" />
    </mem>
    <mem type="tenure" free="39103776" total="133562368" percent="29">
      <mem type="soa" free="37767456" total="132226048" percent="28" />
      <mem type="loa" free="1336320" total="1336320" percent="100" />
    </mem>
    <remembered-set count="44744" />
  </mem-info>
</gc-start>
<allocation-stats totalBytes="148545304" discardedBytes="98344" >
  <allocated-bytes non-tlh="362064" tlh="148183240" />
  <largest-consumer threadName="Default Executor-thread-11" threadId="00000000008C4200" bytes="140224856" />
</allocation-stats>
<gc-op id="1949" type="scavenge" timems="13.241" contextid="1946" timestamp="2024-07-18T15:46:51.468">
  <scavenger-info tenureage="7" tenuremask="7f80" tiltratio="76" />
  <memory-copied type="nursery" objects="458279" bytes="36389016" bytesdiscarded="262256" />
  <finalization candidates="16" enqueued="5" />
  <ownableSynchronizers candidates="592" cleared="36" />
  <references type="soft" candidates="3861" cleared="0" enqueued="0" dynamicThreshold="9" maxThreshold="32" />
  <references type="weak" candidates="3026" cleared="116" enqueued="111" />
  <references type="phantom" candidates="1185" cleared="1" enqueued="1" />
  <object-monitors candidates="210" cleared="0"  />
</gc-op>
<gc-end id="1950" type="scavenge" contextid="1946" durationms="14.577" usertimems="115.717" systemtimems="0.000" stalltimems="42.512" timestamp="2024-07-18T15:46:51.469" activeThreads="12">
  <mem-info id="1951" free="189733192" total="374210560" percent="50">
    <mem type="nursery" free="150629416" total="240648192" percent="62">
      <mem type="allocate" free="150629416" total="187301888" percent="80" />
      <mem type="survivor" free="0" total="53346304" percent="0" />
    </mem>
    <mem type="tenure" free="39103776" total="133562368" percent="29" macro-fragmented="27735676">
      <mem type="soa" free="37767456" total="132226048" percent="28" />
      <mem type="loa" free="1336320" total="1336320" percent="100" />
    </mem>
    <pending-finalizers system="5" default="0" reference="112" classloader="0" />
    <remembered-set count="35027" />
  </mem-info>
</gc-end>
<cycle-end id="1952" type="scavenge" contextid="1946" timestamp="2024-07-18T15:46:51.469" />
<allocation-satisfied id="1953" threadId="00000000008C4200" bytesRequested="72" />
<af-end id="1954" timestamp="2024-07-18T15:46:51.470" threadId="00000000008C4C38" success="true" from="nursery"/>
<exclusive-end id="1955" timestamp="2024-07-18T15:46:51.470" durationms="17.251" />

<exclusive-start id="1956" timestamp="2024-07-18T15:49:38.302" intervalms="166849.588">
  <response-info timems="0.063" idlems="0.063" threads="0" lastid="00000000005C7200" lastname="Default Executor-thread-32" />
</exclusive-start>
<af-start id="1957" threadId="00000000005C7C38" totalBytesRequested="8200" timestamp="2024-07-18T15:49:38.303" intervalms="166849.518" type="nursery" />
<cycle-start id="1958" type="scavenge" contextid="0" timestamp="2024-07-18T15:49:38.303" intervalms="166849.649" />
<gc-start id="1959" type="scavenge" contextid="1958" timestamp="2024-07-18T15:49:38.304">
  <mem-info id="1960" free="38890736" total="374210560" percent="10">
    <mem type="nursery" free="0" total="240648192" percent="0">
      <mem type="allocate" free="0" total="187301888" percent="0" />
      <mem type="survivor" free="0" total="53346304" percent="0" />
    </mem>
    <mem type="tenure" free="38890736" total="133562368" percent="29">
      <mem type="soa" free="37554416" total="132226048" percent="28" />
      <mem type="loa" free="1336320" total="1336320" percent="100" />
    </mem>
    <remembered-set count="39347" />
  </mem-info>
</gc-start>
<allocation-stats totalBytes="148734336" discardedBytes="2069600" >
  <allocated-bytes non-tlh="6772072" tlh="141962264" />
  <largest-consumer threadName="Default Executor-thread-32" threadId="00000000005C7200" bytes="39483384" />
</allocation-stats>
<gc-op id="1961" type="scavenge" timems="16.902" contextid="1958" timestamp="2024-07-18T15:49:38.321">
  <scavenger-info tenureage="3" tenuremask="7f88" tiltratio="77" />
  <memory-copied type="nursery" objects="226157" bytes="15830112" bytesdiscarded="415920" />
  <memory-copied type="tenure" objects="192077" bytes="19070288" bytesdiscarded="76832" />
  <finalization candidates="45" enqueued="34" />
  <ownableSynchronizers candidates="14546" cleared="13974" />
  <references type="soft" candidates="1864" cleared="0" enqueued="0" dynamicThreshold="9" maxThreshold="32" />
  <references type="weak" candidates="1968" cleared="184" enqueued="183" />
  <references type="phantom" candidates="272" cleared="33" enqueued="33" />
  <object-monitors candidates="224" cleared="3"  />
</gc-op>
<gc-end id="1962" type="scavenge" contextid="1958" durationms="39.813" usertimems="166.716" systemtimems="5.461" stalltimems="44.915" timestamp="2024-07-18T15:49:38.344" activeThreads="12">
  <mem-info id="1963" free="192343728" total="374210560" percent="51">
    <mem type="nursery" free="173270496" total="240648192" percent="72">
      <mem type="allocate" free="173270496" total="189530112" percent="91" />
      <mem type="survivor" free="0" total="51118080" percent="0" />
    </mem>
    <mem type="tenure" free="19073232" total="133562368" percent="14" macro-fragmented="16050736">
      <mem type="soa" free="17736912" total="132226048" percent="13" />
      <mem type="loa" free="1336320" total="1336320" percent="100" />
    </mem>
    <pending-finalizers system="34" default="0" reference="216" classloader="0" />
    <remembered-set count="8433" />
  </mem-info>
</gc-end>
<cycle-end id="1964" type="scavenge" contextid="1958" timestamp="2024-07-18T15:49:38.344" />
<allocation-satisfied id="1965" threadId="00000000005C7200" bytesRequested="8200" />
<af-end id="1966" timestamp="2024-07-18T15:49:38.345" threadId="00000000005C7C38" success="true" from="nursery"/>
<exclusive-end id="1967" timestamp="2024-07-18T15:49:38.345" durationms="42.905" />

<concurrent-kickoff id="1968" timestamp="2024-07-18T15:49:40.098">
  <kickoff reason="threshold reached" targetBytes="69757830" thresholdFreeBytes="9621608"  remainingFree="9517728" tenureFreeBytes="18837152" nurseryFreeBytes="9517728" />
</concurrent-kickoff>
<exclusive-start id="1969" timestamp="2024-07-18T15:49:40.100" intervalms="1798.273">
  <response-info timems="0.058" idlems="0.058" threads="0" lastid="000000000186B700" lastname="Default Executor-thread-31" />
</exclusive-start>
<cycle-start id="1970" type="global" contextid="0" timestamp="2024-07-18T15:49:40.101" intervalms="194612.200" />
<concurrent-start id="1971" type="global mark" contextid="1970" timestamp="2024-07-18T15:49:40.101">
</concurrent-start>
<exclusive-end id="1972" timestamp="2024-07-18T15:49:40.101" durationms="0.493" />

<concurrent-end id="1973" type="global mark" contextid="1970" timestamp="2024-07-18T15:49:40.209">
<gc-op id="1974" type="trace" timems="108.101" contextid="1970" timestamp="2024-07-18T15:49:40.209">
  <trace bytesTraced="70534880" workStackOverflowCount="0" />
  <card-cleaning reason="card cleaning threshold reached" bytesTraced="34464" cardsCleaned="79" />
</gc-op>
</concurrent-end>

<exclusive-start id="1975" timestamp="2024-07-18T15:49:40.210" intervalms="109.130">
  <response-info timems="0.095" idlems="0.062" threads="1" lastid="0000000001834100" lastname="Default Executor-thread-29" />
</exclusive-start>
<concurrent-global-final id="1976" timestamp="2024-07-18T15:49:40.210" contextid="1970" intervalms="194658.231" >
  <concurrent-trace-info reason="card cleaning threshold reached" tracedByMutators="28196968" tracedByHelpers="42372376" cardsCleaned="79" workStackOverflowCount="0" />
</concurrent-global-final>
<gc-start id="1977" type="global" contextid="1970" timestamp="2024-07-18T15:49:40.211">
  <mem-info id="1978" free="19441640" total="374210560" percent="5">
    <mem type="nursery" free="604832" total="240648192" percent="0">
      <mem type="allocate" free="604832" total="189530112" percent="0" />
      <mem type="survivor" free="0" total="51118080" percent="0" />
    </mem>
    <mem type="tenure" free="18836808" total="133562368" percent="14">
      <mem type="soa" free="17500488" total="132226048" percent="13" />
      <mem type="loa" free="1336320" total="1336320" percent="100" />
    </mem>
    <remembered-set count="12138" />
  </mem-info>
</gc-start>
<allocation-stats totalBytes="172764152" discardedBytes="137936" >
  <allocated-bytes non-tlh="2678032" tlh="170086120" />
  <largest-consumer threadName="Default Executor-thread-32" threadId="00000000005C7200" bytes="79389928" />
</allocation-stats>
<gc-op id="1979" type="rs-scan" timems="5.100" contextid="1970" timestamp="2024-07-18T15:49:40.216">
  <scan objectsFound="245770" bytesTraced="13859080" workStackOverflowCount="0" />
</gc-op>
<gc-op id="1980" type="card-cleaning" timems="1.185" contextid="1970" timestamp="2024-07-18T15:49:40.218">
  <card-cleaning cardsCleaned="30" bytesTraced="84504" workStackOverflowCount="0" />
</gc-op>
<gc-op id="1981" type="mark" timems="12.207" contextid="1970" timestamp="2024-07-18T15:49:40.230">
  <trace-info objectcount="35338" scancount="30704" scanbytes="1052132" />
  <finalization candidates="1366" enqueued="469" />
  <ownableSynchronizers candidates="9020" cleared="375" />
  <references type="soft" candidates="17349" cleared="1208" enqueued="1205" dynamicThreshold="9" maxThreshold="32" />
  <references type="weak" candidates="20013" cleared="1801" enqueued="1786" />
  <references type="phantom" candidates="1378" cleared="65" enqueued="65" />
  <stringconstants candidates="53998" cleared="765"  />
  <object-monitors candidates="223" cleared="12"  />
</gc-op>
<gc-op id="1982" type="classunload" timems="2.397" contextid="1970" timestamp="2024-07-18T15:49:40.233">
  <classunload-info classloadercandidates="536" classloadersunloaded="5" classesunloaded="21" anonymousclassesunloaded="21" quiescems="0.000" setupms="2.327" scanms="0.062" postms="0.007" />
</gc-op>
<gc-op id="1983" type="sweep" timems="2.354" contextid="1970" timestamp="2024-07-18T15:49:40.236" />
<heap-resize id="1984" type="expand" space="tenure" amount="25427968" count="1" timems="0.247" reason="insufficient free space following gc" timestamp="2024-07-18T15:49:40.236" />
<gc-end id="1985" type="global" contextid="1970" durationms="27.599" usertimems="87.416" systemtimems="27.637" stalltimems="99.423" timestamp="2024-07-18T15:49:40.238" activeThreads="12">
  <mem-info id="1986" free="216808128" total="399638528" percent="54">
    <mem type="nursery" free="169070952" total="240648192" percent="70">
      <mem type="allocate" free="169070952" total="189530112" percent="89" />
      <mem type="survivor" free="0" total="51118080" percent="0" />
    </mem>
    <mem type="tenure" free="47737176" total="158990336" percent="30" micro-fragmented="3225049" macro-fragmented="0">
      <mem type="soa" free="46146904" total="157400064" percent="29" />
      <mem type="loa" free="1590272" total="1590272" percent="100" />
    </mem>
    <pending-finalizers system="90" default="379" reference="3056" classloader="0" />
    <remembered-set count="10130" />
  </mem-info>
</gc-end>
<cycle-end id="1987" type="global" contextid="1970" timestamp="2024-07-18T15:49:40.239" />
<exclusive-end id="1988" timestamp="2024-07-18T15:49:40.239" durationms="29.895" />

<exclusive-start id="1989" timestamp="2024-07-18T15:50:04.786" intervalms="24576.827">
  <response-info timems="0.051" idlems="0.051" threads="0" lastid="00000000018B8A00" lastname="Default Executor-thread-27" />
</exclusive-start>
<af-start id="1990" threadId="00000000018B9438" totalBytesRequested="482208" timestamp="2024-07-18T15:50:04.787" intervalms="26484.298" type="nursery" />
<cycle-start id="1991" type="scavenge" contextid="0" timestamp="2024-07-18T15:50:04.787" intervalms="26484.192" />
<gc-start id="1992" type="scavenge" contextid="1991" timestamp="2024-07-18T15:50:04.788">
  <mem-info id="1993" free="47358112" total="399638528" percent="11">
    <mem type="nursery" free="0" total="240648192" percent="0">
      <mem type="allocate" free="0" total="189530112" percent="0" />
      <mem type="survivor" free="0" total="51118080" percent="0" />
    </mem>
    <mem type="tenure" free="47358112" total="158990336" percent="29">
      <mem type="soa" free="45767840" total="157400064" percent="29" />
      <mem type="loa" free="1590272" total="1590272" percent="100" />
    </mem>
    <remembered-set count="16812" />
  </mem-info>
</gc-start>
<allocation-stats totalBytes="168359656" discardedBytes="1007144" >
  <allocated-bytes non-tlh="4383424" tlh="163976232" />
  <largest-consumer threadName="Default Executor-thread-18" threadId="0000000000CBC000" bytes="41783840" />
</allocation-stats>
<gc-op id="1994" type="scavenge" timems="12.320" contextid="1991" timestamp="2024-07-18T15:50:04.801">
  <scavenger-info tenureage="5" tenuremask="7fa0" tiltratio="78" />
  <memory-copied type="nursery" objects="168237" bytes="10975104" bytesdiscarded="475304" />
  <memory-copied type="tenure" objects="113111" bytes="7227912" bytesdiscarded="27472" />
  <finalization candidates="95" enqueued="95" />
  <ownableSynchronizers candidates="19258" cleared="18650" />
  <references type="soft" candidates="3177" cleared="0" enqueued="0" dynamicThreshold="9" maxThreshold="32" />
  <references type="weak" candidates="2914" cleared="565" enqueued="561" />
  <references type="phantom" candidates="305" cleared="22" enqueued="22" />
  <object-monitors candidates="216" cleared="0"  />
</gc-op>
<gc-end id="1995" type="scavenge" contextid="1991" durationms="20.330" usertimems="73.655" systemtimems="28.534" stalltimems="51.849" timestamp="2024-07-18T15:50:04.808" activeThreads="12">
  <mem-info id="1996" free="224252320" total="399638528" percent="56">
    <mem type="nursery" free="184622464" total="240648192" percent="76">
      <mem type="allocate" free="184622464" total="196083712" percent="94" />
      <mem type="survivor" free="0" total="44564480" percent="0" />
    </mem>
    <mem type="tenure" free="39629856" total="158990336" percent="24" macro-fragmented="33282812">
      <mem type="soa" free="38039584" total="157400064" percent="24" />
      <mem type="loa" free="1590272" total="1590272" percent="100" />
    </mem>
    <pending-finalizers system="57" default="38" reference="583" classloader="0" />
    <remembered-set count="13045" />
  </mem-info>
</gc-end>
<cycle-end id="1997" type="scavenge" contextid="1991" timestamp="2024-07-18T15:50:04.809" />
<allocation-satisfied id="1998" threadId="00000000018B8A00" bytesRequested="482208" />
<af-end id="1999" timestamp="2024-07-18T15:50:04.810" threadId="00000000018B9438" success="true" from="nursery"/>
<exclusive-end id="2000" timestamp="2024-07-18T15:50:04.810" durationms="23.816" />

<exclusive-start id="2001" timestamp="2024-07-18T15:54:03.308" intervalms="238521.998">
  <response-info timems="0.066" idlems="0.066" threads="0" lastid="0000000001831D00" lastname="Default Executor-thread-48" />
</exclusive-start>
<af-start id="2002" threadId="0000000001832738" totalBytesRequested="184" timestamp="2024-07-18T15:54:03.309" intervalms="238522.004" type="nursery" />
<cycle-start id="2003" type="scavenge" contextid="0" timestamp="2024-07-18T15:54:03.310" intervalms="238522.238" />
<gc-start id="2004" type="scavenge" contextid="2003" timestamp="2024-07-18T15:54:03.311">
  <mem-info id="2005" free="39504648" total="399638528" percent="9">
    <mem type="nursery" free="0" total="240648192" percent="0">
      <mem type="allocate" free="0" total="196083712" percent="0" />
      <mem type="survivor" free="0" total="44564480" percent="0" />
    </mem>
    <mem type="tenure" free="39504648" total="158990336" percent="24">
      <mem type="soa" free="37914376" total="157400064" percent="24" />
      <mem type="loa" free="1590272" total="1590272" percent="100" />
    </mem>
    <remembered-set count="15912" />
  </mem-info>
</gc-start>
<allocation-stats totalBytes="184608224" discardedBytes="139448" >
  <allocated-bytes non-tlh="1556000" tlh="183052224" />
  <largest-consumer threadName="Timer-7" threadId="0000000000F33300" bytes="43796448" />
</allocation-stats>
<gc-op id="2006" type="scavenge" timems="7.978" contextid="2003" timestamp="2024-07-18T15:54:03.319">
  <scavenger-info tenureage="9" tenuremask="7e00" tiltratio="81" />
  <memory-copied type="nursery" objects="183283" bytes="11803576" bytesdiscarded="154832" />
  <finalization candidates="1" enqueued="0" />
  <ownableSynchronizers candidates="20472" cleared="19946" />
  <references type="soft" candidates="4056" cleared="0" enqueued="0" dynamicThreshold="9" maxThreshold="32" />
  <references type="weak" candidates="2780" cleared="183" enqueued="176" />
  <references type="phantom" candidates="295" cleared="5" enqueued="5" />
  <object-monitors candidates="229" cleared="7"  />
</gc-op>
<gc-end id="2007" type="scavenge" contextid="2003" durationms="16.380" usertimems="50.726" systemtimems="15.758" stalltimems="34.040" timestamp="2024-07-18T15:54:03.327" activeThreads="12">
  <mem-info id="2008" free="229582960" total="399638528" percent="57">
    <mem type="nursery" free="190078312" total="240648192" percent="78">
      <mem type="allocate" free="190078312" total="202047488" percent="94" />
      <mem type="survivor" free="0" total="38600704" percent="0" />
    </mem>
    <mem type="tenure" free="39504648" total="158990336" percent="24" macro-fragmented="7740516">
      <mem type="soa" free="37914376" total="157400064" percent="24" />
      <mem type="loa" free="1590272" total="1590272" percent="100" />
    </mem>
    <pending-finalizers system="0" default="0" reference="181" classloader="0" />
    <remembered-set count="13626" />
  </mem-info>
</gc-end>
<cycle-end id="2009" type="scavenge" contextid="2003" timestamp="2024-07-18T15:54:03.328" />
<allocation-satisfied id="2010" threadId="0000000001831D00" bytesRequested="184" />
<af-end id="2011" timestamp="2024-07-18T15:54:03.328" threadId="0000000001832738" success="true" from="nursery"/>
<exclusive-end id="2012" timestamp="2024-07-18T15:54:03.329" durationms="20.268" />

</verbosegc>

