<?xml version="1.0" ?>

<verbosegc xmlns="http://www.ibm.com/j9/verbosegc" version="254af5a04_CMPRSS">

<initialized id="1" timestamp="2024-07-17T18:05:10.330">
  <attribute name="gcPolicy" value="-Xgcpolicy:gencon" />
  <attribute name="maxHeapSize" value="0xf7ac0000" />
  <attribute name="initialHeapSize" value="0x800000" />
  <attribute name="compressedRefs" value="true" />
  <attribute name="compressedRefsDisplacement" value="0x0" />
  <attribute name="compressedRefsShift" value="0x3" />
  <attribute name="pageSize" value="0x1000" />
  <attribute name="pageType" value="not used" />
  <attribute name="requestedPageSize" value="0x1000" />
  <attribute name="requestedPageType" value="not used" />
  <attribute name="gcthreads" value="12" />
  <attribute name="gcthreads Concurrent Mark" value="1" />
  <attribute name="packetListSplit" value="2" />
  <attribute name="cacheListSplit" value="2" />
  <attribute name="splitFreeListSplitAmount" value="2" />
  <attribute name="numaNodes" value="0" />
  <system>
    <attribute name="physicalMemory" value="16621170688" />
    <attribute name="addressablePhysicalMemory" value="16621170688" />
    <attribute name="container memory limit set" value="false" />
    <attribute name="numCPUs" value="12" />
    <attribute name="numCPUs active" value="12" />
    <attribute name="architecture" value="amd64" />
    <attribute name="os" value="Linux" />
    <attribute name="osVersion" value="5.15.153.1-microsoft-standard-WSL2" />
  </system>
  <vmargs>
    <vmarg name="-Xoptionsfile=/opt/java/openjdk/lib/options.default" />
    <vmarg name="-Xlockword:mode=default,noLockword=java/lang/String,noLockword=java/util/MapEntry,noLockword=java/util/HashMap$Entry,noLockword..." />
    <vmarg name="-XX:+EnsureHashed:java/lang/Class,java/lang/Thread" />
    <vmarg name="-Xjcl:jclse29" />
    <vmarg name="-Dcom.ibm.oti.vm.bootstrap.library.path=/opt/java/openjdk/lib/default:/opt/java/openjdk/lib" />
    <vmarg name="-Dsun.boot.library.path=/opt/java/openjdk/lib/default:/opt/java/openjdk/lib" />
    <vmarg name="-Djava.library.path=/opt/java/openjdk/lib/default:/opt/java/openjdk/lib:/usr/lib64:/usr/lib" />
    <vmarg name="-Djava.home=/opt/java/openjdk" />
    <vmarg name="-Duser.dir=/opt/ibm/wlp/output/defaultServer" />
    <vmarg name="-XX:+IgnoreUnrecognizedVMOptions" />
    <vmarg name="-XX:+PortableSharedCache" />
    <vmarg name="-XX:+IdleTuningGcOnIdle" />
    <vmarg name="-Xshareclasses:name=openj9_system_scc,cacheDir=/opt/java/.scc,readonly,nonFatal" />
    <vmarg name="-Xverbosegclog:/logs/verbosegc.%seq.log,10,1024" />
    <vmarg name="-XX:+IgnoreUnrecognizedVMOptions" />
    <vmarg name="-XX:+IdleTuningGcOnIdle" />
    <vmarg name="-Xshareclasses:name=openj9_system_scc,cacheDir=/opt/java/.scc,readonly,nonFatal" />
    <vmarg name="-Dosgi.checkConfiguration=false" />
    <vmarg name="-XX:+IgnoreUnrecognizedVMOptions" />
    <vmarg name="-XX:+IdleTuningGcOnIdle" />
    <vmarg name="-Xshareclasses:name=openj9_system_scc,cacheDir=/opt/java/.scc,readonly,nonFatal" />
    <vmarg name="-Dosgi.checkConfiguration=false" />
    <vmarg name="-javaagent:/opt/ibm/wlp/bin/tools/ws-javaagent.jar" />
    <vmarg name="-Djava.awt.headless=true" />
    <vmarg name="-Djdk.attach.allowAttachSelf=true" />
    <vmarg name="-Xbootclasspath/a:/opt/ibm/zosconnect/lib/icu4j-71.1.jar:/opt/ibm/zosconnect/lib/icu4j-charset-71.1.jar" />
    <vmarg name="--add-exports=java.base/sun.security.action=ALL-UNNAMED" />
    <vmarg name="--add-exports=java.naming/com.sun.jndi.ldap=ALL-UNNAMED" />
    <vmarg name="--add-exports=java.naming/com.sun.jndi.url.ldap=ALL-UNNAMED" />
    <vmarg name="--add-exports=jdk.naming.dns/com.sun.jndi.dns=ALL-UNNAMED" />
    <vmarg name="--add-exports=jdk.naming.dns/com.sun.jndi.url.dns=ALL-UNNAMED" />
    <vmarg name="--add-exports=java.security.jgss/sun.security.krb5.internal=ALL-UNNAMED" />
    <vmarg name="--add-exports=jdk.attach/sun.tools.attach=ALL-UNNAMED" />
    <vmarg name="--add-opens=java.base/java.util=ALL-UNNAMED" />
    <vmarg name="--add-opens=java.base/java.lang=ALL-UNNAMED" />
    <vmarg name="--add-opens=java.base/java.util.concurrent=ALL-UNNAMED" />
    <vmarg name="--add-opens=java.base/java.io=ALL-UNNAMED" />
    <vmarg name="--add-opens=java.base/java.nio=ALL-UNNAMED" />
    <vmarg name="--add-opens=java.base/sun.nio.ch=ALL-UNNAMED" />
    <vmarg name="--add-opens=java.naming/javax.naming.spi=ALL-UNNAMED" />
    <vmarg name="--add-opens=java.naming/com.sun.naming.internal=ALL-UNNAMED" />
    <vmarg name="--add-opens=jdk.naming.rmi/com.sun.jndi.url.rmi=ALL-UNNAMED" />
    <vmarg name="--add-opens=java.naming/javax.naming=ALL-UNNAMED" />
    <vmarg name="--add-opens=java.rmi/java.rmi=ALL-UNNAMED" />
    <vmarg name="--add-opens=java.sql/java.sql=ALL-UNNAMED" />
    <vmarg name="--add-opens=java.management/javax.management=ALL-UNNAMED" />
    <vmarg name="--add-opens=java.base/java.lang.reflect=ALL-UNNAMED" />
    <vmarg name="--add-opens=java.desktop/java.awt.image=ALL-UNNAMED" />
    <vmarg name="--add-opens=java.base/java.security=ALL-UNNAMED" />
    <vmarg name="--add-opens=java.base/java.net=ALL-UNNAMED" />
    <vmarg name="--add-opens=java.base/java.text=ALL-UNNAMED" />
    <vmarg name="--add-opens=java.base/sun.net.www.protocol.https=ALL-UNNAMED" />
    <vmarg name="--add-exports=jdk.management.agent/jdk.internal.agent=ALL-UNNAMED" />
    <vmarg name="--add-exports=java.base/jdk.internal.vm=ALL-UNNAMED" />
    <vmarg name="-Djava.class.path=/opt/ibm/wlp/bin/tools/ws-server.jar" />
    <vmarg name="-Dsun.java.command=/opt/ibm/wlp/bin/tools/ws-server.jar defaultServer --clean" />
    <vmarg name="-Dsun.java.launcher=SUN_STANDARD" />
  </vmargs>
</initialized>

<exclusive-start id="2" timestamp="2024-07-17T18:05:10.668" intervalms="337.843">
  <response-info timems="0.044" idlems="0.044" threads="0" lastid="000000000001E500" lastname="main" />
</exclusive-start>
<af-start id="3" threadId="000000000001EF38" totalBytesRequested="24" timestamp="2024-07-17T18:05:10.668" intervalms="338.235" type="nursery" />
<cycle-start id="4" type="scavenge" contextid="0" timestamp="2024-07-17T18:05:10.669" intervalms="338.551" />
<gc-start id="5" type="scavenge" contextid="4" timestamp="2024-07-17T18:05:10.669">
  <mem-info id="6" free="6075128" total="8388608" percent="72">
    <mem type="nursery" free="0" total="2097152" percent="0">
      <mem type="allocate" free="0" total="1048576" percent="0" />
      <mem type="survivor" free="0" total="1048576" percent="0" />
    </mem>
    <mem type="tenure" free="6075128" total="6291456" percent="96">
      <mem type="soa" free="5759736" total="5976064" percent="96" />
      <mem type="loa" free="315392" total="315392" percent="100" />
    </mem>
    <remembered-set count="3010" />
  </mem-info>
</gc-start>
<allocation-stats totalBytes="1264352" discardedBytes="552" >
  <allocated-bytes non-tlh="232720" tlh="1031632" />
  <largest-consumer threadName="main" threadId="000000000001E500" bytes="1211104" />
</allocation-stats>
<gc-op id="7" type="scavenge" timems="2.113" contextid="4" timestamp="2024-07-17T18:05:10.671">
  <scavenger-info tenureage="2" tenuremask="fffc" tiltratio="50" />
  <memory-copied type="nursery" objects="10138" bytes="480016" bytesdiscarded="61112" />
  <finalization candidates="170" enqueued="106" />
  <ownableSynchronizers candidates="1" cleared="0" />
  <references type="soft" candidates="20" cleared="0" enqueued="0" dynamicThreshold="32" maxThreshold="32" />
  <references type="weak" candidates="125" cleared="26" enqueued="26" />
  <references type="phantom" candidates="23" cleared="5" enqueued="5" />
  <object-monitors candidates="1" cleared="0"  />
</gc-op>
<gc-end id="8" type="scavenge" contextid="4" durationms="2.853" usertimems="2.974" systemtimems="1.893" stalltimems="3.871" timestamp="2024-07-17T18:05:10.672" activeThreads="4">
  <mem-info id="9" free="6581432" total="8388608" percent="78">
    <mem type="nursery" free="506304" total="2097152" percent="24">
      <mem type="allocate" free="506304" total="1048576" percent="48" />
      <mem type="survivor" free="0" total="1048576" percent="0" />
    </mem>
    <mem type="tenure" free="6075128" total="6291456" percent="96">
      <mem type="soa" free="5759736" total="5976064" percent="96" />
      <mem type="loa" free="315392" total="315392" percent="100" />
    </mem>
    <pending-finalizers system="106" default="0" reference="31" classloader="0" />
    <remembered-set count="3010" />
  </mem-info>
</gc-end>
<cycle-end id="10" type="scavenge" contextid="4" timestamp="2024-07-17T18:05:10.672" />
<allocation-satisfied id="11" threadId="000000000001E500" bytesRequested="24" />
<af-end id="12" timestamp="2024-07-17T18:05:10.672" threadId="000000000001EF38" success="true" from="nursery"/>
<exclusive-end id="13" timestamp="2024-07-17T18:05:10.673" durationms="4.729" />

<exclusive-start id="14" timestamp="2024-07-17T18:05:10.700" intervalms="32.209">
  <response-info timems="0.055" idlems="0.055" threads="0" lastid="000000000001E500" lastname="main" />
</exclusive-start>
<af-start id="15" threadId="000000000001EF38" totalBytesRequested="3080" timestamp="2024-07-17T18:05:10.700" intervalms="32.179" type="nursery" />
<cycle-start id="16" type="scavenge" contextid="0" timestamp="2024-07-17T18:05:10.701" intervalms="32.142" />
<gc-start id="17" type="scavenge" contextid="16" timestamp="2024-07-17T18:05:10.701">
  <mem-info id="18" free="6028952" total="8388608" percent="71">
    <mem type="nursery" free="0" total="2097152" percent="0">
      <mem type="allocate" free="0" total="1048576" percent="0" />
      <mem type="survivor" free="0" total="1048576" percent="0" />
    </mem>
    <mem type="tenure" free="6028952" total="6291456" percent="95">
      <mem type="soa" free="5713560" total="5976064" percent="95" />
      <mem type="loa" free="315392" total="315392" percent="100" />
    </mem>
    <remembered-set count="3817" />
  </mem-info>
</gc-start>
<allocation-stats totalBytes="499840" discardedBytes="52640" >
  <allocated-bytes non-tlh="46200" tlh="453640" />
  <largest-consumer threadName="main" threadId="000000000001E500" bytes="425992" />
</allocation-stats>
<gc-op id="19" type="scavenge" timems="2.219" contextid="16" timestamp="2024-07-17T18:05:10.704">
  <scavenger-info tenureage="5" tenuremask="7fe0" tiltratio="50" />
  <memory-copied type="nursery" objects="11340" bytes="529008" bytesdiscarded="52344" />
  <finalization candidates="119" enqueued="35" />
  <ownableSynchronizers candidates="1" cleared="0" />
  <references type="soft" candidates="39" cleared="0" enqueued="0" dynamicThreshold="32" maxThreshold="32" />
  <references type="weak" candidates="210" cleared="84" enqueued="84" />
  <references type="phantom" candidates="22" cleared="3" enqueued="3" />
  <object-monitors candidates="1" cleared="0"  />
</gc-op>
<gc-end id="20" type="scavenge" contextid="16" durationms="3.039" usertimems="0.000" systemtimems="5.398" stalltimems="3.780" timestamp="2024-07-17T18:05:10.704" activeThreads="4">
  <mem-info id="21" free="6494928" total="8388608" percent="77">
    <mem type="nursery" free="465976" total="2097152" percent="22">
      <mem type="allocate" free="465976" total="1048576" percent="44" />
      <mem type="survivor" free="0" total="1048576" percent="0" />
    </mem>
    <mem type="tenure" free="6028952" total="6291456" percent="95">
      <mem type="soa" free="5713560" total="5976064" percent="95" />
      <mem type="loa" free="315392" total="315392" percent="100" />
    </mem>
    <pending-finalizers system="35" default="0" reference="87" classloader="0" />
    <remembered-set count="3817" />
  </mem-info>
</gc-end>
<cycle-end id="22" type="scavenge" contextid="16" timestamp="2024-07-17T18:05:10.704" />
<allocation-satisfied id="23" threadId="000000000001E500" bytesRequested="3080" />
<af-end id="24" timestamp="2024-07-17T18:05:10.705" threadId="000000000001EF38" success="true" from="nursery"/>
<exclusive-end id="25" timestamp="2024-07-17T18:05:10.705" durationms="4.838" />

<exclusive-start id="26" timestamp="2024-07-17T18:05:10.725" intervalms="25.426">
  <response-info timems="0.038" idlems="0.038" threads="0" lastid="000000000001E500" lastname="main" />
</exclusive-start>
<af-start id="27" threadId="000000000001EF38" totalBytesRequested="7176" timestamp="2024-07-17T18:05:10.726" intervalms="25.345" type="nursery" />
<cycle-start id="28" type="scavenge" contextid="0" timestamp="2024-07-17T18:05:10.726" intervalms="25.325" />
<gc-start id="29" type="scavenge" contextid="28" timestamp="2024-07-17T18:05:10.726">
  <mem-info id="30" free="6019976" total="8388608" percent="71">
    <mem type="nursery" free="0" total="2097152" percent="0">
      <mem type="allocate" free="0" total="1048576" percent="0" />
      <mem type="survivor" free="0" total="1048576" percent="0" />
    </mem>
    <mem type="tenure" free="6019976" total="6291456" percent="95">
      <mem type="soa" free="5704584" total="5976064" percent="95" />
      <mem type="loa" free="315392" total="315392" percent="100" />
    </mem>
    <remembered-set count="3927" />
  </mem-info>
</gc-start>
<allocation-stats totalBytes="463496" discardedBytes="11456" >
  <allocated-bytes non-tlh="12056" tlh="451440" />
  <largest-consumer threadName="main" threadId="000000000001E500" bytes="463496" />
</allocation-stats>
<gc-op id="31" type="scavenge" timems="2.143" contextid="28" timestamp="2024-07-17T18:05:10.729">
  <scavenger-info tenureage="4" tenuremask="7ff0" tiltratio="50" />
  <memory-copied type="nursery" objects="11610" bytes="538416" bytesdiscarded="68352" />
  <finalization candidates="86" enqueued="1" />
  <ownableSynchronizers candidates="1" cleared="0" />
  <references type="soft" candidates="41" cleared="0" enqueued="0" dynamicThreshold="32" maxThreshold="32" />
  <references type="weak" candidates="178" cleared="51" enqueued="51" />
  <references type="phantom" candidates="20" cleared="1" enqueued="1" />
  <object-monitors candidates="1" cleared="0"  />
</gc-op>
<heap-resize id="32" type="expand" space="nursery" amount="262144" count="1" timems="0.032" reason="excessive time being spent scavenging" timestamp="2024-07-17T18:05:10.729" />
<gc-end id="33" type="scavenge" contextid="28" durationms="3.037" usertimems="3.603" systemtimems="1.883" stalltimems="3.514" timestamp="2024-07-17T18:05:10.729" activeThreads="4">
  <mem-info id="34" free="6591624" total="8650752" percent="76">
    <mem type="nursery" free="571648" total="2359296" percent="24">
      <mem type="allocate" free="571648" total="1179648" percent="48" />
      <mem type="survivor" free="0" total="1179648" percent="0" />
    </mem>
    <mem type="tenure" free="6019976" total="6291456" percent="95">
      <mem type="soa" free="5704584" total="5976064" percent="95" />
      <mem type="loa" free="315392" total="315392" percent="100" />
    </mem>
    <pending-finalizers system="1" default="0" reference="52" classloader="0" />
    <remembered-set count="1727" />
  </mem-info>
</gc-end>
<cycle-end id="35" type="scavenge" contextid="28" timestamp="2024-07-17T18:05:10.729" />
<allocation-satisfied id="36" threadId="000000000001E500" bytesRequested="7176" />
<af-end id="37" timestamp="2024-07-17T18:05:10.730" threadId="000000000001EF38" success="true" from="nursery"/>
<exclusive-end id="38" timestamp="2024-07-17T18:05:10.730" durationms="4.633" />

<exclusive-start id="39" timestamp="2024-07-17T18:05:10.841" intervalms="115.403">
  <response-info timems="0.219" idlems="0.143" threads="1" lastid="0000000000022100" lastname="JIT Compilation Thread-000" />
</exclusive-start>
<af-start id="40" threadId="000000000001EF38" totalBytesRequested="8200" timestamp="2024-07-17T18:05:10.841" intervalms="115.444" type="nursery" />
<cycle-start id="41" type="scavenge" contextid="0" timestamp="2024-07-17T18:05:10.841" intervalms="115.485" />
<gc-start id="42" type="scavenge" contextid="41" timestamp="2024-07-17T18:05:10.842">
  <mem-info id="43" free="6004224" total="8650752" percent="69">
    <mem type="nursery" free="0" total="2359296" percent="0">
      <mem type="allocate" free="0" total="1179648" percent="0" />
      <mem type="survivor" free="0" total="1179648" percent="0" />
    </mem>
    <mem type="tenure" free="6004224" total="6291456" percent="95">
      <mem type="soa" free="5688832" total="5976064" percent="95" />
      <mem type="loa" free="315392" total="315392" percent="100" />
    </mem>
    <remembered-set count="1941" />
  </mem-info>
</gc-start>
<allocation-stats totalBytes="582904" discardedBytes="4496" >
  <allocated-bytes non-tlh="38296" tlh="544608" />
  <largest-consumer threadName="main" threadId="000000000001E500" bytes="582904" />
</allocation-stats>
<gc-op id="44" type="scavenge" timems="2.155" contextid="41" timestamp="2024-07-17T18:05:10.845">
  <scavenger-info tenureage="3" tenuremask="fff8" tiltratio="50" />
  <memory-copied type="nursery" objects="2203" bytes="79240" bytesdiscarded="143512" />
  <memory-copied type="tenure" objects="9895" bytes="465728" bytesdiscarded="1080" />
  <finalization candidates="128" enqueued="26" />
  <ownableSynchronizers candidates="2" cleared="0" />
  <references type="soft" candidates="37" cleared="0" enqueued="0" dynamicThreshold="32" maxThreshold="32" />
  <references type="weak" candidates="105" cleared="59" enqueued="59" />
  <references type="phantom" candidates="6" cleared="3" enqueued="3" />
  <object-monitors candidates="1" cleared="0"  />
</gc-op>
<gc-end id="45" type="scavenge" contextid="41" durationms="3.113" usertimems="5.571" systemtimems="0.000" stalltimems="2.948" timestamp="2024-07-17T18:05:10.845" activeThreads="4">
  <mem-info id="46" free="6175480" total="8650752" percent="71">
    <mem type="nursery" free="956672" total="2359296" percent="40">
      <mem type="allocate" free="956672" total="1179648" percent="81" />
      <mem type="survivor" free="0" total="1179648" percent="0" />
    </mem>
    <mem type="tenure" free="5218808" total="6291456" percent="82">
      <mem type="soa" free="4903416" total="5976064" percent="82" />
      <mem type="loa" free="315392" total="315392" percent="100" />
    </mem>
    <pending-finalizers system="26" default="0" reference="62" classloader="0" />
    <remembered-set count="497" />
  </mem-info>
</gc-end>
<cycle-end id="47" type="scavenge" contextid="41" timestamp="2024-07-17T18:05:10.845" />
<allocation-satisfied id="48" threadId="000000000001E500" bytesRequested="8200" />
<af-end id="49" timestamp="2024-07-17T18:05:10.846" threadId="000000000001EF38" success="true" from="nursery"/>
<exclusive-end id="50" timestamp="2024-07-17T18:05:10.846" durationms="5.210" />

<exclusive-start id="51" timestamp="2024-07-17T18:05:10.876" intervalms="35.268">
  <response-info timems="0.038" idlems="0.020" threads="1" lastid="0000000000022100" lastname="JIT Compilation Thread-000" />
</exclusive-start>
<af-start id="52" threadId="000000000001EF38" totalBytesRequested="482208" timestamp="2024-07-17T18:05:10.877" intervalms="35.356" type="nursery" />
<cycle-start id="53" type="scavenge" contextid="0" timestamp="2024-07-17T18:05:10.877" intervalms="35.410" />
<gc-start id="54" type="scavenge" contextid="53" timestamp="2024-07-17T18:05:10.877">
  <mem-info id="55" free="5372472" total="8650752" percent="62">
    <mem type="nursery" free="215288" total="2359296" percent="9">
      <mem type="allocate" free="215288" total="1179648" percent="18" />
      <mem type="survivor" free="0" total="1179648" percent="0" />
    </mem>
    <mem type="tenure" free="5157184" total="6291456" percent="81">
      <mem type="soa" free="4841792" total="5976064" percent="81" />
      <mem type="loa" free="315392" total="315392" percent="100" />
    </mem>
    <remembered-set count="1518" />
  </mem-info>
</gc-start>
<allocation-stats totalBytes="802112" discardedBytes="896" >
  <allocated-bytes non-tlh="69824" tlh="732288" />
  <largest-consumer threadName="main" threadId="000000000001E500" bytes="802112" />
</allocation-stats>
<gc-op id="56" type="scavenge" timems="1.844" contextid="53" timestamp="2024-07-17T18:05:10.880">
  <scavenger-info tenureage="4" tenuremask="fff0" tiltratio="50" />
  <memory-copied type="nursery" objects="8624" bytes="380968" bytesdiscarded="98568" />
  <finalization candidates="115" enqueued="46" />
  <ownableSynchronizers candidates="1" cleared="0" />
  <references type="soft" candidates="98" cleared="0" enqueued="0" dynamicThreshold="32" maxThreshold="32" />
  <references type="weak" candidates="110" cleared="29" enqueued="29" />
  <references type="phantom" candidates="12" cleared="7" enqueued="7" />
  <object-monitors candidates="1" cleared="0"  />
</gc-op>
<gc-end id="57" type="scavenge" contextid="53" durationms="2.710" usertimems="3.856" systemtimems="0.000" stalltimems="3.613" timestamp="2024-07-17T18:05:10.880" activeThreads="4">
  <mem-info id="58" free="5856808" total="8650752" percent="67">
    <mem type="nursery" free="699624" total="2359296" percent="29">
      <mem type="allocate" free="699624" total="1179648" percent="59" />
      <mem type="survivor" free="0" total="1179648" percent="0" />
    </mem>
    <mem type="tenure" free="5157184" total="6291456" percent="81">
      <mem type="soa" free="4841792" total="5976064" percent="81" />
      <mem type="loa" free="315392" total="315392" percent="100" />
    </mem>
    <pending-finalizers system="46" default="0" reference="36" classloader="0" />
    <remembered-set count="1428" />
  </mem-info>
</gc-end>
<cycle-end id="59" type="scavenge" contextid="53" timestamp="2024-07-17T18:05:10.880" />
<allocation-satisfied id="60" threadId="000000000001E500" bytesRequested="482208" />
<af-end id="61" timestamp="2024-07-17T18:05:10.881" threadId="000000000001EF38" success="true" from="nursery"/>
<exclusive-end id="62" timestamp="2024-07-17T18:05:10.881" durationms="4.772" />

<exclusive-start id="63" timestamp="2024-07-17T18:05:10.890" intervalms="14.119">
  <response-info timems="0.044" idlems="0.044" threads="0" lastid="000000000001E500" lastname="main" />
</exclusive-start>
<af-start id="64" threadId="000000000001EF38" totalBytesRequested="24" timestamp="2024-07-17T18:05:10.891" intervalms="14.114" type="nursery" />
<cycle-start id="65" type="scavenge" contextid="0" timestamp="2024-07-17T18:05:10.891" intervalms="14.085" />
<gc-start id="66" type="scavenge" contextid="65" timestamp="2024-07-17T18:05:10.891">
  <mem-info id="67" free="5110840" total="8650752" percent="59">
    <mem type="nursery" free="0" total="2359296" percent="0">
      <mem type="allocate" free="0" total="1179648" percent="0" />
      <mem type="survivor" free="0" total="1179648" percent="0" />
    </mem>
    <mem type="tenure" free="5110840" total="6291456" percent="81">
      <mem type="soa" free="4795448" total="5976064" percent="80" />
      <mem type="loa" free="315392" total="315392" percent="100" />
    </mem>
    <remembered-set count="2295" />
  </mem-info>
</gc-start>
<allocation-stats totalBytes="745864" discardedBytes="104" >
  <allocated-bytes non-tlh="592280" tlh="153584" />
  <largest-consumer threadName="main" threadId="000000000001E500" bytes="745864" />
</allocation-stats>
<gc-op id="68" type="scavenge" timems="1.631" contextid="65" timestamp="2024-07-17T18:05:10.893">
  <scavenger-info tenureage="3" tenuremask="fff8" tiltratio="50" />
  <memory-copied type="nursery" objects="9006" bytes="986928" bytesdiscarded="116816" />
  <memory-copied type="tenure" objects="1492" bytes="51064" bytesdiscarded="32" />
  <finalization candidates="76" enqueued="4" />
  <ownableSynchronizers candidates="1" cleared="0" />
  <references type="soft" candidates="85" cleared="0" enqueued="0" dynamicThreshold="32" maxThreshold="32" />
  <references type="weak" candidates="59" cleared="1" enqueued="1" />
  <references type="phantom" candidates="11" cleared="1" enqueued="1" />
  <object-monitors candidates="1" cleared="0"  />
</gc-op>
<heap-resize id="69" type="expand" space="nursery" amount="262144" count="1" timems="0.035" reason="excessive time being spent scavenging" timestamp="2024-07-17T18:05:10.894" />
<gc-end id="70" type="scavenge" contextid="65" durationms="2.688" usertimems="3.900" systemtimems="0.000" stalltimems="1.582" timestamp="2024-07-17T18:05:10.894" activeThreads="3">
  <mem-info id="71" free="5200008" total="8912896" percent="58">
    <mem type="nursery" free="206672" total="2621440" percent="7">
      <mem type="allocate" free="206672" total="1310720" percent="15" />
      <mem type="survivor" free="0" total="1310720" percent="0" />
    </mem>
    <mem type="tenure" free="4993336" total="6291456" percent="79">
      <mem type="soa" free="4677944" total="5976064" percent="78" />
      <mem type="loa" free="315392" total="315392" percent="100" />
    </mem>
    <pending-finalizers system="4" default="0" reference="2" classloader="0" />
    <remembered-set count="2036" />
  </mem-info>
</gc-end>
<cycle-end id="72" type="scavenge" contextid="65" timestamp="2024-07-17T18:05:10.894" />
<allocation-satisfied id="73" threadId="000000000001E500" bytesRequested="24" />
<af-end id="74" timestamp="2024-07-17T18:05:10.895" threadId="000000000001EF38" success="true" from="nursery"/>
<exclusive-end id="75" timestamp="2024-07-17T18:05:10.895" durationms="4.518" />

<exclusive-start id="76" timestamp="2024-07-17T18:05:10.903" intervalms="13.095">
  <response-info timems="0.048" idlems="0.048" threads="0" lastid="000000000001E500" lastname="main" />
</exclusive-start>
<af-start id="77" threadId="000000000001EF38" totalBytesRequested="72" timestamp="2024-07-17T18:05:10.904" intervalms="12.991" type="nursery" />
<cycle-start id="78" type="scavenge" contextid="0" timestamp="2024-07-17T18:05:10.904" intervalms="12.953" />
<gc-start id="79" type="scavenge" contextid="78" timestamp="2024-07-17T18:05:10.904">
  <mem-info id="80" free="4983224" total="8912896" percent="55">
    <mem type="nursery" free="0" total="2621440" percent="0">
      <mem type="allocate" free="0" total="1310720" percent="0" />
      <mem type="survivor" free="0" total="1310720" percent="0" />
    </mem>
    <mem type="tenure" free="4983224" total="6291456" percent="79">
      <mem type="soa" free="4667832" total="5976064" percent="78" />
      <mem type="loa" free="315392" total="315392" percent="100" />
    </mem>
    <remembered-set count="2176" />
  </mem-info>
</gc-start>
<allocation-stats totalBytes="216352" discardedBytes="432" >
  <allocated-bytes non-tlh="10136" tlh="206216" />
  <largest-consumer threadName="main" threadId="000000000001E500" bytes="216352" />
</allocation-stats>
<gc-op id="81" type="scavenge" timems="2.061" contextid="78" timestamp="2024-07-17T18:05:10.907">
  <scavenger-info tenureage="2" tenuremask="7ffc" tiltratio="50" />
  <memory-copied type="nursery" objects="4803" bytes="818008" bytesdiscarded="66624" />
  <memory-copied type="tenure" objects="6950" bytes="323416" bytesdiscarded="664" />
  <finalization candidates="51" enqueued="0" />
  <ownableSynchronizers candidates="1" cleared="0" />
  <references type="soft" candidates="14" cleared="0" enqueued="0" dynamicThreshold="32" maxThreshold="32" />
  <references type="weak" candidates="4" cleared="0" enqueued="0" />
  <references type="phantom" candidates="4" cleared="0" enqueued="0" />
  <object-monitors candidates="1" cleared="0"  />
</gc-op>
<heap-resize id="82" type="expand" space="nursery" amount="262144" count="1" timems="0.070" reason="excessive time being spent scavenging" timestamp="2024-07-17T18:05:10.907" />
<gc-end id="83" type="scavenge" contextid="78" durationms="3.146" usertimems="5.353" systemtimems="0.000" stalltimems="1.581" timestamp="2024-07-17T18:05:10.907" activeThreads="3">
  <mem-info id="84" free="5017352" total="9175040" percent="54">
    <mem type="nursery" free="556736" total="2883584" percent="19">
      <mem type="allocate" free="556736" total="1441792" percent="38" />
      <mem type="survivor" free="0" total="1441792" percent="0" />
    </mem>
    <mem type="tenure" free="4460616" total="6291456" percent="70">
      <mem type="soa" free="4145224" total="5976064" percent="69" />
      <mem type="loa" free="315392" total="315392" percent="100" />
    </mem>
    <remembered-set count="1120" />
  </mem-info>
</gc-end>
<cycle-end id="85" type="scavenge" contextid="78" timestamp="2024-07-17T18:05:10.908" />
<allocation-satisfied id="86" threadId="000000000001E500" bytesRequested="72" />
<af-end id="87" timestamp="2024-07-17T18:05:10.908" threadId="000000000001EF38" success="true" from="nursery"/>
<exclusive-end id="88" timestamp="2024-07-17T18:05:10.908" durationms="4.935" />

<exclusive-start id="89" timestamp="2024-07-17T18:05:10.924" intervalms="20.285">
  <response-info timems="0.041" idlems="0.041" threads="0" lastid="000000000001E500" lastname="main" />
</exclusive-start>
<af-start id="90" threadId="000000000001EF38" totalBytesRequested="24" timestamp="2024-07-17T18:05:10.924" intervalms="20.343" type="nursery" />
<cycle-start id="91" type="scavenge" contextid="0" timestamp="2024-07-17T18:05:10.924" intervalms="20.335" />
<gc-start id="92" type="scavenge" contextid="91" timestamp="2024-07-17T18:05:10.925">
  <mem-info id="93" free="4458560" total="9175040" percent="48">
    <mem type="nursery" free="0" total="2883584" percent="0">
      <mem type="allocate" free="0" total="1441792" percent="0" />
      <mem type="survivor" free="0" total="1441792" percent="0" />
    </mem>
    <mem type="tenure" free="4458560" total="6291456" percent="70">
      <mem type="soa" free="4143168" total="5976064" percent="69" />
      <mem type="loa" free="315392" total="315392" percent="100" />
    </mem>
    <remembered-set count="1259" />
  </mem-info>
</gc-start>
<allocation-stats totalBytes="557296" discardedBytes="1496" >
  <allocated-bytes non-tlh="18520" tlh="538776" />
  <largest-consumer threadName="main" threadId="000000000001E500" bytes="557296" />
</allocation-stats>
<gc-op id="94" type="scavenge" timems="1.357" contextid="91" timestamp="2024-07-17T18:05:10.926">
  <scavenger-info tenureage="1" tenuremask="7ffe" tiltratio="50" />
  <memory-copied type="nursery" objects="4029" bytes="174704" bytesdiscarded="72336" />
  <memory-copied type="tenure" objects="4803" bytes="818008" bytesdiscarded="936" />
  <finalization candidates="3" enqueued="0" />
  <references type="soft" candidates="1" cleared="0" enqueued="0" dynamicThreshold="32" maxThreshold="32" />
  <references type="weak" candidates="16" cleared="16" enqueued="16" />
  <object-monitors candidates="1" cleared="0"  />
</gc-op>
<heap-resize id="95" type="expand" space="nursery" amount="262144" count="1" timems="0.030" reason="excessive time being spent scavenging" timestamp="2024-07-17T18:05:10.927" />
<gc-end id="96" type="scavenge" contextid="91" durationms="2.421" usertimems="3.045" systemtimems="0.000" stalltimems="1.327" timestamp="2024-07-17T18:05:10.927" activeThreads="3">
  <mem-info id="97" free="5052288" total="9437184" percent="53">
    <mem type="nursery" free="1325824" total="3145728" percent="42">
      <mem type="allocate" free="1325824" total="1572864" percent="84" />
      <mem type="survivor" free="0" total="1572864" percent="0" />
    </mem>
    <mem type="tenure" free="3726464" total="6291456" percent="59">
      <mem type="soa" free="3411072" total="5976064" percent="57" />
      <mem type="loa" free="315392" total="315392" percent="100" />
    </mem>
    <pending-finalizers system="0" default="0" reference="16" classloader="0" />
    <remembered-set count="267" />
  </mem-info>
</gc-end>
<cycle-end id="98" type="scavenge" contextid="91" timestamp="2024-07-17T18:05:10.927" />
<allocation-satisfied id="99" threadId="000000000001E500" bytesRequested="24" />
<af-end id="100" timestamp="2024-07-17T18:05:10.928" threadId="000000000001EF38" success="true" from="nursery"/>
<exclusive-end id="101" timestamp="2024-07-17T18:05:10.928" durationms="4.242" />

<exclusive-start id="102" timestamp="2024-07-17T18:05:10.959" intervalms="34.995">
  <response-info timems="0.030" idlems="0.030" threads="0" lastid="000000000001E500" lastname="main" />
</exclusive-start>
<af-start id="103" threadId="000000000001EF38" totalBytesRequested="16392" timestamp="2024-07-17T18:05:10.959" intervalms="34.918" type="nursery" />
<cycle-start id="104" type="scavenge" contextid="0" timestamp="2024-07-17T18:05:10.959" intervalms="34.868" />
<gc-start id="105" type="scavenge" contextid="104" timestamp="2024-07-17T18:05:10.959">
  <mem-info id="106" free="3662600" total="9437184" percent="38">
    <mem type="nursery" free="0" total="3145728" percent="0">
      <mem type="allocate" free="0" total="1572864" percent="0" />
      <mem type="survivor" free="0" total="1572864" percent="0" />
    </mem>
    <mem type="tenure" free="3662600" total="6291456" percent="58">
      <mem type="soa" free="3347208" total="5976064" percent="56" />
      <mem type="loa" free="315392" total="315392" percent="100" />
    </mem>
    <remembered-set count="1062" />
  </mem-info>
</gc-start>
<allocation-stats totalBytes="1333096" discardedBytes="56592" >
  <allocated-bytes non-tlh="154440" tlh="1178656" />
  <largest-consumer threadName="main" threadId="000000000001E500" bytes="1333096" />
</allocation-stats>
<gc-op id="107" type="scavenge" timems="1.057" contextid="104" timestamp="2024-07-17T18:05:10.961">
  <scavenger-info tenureage="1" tenuremask="7ffe" tiltratio="50" />
  <memory-copied type="nursery" objects="1536" bytes="56640" bytesdiscarded="46920" />
  <memory-copied type="tenure" objects="46" bytes="2248" bytesdiscarded="0" />
  <finalization candidates="46" enqueued="30" />
  <references type="soft" candidates="15" cleared="0" enqueued="0" dynamicThreshold="32" maxThreshold="32" />
  <references type="weak" candidates="62" cleared="45" enqueued="45" />
  <references type="phantom" candidates="7" cleared="5" enqueued="5" />
  <object-monitors candidates="1" cleared="0"  />
</gc-op>
<gc-end id="108" type="scavenge" contextid="104" durationms="1.786" usertimems="1.282" systemtimems="0.554" stalltimems="1.569" timestamp="2024-07-17T18:05:10.961" activeThreads="3">
  <mem-info id="109" free="5393928" total="9437184" percent="57">
    <mem type="nursery" free="1731328" total="3145728" percent="55">
      <mem type="allocate" free="1731328" total="1835008" percent="94" />
      <mem type="survivor" free="0" total="1310720" percent="0" />
    </mem>
    <mem type="tenure" free="3662600" total="6291456" percent="58">
      <mem type="soa" free="3347208" total="5976064" percent="56" />
      <mem type="loa" free="315392" total="315392" percent="100" />
    </mem>
    <pending-finalizers system="30" default="0" reference="50" classloader="0" />
    <remembered-set count="897" />
  </mem-info>
</gc-end>
<cycle-end id="110" type="scavenge" contextid="104" timestamp="2024-07-17T18:05:10.961" />
<allocation-satisfied id="111" threadId="000000000001E500" bytesRequested="16392" />
<af-end id="112" timestamp="2024-07-17T18:05:10.962" threadId="000000000001EF38" success="true" from="nursery"/>
<exclusive-end id="113" timestamp="2024-07-17T18:05:10.962" durationms="3.471" />

<exclusive-start id="114" timestamp="2024-07-17T18:05:11.033" intervalms="74.601">
  <response-info timems="0.038" idlems="0.038" threads="0" lastid="000000000001E500" lastname="main" />
</exclusive-start>
<af-start id="115" threadId="000000000001EF38" totalBytesRequested="24" timestamp="2024-07-17T18:05:11.034" intervalms="74.761" type="nursery" />
<cycle-start id="116" type="scavenge" contextid="0" timestamp="2024-07-17T18:05:11.034" intervalms="74.917" />
<gc-start id="117" type="scavenge" contextid="116" timestamp="2024-07-17T18:05:11.034">
  <mem-info id="118" free="3578800" total="9437184" percent="37">
    <mem type="nursery" free="0" total="3145728" percent="0">
      <mem type="allocate" free="0" total="1835008" percent="0" />
      <mem type="survivor" free="0" total="1310720" percent="0" />
    </mem>
    <mem type="tenure" free="3578800" total="6291456" percent="56">
      <mem type="soa" free="3263408" total="5976064" percent="54" />
      <mem type="loa" free="315392" total="315392" percent="100" />
    </mem>
    <remembered-set count="2116" />
  </mem-info>
</gc-start>
<allocation-stats totalBytes="1814280" discardedBytes="848" >
  <allocated-bytes non-tlh="190744" tlh="1623536" />
  <largest-consumer threadName="main" threadId="000000000001E500" bytes="1814280" />
</allocation-stats>
<gc-op id="119" type="scavenge" timems="1.331" contextid="116" timestamp="2024-07-17T18:05:11.036">
  <scavenger-info tenureage="2" tenuremask="7ffc" tiltratio="58" />
  <memory-copied type="nursery" objects="7250" bytes="395136" bytesdiscarded="21144" />
  <finalization candidates="277" enqueued="168" />
  <ownableSynchronizers candidates="3" cleared="0" />
  <references type="soft" candidates="436" cleared="0" enqueued="0" dynamicThreshold="32" maxThreshold="32" />
  <references type="weak" candidates="425" cleared="289" enqueued="289" />
  <references type="phantom" candidates="24" cleared="10" enqueued="10" />
  <object-monitors candidates="4" cleared="0"  />
</gc-op>
<gc-end id="120" type="scavenge" contextid="116" durationms="2.363" usertimems="1.586" systemtimems="0.671" stalltimems="0.516" timestamp="2024-07-17T18:05:11.037" activeThreads="2">
  <mem-info id="121" free="5127992" total="9437184" percent="54">
    <mem type="nursery" free="1549192" total="3145728" percent="49">
      <mem type="allocate" free="1549192" total="1966080" percent="78" />
      <mem type="survivor" free="0" total="1179648" percent="0" />
    </mem>
    <mem type="tenure" free="3578800" total="6291456" percent="56">
      <mem type="soa" free="3263408" total="5976064" percent="54" />
      <mem type="loa" free="315392" total="315392" percent="100" />
    </mem>
    <pending-finalizers system="168" default="0" reference="299" classloader="0" />
    <remembered-set count="2070" />
  </mem-info>
</gc-end>
<cycle-end id="122" type="scavenge" contextid="116" timestamp="2024-07-17T18:05:11.037" />
<allocation-satisfied id="123" threadId="000000000001E500" bytesRequested="24" />
<af-end id="124" timestamp="2024-07-17T18:05:11.038" threadId="000000000001EF38" success="true" from="nursery"/>
<exclusive-end id="125" timestamp="2024-07-17T18:05:11.038" durationms="4.636" />

<exclusive-start id="126" timestamp="2024-07-17T18:05:11.112" intervalms="78.759">
  <response-info timems="0.047" idlems="0.047" threads="0" lastid="000000000001E500" lastname="main" />
</exclusive-start>
<af-start id="127" threadId="000000000001EF38" totalBytesRequested="32" timestamp="2024-07-17T18:05:11.112" intervalms="78.661" type="nursery" />
<cycle-start id="128" type="scavenge" contextid="0" timestamp="2024-07-17T18:05:11.113" intervalms="78.626" />
<gc-start id="129" type="scavenge" contextid="128" timestamp="2024-07-17T18:05:11.113">
  <mem-info id="130" free="3434800" total="9437184" percent="36">
    <mem type="nursery" free="0" total="3145728" percent="0">
      <mem type="allocate" free="0" total="1966080" percent="0" />
      <mem type="survivor" free="0" total="1179648" percent="0" />
    </mem>
    <mem type="tenure" free="3434800" total="6291456" percent="54">
      <mem type="soa" free="3119408" total="5976064" percent="52" />
      <mem type="loa" free="315392" total="315392" percent="100" />
    </mem>
    <remembered-set count="4070" />
  </mem-info>
</gc-start>
<allocation-stats totalBytes="1691576" discardedBytes="1616" >
  <allocated-bytes non-tlh="144024" tlh="1547552" />
  <largest-consumer threadName="main" threadId="000000000001E500" bytes="1687480" />
</allocation-stats>
<gc-op id="131" type="scavenge" timems="3.160" contextid="128" timestamp="2024-07-17T18:05:11.117">
  <scavenger-info tenureage="2" tenuremask="7ffc" tiltratio="62" />
  <memory-copied type="nursery" objects="19857" bytes="869864" bytesdiscarded="11224" />
  <memory-copied type="tenure" objects="1046" bytes="30504" bytesdiscarded="0" />
  <finalization candidates="317" enqueued="140" />
  <ownableSynchronizers candidates="9" cleared="0" />
  <references type="soft" candidates="2406" cleared="0" enqueued="0" dynamicThreshold="32" maxThreshold="32" />
  <references type="weak" candidates="471" cleared="249" enqueued="249" />
  <references type="phantom" candidates="44" cleared="30" enqueued="30" />
  <object-monitors candidates="5" cleared="0"  />
</gc-op>
<gc-end id="132" type="scavenge" contextid="128" durationms="4.197" usertimems="3.949" systemtimems="1.464" stalltimems="0.957" timestamp="2024-07-17T18:05:11.117" activeThreads="2">
  <mem-info id="133" free="4191112" total="9437184" percent="44">
    <mem type="nursery" free="756312" total="3145728" percent="24">
      <mem type="allocate" free="756312" total="1638400" percent="46" />
      <mem type="survivor" free="0" total="1507328" percent="0" />
    </mem>
    <mem type="tenure" free="3434800" total="6291456" percent="54">
      <mem type="soa" free="3119408" total="5976064" percent="52" />
      <mem type="loa" free="315392" total="315392" percent="100" />
    </mem>
    <pending-finalizers system="140" default="0" reference="279" classloader="0" />
    <remembered-set count="3296" />
  </mem-info>
</gc-end>
<cycle-end id="134" type="scavenge" contextid="128" timestamp="2024-07-17T18:05:11.118" />
<allocation-satisfied id="135" threadId="000000000001E500" bytesRequested="32" />
<af-end id="136" timestamp="2024-07-17T18:05:11.118" threadId="000000000001EF38" success="true" from="nursery"/>
<exclusive-end id="137" timestamp="2024-07-17T18:05:11.119" durationms="6.561" />

<exclusive-start id="138" timestamp="2024-07-17T18:05:11.139" intervalms="27.160">
  <response-info timems="0.083" idlems="0.083" threads="0" lastid="000000000001E500" lastname="main" />
</exclusive-start>
<af-start id="139" threadId="000000000001EF38" totalBytesRequested="16392" timestamp="2024-07-17T18:05:11.140" intervalms="27.258" type="nursery" />
<cycle-start id="140" type="scavenge" contextid="0" timestamp="2024-07-17T18:05:11.140" intervalms="27.278" />
<gc-start id="141" type="scavenge" contextid="140" timestamp="2024-07-17T18:05:11.140">
  <mem-info id="142" free="3422296" total="9437184" percent="36">
    <mem type="nursery" free="0" total="3145728" percent="0">
      <mem type="allocate" free="0" total="1638400" percent="0" />
      <mem type="survivor" free="0" total="1507328" percent="0" />
    </mem>
    <mem type="tenure" free="3422296" total="6291456" percent="54">
      <mem type="soa" free="3106904" total="5976064" percent="51" />
      <mem type="loa" free="315392" total="315392" percent="100" />
    </mem>
    <remembered-set count="3521" />
  </mem-info>
</gc-start>
<allocation-stats totalBytes="752288" discardedBytes="16528" >
  <allocated-bytes non-tlh="12536" tlh="739752" />
  <largest-consumer threadName="main" threadId="000000000001E500" bytes="748192" />
</allocation-stats>
<gc-op id="143" type="scavenge" timems="3.115" contextid="140" timestamp="2024-07-17T18:05:11.144">
  <scavenger-info tenureage="1" tenuremask="7ffe" tiltratio="52" />
  <memory-copied type="nursery" objects="5944" bytes="247288" bytesdiscarded="92608" />
  <memory-copied type="tenure" objects="18547" bytes="823240" bytesdiscarded="544" />
  <finalization candidates="173" enqueued="6" />
  <ownableSynchronizers candidates="9" cleared="0" />
  <references type="soft" candidates="1854" cleared="0" enqueued="0" dynamicThreshold="32" maxThreshold="32" />
  <references type="weak" candidates="52" cleared="48" enqueued="48" />
  <references type="phantom" candidates="4" cleared="2" enqueued="2" />
  <object-monitors candidates="5" cleared="0"  />
</gc-op>
<heap-resize id="144" type="expand" space="nursery" amount="393216" count="1" timems="0.027" reason="excessive time being spent scavenging" timestamp="2024-07-17T18:05:11.144" />
<gc-end id="145" type="scavenge" contextid="140" durationms="4.535" usertimems="8.019" systemtimems="0.000" stalltimems="1.627" timestamp="2024-07-17T18:05:11.145" activeThreads="3">
  <mem-info id="146" free="4189048" total="9830400" percent="42">
    <mem type="nursery" free="1560560" total="3538944" percent="44">
      <mem type="allocate" free="1560560" total="1900544" percent="82" />
      <mem type="survivor" free="0" total="1638400" percent="0" />
    </mem>
    <mem type="tenure" free="2628488" total="6291456" percent="41">
      <mem type="soa" free="2313096" total="5976064" percent="38" />
      <mem type="loa" free="315392" total="315392" percent="100" />
    </mem>
    <pending-finalizers system="6" default="0" reference="50" classloader="0" />
    <remembered-set count="2390" />
  </mem-info>
</gc-end>
<cycle-end id="147" type="scavenge" contextid="140" timestamp="2024-07-17T18:05:11.145" />
<allocation-satisfied id="148" threadId="000000000001E500" bytesRequested="16392" />
<af-end id="149" timestamp="2024-07-17T18:05:11.146" threadId="000000000001EF38" success="true" from="nursery"/>
<exclusive-end id="150" timestamp="2024-07-17T18:05:11.146" durationms="6.847" />

<exclusive-start id="151" timestamp="2024-07-17T18:05:11.217" intervalms="77.766">
  <response-info timems="0.048" idlems="0.048" threads="0" lastid="000000000001E500" lastname="main" />
</exclusive-start>
<af-start id="152" threadId="000000000001EF38" totalBytesRequested="32" timestamp="2024-07-17T18:05:11.217" intervalms="77.683" type="nursery" />
<cycle-start id="153" type="scavenge" contextid="0" timestamp="2024-07-17T18:05:11.218" intervalms="77.585" />
<gc-start id="154" type="scavenge" contextid="153" timestamp="2024-07-17T18:05:11.218">
  <mem-info id="155" free="2535400" total="9830400" percent="25">
    <mem type="nursery" free="0" total="3538944" percent="0">
      <mem type="allocate" free="0" total="1900544" percent="0" />
      <mem type="survivor" free="0" total="1638400" percent="0" />
    </mem>
    <mem type="tenure" free="2535400" total="6291456" percent="40">
      <mem type="soa" free="2220008" total="5976064" percent="37" />
      <mem type="loa" free="315392" total="315392" percent="100" />
    </mem>
    <remembered-set count="3701" />
  </mem-info>
</gc-start>
<allocation-stats totalBytes="1651768" discardedBytes="1880" >
  <allocated-bytes non-tlh="109480" tlh="1542288" />
  <largest-consumer threadName="main" threadId="000000000001E500" bytes="1651768" />
</allocation-stats>
<gc-op id="156" type="scavenge" timems="2.159" contextid="153" timestamp="2024-07-17T18:05:11.220">
  <scavenger-info tenureage="1" tenuremask="7ffe" tiltratio="53" />
  <memory-copied type="nursery" objects="7478" bytes="280096" bytesdiscarded="85912" />
  <memory-copied type="tenure" objects="5399" bytes="201384" bytesdiscarded="32" />
  <finalization candidates="108" enqueued="68" />
  <ownableSynchronizers candidates="11" cleared="0" />
  <references type="soft" candidates="90" cleared="0" enqueued="0" dynamicThreshold="32" maxThreshold="32" />
  <references type="weak" candidates="419" cleared="386" enqueued="386" />
  <references type="phantom" candidates="20" cleared="18" enqueued="18" />
  <object-monitors candidates="5" cleared="0"  />
</gc-op>
<gc-end id="157" type="scavenge" contextid="153" durationms="3.003" usertimems="5.084" systemtimems="0.000" stalltimems="1.686" timestamp="2024-07-17T18:05:11.221" activeThreads="3">
  <mem-info id="158" free="4254768" total="9830400" percent="43">
    <mem type="nursery" free="1861720" total="3538944" percent="52">
      <mem type="allocate" free="1861720" total="2228224" percent="83" />
      <mem type="survivor" free="0" total="1310720" percent="0" />
    </mem>
    <mem type="tenure" free="2393048" total="6291456" percent="38">
      <mem type="soa" free="2077656" total="5976064" percent="34" />
      <mem type="loa" free="315392" total="315392" percent="100" />
    </mem>
    <pending-finalizers system="68" default="0" reference="404" classloader="0" />
    <remembered-set count="1596" />
  </mem-info>
</gc-end>
<cycle-end id="159" type="scavenge" contextid="153" timestamp="2024-07-17T18:05:11.221" />
<allocation-satisfied id="160" threadId="000000000001E500" bytesRequested="32" />
<af-end id="161" timestamp="2024-07-17T18:05:11.222" threadId="000000000001EF38" success="true" from="nursery"/>
<exclusive-end id="162" timestamp="2024-07-17T18:05:11.222" durationms="5.187" />

<exclusive-start id="163" timestamp="2024-07-17T18:05:11.295" intervalms="78.101">
  <response-info timems="0.044" idlems="0.044" threads="0" lastid="000000000001E500" lastname="main" />
</exclusive-start>
<af-start id="164" threadId="000000000001EF38" totalBytesRequested="2064" timestamp="2024-07-17T18:05:11.295" intervalms="78.055" type="nursery" />
<cycle-start id="165" type="scavenge" contextid="0" timestamp="2024-07-17T18:05:11.296" intervalms="78.061" />
<gc-start id="166" type="scavenge" contextid="165" timestamp="2024-07-17T18:05:11.296">
  <mem-info id="167" free="2321800" total="9830400" percent="23">
    <mem type="nursery" free="0" total="3538944" percent="0">
      <mem type="allocate" free="0" total="2228224" percent="0" />
      <mem type="survivor" free="0" total="1310720" percent="0" />
    </mem>
    <mem type="tenure" free="2321800" total="6291456" percent="36">
      <mem type="soa" free="2006408" total="5976064" percent="33" />
      <mem type="loa" free="315392" total="315392" percent="100" />
    </mem>
    <remembered-set count="2509" />
  </mem-info>
</gc-start>
<allocation-stats totalBytes="1929464" discardedBytes="3504" >
  <allocated-bytes non-tlh="109968" tlh="1819496" />
  <largest-consumer threadName="main" threadId="000000000001E500" bytes="1823008" />
</allocation-stats>
<gc-op id="168" type="scavenge" timems="2.053" contextid="165" timestamp="2024-07-17T18:05:11.298">
  <scavenger-info tenureage="1" tenuremask="7ffe" tiltratio="62" />
  <memory-copied type="nursery" objects="13169" bytes="420392" bytesdiscarded="65848" />
  <memory-copied type="tenure" objects="5270" bytes="172312" bytesdiscarded="40" />
  <finalization candidates="224" enqueued="126" />
  <ownableSynchronizers candidates="24" cleared="3" />
  <references type="soft" candidates="49" cleared="0" enqueued="0" dynamicThreshold="32" maxThreshold="32" />
  <references type="weak" candidates="471" cleared="364" enqueued="364" />
  <references type="phantom" candidates="12" cleared="11" enqueued="11" />
  <object-monitors candidates="5" cleared="0"  />
</gc-op>
<gc-end id="169" type="scavenge" contextid="165" durationms="2.893" usertimems="4.615" systemtimems="0.000" stalltimems="1.682" timestamp="2024-07-17T18:05:11.299" activeThreads="3">
  <mem-info id="170" free="4077752" total="9830400" percent="41">
    <mem type="nursery" free="1937920" total="3538944" percent="54">
      <mem type="allocate" free="1937920" total="2424832" percent="79" />
      <mem type="survivor" free="0" total="1114112" percent="0" />
    </mem>
    <mem type="tenure" free="2139832" total="6291456" percent="34">
      <mem type="soa" free="1824440" total="5976064" percent="30" />
      <mem type="loa" free="315392" total="315392" percent="100" />
    </mem>
    <pending-finalizers system="126" default="0" reference="375" classloader="0" />
    <remembered-set count="2253" />
  </mem-info>
</gc-end>
<cycle-end id="171" type="scavenge" contextid="165" timestamp="2024-07-17T18:05:11.299" />
<allocation-satisfied id="172" threadId="000000000001E500" bytesRequested="2064" />
<af-end id="173" timestamp="2024-07-17T18:05:11.300" threadId="000000000001EF38" success="true" from="nursery"/>
<exclusive-end id="174" timestamp="2024-07-17T18:05:11.300" durationms="4.861" />

<exclusive-start id="175" timestamp="2024-07-17T18:05:11.374" intervalms="79.036">
  <response-info timems="0.044" idlems="0.044" threads="0" lastid="000000000001E500" lastname="main" />
</exclusive-start>
<af-start id="176" threadId="000000000001EF38" totalBytesRequested="8200" timestamp="2024-07-17T18:05:11.374" intervalms="79.025" type="nursery" />
<cycle-start id="177" type="scavenge" contextid="0" timestamp="2024-07-17T18:05:11.375" intervalms="79.058" />
<gc-start id="178" type="scavenge" contextid="177" timestamp="2024-07-17T18:05:11.375">
  <mem-info id="179" free="2116112" total="9830400" percent="21">
    <mem type="nursery" free="0" total="3538944" percent="0">
      <mem type="allocate" free="0" total="2424832" percent="0" />
      <mem type="survivor" free="0" total="1114112" percent="0" />
    </mem>
    <mem type="tenure" free="2116112" total="6291456" percent="33">
      <mem type="soa" free="1800720" total="5976064" percent="30" />
      <mem type="loa" free="315392" total="315392" percent="100" />
    </mem>
    <remembered-set count="2598" />
  </mem-info>
</gc-start>
<allocation-stats totalBytes="1951352" discardedBytes="10288" >
  <allocated-bytes non-tlh="25784" tlh="1925568" />
  <largest-consumer threadName="main" threadId="000000000001E500" bytes="1847376" />
</allocation-stats>
<gc-op id="180" type="scavenge" timems="2.142" contextid="177" timestamp="2024-07-17T18:05:11.378">
  <scavenger-info tenureage="1" tenuremask="7ffe" tiltratio="68" />
  <memory-copied type="nursery" objects="4787" bytes="200632" bytesdiscarded="50864" />
  <memory-copied type="tenure" objects="10394" bytes="307624" bytesdiscarded="552" />
  <finalization candidates="83" enqueued="12" />
  <ownableSynchronizers candidates="12" cleared="0" />
  <references type="soft" candidates="25" cleared="0" enqueued="0" dynamicThreshold="32" maxThreshold="32" />
  <references type="weak" candidates="82" cleared="65" enqueued="65" />
  <references type="phantom" candidates="7" cleared="4" enqueued="4" />
  <object-monitors candidates="5" cleared="0"  />
</gc-op>
<gc-end id="181" type="scavenge" contextid="177" durationms="2.930" usertimems="3.905" systemtimems="1.175" stalltimems="1.532" timestamp="2024-07-17T18:05:11.378" activeThreads="3">
  <mem-info id="182" free="4130056" total="9830400" percent="42">
    <mem type="nursery" free="2304000" total="3538944" percent="65">
      <mem type="allocate" free="2304000" total="2555904" percent="90" />
      <mem type="survivor" free="0" total="983040" percent="0" />
    </mem>
    <mem type="tenure" free="1826056" total="6291456" percent="29">
      <mem type="soa" free="1510664" total="5976064" percent="25" />
      <mem type="loa" free="315392" total="315392" percent="100" />
    </mem>
    <pending-finalizers system="12" default="0" reference="69" classloader="0" />
    <remembered-set count="1280" />
  </mem-info>
</gc-end>
<cycle-end id="183" type="scavenge" contextid="177" timestamp="2024-07-17T18:05:11.378" />
<allocation-satisfied id="184" threadId="000000000001E500" bytesRequested="8200" />
<af-end id="185" timestamp="2024-07-17T18:05:11.379" threadId="000000000001EF38" success="true" from="nursery"/>
<exclusive-end id="186" timestamp="2024-07-17T18:05:11.379" durationms="4.661" />

<exclusive-start id="187" timestamp="2024-07-17T18:05:11.424" intervalms="50.094">
  <response-info timems="0.046" idlems="0.046" threads="0" lastid="000000000001E500" lastname="main" />
</exclusive-start>
<af-start id="188" threadId="000000000001EF38" totalBytesRequested="13712" timestamp="2024-07-17T18:05:11.424" intervalms="50.146" type="nursery" />
<cycle-start id="189" type="scavenge" contextid="0" timestamp="2024-07-17T18:05:11.425" intervalms="50.119" />
<gc-start id="190" type="scavenge" contextid="189" timestamp="2024-07-17T18:05:11.425">
  <mem-info id="191" free="1825840" total="9830400" percent="18">
    <mem type="nursery" free="0" total="3538944" percent="0">
      <mem type="allocate" free="0" total="2555904" percent="0" />
      <mem type="survivor" free="0" total="983040" percent="0" />
    </mem>
    <mem type="tenure" free="1825840" total="6291456" percent="29">
      <mem type="soa" free="1510448" total="5976064" percent="25" />
      <mem type="loa" free="315392" total="315392" percent="100" />
    </mem>
    <remembered-set count="1295" />
  </mem-info>
</gc-start>
<allocation-stats totalBytes="2220808" discardedBytes="83408" >
  <allocated-bytes non-tlh="539952" tlh="1680856" />
  <largest-consumer threadName="main" threadId="000000000001E500" bytes="2220808" />
</allocation-stats>
<gc-op id="192" type="scavenge" timems="1.504" contextid="189" timestamp="2024-07-17T18:05:11.427">
  <scavenger-info tenureage="2" tenuremask="7ffc" tiltratio="72" />
  <memory-copied type="nursery" objects="5044" bytes="284696" bytesdiscarded="64616" />
  <finalization candidates="7" enqueued="0" />
  <ownableSynchronizers candidates="1" cleared="0" />
  <references type="soft" candidates="25" cleared="0" enqueued="0" dynamicThreshold="32" maxThreshold="32" />
  <references type="weak" candidates="18" cleared="0" enqueued="0" />
  <references type="phantom" candidates="4" cleared="0" enqueued="0" />
  <object-monitors candidates="5" cleared="0"  />
</gc-op>
<gc-end id="193" type="scavenge" contextid="189" durationms="2.346" usertimems="2.174" systemtimems="0.654" stalltimems="1.830" timestamp="2024-07-17T18:05:11.427" activeThreads="3">
  <mem-info id="194" free="4163368" total="9830400" percent="42">
    <mem type="nursery" free="2337528" total="3538944" percent="66">
      <mem type="allocate" free="2337528" total="2686976" percent="86" />
      <mem type="survivor" free="0" total="851968" percent="0" />
    </mem>
    <mem type="tenure" free="1825840" total="6291456" percent="29">
      <mem type="soa" free="1510448" total="5976064" percent="25" />
      <mem type="loa" free="315392" total="315392" percent="100" />
    </mem>
    <remembered-set count="452" />
  </mem-info>
</gc-end>
<cycle-end id="195" type="scavenge" contextid="189" timestamp="2024-07-17T18:05:11.428" />
<allocation-satisfied id="196" threadId="000000000001E500" bytesRequested="13712" />
<af-end id="197" timestamp="2024-07-17T18:05:11.428" threadId="000000000001EF38" success="true" from="nursery"/>
<exclusive-end id="198" timestamp="2024-07-17T18:05:11.428" durationms="4.282" />

<exclusive-start id="199" timestamp="2024-07-17T18:05:11.466" intervalms="42.321">
  <response-info timems="0.044" idlems="0.044" threads="0" lastid="000000000001E500" lastname="main" />
</exclusive-start>
<af-start id="200" threadId="000000000001EF38" totalBytesRequested="243424" timestamp="2024-07-17T18:05:11.467" intervalms="42.267" type="nursery" />
<cycle-start id="201" type="scavenge" contextid="0" timestamp="2024-07-17T18:05:11.467" intervalms="42.262" />
<gc-start id="202" type="scavenge" contextid="201" timestamp="2024-07-17T18:05:11.467">
  <mem-info id="203" free="1935032" total="9830400" percent="19">
    <mem type="nursery" free="109304" total="3538944" percent="3">
      <mem type="allocate" free="109304" total="2686976" percent="4" />
      <mem type="survivor" free="0" total="851968" percent="0" />
    </mem>
    <mem type="tenure" free="1825728" total="6291456" percent="29">
      <mem type="soa" free="1510336" total="5976064" percent="25" />
      <mem type="loa" free="315392" total="315392" percent="100" />
    </mem>
    <remembered-set count="463" />
  </mem-info>
</gc-start>
<allocation-stats totalBytes="2127728" discardedBytes="100608" >
  <allocated-bytes non-tlh="363704" tlh="1764024" />
  <largest-consumer threadName="main" threadId="000000000001E500" bytes="2127728" />
</allocation-stats>
<gc-op id="204" type="scavenge" timems="1.386" contextid="201" timestamp="2024-07-17T18:05:11.469">
  <scavenger-info tenureage="2" tenuremask="7ffc" tiltratio="75" />
  <memory-copied type="nursery" objects="680" bytes="23568" bytesdiscarded="42728" />
  <memory-copied type="tenure" objects="4647" bytes="185520" bytesdiscarded="200" />
  <finalization candidates="7" enqueued="0" />
  <ownableSynchronizers candidates="1" cleared="0" />
  <references type="phantom" candidates="2" cleared="0" enqueued="0" />
  <object-monitors candidates="5" cleared="0"  />
</gc-op>
<gc-end id="205" type="scavenge" contextid="201" durationms="2.255" usertimems="2.113" systemtimems="0.636" stalltimems="1.671" timestamp="2024-07-17T18:05:11.470" activeThreads="3">
  <mem-info id="206" free="4358848" total="9830400" percent="44">
    <mem type="nursery" free="2686208" total="3538944" percent="75">
      <mem type="allocate" free="2686208" total="2752512" percent="97" />
      <mem type="survivor" free="0" total="786432" percent="0" />
    </mem>
    <mem type="tenure" free="1672640" total="6291456" percent="26">
      <mem type="soa" free="1357248" total="5976064" percent="22" />
      <mem type="loa" free="315392" total="315392" percent="100" />
    </mem>
    <remembered-set count="141" />
  </mem-info>
</gc-end>
<cycle-end id="207" type="scavenge" contextid="201" timestamp="2024-07-17T18:05:11.470" />
<allocation-satisfied id="208" threadId="000000000001E500" bytesRequested="243424" />
<af-end id="209" timestamp="2024-07-17T18:05:11.471" threadId="000000000001EF38" success="true" from="nursery"/>
<exclusive-end id="210" timestamp="2024-07-17T18:05:11.471" durationms="4.377" />

<exclusive-start id="211" timestamp="2024-07-17T18:05:11.535" intervalms="68.167">
  <response-info timems="0.079" idlems="0.079" threads="0" lastid="000000000001E500" lastname="main" />
</exclusive-start>
<af-start id="212" threadId="000000000001EF38" totalBytesRequested="146912" timestamp="2024-07-17T18:05:11.535" intervalms="68.318" type="nursery" />
<cycle-start id="213" type="scavenge" contextid="0" timestamp="2024-07-17T18:05:11.535" intervalms="68.368" />
<gc-start id="214" type="scavenge" contextid="213" timestamp="2024-07-17T18:05:11.536">
  <mem-info id="215" free="1806464" total="9830400" percent="18">
    <mem type="nursery" free="134112" total="3538944" percent="3">
      <mem type="allocate" free="134112" total="2752512" percent="4" />
      <mem type="survivor" free="0" total="786432" percent="0" />
    </mem>
    <mem type="tenure" free="1672352" total="6291456" percent="26">
      <mem type="soa" free="1356960" total="5976064" percent="22" />
      <mem type="loa" free="315392" total="315392" percent="100" />
    </mem>
    <remembered-set count="213" />
  </mem-info>
</gc-start>
<allocation-stats totalBytes="2520232" discardedBytes="32152" >
  <allocated-bytes non-tlh="328256" tlh="2191976" />
  <largest-consumer threadName="main" threadId="000000000001E500" bytes="2520232" />
</allocation-stats>
<gc-op id="216" type="scavenge" timems="0.742" contextid="213" timestamp="2024-07-17T18:05:11.537">
  <scavenger-info tenureage="3" tenuremask="7ff8" tiltratio="77" />
  <memory-copied type="nursery" objects="1209" bytes="42280" bytesdiscarded="34256" />
  <references type="phantom" candidates="2" cleared="0" enqueued="0" />
  <object-monitors candidates="5" cleared="0"  />
</gc-op>
<gc-end id="217" type="scavenge" contextid="213" durationms="1.567" usertimems="1.038" systemtimems="0.326" stalltimems="0.812" timestamp="2024-07-17T18:05:11.537" activeThreads="3">
  <mem-info id="218" free="4479392" total="9830400" percent="45">
    <mem type="nursery" free="2807040" total="3538944" percent="79">
      <mem type="allocate" free="2807040" total="2883584" percent="97" />
      <mem type="survivor" free="0" total="655360" percent="0" />
    </mem>
    <mem type="tenure" free="1672352" total="6291456" percent="26">
      <mem type="soa" free="1356960" total="5976064" percent="22" />
      <mem type="loa" free="315392" total="315392" percent="100" />
    </mem>
    <remembered-set count="144" />
  </mem-info>
</gc-end>
<cycle-end id="219" type="scavenge" contextid="213" timestamp="2024-07-17T18:05:11.538" />
<allocation-satisfied id="220" threadId="000000000001E500" bytesRequested="146912" />
<af-end id="221" timestamp="2024-07-17T18:05:11.538" threadId="000000000001EF38" success="true" from="nursery"/>
<exclusive-end id="222" timestamp="2024-07-17T18:05:11.538" durationms="3.590" />

<exclusive-start id="223" timestamp="2024-07-17T18:05:11.600" intervalms="65.441">
  <response-info timems="0.062" idlems="0.062" threads="0" lastid="000000000001E500" lastname="main" />
</exclusive-start>
<af-start id="224" threadId="000000000001EF38" totalBytesRequested="162680" timestamp="2024-07-17T18:05:11.600" intervalms="65.400" type="nursery" />
<cycle-start id="225" type="scavenge" contextid="0" timestamp="2024-07-17T18:05:11.601" intervalms="65.595" />
<gc-start id="226" type="scavenge" contextid="225" timestamp="2024-07-17T18:05:11.602">
  <mem-info id="227" free="1671912" total="9830400" percent="17">
    <mem type="nursery" free="0" total="3538944" percent="0">
      <mem type="allocate" free="0" total="2883584" percent="0" />
      <mem type="survivor" free="0" total="655360" percent="0" />
    </mem>
    <mem type="tenure" free="1671912" total="6291456" percent="26">
      <mem type="soa" free="1356520" total="5976064" percent="22" />
      <mem type="loa" free="315392" total="315392" percent="100" />
    </mem>
    <remembered-set count="222" />
  </mem-info>
</gc-start>
<allocation-stats totalBytes="2744720" discardedBytes="62760" >
  <allocated-bytes non-tlh="584296" tlh="2160424" />
  <largest-consumer threadName="main" threadId="000000000001E500" bytes="2744720" />
</allocation-stats>
<gc-op id="228" type="scavenge" timems="0.913" contextid="225" timestamp="2024-07-17T18:05:11.603">
  <scavenger-info tenureage="4" tenuremask="7ff0" tiltratio="81" />
  <memory-copied type="nursery" objects="1755" bytes="62624" bytesdiscarded="24152" />
  <references type="phantom" candidates="2" cleared="0" enqueued="0" />
  <object-monitors candidates="5" cleared="0"  />
</gc-op>
<gc-end id="229" type="scavenge" contextid="225" durationms="1.896" usertimems="0.000" systemtimems="1.865" stalltimems="0.489" timestamp="2024-07-17T18:05:11.603" activeThreads="2">
  <mem-info id="230" free="4599784" total="9830400" percent="46">
    <mem type="nursery" free="2927872" total="3538944" percent="82">
      <mem type="allocate" free="2927872" total="3014656" percent="97" />
      <mem type="survivor" free="0" total="524288" percent="0" />
    </mem>
    <mem type="tenure" free="1671912" total="6291456" percent="26">
      <mem type="soa" free="1356520" total="5976064" percent="22" />
      <mem type="loa" free="315392" total="315392" percent="100" />
    </mem>
    <remembered-set count="149" />
  </mem-info>
</gc-end>
<cycle-end id="231" type="scavenge" contextid="225" timestamp="2024-07-17T18:05:11.604" />
<allocation-satisfied id="232" threadId="000000000001E500" bytesRequested="162680" />
<af-end id="233" timestamp="2024-07-17T18:05:11.604" threadId="000000000001EF38" success="true" from="nursery"/>
<exclusive-end id="234" timestamp="2024-07-17T18:05:11.605" durationms="4.617" />

<exclusive-start id="235" timestamp="2024-07-17T18:05:11.689" intervalms="88.513">
  <response-info timems="0.063" idlems="0.063" threads="0" lastid="000000000001E500" lastname="main" />
</exclusive-start>
<af-start id="236" threadId="000000000001EF38" totalBytesRequested="1032" timestamp="2024-07-17T18:05:11.689" intervalms="88.467" type="nursery" />
<cycle-start id="237" type="scavenge" contextid="0" timestamp="2024-07-17T18:05:11.689" intervalms="88.285" />
<gc-start id="238" type="scavenge" contextid="237" timestamp="2024-07-17T18:05:11.690">
  <mem-info id="239" free="1671592" total="9830400" percent="17">
    <mem type="nursery" free="0" total="3538944" percent="0">
      <mem type="allocate" free="0" total="3014656" percent="0" />
      <mem type="survivor" free="0" total="524288" percent="0" />
    </mem>
    <mem type="tenure" free="1671592" total="6291456" percent="26">
      <mem type="soa" free="1356200" total="5976064" percent="22" />
      <mem type="loa" free="315392" total="315392" percent="100" />
    </mem>
    <remembered-set count="215" />
  </mem-info>
</gc-start>
<allocation-stats totalBytes="2881152" discardedBytes="47040" >
  <allocated-bytes non-tlh="613544" tlh="2267608" />
  <largest-consumer threadName="main" threadId="000000000001E500" bytes="2881152" />
</allocation-stats>
<gc-op id="240" type="scavenge" timems="0.925" contextid="237" timestamp="2024-07-17T18:05:11.691">
  <scavenger-info tenureage="5" tenuremask="7fe0" tiltratio="85" />
  <memory-copied type="nursery" objects="2330" bytes="103464" bytesdiscarded="10440" />
  <references type="phantom" candidates="3" cleared="0" enqueued="0" />
  <object-monitors candidates="5" cleared="0"  />
</gc-op>
<gc-end id="241" type="scavenge" contextid="237" durationms="1.938" usertimems="1.095" systemtimems="0.348" stalltimems="0.582" timestamp="2024-07-17T18:05:11.692" activeThreads="2">
  <mem-info id="242" free="4637864" total="9830400" percent="47">
    <mem type="nursery" free="2966272" total="3538944" percent="83">
      <mem type="allocate" free="2966272" total="3080192" percent="96" />
      <mem type="survivor" free="0" total="458752" percent="0" />
    </mem>
    <mem type="tenure" free="1671592" total="6291456" percent="26">
      <mem type="soa" free="1356200" total="5976064" percent="22" />
      <mem type="loa" free="315392" total="315392" percent="100" />
    </mem>
    <remembered-set count="151" />
  </mem-info>
</gc-end>
<cycle-end id="243" type="scavenge" contextid="237" timestamp="2024-07-17T18:05:11.692" />
<allocation-satisfied id="244" threadId="000000000001E500" bytesRequested="1032" />
<af-end id="245" timestamp="2024-07-17T18:05:11.692" threadId="000000000001EF38" success="true" from="nursery"/>
<exclusive-end id="246" timestamp="2024-07-17T18:05:11.693" durationms="4.134" />

<exclusive-start id="247" timestamp="2024-07-17T18:05:11.765" intervalms="76.778">
  <response-info timems="0.039" idlems="0.039" threads="0" lastid="000000000001E500" lastname="main" />
</exclusive-start>
<af-start id="248" threadId="000000000001EF38" totalBytesRequested="226560" timestamp="2024-07-17T18:05:11.766" intervalms="76.700" type="nursery" />
<cycle-start id="249" type="scavenge" contextid="0" timestamp="2024-07-17T18:05:11.766" intervalms="76.621" />
<gc-start id="250" type="scavenge" contextid="249" timestamp="2024-07-17T18:05:11.766">
  <mem-info id="251" free="1819720" total="9830400" percent="18">
    <mem type="nursery" free="148224" total="3538944" percent="4">
      <mem type="allocate" free="148224" total="3080192" percent="4" />
      <mem type="survivor" free="0" total="458752" percent="0" />
    </mem>
    <mem type="tenure" free="1671496" total="6291456" percent="26">
      <mem type="soa" free="1356104" total="5976064" percent="22" />
      <mem type="loa" free="315392" total="315392" percent="100" />
    </mem>
    <remembered-set count="231" />
  </mem-info>
</gc-start>
<allocation-stats totalBytes="2803760" discardedBytes="14384" >
  <allocated-bytes non-tlh="109760" tlh="2694000" />
  <largest-consumer threadName="main" threadId="000000000001E500" bytes="2803760" />
</allocation-stats>
<gc-op id="252" type="scavenge" timems="0.753" contextid="249" timestamp="2024-07-17T18:05:11.767">
  <scavenger-info tenureage="6" tenuremask="7fc0" tiltratio="87" />
  <memory-copied type="nursery" objects="2901" bytes="101112" bytesdiscarded="12800" />
  <references type="phantom" candidates="2" cleared="0" enqueued="0" />
  <object-monitors candidates="5" cleared="0"  />
</gc-op>
<gc-end id="253" type="scavenge" contextid="249" durationms="1.409" usertimems="0.958" systemtimems="0.305" stalltimems="0.520" timestamp="2024-07-17T18:05:11.768" activeThreads="2">
  <mem-info id="254" free="4703304" total="9830400" percent="47">
    <mem type="nursery" free="3031808" total="3538944" percent="85">
      <mem type="allocate" free="3031808" total="3145728" percent="96" />
      <mem type="survivor" free="0" total="393216" percent="0" />
    </mem>
    <mem type="tenure" free="1671496" total="6291456" percent="26">
      <mem type="soa" free="1356104" total="5976064" percent="22" />
      <mem type="loa" free="315392" total="315392" percent="100" />
    </mem>
    <remembered-set count="147" />
  </mem-info>
</gc-end>
<cycle-end id="255" type="scavenge" contextid="249" timestamp="2024-07-17T18:05:11.768" />
<allocation-satisfied id="256" threadId="000000000001E500" bytesRequested="226560" />
<af-end id="257" timestamp="2024-07-17T18:05:11.768" threadId="000000000001EF38" success="true" from="nursery"/>
<exclusive-end id="258" timestamp="2024-07-17T18:05:11.768" durationms="2.981" />

<exclusive-start id="259" timestamp="2024-07-17T18:05:11.813" intervalms="48.088">
  <response-info timems="0.040" idlems="0.040" threads="0" lastid="000000000001E500" lastname="main" />
</exclusive-start>
<af-start id="260" threadId="000000000001EF38" totalBytesRequested="9344" timestamp="2024-07-17T18:05:11.814" intervalms="48.053" type="nursery" />
<cycle-start id="261" type="scavenge" contextid="0" timestamp="2024-07-17T18:05:11.814" intervalms="48.011" />
<gc-start id="262" type="scavenge" contextid="261" timestamp="2024-07-17T18:05:11.814">
  <mem-info id="263" free="1671392" total="9830400" percent="17">
    <mem type="nursery" free="0" total="3538944" percent="0">
      <mem type="allocate" free="0" total="3145728" percent="0" />
      <mem type="survivor" free="0" total="393216" percent="0" />
    </mem>
    <mem type="tenure" free="1671392" total="6291456" percent="26">
      <mem type="soa" free="1356000" total="5976064" percent="22" />
      <mem type="loa" free="315392" total="315392" percent="100" />
    </mem>
    <remembered-set count="199" />
  </mem-info>
</gc-start>
<allocation-stats totalBytes="2965408" discardedBytes="66504" >
  <allocated-bytes non-tlh="1058200" tlh="1907208" />
  <largest-consumer threadName="main" threadId="000000000001E500" bytes="2965408" />
</allocation-stats>
<gc-op id="264" type="scavenge" timems="0.695" contextid="261" timestamp="2024-07-17T18:05:11.815">
  <scavenger-info tenureage="3" tenuremask="7ff8" tiltratio="88" />
  <memory-copied type="nursery" objects="1557" bytes="52504" bytesdiscarded="42720" />
  <memory-copied type="tenure" objects="1734" bytes="61728" bytesdiscarded="24" />
  <references type="phantom" candidates="2" cleared="0" enqueued="0" />
  <object-monitors candidates="5" cleared="0"  />
</gc-op>
<gc-end id="265" type="scavenge" contextid="261" durationms="1.310" usertimems="0.978" systemtimems="0.000" stalltimems="0.495" timestamp="2024-07-17T18:05:11.815" activeThreads="2">
  <mem-info id="266" free="4665824" total="9830400" percent="47">
    <mem type="nursery" free="3050496" total="3538944" percent="86">
      <mem type="allocate" free="3050496" total="3145728" percent="96" />
      <mem type="survivor" free="0" total="393216" percent="0" />
    </mem>
    <mem type="tenure" free="1615328" total="6291456" percent="25">
      <mem type="soa" free="1299936" total="5976064" percent="21" />
      <mem type="loa" free="315392" total="315392" percent="100" />
    </mem>
    <remembered-set count="198" />
  </mem-info>
</gc-end>
<cycle-end id="267" type="scavenge" contextid="261" timestamp="2024-07-17T18:05:11.816" />
<allocation-satisfied id="268" threadId="000000000001E500" bytesRequested="9344" />
<af-end id="269" timestamp="2024-07-17T18:05:11.816" threadId="000000000001EF38" success="true" from="nursery"/>
<exclusive-end id="270" timestamp="2024-07-17T18:05:11.816" durationms="2.856" />

<exclusive-start id="271" timestamp="2024-07-17T18:05:11.869" intervalms="55.618">
  <response-info timems="0.043" idlems="0.043" threads="0" lastid="000000000001E500" lastname="main" />
</exclusive-start>
<af-start id="272" threadId="000000000001EF38" totalBytesRequested="35648" timestamp="2024-07-17T18:05:11.869" intervalms="55.640" type="nursery" />
<cycle-start id="273" type="scavenge" contextid="0" timestamp="2024-07-17T18:05:11.870" intervalms="55.704" />
<gc-start id="274" type="scavenge" contextid="273" timestamp="2024-07-17T18:05:11.870">
  <mem-info id="275" free="1615328" total="9830400" percent="16">
    <mem type="nursery" free="0" total="3538944" percent="0">
      <mem type="allocate" free="0" total="3145728" percent="0" />
      <mem type="survivor" free="0" total="393216" percent="0" />
    </mem>
    <mem type="tenure" free="1615328" total="6291456" percent="25">
      <mem type="soa" free="1299936" total="5976064" percent="21" />
      <mem type="loa" free="315392" total="315392" percent="100" />
    </mem>
    <remembered-set count="307" />
  </mem-info>
</gc-start>
<allocation-stats totalBytes="2956048" discardedBytes="94448" >
  <allocated-bytes non-tlh="744208" tlh="2211840" />
  <largest-consumer threadName="main" threadId="000000000001E500" bytes="2956048" />
</allocation-stats>
<gc-op id="276" type="scavenge" timems="0.636" contextid="273" timestamp="2024-07-17T18:05:11.871">
  <scavenger-info tenureage="3" tenuremask="ff08" tiltratio="88" />
  <memory-copied type="nursery" objects="1666" bytes="63904" bytesdiscarded="22872" />
  <memory-copied type="tenure" objects="478" bytes="16048" bytesdiscarded="0" />
  <references type="phantom" candidates="2" cleared="0" enqueued="0" />
  <object-monitors candidates="5" cleared="0"  />
</gc-op>
<gc-end id="277" type="scavenge" contextid="273" durationms="1.400" usertimems="1.091" systemtimems="0.000" stalltimems="0.258" timestamp="2024-07-17T18:05:11.871" activeThreads="2">
  <mem-info id="278" free="4626656" total="9830400" percent="47">
    <mem type="nursery" free="3058944" total="3538944" percent="86">
      <mem type="allocate" free="3058944" total="3145728" percent="97" />
      <mem type="survivor" free="0" total="393216" percent="0" />
    </mem>
    <mem type="tenure" free="1567712" total="6291456" percent="24">
      <mem type="soa" free="1252320" total="5976064" percent="20" />
      <mem type="loa" free="315392" total="315392" percent="100" />
    </mem>
    <remembered-set count="193" />
  </mem-info>
</gc-end>
<cycle-end id="279" type="scavenge" contextid="273" timestamp="2024-07-17T18:05:11.872" />
<allocation-satisfied id="280" threadId="000000000001E500" bytesRequested="35648" />
<af-end id="281" timestamp="2024-07-17T18:05:11.872" threadId="000000000001EF38" success="true" from="nursery"/>
<exclusive-end id="282" timestamp="2024-07-17T18:05:11.872" durationms="3.033" />

<exclusive-start id="283" timestamp="2024-07-17T18:05:11.932" intervalms="62.790">
  <response-info timems="0.038" idlems="0.038" threads="0" lastid="000000000001E500" lastname="main" />
</exclusive-start>
<af-start id="284" threadId="000000000001EF38" totalBytesRequested="127288" timestamp="2024-07-17T18:05:11.932" intervalms="62.834" type="nursery" />
<cycle-start id="285" type="scavenge" contextid="0" timestamp="2024-07-17T18:05:11.932" intervalms="62.823" />
<gc-start id="286" type="scavenge" contextid="285" timestamp="2024-07-17T18:05:11.933">
  <mem-info id="287" free="1567712" total="9830400" percent="15">
    <mem type="nursery" free="0" total="3538944" percent="0">
      <mem type="allocate" free="0" total="3145728" percent="0" />
      <mem type="survivor" free="0" total="393216" percent="0" />
    </mem>
    <mem type="tenure" free="1567712" total="6291456" percent="24">
      <mem type="soa" free="1252320" total="5976064" percent="20" />
      <mem type="loa" free="315392" total="315392" percent="100" />
    </mem>
    <remembered-set count="281" />
  </mem-info>
</gc-start>
<allocation-stats totalBytes="3023248" discardedBytes="35696" >
  <allocated-bytes non-tlh="683560" tlh="2339688" />
  <largest-consumer threadName="main" threadId="000000000001E500" bytes="3023248" />
</allocation-stats>
<gc-op id="288" type="scavenge" timems="0.530" contextid="285" timestamp="2024-07-17T18:05:11.934">
  <scavenger-info tenureage="3" tenuremask="ffe8" tiltratio="88" />
  <memory-copied type="nursery" objects="1565" bytes="60448" bytesdiscarded="26328" />
  <memory-copied type="tenure" objects="657" bytes="22176" bytesdiscarded="0" />
  <references type="phantom" candidates="2" cleared="0" enqueued="0" />
  <object-monitors candidates="5" cleared="0"  />
</gc-op>
<gc-end id="289" type="scavenge" contextid="285" durationms="1.142" usertimems="0.856" systemtimems="0.265" stalltimems="0.179" timestamp="2024-07-17T18:05:11.934" activeThreads="2">
  <mem-info id="290" free="4597728" total="9830400" percent="46">
    <mem type="nursery" free="3058944" total="3538944" percent="86">
      <mem type="allocate" free="3058944" total="3145728" percent="97" />
      <mem type="survivor" free="0" total="393216" percent="0" />
    </mem>
    <mem type="tenure" free="1538784" total="6291456" percent="24">
      <mem type="soa" free="1223392" total="5976064" percent="20" />
      <mem type="loa" free="315392" total="315392" percent="100" />
    </mem>
    <remembered-set count="203" />
  </mem-info>
</gc-end>
<cycle-end id="291" type="scavenge" contextid="285" timestamp="2024-07-17T18:05:11.934" />
<allocation-satisfied id="292" threadId="000000000001E500" bytesRequested="127288" />
<af-end id="293" timestamp="2024-07-17T18:05:11.934" threadId="000000000001EF38" success="true" from="nursery"/>
<exclusive-end id="294" timestamp="2024-07-17T18:05:11.934" durationms="2.629" />

<exclusive-start id="295" timestamp="2024-07-17T18:05:11.988" intervalms="55.731">
  <response-info timems="0.041" idlems="0.041" threads="0" lastid="000000000001E500" lastname="main" />
</exclusive-start>
<af-start id="296" threadId="000000000001EF38" totalBytesRequested="8200" timestamp="2024-07-17T18:05:11.988" intervalms="55.649" type="nursery" />
<cycle-start id="297" type="scavenge" contextid="0" timestamp="2024-07-17T18:05:11.988" intervalms="55.606" />
<gc-start id="298" type="scavenge" contextid="297" timestamp="2024-07-17T18:05:11.988">
  <mem-info id="299" free="1538464" total="9830400" percent="15">
    <mem type="nursery" free="0" total="3538944" percent="0">
      <mem type="allocate" free="0" total="3145728" percent="0" />
      <mem type="survivor" free="0" total="393216" percent="0" />
    </mem>
    <mem type="tenure" free="1538464" total="6291456" percent="24">
      <mem type="soa" free="1223072" total="5976064" percent="20" />
      <mem type="loa" free="315392" total="315392" percent="100" />
    </mem>
    <remembered-set count="297" />
  </mem-info>
</gc-start>
<allocation-stats totalBytes="2986752" discardedBytes="72512" >
  <allocated-bytes non-tlh="815656" tlh="2171096" />
  <largest-consumer threadName="main" threadId="000000000001E500" bytes="2986752" />
</allocation-stats>
<gc-op id="300" type="scavenge" timems="0.565" contextid="297" timestamp="2024-07-17T18:05:11.989">
  <scavenger-info tenureage="3" tenuremask="ffe8" tiltratio="88" />
  <memory-copied type="nursery" objects="1727" bytes="69400" bytesdiscarded="25816" />
  <memory-copied type="tenure" objects="390" bytes="13120" bytesdiscarded="704" />
  <references type="phantom" candidates="3" cleared="0" enqueued="0" />
  <object-monitors candidates="5" cleared="0"  />
</gc-op>
<gc-end id="301" type="scavenge" contextid="297" durationms="1.105" usertimems="0.707" systemtimems="0.224" stalltimems="0.228" timestamp="2024-07-17T18:05:11.989" activeThreads="2">
  <mem-info id="302" free="4588960" total="9830400" percent="46">
    <mem type="nursery" free="3050496" total="3538944" percent="86">
      <mem type="allocate" free="3050496" total="3145728" percent="96" />
      <mem type="survivor" free="0" total="393216" percent="0" />
    </mem>
    <mem type="tenure" free="1538464" total="6291456" percent="24">
      <mem type="soa" free="1223072" total="5976064" percent="20" />
      <mem type="loa" free="315392" total="315392" percent="100" />
    </mem>
    <remembered-set count="231" />
  </mem-info>
</gc-end>
<cycle-end id="303" type="scavenge" contextid="297" timestamp="2024-07-17T18:05:11.990" />
<allocation-satisfied id="304" threadId="000000000001E500" bytesRequested="8200" />
<af-end id="305" timestamp="2024-07-17T18:05:11.990" threadId="000000000001EF38" success="true" from="nursery"/>
<exclusive-end id="306" timestamp="2024-07-17T18:05:11.990" durationms="2.468" />

<exclusive-start id="307" timestamp="2024-07-17T18:05:12.056" intervalms="68.356">
  <response-info timems="0.043" idlems="0.043" threads="0" lastid="000000000001E500" lastname="main" />
</exclusive-start>
<af-start id="308" threadId="000000000001EF38" totalBytesRequested="15064" timestamp="2024-07-17T18:05:12.056" intervalms="68.490" type="nursery" />
<cycle-start id="309" type="scavenge" contextid="0" timestamp="2024-07-17T18:05:12.057" intervalms="68.624" />
<gc-start id="310" type="scavenge" contextid="309" timestamp="2024-07-17T18:05:12.057">
  <mem-info id="311" free="1538424" total="9830400" percent="15">
    <mem type="nursery" free="0" total="3538944" percent="0">
      <mem type="allocate" free="0" total="3145728" percent="0" />
      <mem type="survivor" free="0" total="393216" percent="0" />
    </mem>
    <mem type="tenure" free="1538424" total="6291456" percent="24">
      <mem type="soa" free="1223032" total="5976064" percent="20" />
      <mem type="loa" free="315392" total="315392" percent="100" />
    </mem>
    <remembered-set count="321" />
  </mem-info>
</gc-start>
<allocation-stats totalBytes="3015424" discardedBytes="35112" >
  <allocated-bytes non-tlh="300472" tlh="2714952" />
  <largest-consumer threadName="main" threadId="000000000001E500" bytes="3015424" />
</allocation-stats>
<gc-op id="312" type="scavenge" timems="0.851" contextid="309" timestamp="2024-07-17T18:05:12.058">
  <scavenger-info tenureage="3" tenuremask="ffe8" tiltratio="88" />
  <memory-copied type="nursery" objects="1744" bytes="131680" bytesdiscarded="13824" />
  <memory-copied type="tenure" objects="598" bytes="27712" bytesdiscarded="0" />
  <references type="weak" candidates="1" cleared="0" enqueued="0" />
  <references type="phantom" candidates="4" cleared="0" enqueued="0" />
  <object-monitors candidates="5" cleared="0"  />
</gc-op>
<gc-end id="313" type="scavenge" contextid="309" durationms="1.726" usertimems="0.000" systemtimems="1.041" stalltimems="0.711" timestamp="2024-07-17T18:05:12.059" activeThreads="2">
  <mem-info id="314" free="4509712" total="9830400" percent="45">
    <mem type="nursery" free="3000216" total="3538944" percent="84">
      <mem type="allocate" free="3000216" total="3145728" percent="95" />
      <mem type="survivor" free="0" total="393216" percent="0" />
    </mem>
    <mem type="tenure" free="1509496" total="6291456" percent="23">
      <mem type="soa" free="1194104" total="5976064" percent="19" />
      <mem type="loa" free="315392" total="315392" percent="100" />
    </mem>
    <remembered-set count="228" />
  </mem-info>
</gc-end>
<cycle-end id="315" type="scavenge" contextid="309" timestamp="2024-07-17T18:05:12.059" />
<allocation-satisfied id="316" threadId="000000000001E500" bytesRequested="15064" />
<af-end id="317" timestamp="2024-07-17T18:05:12.060" threadId="000000000001EF38" success="true" from="nursery"/>
<exclusive-end id="318" timestamp="2024-07-17T18:05:12.060" durationms="3.827" />

<exclusive-start id="319" timestamp="2024-07-17T18:05:12.123" intervalms="67.549">
  <response-info timems="0.038" idlems="0.038" threads="0" lastid="000000000001E500" lastname="main" />
</exclusive-start>
<af-start id="320" threadId="000000000001EF38" totalBytesRequested="6224" timestamp="2024-07-17T18:05:12.124" intervalms="67.476" type="nursery" />
<cycle-start id="321" type="scavenge" contextid="0" timestamp="2024-07-17T18:05:12.124" intervalms="67.409" />
<gc-start id="322" type="scavenge" contextid="321" timestamp="2024-07-17T18:05:12.124">
  <mem-info id="323" free="1509352" total="9830400" percent="15">
    <mem type="nursery" free="0" total="3538944" percent="0">
      <mem type="allocate" free="0" total="3145728" percent="0" />
      <mem type="survivor" free="0" total="393216" percent="0" />
    </mem>
    <mem type="tenure" free="1509352" total="6291456" percent="23">
      <mem type="soa" free="1193960" total="5976064" percent="19" />
      <mem type="loa" free="315392" total="315392" percent="100" />
    </mem>
    <remembered-set count="331" />
  </mem-info>
</gc-start>
<allocation-stats totalBytes="2970456" discardedBytes="29904" >
  <allocated-bytes non-tlh="667832" tlh="2302624" />
  <largest-consumer threadName="main" threadId="000000000001E500" bytes="2970456" />
</allocation-stats>
<gc-op id="324" type="scavenge" timems="0.641" contextid="321" timestamp="2024-07-17T18:05:12.125">
  <scavenger-info tenureage="3" tenuremask="ffe8" tiltratio="88" />
  <memory-copied type="nursery" objects="1721" bytes="57984" bytesdiscarded="28792" />
  <memory-copied type="tenure" objects="556" bytes="18720" bytesdiscarded="32" />
  <references type="phantom" candidates="2" cleared="0" enqueued="0" />
  <object-monitors candidates="5" cleared="0"  />
</gc-op>
<gc-end id="325" type="scavenge" contextid="321" durationms="1.314" usertimems="0.856" systemtimems="0.291" stalltimems="0.276" timestamp="2024-07-17T18:05:12.126" activeThreads="2">
  <mem-info id="326" free="4539368" total="9830400" percent="46">
    <mem type="nursery" free="3058944" total="3538944" percent="86">
      <mem type="allocate" free="3058944" total="3145728" percent="97" />
      <mem type="survivor" free="0" total="393216" percent="0" />
    </mem>
    <mem type="tenure" free="1480424" total="6291456" percent="23">
      <mem type="soa" free="1165032" total="5976064" percent="19" />
      <mem type="loa" free="315392" total="315392" percent="100" />
    </mem>
    <remembered-set count="239" />
  </mem-info>
</gc-end>
<cycle-end id="327" type="scavenge" contextid="321" timestamp="2024-07-17T18:05:12.126" />
<allocation-satisfied id="328" threadId="000000000001E500" bytesRequested="6224" />
<af-end id="329" timestamp="2024-07-17T18:05:12.126" threadId="000000000001EF38" success="true" from="nursery"/>
<exclusive-end id="330" timestamp="2024-07-17T18:05:12.127" durationms="3.061" />

<exclusive-start id="331" timestamp="2024-07-17T18:05:12.195" intervalms="71.209">
  <response-info timems="0.063" idlems="0.063" threads="0" lastid="000000000001E500" lastname="main" />
</exclusive-start>
<af-start id="332" threadId="000000000001EF38" totalBytesRequested="100904" timestamp="2024-07-17T18:05:12.195" intervalms="71.268" type="nursery" />
<cycle-start id="333" type="scavenge" contextid="0" timestamp="2024-07-17T18:05:12.195" intervalms="71.274" />
<gc-start id="334" type="scavenge" contextid="333" timestamp="2024-07-17T18:05:12.196">
  <mem-info id="335" free="1514136" total="9830400" percent="15">
    <mem type="nursery" free="33776" total="3538944" percent="0">
      <mem type="allocate" free="33776" total="3145728" percent="1" />
      <mem type="survivor" free="0" total="393216" percent="0" />
    </mem>
    <mem type="tenure" free="1480360" total="6291456" percent="23">
      <mem type="soa" free="1164968" total="5976064" percent="19" />
      <mem type="loa" free="315392" total="315392" percent="100" />
    </mem>
    <remembered-set count="337" />
  </mem-info>
</gc-start>
<allocation-stats totalBytes="2944384" discardedBytes="80848" >
  <allocated-bytes non-tlh="379216" tlh="2565168" />
  <largest-consumer threadName="main" threadId="000000000001E500" bytes="2944384" />
</allocation-stats>
<gc-op id="336" type="scavenge" timems="0.635" contextid="333" timestamp="2024-07-17T18:05:12.197">
  <scavenger-info tenureage="3" tenuremask="ffe8" tiltratio="88" />
  <memory-copied type="nursery" objects="1743" bytes="58552" bytesdiscarded="17984" />
  <memory-copied type="tenure" objects="520" bytes="17576" bytesdiscarded="0" />
  <references type="phantom" candidates="2" cleared="0" enqueued="0" />
  <object-monitors candidates="5" cleared="0"  />
</gc-op>
<gc-end id="337" type="scavenge" contextid="333" durationms="1.355" usertimems="0.725" systemtimems="0.250" stalltimems="0.346" timestamp="2024-07-17T18:05:12.197" activeThreads="2">
  <mem-info id="338" free="4549544" total="9830400" percent="46">
    <mem type="nursery" free="3069184" total="3538944" percent="86">
      <mem type="allocate" free="3069184" total="3145728" percent="97" />
      <mem type="survivor" free="0" total="393216" percent="0" />
    </mem>
    <mem type="tenure" free="1480360" total="6291456" percent="23">
      <mem type="soa" free="1164968" total="5976064" percent="19" />
      <mem type="loa" free="315392" total="315392" percent="100" />
    </mem>
    <remembered-set count="242" />
  </mem-info>
</gc-end>
<cycle-end id="339" type="scavenge" contextid="333" timestamp="2024-07-17T18:05:12.197" />
<allocation-satisfied id="340" threadId="000000000001E500" bytesRequested="100904" />
<af-end id="341" timestamp="2024-07-17T18:05:12.198" threadId="000000000001EF38" success="true" from="nursery"/>
<exclusive-end id="342" timestamp="2024-07-17T18:05:12.198" durationms="3.426" />

<exclusive-start id="343" timestamp="2024-07-17T18:05:12.259" intervalms="64.508">
  <response-info timems="0.042" idlems="0.042" threads="0" lastid="000000000001E500" lastname="main" />
</exclusive-start>
<af-start id="344" threadId="000000000001EF38" totalBytesRequested="2056" timestamp="2024-07-17T18:05:12.260" intervalms="64.497" type="nursery" />
<cycle-start id="345" type="scavenge" contextid="0" timestamp="2024-07-17T18:05:12.260" intervalms="64.520" />
<gc-start id="346" type="scavenge" contextid="345" timestamp="2024-07-17T18:05:12.260">
  <mem-info id="347" free="1480360" total="9830400" percent="15">
    <mem type="nursery" free="0" total="3538944" percent="0">
      <mem type="allocate" free="0" total="3145728" percent="0" />
      <mem type="survivor" free="0" total="393216" percent="0" />
    </mem>
    <mem type="tenure" free="1480360" total="6291456" percent="23">
      <mem type="soa" free="1164968" total="5976064" percent="19" />
      <mem type="loa" free="315392" total="315392" percent="100" />
    </mem>
    <remembered-set count="327" />
  </mem-info>
</gc-start>
<allocation-stats totalBytes="3039096" discardedBytes="30088" >
  <allocated-bytes non-tlh="511952" tlh="2527144" />
  <largest-consumer threadName="main" threadId="000000000001E500" bytes="3039096" />
</allocation-stats>
<gc-op id="348" type="scavenge" timems="0.688" contextid="345" timestamp="2024-07-17T18:05:12.261">
  <scavenger-info tenureage="3" tenuremask="ffe8" tiltratio="88" />
  <memory-copied type="nursery" objects="1684" bytes="82552" bytesdiscarded="53624" />
  <memory-copied type="tenure" objects="630" bytes="21080" bytesdiscarded="16" />
  <references type="phantom" candidates="3" cleared="0" enqueued="0" />
  <object-monitors candidates="5" cleared="0"  />
</gc-op>
<gc-end id="349" type="scavenge" contextid="345" durationms="1.572" usertimems="0.865" systemtimems="0.301" stalltimems="0.260" timestamp="2024-07-17T18:05:12.262" activeThreads="2">
  <mem-info id="350" free="4471208" total="9830400" percent="45">
    <mem type="nursery" free="3009536" total="3538944" percent="85">
      <mem type="allocate" free="3009536" total="3145728" percent="95" />
      <mem type="survivor" free="0" total="393216" percent="0" />
    </mem>
    <mem type="tenure" free="1461672" total="6291456" percent="23">
      <mem type="soa" free="1146280" total="5976064" percent="19" />
      <mem type="loa" free="315392" total="315392" percent="100" />
    </mem>
    <remembered-set count="247" />
  </mem-info>
</gc-end>
<cycle-end id="351" type="scavenge" contextid="345" timestamp="2024-07-17T18:05:12.262" />
<allocation-satisfied id="352" threadId="000000000001E500" bytesRequested="2056" />
<af-end id="353" timestamp="2024-07-17T18:05:12.263" threadId="000000000001EF38" success="true" from="nursery"/>
<exclusive-end id="354" timestamp="2024-07-17T18:05:12.263" durationms="3.520" />

<exclusive-start id="355" timestamp="2024-07-17T18:05:12.320" intervalms="60.878">
  <response-info timems="0.056" idlems="0.056" threads="0" lastid="000000000001E500" lastname="main" />
</exclusive-start>
<af-start id="356" threadId="000000000001EF38" totalBytesRequested="123016" timestamp="2024-07-17T18:05:12.320" intervalms="60.799" type="nursery" />
<cycle-start id="357" type="scavenge" contextid="0" timestamp="2024-07-17T18:05:12.321" intervalms="60.732" />
<gc-start id="358" type="scavenge" contextid="357" timestamp="2024-07-17T18:05:12.321">
  <mem-info id="359" free="1573824" total="9830400" percent="16">
    <mem type="nursery" free="112312" total="3538944" percent="3">
      <mem type="allocate" free="112312" total="3145728" percent="3" />
      <mem type="survivor" free="0" total="393216" percent="0" />
    </mem>
    <mem type="tenure" free="1461512" total="6291456" percent="23">
      <mem type="soa" free="1146120" total="5976064" percent="19" />
      <mem type="loa" free="315392" total="315392" percent="100" />
    </mem>
    <remembered-set count="434" />
  </mem-info>
</gc-start>
<allocation-stats totalBytes="2788704" discardedBytes="108680" >
  <allocated-bytes non-tlh="669160" tlh="2119544" />
  <largest-consumer threadName="main" threadId="000000000001E500" bytes="2788704" />
</allocation-stats>
<gc-op id="360" type="scavenge" timems="0.584" contextid="357" timestamp="2024-07-17T18:05:12.322">
  <scavenger-info tenureage="3" tenuremask="ffe8" tiltratio="88" />
  <memory-copied type="nursery" objects="1686" bytes="71728" bytesdiscarded="15048" />
  <memory-copied type="tenure" objects="549" bytes="18408" bytesdiscarded="0" />
  <references type="phantom" candidates="2" cleared="0" enqueued="0" />
  <object-monitors candidates="5" cleared="0"  />
</gc-op>
<gc-end id="361" type="scavenge" contextid="357" durationms="1.169" usertimems="0.756" systemtimems="0.263" stalltimems="0.239" timestamp="2024-07-17T18:05:12.322" activeThreads="2">
  <mem-info id="362" free="4520456" total="9830400" percent="45">
    <mem type="nursery" free="3058944" total="3538944" percent="86">
      <mem type="allocate" free="3058944" total="3145728" percent="97" />
      <mem type="survivor" free="0" total="393216" percent="0" />
    </mem>
    <mem type="tenure" free="1461512" total="6291456" percent="23">
      <mem type="soa" free="1146120" total="5976064" percent="19" />
      <mem type="loa" free="315392" total="315392" percent="100" />
    </mem>
    <remembered-set count="219" />
  </mem-info>
</gc-end>
<cycle-end id="363" type="scavenge" contextid="357" timestamp="2024-07-17T18:05:12.322" />
<allocation-satisfied id="364" threadId="000000000001E500" bytesRequested="123016" />
<af-end id="365" timestamp="2024-07-17T18:05:12.323" threadId="000000000001EF38" success="true" from="nursery"/>
<exclusive-end id="366" timestamp="2024-07-17T18:05:12.323" durationms="2.622" />

<exclusive-start id="367" timestamp="2024-07-17T18:05:12.383" intervalms="62.450">
  <response-info timems="0.041" idlems="0.041" threads="0" lastid="000000000001E500" lastname="main" />
</exclusive-start>
<af-start id="368" threadId="000000000001EF38" totalBytesRequested="2336" timestamp="2024-07-17T18:05:12.383" intervalms="62.526" type="nursery" />
<cycle-start id="369" type="scavenge" contextid="0" timestamp="2024-07-17T18:05:12.383" intervalms="62.526" />
<gc-start id="370" type="scavenge" contextid="369" timestamp="2024-07-17T18:05:12.383">
  <mem-info id="371" free="1461416" total="9830400" percent="14">
    <mem type="nursery" free="0" total="3538944" percent="0">
      <mem type="allocate" free="0" total="3145728" percent="0" />
      <mem type="survivor" free="0" total="393216" percent="0" />
    </mem>
    <mem type="tenure" free="1461416" total="6291456" percent="23">
      <mem type="soa" free="1146024" total="5976064" percent="19" />
      <mem type="loa" free="315392" total="315392" percent="100" />
    </mem>
    <remembered-set count="306" />
  </mem-info>
</gc-start>
<allocation-stats totalBytes="2998664" discardedBytes="60376" >
  <allocated-bytes non-tlh="605496" tlh="2393168" />
  <largest-consumer threadName="main" threadId="000000000001E500" bytes="2998664" />
</allocation-stats>
<gc-op id="372" type="scavenge" timems="0.549" contextid="369" timestamp="2024-07-17T18:05:12.384">
  <scavenger-info tenureage="3" tenuremask="4008" tiltratio="88" />
  <memory-copied type="nursery" objects="1692" bytes="74432" bytesdiscarded="71992" />
  <memory-copied type="tenure" objects="539" bytes="18072" bytesdiscarded="8" />
  <references type="phantom" candidates="3" cleared="0" enqueued="0" />
  <object-monitors candidates="5" cleared="0"  />
</gc-op>
<gc-end id="373" type="scavenge" contextid="369" durationms="1.158" usertimems="0.860" systemtimems="0.299" stalltimems="0.200" timestamp="2024-07-17T18:05:12.385" activeThreads="2">
  <mem-info id="374" free="4411304" total="9830400" percent="44">
    <mem type="nursery" free="2999296" total="3538944" percent="84">
      <mem type="allocate" free="2999296" total="3145728" percent="95" />
      <mem type="survivor" free="0" total="393216" percent="0" />
    </mem>
    <mem type="tenure" free="1412008" total="6291456" percent="22">
      <mem type="soa" free="1096616" total="5976064" percent="18" />
      <mem type="loa" free="315392" total="315392" percent="100" />
    </mem>
    <remembered-set count="208" />
  </mem-info>
</gc-end>
<cycle-end id="375" type="scavenge" contextid="369" timestamp="2024-07-17T18:05:12.385" />
<allocation-satisfied id="376" threadId="000000000001E500" bytesRequested="2336" />
<af-end id="377" timestamp="2024-07-17T18:05:12.385" threadId="000000000001EF38" success="true" from="nursery"/>
<exclusive-end id="378" timestamp="2024-07-17T18:05:12.385" durationms="2.771" />

<exclusive-start id="379" timestamp="2024-07-17T18:05:12.442" intervalms="59.958">
  <response-info timems="0.040" idlems="0.040" threads="0" lastid="000000000001E500" lastname="main" />
</exclusive-start>
<af-start id="380" threadId="000000000001EF38" totalBytesRequested="8200" timestamp="2024-07-17T18:05:12.443" intervalms="59.915" type="nursery" />
<cycle-start id="381" type="scavenge" contextid="0" timestamp="2024-07-17T18:05:12.443" intervalms="59.955" />
<gc-start id="382" type="scavenge" contextid="381" timestamp="2024-07-17T18:05:12.443">
  <mem-info id="383" free="1412008" total="9830400" percent="14">
    <mem type="nursery" free="0" total="3538944" percent="0">
      <mem type="allocate" free="0" total="3145728" percent="0" />
      <mem type="survivor" free="0" total="393216" percent="0" />
    </mem>
    <mem type="tenure" free="1412008" total="6291456" percent="22">
      <mem type="soa" free="1096616" total="5976064" percent="18" />
      <mem type="loa" free="315392" total="315392" percent="100" />
    </mem>
    <remembered-set count="295" />
  </mem-info>
</gc-start>
<allocation-stats totalBytes="2963752" discardedBytes="35544" >
  <allocated-bytes non-tlh="520512" tlh="2443240" />
  <largest-consumer threadName="main" threadId="000000000001E500" bytes="2963752" />
</allocation-stats>
<gc-op id="384" type="scavenge" timems="0.588" contextid="381" timestamp="2024-07-17T18:05:12.444">
  <scavenger-info tenureage="3" tenuremask="4008" tiltratio="88" />
  <memory-copied type="nursery" objects="1765" bytes="83280" bytesdiscarded="44448" />
  <memory-copied type="tenure" objects="482" bytes="16056" bytesdiscarded="8" />
  <references type="phantom" candidates="3" cleared="0" enqueued="0" />
  <object-monitors candidates="5" cleared="0"  />
</gc-op>
<gc-end id="385" type="scavenge" contextid="381" durationms="1.311" usertimems="0.752" systemtimems="0.259" stalltimems="0.221" timestamp="2024-07-17T18:05:12.445" activeThreads="2">
  <mem-info id="386" free="4380584" total="9830400" percent="44">
    <mem type="nursery" free="3017984" total="3538944" percent="85">
      <mem type="allocate" free="3017984" total="3145728" percent="95" />
      <mem type="survivor" free="0" total="393216" percent="0" />
    </mem>
    <mem type="tenure" free="1362600" total="6291456" percent="21">
      <mem type="soa" free="1047208" total="5976064" percent="17" />
      <mem type="loa" free="315392" total="315392" percent="100" />
    </mem>
    <remembered-set count="206" />
  </mem-info>
</gc-end>
<cycle-end id="387" type="scavenge" contextid="381" timestamp="2024-07-17T18:05:12.445" />
<allocation-satisfied id="388" threadId="000000000001E500" bytesRequested="8200" />
<af-end id="389" timestamp="2024-07-17T18:05:12.445" threadId="000000000001EF38" success="true" from="nursery"/>
<exclusive-end id="390" timestamp="2024-07-17T18:05:12.446" durationms="3.061" />

<exclusive-start id="391" timestamp="2024-07-17T18:05:12.517" intervalms="74.036">
  <response-info timems="0.122" idlems="0.122" threads="0" lastid="000000000001E500" lastname="main" />
</exclusive-start>
<af-start id="392" threadId="000000000001EF38" totalBytesRequested="10984" timestamp="2024-07-17T18:05:12.517" intervalms="74.063" type="nursery" />
<cycle-start id="393" type="scavenge" contextid="0" timestamp="2024-07-17T18:05:12.517" intervalms="74.036" />
<gc-start id="394" type="scavenge" contextid="393" timestamp="2024-07-17T18:05:12.517">
  <mem-info id="395" free="1362600" total="9830400" percent="13">
    <mem type="nursery" free="0" total="3538944" percent="0">
      <mem type="allocate" free="0" total="3145728" percent="0" />
      <mem type="survivor" free="0" total="393216" percent="0" />
    </mem>
    <mem type="tenure" free="1362600" total="6291456" percent="21">
      <mem type="soa" free="1047208" total="5976064" percent="17" />
      <mem type="loa" free="315392" total="315392" percent="100" />
    </mem>
    <remembered-set count="314" />
  </mem-info>
</gc-start>
<allocation-stats totalBytes="2979968" discardedBytes="38016" >
  <allocated-bytes non-tlh="262768" tlh="2717200" />
  <largest-consumer threadName="main" threadId="000000000001E500" bytes="2979968" />
</allocation-stats>
<gc-op id="396" type="scavenge" timems="0.683" contextid="393" timestamp="2024-07-17T18:05:12.519">
  <scavenger-info tenureage="3" tenuremask="4008" tiltratio="88" />
  <memory-copied type="nursery" objects="1699" bytes="57168" bytesdiscarded="29608" />
  <memory-copied type="tenure" objects="644" bytes="36704" bytesdiscarded="8" />
  <references type="phantom" candidates="2" cleared="0" enqueued="0" />
  <object-monitors candidates="5" cleared="0"  />
</gc-op>
<gc-end id="397" type="scavenge" contextid="393" durationms="1.412" usertimems="0.883" systemtimems="0.302" stalltimems="0.408" timestamp="2024-07-17T18:05:12.519" activeThreads="2">
  <mem-info id="398" free="4392616" total="9830400" percent="44">
    <mem type="nursery" free="3058944" total="3538944" percent="86">
      <mem type="allocate" free="3058944" total="3145728" percent="97" />
      <mem type="survivor" free="0" total="393216" percent="0" />
    </mem>
    <mem type="tenure" free="1333672" total="6291456" percent="21">
      <mem type="soa" free="1018280" total="5976064" percent="17" />
      <mem type="loa" free="315392" total="315392" percent="100" />
    </mem>
    <remembered-set count="229" />
  </mem-info>
</gc-end>
<cycle-end id="399" type="scavenge" contextid="393" timestamp="2024-07-17T18:05:12.519" />
<allocation-satisfied id="400" threadId="000000000001E500" bytesRequested="10984" />
<af-end id="401" timestamp="2024-07-17T18:05:12.520" threadId="000000000001EF38" success="true" from="nursery"/>
<exclusive-end id="402" timestamp="2024-07-17T18:05:12.520" durationms="3.329" />

<exclusive-start id="403" timestamp="2024-07-17T18:05:12.590" intervalms="73.905">
  <response-info timems="0.041" idlems="0.041" threads="0" lastid="000000000001E500" lastname="main" />
</exclusive-start>
<af-start id="404" threadId="000000000001EF38" totalBytesRequested="142360" timestamp="2024-07-17T18:05:12.591" intervalms="73.838" type="nursery" />
<cycle-start id="405" type="scavenge" contextid="0" timestamp="2024-07-17T18:05:12.591" intervalms="73.825" />
<gc-start id="406" type="scavenge" contextid="405" timestamp="2024-07-17T18:05:12.591">
  <mem-info id="407" free="1333672" total="9830400" percent="13">
    <mem type="nursery" free="0" total="3538944" percent="0">
      <mem type="allocate" free="0" total="3145728" percent="0" />
      <mem type="survivor" free="0" total="393216" percent="0" />
    </mem>
    <mem type="tenure" free="1333672" total="6291456" percent="21">
      <mem type="soa" free="1018280" total="5976064" percent="17" />
      <mem type="loa" free="315392" total="315392" percent="100" />
    </mem>
    <remembered-set count="332" />
  </mem-info>
</gc-start>
<allocation-stats totalBytes="3046256" discardedBytes="12688" >
  <allocated-bytes non-tlh="614112" tlh="2432144" />
  <largest-consumer threadName="main" threadId="000000000001E500" bytes="3046256" />
</allocation-stats>
<gc-op id="408" type="scavenge" timems="0.585" contextid="405" timestamp="2024-07-17T18:05:12.592">
  <scavenger-info tenureage="2" tenuremask="400c" tiltratio="88" />
  <memory-copied type="nursery" objects="1233" bytes="41608" bytesdiscarded="16240" />
  <memory-copied type="tenure" objects="1068" bytes="35800" bytesdiscarded="8" />
  <references type="phantom" candidates="2" cleared="0" enqueued="0" />
  <object-monitors candidates="5" cleared="0"  />
</gc-op>
<gc-end id="409" type="scavenge" contextid="405" durationms="1.149" usertimems="0.835" systemtimems="0.286" stalltimems="0.170" timestamp="2024-07-17T18:05:12.592" activeThreads="2">
  <mem-info id="410" free="4372136" total="9830400" percent="44">
    <mem type="nursery" free="3087872" total="3538944" percent="87">
      <mem type="allocate" free="3087872" total="3145728" percent="98" />
      <mem type="survivor" free="0" total="393216" percent="0" />
    </mem>
    <mem type="tenure" free="1284264" total="6291456" percent="20">
      <mem type="soa" free="968872" total="5976064" percent="16" />
      <mem type="loa" free="315392" total="315392" percent="100" />
    </mem>
    <remembered-set count="200" />
  </mem-info>
</gc-end>
<cycle-end id="411" type="scavenge" contextid="405" timestamp="2024-07-17T18:05:12.593" />
<allocation-satisfied id="412" threadId="000000000001E500" bytesRequested="142360" />
<af-end id="413" timestamp="2024-07-17T18:05:12.593" threadId="000000000001EF38" success="true" from="nursery"/>
<exclusive-end id="414" timestamp="2024-07-17T18:05:12.593" durationms="2.768" />

<exclusive-start id="415" timestamp="2024-07-17T18:05:12.668" intervalms="77.696">
  <response-info timems="0.052" idlems="0.052" threads="0" lastid="000000000001E500" lastname="main" />
</exclusive-start>
<af-start id="416" threadId="000000000001EF38" totalBytesRequested="101528" timestamp="2024-07-17T18:05:12.668" intervalms="77.716" type="nursery" />
<cycle-start id="417" type="scavenge" contextid="0" timestamp="2024-07-17T18:05:12.669" intervalms="77.740" />
<gc-start id="418" type="scavenge" contextid="417" timestamp="2024-07-17T18:05:12.669">
  <mem-info id="419" free="1284264" total="9830400" percent="13">
    <mem type="nursery" free="0" total="3538944" percent="0">
      <mem type="allocate" free="0" total="3145728" percent="0" />
      <mem type="survivor" free="0" total="393216" percent="0" />
    </mem>
    <mem type="tenure" free="1284264" total="6291456" percent="20">
      <mem type="soa" free="968872" total="5976064" percent="16" />
      <mem type="loa" free="315392" total="315392" percent="100" />
    </mem>
    <remembered-set count="311" />
  </mem-info>
</gc-start>
<allocation-stats totalBytes="3039592" discardedBytes="48280" >
  <allocated-bytes non-tlh="648120" tlh="2391472" />
  <largest-consumer threadName="main" threadId="000000000001E500" bytes="3039592" />
</allocation-stats>
<gc-op id="420" type="scavenge" timems="0.706" contextid="417" timestamp="2024-07-17T18:05:12.670">
  <scavenger-info tenureage="2" tenuremask="4004" tiltratio="88" />
  <memory-copied type="nursery" objects="1203" bytes="40600" bytesdiscarded="17248" />
  <memory-copied type="tenure" objects="610" bytes="20472" bytesdiscarded="0" />
  <references type="phantom" candidates="2" cleared="0" enqueued="0" />
  <object-monitors candidates="5" cleared="0"  />
</gc-op>
<gc-end id="421" type="scavenge" contextid="417" durationms="1.502" usertimems="0.929" systemtimems="0.322" stalltimems="0.212" timestamp="2024-07-17T18:05:12.670" activeThreads="2">
  <mem-info id="422" free="4372136" total="9830400" percent="44">
    <mem type="nursery" free="3087872" total="3538944" percent="87">
      <mem type="allocate" free="3087872" total="3145728" percent="98" />
      <mem type="survivor" free="0" total="393216" percent="0" />
    </mem>
    <mem type="tenure" free="1284264" total="6291456" percent="20">
      <mem type="soa" free="968872" total="5976064" percent="16" />
      <mem type="loa" free="315392" total="315392" percent="100" />
    </mem>
    <remembered-set count="204" />
  </mem-info>
</gc-end>
<cycle-end id="423" type="scavenge" contextid="417" timestamp="2024-07-17T18:05:12.671" />
<allocation-satisfied id="424" threadId="000000000001E500" bytesRequested="101528" />
<af-end id="425" timestamp="2024-07-17T18:05:12.671" threadId="000000000001EF38" success="true" from="nursery"/>
<exclusive-end id="426" timestamp="2024-07-17T18:05:12.671" durationms="3.365" />

<exclusive-start id="427" timestamp="2024-07-17T18:05:12.747" intervalms="78.568">
  <response-info timems="0.039" idlems="0.039" threads="0" lastid="000000000001E500" lastname="main" />
</exclusive-start>
<af-start id="428" threadId="000000000001EF38" totalBytesRequested="13240" timestamp="2024-07-17T18:05:12.747" intervalms="78.563" type="nursery" />
<cycle-start id="429" type="scavenge" contextid="0" timestamp="2024-07-17T18:05:12.747" intervalms="78.545" />
<gc-start id="430" type="scavenge" contextid="429" timestamp="2024-07-17T18:05:12.748">
  <mem-info id="431" free="1284264" total="9830400" percent="13">
    <mem type="nursery" free="0" total="3538944" percent="0">
      <mem type="allocate" free="0" total="3145728" percent="0" />
      <mem type="survivor" free="0" total="393216" percent="0" />
    </mem>
    <mem type="tenure" free="1284264" total="6291456" percent="20">
      <mem type="soa" free="968872" total="5976064" percent="16" />
      <mem type="loa" free="315392" total="315392" percent="100" />
    </mem>
    <remembered-set count="347" />
  </mem-info>
</gc-start>
<allocation-stats totalBytes="3024656" discardedBytes="63216" >
  <allocated-bytes non-tlh="238064" tlh="2786592" />
  <largest-consumer threadName="main" threadId="000000000001E500" bytes="3024656" />
</allocation-stats>
<gc-op id="432" type="scavenge" timems="0.518" contextid="429" timestamp="2024-07-17T18:05:12.748">
  <scavenger-info tenureage="2" tenuremask="4004" tiltratio="88" />
  <memory-copied type="nursery" objects="1297" bytes="43472" bytesdiscarded="24616" />
  <memory-copied type="tenure" objects="602" bytes="20240" bytesdiscarded="0" />
  <references type="phantom" candidates="2" cleared="0" enqueued="0" />
  <object-monitors candidates="5" cleared="0"  />
</gc-op>
<gc-end id="433" type="scavenge" contextid="429" durationms="1.225" usertimems="0.685" systemtimems="0.235" stalltimems="0.153" timestamp="2024-07-17T18:05:12.749" activeThreads="2">
  <mem-info id="434" free="4361896" total="9830400" percent="44">
    <mem type="nursery" free="3077632" total="3538944" percent="86">
      <mem type="allocate" free="3077632" total="3145728" percent="97" />
      <mem type="survivor" free="0" total="393216" percent="0" />
    </mem>
    <mem type="tenure" free="1284264" total="6291456" percent="20">
      <mem type="soa" free="968872" total="5976064" percent="16" />
      <mem type="loa" free="315392" total="315392" percent="100" />
    </mem>
    <remembered-set count="235" />
  </mem-info>
</gc-end>
<cycle-end id="435" type="scavenge" contextid="429" timestamp="2024-07-17T18:05:12.749" />
<allocation-satisfied id="436" threadId="000000000001E500" bytesRequested="13240" />
<af-end id="437" timestamp="2024-07-17T18:05:12.749" threadId="000000000001EF38" success="true" from="nursery"/>
<exclusive-end id="438" timestamp="2024-07-17T18:05:12.750" durationms="2.907" />

<exclusive-start id="439" timestamp="2024-07-17T18:05:12.820" intervalms="73.738">
  <response-info timems="0.111" idlems="0.111" threads="0" lastid="000000000001E500" lastname="main" />
</exclusive-start>
<af-start id="440" threadId="000000000001EF38" totalBytesRequested="8200" timestamp="2024-07-17T18:05:12.821" intervalms="73.825" type="nursery" />
<cycle-start id="441" type="scavenge" contextid="0" timestamp="2024-07-17T18:05:12.821" intervalms="73.889" />
<gc-start id="442" type="scavenge" contextid="441" timestamp="2024-07-17T18:05:12.822">
  <mem-info id="443" free="1268440" total="9830400" percent="12">
    <mem type="nursery" free="0" total="3538944" percent="0">
      <mem type="allocate" free="0" total="3145728" percent="0" />
      <mem type="survivor" free="0" total="393216" percent="0" />
    </mem>
    <mem type="tenure" free="1268440" total="6291456" percent="20">
      <mem type="soa" free="953048" total="5976064" percent="15" />
      <mem type="loa" free="315392" total="315392" percent="100" />
    </mem>
    <remembered-set count="951" />
  </mem-info>
</gc-start>
<allocation-stats totalBytes="3082824" discardedBytes="10632" >
  <allocated-bytes non-tlh="516976" tlh="2565848" />
  <largest-consumer threadName="main" threadId="000000000001E500" bytes="3078728" />
</allocation-stats>
<gc-op id="444" type="scavenge" timems="1.410" contextid="441" timestamp="2024-07-17T18:05:12.823">
  <scavenger-info tenureage="2" tenuremask="4004" tiltratio="88" />
  <memory-copied type="nursery" objects="5290" bytes="337872" bytesdiscarded="47512" />
  <memory-copied type="tenure" objects="580" bytes="19464" bytesdiscarded="0" />
  <finalization candidates="77" enqueued="45" />
  <ownableSynchronizers candidates="48" cleared="25" />
  <references type="soft" candidates="30" cleared="0" enqueued="0" dynamicThreshold="32" maxThreshold="32" />
  <references type="weak" candidates="94" cleared="66" enqueued="66" />
  <references type="phantom" candidates="47" cleared="17" enqueued="17" />
  <object-monitors candidates="6" cleared="0"  />
</gc-op>
<gc-end id="445" type="scavenge" contextid="441" durationms="2.354" usertimems="2.670" systemtimems="0.000" stalltimems="0.423" timestamp="2024-07-17T18:05:12.824" activeThreads="2">
  <mem-info id="446" free="3765760" total="9830400" percent="38">
    <mem type="nursery" free="2497320" total="3538944" percent="70">
      <mem type="allocate" free="2497320" total="2883584" percent="86" />
      <mem type="survivor" free="0" total="655360" percent="0" />
    </mem>
    <mem type="tenure" free="1268440" total="6291456" percent="20">
      <mem type="soa" free="953048" total="5976064" percent="15" />
      <mem type="loa" free="315392" total="315392" percent="100" />
    </mem>
    <pending-finalizers system="45" default="0" reference="83" classloader="0" />
    <remembered-set count="497" />
  </mem-info>
</gc-end>
<cycle-end id="447" type="scavenge" contextid="441" timestamp="2024-07-17T18:05:12.824" />
<allocation-satisfied id="448" threadId="000000000001E500" bytesRequested="8200" />
<af-end id="449" timestamp="2024-07-17T18:05:12.825" threadId="000000000001EF38" success="true" from="nursery"/>
<exclusive-end id="450" timestamp="2024-07-17T18:05:12.825" durationms="4.626" />

<exclusive-start id="451" timestamp="2024-07-17T18:05:12.871" intervalms="50.402">
  <response-info timems="0.063" idlems="0.063" threads="0" lastid="000000000001E500" lastname="main" />
</exclusive-start>
<af-start id="452" threadId="000000000001EF38" totalBytesRequested="48" timestamp="2024-07-17T18:05:12.871" intervalms="50.358" type="nursery" />
<cycle-start id="453" type="scavenge" contextid="0" timestamp="2024-07-17T18:05:12.871" intervalms="50.310" />
<gc-start id="454" type="scavenge" contextid="453" timestamp="2024-07-17T18:05:12.872">
  <mem-info id="455" free="1268440" total="9830400" percent="12">
    <mem type="nursery" free="0" total="3538944" percent="0">
      <mem type="allocate" free="0" total="2883584" percent="0" />
      <mem type="survivor" free="0" total="655360" percent="0" />
    </mem>
    <mem type="tenure" free="1268440" total="6291456" percent="20">
      <mem type="soa" free="953048" total="5976064" percent="15" />
      <mem type="loa" free="315392" total="315392" percent="100" />
    </mem>
    <remembered-set count="680" />
  </mem-info>
</gc-start>
<allocation-stats totalBytes="2495640" discardedBytes="1680" >
  <allocated-bytes non-tlh="8200" tlh="2487440" />
  <largest-consumer threadName="main" threadId="000000000001E500" bytes="2491544" />
</allocation-stats>
<gc-op id="456" type="scavenge" timems="1.647" contextid="453" timestamp="2024-07-17T18:05:12.874">
  <scavenger-info tenureage="2" tenuremask="fff4" tiltratio="81" />
  <memory-copied type="nursery" objects="9233" bytes="654344" bytesdiscarded="48" />
  <memory-copied type="tenure" objects="3261" bytes="102728" bytesdiscarded="48" />
  <copy-failed type="nursery" objects="2565" bytes="79808" />
  <finalization candidates="32" enqueued="0" />
  <ownableSynchronizers candidates="93" cleared="42" />
  <references type="soft" candidates="30" cleared="0" enqueued="0" dynamicThreshold="32" maxThreshold="32" />
  <references type="weak" candidates="21" cleared="0" enqueued="0" />
  <references type="phantom" candidates="71" cleared="0" enqueued="0" />
  <object-monitors candidates="6" cleared="0"  />
</gc-op>
<gc-end id="457" type="scavenge" contextid="453" durationms="2.265" usertimems="3.003" systemtimems="0.000" stalltimems="0.384" timestamp="2024-07-17T18:05:12.874" activeThreads="2">
  <mem-info id="458" free="2554072" total="9830400" percent="25">
    <mem type="nursery" free="1507328" total="3538944" percent="42">
      <mem type="allocate" free="1507328" total="2162688" percent="69" />
      <mem type="survivor" free="0" total="1376256" percent="0" />
    </mem>
    <mem type="tenure" free="1046744" total="6291456" percent="16">
      <mem type="soa" free="731352" total="5976064" percent="12" />
      <mem type="loa" free="315392" total="315392" percent="100" />
    </mem>
    <remembered-set count="927" />
  </mem-info>
</gc-end>
<cycle-end id="459" type="scavenge" contextid="453" timestamp="2024-07-17T18:05:12.874" />
<allocation-satisfied id="460" threadId="000000000001E500" bytesRequested="48" />
<af-end id="461" timestamp="2024-07-17T18:05:12.875" threadId="000000000001EF38" success="true" from="nursery"/>
<exclusive-end id="462" timestamp="2024-07-17T18:05:12.875" durationms="3.942" />

<exclusive-start id="463" timestamp="2024-07-17T18:05:12.939" intervalms="67.786">
  <response-info timems="0.057" idlems="0.057" threads="0" lastid="000000000001E500" lastname="main" />
</exclusive-start>
<af-start id="464" threadId="000000000001EF38" totalBytesRequested="24" timestamp="2024-07-17T18:05:12.939" intervalms="67.819" type="nursery" />
<cycle-start id="465" type="scavenge" contextid="0" timestamp="2024-07-17T18:05:12.939" intervalms="67.883" />
<gc-start id="466" type="scavenge" contextid="465" timestamp="2024-07-17T18:05:12.940">
  <mem-info id="467" free="1042864" total="9830400" percent="10">
    <mem type="nursery" free="0" total="3538944" percent="0">
      <mem type="allocate" free="0" total="2162688" percent="0" />
      <mem type="survivor" free="0" total="1376256" percent="0" />
    </mem>
    <mem type="tenure" free="1042864" total="6291456" percent="16">
      <mem type="soa" free="727472" total="5976064" percent="12" />
      <mem type="loa" free="315392" total="315392" percent="100" />
    </mem>
    <remembered-set count="1142" />
  </mem-info>
</gc-start>
<allocation-stats totalBytes="1511088" discardedBytes="120" >
  <allocated-bytes non-tlh="3928" tlh="1507160" />
  <largest-consumer threadName="main" threadId="000000000001E500" bytes="1506992" />
</allocation-stats>
<gc-op id="468" type="scavenge" timems="3.206" contextid="465" timestamp="2024-07-17T18:05:12.943">
  <scavenger-info tenureage="2" tenuremask="fff4" tiltratio="61" />
  <memory-copied type="nursery" objects="10834" bytes="655976" bytesdiscarded="67936" />
  <memory-copied type="tenure" objects="3558" bytes="274920" bytesdiscarded="528" />
  <finalization candidates="44" enqueued="6" />
  <ownableSynchronizers candidates="36" cleared="3" />
  <references type="weak" candidates="24" cleared="20" enqueued="20" />
  <references type="phantom" candidates="43" cleared="1" enqueued="1" />
  <object-monitors candidates="6" cleared="0"  />
</gc-op>
<heap-resize id="469" type="expand" space="nursery" amount="131072" count="1" timems="0.038" reason="excessive time being spent scavenging" timestamp="2024-07-17T18:05:12.944" />
<gc-end id="470" type="scavenge" contextid="465" durationms="4.952" usertimems="6.113" systemtimems="0.000" stalltimems="0.673" timestamp="2024-07-17T18:05:12.945" activeThreads="2">
  <mem-info id="471" free="2476256" total="9961472" percent="24">
    <mem type="nursery" free="1634272" total="3670016" percent="44">
      <mem type="allocate" free="1634272" total="2359296" percent="69" />
      <mem type="survivor" free="0" total="1310720" percent="0" />
    </mem>
    <mem type="tenure" free="841984" total="6291456" percent="13">
      <mem type="soa" free="526592" total="5976064" percent="8" />
      <mem type="loa" free="315392" total="315392" percent="100" />
    </mem>
    <pending-finalizers system="6" default="0" reference="21" classloader="0" />
    <remembered-set count="672" />
  </mem-info>
</gc-end>
<cycle-end id="472" type="scavenge" contextid="465" timestamp="2024-07-17T18:05:12.945" />
<allocation-satisfied id="473" threadId="000000000001E500" bytesRequested="24" />
<af-end id="474" timestamp="2024-07-17T18:05:12.946" threadId="000000000001EF38" success="true" from="nursery"/>
<exclusive-end id="475" timestamp="2024-07-17T18:05:12.946" durationms="7.159" />

<exclusive-start id="476" timestamp="2024-07-17T18:05:12.976" intervalms="37.747">
  <response-info timems="0.071" idlems="0.071" threads="0" lastid="000000000001E500" lastname="main" />
</exclusive-start>
<af-start id="477" threadId="000000000001EF38" totalBytesRequested="16" timestamp="2024-07-17T18:05:12.977" intervalms="37.720" type="nursery" />
<cycle-start id="478" type="scavenge" contextid="0" timestamp="2024-07-17T18:05:12.977" intervalms="37.680" />
<gc-start id="479" type="scavenge" contextid="478" timestamp="2024-07-17T18:05:12.977">
  <mem-info id="480" free="841264" total="9961472" percent="8">
    <mem type="nursery" free="0" total="3670016" percent="0">
      <mem type="allocate" free="0" total="2359296" percent="0" />
      <mem type="survivor" free="0" total="1310720" percent="0" />
    </mem>
    <mem type="tenure" free="841264" total="6291456" percent="13">
      <mem type="soa" free="525872" total="5976064" percent="8" />
      <mem type="loa" free="315392" total="315392" percent="100" />
    </mem>
    <remembered-set count="720" />
  </mem-info>
</gc-start>
<allocation-stats totalBytes="1633648" discardedBytes="1344" >
  <allocated-bytes non-tlh="744" tlh="1632904" />
  <largest-consumer threadName="main" threadId="000000000001E500" bytes="1633648" />
</allocation-stats>
<gc-op id="481" type="scavenge" timems="2.210" contextid="478" timestamp="2024-07-17T18:05:12.980">
  <scavenger-info tenureage="4" tenuremask="fff0" tiltratio="64" />
  <memory-copied type="nursery" objects="10428" bytes="653800" bytesdiscarded="196664" />
  <finalization candidates="18" enqueued="6" />
  <ownableSynchronizers candidates="19" cleared="0" />
  <references type="weak" candidates="4" cleared="0" enqueued="0" />
  <references type="phantom" candidates="42" cleared="0" enqueued="0" />
  <object-monitors candidates="6" cleared="0"  />
</gc-op>
<gc-end id="482" type="scavenge" contextid="478" durationms="3.036" usertimems="5.049" systemtimems="0.000" stalltimems="2.087" timestamp="2024-07-17T18:05:12.980" activeThreads="3">
  <mem-info id="483" free="2480416" total="9961472" percent="24">
    <mem type="nursery" free="1639152" total="3670016" percent="44">
      <mem type="allocate" free="1639152" total="2490368" percent="65" />
      <mem type="survivor" free="0" total="1179648" percent="0" />
    </mem>
    <mem type="tenure" free="841264" total="6291456" percent="13">
      <mem type="soa" free="525872" total="5976064" percent="8" />
      <mem type="loa" free="315392" total="315392" percent="100" />
    </mem>
    <pending-finalizers system="6" default="0" reference="0" classloader="0" />
    <remembered-set count="700" />
  </mem-info>
</gc-end>
<cycle-end id="484" type="scavenge" contextid="478" timestamp="2024-07-17T18:05:12.981" />
<allocation-satisfied id="485" threadId="000000000001E500" bytesRequested="16" />
<af-end id="486" timestamp="2024-07-17T18:05:12.981" threadId="000000000001EF38" success="true" from="nursery"/>
<exclusive-end id="487" timestamp="2024-07-17T18:05:12.981" durationms="4.933" />

<exclusive-start id="488" timestamp="2024-07-17T18:05:13.011" intervalms="34.366">
  <response-info timems="0.079" idlems="0.079" threads="0" lastid="000000000001E500" lastname="main" />
</exclusive-start>
<af-start id="489" threadId="000000000001EF38" totalBytesRequested="16" timestamp="2024-07-17T18:05:13.013" intervalms="36.321" type="nursery" />
<cycle-start id="490" type="scavenge" contextid="0" timestamp="2024-07-17T18:05:13.014" intervalms="36.816" />
<gc-start id="491" type="scavenge" contextid="490" timestamp="2024-07-17T18:05:13.015">
  <mem-info id="492" free="841264" total="9961472" percent="8">
    <mem type="nursery" free="0" total="3670016" percent="0">
      <mem type="allocate" free="0" total="2490368" percent="0" />
      <mem type="survivor" free="0" total="1179648" percent="0" />
    </mem>
    <mem type="tenure" free="841264" total="6291456" percent="13">
      <mem type="soa" free="525872" total="5976064" percent="8" />
      <mem type="loa" free="315392" total="315392" percent="100" />
    </mem>
    <remembered-set count="740" />
  </mem-info>
</gc-start>
<allocation-stats totalBytes="1637096" discardedBytes="2056" >
  <allocated-bytes non-tlh="16" tlh="1637080" />
  <largest-consumer threadName="main" threadId="000000000001E500" bytes="1637096" />
</allocation-stats>
<gc-op id="493" type="scavenge" timems="2.007" contextid="490" timestamp="2024-07-17T18:05:13.018">
  <scavenger-info tenureage="3" tenuremask="fff8" tiltratio="67" />
  <memory-copied type="nursery" objects="4474" bytes="132000" bytesdiscarded="29328" />
  <memory-copied type="tenure" objects="4874" bytes="355928" bytesdiscarded="160" />
  <finalization candidates="12" enqueued="0" />
  <ownableSynchronizers candidates="19" cleared="0" />
  <references type="weak" candidates="3" cleared="0" enqueued="0" />
  <object-monitors candidates="6" cleared="0"  />
</gc-op>
<heap-resize id="494" type="expand" space="nursery" amount="393216" count="1" timems="0.050" reason="excessive time being spent scavenging" timestamp="2024-07-17T18:05:13.021" />
<gc-end id="495" type="scavenge" contextid="490" durationms="8.458" usertimems="4.473" systemtimems="0.101" stalltimems="1.959" timestamp="2024-07-17T18:05:13.024" activeThreads="3">
  <mem-info id="496" free="3167408" total="10354688" percent="30">
    <mem type="nursery" free="2656512" total="4063232" percent="65">
      <mem type="allocate" free="2656512" total="2818048" percent="94" />
      <mem type="survivor" free="0" total="1245184" percent="0" />
    </mem>
    <mem type="tenure" free="510896" total="6291456" percent="8">
      <mem type="soa" free="195504" total="5976064" percent="3" />
      <mem type="loa" free="315392" total="315392" percent="100" />
    </mem>
    <remembered-set count="351" />
  </mem-info>
</gc-end>
<cycle-end id="497" type="scavenge" contextid="490" timestamp="2024-07-17T18:05:13.024" />
<allocation-satisfied id="498" threadId="000000000001E500" bytesRequested="16" />
<af-end id="499" timestamp="2024-07-17T18:05:13.025" threadId="000000000001EF38" success="true" from="nursery"/>
<exclusive-end id="500" timestamp="2024-07-17T18:05:13.026" durationms="14.918" />

<concurrent-kickoff id="501" timestamp="2024-07-17T18:05:13.194">
  <kickoff reason="threshold reached" targetBytes="1867303" thresholdFreeBytes="258534"  remainingFree="256256" tenureFreeBytes="362296" nurseryFreeBytes="256256" />
</concurrent-kickoff>
<exclusive-start id="502" timestamp="2024-07-17T18:05:13.196" intervalms="184.823">
  <response-info timems="0.130" idlems="0.095" threads="1" lastid="00000000005CA500" lastname="Equinox start level thread - Equinox Container: 32b91115-e754-4" />
</exclusive-start>
<cycle-start id="503" type="global" contextid="0" timestamp="2024-07-17T18:05:13.196" intervalms="2865.892" />
<concurrent-start id="504" type="global mark" contextid="503" timestamp="2024-07-17T18:05:13.196">
</concurrent-start>
<exclusive-end id="505" timestamp="2024-07-17T18:05:13.196" durationms="0.696" />

<concurrent-end id="506" type="global mark" contextid="503" timestamp="2024-07-17T18:05:13.212">
<gc-op id="507" type="trace" timems="15.605" contextid="503" timestamp="2024-07-17T18:05:13.212">
  <trace bytesTraced="2870408" workStackOverflowCount="0" />
  <card-cleaning reason="card cleaning threshold reached" bytesTraced="18596" cardsCleaned="64" />
</gc-op>
</concurrent-end>

<exclusive-start id="508" timestamp="2024-07-17T18:05:13.212" intervalms="16.905">
  <response-info timems="0.064" idlems="0.064" threads="0" lastid="00000000005CA500" lastname="Equinox start level thread - Equinox Container: 32b91115-e754-4" />
</exclusive-start>
<concurrent-global-final id="509" timestamp="2024-07-17T18:05:13.213" contextid="503" intervalms="2882.775" >
  <concurrent-trace-info reason="card cleaning threshold reached" tracedByMutators="390220" tracedByHelpers="2498784" cardsCleaned="64" workStackOverflowCount="0" />
</concurrent-global-final>
<gc-start id="510" type="global" contextid="503" timestamp="2024-07-17T18:05:13.213">
  <mem-info id="511" free="445712" total="10354688" percent="4">
    <mem type="nursery" free="100608" total="4063232" percent="2">
      <mem type="allocate" free="100608" total="2818048" percent="3" />
      <mem type="survivor" free="0" total="1245184" percent="0" />
    </mem>
    <mem type="tenure" free="345104" total="6291456" percent="5">
      <mem type="soa" free="29712" total="5976064" percent="0" />
      <mem type="loa" free="315392" total="315392" percent="100" />
    </mem>
    <remembered-set count="2969" />
  </mem-info>
</gc-start>
<allocation-stats totalBytes="2704304" discardedBytes="17392" >
  <allocated-bytes non-tlh="165808" tlh="2538496" />
  <largest-consumer threadName="Equinox start level thread - Equinox Container: 32b91115-e754-46d0-8a1d-7f0e2543cfb4" threadId="00000000005CA500" bytes="1212624" />
</allocation-stats>
<gc-op id="512" type="rs-scan" timems="1.210" contextid="503" timestamp="2024-07-17T18:05:13.215">
  <scan objectsFound="6831" bytesTraced="333044" workStackOverflowCount="0" />
</gc-op>
<gc-op id="513" type="card-cleaning" timems="0.430" contextid="503" timestamp="2024-07-17T18:05:13.216">
  <card-cleaning cardsCleaned="5" bytesTraced="1168" workStackOverflowCount="0" />
</gc-op>
<gc-op id="514" type="mark" timems="6.063" contextid="503" timestamp="2024-07-17T18:05:13.222">
  <trace-info objectcount="4587" scancount="3849" scanbytes="119480" />
  <finalization candidates="797" enqueued="193" />
  <ownableSynchronizers candidates="106" cleared="2" />
  <references type="soft" candidates="4690" cleared="0" enqueued="0" dynamicThreshold="32" maxThreshold="32" />
  <references type="weak" candidates="1080" cleared="293" enqueued="293" />
  <references type="phantom" candidates="134" cleared="16" enqueued="16" />
  <stringconstants candidates="10383" cleared="55"  />
  <object-monitors candidates="8" cleared="0"  />
</gc-op>
<gc-op id="515" type="classunload" timems="0.035" contextid="503" timestamp="2024-07-17T18:05:13.222">
  <classunload-info classloadercandidates="19" classloadersunloaded="0" classesunloaded="0" anonymousclassesunloaded="0" quiescems="0.000" setupms="0.031" scanms="0.004" postms="0.000" />
</gc-op>
<gc-op id="516" type="sweep" timems="1.011" contextid="503" timestamp="2024-07-17T18:05:13.224" />
<heap-resize id="517" type="expand" space="tenure" amount="1572864" count="1" timems="0.050" reason="insufficient free space following gc" timestamp="2024-07-17T18:05:13.224" />
<gc-end id="518" type="global" contextid="503" durationms="11.453" usertimems="8.259" systemtimems="9.520" stalltimems="15.930" timestamp="2024-07-17T18:05:13.225" activeThreads="4">
  <mem-info id="519" free="4462536" total="11927552" percent="37">
    <mem type="nursery" free="2081560" total="4063232" percent="51">
      <mem type="allocate" free="2081560" total="2818048" percent="73" />
      <mem type="survivor" free="0" total="1245184" percent="0" />
    </mem>
    <mem type="tenure" free="2380976" total="7864320" percent="30" micro-fragmented="102007" macro-fragmented="0">
      <mem type="soa" free="1987760" total="7471104" percent="26" />
      <mem type="loa" free="393216" total="393216" percent="100" />
    </mem>
    <pending-finalizers system="193" default="0" reference="309" classloader="0" />
    <remembered-set count="2653" />
  </mem-info>
</gc-end>
<cycle-end id="520" type="global" contextid="503" timestamp="2024-07-17T18:05:13.225" />
<exclusive-end id="521" timestamp="2024-07-17T18:05:13.225" durationms="12.733" />

<exclusive-start id="522" timestamp="2024-07-17T18:05:13.323" intervalms="110.300">
  <response-info timems="0.061" idlems="0.061" threads="0" lastid="00000000005C6800" lastname="Equinox start level thread - Equinox Container: 32b91115-e754-4" />
</exclusive-start>
<af-start id="523" threadId="00000000005C7238" totalBytesRequested="1912" timestamp="2024-07-17T18:05:13.323" intervalms="310.138" type="nursery" />
<cycle-start id="524" type="scavenge" contextid="0" timestamp="2024-07-17T18:05:13.324" intervalms="309.729" />
<gc-start id="525" type="scavenge" contextid="524" timestamp="2024-07-17T18:05:13.324">
  <mem-info id="526" free="2229600" total="11927552" percent="18">
    <mem type="nursery" free="0" total="4063232" percent="0">
      <mem type="allocate" free="0" total="2818048" percent="0" />
      <mem type="survivor" free="0" total="1245184" percent="0" />
    </mem>
    <mem type="tenure" free="2229600" total="7864320" percent="28">
      <mem type="soa" free="1836384" total="7471104" percent="24" />
      <mem type="loa" free="393216" total="393216" percent="100" />
    </mem>
    <remembered-set count="4524" />
  </mem-info>
</gc-start>
<allocation-stats totalBytes="2195800" discardedBytes="23480" >
  <allocated-bytes non-tlh="449768" tlh="1746032" />
  <largest-consumer threadName="Equinox start level thread - Equinox Container: 32b91115-e754-46d0-8a1d-7f0e2543cfb4" threadId="00000000005CA500" bytes="1190896" />
</allocation-stats>
<gc-op id="527" type="scavenge" timems="3.580" contextid="524" timestamp="2024-07-17T18:05:13.328">
  <scavenger-info tenureage="5" tenuremask="ffe0" tiltratio="69" />
  <memory-copied type="nursery" objects="17388" bytes="696232" bytesdiscarded="62376" />
  <finalization candidates="328" enqueued="106" />
  <ownableSynchronizers candidates="289" cleared="210" />
  <references type="soft" candidates="262" cleared="0" enqueued="0" dynamicThreshold="9" maxThreshold="32" />
  <references type="weak" candidates="596" cleared="236" enqueued="236" />
  <references type="phantom" candidates="26" cleared="20" enqueued="20" />
  <object-monitors candidates="10" cleared="0"  />
</gc-op>
<gc-end id="528" type="scavenge" contextid="524" durationms="4.764" usertimems="7.338" systemtimems="1.744" stalltimems="2.345" timestamp="2024-07-17T18:05:13.329" activeThreads="3">
  <mem-info id="529" free="4089672" total="11927552" percent="34">
    <mem type="nursery" free="1860072" total="4063232" percent="45">
      <mem type="allocate" free="1860072" total="2621440" percent="70" />
      <mem type="survivor" free="0" total="1441792" percent="0" />
    </mem>
    <mem type="tenure" free="2229600" total="7864320" percent="28">
      <mem type="soa" free="1836384" total="7471104" percent="24" />
      <mem type="loa" free="393216" total="393216" percent="100" />
    </mem>
    <pending-finalizers system="106" default="0" reference="256" classloader="0" />
    <remembered-set count="4377" />
  </mem-info>
</gc-end>
<cycle-end id="530" type="scavenge" contextid="524" timestamp="2024-07-17T18:05:13.329" />
<allocation-satisfied id="531" threadId="00000000005C6800" bytesRequested="1912" />
<af-end id="532" timestamp="2024-07-17T18:05:13.330" threadId="00000000005C7238" success="true" from="nursery"/>
<exclusive-end id="533" timestamp="2024-07-17T18:05:13.331" durationms="7.929" />

<exclusive-start id="534" timestamp="2024-07-17T18:05:13.409" intervalms="85.994">
  <response-info timems="0.075" idlems="0.075" threads="0" lastid="00000000005C6800" lastname="Equinox start level thread - Equinox Container: 32b91115-e754-4" />
</exclusive-start>
<af-start id="535" threadId="00000000005C7238" totalBytesRequested="88" timestamp="2024-07-17T18:05:13.409" intervalms="85.979" type="nursery" />
<cycle-start id="536" type="scavenge" contextid="0" timestamp="2024-07-17T18:05:13.409" intervalms="85.948" />
<gc-start id="537" type="scavenge" contextid="536" timestamp="2024-07-17T18:05:13.410">
  <mem-info id="538" free="2195440" total="11927552" percent="18">
    <mem type="nursery" free="0" total="4063232" percent="0">
      <mem type="allocate" free="0" total="2621440" percent="0" />
      <mem type="survivor" free="0" total="1441792" percent="0" />
    </mem>
    <mem type="tenure" free="2195440" total="7864320" percent="27">
      <mem type="soa" free="1802224" total="7471104" percent="24" />
      <mem type="loa" free="393216" total="393216" percent="100" />
    </mem>
    <remembered-set count="4789" />
  </mem-info>
</gc-start>
<allocation-stats totalBytes="1884224" discardedBytes="672" >
  <allocated-bytes non-tlh="26736" tlh="1857488" />
  <largest-consumer threadName="Equinox start level thread - Equinox Container: 32b91115-e754-46d0-8a1d-7f0e2543cfb4" threadId="00000000005C6800" bytes="1663488" />
</allocation-stats>
<gc-op id="539" type="scavenge" timems="4.186" contextid="536" timestamp="2024-07-17T18:05:13.415">
  <scavenger-info tenureage="5" tenuremask="ffe0" tiltratio="64" />
  <memory-copied type="nursery" objects="19389" bytes="753024" bytesdiscarded="34960" />
  <finalization candidates="222" enqueued="0" />
  <ownableSynchronizers candidates="123" cleared="14" />
  <references type="soft" candidates="278" cleared="0" enqueued="0" dynamicThreshold="9" maxThreshold="32" />
  <references type="weak" candidates="504" cleared="87" enqueued="87" />
  <references type="phantom" candidates="7" cleared="2" enqueued="2" />
  <object-monitors candidates="11" cleared="0"  />
</gc-op>
<gc-end id="540" type="scavenge" contextid="536" durationms="5.240" usertimems="11.026" systemtimems="0.000" stalltimems="2.598" timestamp="2024-07-17T18:05:13.415" activeThreads="3">
  <mem-info id="541" free="4420328" total="11927552" percent="37">
    <mem type="nursery" free="2224888" total="4063232" percent="54">
      <mem type="allocate" free="2224888" total="3014656" percent="73" />
      <mem type="survivor" free="0" total="1048576" percent="0" />
    </mem>
    <mem type="tenure" free="2195440" total="7864320" percent="27">
      <mem type="soa" free="1802224" total="7471104" percent="24" />
      <mem type="loa" free="393216" total="393216" percent="100" />
    </mem>
    <pending-finalizers system="0" default="0" reference="89" classloader="0" />
    <remembered-set count="4709" />
  </mem-info>
</gc-end>
<cycle-end id="542" type="scavenge" contextid="536" timestamp="2024-07-17T18:05:13.416" />
<allocation-satisfied id="543" threadId="00000000005C6800" bytesRequested="88" />
<af-end id="544" timestamp="2024-07-17T18:05:13.416" threadId="00000000005C7238" success="true" from="nursery"/>
<exclusive-end id="545" timestamp="2024-07-17T18:05:13.417" durationms="8.061" />

<exclusive-start id="546" timestamp="2024-07-17T18:05:13.488" intervalms="79.545">
  <response-info timems="0.085" idlems="0.085" threads="0" lastid="00000000005C6800" lastname="Equinox start level thread - Equinox Container: 32b91115-e754-4" />
</exclusive-start>
<af-start id="547" threadId="00000000005C7238" totalBytesRequested="24" timestamp="2024-07-17T18:05:13.489" intervalms="79.625" type="nursery" />
<cycle-start id="548" type="scavenge" contextid="0" timestamp="2024-07-17T18:05:13.489" intervalms="79.702" />
<gc-start id="549" type="scavenge" contextid="548" timestamp="2024-07-17T18:05:13.490">
  <mem-info id="550" free="2174952" total="11927552" percent="18">
    <mem type="nursery" free="0" total="4063232" percent="0">
      <mem type="allocate" free="0" total="3014656" percent="0" />
      <mem type="survivor" free="0" total="1048576" percent="0" />
    </mem>
    <mem type="tenure" free="2174952" total="7864320" percent="27">
      <mem type="soa" free="1781736" total="7471104" percent="23" />
      <mem type="loa" free="393216" total="393216" percent="100" />
    </mem>
    <remembered-set count="4997" />
  </mem-info>
</gc-start>
<allocation-stats totalBytes="2239512" discardedBytes="1576" >
  <allocated-bytes non-tlh="49072" tlh="2190440" />
  <largest-consumer threadName="Equinox start level thread - Equinox Container: 32b91115-e754-46d0-8a1d-7f0e2543cfb4" threadId="00000000005C6800" bytes="1174576" />
</allocation-stats>
<gc-op id="551" type="scavenge" timems="5.084" contextid="548" timestamp="2024-07-17T18:05:13.496">
  <scavenger-info tenureage="3" tenuremask="fff8" tiltratio="74" />
  <memory-copied type="nursery" objects="23786" bytes="969824" bytesdiscarded="75808" />
  <memory-copied type="tenure" objects="1974" bytes="67160" bytesdiscarded="48" />
  <copy-failed type="nursery" objects="1441" bytes="52592" />
  <finalization candidates="230" enqueued="7" />
  <ownableSynchronizers candidates="368" cleared="121" />
  <references type="soft" candidates="270" cleared="0" enqueued="0" dynamicThreshold="9" maxThreshold="32" />
  <references type="weak" candidates="493" cleared="58" enqueued="58" />
  <references type="phantom" candidates="7" cleared="1" enqueued="1" />
  <object-monitors candidates="11" cleared="0"  />
</gc-op>
<heap-resize id="552" type="expand" space="nursery" amount="262144" count="1" timems="0.045" reason="excessive time being spent scavenging" timestamp="2024-07-17T18:05:13.496" />
<gc-end id="553" type="scavenge" contextid="548" durationms="6.934" usertimems="13.027" systemtimems="0.000" stalltimems="2.117" timestamp="2024-07-17T18:05:13.497" activeThreads="3">
  <mem-info id="554" free="3719728" total="12189696" percent="30">
    <mem type="nursery" free="1638400" total="4325376" percent="37">
      <mem type="allocate" free="1638400" total="2686976" percent="60" />
      <mem type="survivor" free="0" total="1638400" percent="0" />
    </mem>
    <mem type="tenure" free="2081328" total="7864320" percent="26">
      <mem type="soa" free="1688112" total="7471104" percent="22" />
      <mem type="loa" free="393216" total="393216" percent="100" />
    </mem>
    <pending-finalizers system="7" default="0" reference="59" classloader="0" />
    <remembered-set count="2170" />
  </mem-info>
</gc-end>
<cycle-end id="555" type="scavenge" contextid="548" timestamp="2024-07-17T18:05:13.497" />
<allocation-satisfied id="556" threadId="00000000005C6800" bytesRequested="24" />
<af-end id="557" timestamp="2024-07-17T18:05:13.498" threadId="00000000005C7238" success="true" from="nursery"/>
<exclusive-end id="558" timestamp="2024-07-17T18:05:13.498" durationms="9.641" />

<exclusive-start id="559" timestamp="2024-07-17T18:05:13.558" intervalms="69.499">
  <response-info timems="0.091" idlems="0.060" threads="1" lastid="0000000000025E00" lastname="JIT Compilation Thread-001" />
</exclusive-start>
<af-start id="560" threadId="00000000005C7238" totalBytesRequested="16" timestamp="2024-07-17T18:05:13.558" intervalms="69.492" type="nursery" />
<cycle-start id="561" type="scavenge" contextid="0" timestamp="2024-07-17T18:05:13.559" intervalms="69.518" />
<gc-start id="562" type="scavenge" contextid="561" timestamp="2024-07-17T18:05:13.559">
  <mem-info id="563" free="2039584" total="12189696" percent="16">
    <mem type="nursery" free="0" total="4325376" percent="0">
      <mem type="allocate" free="0" total="2686976" percent="0" />
      <mem type="survivor" free="0" total="1638400" percent="0" />
    </mem>
    <mem type="tenure" free="2039584" total="7864320" percent="25">
      <mem type="soa" free="1646368" total="7471104" percent="22" />
      <mem type="loa" free="393216" total="393216" percent="100" />
    </mem>
    <remembered-set count="2791" />
  </mem-info>
</gc-start>
<allocation-stats totalBytes="1676792" discardedBytes="1912" >
  <allocated-bytes non-tlh="40328" tlh="1636464" />
  <largest-consumer threadName="Equinox start level thread - Equinox Container: 32b91115-e754-46d0-8a1d-7f0e2543cfb4" threadId="00000000005C6800" bytes="702656" />
</allocation-stats>
<gc-op id="564" type="scavenge" timems="4.401" contextid="561" timestamp="2024-07-17T18:05:13.564">
  <scavenger-info tenureage="3" tenuremask="ff88" tiltratio="62" />
  <memory-copied type="nursery" objects="16934" bytes="656904" bytesdiscarded="137872" />
  <memory-copied type="tenure" objects="13568" bytes="537608" bytesdiscarded="240" />
  <finalization candidates="212" enqueued="8" />
  <ownableSynchronizers candidates="613" cleared="142" />
  <references type="soft" candidates="296" cleared="0" enqueued="0" dynamicThreshold="9" maxThreshold="32" />
  <references type="weak" candidates="334" cleared="146" enqueued="146" />
  <references type="phantom" candidates="4" cleared="3" enqueued="3" />
  <object-monitors candidates="13" cleared="0"  />
</gc-op>
<gc-end id="565" type="scavenge" contextid="561" durationms="5.482" usertimems="3.451" systemtimems="10.742" stalltimems="4.235" timestamp="2024-07-17T18:05:13.565" activeThreads="4">
  <mem-info id="566" free="3433488" total="12189696" percent="28">
    <mem type="nursery" free="2085864" total="4325376" percent="48">
      <mem type="allocate" free="2085864" total="2883584" percent="72" />
      <mem type="survivor" free="0" total="1441792" percent="0" />
    </mem>
    <mem type="tenure" free="1347624" total="7864320" percent="17">
      <mem type="soa" free="954408" total="7471104" percent="12" />
      <mem type="loa" free="393216" total="393216" percent="100" />
    </mem>
    <pending-finalizers system="8" default="0" reference="149" classloader="0" />
    <remembered-set count="1259" />
  </mem-info>
</gc-end>
<cycle-end id="567" type="scavenge" contextid="561" timestamp="2024-07-17T18:05:13.565" />
<allocation-satisfied id="568" threadId="00000000005C6800" bytesRequested="16" />
<af-end id="569" timestamp="2024-07-17T18:05:13.566" threadId="00000000005C7238" success="true" from="nursery"/>
<exclusive-end id="570" timestamp="2024-07-17T18:05:13.566" durationms="8.047" />

<exclusive-start id="571" timestamp="2024-07-17T18:05:13.618" intervalms="60.509">
  <response-info timems="0.052" idlems="0.052" threads="0" lastid="00000000007FFC00" lastname="Default Executor-thread-1" />
</exclusive-start>
<af-start id="572" threadId="0000000000800638" totalBytesRequested="16392" timestamp="2024-07-17T18:05:13.619" intervalms="60.334" type="nursery" />
<cycle-start id="573" type="scavenge" contextid="0" timestamp="2024-07-17T18:05:13.619" intervalms="60.156" />
<gc-start id="574" type="scavenge" contextid="573" timestamp="2024-07-17T18:05:13.619">
  <mem-info id="575" free="1312824" total="12189696" percent="10">
    <mem type="nursery" free="0" total="4325376" percent="0">
      <mem type="allocate" free="0" total="2883584" percent="0" />
      <mem type="survivor" free="0" total="1441792" percent="0" />
    </mem>
    <mem type="tenure" free="1312824" total="7864320" percent="16">
      <mem type="soa" free="919608" total="7471104" percent="12" />
      <mem type="loa" free="393216" total="393216" percent="100" />
    </mem>
    <remembered-set count="1754" />
  </mem-info>
</gc-start>
<allocation-stats totalBytes="2094704" discardedBytes="25960" >
  <allocated-bytes non-tlh="43016" tlh="2051688" />
  <largest-consumer threadName="Default Executor-thread-1" threadId="00000000007FFC00" bytes="1614384" />
</allocation-stats>
<gc-op id="576" type="scavenge" timems="3.229" contextid="573" timestamp="2024-07-17T18:05:13.623">
  <scavenger-info tenureage="3" tenuremask="6008" tiltratio="66" />
  <memory-copied type="nursery" objects="21696" bytes="837336" bytesdiscarded="84640" />
  <memory-copied type="tenure" objects="3312" bytes="129312" bytesdiscarded="16" />
  <finalization candidates="12" enqueued="3" />
  <ownableSynchronizers candidates="454" cleared="19" />
  <references type="soft" candidates="384" cleared="0" enqueued="0" dynamicThreshold="9" maxThreshold="32" />
  <references type="weak" candidates="296" cleared="121" enqueued="121" />
  <references type="phantom" candidates="3" cleared="1" enqueued="1" />
  <object-monitors candidates="15" cleared="0"  />
</gc-op>
<heap-resize id="577" type="expand" space="nursery" amount="262144" count="1" timems="0.033" reason="excessive time being spent scavenging" timestamp="2024-07-17T18:05:13.623" />
<gc-end id="578" type="scavenge" contextid="573" durationms="4.306" usertimems="7.462" systemtimems="1.534" stalltimems="4.237" timestamp="2024-07-17T18:05:13.623" activeThreads="4">
  <mem-info id="579" free="3200792" total="12451840" percent="25">
    <mem type="nursery" free="2089960" total="4587520" percent="45">
      <mem type="allocate" free="2089960" total="3014656" percent="69" />
      <mem type="survivor" free="0" total="1572864" percent="0" />
    </mem>
    <mem type="tenure" free="1110832" total="7864320" percent="14">
      <mem type="soa" free="717616" total="7471104" percent="9" />
      <mem type="loa" free="393216" total="393216" percent="100" />
    </mem>
    <pending-finalizers system="3" default="0" reference="122" classloader="0" />
    <remembered-set count="1424" />
  </mem-info>
</gc-end>
<cycle-end id="580" type="scavenge" contextid="573" timestamp="2024-07-17T18:05:13.624" />
<allocation-satisfied id="581" threadId="00000000007FFC00" bytesRequested="16392" />
<af-end id="582" timestamp="2024-07-17T18:05:13.624" threadId="0000000000800638" success="true" from="nursery"/>
<exclusive-end id="583" timestamp="2024-07-17T18:05:13.624" durationms="6.063" />

<exclusive-start id="584" timestamp="2024-07-17T18:05:13.661" intervalms="42.507">
  <response-info timems="0.063" idlems="0.063" threads="0" lastid="00000000007FFC00" lastname="Default Executor-thread-1" />
</exclusive-start>
<af-start id="585" threadId="0000000000800638" totalBytesRequested="8200" timestamp="2024-07-17T18:05:13.661" intervalms="42.617" type="nursery" />
<cycle-start id="586" type="scavenge" contextid="0" timestamp="2024-07-17T18:05:13.662" intervalms="42.803" />
<gc-start id="587" type="scavenge" contextid="586" timestamp="2024-07-17T18:05:13.662">
  <mem-info id="588" free="1110616" total="12451840" percent="8">
    <mem type="nursery" free="0" total="4587520" percent="0">
      <mem type="allocate" free="0" total="3014656" percent="0" />
      <mem type="survivor" free="0" total="1572864" percent="0" />
    </mem>
    <mem type="tenure" free="1110616" total="7864320" percent="14">
      <mem type="soa" free="717400" total="7471104" percent="9" />
      <mem type="loa" free="393216" total="393216" percent="100" />
    </mem>
    <remembered-set count="1434" />
  </mem-info>
</gc-start>
<allocation-stats totalBytes="2045000" discardedBytes="45176" >
  <allocated-bytes non-tlh="16608" tlh="2028392" />
  <largest-consumer threadName="Default Executor-thread-1" threadId="00000000007FFC00" bytes="2045000" />
</allocation-stats>
<gc-op id="589" type="scavenge" timems="3.779" contextid="586" timestamp="2024-07-17T18:05:13.667">
  <scavenger-info tenureage="3" tenuremask="6008" tiltratio="65" />
  <memory-copied type="nursery" objects="20388" bytes="727608" bytesdiscarded="118896" />
  <memory-copied type="tenure" objects="6334" bytes="281768" bytesdiscarded="72" />
  <finalization candidates="9" enqueued="0" />
  <ownableSynchronizers candidates="404" cleared="0" />
  <references type="soft" candidates="314" cleared="0" enqueued="0" dynamicThreshold="9" maxThreshold="32" />
  <references type="weak" candidates="146" cleared="0" enqueued="0" />
  <references type="phantom" candidates="2" cleared="0" enqueued="0" />
  <object-monitors candidates="15" cleared="0"  />
</gc-op>
<heap-resize id="590" type="expand" space="nursery" amount="262144" count="1" timems="0.044" reason="excessive time being spent scavenging" timestamp="2024-07-17T18:05:13.668" />
<gc-end id="591" type="scavenge" contextid="586" durationms="5.980" usertimems="8.997" systemtimems="1.876" stalltimems="5.018" timestamp="2024-07-17T18:05:13.668" activeThreads="4">
  <mem-info id="592" free="3270928" total="12713984" percent="25">
    <mem type="nursery" free="2559936" total="4849664" percent="52">
      <mem type="allocate" free="2559936" total="3407872" percent="75" />
      <mem type="survivor" free="0" total="1441792" percent="0" />
    </mem>
    <mem type="tenure" free="710992" total="7864320" percent="9">
      <mem type="soa" free="317776" total="7471104" percent="4" />
      <mem type="loa" free="393216" total="393216" percent="100" />
    </mem>
    <remembered-set count="1108" />
  </mem-info>
</gc-end>
<cycle-end id="593" type="scavenge" contextid="586" timestamp="2024-07-17T18:05:13.669" />
<allocation-satisfied id="594" threadId="00000000007FFC00" bytesRequested="8200" />
<af-end id="595" timestamp="2024-07-17T18:05:13.669" threadId="0000000000800638" success="true" from="nursery"/>
<exclusive-end id="596" timestamp="2024-07-17T18:05:13.669" durationms="8.470" />

<concurrent-kickoff id="597" timestamp="2024-07-17T18:05:13.698">
  <kickoff reason="threshold reached" targetBytes="2560328" thresholdFreeBytes="354542"  remainingFree="319424" tenureFreeBytes="710992" nurseryFreeBytes="319424" />
</concurrent-kickoff>
<exclusive-start id="598" timestamp="2024-07-17T18:05:13.698" intervalms="37.168">
  <response-info timems="0.059" idlems="0.059" threads="0" lastid="00000000007FFC00" lastname="Default Executor-thread-1" />
</exclusive-start>
<cycle-start id="599" type="global" contextid="0" timestamp="2024-07-17T18:05:13.698" intervalms="502.418" />
<concurrent-start id="600" type="global mark" contextid="599" timestamp="2024-07-17T18:05:13.699">
</concurrent-start>
<exclusive-end id="601" timestamp="2024-07-17T18:05:13.699" durationms="0.810" />

<exclusive-start id="602" timestamp="2024-07-17T18:05:13.711" intervalms="12.925">
  <response-info timems="0.055" idlems="0.055" threads="0" lastid="00000000007FFC00" lastname="Default Executor-thread-1" />
</exclusive-start>
<af-start id="603" threadId="0000000000800638" totalBytesRequested="16392" timestamp="2024-07-17T18:05:13.711" intervalms="50.039" type="nursery" />
<cycle-start id="604" type="scavenge" contextid="0" timestamp="2024-07-17T18:05:13.712" intervalms="49.906" />
<gc-start id="605" type="scavenge" contextid="604" timestamp="2024-07-17T18:05:13.712">
  <mem-info id="606" free="710992" total="12713984" percent="5">
    <mem type="nursery" free="0" total="4849664" percent="0">
      <mem type="allocate" free="0" total="3407872" percent="0" />
      <mem type="survivor" free="0" total="1441792" percent="0" />
    </mem>
    <mem type="tenure" free="710992" total="7864320" percent="9">
      <mem type="soa" free="317776" total="7471104" percent="4" />
      <mem type="loa" free="393216" total="393216" percent="100" />
    </mem>
    <remembered-set count="1108" />
  </mem-info>
</gc-start>
<allocation-stats totalBytes="2495496" discardedBytes="64440" >
  <allocated-bytes non-tlh="8200" tlh="2487296" />
  <largest-consumer threadName="Default Executor-thread-1" threadId="00000000007FFC00" bytes="2495496" />
</allocation-stats>
<gc-op id="607" type="scavenge" timems="3.375" contextid="604" timestamp="2024-07-17T18:05:13.716">
  <scavenger-info tenureage="3" tenuremask="6008" tiltratio="70" />
  <memory-copied type="nursery" objects="19826" bytes="728120" bytesdiscarded="53224" />
  <memory-copied type="tenure" objects="6623" bytes="227160" bytesdiscarded="144" />
  <finalization candidates="8" enqueued="0" />
  <ownableSynchronizers candidates="267" cleared="0" />
  <references type="soft" candidates="104" cleared="0" enqueued="0" dynamicThreshold="9" maxThreshold="32" />
  <references type="weak" candidates="47" cleared="0" enqueued="0" />
  <references type="phantom" candidates="1" cleared="0" enqueued="0" />
  <object-monitors candidates="15" cleared="0"  />
</gc-op>
<heap-resize id="608" type="expand" space="nursery" amount="262144" count="1" timems="0.036" reason="excessive time being spent scavenging" timestamp="2024-07-17T18:05:13.716" />
<gc-end id="609" type="scavenge" contextid="604" durationms="4.541" usertimems="4.252" systemtimems="4.601" stalltimems="4.985" timestamp="2024-07-17T18:05:13.716" activeThreads="4">
  <mem-info id="610" free="3478328" total="12976128" percent="26">
    <mem type="nursery" free="3019536" total="5111808" percent="59">
      <mem type="allocate" free="3019536" total="3801088" percent="79" />
      <mem type="survivor" free="0" total="1310720" percent="0" />
    </mem>
    <mem type="tenure" free="458792" total="7864320" percent="5">
      <mem type="soa" free="65576" total="7471104" percent="0" />
      <mem type="loa" free="393216" total="393216" percent="100" />
    </mem>
    <remembered-set count="356" />
  </mem-info>
</gc-end>
<cycle-end id="611" type="scavenge" contextid="604" timestamp="2024-07-17T18:05:13.717" />
<allocation-satisfied id="612" threadId="00000000007FFC00" bytesRequested="16392" />
<af-end id="613" timestamp="2024-07-17T18:05:13.718" threadId="0000000000800638" success="true" from="nursery"/>
<exclusive-end id="614" timestamp="2024-07-17T18:05:13.718" durationms="7.174" />

<concurrent-end id="615" type="global mark" contextid="599" timestamp="2024-07-17T18:05:13.722">
<gc-op id="616" type="trace" timems="23.873" contextid="599" timestamp="2024-07-17T18:05:13.722">
  <trace bytesTraced="3913248" workStackOverflowCount="0" />
  <card-cleaning reason="card cleaning threshold reached" bytesTraced="120268" cardsCleaned="322" />
</gc-op>
</concurrent-end>

<exclusive-start id="617" timestamp="2024-07-17T18:05:13.723" intervalms="12.145">
  <response-info timems="0.052" idlems="0.052" threads="0" lastid="00000000007FFC00" lastname="Default Executor-thread-1" />
</exclusive-start>
<concurrent-global-final id="618" timestamp="2024-07-17T18:05:13.723" contextid="599" intervalms="510.570" >
  <concurrent-trace-info reason="card cleaning threshold reached" tracedByMutators="975656" tracedByHelpers="3057860" cardsCleaned="322" workStackOverflowCount="0" />
</concurrent-global-final>
<gc-start id="619" type="global" contextid="599" timestamp="2024-07-17T18:05:13.724">
  <mem-info id="620" free="3326768" total="12976128" percent="25">
    <mem type="nursery" free="2867976" total="5111808" percent="56">
      <mem type="allocate" free="2867976" total="3801088" percent="75" />
      <mem type="survivor" free="0" total="1310720" percent="0" />
    </mem>
    <mem type="tenure" free="458792" total="7864320" percent="5">
      <mem type="soa" free="65576" total="7471104" percent="0" />
      <mem type="loa" free="393216" total="393216" percent="100" />
    </mem>
    <remembered-set count="356" />
  </mem-info>
</gc-start>
<allocation-stats totalBytes="150072" discardedBytes="1488" >
  <allocated-bytes non-tlh="16392" tlh="133680" />
  <largest-consumer threadName="Default Executor-thread-1" threadId="00000000007FFC00" bytes="150072" />
</allocation-stats>
<gc-op id="621" type="rs-scan" timems="1.965" contextid="599" timestamp="2024-07-17T18:05:13.726">
  <scan objectsFound="14396" bytesTraced="447840" workStackOverflowCount="0" />
</gc-op>
<gc-op id="622" type="card-cleaning" timems="0.574" contextid="599" timestamp="2024-07-17T18:05:13.727">
  <card-cleaning cardsCleaned="2" bytesTraced="992" workStackOverflowCount="0" />
</gc-op>
<gc-op id="623" type="mark" timems="6.525" contextid="599" timestamp="2024-07-17T18:05:13.734">
  <trace-info objectcount="3176" scancount="1812" scanbytes="49364" />
  <finalization candidates="687" enqueued="0" />
  <ownableSynchronizers candidates="595" cleared="0" />
  <references type="soft" candidates="5256" cleared="0" enqueued="0" dynamicThreshold="9" maxThreshold="32" />
  <references type="weak" candidates="1202" cleared="0" enqueued="0" />
  <references type="phantom" candidates="121" cleared="0" enqueued="0" />
  <stringconstants candidates="12263" cleared="19"  />
  <object-monitors candidates="15" cleared="1"  />
</gc-op>
<gc-op id="624" type="classunload" timems="0.029" contextid="599" timestamp="2024-07-17T18:05:13.734">
  <classunload-info classloadercandidates="33" classloadersunloaded="0" classesunloaded="0" anonymousclassesunloaded="0" quiescems="0.000" setupms="0.025" scanms="0.003" postms="0.000" />
</gc-op>
<gc-op id="625" type="sweep" timems="1.422" contextid="599" timestamp="2024-07-17T18:05:13.736" />
<heap-resize id="626" type="expand" space="tenure" amount="2162688" count="1" timems="0.057" reason="insufficient free space following gc" timestamp="2024-07-17T18:05:13.736" />
<gc-end id="627" type="global" contextid="599" durationms="12.961" usertimems="20.098" systemtimems="2.115" stalltimems="32.058" timestamp="2024-07-17T18:05:13.737" activeThreads="6">
  <mem-info id="628" free="6051872" total="15138816" percent="39">
    <mem type="nursery" free="3034016" total="5111808" percent="59">
      <mem type="allocate" free="3034016" total="3801088" percent="79" />
      <mem type="survivor" free="0" total="1310720" percent="0" />
    </mem>
    <mem type="tenure" free="3017856" total="10027008" percent="30" micro-fragmented="212563" macro-fragmented="0">
      <mem type="soa" free="2516096" total="9525248" percent="26" />
      <mem type="loa" free="501760" total="501760" percent="100" />
    </mem>
    <remembered-set count="356" />
  </mem-info>
</gc-end>
<cycle-end id="629" type="global" contextid="599" timestamp="2024-07-17T18:05:13.737" />
<exclusive-end id="630" timestamp="2024-07-17T18:05:13.737" durationms="14.145" />

<exclusive-start id="631" timestamp="2024-07-17T18:05:13.799" intervalms="76.090">
  <response-info timems="0.097" idlems="0.097" threads="0" lastid="00000000007FFC00" lastname="Default Executor-thread-1" />
</exclusive-start>
<af-start id="632" threadId="0000000000800638" totalBytesRequested="16392" timestamp="2024-07-17T18:05:13.805" intervalms="93.694" type="nursery" />
<cycle-start id="633" type="scavenge" contextid="0" timestamp="2024-07-17T18:05:13.806" intervalms="94.879" />
<gc-start id="634" type="scavenge" contextid="633" timestamp="2024-07-17T18:05:13.807">
  <mem-info id="635" free="3017856" total="15138816" percent="19">
    <mem type="nursery" free="0" total="5111808" percent="0">
      <mem type="allocate" free="0" total="3801088" percent="0" />
      <mem type="survivor" free="0" total="1310720" percent="0" />
    </mem>
    <mem type="tenure" free="3017856" total="10027008" percent="30">
      <mem type="soa" free="2516096" total="9525248" percent="26" />
      <mem type="loa" free="501760" total="501760" percent="100" />
    </mem>
    <remembered-set count="356" />
  </mem-info>
</gc-start>
<allocation-stats totalBytes="3007584" discardedBytes="25280" >
  <allocated-bytes non-tlh="57376" tlh="2950208" />
  <largest-consumer threadName="Default Executor-thread-1" threadId="00000000007FFC00" bytes="3007584" />
</allocation-stats>
<gc-op id="636" type="scavenge" timems="3.910" contextid="633" timestamp="2024-07-17T18:05:13.812">
  <scavenger-info tenureage="2" tenuremask="600c" tiltratio="74" />
  <memory-copied type="nursery" objects="13679" bytes="505008" bytesdiscarded="52560" />
  <memory-copied type="tenure" objects="13752" bytes="498656" bytesdiscarded="656" />
  <finalization candidates="3" enqueued="0" />
  <ownableSynchronizers candidates="1150" cleared="1110" />
  <references type="phantom" candidates="1" cleared="0" enqueued="0" />
  <object-monitors candidates="14" cleared="0"  />
</gc-op>
<gc-end id="637" type="scavenge" contextid="633" durationms="5.290" usertimems="8.841" systemtimems="1.886" stalltimems="5.665" timestamp="2024-07-17T18:05:13.812" activeThreads="4">
  <mem-info id="638" free="5845920" total="15138816" percent="38">
    <mem type="nursery" free="3374584" total="5111808" percent="66">
      <mem type="allocate" free="3374584" total="3932160" percent="85" />
      <mem type="survivor" free="0" total="1179648" percent="0" />
    </mem>
    <mem type="tenure" free="2471336" total="10027008" percent="24">
      <mem type="soa" free="1969576" total="9525248" percent="20" />
      <mem type="loa" free="501760" total="501760" percent="100" />
    </mem>
    <remembered-set count="245" />
  </mem-info>
</gc-end>
<cycle-end id="639" type="scavenge" contextid="633" timestamp="2024-07-17T18:05:13.814" />
<allocation-satisfied id="640" threadId="00000000007FFC00" bytesRequested="16392" />
<af-end id="641" timestamp="2024-07-17T18:05:13.816" threadId="0000000000800638" success="true" from="nursery"/>
<exclusive-end id="642" timestamp="2024-07-17T18:05:13.816" durationms="17.157" />

<exclusive-start id="643" timestamp="2024-07-17T18:05:13.887" intervalms="87.665">
  <response-info timems="0.061" idlems="0.061" threads="0" lastid="00000000007FFC00" lastname="Default Executor-thread-1" />
</exclusive-start>
<af-start id="644" threadId="0000000000800638" totalBytesRequested="8200" timestamp="2024-07-17T18:05:13.887" intervalms="82.240" type="nursery" />
<cycle-start id="645" type="scavenge" contextid="0" timestamp="2024-07-17T18:05:13.888" intervalms="81.058" />
<gc-start id="646" type="scavenge" contextid="645" timestamp="2024-07-17T18:05:13.888">
  <mem-info id="647" free="2471336" total="15138816" percent="16">
    <mem type="nursery" free="0" total="5111808" percent="0">
      <mem type="allocate" free="0" total="3932160" percent="0" />
      <mem type="survivor" free="0" total="1179648" percent="0" />
    </mem>
    <mem type="tenure" free="2471336" total="10027008" percent="24">
      <mem type="soa" free="1969576" total="9525248" percent="20" />
      <mem type="loa" free="501760" total="501760" percent="100" />
    </mem>
    <remembered-set count="267" />
  </mem-info>
</gc-start>
<allocation-stats totalBytes="3320672" discardedBytes="53912" >
  <allocated-bytes non-tlh="16392" tlh="3304280" />
  <largest-consumer threadName="Default Executor-thread-1" threadId="00000000007FFC00" bytes="3320672" />
</allocation-stats>
<gc-op id="648" type="scavenge" timems="2.668" contextid="645" timestamp="2024-07-17T18:05:13.891">
  <scavenger-info tenureage="13" tenuremask="6000" tiltratio="76" />
  <memory-copied type="nursery" objects="21898" bytes="792000" bytesdiscarded="67688" />
  <references type="phantom" candidates="1" cleared="0" enqueued="0" />
  <object-monitors candidates="14" cleared="0"  />
</gc-op>
<gc-end id="649" type="scavenge" contextid="645" durationms="3.699" usertimems="5.801" systemtimems="1.229" stalltimems="3.872" timestamp="2024-07-17T18:05:13.892" activeThreads="4">
  <mem-info id="650" free="5478264" total="15138816" percent="36">
    <mem type="nursery" free="3006928" total="5111808" percent="58">
      <mem type="allocate" free="3006928" total="3866624" percent="77" />
      <mem type="survivor" free="0" total="1245184" percent="0" />
    </mem>
    <mem type="tenure" free="2471336" total="10027008" percent="24">
      <mem type="soa" free="1969576" total="9525248" percent="20" />
      <mem type="loa" free="501760" total="501760" percent="100" />
    </mem>
    <remembered-set count="267" />
  </mem-info>
</gc-end>
<cycle-end id="651" type="scavenge" contextid="645" timestamp="2024-07-17T18:05:13.892" />
<allocation-satisfied id="652" threadId="00000000007FFC00" bytesRequested="8200" />
<af-end id="653" timestamp="2024-07-17T18:05:13.893" threadId="0000000000800638" success="true" from="nursery"/>
<exclusive-end id="654" timestamp="2024-07-17T18:05:13.893" durationms="6.481" />

<exclusive-start id="655" timestamp="2024-07-17T18:05:13.939" intervalms="52.157">
  <response-info timems="0.068" idlems="0.068" threads="0" lastid="00000000007FFC00" lastname="Default Executor-thread-1" />
</exclusive-start>
<af-start id="656" threadId="0000000000800638" totalBytesRequested="16392" timestamp="2024-07-17T18:05:13.939" intervalms="52.170" type="nursery" />
<cycle-start id="657" type="scavenge" contextid="0" timestamp="2024-07-17T18:05:13.940" intervalms="52.189" />
<gc-start id="658" type="scavenge" contextid="657" timestamp="2024-07-17T18:05:13.940">
  <mem-info id="659" free="2471336" total="15138816" percent="16">
    <mem type="nursery" free="0" total="5111808" percent="0">
      <mem type="allocate" free="0" total="3866624" percent="0" />
      <mem type="survivor" free="0" total="1245184" percent="0" />
    </mem>
    <mem type="tenure" free="2471336" total="10027008" percent="24">
      <mem type="soa" free="1969576" total="9525248" percent="20" />
      <mem type="loa" free="501760" total="501760" percent="100" />
    </mem>
    <remembered-set count="286" />
  </mem-info>
</gc-start>
<allocation-stats totalBytes="2933152" discardedBytes="73776" >
  <allocated-bytes non-tlh="8200" tlh="2924952" />
  <largest-consumer threadName="Default Executor-thread-1" threadId="00000000007FFC00" bytes="2933152" />
</allocation-stats>
<gc-op id="660" type="scavenge" timems="2.557" contextid="657" timestamp="2024-07-17T18:05:13.943">
  <scavenger-info tenureage="3" tenuremask="6008" tiltratio="75" />
  <memory-copied type="nursery" objects="22937" bytes="847224" bytesdiscarded="78728" />
  <memory-copied type="tenure" objects="6060" bytes="218128" bytesdiscarded="96" />
  <references type="phantom" candidates="1" cleared="0" enqueued="0" />
  <object-monitors candidates="14" cleared="0"  />
</gc-op>
<heap-resize id="661" type="expand" space="nursery" amount="262144" count="1" timems="0.037" reason="excessive time being spent scavenging" timestamp="2024-07-17T18:05:13.944" />
<gc-end id="662" type="scavenge" contextid="657" durationms="3.867" usertimems="6.381" systemtimems="0.000" stalltimems="3.843" timestamp="2024-07-17T18:05:13.944" activeThreads="4">
  <mem-info id="663" free="5498016" total="15400960" percent="35">
    <mem type="nursery" free="3268344" total="5373952" percent="60">
      <mem type="allocate" free="3268344" total="4194304" percent="77" />
      <mem type="survivor" free="0" total="1179648" percent="0" />
    </mem>
    <mem type="tenure" free="2229672" total="10027008" percent="22">
      <mem type="soa" free="1727912" total="9525248" percent="18" />
      <mem type="loa" free="501760" total="501760" percent="100" />
    </mem>
    <remembered-set count="295" />
  </mem-info>
</gc-end>
<cycle-end id="664" type="scavenge" contextid="657" timestamp="2024-07-17T18:05:13.944" />
<allocation-satisfied id="665" threadId="00000000007FFC00" bytesRequested="16392" />
<af-end id="666" timestamp="2024-07-17T18:05:13.945" threadId="0000000000800638" success="true" from="nursery"/>
<exclusive-end id="667" timestamp="2024-07-17T18:05:13.945" durationms="6.457" />

<exclusive-start id="668" timestamp="2024-07-17T18:05:13.997" intervalms="58.133">
  <response-info timems="0.058" idlems="0.058" threads="0" lastid="00000000007FFC00" lastname="Default Executor-thread-1" />
</exclusive-start>
<af-start id="669" threadId="0000000000800638" totalBytesRequested="16392" timestamp="2024-07-17T18:05:13.998" intervalms="58.276" type="nursery" />
<cycle-start id="670" type="scavenge" contextid="0" timestamp="2024-07-17T18:05:13.998" intervalms="58.469" />
<gc-start id="671" type="scavenge" contextid="670" timestamp="2024-07-17T18:05:13.999">
  <mem-info id="672" free="2229672" total="15400960" percent="14">
    <mem type="nursery" free="0" total="5373952" percent="0">
      <mem type="allocate" free="0" total="4194304" percent="0" />
      <mem type="survivor" free="0" total="1179648" percent="0" />
    </mem>
    <mem type="tenure" free="2229672" total="10027008" percent="22">
      <mem type="soa" free="1727912" total="9525248" percent="18" />
      <mem type="loa" free="501760" total="501760" percent="100" />
    </mem>
    <remembered-set count="356" />
  </mem-info>
</gc-start>
<allocation-stats totalBytes="3194200" discardedBytes="74144" >
  <allocated-bytes non-tlh="16392" tlh="3177808" />
  <largest-consumer threadName="Default Executor-thread-1" threadId="00000000007FFC00" bytes="3194200" />
</allocation-stats>
<gc-op id="673" type="scavenge" timems="2.740" contextid="670" timestamp="2024-07-17T18:05:14.002">
  <scavenger-info tenureage="2" tenuremask="600c" tiltratio="78" />
  <memory-copied type="nursery" objects="15138" bytes="565896" bytesdiscarded="164464" />
  <memory-copied type="tenure" objects="15825" bytes="568080" bytesdiscarded="336" />
  <references type="phantom" candidates="1" cleared="0" enqueued="0" />
  <object-monitors candidates="14" cleared="0"  />
</gc-op>
<gc-end id="674" type="scavenge" contextid="670" durationms="3.787" usertimems="7.756" systemtimems="0.000" stalltimems="3.195" timestamp="2024-07-17T18:05:14.002" activeThreads="4">
  <mem-info id="675" free="5162776" total="15400960" percent="33">
    <mem type="nursery" free="3529472" total="5373952" percent="65">
      <mem type="allocate" free="3529472" total="4259840" percent="82" />
      <mem type="survivor" free="0" total="1114112" percent="0" />
    </mem>
    <mem type="tenure" free="1633304" total="10027008" percent="16">
      <mem type="soa" free="1131544" total="9525248" percent="11" />
      <mem type="loa" free="501760" total="501760" percent="100" />
    </mem>
    <remembered-set count="286" />
  </mem-info>
</gc-end>
<cycle-end id="676" type="scavenge" contextid="670" timestamp="2024-07-17T18:05:14.003" />
<allocation-satisfied id="677" threadId="00000000007FFC00" bytesRequested="16392" />
<af-end id="678" timestamp="2024-07-17T18:05:14.003" threadId="0000000000800638" success="true" from="nursery"/>
<exclusive-end id="679" timestamp="2024-07-17T18:05:14.003" durationms="6.360" />

<exclusive-start id="680" timestamp="2024-07-17T18:05:14.052" intervalms="54.958">
  <response-info timems="0.070" idlems="0.070" threads="0" lastid="00000000007FFC00" lastname="Default Executor-thread-1" />
</exclusive-start>
<af-start id="681" threadId="0000000000800638" totalBytesRequested="8200" timestamp="2024-07-17T18:05:14.052" intervalms="54.808" type="nursery" />
<cycle-start id="682" type="scavenge" contextid="0" timestamp="2024-07-17T18:05:14.053" intervalms="54.600" />
<gc-start id="683" type="scavenge" contextid="682" timestamp="2024-07-17T18:05:14.053">
  <mem-info id="684" free="1632312" total="15400960" percent="10">
    <mem type="nursery" free="0" total="5373952" percent="0">
      <mem type="allocate" free="0" total="4259840" percent="0" />
      <mem type="survivor" free="0" total="1114112" percent="0" />
    </mem>
    <mem type="tenure" free="1632312" total="10027008" percent="16">
      <mem type="soa" free="1130552" total="9525248" percent="11" />
      <mem type="loa" free="501760" total="501760" percent="100" />
    </mem>
    <remembered-set count="380" />
  </mem-info>
</gc-start>
<allocation-stats totalBytes="3429400" discardedBytes="101064" >
  <allocated-bytes non-tlh="17384" tlh="3412016" />
  <largest-consumer threadName="Default Executor-thread-1" threadId="00000000007FFC00" bytes="3407936" />
</allocation-stats>
<gc-op id="685" type="scavenge" timems="2.792" contextid="682" timestamp="2024-07-17T18:05:14.057">
  <scavenger-info tenureage="13" tenuremask="6000" tiltratio="79" />
  <memory-copied type="nursery" objects="23661" bytes="864064" bytesdiscarded="40632" />
  <ownableSynchronizers candidates="4" cleared="0" />
  <references type="weak" candidates="13" cleared="1" enqueued="1" />
  <references type="phantom" candidates="1" cleared="0" enqueued="0" />
  <object-monitors candidates="16" cleared="0"  />
</gc-op>
<heap-resize id="686" type="expand" space="nursery" amount="262144" count="1" timems="0.033" reason="excessive time being spent scavenging" timestamp="2024-07-17T18:05:14.057" />
<gc-end id="687" type="scavenge" contextid="682" durationms="4.028" usertimems="7.023" systemtimems="0.000" stalltimems="4.107" timestamp="2024-07-17T18:05:14.057" activeThreads="4">
  <mem-info id="688" free="4987384" total="15663104" percent="31">
    <mem type="nursery" free="3355072" total="5636096" percent="59">
      <mem type="allocate" free="3355072" total="4259840" percent="78" />
      <mem type="survivor" free="0" total="1376256" percent="0" />
    </mem>
    <mem type="tenure" free="1632312" total="10027008" percent="16">
      <mem type="soa" free="1130552" total="9525248" percent="11" />
      <mem type="loa" free="501760" total="501760" percent="100" />
    </mem>
    <pending-finalizers system="0" default="0" reference="1" classloader="0" />
    <remembered-set count="358" />
  </mem-info>
</gc-end>
<cycle-end id="689" type="scavenge" contextid="682" timestamp="2024-07-17T18:05:14.058" />
<allocation-satisfied id="690" threadId="00000000007FFC00" bytesRequested="8200" />
<af-end id="691" timestamp="2024-07-17T18:05:14.058" threadId="0000000000800638" success="true" from="nursery"/>
<exclusive-end id="692" timestamp="2024-07-17T18:05:14.058" durationms="6.341" />

<exclusive-start id="693" timestamp="2024-07-17T18:05:14.120" intervalms="67.506">
  <response-info timems="0.087" idlems="0.087" threads="0" lastid="00000000007FFC00" lastname="Default Executor-thread-1" />
</exclusive-start>
<af-start id="694" threadId="0000000000800638" totalBytesRequested="16392" timestamp="2024-07-17T18:05:14.120" intervalms="67.634" type="nursery" />
<cycle-start id="695" type="scavenge" contextid="0" timestamp="2024-07-17T18:05:14.121" intervalms="67.723" />
<gc-start id="696" type="scavenge" contextid="695" timestamp="2024-07-17T18:05:14.121">
  <mem-info id="697" free="1632312" total="15663104" percent="10">
    <mem type="nursery" free="0" total="5636096" percent="0">
      <mem type="allocate" free="0" total="4259840" percent="0" />
      <mem type="survivor" free="0" total="1376256" percent="0" />
    </mem>
    <mem type="tenure" free="1632312" total="10027008" percent="16">
      <mem type="soa" free="1130552" total="9525248" percent="11" />
      <mem type="loa" free="501760" total="501760" percent="100" />
    </mem>
    <remembered-set count="397" />
  </mem-info>
</gc-start>
<allocation-stats totalBytes="3209056" discardedBytes="146016" >
  <allocated-bytes non-tlh="8200" tlh="3200856" />
  <largest-consumer threadName="Default Executor-thread-1" threadId="00000000007FFC00" bytes="3209056" />
</allocation-stats>
<gc-op id="698" type="scavenge" timems="2.758" contextid="695" timestamp="2024-07-17T18:05:14.125">
  <scavenger-info tenureage="3" tenuremask="6008" tiltratio="75" />
  <memory-copied type="nursery" objects="24691" bytes="888840" bytesdiscarded="67840" />
  <memory-copied type="tenure" objects="7099" bytes="266040" bytesdiscarded="232" />
  <ownableSynchronizers candidates="4" cleared="0" />
  <references type="weak" candidates="12" cleared="0" enqueued="0" />
  <references type="phantom" candidates="1" cleared="0" enqueued="0" />
  <object-monitors candidates="16" cleared="0"  />
</gc-op>
<gc-end id="699" type="scavenge" contextid="695" durationms="3.919" usertimems="7.839" systemtimems="0.000" stalltimems="3.131" timestamp="2024-07-17T18:05:14.125" activeThreads="4">
  <mem-info id="700" free="4801320" total="15663104" percent="30">
    <mem type="nursery" free="3565280" total="5636096" percent="63">
      <mem type="allocate" free="3565280" total="4521984" percent="78" />
      <mem type="survivor" free="0" total="1114112" percent="0" />
    </mem>
    <mem type="tenure" free="1236040" total="10027008" percent="12">
      <mem type="soa" free="734280" total="9525248" percent="7" />
      <mem type="loa" free="501760" total="501760" percent="100" />
    </mem>
    <remembered-set count="383" />
  </mem-info>
</gc-end>
<cycle-end id="701" type="scavenge" contextid="695" timestamp="2024-07-17T18:05:14.125" />
<allocation-satisfied id="702" threadId="00000000007FFC00" bytesRequested="16392" />
<af-end id="703" timestamp="2024-07-17T18:05:14.126" threadId="0000000000800638" success="true" from="nursery"/>
<exclusive-end id="704" timestamp="2024-07-17T18:05:14.126" durationms="6.597" />

<concurrent-kickoff id="705" timestamp="2024-07-17T18:05:14.176">
  <kickoff reason="threshold reached" targetBytes="3604407" thresholdFreeBytes="498980"  remainingFree="456408" tenureFreeBytes="1236040" nurseryFreeBytes="456408" />
</concurrent-kickoff>
<exclusive-start id="706" timestamp="2024-07-17T18:05:14.176" intervalms="56.556">
  <response-info timems="0.073" idlems="0.073" threads="0" lastid="00000000007FFC00" lastname="Default Executor-thread-1" />
</exclusive-start>
<cycle-start id="707" type="global" contextid="0" timestamp="2024-07-17T18:05:14.176" intervalms="478.172" />
<concurrent-start id="708" type="global mark" contextid="707" timestamp="2024-07-17T18:05:14.177">
</concurrent-start>
<exclusive-end id="709" timestamp="2024-07-17T18:05:14.177" durationms="0.849" />

<exclusive-start id="710" timestamp="2024-07-17T18:05:14.196" intervalms="19.799">
  <response-info timems="0.063" idlems="0.063" threads="0" lastid="00000000007FFC00" lastname="Default Executor-thread-1" />
</exclusive-start>
<af-start id="711" threadId="0000000000800638" totalBytesRequested="8200" timestamp="2024-07-17T18:05:14.196" intervalms="76.216" type="nursery" />
<cycle-start id="712" type="scavenge" contextid="0" timestamp="2024-07-17T18:05:14.197" intervalms="76.143" />
<gc-start id="713" type="scavenge" contextid="712" timestamp="2024-07-17T18:05:14.197">
  <mem-info id="714" free="1236040" total="15663104" percent="7">
    <mem type="nursery" free="0" total="5636096" percent="0">
      <mem type="allocate" free="0" total="4521984" percent="0" />
      <mem type="survivor" free="0" total="1114112" percent="0" />
    </mem>
    <mem type="tenure" free="1236040" total="10027008" percent="12">
      <mem type="soa" free="734280" total="9525248" percent="7" />
      <mem type="loa" free="501760" total="501760" percent="100" />
    </mem>
    <remembered-set count="456" />
  </mem-info>
</gc-start>
<allocation-stats totalBytes="3516072" discardedBytes="49208" >
  <allocated-bytes non-tlh="16392" tlh="3499680" />
  <largest-consumer threadName="Default Executor-thread-1" threadId="00000000007FFC00" bytes="3516072" />
</allocation-stats>
<gc-op id="715" type="scavenge" timems="4.258" contextid="712" timestamp="2024-07-17T18:05:14.202">
  <scavenger-info tenureage="2" tenuremask="600c" tiltratio="80" />
  <memory-copied type="nursery" objects="16487" bytes="604312" bytesdiscarded="71744" />
  <memory-copied type="tenure" objects="16551" bytes="596928" bytesdiscarded="520" />
  <ownableSynchronizers candidates="4" cleared="0" />
  <references type="phantom" candidates="1" cleared="0" enqueued="0" />
  <object-monitors candidates="16" cleared="0"  />
</gc-op>
<heap-resize id="716" type="expand" space="nursery" amount="262144" count="1" timems="0.066" reason="excessive time being spent scavenging" timestamp="2024-07-17T18:05:14.202" />
<gc-end id="717" type="scavenge" contextid="712" durationms="5.603" usertimems="9.278" systemtimems="1.946" stalltimems="6.388" timestamp="2024-07-17T18:05:14.203" activeThreads="4">
  <mem-info id="718" free="4741408" total="15925248" percent="29">
    <mem type="nursery" free="4042528" total="5898240" percent="68">
      <mem type="allocate" free="4042528" total="4718592" percent="85" />
      <mem type="survivor" free="0" total="1179648" percent="0" />
    </mem>
    <mem type="tenure" free="698880" total="10027008" percent="6">
      <mem type="soa" free="197120" total="9525248" percent="2" />
      <mem type="loa" free="501760" total="501760" percent="100" />
    </mem>
    <remembered-set count="344" />
  </mem-info>
</gc-end>
<cycle-end id="719" type="scavenge" contextid="712" timestamp="2024-07-17T18:05:14.203" />
<allocation-satisfied id="720" threadId="00000000007FFC00" bytesRequested="8200" />
<af-end id="721" timestamp="2024-07-17T18:05:14.205" threadId="0000000000800638" success="true" from="nursery"/>
<exclusive-end id="722" timestamp="2024-07-17T18:05:14.205" durationms="8.940" />

<concurrent-end id="723" type="global mark" contextid="707" timestamp="2024-07-17T18:05:14.208">
<gc-op id="724" type="trace" timems="31.745" contextid="707" timestamp="2024-07-17T18:05:14.208">
  <trace bytesTraced="5214776" workStackOverflowCount="0" />
  <card-cleaning reason="card cleaning threshold reached" bytesTraced="13516" cardsCleaned="24" />
</gc-op>
</concurrent-end>

<exclusive-start id="725" timestamp="2024-07-17T18:05:14.209" intervalms="13.270">
  <response-info timems="0.066" idlems="0.066" threads="0" lastid="00000000007FFC00" lastname="Default Executor-thread-1" />
</exclusive-start>
<concurrent-global-final id="726" timestamp="2024-07-17T18:05:14.209" contextid="707" intervalms="486.170" >
  <concurrent-trace-info reason="card cleaning threshold reached" tracedByMutators="1831896" tracedByHelpers="3396396" cardsCleaned="24" workStackOverflowCount="0" />
</concurrent-global-final>
<gc-start id="727" type="global" contextid="707" timestamp="2024-07-17T18:05:14.210">
  <mem-info id="728" free="4598040" total="15925248" percent="28">
    <mem type="nursery" free="3899160" total="5898240" percent="66">
      <mem type="allocate" free="3899160" total="4718592" percent="82" />
      <mem type="survivor" free="0" total="1179648" percent="0" />
    </mem>
    <mem type="tenure" free="698880" total="10027008" percent="6">
      <mem type="soa" free="197120" total="9525248" percent="2" />
      <mem type="loa" free="501760" total="501760" percent="100" />
    </mem>
    <remembered-set count="344" />
  </mem-info>
</gc-start>
<allocation-stats totalBytes="143368" discardedBytes="0" >
  <allocated-bytes non-tlh="8200" tlh="135168" />
  <largest-consumer threadName="Default Executor-thread-1" threadId="00000000007FFC00" bytes="143368" />
</allocation-stats>
<gc-op id="729" type="rs-scan" timems="1.897" contextid="707" timestamp="2024-07-17T18:05:14.212">
  <scan objectsFound="9751" bytesTraced="289932" workStackOverflowCount="0" />
</gc-op>
<gc-op id="730" type="card-cleaning" timems="1.002" contextid="707" timestamp="2024-07-17T18:05:14.214">
  <card-cleaning cardsCleaned="4" bytesTraced="119216" workStackOverflowCount="0" />
</gc-op>
<gc-op id="731" type="mark" timems="3.694" contextid="707" timestamp="2024-07-17T18:05:14.218">
  <trace-info objectcount="173" scancount="162" scanbytes="3360" />
  <finalization candidates="687" enqueued="0" />
  <ownableSynchronizers candidates="599" cleared="2" />
  <references type="soft" candidates="5256" cleared="0" enqueued="0" dynamicThreshold="9" maxThreshold="32" />
  <references type="weak" candidates="1214" cleared="0" enqueued="0" />
  <references type="phantom" candidates="121" cleared="0" enqueued="0" />
  <stringconstants candidates="12247" cleared="0"  />
  <object-monitors candidates="16" cleared="0"  />
</gc-op>
<gc-op id="732" type="sweep" timems="1.862" contextid="707" timestamp="2024-07-17T18:05:14.220" />
<heap-resize id="733" type="expand" space="tenure" amount="3080192" count="1" timems="0.060" reason="insufficient free space following gc" timestamp="2024-07-17T18:05:14.220" />
<gc-end id="734" type="global" contextid="707" durationms="10.824" usertimems="8.719" systemtimems="12.040" stalltimems="23.385" timestamp="2024-07-17T18:05:14.221" activeThreads="7">
  <mem-info id="735" free="8037384" total="19005440" percent="42">
    <mem type="nursery" free="4075040" total="5898240" percent="69">
      <mem type="allocate" free="4075040" total="4718592" percent="86" />
      <mem type="survivor" free="0" total="1179648" percent="0" />
    </mem>
    <mem type="tenure" free="3962344" total="13107200" percent="30" micro-fragmented="160509" macro-fragmented="0">
      <mem type="soa" free="3306984" total="12451840" percent="26" />
      <mem type="loa" free="655360" total="655360" percent="100" />
    </mem>
    <remembered-set count="344" />
  </mem-info>
</gc-end>
<cycle-end id="736" type="global" contextid="707" timestamp="2024-07-17T18:05:14.221" />
<exclusive-end id="737" timestamp="2024-07-17T18:05:14.221" durationms="12.056" />

<exclusive-start id="738" timestamp="2024-07-17T18:05:14.270" intervalms="60.895">
  <response-info timems="0.074" idlems="0.074" threads="0" lastid="00000000007FFC00" lastname="Default Executor-thread-1" />
</exclusive-start>
<af-start id="739" threadId="0000000000800638" totalBytesRequested="16392" timestamp="2024-07-17T18:05:14.271" intervalms="74.455" type="nursery" />
<cycle-start id="740" type="scavenge" contextid="0" timestamp="2024-07-17T18:05:14.271" intervalms="74.629" />
<gc-start id="741" type="scavenge" contextid="740" timestamp="2024-07-17T18:05:14.272">
  <mem-info id="742" free="3962344" total="19005440" percent="20">
    <mem type="nursery" free="0" total="5898240" percent="0">
      <mem type="allocate" free="0" total="4718592" percent="0" />
      <mem type="survivor" free="0" total="1179648" percent="0" />
    </mem>
    <mem type="tenure" free="3962344" total="13107200" percent="30">
      <mem type="soa" free="3306984" total="12451840" percent="26" />
      <mem type="loa" free="655360" total="655360" percent="100" />
    </mem>
    <remembered-set count="416" />
  </mem-info>
</gc-start>
<allocation-stats totalBytes="3975336" discardedBytes="99704" >
  <allocated-bytes non-tlh="57384" tlh="3917952" />
  <largest-consumer threadName="Default Executor-thread-1" threadId="00000000007FFC00" bytes="3975336" />
</allocation-stats>
<gc-op id="743" type="scavenge" timems="3.270" contextid="740" timestamp="2024-07-17T18:05:14.276">
  <scavenger-info tenureage="13" tenuremask="6000" tiltratio="80" />
  <memory-copied type="nursery" objects="26155" bytes="975144" bytesdiscarded="51344" />
  <ownableSynchronizers candidates="1194" cleared="1194" />
  <references type="phantom" candidates="1" cleared="0" enqueued="0" />
  <object-monitors candidates="16" cleared="0"  />
</gc-op>
<gc-end id="744" type="scavenge" contextid="740" durationms="4.724" usertimems="0.000" systemtimems="10.092" stalltimems="3.406" timestamp="2024-07-17T18:05:14.277" activeThreads="4">
  <mem-info id="745" free="7326760" total="19005440" percent="38">
    <mem type="nursery" free="3364416" total="5898240" percent="57">
      <mem type="allocate" free="3364416" total="4390912" percent="76" />
      <mem type="survivor" free="0" total="1507328" percent="0" />
    </mem>
    <mem type="tenure" free="3962344" total="13107200" percent="30">
      <mem type="soa" free="3306984" total="12451840" percent="26" />
      <mem type="loa" free="655360" total="655360" percent="100" />
    </mem>
    <remembered-set count="416" />
  </mem-info>
</gc-end>
<cycle-end id="746" type="scavenge" contextid="740" timestamp="2024-07-17T18:05:14.277" />
<allocation-satisfied id="747" threadId="00000000007FFC00" bytesRequested="16392" />
<af-end id="748" timestamp="2024-07-17T18:05:14.278" threadId="0000000000800638" success="true" from="nursery"/>
<exclusive-end id="749" timestamp="2024-07-17T18:05:14.278" durationms="8.093" />

<exclusive-start id="750" timestamp="2024-07-17T18:05:14.319" intervalms="48.628">
  <response-info timems="0.070" idlems="0.070" threads="0" lastid="00000000007FFC00" lastname="Default Executor-thread-1" />
</exclusive-start>
<af-start id="751" threadId="0000000000800638" totalBytesRequested="16392" timestamp="2024-07-17T18:05:14.319" intervalms="48.381" type="nursery" />
<cycle-start id="752" type="scavenge" contextid="0" timestamp="2024-07-17T18:05:14.320" intervalms="48.252" />
<gc-start id="753" type="scavenge" contextid="752" timestamp="2024-07-17T18:05:14.320">
  <mem-info id="754" free="3962344" total="19005440" percent="20">
    <mem type="nursery" free="0" total="5898240" percent="0">
      <mem type="allocate" free="0" total="4390912" percent="0" />
      <mem type="survivor" free="0" total="1507328" percent="0" />
    </mem>
    <mem type="tenure" free="3962344" total="13107200" percent="30">
      <mem type="soa" free="3306984" total="12451840" percent="26" />
      <mem type="loa" free="655360" total="655360" percent="100" />
    </mem>
    <remembered-set count="585" />
  </mem-info>
</gc-start>
<allocation-stats totalBytes="3330504" discardedBytes="33912" >
  <allocated-bytes non-tlh="16392" tlh="3314112" />
  <largest-consumer threadName="Default Executor-thread-1" threadId="00000000007FFC00" bytes="3330504" />
</allocation-stats>
<gc-op id="755" type="scavenge" timems="3.000" contextid="752" timestamp="2024-07-17T18:05:14.323">
  <scavenger-info tenureage="2" tenuremask="600c" tiltratio="74" />
  <memory-copied type="nursery" objects="17518" bytes="680112" bytesdiscarded="168776" />
  <memory-copied type="tenure" objects="16478" bytes="603968" bytesdiscarded="328" />
  <references type="phantom" candidates="1" cleared="0" enqueued="0" />
  <object-monitors candidates="16" cleared="0"  />
</gc-op>
<heap-resize id="756" type="expand" space="nursery" amount="393216" count="1" timems="0.060" reason="excessive time being spent scavenging" timestamp="2024-07-17T18:05:14.324" />
<gc-end id="757" type="scavenge" contextid="752" durationms="4.311" usertimems="8.795" systemtimems="0.000" stalltimems="3.130" timestamp="2024-07-17T18:05:14.324" activeThreads="4">
  <mem-info id="758" free="7008872" total="19398656" percent="36">
    <mem type="nursery" free="3869696" total="6291456" percent="61">
      <mem type="allocate" free="3869696" total="4718592" percent="82" />
      <mem type="survivor" free="0" total="1572864" percent="0" />
    </mem>
    <mem type="tenure" free="3139176" total="13107200" percent="23">
      <mem type="soa" free="2483816" total="12451840" percent="19" />
      <mem type="loa" free="655360" total="655360" percent="100" />
    </mem>
    <remembered-set count="317" />
  </mem-info>
</gc-end>
<cycle-end id="759" type="scavenge" contextid="752" timestamp="2024-07-17T18:05:14.325" />
<allocation-satisfied id="760" threadId="00000000007FFC00" bytesRequested="16392" />
<af-end id="761" timestamp="2024-07-17T18:05:14.325" threadId="0000000000800638" success="true" from="nursery"/>
<exclusive-end id="762" timestamp="2024-07-17T18:05:14.326" durationms="6.801" />

<exclusive-start id="763" timestamp="2024-07-17T18:05:14.368" intervalms="49.282">
  <response-info timems="0.067" idlems="0.067" threads="0" lastid="00000000007FFC00" lastname="Default Executor-thread-1" />
</exclusive-start>
<af-start id="764" threadId="0000000000800638" totalBytesRequested="16392" timestamp="2024-07-17T18:05:14.368" intervalms="49.265" type="nursery" />
<cycle-start id="765" type="scavenge" contextid="0" timestamp="2024-07-17T18:05:14.369" intervalms="49.232" />
<gc-start id="766" type="scavenge" contextid="765" timestamp="2024-07-17T18:05:14.369">
  <mem-info id="767" free="3138880" total="19398656" percent="16">
    <mem type="nursery" free="0" total="6291456" percent="0">
      <mem type="allocate" free="0" total="4718592" percent="0" />
      <mem type="survivor" free="0" total="1572864" percent="0" />
    </mem>
    <mem type="tenure" free="3138880" total="13107200" percent="23">
      <mem type="soa" free="2483520" total="12451840" percent="19" />
      <mem type="loa" free="655360" total="655360" percent="100" />
    </mem>
    <remembered-set count="386" />
  </mem-info>
</gc-start>
<allocation-stats totalBytes="3792392" discardedBytes="77600" >
  <allocated-bytes non-tlh="16688" tlh="3775704" />
  <largest-consumer threadName="Default Executor-thread-1" threadId="00000000007FFC00" bytes="3792392" />
</allocation-stats>
<gc-op id="768" type="scavenge" timems="3.129" contextid="765" timestamp="2024-07-17T18:05:14.373">
  <scavenger-info tenureage="2" tenuremask="6004" tiltratio="75" />
  <memory-copied type="nursery" objects="17269" bytes="653928" bytesdiscarded="28320" />
  <memory-copied type="tenure" objects="9667" bytes="362632" bytesdiscarded="88" />
  <references type="phantom" candidates="1" cleared="0" enqueued="0" />
  <object-monitors candidates="16" cleared="0"  />
</gc-op>
<heap-resize id="769" type="expand" space="nursery" amount="262144" count="1" timems="0.043" reason="excessive time being spent scavenging" timestamp="2024-07-17T18:05:14.374" />
<gc-end id="770" type="scavenge" contextid="765" durationms="4.767" usertimems="0.000" systemtimems="8.640" stalltimems="3.931" timestamp="2024-07-17T18:05:14.374" activeThreads="4">
  <mem-info id="771" free="7204096" total="19660800" percent="36">
    <mem type="nursery" free="4495088" total="6553600" percent="68">
      <mem type="allocate" free="4495088" total="5177344" percent="86" />
      <mem type="survivor" free="0" total="1376256" percent="0" />
    </mem>
    <mem type="tenure" free="2709008" total="13107200" percent="20">
      <mem type="soa" free="2053648" total="12451840" percent="16" />
      <mem type="loa" free="655360" total="655360" percent="100" />
    </mem>
    <remembered-set count="345" />
  </mem-info>
</gc-end>
<cycle-end id="772" type="scavenge" contextid="765" timestamp="2024-07-17T18:05:14.374" />
<allocation-satisfied id="773" threadId="00000000007FFC00" bytesRequested="16392" />
<af-end id="774" timestamp="2024-07-17T18:05:14.375" threadId="0000000000800638" success="true" from="nursery"/>
<exclusive-end id="775" timestamp="2024-07-17T18:05:14.375" durationms="7.064" />

<exclusive-start id="776" timestamp="2024-07-17T18:05:14.503" intervalms="135.189">
  <response-info timems="0.099" idlems="0.099" threads="0" lastid="00000000007FFC00" lastname="Default Executor-thread-1" />
</exclusive-start>
<af-start id="777" threadId="0000000000800638" totalBytesRequested="9840" timestamp="2024-07-17T18:05:14.504" intervalms="135.329" type="nursery" />
<cycle-start id="778" type="scavenge" contextid="0" timestamp="2024-07-17T18:05:14.504" intervalms="135.460" />
<gc-start id="779" type="scavenge" contextid="778" timestamp="2024-07-17T18:05:14.505">
  <mem-info id="780" free="2685440" total="19660800" percent="13">
    <mem type="nursery" free="0" total="6553600" percent="0">
      <mem type="allocate" free="0" total="5177344" percent="0" />
      <mem type="survivor" free="0" total="1376256" percent="0" />
    </mem>
    <mem type="tenure" free="2685440" total="13107200" percent="20">
      <mem type="soa" free="2030080" total="12451840" percent="16" />
      <mem type="loa" free="655360" total="655360" percent="100" />
    </mem>
    <remembered-set count="703" />
  </mem-info>
</gc-start>
<allocation-stats totalBytes="4382672" discardedBytes="135984" >
  <allocated-bytes non-tlh="39960" tlh="4342712" />
  <largest-consumer threadName="Default Executor-thread-1" threadId="00000000007FFC00" bytes="4382672" />
</allocation-stats>
<gc-op id="781" type="scavenge" timems="4.114" contextid="778" timestamp="2024-07-17T18:05:14.510">
  <scavenger-info tenureage="2" tenuremask="6004" tiltratio="79" />
  <memory-copied type="nursery" objects="20559" bytes="731512" bytesdiscarded="113608" />
  <memory-copied type="tenure" objects="7841" bytes="308936" bytesdiscarded="736" />
  <references type="soft" candidates="8" cleared="0" enqueued="0" dynamicThreshold="9" maxThreshold="32" />
  <references type="weak" candidates="29" cleared="12" enqueued="12" />
  <object-monitors candidates="16" cleared="0"  />
</gc-op>
<gc-end id="782" type="scavenge" contextid="778" durationms="6.679" usertimems="9.061" systemtimems="1.937" stalltimems="5.727" timestamp="2024-07-17T18:05:14.512" activeThreads="4">
  <mem-info id="783" free="6830464" total="19660800" percent="34">
    <mem type="nursery" free="4463232" total="6553600" percent="68">
      <mem type="allocate" free="4463232" total="5308416" percent="84" />
      <mem type="survivor" free="0" total="1245184" percent="0" />
    </mem>
    <mem type="tenure" free="2367232" total="13107200" percent="18">
      <mem type="soa" free="1711872" total="12451840" percent="13" />
      <mem type="loa" free="655360" total="655360" percent="100" />
    </mem>
    <pending-finalizers system="0" default="0" reference="12" classloader="0" />
    <remembered-set count="642" />
  </mem-info>
</gc-end>
<cycle-end id="784" type="scavenge" contextid="778" timestamp="2024-07-17T18:05:14.513" />
<allocation-satisfied id="785" threadId="00000000007FFC00" bytesRequested="9840" />
<af-end id="786" timestamp="2024-07-17T18:05:14.513" threadId="0000000000800638" success="true" from="nursery"/>
<exclusive-end id="787" timestamp="2024-07-17T18:05:14.514" durationms="10.576" />

<exclusive-start id="788" timestamp="2024-07-17T18:05:14.645" intervalms="142.206">
  <response-info timems="0.082" idlems="0.082" threads="0" lastid="00000000007FFC00" lastname="Default Executor-thread-1" />
</exclusive-start>
<af-start id="789" threadId="0000000000800638" totalBytesRequested="24" timestamp="2024-07-17T18:05:14.646" intervalms="142.088" type="nursery" />
<cycle-start id="790" type="scavenge" contextid="0" timestamp="2024-07-17T18:05:14.646" intervalms="142.006" />
<gc-start id="791" type="scavenge" contextid="790" timestamp="2024-07-17T18:05:14.647">
  <mem-info id="792" free="2363648" total="19660800" percent="12">
    <mem type="nursery" free="0" total="6553600" percent="0">
      <mem type="allocate" free="0" total="5308416" percent="0" />
      <mem type="survivor" free="0" total="1245184" percent="0" />
    </mem>
    <mem type="tenure" free="2363648" total="13107200" percent="18">
      <mem type="soa" free="1708288" total="12451840" percent="13" />
      <mem type="loa" free="655360" total="655360" percent="100" />
    </mem>
    <remembered-set count="793" />
  </mem-info>
</gc-start>
<allocation-stats totalBytes="4466304" discardedBytes="512" >
  <allocated-bytes non-tlh="13424" tlh="4452880" />
  <largest-consumer threadName="Default Executor-thread-1" threadId="00000000007FFC00" bytes="4454016" />
</allocation-stats>
<gc-op id="793" type="scavenge" timems="4.727" contextid="790" timestamp="2024-07-17T18:05:14.652">
  <scavenger-info tenureage="2" tenuremask="6004" tiltratio="81" />
  <memory-copied type="nursery" objects="26690" bytes="832784" bytesdiscarded="113816" />
  <memory-copied type="tenure" objects="9418" bytes="336448" bytesdiscarded="584" />
  <finalization candidates="11" enqueued="7" />
  <ownableSynchronizers candidates="4" cleared="0" />
  <references type="soft" candidates="8" cleared="0" enqueued="0" dynamicThreshold="9" maxThreshold="32" />
  <references type="weak" candidates="35" cleared="7" enqueued="7" />
  <references type="phantom" candidates="1" cleared="1" enqueued="1" />
  <object-monitors candidates="18" cleared="0"  />
</gc-op>
<gc-end id="794" type="scavenge" contextid="790" durationms="6.421" usertimems="13.885" systemtimems="0.000" stalltimems="6.537" timestamp="2024-07-17T18:05:14.653" activeThreads="4">
  <mem-info id="795" free="6462896" total="19660800" percent="32">
    <mem type="nursery" free="4492776" total="6553600" percent="68">
      <mem type="allocate" free="4492776" total="5439488" percent="82" />
      <mem type="survivor" free="0" total="1114112" percent="0" />
    </mem>
    <mem type="tenure" free="1970120" total="13107200" percent="15">
      <mem type="soa" free="1314760" total="12451840" percent="10" />
      <mem type="loa" free="655360" total="655360" percent="100" />
    </mem>
    <pending-finalizers system="7" default="0" reference="8" classloader="0" />
    <remembered-set count="696" />
  </mem-info>
</gc-end>
<cycle-end id="796" type="scavenge" contextid="790" timestamp="2024-07-17T18:05:14.654" />
<allocation-satisfied id="797" threadId="00000000007FFC00" bytesRequested="24" />
<af-end id="798" timestamp="2024-07-17T18:05:14.655" threadId="0000000000800638" success="true" from="nursery"/>
<exclusive-end id="799" timestamp="2024-07-17T18:05:14.655" durationms="9.736" />

<exclusive-start id="800" timestamp="2024-07-17T18:05:14.745" intervalms="99.466">
  <response-info timems="0.104" idlems="0.104" threads="0" lastid="00000000007FFC00" lastname="Default Executor-thread-1" />
</exclusive-start>
<af-start id="801" threadId="0000000000800638" totalBytesRequested="24" timestamp="2024-07-17T18:05:14.745" intervalms="99.501" type="nursery" />
<cycle-start id="802" type="scavenge" contextid="0" timestamp="2024-07-17T18:05:14.746" intervalms="99.587" />
<gc-start id="803" type="scavenge" contextid="802" timestamp="2024-07-17T18:05:14.746">
  <mem-info id="804" free="1970120" total="19660800" percent="10">
    <mem type="nursery" free="0" total="6553600" percent="0">
      <mem type="allocate" free="0" total="5439488" percent="0" />
      <mem type="survivor" free="0" total="1114112" percent="0" />
    </mem>
    <mem type="tenure" free="1970120" total="13107200" percent="15">
      <mem type="soa" free="1314760" total="12451840" percent="10" />
      <mem type="loa" free="655360" total="655360" percent="100" />
    </mem>
    <remembered-set count="701" />
  </mem-info>
</gc-start>
<allocation-stats totalBytes="4491832" discardedBytes="944" >
  <allocated-bytes non-tlh="24" tlh="4491808" />
  <largest-consumer threadName="Default Executor-thread-1" threadId="00000000007FFC00" bytes="4491832" />
</allocation-stats>
<gc-op id="805" type="scavenge" timems="3.689" contextid="802" timestamp="2024-07-17T18:05:14.751">
  <scavenger-info tenureage="2" tenuremask="6004" tiltratio="83" />
  <memory-copied type="nursery" objects="16709" bytes="470784" bytesdiscarded="57072" />
  <memory-copied type="tenure" objects="11079" bytes="393096" bytesdiscarded="776" />
  <finalization candidates="4" enqueued="0" />
  <ownableSynchronizers candidates="4" cleared="0" />
  <references type="weak" candidates="11" cleared="0" enqueued="0" />
  <object-monitors candidates="18" cleared="0"  />
</gc-op>
<gc-end id="806" type="scavenge" contextid="802" durationms="4.896" usertimems="10.912" systemtimems="0.000" stalltimems="4.394" timestamp="2024-07-17T18:05:14.751" activeThreads="4">
  <mem-info id="807" free="6521816" total="19660800" percent="33">
    <mem type="nursery" free="4911616" total="6553600" percent="74">
      <mem type="allocate" free="4911616" total="5439488" percent="90" />
      <mem type="survivor" free="0" total="1114112" percent="0" />
    </mem>
    <mem type="tenure" free="1610200" total="13107200" percent="12">
      <mem type="soa" free="954840" total="12451840" percent="7" />
      <mem type="loa" free="655360" total="655360" percent="100" />
    </mem>
    <remembered-set count="370" />
  </mem-info>
</gc-end>
<cycle-end id="808" type="scavenge" contextid="802" timestamp="2024-07-17T18:05:14.752" />
<allocation-satisfied id="809" threadId="00000000007FFC00" bytesRequested="24" />
<af-end id="810" timestamp="2024-07-17T18:05:14.753" threadId="0000000000800638" success="true" from="nursery"/>
<exclusive-end id="811" timestamp="2024-07-17T18:05:14.753" durationms="8.095" />

<concurrent-kickoff id="812" timestamp="2024-07-17T18:05:14.784">
  <kickoff reason="threshold reached" targetBytes="5093704" thresholdFreeBytes="704936"  remainingFree="618984" tenureFreeBytes="1610200" nurseryFreeBytes="618984" />
</concurrent-kickoff>
<exclusive-start id="813" timestamp="2024-07-17T18:05:14.785" intervalms="39.892">
  <response-info timems="0.058" idlems="0.058" threads="0" lastid="00000000007FFC00" lastname="Default Executor-thread-1" />
</exclusive-start>
<cycle-start id="814" type="global" contextid="0" timestamp="2024-07-17T18:05:14.785" intervalms="608.657" />
<concurrent-start id="815" type="global mark" contextid="814" timestamp="2024-07-17T18:05:14.785">
</concurrent-start>
<exclusive-end id="816" timestamp="2024-07-17T18:05:14.786" durationms="0.912" />

<exclusive-start id="817" timestamp="2024-07-17T18:05:14.838" intervalms="53.528">
  <response-info timems="6.304" idlems="3.192" threads="1" lastid="00000000001CCD00" lastname="Concurrent Mark Helper" />
</exclusive-start>
<af-start id="818" threadId="0000000000800638" totalBytesRequested="32" timestamp="2024-07-17T18:05:14.850" intervalms="104.331" type="nursery" />
<cycle-start id="819" type="scavenge" contextid="0" timestamp="2024-07-17T18:05:14.862" intervalms="115.916" />
<gc-start id="820" type="scavenge" contextid="819" timestamp="2024-07-17T18:05:14.872">
  <mem-info id="821" free="1610200" total="19660800" percent="8">
    <mem type="nursery" free="0" total="6553600" percent="0">
      <mem type="allocate" free="0" total="5439488" percent="0" />
      <mem type="survivor" free="0" total="1114112" percent="0" />
    </mem>
    <mem type="tenure" free="1610200" total="13107200" percent="12">
      <mem type="soa" free="954840" total="12451840" percent="7" />
      <mem type="loa" free="655360" total="655360" percent="100" />
    </mem>
    <remembered-set count="375" />
  </mem-info>
</gc-start>
<allocation-stats totalBytes="4911048" discardedBytes="568" >
  <allocated-bytes non-tlh="24" tlh="4911024" />
  <largest-consumer threadName="Default Executor-thread-1" threadId="00000000007FFC00" bytes="4911048" />
</allocation-stats>
<gc-op id="822" type="scavenge" timems="3.174" contextid="819" timestamp="2024-07-17T18:05:14.878">
  <scavenger-info tenureage="2" tenuremask="4004" tiltratio="83" />
  <memory-copied type="nursery" objects="2300" bytes="66408" bytesdiscarded="37272" />
  <memory-copied type="tenure" objects="15443" bytes="433936" bytesdiscarded="208" />
  <finalization candidates="4" enqueued="0" />
  <ownableSynchronizers candidates="4" cleared="0" />
  <object-monitors candidates="18" cleared="0"  />
</gc-op>
<heap-resize id="823" type="expand" space="nursery" amount="262144" count="1" timems="0.054" reason="excessive time being spent scavenging" timestamp="2024-07-17T18:05:14.880" />
<gc-end id="824" type="scavenge" contextid="819" durationms="8.973" usertimems="6.764" systemtimems="1.259" stalltimems="4.975" timestamp="2024-07-17T18:05:14.881" activeThreads="4">
  <mem-info id="825" free="6921688" total="19922944" percent="34">
    <mem type="nursery" free="5663488" total="6815744" percent="83">
      <mem type="allocate" free="5663488" total="5767168" percent="98" />
      <mem type="survivor" free="0" total="1048576" percent="0" />
    </mem>
    <mem type="tenure" free="1258200" total="13107200" percent="9">
      <mem type="soa" free="602840" total="12451840" percent="4" />
      <mem type="loa" free="655360" total="655360" percent="100" />
    </mem>
    <remembered-set count="283" />
  </mem-info>
</gc-end>
<cycle-end id="826" type="scavenge" contextid="819" timestamp="2024-07-17T18:05:14.882" />
<allocation-satisfied id="827" threadId="00000000007FFC00" bytesRequested="32" />
<af-end id="828" timestamp="2024-07-17T18:05:14.884" threadId="0000000000800638" success="true" from="nursery"/>
<exclusive-end id="829" timestamp="2024-07-17T18:05:14.885" durationms="46.354" />

<concurrent-end id="830" type="global mark" contextid="814" timestamp="2024-07-17T18:05:14.890">
<gc-op id="831" type="trace" timems="104.146" contextid="814" timestamp="2024-07-17T18:05:14.890">
  <trace bytesTraced="6671056" workStackOverflowCount="0" />
  <card-cleaning reason="card cleaning threshold reached" bytesTraced="46804" cardsCleaned="102" />
</gc-op>
</concurrent-end>

<exclusive-start id="832" timestamp="2024-07-17T18:05:14.890" intervalms="52.127">
  <response-info timems="0.081" idlems="0.081" threads="0" lastid="00000000007FFC00" lastname="Default Executor-thread-1" />
</exclusive-start>
<concurrent-global-final id="833" timestamp="2024-07-17T18:05:14.891" contextid="814" intervalms="681.293" >
  <concurrent-trace-info reason="card cleaning threshold reached" tracedByMutators="2665548" tracedByHelpers="4052312" cardsCleaned="102" workStackOverflowCount="0" />
</concurrent-global-final>
<gc-start id="834" type="global" contextid="814" timestamp="2024-07-17T18:05:14.891">
  <mem-info id="835" free="6786488" total="19922944" percent="34">
    <mem type="nursery" free="5528288" total="6815744" percent="81">
      <mem type="allocate" free="5528288" total="5767168" percent="95" />
      <mem type="survivor" free="0" total="1048576" percent="0" />
    </mem>
    <mem type="tenure" free="1258200" total="13107200" percent="9">
      <mem type="soa" free="602840" total="12451840" percent="4" />
      <mem type="loa" free="655360" total="655360" percent="100" />
    </mem>
    <remembered-set count="283" />
  </mem-info>
</gc-start>
<allocation-stats totalBytes="135184" discardedBytes="16" >
  <allocated-bytes non-tlh="32" tlh="135152" />
  <largest-consumer threadName="Default Executor-thread-1" threadId="00000000007FFC00" bytes="135184" />
</allocation-stats>
<gc-op id="836" type="rs-scan" timems="1.959" contextid="814" timestamp="2024-07-17T18:05:14.894">
  <scan objectsFound="3978" bytesTraced="130128" workStackOverflowCount="0" />
</gc-op>
<gc-op id="837" type="card-cleaning" timems="1.420" contextid="814" timestamp="2024-07-17T18:05:14.896">
  <card-cleaning cardsCleaned="5" bytesTraced="1848" workStackOverflowCount="0" />
</gc-op>
<gc-op id="838" type="mark" timems="5.676" contextid="814" timestamp="2024-07-17T18:05:14.902">
  <trace-info objectcount="2298" scancount="2285" scanbytes="63688" />
  <finalization candidates="691" enqueued="0" />
  <ownableSynchronizers candidates="601" cleared="2" />
  <references type="soft" candidates="5262" cleared="0" enqueued="0" dynamicThreshold="9" maxThreshold="32" />
  <references type="weak" candidates="1242" cleared="0" enqueued="0" />
  <references type="phantom" candidates="120" cleared="0" enqueued="0" />
  <stringconstants candidates="12468" cleared="0"  />
  <object-monitors candidates="18" cleared="0"  />
</gc-op>
<gc-op id="839" type="sweep" timems="3.338" contextid="814" timestamp="2024-07-17T18:05:14.907" />
<heap-resize id="840" type="expand" space="tenure" amount="3407872" count="1" timems="0.060" reason="insufficient free space following gc" timestamp="2024-07-17T18:05:14.908" />
<gc-end id="841" type="global" contextid="814" durationms="16.925" usertimems="7.081" systemtimems="20.099" stalltimems="48.193" timestamp="2024-07-17T18:05:14.908" activeThreads="9">
  <mem-info id="842" free="10693600" total="23330816" percent="45">
    <mem type="nursery" free="5698472" total="6815744" percent="83">
      <mem type="allocate" free="5698472" total="5767168" percent="98" />
      <mem type="survivor" free="0" total="1048576" percent="0" />
    </mem>
    <mem type="tenure" free="4995128" total="16515072" percent="30" micro-fragmented="212822" macro-fragmented="0">
      <mem type="soa" free="4168760" total="15688704" percent="26" />
      <mem type="loa" free="826368" total="826368" percent="100" />
    </mem>
    <remembered-set count="283" />
  </mem-info>
</gc-end>
<cycle-end id="843" type="global" contextid="814" timestamp="2024-07-17T18:05:14.909" />
<exclusive-end id="844" timestamp="2024-07-17T18:05:14.909" durationms="18.523" />

<exclusive-start id="845" timestamp="2024-07-17T18:05:14.949" intervalms="58.159">
  <response-info timems="0.082" idlems="0.082" threads="0" lastid="00000000007FFC00" lastname="Default Executor-thread-1" />
</exclusive-start>
<af-start id="846" threadId="0000000000800638" totalBytesRequested="24" timestamp="2024-07-17T18:05:14.949" intervalms="99.355" type="nursery" />
<cycle-start id="847" type="scavenge" contextid="0" timestamp="2024-07-17T18:05:14.949" intervalms="87.651" />
<gc-start id="848" type="scavenge" contextid="847" timestamp="2024-07-17T18:05:14.950">
  <mem-info id="849" free="4995128" total="23330816" percent="21">
    <mem type="nursery" free="0" total="6815744" percent="0">
      <mem type="allocate" free="0" total="5767168" percent="0" />
      <mem type="survivor" free="0" total="1048576" percent="0" />
    </mem>
    <mem type="tenure" free="4995128" total="16515072" percent="30">
      <mem type="soa" free="4168760" total="15688704" percent="26" />
      <mem type="loa" free="826368" total="826368" percent="100" />
    </mem>
    <remembered-set count="290" />
  </mem-info>
</gc-start>
<allocation-stats totalBytes="5697544" discardedBytes="928" >
  <allocated-bytes non-tlh="0" tlh="5697544" />
  <largest-consumer threadName="Default Executor-thread-1" threadId="00000000007FFC00" bytes="5697544" />
</allocation-stats>
<gc-op id="850" type="scavenge" timems="1.256" contextid="847" timestamp="2024-07-17T18:05:14.952">
  <scavenger-info tenureage="2" tenuremask="4004" tiltratio="84" />
  <memory-copied type="nursery" objects="2062" bytes="61336" bytesdiscarded="13416" />
  <memory-copied type="tenure" objects="1024" bytes="28704" bytesdiscarded="56" />
  <ownableSynchronizers candidates="1198" cleared="1198" />
  <object-monitors candidates="18" cleared="0"  />
</gc-op>
<gc-end id="851" type="scavenge" contextid="847" durationms="2.452" usertimems="2.448" systemtimems="0.250" stalltimems="1.448" timestamp="2024-07-17T18:05:14.952" activeThreads="3">
  <mem-info id="852" free="10853976" total="23330816" percent="46">
    <mem type="nursery" free="5889024" total="6815744" percent="86">
      <mem type="allocate" free="5889024" total="5963776" percent="98" />
      <mem type="survivor" free="0" total="851968" percent="0" />
    </mem>
    <mem type="tenure" free="4964952" total="16515072" percent="30">
      <mem type="soa" free="4138584" total="15688704" percent="26" />
      <mem type="loa" free="826368" total="826368" percent="100" />
    </mem>
    <remembered-set count="283" />
  </mem-info>
</gc-end>
<cycle-end id="853" type="scavenge" contextid="847" timestamp="2024-07-17T18:05:14.953" />
<allocation-satisfied id="854" threadId="00000000007FFC00" bytesRequested="24" />
<af-end id="855" timestamp="2024-07-17T18:05:14.953" threadId="0000000000800638" success="true" from="nursery"/>
<exclusive-end id="856" timestamp="2024-07-17T18:05:14.954" durationms="4.989" />

<exclusive-start id="857" timestamp="2024-07-17T18:05:15.009" intervalms="59.922">
  <response-info timems="0.075" idlems="0.075" threads="0" lastid="00000000007FFC00" lastname="Default Executor-thread-1" />
</exclusive-start>
<af-start id="858" threadId="0000000000800638" totalBytesRequested="40" timestamp="2024-07-17T18:05:15.009" intervalms="59.888" type="nursery" />
<cycle-start id="859" type="scavenge" contextid="0" timestamp="2024-07-17T18:05:15.009" intervalms="59.904" />
<gc-start id="860" type="scavenge" contextid="859" timestamp="2024-07-17T18:05:15.010">
  <mem-info id="861" free="4963944" total="23330816" percent="21">
    <mem type="nursery" free="0" total="6815744" percent="0">
      <mem type="allocate" free="0" total="5963776" percent="0" />
      <mem type="survivor" free="0" total="851968" percent="0" />
    </mem>
    <mem type="tenure" free="4963944" total="16515072" percent="30">
      <mem type="soa" free="4137576" total="15688704" percent="26" />
      <mem type="loa" free="826368" total="826368" percent="100" />
    </mem>
    <remembered-set count="489" />
  </mem-info>
</gc-start>
<allocation-stats totalBytes="5888032" discardedBytes="1312" >
  <allocated-bytes non-tlh="344" tlh="5887688" />
  <largest-consumer threadName="Default Executor-thread-1" threadId="00000000007FFC00" bytes="5887976" />
</allocation-stats>
<gc-op id="862" type="scavenge" timems="1.400" contextid="859" timestamp="2024-07-17T18:05:15.012">
  <scavenger-info tenureage="2" tenuremask="4004" tiltratio="87" />
  <memory-copied type="nursery" objects="6206" bytes="175488" bytesdiscarded="21632" />
  <memory-copied type="tenure" objects="526" bytes="14840" bytesdiscarded="56" />
  <references type="weak" candidates="2" cleared="2" enqueued="2" />
  <object-monitors candidates="18" cleared="0"  />
</gc-op>
<gc-end id="863" type="scavenge" contextid="859" durationms="2.338" usertimems="2.203" systemtimems="0.409" stalltimems="1.701" timestamp="2024-07-17T18:05:15.012" activeThreads="3">
  <mem-info id="864" free="10835072" total="23330816" percent="46">
    <mem type="nursery" free="5897728" total="6815744" percent="86">
      <mem type="allocate" free="5897728" total="6094848" percent="96" />
      <mem type="survivor" free="0" total="720896" percent="0" />
    </mem>
    <mem type="tenure" free="4937344" total="16515072" percent="29">
      <mem type="soa" free="4110976" total="15688704" percent="26" />
      <mem type="loa" free="826368" total="826368" percent="100" />
    </mem>
    <pending-finalizers system="0" default="0" reference="2" classloader="0" />
    <remembered-set count="433" />
  </mem-info>
</gc-end>
<cycle-end id="865" type="scavenge" contextid="859" timestamp="2024-07-17T18:05:15.012" />
<allocation-satisfied id="866" threadId="00000000007FFC00" bytesRequested="40" />
<af-end id="867" timestamp="2024-07-17T18:05:15.013" threadId="0000000000800638" success="true" from="nursery"/>
<exclusive-end id="868" timestamp="2024-07-17T18:05:15.013" durationms="4.822" />

<exclusive-start id="869" timestamp="2024-07-17T18:05:15.043" intervalms="34.897">
  <response-info timems="0.077" idlems="0.077" threads="0" lastid="00000000007FFC00" lastname="Default Executor-thread-1" />
</exclusive-start>
<af-start id="870" threadId="0000000000800638" totalBytesRequested="32" timestamp="2024-07-17T18:05:15.044" intervalms="34.924" type="nursery" />
<cycle-start id="871" type="scavenge" contextid="0" timestamp="2024-07-17T18:05:15.044" intervalms="34.920" />
<gc-start id="872" type="scavenge" contextid="871" timestamp="2024-07-17T18:05:15.045">
  <mem-info id="873" free="4937344" total="23330816" percent="21">
    <mem type="nursery" free="0" total="6815744" percent="0">
      <mem type="allocate" free="0" total="6094848" percent="0" />
      <mem type="survivor" free="0" total="720896" percent="0" />
    </mem>
    <mem type="tenure" free="4937344" total="16515072" percent="29">
      <mem type="soa" free="4110976" total="15688704" percent="26" />
      <mem type="loa" free="826368" total="826368" percent="100" />
    </mem>
    <remembered-set count="542" />
  </mem-info>
</gc-start>
<allocation-stats totalBytes="5896768" discardedBytes="960" >
  <allocated-bytes non-tlh="40" tlh="5896728" />
  <largest-consumer threadName="Default Executor-thread-1" threadId="00000000007FFC00" bytes="5884480" />
</allocation-stats>
<gc-op id="874" type="scavenge" timems="1.791" contextid="871" timestamp="2024-07-17T18:05:15.047">
  <scavenger-info tenureage="14" tenuremask="4000" tiltratio="89" />
  <memory-copied type="nursery" objects="10066" bytes="284248" bytesdiscarded="26744" />
  <ownableSynchronizers candidates="4" cleared="0" />
  <references type="weak" candidates="2" cleared="0" enqueued="0" />
  <object-monitors candidates="20" cleared="0"  />
</gc-op>
<heap-resize id="875" type="expand" space="nursery" amount="393216" count="1" timems="0.045" reason="excessive time being spent scavenging" timestamp="2024-07-17T18:05:15.047" />
<gc-end id="876" type="scavenge" contextid="871" durationms="3.192" usertimems="4.354" systemtimems="0.000" stalltimems="1.652" timestamp="2024-07-17T18:05:15.048" activeThreads="3">
  <mem-info id="877" free="11048832" total="23724032" percent="46">
    <mem type="nursery" free="6111488" total="7208960" percent="84">
      <mem type="allocate" free="6111488" total="6422528" percent="95" />
      <mem type="survivor" free="0" total="786432" percent="0" />
    </mem>
    <mem type="tenure" free="4937344" total="16515072" percent="29">
      <mem type="soa" free="4110976" total="15688704" percent="26" />
      <mem type="loa" free="826368" total="826368" percent="100" />
    </mem>
    <remembered-set count="519" />
  </mem-info>
</gc-end>
<cycle-end id="878" type="scavenge" contextid="871" timestamp="2024-07-17T18:05:15.049" />
<allocation-satisfied id="879" threadId="00000000007FFC00" bytesRequested="32" />
<af-end id="880" timestamp="2024-07-17T18:05:15.049" threadId="0000000000800638" success="true" from="nursery"/>
<exclusive-end id="881" timestamp="2024-07-17T18:05:15.050" durationms="6.157" />

<exclusive-start id="882" timestamp="2024-07-17T18:05:15.091" intervalms="47.230">
  <response-info timems="0.170" idlems="0.170" threads="0" lastid="00000000007FFC00" lastname="Default Executor-thread-1" />
</exclusive-start>
<af-start id="883" threadId="0000000000800638" totalBytesRequested="32" timestamp="2024-07-17T18:05:15.091" intervalms="47.303" type="nursery" />
<cycle-start id="884" type="scavenge" contextid="0" timestamp="2024-07-17T18:05:15.092" intervalms="47.303" />
<gc-start id="885" type="scavenge" contextid="884" timestamp="2024-07-17T18:05:15.092">
  <mem-info id="886" free="4937344" total="23724032" percent="20">
    <mem type="nursery" free="0" total="7208960" percent="0">
      <mem type="allocate" free="0" total="6422528" percent="0" />
      <mem type="survivor" free="0" total="786432" percent="0" />
    </mem>
    <mem type="tenure" free="4937344" total="16515072" percent="29">
      <mem type="soa" free="4110976" total="15688704" percent="26" />
      <mem type="loa" free="826368" total="826368" percent="100" />
    </mem>
    <remembered-set count="537" />
  </mem-info>
</gc-start>
<allocation-stats totalBytes="6110856" discardedBytes="632" >
  <allocated-bytes non-tlh="32" tlh="6110824" />
  <largest-consumer threadName="Default Executor-thread-1" threadId="00000000007FFC00" bytes="6110856" />
</allocation-stats>
<gc-op id="887" type="scavenge" timems="1.894" contextid="884" timestamp="2024-07-17T18:05:15.094">
  <scavenger-info tenureage="14" tenuremask="4000" tiltratio="89" />
  <memory-copied type="nursery" objects="11477" bytes="323392" bytesdiscarded="14768" />
  <ownableSynchronizers candidates="4" cleared="0" />
  <references type="weak" candidates="2" cleared="0" enqueued="0" />
  <object-monitors candidates="20" cleared="0"  />
</gc-op>
<gc-end id="888" type="scavenge" contextid="884" durationms="2.947" usertimems="4.114" systemtimems="0.000" stalltimems="1.750" timestamp="2024-07-17T18:05:15.095" activeThreads="3">
  <mem-info id="889" free="11087232" total="23724032" percent="46">
    <mem type="nursery" free="6149888" total="7208960" percent="85">
      <mem type="allocate" free="6149888" total="6488064" percent="94" />
      <mem type="survivor" free="0" total="720896" percent="0" />
    </mem>
    <mem type="tenure" free="4937344" total="16515072" percent="29">
      <mem type="soa" free="4110976" total="15688704" percent="26" />
      <mem type="loa" free="826368" total="826368" percent="100" />
    </mem>
    <remembered-set count="529" />
  </mem-info>
</gc-end>
<cycle-end id="890" type="scavenge" contextid="884" timestamp="2024-07-17T18:05:15.095" />
<allocation-satisfied id="891" threadId="00000000007FFC00" bytesRequested="32" />
<af-end id="892" timestamp="2024-07-17T18:05:15.096" threadId="0000000000800638" success="true" from="nursery"/>
<exclusive-end id="893" timestamp="2024-07-17T18:05:15.096" durationms="5.633" />

<exclusive-start id="894" timestamp="2024-07-17T18:05:15.144" intervalms="53.103">
  <response-info timems="0.079" idlems="0.079" threads="0" lastid="00000000007FFC00" lastname="Default Executor-thread-1" />
</exclusive-start>
<af-start id="895" threadId="0000000000800638" totalBytesRequested="16" timestamp="2024-07-17T18:05:15.149" intervalms="57.582" type="nursery" />
<cycle-start id="896" type="scavenge" contextid="0" timestamp="2024-07-17T18:05:15.149" intervalms="57.704" />
<gc-start id="897" type="scavenge" contextid="896" timestamp="2024-07-17T18:05:15.150">
  <mem-info id="898" free="4937344" total="23724032" percent="20">
    <mem type="nursery" free="0" total="7208960" percent="0">
      <mem type="allocate" free="0" total="6488064" percent="0" />
      <mem type="survivor" free="0" total="720896" percent="0" />
    </mem>
    <mem type="tenure" free="4937344" total="16515072" percent="29">
      <mem type="soa" free="4110976" total="15688704" percent="26" />
      <mem type="loa" free="826368" total="826368" percent="100" />
    </mem>
    <remembered-set count="535" />
  </mem-info>
</gc-start>
<allocation-stats totalBytes="6149120" discardedBytes="768" >
  <allocated-bytes non-tlh="32" tlh="6149088" />
  <largest-consumer threadName="Default Executor-thread-1" threadId="00000000007FFC00" bytes="6149120" />
</allocation-stats>
<gc-op id="899" type="scavenge" timems="1.786" contextid="896" timestamp="2024-07-17T18:05:15.152">
  <scavenger-info tenureage="3" tenuremask="4008" tiltratio="90" />
  <memory-copied type="nursery" objects="6346" bytes="179008" bytesdiscarded="69296" />
  <memory-copied type="tenure" objects="5558" bytes="156424" bytesdiscarded="72" />
  <ownableSynchronizers candidates="4" cleared="0" />
  <references type="weak" candidates="2" cleared="0" enqueued="0" />
  <object-monitors candidates="20" cleared="0"  />
</gc-op>
<gc-end id="900" type="scavenge" contextid="896" durationms="3.478" usertimems="4.522" systemtimems="0.000" stalltimems="1.294" timestamp="2024-07-17T18:05:15.153" activeThreads="3">
  <mem-info id="901" free="10995720" total="23724032" percent="46">
    <mem type="nursery" free="6239744" total="7208960" percent="86">
      <mem type="allocate" free="6239744" total="6488064" percent="96" />
      <mem type="survivor" free="0" total="720896" percent="0" />
    </mem>
    <mem type="tenure" free="4755976" total="16515072" percent="28">
      <mem type="soa" free="3929608" total="15688704" percent="25" />
      <mem type="loa" free="826368" total="826368" percent="100" />
    </mem>
    <remembered-set count="373" />
  </mem-info>
</gc-end>
<cycle-end id="902" type="scavenge" contextid="896" timestamp="2024-07-17T18:05:15.154" />
<allocation-satisfied id="903" threadId="00000000007FFC00" bytesRequested="16" />
<af-end id="904" timestamp="2024-07-17T18:05:15.154" threadId="0000000000800638" success="true" from="nursery"/>
<exclusive-end id="905" timestamp="2024-07-17T18:05:15.155" durationms="10.787" />

<exclusive-start id="906" timestamp="2024-07-17T18:05:15.186" intervalms="42.652">
  <response-info timems="0.077" idlems="0.077" threads="0" lastid="00000000007FFC00" lastname="Default Executor-thread-1" />
</exclusive-start>
<af-start id="907" threadId="0000000000800638" totalBytesRequested="24" timestamp="2024-07-17T18:05:15.187" intervalms="38.115" type="nursery" />
<cycle-start id="908" type="scavenge" contextid="0" timestamp="2024-07-17T18:05:15.187" intervalms="38.041" />
<gc-start id="909" type="scavenge" contextid="908" timestamp="2024-07-17T18:05:15.188">
  <mem-info id="910" free="4755976" total="23724032" percent="20">
    <mem type="nursery" free="0" total="7208960" percent="0">
      <mem type="allocate" free="0" total="6488064" percent="0" />
      <mem type="survivor" free="0" total="720896" percent="0" />
    </mem>
    <mem type="tenure" free="4755976" total="16515072" percent="28">
      <mem type="soa" free="3929608" total="15688704" percent="25" />
      <mem type="loa" free="826368" total="826368" percent="100" />
    </mem>
    <remembered-set count="374" />
  </mem-info>
</gc-start>
<allocation-stats totalBytes="6239024" discardedBytes="720" >
  <allocated-bytes non-tlh="16" tlh="6239008" />
  <largest-consumer threadName="Default Executor-thread-1" threadId="00000000007FFC00" bytes="6239024" />
</allocation-stats>
<gc-op id="911" type="scavenge" timems="1.733" contextid="908" timestamp="2024-07-17T18:05:15.190">
  <scavenger-info tenureage="14" tenuremask="4000" tiltratio="90" />
  <memory-copied type="nursery" objects="6560" bytes="185296" bytesdiscarded="30496" />
  <ownableSynchronizers candidates="4" cleared="0" />
  <references type="weak" candidates="2" cleared="0" enqueued="0" />
  <object-monitors candidates="20" cleared="0"  />
</gc-op>
<heap-resize id="912" type="expand" space="nursery" amount="393216" count="1" timems="0.045" reason="excessive time being spent scavenging" timestamp="2024-07-17T18:05:15.191" />
<gc-end id="913" type="scavenge" contextid="908" durationms="4.093" usertimems="3.928" systemtimems="0.000" stalltimems="1.841" timestamp="2024-07-17T18:05:15.192" activeThreads="3">
  <mem-info id="914" free="11355912" total="24117248" percent="47">
    <mem type="nursery" free="6599936" total="7602176" percent="86">
      <mem type="allocate" free="6599936" total="6815744" percent="96" />
      <mem type="survivor" free="0" total="786432" percent="0" />
    </mem>
    <mem type="tenure" free="4755976" total="16515072" percent="28">
      <mem type="soa" free="3929608" total="15688704" percent="25" />
      <mem type="loa" free="826368" total="826368" percent="100" />
    </mem>
    <remembered-set count="374" />
  </mem-info>
</gc-end>
<cycle-end id="915" type="scavenge" contextid="908" timestamp="2024-07-17T18:05:15.192" />
<allocation-satisfied id="916" threadId="00000000007FFC00" bytesRequested="24" />
<af-end id="917" timestamp="2024-07-17T18:05:15.195" threadId="0000000000800638" success="true" from="nursery"/>
<exclusive-end id="918" timestamp="2024-07-17T18:05:15.196" durationms="9.761" />

<exclusive-start id="919" timestamp="2024-07-17T18:05:15.288" intervalms="101.049">
  <response-info timems="2.058" idlems="2.058" threads="0" lastid="00000000007FFC00" lastname="Default Executor-thread-1" />
</exclusive-start>
<af-start id="920" threadId="0000000000800638" totalBytesRequested="24" timestamp="2024-07-17T18:05:15.296" intervalms="109.434" type="nursery" />
<cycle-start id="921" type="scavenge" contextid="0" timestamp="2024-07-17T18:05:15.297" intervalms="109.897" />
<gc-start id="922" type="scavenge" contextid="921" timestamp="2024-07-17T18:05:15.298">
  <mem-info id="923" free="4755976" total="24117248" percent="19">
    <mem type="nursery" free="0" total="7602176" percent="0">
      <mem type="allocate" free="0" total="6815744" percent="0" />
      <mem type="survivor" free="0" total="786432" percent="0" />
    </mem>
    <mem type="tenure" free="4755976" total="16515072" percent="28">
      <mem type="soa" free="3929608" total="15688704" percent="25" />
      <mem type="loa" free="826368" total="826368" percent="100" />
    </mem>
    <remembered-set count="374" />
  </mem-info>
</gc-start>
<allocation-stats totalBytes="6599240" discardedBytes="696" >
  <allocated-bytes non-tlh="24" tlh="6599216" />
  <largest-consumer threadName="Default Executor-thread-1" threadId="00000000007FFC00" bytes="6599240" />
</allocation-stats>
<gc-op id="924" type="scavenge" timems="2.048" contextid="921" timestamp="2024-07-17T18:05:15.302">
  <scavenger-info tenureage="3" tenuremask="4058" tiltratio="89" />
  <memory-copied type="nursery" objects="919" bytes="28280" bytesdiscarded="27784" />
  <memory-copied type="tenure" objects="5681" bytes="158120" bytesdiscarded="176" />
  <ownableSynchronizers candidates="4" cleared="0" />
  <object-monitors candidates="20" cleared="0"  />
</gc-op>
<gc-end id="925" type="scavenge" contextid="921" durationms="4.460" usertimems="4.001" systemtimems="0.000" stalltimems="2.282" timestamp="2024-07-17T18:05:15.303" activeThreads="3">
  <mem-info id="926" free="11337576" total="24117248" percent="47">
    <mem type="nursery" free="6759680" total="7602176" percent="88">
      <mem type="allocate" free="6759680" total="6815744" percent="99" />
      <mem type="survivor" free="0" total="786432" percent="0" />
    </mem>
    <mem type="tenure" free="4577896" total="16515072" percent="27">
      <mem type="soa" free="3751528" total="15688704" percent="23" />
      <mem type="loa" free="826368" total="826368" percent="100" />
    </mem>
    <remembered-set count="256" />
  </mem-info>
</gc-end>
<cycle-end id="927" type="scavenge" contextid="921" timestamp="2024-07-17T18:05:15.303" />
<allocation-satisfied id="928" threadId="00000000007FFC00" bytesRequested="24" />
<af-end id="929" timestamp="2024-07-17T18:05:15.304" threadId="0000000000800638" success="true" from="nursery"/>
<exclusive-end id="930" timestamp="2024-07-17T18:05:15.305" durationms="17.388" />

<exclusive-start id="931" timestamp="2024-07-17T18:05:15.399" intervalms="111.695">
  <response-info timems="0.087" idlems="0.087" threads="0" lastid="00000000007FFC00" lastname="Default Executor-thread-1" />
</exclusive-start>
<af-start id="932" threadId="0000000000800638" totalBytesRequested="24" timestamp="2024-07-17T18:05:15.400" intervalms="103.393" type="nursery" />
<cycle-start id="933" type="scavenge" contextid="0" timestamp="2024-07-17T18:05:15.400" intervalms="102.900" />
<gc-start id="934" type="scavenge" contextid="933" timestamp="2024-07-17T18:05:15.401">
  <mem-info id="935" free="4577896" total="24117248" percent="18">
    <mem type="nursery" free="0" total="7602176" percent="0">
      <mem type="allocate" free="0" total="6815744" percent="0" />
      <mem type="survivor" free="0" total="786432" percent="0" />
    </mem>
    <mem type="tenure" free="4577896" total="16515072" percent="27">
      <mem type="soa" free="3751528" total="15688704" percent="23" />
      <mem type="loa" free="826368" total="826368" percent="100" />
    </mem>
    <remembered-set count="257" />
  </mem-info>
</gc-start>
<allocation-stats totalBytes="6759024" discardedBytes="656" >
  <allocated-bytes non-tlh="24" tlh="6759000" />
  <largest-consumer threadName="Default Executor-thread-1" threadId="00000000007FFC00" bytes="6759024" />
</allocation-stats>
<gc-op id="936" type="scavenge" timems="0.901" contextid="933" timestamp="2024-07-17T18:05:15.416">
  <scavenger-info tenureage="14" tenuremask="4000" tiltratio="89" />
  <memory-copied type="nursery" objects="1056" bytes="32448" bytesdiscarded="23616" />
  <object-monitors candidates="20" cleared="0"  />
</gc-op>
<heap-resize id="937" type="expand" space="nursery" amount="524288" count="1" timems="0.044" reason="excessive time being spent scavenging" timestamp="2024-07-17T18:05:15.417" />
<gc-end id="938" type="scavenge" contextid="933" durationms="16.075" usertimems="2.475" systemtimems="0.000" stalltimems="0.694" timestamp="2024-07-17T18:05:15.417" activeThreads="3">
  <mem-info id="939" free="11796328" total="24641536" percent="47">
    <mem type="nursery" free="7218432" total="8126464" percent="88">
      <mem type="allocate" free="7218432" total="7274496" percent="99" />
      <mem type="survivor" free="0" total="851968" percent="0" />
    </mem>
    <mem type="tenure" free="4577896" total="16515072" percent="27">
      <mem type="soa" free="3751528" total="15688704" percent="23" />
      <mem type="loa" free="826368" total="826368" percent="100" />
    </mem>
    <remembered-set count="255" />
  </mem-info>
</gc-end>
<cycle-end id="940" type="scavenge" contextid="933" timestamp="2024-07-17T18:05:15.417" />
<allocation-satisfied id="941" threadId="00000000007FFC00" bytesRequested="24" />
<af-end id="942" timestamp="2024-07-17T18:05:15.419" threadId="0000000000800638" success="true" from="nursery"/>
<exclusive-end id="943" timestamp="2024-07-17T18:05:15.420" durationms="20.501" />

<exclusive-start id="944" timestamp="2024-07-17T18:05:15.519" intervalms="119.732">
  <response-info timems="0.104" idlems="0.104" threads="0" lastid="00000000007FFC00" lastname="Default Executor-thread-1" />
</exclusive-start>
<af-start id="945" threadId="0000000000800638" totalBytesRequested="24" timestamp="2024-07-17T18:05:15.523" intervalms="122.997" type="nursery" />
<cycle-start id="946" type="scavenge" contextid="0" timestamp="2024-07-17T18:05:15.525" intervalms="125.201" />
<gc-start id="947" type="scavenge" contextid="946" timestamp="2024-07-17T18:05:15.526">
  <mem-info id="948" free="4577896" total="24641536" percent="18">
    <mem type="nursery" free="0" total="8126464" percent="0">
      <mem type="allocate" free="0" total="7274496" percent="0" />
      <mem type="survivor" free="0" total="851968" percent="0" />
    </mem>
    <mem type="tenure" free="4577896" total="16515072" percent="27">
      <mem type="soa" free="3751528" total="15688704" percent="23" />
      <mem type="loa" free="826368" total="826368" percent="100" />
    </mem>
    <remembered-set count="257" />
  </mem-info>
</gc-start>
<allocation-stats totalBytes="7217672" discardedBytes="760" >
  <allocated-bytes non-tlh="24" tlh="7217648" />
  <largest-consumer threadName="Default Executor-thread-1" threadId="00000000007FFC00" bytes="7217672" />
</allocation-stats>
<gc-op id="949" type="scavenge" timems="1.151" contextid="946" timestamp="2024-07-17T18:05:15.531">
  <scavenger-info tenureage="4" tenuremask="fff0" tiltratio="89" />
  <memory-copied type="nursery" objects="764" bytes="24112" bytesdiscarded="13264" />
  <memory-copied type="tenure" objects="405" bytes="11792" bytesdiscarded="16" />
  <object-monitors candidates="20" cleared="0"  />
</gc-op>
<gc-end id="950" type="scavenge" contextid="946" durationms="6.596" usertimems="2.377" systemtimems="0.000" stalltimems="0.243" timestamp="2024-07-17T18:05:15.533" activeThreads="2">
  <mem-info id="951" free="11777640" total="24641536" percent="47">
    <mem type="nursery" free="7237120" total="8126464" percent="89">
      <mem type="allocate" free="7237120" total="7274496" percent="99" />
      <mem type="survivor" free="0" total="851968" percent="0" />
    </mem>
    <mem type="tenure" free="4540520" total="16515072" percent="27">
      <mem type="soa" free="3714152" total="15688704" percent="23" />
      <mem type="loa" free="826368" total="826368" percent="100" />
    </mem>
    <remembered-set count="234" />
  </mem-info>
</gc-end>
<cycle-end id="952" type="scavenge" contextid="946" timestamp="2024-07-17T18:05:15.533" />
<allocation-satisfied id="953" threadId="00000000007FFC00" bytesRequested="24" />
<af-end id="954" timestamp="2024-07-17T18:05:15.534" threadId="0000000000800638" success="true" from="nursery"/>
<exclusive-end id="955" timestamp="2024-07-17T18:05:15.535" durationms="16.201" />

<exclusive-start id="956" timestamp="2024-07-17T18:05:15.623" intervalms="103.716">
  <response-info timems="0.096" idlems="0.096" threads="0" lastid="00000000007FFC00" lastname="Default Executor-thread-1" />
</exclusive-start>
<af-start id="957" threadId="0000000000800638" totalBytesRequested="32" timestamp="2024-07-17T18:05:15.624" intervalms="100.878" type="nursery" />
<cycle-start id="958" type="scavenge" contextid="0" timestamp="2024-07-17T18:05:15.624" intervalms="98.665" />
<gc-start id="959" type="scavenge" contextid="958" timestamp="2024-07-17T18:05:15.624">
  <mem-info id="960" free="4540520" total="24641536" percent="18">
    <mem type="nursery" free="0" total="8126464" percent="0">
      <mem type="allocate" free="0" total="7274496" percent="0" />
      <mem type="survivor" free="0" total="851968" percent="0" />
    </mem>
    <mem type="tenure" free="4540520" total="16515072" percent="27">
      <mem type="soa" free="3714152" total="15688704" percent="23" />
      <mem type="loa" free="826368" total="826368" percent="100" />
    </mem>
    <remembered-set count="260" />
  </mem-info>
</gc-start>
<allocation-stats totalBytes="7236440" discardedBytes="680" >
  <allocated-bytes non-tlh="24" tlh="7236416" />
  <largest-consumer threadName="Default Executor-thread-1" threadId="00000000007FFC00" bytes="7224152" />
</allocation-stats>
<gc-op id="961" type="scavenge" timems="1.115" contextid="958" timestamp="2024-07-17T18:05:15.626">
  <scavenger-info tenureage="4" tenuremask="ffd0" tiltratio="89" />
  <memory-copied type="nursery" objects="761" bytes="24904" bytesdiscarded="31112" />
  <memory-copied type="tenure" objects="194" bytes="5728" bytesdiscarded="0" />
  <ownableSynchronizers candidates="4" cleared="0" />
  <references type="weak" candidates="2" cleared="0" enqueued="0" />
  <object-monitors candidates="22" cleared="0"  />
</gc-op>
<gc-end id="962" type="scavenge" contextid="958" durationms="2.356" usertimems="1.725" systemtimems="0.000" stalltimems="0.605" timestamp="2024-07-17T18:05:15.627" activeThreads="2">
  <mem-info id="963" free="11758952" total="24641536" percent="47">
    <mem type="nursery" free="7218432" total="8126464" percent="88">
      <mem type="allocate" free="7218432" total="7274496" percent="99" />
      <mem type="survivor" free="0" total="851968" percent="0" />
    </mem>
    <mem type="tenure" free="4540520" total="16515072" percent="27">
      <mem type="soa" free="3714152" total="15688704" percent="23" />
      <mem type="loa" free="826368" total="826368" percent="100" />
    </mem>
    <remembered-set count="249" />
  </mem-info>
</gc-end>
<cycle-end id="964" type="scavenge" contextid="958" timestamp="2024-07-17T18:05:15.627" />
<allocation-satisfied id="965" threadId="00000000007FFC00" bytesRequested="32" />
<af-end id="966" timestamp="2024-07-17T18:05:15.628" threadId="0000000000800638" success="true" from="nursery"/>
<exclusive-end id="967" timestamp="2024-07-17T18:05:15.629" durationms="6.022" />

<exclusive-start id="968" timestamp="2024-07-17T18:05:15.724" intervalms="100.951">
  <response-info timems="0.091" idlems="0.091" threads="0" lastid="00000000007FFC00" lastname="Default Executor-thread-1" />
</exclusive-start>
<af-start id="969" threadId="0000000000800638" totalBytesRequested="24" timestamp="2024-07-17T18:05:15.724" intervalms="100.461" type="nursery" />
<cycle-start id="970" type="scavenge" contextid="0" timestamp="2024-07-17T18:05:15.725" intervalms="100.829" />
<gc-start id="971" type="scavenge" contextid="970" timestamp="2024-07-17T18:05:15.725">
  <mem-info id="972" free="4540520" total="24641536" percent="18">
    <mem type="nursery" free="0" total="8126464" percent="0">
      <mem type="allocate" free="0" total="7274496" percent="0" />
      <mem type="survivor" free="0" total="851968" percent="0" />
    </mem>
    <mem type="tenure" free="4540520" total="16515072" percent="27">
      <mem type="soa" free="3714152" total="15688704" percent="23" />
      <mem type="loa" free="826368" total="826368" percent="100" />
    </mem>
    <remembered-set count="250" />
  </mem-info>
</gc-start>
<allocation-stats totalBytes="7217480" discardedBytes="952" >
  <allocated-bytes non-tlh="32" tlh="7217448" />
  <largest-consumer threadName="Default Executor-thread-1" threadId="00000000007FFC00" bytes="7217480" />
</allocation-stats>
<gc-op id="973" type="scavenge" timems="0.970" contextid="970" timestamp="2024-07-17T18:05:15.728">
  <scavenger-info tenureage="3" tenuremask="ffd8" tiltratio="89" />
  <memory-copied type="nursery" objects="649" bytes="21528" bytesdiscarded="34520" />
  <memory-copied type="tenure" objects="169" bytes="5024" bytesdiscarded="0" />
  <ownableSynchronizers candidates="4" cleared="0" />
  <references type="weak" candidates="2" cleared="0" enqueued="0" />
  <object-monitors candidates="22" cleared="0"  />
</gc-op>
<gc-end id="974" type="scavenge" contextid="970" durationms="3.107" usertimems="1.560" systemtimems="0.253" stalltimems="0.453" timestamp="2024-07-17T18:05:15.728" activeThreads="2">
  <mem-info id="975" free="11758952" total="24641536" percent="47">
    <mem type="nursery" free="7218432" total="8126464" percent="88">
      <mem type="allocate" free="7218432" total="7274496" percent="99" />
      <mem type="survivor" free="0" total="851968" percent="0" />
    </mem>
    <mem type="tenure" free="4540520" total="16515072" percent="27">
      <mem type="soa" free="3714152" total="15688704" percent="23" />
      <mem type="loa" free="826368" total="826368" percent="100" />
    </mem>
    <remembered-set count="247" />
  </mem-info>
</gc-end>
<cycle-end id="976" type="scavenge" contextid="970" timestamp="2024-07-17T18:05:15.729" />
<allocation-satisfied id="977" threadId="00000000007FFC00" bytesRequested="24" />
<af-end id="978" timestamp="2024-07-17T18:05:15.730" threadId="0000000000800638" success="true" from="nursery"/>
<exclusive-end id="979" timestamp="2024-07-17T18:05:15.730" durationms="6.363" />

<exclusive-start id="980" timestamp="2024-07-17T18:05:15.794" intervalms="70.923">
  <response-info timems="0.077" idlems="0.077" threads="0" lastid="00000000007FFC00" lastname="Default Executor-thread-1" />
</exclusive-start>
<af-start id="981" threadId="0000000000800638" totalBytesRequested="72" timestamp="2024-07-17T18:05:15.795" intervalms="70.891" type="nursery" />
<cycle-start id="982" type="scavenge" contextid="0" timestamp="2024-07-17T18:05:15.795" intervalms="70.518" />
<gc-start id="983" type="scavenge" contextid="982" timestamp="2024-07-17T18:05:15.796">
  <mem-info id="984" free="4540520" total="24641536" percent="18">
    <mem type="nursery" free="0" total="8126464" percent="0">
      <mem type="allocate" free="0" total="7274496" percent="0" />
      <mem type="survivor" free="0" total="851968" percent="0" />
    </mem>
    <mem type="tenure" free="4540520" total="16515072" percent="27">
      <mem type="soa" free="3714152" total="15688704" percent="23" />
      <mem type="loa" free="826368" total="826368" percent="100" />
    </mem>
    <remembered-set count="273" />
  </mem-info>
</gc-start>
<allocation-stats totalBytes="7217192" discardedBytes="1240" >
  <allocated-bytes non-tlh="24" tlh="7217168" />
  <largest-consumer threadName="Default Executor-thread-1" threadId="00000000007FFC00" bytes="7217192" />
</allocation-stats>
<gc-op id="985" type="scavenge" timems="2.378" contextid="982" timestamp="2024-07-17T18:05:15.799">
  <scavenger-info tenureage="6" tenuremask="ffc0" tiltratio="89" />
  <memory-copied type="nursery" objects="1162" bytes="38328" bytesdiscarded="36408" />
  <ownableSynchronizers candidates="4" cleared="0" />
  <references type="weak" candidates="2" cleared="0" enqueued="0" />
  <object-monitors candidates="22" cleared="0"  />
</gc-op>
<gc-end id="986" type="scavenge" contextid="982" durationms="4.815" usertimems="4.592" systemtimems="0.000" stalltimems="1.694" timestamp="2024-07-17T18:05:15.801" activeThreads="2">
  <mem-info id="987" free="11740264" total="24641536" percent="47">
    <mem type="nursery" free="7199744" total="8126464" percent="88">
      <mem type="allocate" free="7199744" total="7274496" percent="98" />
      <mem type="survivor" free="0" total="851968" percent="0" />
    </mem>
    <mem type="tenure" free="4540520" total="16515072" percent="27">
      <mem type="soa" free="3714152" total="15688704" percent="23" />
      <mem type="loa" free="826368" total="826368" percent="100" />
    </mem>
    <remembered-set count="260" />
  </mem-info>
</gc-end>
<cycle-end id="988" type="scavenge" contextid="982" timestamp="2024-07-17T18:05:15.801" />
<allocation-satisfied id="989" threadId="00000000007FFC00" bytesRequested="72" />
<af-end id="990" timestamp="2024-07-17T18:05:15.803" threadId="0000000000800638" success="true" from="nursery"/>
<exclusive-end id="991" timestamp="2024-07-17T18:05:15.804" durationms="9.132" />

<exclusive-start id="992" timestamp="2024-07-17T18:05:15.926" intervalms="131.758">
  <response-info timems="0.105" idlems="0.105" threads="0" lastid="00000000007FFC00" lastname="Default Executor-thread-1" />
</exclusive-start>
<af-start id="993" threadId="0000000000800638" totalBytesRequested="40" timestamp="2024-07-17T18:05:15.927" intervalms="132.219" type="nursery" />
<cycle-start id="994" type="scavenge" contextid="0" timestamp="2024-07-17T18:05:15.932" intervalms="136.349" />
<gc-start id="995" type="scavenge" contextid="994" timestamp="2024-07-17T18:05:15.934">
  <mem-info id="996" free="4536320" total="24641536" percent="18">
    <mem type="nursery" free="0" total="8126464" percent="0">
      <mem type="allocate" free="0" total="7274496" percent="0" />
      <mem type="survivor" free="0" total="851968" percent="0" />
    </mem>
    <mem type="tenure" free="4536320" total="16515072" percent="27">
      <mem type="soa" free="3709952" total="15688704" percent="23" />
      <mem type="loa" free="826368" total="826368" percent="100" />
    </mem>
    <remembered-set count="1467" />
  </mem-info>
</gc-start>
<allocation-stats totalBytes="7202840" discardedBytes="1104" >
  <allocated-bytes non-tlh="4272" tlh="7198568" />
  <largest-consumer threadName="Default Executor-thread-1" threadId="00000000007FFC00" bytes="7202840" />
</allocation-stats>
<gc-op id="997" type="scavenge" timems="2.278" contextid="994" timestamp="2024-07-17T18:05:15.938">
  <scavenger-info tenureage="5" tenuremask="ffe0" tiltratio="89" />
  <memory-copied type="nursery" objects="6843" bytes="194352" bytesdiscarded="35232" />
  <ownableSynchronizers candidates="4" cleared="0" />
  <references type="soft" candidates="2" cleared="0" enqueued="0" dynamicThreshold="9" maxThreshold="32" />
  <references type="weak" candidates="13" cleared="7" enqueued="7" />
  <object-monitors candidates="22" cleared="0"  />
</gc-op>
<gc-end id="998" type="scavenge" contextid="994" durationms="4.342" usertimems="3.473" systemtimems="0.539" stalltimems="0.426" timestamp="2024-07-17T18:05:15.938" activeThreads="2">
  <mem-info id="999" free="11581184" total="24641536" percent="46">
    <mem type="nursery" free="7044864" total="8126464" percent="86">
      <mem type="allocate" free="7044864" total="7274496" percent="96" />
      <mem type="survivor" free="0" total="851968" percent="0" />
    </mem>
    <mem type="tenure" free="4536320" total="16515072" percent="27">
      <mem type="soa" free="3709952" total="15688704" percent="23" />
      <mem type="loa" free="826368" total="826368" percent="100" />
    </mem>
    <pending-finalizers system="0" default="0" reference="7" classloader="0" />
    <remembered-set count="1066" />
  </mem-info>
</gc-end>
<cycle-end id="1000" type="scavenge" contextid="994" timestamp="2024-07-17T18:05:15.939" />
<allocation-satisfied id="1001" threadId="00000000007FFC00" bytesRequested="40" />
<af-end id="1002" timestamp="2024-07-17T18:05:15.940" threadId="0000000000800638" success="true" from="nursery"/>
<exclusive-end id="1003" timestamp="2024-07-17T18:05:15.940" durationms="13.649" />

<exclusive-start id="1004" timestamp="2024-07-17T18:05:16.081" intervalms="154.526">
  <response-info timems="0.092" idlems="0.092" threads="0" lastid="00000000007FFC00" lastname="Default Executor-thread-1" />
</exclusive-start>
<af-start id="1005" threadId="0000000000800638" totalBytesRequested="8200" timestamp="2024-07-17T18:05:16.082" intervalms="155.263" type="nursery" />
<cycle-start id="1006" type="scavenge" contextid="0" timestamp="2024-07-17T18:05:16.083" intervalms="151.771" />
<gc-start id="1007" type="scavenge" contextid="1006" timestamp="2024-07-17T18:05:16.084">
  <mem-info id="1008" free="4529680" total="24641536" percent="18">
    <mem type="nursery" free="0" total="8126464" percent="0">
      <mem type="allocate" free="0" total="7274496" percent="0" />
      <mem type="survivor" free="0" total="851968" percent="0" />
    </mem>
    <mem type="tenure" free="4529680" total="16515072" percent="27">
      <mem type="soa" free="3703312" total="15688704" percent="23" />
      <mem type="loa" free="826368" total="826368" percent="100" />
    </mem>
    <remembered-set count="2338" />
  </mem-info>
</gc-start>
<allocation-stats totalBytes="7033984" discardedBytes="17520" >
  <allocated-bytes non-tlh="233240" tlh="6800744" />
  <largest-consumer threadName="Default Executor-thread-1" threadId="00000000007FFC00" bytes="6980560" />
</allocation-stats>
<gc-op id="1009" type="scavenge" timems="5.879" contextid="1006" timestamp="2024-07-17T18:05:16.090">
  <scavenger-info tenureage="5" tenuremask="ffe0" tiltratio="89" />
  <memory-copied type="nursery" objects="16586" bytes="851120" bytesdiscarded="152" />
  <memory-copied type="tenure" objects="19148" bytes="690880" bytesdiscarded="184" />
  <copy-failed type="nursery" objects="19142" bytes="691248" />
  <ownableSynchronizers candidates="88" cleared="50" />
  <references type="weak" candidates="14" cleared="0" enqueued="0" />
  <references type="phantom" candidates="44" cleared="0" enqueued="0" />
  <object-monitors candidates="24" cleared="0"  />
</gc-op>
<gc-end id="1010" type="scavenge" contextid="1006" durationms="7.325" usertimems="9.961" systemtimems="1.529" stalltimems="0.755" timestamp="2024-07-17T18:05:16.091" activeThreads="2">
  <mem-info id="1011" free="7696336" total="24641536" percent="31">
    <mem type="nursery" free="3866624" total="8126464" percent="47">
      <mem type="allocate" free="3866624" total="4718592" percent="81" />
      <mem type="survivor" free="0" total="3407872" percent="0" />
    </mem>
    <mem type="tenure" free="3829712" total="16515072" percent="23">
      <mem type="soa" free="3003344" total="15688704" percent="19" />
      <mem type="loa" free="826368" total="826368" percent="100" />
    </mem>
    <remembered-set count="2762" />
  </mem-info>
</gc-end>
<cycle-end id="1012" type="scavenge" contextid="1006" timestamp="2024-07-17T18:05:16.092" />
<allocation-satisfied id="1013" threadId="00000000007FFC00" bytesRequested="8200" />
<af-end id="1014" timestamp="2024-07-17T18:05:16.092" threadId="0000000000800638" success="true" from="nursery"/>
<exclusive-end id="1015" timestamp="2024-07-17T18:05:16.093" durationms="11.883" />

<exclusive-start id="1016" timestamp="2024-07-17T18:05:16.221" intervalms="140.415">
  <response-info timems="0.078" idlems="0.078" threads="0" lastid="00000000007FFC00" lastname="Default Executor-thread-1" />
</exclusive-start>
<af-start id="1017" threadId="0000000000800638" totalBytesRequested="14144" timestamp="2024-07-17T18:05:16.222" intervalms="139.203" type="nursery" />
<cycle-start id="1018" type="scavenge" contextid="0" timestamp="2024-07-17T18:05:16.222" intervalms="138.537" />
<gc-start id="1019" type="scavenge" contextid="1018" timestamp="2024-07-17T18:05:16.223">
  <mem-info id="1020" free="3829568" total="24641536" percent="15">
    <mem type="nursery" free="0" total="8126464" percent="0">
      <mem type="allocate" free="0" total="4718592" percent="0" />
      <mem type="survivor" free="0" total="3407872" percent="0" />
    </mem>
    <mem type="tenure" free="3829568" total="16515072" percent="23">
      <mem type="soa" free="3003200" total="15688704" percent="19" />
      <mem type="loa" free="826368" total="826368" percent="100" />
    </mem>
    <remembered-set count="2974" />
  </mem-info>
</gc-start>
<allocation-stats totalBytes="3808368" discardedBytes="58400" >
  <allocated-bytes non-tlh="436904" tlh="3371464" />
  <largest-consumer threadName="Default Executor-thread-1" threadId="00000000007FFC00" bytes="3808368" />
</allocation-stats>
<gc-op id="1021" type="scavenge" timems="1.734" contextid="1018" timestamp="2024-07-17T18:05:16.225">
  <scavenger-info tenureage="3" tenuremask="ff98" tiltratio="58" />
  <memory-copied type="nursery" objects="17379" bytes="875960" bytesdiscarded="44424" />
  <memory-copied type="tenure" objects="290" bytes="8984" bytesdiscarded="0" />
  <ownableSynchronizers candidates="20" cleared="0" />
  <references type="soft" candidates="1" cleared="0" enqueued="0" dynamicThreshold="9" maxThreshold="32" />
  <references type="weak" candidates="14" cleared="0" enqueued="0" />
  <references type="phantom" candidates="43" cleared="0" enqueued="0" />
  <object-monitors candidates="24" cleared="0"  />
</gc-op>
<gc-end id="1022" type="scavenge" contextid="1018" durationms="2.662" usertimems="4.050" systemtimems="0.625" stalltimems="1.036" timestamp="2024-07-17T18:05:16.226" activeThreads="3">
  <mem-info id="1023" free="7936160" total="24641536" percent="32">
    <mem type="nursery" free="4125280" total="8126464" percent="50">
      <mem type="allocate" free="4125280" total="5046272" percent="81" />
      <mem type="survivor" free="0" total="3080192" percent="0" />
    </mem>
    <mem type="tenure" free="3810880" total="16515072" percent="23">
      <mem type="soa" free="2984512" total="15688704" percent="19" />
      <mem type="loa" free="826368" total="826368" percent="100" />
    </mem>
    <remembered-set count="2763" />
  </mem-info>
</gc-end>
<cycle-end id="1024" type="scavenge" contextid="1018" timestamp="2024-07-17T18:05:16.226" />
<allocation-satisfied id="1025" threadId="00000000007FFC00" bytesRequested="14144" />
<af-end id="1026" timestamp="2024-07-17T18:05:16.226" threadId="0000000000800638" success="true" from="nursery"/>
<exclusive-end id="1027" timestamp="2024-07-17T18:05:16.227" durationms="5.515" />

<exclusive-start id="1028" timestamp="2024-07-17T18:05:16.290" intervalms="69.275">
  <response-info timems="0.056" idlems="0.056" threads="0" lastid="00000000007FFC00" lastname="Default Executor-thread-1" />
</exclusive-start>
<af-start id="1029" threadId="0000000000800638" totalBytesRequested="16" timestamp="2024-07-17T18:05:16.291" intervalms="69.186" type="nursery" />
<cycle-start id="1030" type="scavenge" contextid="0" timestamp="2024-07-17T18:05:16.291" intervalms="69.060" />
<gc-start id="1031" type="scavenge" contextid="1030" timestamp="2024-07-17T18:05:16.292">
  <mem-info id="1032" free="3810392" total="24641536" percent="15">
    <mem type="nursery" free="0" total="8126464" percent="0">
      <mem type="allocate" free="0" total="5046272" percent="0" />
      <mem type="survivor" free="0" total="3080192" percent="0" />
    </mem>
    <mem type="tenure" free="3810392" total="16515072" percent="23">
      <mem type="soa" free="2984024" total="15688704" percent="19" />
      <mem type="loa" free="826368" total="826368" percent="100" />
    </mem>
    <remembered-set count="2977" />
  </mem-info>
</gc-start>
<allocation-stats totalBytes="4122960" discardedBytes="2808" >
  <allocated-bytes non-tlh="97176" tlh="4025784" />
  <largest-consumer threadName="Default Executor-thread-1" threadId="00000000007FFC00" bytes="4086128" />
</allocation-stats>
<gc-op id="1033" type="scavenge" timems="2.855" contextid="1030" timestamp="2024-07-17T18:05:16.295">
  <scavenger-info tenureage="2" tenuremask="ffcc" tiltratio="62" />
  <memory-copied type="nursery" objects="10628" bytes="672640" bytesdiscarded="150376" />
  <memory-copied type="tenure" objects="16277" bytes="835536" bytesdiscarded="392" />
  <ownableSynchronizers candidates="112" cleared="54" />
  <references type="soft" candidates="1" cleared="0" enqueued="0" dynamicThreshold="9" maxThreshold="32" />
  <references type="weak" candidates="1" cleared="0" enqueued="0" />
  <references type="phantom" candidates="57" cleared="0" enqueued="0" />
  <object-monitors candidates="24" cleared="0"  />
</gc-op>
<heap-resize id="1034" type="expand" space="nursery" amount="393216" count="1" timems="0.030" reason="excessive time being spent scavenging" timestamp="2024-07-17T18:05:16.295" />
<gc-end id="1035" type="scavenge" contextid="1030" durationms="4.075" usertimems="7.224" systemtimems="0.000" stalltimems="1.575" timestamp="2024-07-17T18:05:16.296" activeThreads="3">
  <mem-info id="1036" free="7780112" total="25034752" percent="31">
    <mem type="nursery" free="4877872" total="8519680" percent="57">
      <mem type="allocate" free="4877872" total="5701632" percent="85" />
      <mem type="survivor" free="0" total="2818048" percent="0" />
    </mem>
    <mem type="tenure" free="2902240" total="16515072" percent="17">
      <mem type="soa" free="2075872" total="15688704" percent="13" />
      <mem type="loa" free="826368" total="826368" percent="100" />
    </mem>
    <remembered-set count="500" />
  </mem-info>
</gc-end>
<cycle-end id="1037" type="scavenge" contextid="1030" timestamp="2024-07-17T18:05:16.296" />
<allocation-satisfied id="1038" threadId="00000000007FFC00" bytesRequested="16" />
<af-end id="1039" timestamp="2024-07-17T18:05:16.297" threadId="0000000000800638" success="true" from="nursery"/>
<exclusive-end id="1040" timestamp="2024-07-17T18:05:16.297" durationms="6.311" />

<exclusive-start id="1041" timestamp="2024-07-17T18:05:16.336" intervalms="45.870">
  <response-info timems="0.056" idlems="0.056" threads="0" lastid="00000000007FFC00" lastname="Default Executor-thread-1" />
</exclusive-start>
<af-start id="1042" threadId="0000000000800638" totalBytesRequested="24" timestamp="2024-07-17T18:05:16.337" intervalms="45.904" type="nursery" />
<cycle-start id="1043" type="scavenge" contextid="0" timestamp="2024-07-17T18:05:16.337" intervalms="45.952" />
<gc-start id="1044" type="scavenge" contextid="1043" timestamp="2024-07-17T18:05:16.337">
  <mem-info id="1045" free="2901904" total="25034752" percent="11">
    <mem type="nursery" free="0" total="8519680" percent="0">
      <mem type="allocate" free="0" total="5701632" percent="0" />
      <mem type="survivor" free="0" total="2818048" percent="0" />
    </mem>
    <mem type="tenure" free="2901904" total="16515072" percent="17">
      <mem type="soa" free="2075536" total="15688704" percent="13" />
      <mem type="loa" free="826368" total="826368" percent="100" />
    </mem>
    <remembered-set count="688" />
  </mem-info>
</gc-start>
<allocation-stats totalBytes="4875832" discardedBytes="2376" >
  <allocated-bytes non-tlh="41528" tlh="4834304" />
  <largest-consumer threadName="Default Executor-thread-1" threadId="00000000007FFC00" bytes="4826704" />
</allocation-stats>
<gc-op id="1046" type="scavenge" timems="2.638" contextid="1043" timestamp="2024-07-17T18:05:16.340">
  <scavenger-info tenureage="5" tenuremask="ff60" tiltratio="66" />
  <memory-copied type="nursery" objects="23631" bytes="1491912" bytesdiscarded="99704" />
  <ownableSynchronizers candidates="148" cleared="66" />
  <references type="soft" candidates="1" cleared="0" enqueued="0" dynamicThreshold="9" maxThreshold="32" />
  <references type="weak" candidates="1" cleared="0" enqueued="0" />
  <references type="phantom" candidates="123" cleared="0" enqueued="0" />
  <object-monitors candidates="24" cleared="0"  />
</gc-op>
<gc-end id="1047" type="scavenge" contextid="1043" durationms="3.570" usertimems="7.133" systemtimems="0.000" stalltimems="1.212" timestamp="2024-07-17T18:05:16.341" activeThreads="3">
  <mem-info id="1048" free="7141368" total="25034752" percent="28">
    <mem type="nursery" free="4239464" total="8519680" percent="49">
      <mem type="allocate" free="4239464" total="5832704" percent="72" />
      <mem type="survivor" free="0" total="2686976" percent="0" />
    </mem>
    <mem type="tenure" free="2901904" total="16515072" percent="17">
      <mem type="soa" free="2075536" total="15688704" percent="13" />
      <mem type="loa" free="826368" total="826368" percent="100" />
    </mem>
    <remembered-set count="650" />
  </mem-info>
</gc-end>
<cycle-end id="1049" type="scavenge" contextid="1043" timestamp="2024-07-17T18:05:16.341" />
<allocation-satisfied id="1050" threadId="00000000007FFC00" bytesRequested="24" />
<af-end id="1051" timestamp="2024-07-17T18:05:16.342" threadId="0000000000800638" success="true" from="nursery"/>
<exclusive-end id="1052" timestamp="2024-07-17T18:05:16.342" durationms="5.473" />

<exclusive-start id="1053" timestamp="2024-07-17T18:05:16.374" intervalms="37.726">
  <response-info timems="0.049" idlems="0.049" threads="0" lastid="00000000007FFC00" lastname="Default Executor-thread-1" />
</exclusive-start>
<af-start id="1054" threadId="0000000000800638" totalBytesRequested="15360" timestamp="2024-07-17T18:05:16.374" intervalms="37.680" type="nursery" />
<cycle-start id="1055" type="scavenge" contextid="0" timestamp="2024-07-17T18:05:16.375" intervalms="37.643" />
<gc-start id="1056" type="scavenge" contextid="1055" timestamp="2024-07-17T18:05:16.375">
  <mem-info id="1057" free="2901744" total="25034752" percent="11">
    <mem type="nursery" free="0" total="8519680" percent="0">
      <mem type="allocate" free="0" total="5832704" percent="0" />
      <mem type="survivor" free="0" total="2686976" percent="0" />
    </mem>
    <mem type="tenure" free="2901744" total="16515072" percent="17">
      <mem type="soa" free="2075376" total="15688704" percent="13" />
      <mem type="loa" free="826368" total="826368" percent="100" />
    </mem>
    <remembered-set count="915" />
  </mem-info>
</gc-start>
<allocation-stats totalBytes="4211080" discardedBytes="28544" >
  <allocated-bytes non-tlh="436144" tlh="3774936" />
  <largest-consumer threadName="Default Executor-thread-1" threadId="00000000007FFC00" bytes="4182416" />
</allocation-stats>
<gc-op id="1058" type="scavenge" timems="2.507" contextid="1055" timestamp="2024-07-17T18:05:16.378">
  <scavenger-info tenureage="2" tenuremask="fffc" tiltratio="68" />
  <memory-copied type="nursery" objects="21129" bytes="1739120" bytesdiscarded="33056" />
  <memory-copied type="tenure" objects="10574" bytes="670648" bytesdiscarded="712" />
  <ownableSynchronizers candidates="147" cleared="39" />
  <references type="weak" candidates="1" cleared="0" enqueued="0" />
  <references type="phantom" candidates="105" cleared="0" enqueued="0" />
  <object-monitors candidates="24" cleared="0"  />
</gc-op>
<heap-resize id="1059" type="expand" space="nursery" amount="524288" count="1" timems="0.030" reason="excessive time being spent scavenging" timestamp="2024-07-17T18:05:16.378" />
<gc-end id="1060" type="scavenge" contextid="1055" durationms="3.511" usertimems="6.101" systemtimems="0.925" stalltimems="3.167" timestamp="2024-07-17T18:05:16.378" activeThreads="4">
  <mem-info id="1061" free="6682944" total="25559040" percent="26">
    <mem type="nursery" free="4648952" total="9043968" percent="51">
      <mem type="allocate" free="4648952" total="6422528" percent="72" />
      <mem type="survivor" free="0" total="2621440" percent="0" />
    </mem>
    <mem type="tenure" free="2033992" total="16515072" percent="12">
      <mem type="soa" free="1207624" total="15688704" percent="7" />
      <mem type="loa" free="826368" total="826368" percent="100" />
    </mem>
    <remembered-set count="519" />
  </mem-info>
</gc-end>
<cycle-end id="1062" type="scavenge" contextid="1055" timestamp="2024-07-17T18:05:16.379" />
<allocation-satisfied id="1063" threadId="00000000007FFC00" bytesRequested="15360" />
<af-end id="1064" timestamp="2024-07-17T18:05:16.379" threadId="0000000000800638" success="true" from="nursery"/>
<exclusive-end id="1065" timestamp="2024-07-17T18:05:16.379" durationms="5.264" />

<concurrent-kickoff id="1066" timestamp="2024-07-17T18:05:16.442">
  <kickoff reason="threshold reached" targetBytes="6796827" thresholdFreeBytes="940882"  remainingFree="915920" tenureFreeBytes="2033888" nurseryFreeBytes="915920" />
</concurrent-kickoff>
<exclusive-start id="1067" timestamp="2024-07-17T18:05:16.443" intervalms="69.402">
  <response-info timems="0.192" idlems="0.192" threads="0" lastid="00000000007FFC00" lastname="Default Executor-thread-1" />
</exclusive-start>
<cycle-start id="1068" type="global" contextid="0" timestamp="2024-07-17T18:05:16.444" intervalms="1658.660" />
<concurrent-start id="1069" type="global mark" contextid="1068" timestamp="2024-07-17T18:05:16.444">
</concurrent-start>
<exclusive-end id="1070" timestamp="2024-07-17T18:05:16.444" durationms="0.980" />

<exclusive-start id="1071" timestamp="2024-07-17T18:05:16.466" intervalms="22.571">
  <response-info timems="0.066" idlems="0.066" threads="0" lastid="00000000007FFC00" lastname="Default Executor-thread-1" />
</exclusive-start>
<af-start id="1072" threadId="0000000000800638" totalBytesRequested="16392" timestamp="2024-07-17T18:05:16.466" intervalms="92.065" type="nursery" />
<cycle-start id="1073" type="scavenge" contextid="0" timestamp="2024-07-17T18:05:16.467" intervalms="92.192" />
<gc-start id="1074" type="scavenge" contextid="1073" timestamp="2024-07-17T18:05:16.467">
  <mem-info id="1075" free="2033792" total="25559040" percent="7">
    <mem type="nursery" free="0" total="9043968" percent="0">
      <mem type="allocate" free="0" total="6422528" percent="0" />
      <mem type="survivor" free="0" total="2621440" percent="0" />
    </mem>
    <mem type="tenure" free="2033792" total="16515072" percent="12">
      <mem type="soa" free="1207424" total="15688704" percent="7" />
      <mem type="loa" free="826368" total="826368" percent="100" />
    </mem>
    <remembered-set count="784" />
  </mem-info>
</gc-start>
<allocation-stats totalBytes="4638840" discardedBytes="10312" >
  <allocated-bytes non-tlh="116464" tlh="4522376" />
  <largest-consumer threadName="Default Executor-thread-1" threadId="00000000007FFC00" bytes="4599560" />
</allocation-stats>
<gc-op id="1076" type="scavenge" timems="2.962" contextid="1073" timestamp="2024-07-17T18:05:16.471">
  <scavenger-info tenureage="5" tenuremask="ffe0" tiltratio="71" />
  <memory-copied type="nursery" objects="30242" bytes="2338880" bytesdiscarded="79984" />
  <ownableSynchronizers candidates="131" cleared="36" />
  <references type="weak" candidates="3" cleared="0" enqueued="0" />
  <references type="phantom" candidates="142" cleared="0" enqueued="0" />
  <object-monitors candidates="25" cleared="0"  />
</gc-op>
<gc-end id="1077" type="scavenge" contextid="1073" durationms="4.035" usertimems="6.797" systemtimems="1.039" stalltimems="3.779" timestamp="2024-07-17T18:05:16.471" activeThreads="4">
  <mem-info id="1078" free="5445744" total="25559040" percent="21">
    <mem type="nursery" free="3411952" total="9043968" percent="37">
      <mem type="allocate" free="3411952" total="5832704" percent="58" />
      <mem type="survivor" free="0" total="3211264" percent="0" />
    </mem>
    <mem type="tenure" free="2033792" total="16515072" percent="12">
      <mem type="soa" free="1207424" total="15688704" percent="7" />
      <mem type="loa" free="826368" total="826368" percent="100" />
    </mem>
    <remembered-set count="642" />
  </mem-info>
</gc-end>
<cycle-end id="1079" type="scavenge" contextid="1073" timestamp="2024-07-17T18:05:16.472" />
<allocation-satisfied id="1080" threadId="00000000007FFC00" bytesRequested="16392" />
<af-end id="1081" timestamp="2024-07-17T18:05:16.472" threadId="0000000000800638" success="true" from="nursery"/>
<exclusive-end id="1082" timestamp="2024-07-17T18:05:16.473" durationms="6.565" />

<concurrent-end id="1083" type="global mark" contextid="1068" timestamp="2024-07-17T18:05:16.473">
<gc-op id="1084" type="trace" timems="28.791" contextid="1068" timestamp="2024-07-17T18:05:16.473">
  <trace bytesTraced="7852572" workStackOverflowCount="0" />
  <card-cleaning reason="card cleaning threshold reached" bytesTraced="11556" cardsCleaned="60" />
</gc-op>
</concurrent-end>

<exclusive-start id="1085" timestamp="2024-07-17T18:05:16.473" intervalms="7.362">
  <response-info timems="0.036" idlems="0.036" threads="0" lastid="00000000007FFC00" lastname="Default Executor-thread-1" />
</exclusive-start>
<concurrent-global-final id="1086" timestamp="2024-07-17T18:05:16.474" contextid="1068" intervalms="1582.783" >
  <concurrent-trace-info reason="card cleaning threshold reached" tracedByMutators="2154884" tracedByHelpers="5709244" cardsCleaned="60" workStackOverflowCount="0" />
</concurrent-global-final>
<gc-start id="1087" type="global" contextid="1068" timestamp="2024-07-17T18:05:16.474">
  <mem-info id="1088" free="5363816" total="25559040" percent="20">
    <mem type="nursery" free="3330024" total="9043968" percent="36">
      <mem type="allocate" free="3330024" total="5832704" percent="57" />
      <mem type="survivor" free="0" total="3211264" percent="0" />
    </mem>
    <mem type="tenure" free="2033792" total="16515072" percent="12">
      <mem type="soa" free="1207424" total="15688704" percent="7" />
      <mem type="loa" free="826368" total="826368" percent="100" />
    </mem>
    <remembered-set count="642" />
  </mem-info>
</gc-start>
<allocation-stats totalBytes="81928" discardedBytes="0" >
  <allocated-bytes non-tlh="16392" tlh="65536" />
  <largest-consumer threadName="Default Executor-thread-1" threadId="00000000007FFC00" bytes="81928" />
</allocation-stats>
<gc-op id="1089" type="rs-scan" timems="2.359" contextid="1068" timestamp="2024-07-17T18:05:16.477">
  <scan objectsFound="30063" bytesTraced="895176" workStackOverflowCount="0" />
</gc-op>
<gc-op id="1090" type="card-cleaning" timems="1.052" contextid="1068" timestamp="2024-07-17T18:05:16.478">
  <card-cleaning cardsCleaned="41" bytesTraced="20320" workStackOverflowCount="0" />
</gc-op>
<gc-op id="1091" type="mark" timems="5.001" contextid="1068" timestamp="2024-07-17T18:05:16.483">
  <trace-info objectcount="162" scancount="154" scanbytes="2992" />
  <finalization candidates="691" enqueued="0" />
  <ownableSynchronizers candidates="773" cleared="4" />
  <references type="soft" candidates="5264" cleared="0" enqueued="0" dynamicThreshold="9" maxThreshold="32" />
  <references type="weak" candidates="1287" cleared="23" enqueued="23" />
  <references type="phantom" candidates="360" cleared="0" enqueued="0" />
  <stringconstants candidates="12568" cleared="1"  />
  <object-monitors candidates="25" cleared="0"  />
</gc-op>
<gc-op id="1092" type="sweep" timems="1.973" contextid="1068" timestamp="2024-07-17T18:05:16.486" />
<heap-resize id="1093" type="expand" space="tenure" amount="3538944" count="1" timems="0.171" reason="insufficient free space following gc" timestamp="2024-07-17T18:05:16.486" />
<gc-end id="1094" type="global" contextid="1068" durationms="12.580" usertimems="19.564" systemtimems="10.273" stalltimems="60.125" timestamp="2024-07-17T18:05:16.486" activeThreads="12">
  <mem-info id="1095" free="9501440" total="29097984" percent="32">
    <mem type="nursery" free="3474272" total="9043968" percent="38">
      <mem type="allocate" free="3474272" total="5832704" percent="59" />
      <mem type="survivor" free="0" total="3211264" percent="0" />
    </mem>
    <mem type="tenure" free="6027168" total="20054016" percent="30" micro-fragmented="236320" macro-fragmented="0">
      <mem type="soa" free="5023648" total="19050496" percent="26" />
      <mem type="loa" free="1003520" total="1003520" percent="100" />
    </mem>
    <pending-finalizers system="0" default="0" reference="23" classloader="0" />
    <remembered-set count="640" />
  </mem-info>
</gc-end>
<cycle-end id="1096" type="global" contextid="1068" timestamp="2024-07-17T18:05:16.487" />
<exclusive-end id="1097" timestamp="2024-07-17T18:05:16.487" durationms="13.662" />

<exclusive-start id="1098" timestamp="2024-07-17T18:05:16.519" intervalms="45.515">
  <response-info timems="0.045" idlems="0.045" threads="0" lastid="00000000007FFC00" lastname="Default Executor-thread-1" />
</exclusive-start>
<af-start id="1099" threadId="0000000000800638" totalBytesRequested="16" timestamp="2024-07-17T18:05:16.519" intervalms="52.819" type="nursery" />
<cycle-start id="1100" type="scavenge" contextid="0" timestamp="2024-07-17T18:05:16.519" intervalms="52.699" />
<gc-start id="1101" type="scavenge" contextid="1100" timestamp="2024-07-17T18:05:16.520">
  <mem-info id="1102" free="6027168" total="29097984" percent="20">
    <mem type="nursery" free="0" total="9043968" percent="0">
      <mem type="allocate" free="0" total="5832704" percent="0" />
      <mem type="survivor" free="0" total="3211264" percent="0" />
    </mem>
    <mem type="tenure" free="6027168" total="20054016" percent="30">
      <mem type="soa" free="5023648" total="19050496" percent="26" />
      <mem type="loa" free="1003520" total="1003520" percent="100" />
    </mem>
    <remembered-set count="887" />
  </mem-info>
</gc-start>
<allocation-stats totalBytes="3472496" discardedBytes="1776" >
  <allocated-bytes non-tlh="0" tlh="3472496" />
  <largest-consumer threadName="Default Executor-thread-1" threadId="00000000007FFC00" bytes="3431568" />
</allocation-stats>
<gc-op id="1103" type="scavenge" timems="2.486" contextid="1100" timestamp="2024-07-17T18:05:16.523">
  <scavenger-info tenureage="2" tenuremask="fffc" tiltratio="64" />
  <memory-copied type="nursery" objects="17275" bytes="1071584" bytesdiscarded="255744" />
  <memory-copied type="tenure" objects="21116" bytes="1737720" bytesdiscarded="3736" />
  <ownableSynchronizers candidates="1621" cleared="1491" />
  <references type="weak" candidates="2" cleared="0" enqueued="0" />
  <references type="phantom" candidates="84" cleared="0" enqueued="0" />
  <object-monitors candidates="25" cleared="0"  />
</gc-op>
<gc-end id="1104" type="scavenge" contextid="1100" durationms="3.417" usertimems="6.718" systemtimems="1.030" stalltimems="2.198" timestamp="2024-07-17T18:05:16.523" activeThreads="4">
  <mem-info id="1105" free="8545424" total="29097984" percent="29">
    <mem type="nursery" free="4569768" total="9043968" percent="50">
      <mem type="allocate" free="4569768" total="5898240" percent="77" />
      <mem type="survivor" free="0" total="3145728" percent="0" />
    </mem>
    <mem type="tenure" free="3975656" total="20054016" percent="19">
      <mem type="soa" free="2972136" total="19050496" percent="15" />
      <mem type="loa" free="1003520" total="1003520" percent="100" />
    </mem>
    <remembered-set count="600" />
  </mem-info>
</gc-end>
<cycle-end id="1106" type="scavenge" contextid="1100" timestamp="2024-07-17T18:05:16.524" />
<allocation-satisfied id="1107" threadId="00000000007FFC00" bytesRequested="16" />
<af-end id="1108" timestamp="2024-07-17T18:05:16.524" threadId="0000000000800638" success="true" from="nursery"/>
<exclusive-end id="1109" timestamp="2024-07-17T18:05:16.524" durationms="5.427" />

<exclusive-start id="1110" timestamp="2024-07-17T18:05:16.553" intervalms="34.155">
  <response-info timems="0.056" idlems="0.056" threads="0" lastid="00000000007FFC00" lastname="Default Executor-thread-1" />
</exclusive-start>
<af-start id="1111" threadId="0000000000800638" totalBytesRequested="40" timestamp="2024-07-17T18:05:16.553" intervalms="34.197" type="nursery" />
<cycle-start id="1112" type="scavenge" contextid="0" timestamp="2024-07-17T18:05:16.554" intervalms="34.354" />
<gc-start id="1113" type="scavenge" contextid="1112" timestamp="2024-07-17T18:05:16.554">
  <mem-info id="1114" free="3975456" total="29097984" percent="13">
    <mem type="nursery" free="0" total="9043968" percent="0">
      <mem type="allocate" free="0" total="5898240" percent="0" />
      <mem type="survivor" free="0" total="3145728" percent="0" />
    </mem>
    <mem type="tenure" free="3975456" total="20054016" percent="19">
      <mem type="soa" free="2971936" total="19050496" percent="15" />
      <mem type="loa" free="1003520" total="1003520" percent="100" />
    </mem>
    <remembered-set count="966" />
  </mem-info>
</gc-start>
<allocation-stats totalBytes="4568032" discardedBytes="1936" >
  <allocated-bytes non-tlh="131040" tlh="4436992" />
  <largest-consumer threadName="Default Executor-thread-1" threadId="00000000007FFC00" bytes="4502536" />
</allocation-stats>
<gc-op id="1115" type="scavenge" timems="2.005" contextid="1112" timestamp="2024-07-17T18:05:16.557">
  <scavenger-info tenureage="5" tenuremask="ffe0" tiltratio="65" />
  <memory-copied type="nursery" objects="29997" bytes="1995736" bytesdiscarded="164408" />
  <ownableSynchronizers candidates="179" cleared="69" />
  <references type="weak" candidates="4" cleared="0" enqueued="0" />
  <references type="phantom" candidates="153" cleared="0" enqueued="0" />
  <object-monitors candidates="27" cleared="0"  />
</gc-op>
<heap-resize id="1116" type="expand" space="nursery" amount="524288" count="1" timems="0.030" reason="excessive time being spent scavenging" timestamp="2024-07-17T18:05:16.557" />
<gc-end id="1117" type="scavenge" contextid="1112" durationms="3.400" usertimems="5.184" systemtimems="0.791" stalltimems="2.228" timestamp="2024-07-17T18:05:16.558" activeThreads="4">
  <mem-info id="1118" free="7842512" total="29622272" percent="26">
    <mem type="nursery" free="3867056" total="9568256" percent="40">
      <mem type="allocate" free="3867056" total="6029312" percent="64" />
      <mem type="survivor" free="0" total="3538944" percent="0" />
    </mem>
    <mem type="tenure" free="3975456" total="20054016" percent="19">
      <mem type="soa" free="2971936" total="19050496" percent="15" />
      <mem type="loa" free="1003520" total="1003520" percent="100" />
    </mem>
    <remembered-set count="772" />
  </mem-info>
</gc-end>
<cycle-end id="1119" type="scavenge" contextid="1112" timestamp="2024-07-17T18:05:16.558" />
<allocation-satisfied id="1120" threadId="00000000007FFC00" bytesRequested="40" />
<af-end id="1121" timestamp="2024-07-17T18:05:16.558" threadId="0000000000800638" success="true" from="nursery"/>
<exclusive-end id="1122" timestamp="2024-07-17T18:05:16.559" durationms="5.689" />

<exclusive-start id="1123" timestamp="2024-07-17T18:05:16.589" intervalms="36.301">
  <response-info timems="0.059" idlems="0.059" threads="0" lastid="00000000007FFC00" lastname="Default Executor-thread-1" />
</exclusive-start>
<af-start id="1124" threadId="0000000000800638" totalBytesRequested="96" timestamp="2024-07-17T18:05:16.590" intervalms="36.306" type="nursery" />
<cycle-start id="1125" type="scavenge" contextid="0" timestamp="2024-07-17T18:05:16.590" intervalms="36.229" />
<gc-start id="1126" type="scavenge" contextid="1125" timestamp="2024-07-17T18:05:16.590">
  <mem-info id="1127" free="3975392" total="29622272" percent="13">
    <mem type="nursery" free="0" total="9568256" percent="0">
      <mem type="allocate" free="0" total="6029312" percent="0" />
      <mem type="survivor" free="0" total="3538944" percent="0" />
    </mem>
    <mem type="tenure" free="3975392" total="20054016" percent="19">
      <mem type="soa" free="2971872" total="19050496" percent="15" />
      <mem type="loa" free="1003520" total="1003520" percent="100" />
    </mem>
    <remembered-set count="1117" />
  </mem-info>
</gc-start>
<allocation-stats totalBytes="3865272" discardedBytes="1848" >
  <allocated-bytes non-tlh="104" tlh="3865168" />
  <largest-consumer threadName="Default Executor-thread-1" threadId="00000000007FFC00" bytes="3812152" />
</allocation-stats>
<gc-op id="1128" type="scavenge" timems="3.066" contextid="1125" timestamp="2024-07-17T18:05:16.594">
  <scavenger-info tenureage="2" tenuremask="fffc" tiltratio="63" />
  <memory-copied type="nursery" objects="23278" bytes="1477048" bytesdiscarded="171664" />
  <memory-copied type="tenure" objects="17254" bytes="1071112" bytesdiscarded="1280" />
  <ownableSynchronizers candidates="242" cleared="81" />
  <references type="weak" candidates="3" cleared="0" enqueued="0" />
  <references type="phantom" candidates="150" cleared="0" enqueued="0" />
  <object-monitors candidates="27" cleared="0"  />
</gc-op>
<heap-resize id="1129" type="expand" space="nursery" amount="524288" count="1" timems="0.069" reason="excessive time being spent scavenging" timestamp="2024-07-17T18:05:16.594" />
<gc-end id="1130" type="scavenge" contextid="1125" durationms="4.386" usertimems="9.753" systemtimems="0.000" stalltimems="2.673" timestamp="2024-07-17T18:05:16.595" activeThreads="4">
  <mem-info id="1131" free="8049376" total="30146560" percent="26">
    <mem type="nursery" free="5099496" total="10092544" percent="50">
      <mem type="allocate" free="5099496" total="6750208" percent="75" />
      <mem type="survivor" free="0" total="3342336" percent="0" />
    </mem>
    <mem type="tenure" free="2949880" total="20054016" percent="14">
      <mem type="soa" free="1946360" total="19050496" percent="10" />
      <mem type="loa" free="1003520" total="1003520" percent="100" />
    </mem>
    <remembered-set count="668" />
  </mem-info>
</gc-end>
<cycle-end id="1132" type="scavenge" contextid="1125" timestamp="2024-07-17T18:05:16.595" />
<allocation-satisfied id="1133" threadId="00000000007FFC00" bytesRequested="96" />
<af-end id="1134" timestamp="2024-07-17T18:05:16.596" threadId="0000000000800638" success="true" from="nursery"/>
<exclusive-end id="1135" timestamp="2024-07-17T18:05:16.596" durationms="6.757" />

<concurrent-kickoff id="1136" timestamp="2024-07-17T18:05:16.647">
  <kickoff reason="threshold reached" targetBytes="8492149" thresholdFreeBytes="1175472"  remainingFree="1101800" tenureFreeBytes="2949608" nurseryFreeBytes="1101800" />
</concurrent-kickoff>
<exclusive-start id="1137" timestamp="2024-07-17T18:05:16.647" intervalms="58.126">
  <response-info timems="0.083" idlems="0.083" threads="0" lastid="00000000007FFC00" lastname="Default Executor-thread-1" />
</exclusive-start>
<cycle-start id="1138" type="global" contextid="0" timestamp="2024-07-17T18:05:16.648" intervalms="204.002" />
<concurrent-start id="1139" type="global mark" contextid="1138" timestamp="2024-07-17T18:05:16.648">
</concurrent-start>
<exclusive-end id="1140" timestamp="2024-07-17T18:05:16.648" durationms="0.938" />

<concurrent-end id="1141" type="global mark" contextid="1138" timestamp="2024-07-17T18:05:16.714">
<gc-op id="1142" type="trace" timems="66.282" contextid="1138" timestamp="2024-07-17T18:05:16.714">
  <trace bytesTraced="8840996" workStackOverflowCount="0" />
  <card-cleaning reason="card cleaning threshold reached" bytesTraced="15900" cardsCleaned="46" />
</gc-op>
</concurrent-end>

<exclusive-start id="1143" timestamp="2024-07-17T18:05:16.715" intervalms="67.683">
  <response-info timems="0.121" idlems="0.121" threads="0" lastid="00000000007FFC00" lastname="Default Executor-thread-1" />
</exclusive-start>
<concurrent-global-final id="1144" timestamp="2024-07-17T18:05:16.715" contextid="1138" intervalms="241.945" >
  <concurrent-trace-info reason="card cleaning threshold reached" tracedByMutators="1504880" tracedByHelpers="7352016" cardsCleaned="46" workStackOverflowCount="0" />
</concurrent-global-final>
<gc-start id="1145" type="global" contextid="1138" timestamp="2024-07-17T18:05:16.716">
  <mem-info id="1146" free="2949608" total="30146560" percent="9">
    <mem type="nursery" free="0" total="10092544" percent="0">
      <mem type="allocate" free="0" total="6750208" percent="0" />
      <mem type="survivor" free="0" total="3342336" percent="0" />
    </mem>
    <mem type="tenure" free="2949608" total="20054016" percent="14">
      <mem type="soa" free="1946088" total="19050496" percent="10" />
      <mem type="loa" free="1003520" total="1003520" percent="100" />
    </mem>
    <remembered-set count="951" />
  </mem-info>
</gc-start>
<allocation-stats totalBytes="5059848" discardedBytes="39920" >
  <allocated-bytes non-tlh="368" tlh="5059480" />
  <largest-consumer threadName="Default Executor-thread-1" threadId="00000000007FFC00" bytes="5006728" />
</allocation-stats>
<gc-op id="1147" type="rs-scan" timems="3.301" contextid="1138" timestamp="2024-07-17T18:05:16.720">
  <scan objectsFound="23415" bytesTraced="723068" workStackOverflowCount="0" />
</gc-op>
<gc-op id="1148" type="card-cleaning" timems="1.331" contextid="1138" timestamp="2024-07-17T18:05:16.722">
  <card-cleaning cardsCleaned="35" bytesTraced="94048" workStackOverflowCount="0" />
</gc-op>
<gc-op id="1149" type="mark" timems="5.501" contextid="1138" timestamp="2024-07-17T18:05:16.728">
  <trace-info objectcount="161" scancount="154" scanbytes="2872" />
  <finalization candidates="691" enqueued="0" />
  <ownableSynchronizers candidates="990" cleared="53" />
  <references type="soft" candidates="5264" cleared="0" enqueued="0" dynamicThreshold="9" maxThreshold="32" />
  <references type="weak" candidates="1266" cleared="0" enqueued="0" />
  <references type="phantom" candidates="358" cleared="0" enqueued="0" />
  <stringconstants candidates="12575" cleared="0"  />
  <object-monitors candidates="27" cleared="0"  />
</gc-op>
<gc-op id="1150" type="sweep" timems="2.221" contextid="1138" timestamp="2024-07-17T18:05:16.730" />
<heap-resize id="1151" type="expand" space="tenure" amount="1966080" count="1" timems="0.639" reason="insufficient free space following gc" timestamp="2024-07-17T18:05:16.731" />
<gc-end id="1152" type="global" contextid="1138" durationms="15.865" usertimems="36.683" systemtimems="0.000" stalltimems="65.148" timestamp="2024-07-17T18:05:16.732" activeThreads="12">
  <mem-info id="1153" free="10963952" total="32112640" percent="34">
    <mem type="nursery" free="4350616" total="10092544" percent="43">
      <mem type="allocate" free="4350616" total="6750208" percent="64" />
      <mem type="survivor" free="0" total="3342336" percent="0" />
    </mem>
    <mem type="tenure" free="6613336" total="22020096" percent="30" micro-fragmented="189224" macro-fragmented="0">
      <mem type="soa" free="5511512" total="20918272" percent="26" />
      <mem type="loa" free="1101824" total="1101824" percent="100" />
    </mem>
    <remembered-set count="866" />
  </mem-info>
</gc-end>
<cycle-end id="1154" type="global" contextid="1138" timestamp="2024-07-17T18:05:16.732" />
<exclusive-end id="1155" timestamp="2024-07-17T18:05:16.733" durationms="17.361" />

<exclusive-start id="1156" timestamp="2024-07-17T18:05:16.747" intervalms="32.026">
  <response-info timems="0.057" idlems="0.057" threads="0" lastid="00000000007FFC00" lastname="Default Executor-thread-1" />
</exclusive-start>
<af-start id="1157" threadId="0000000000800638" totalBytesRequested="168536" timestamp="2024-07-17T18:05:16.748" intervalms="157.823" type="nursery" />
<cycle-start id="1158" type="scavenge" contextid="0" timestamp="2024-07-17T18:05:16.748" intervalms="157.806" />
<gc-start id="1159" type="scavenge" contextid="1158" timestamp="2024-07-17T18:05:16.748">
  <mem-info id="1160" free="9555848" total="32112640" percent="29">
    <mem type="nursery" free="2942512" total="10092544" percent="29">
      <mem type="allocate" free="2942512" total="6750208" percent="43" />
      <mem type="survivor" free="0" total="3342336" percent="0" />
    </mem>
    <mem type="tenure" free="6613336" total="22020096" percent="30">
      <mem type="soa" free="5511512" total="20918272" percent="26" />
      <mem type="loa" free="1101824" total="1101824" percent="100" />
    </mem>
    <remembered-set count="1122" />
  </mem-info>
</gc-start>
<allocation-stats totalBytes="1389504" discardedBytes="16544" >
  <allocated-bytes non-tlh="295752" tlh="1093752" />
  <largest-consumer threadName="Default Executor-thread-1" threadId="00000000007FFC00" bytes="1368888" />
</allocation-stats>
<gc-op id="1161" type="scavenge" timems="3.115" contextid="1158" timestamp="2024-07-17T18:05:16.752">
  <scavenger-info tenureage="12" tenuremask="7000" tiltratio="66" />
  <memory-copied type="nursery" objects="34904" bytes="2275016" bytesdiscarded="89384" />
  <ownableSynchronizers candidates="1786" cleared="1628" />
  <references type="weak" candidates="3" cleared="0" enqueued="0" />
  <references type="phantom" candidates="230" cleared="0" enqueued="0" />
  <object-monitors candidates="27" cleared="0"  />
</gc-op>
<gc-end id="1162" type="scavenge" contextid="1158" durationms="4.061" usertimems="9.384" systemtimems="0.000" stalltimems="3.065" timestamp="2024-07-17T18:05:16.752" activeThreads="4">
  <mem-info id="1163" free="10799456" total="32112640" percent="33">
    <mem type="nursery" free="4186120" total="10092544" percent="41">
      <mem type="allocate" free="4186120" total="6553600" percent="63" />
      <mem type="survivor" free="0" total="3538944" percent="0" />
    </mem>
    <mem type="tenure" free="6613336" total="22020096" percent="30">
      <mem type="soa" free="5511512" total="20918272" percent="26" />
      <mem type="loa" free="1101824" total="1101824" percent="100" />
    </mem>
    <remembered-set count="793" />
  </mem-info>
</gc-end>
<cycle-end id="1164" type="scavenge" contextid="1158" timestamp="2024-07-17T18:05:16.753" />
<allocation-satisfied id="1165" threadId="00000000007FFC00" bytesRequested="168536" />
<af-end id="1166" timestamp="2024-07-17T18:05:16.753" threadId="0000000000800638" success="true" from="nursery"/>
<exclusive-end id="1167" timestamp="2024-07-17T18:05:16.753" durationms="6.312" />

<exclusive-start id="1168" timestamp="2024-07-17T18:05:16.822" intervalms="74.979">
  <response-info timems="0.102" idlems="0.102" threads="0" lastid="00000000007FFC00" lastname="Default Executor-thread-1" />
</exclusive-start>
<af-start id="1169" threadId="0000000000800638" totalBytesRequested="24" timestamp="2024-07-17T18:05:16.823" intervalms="75.114" type="nursery" />
<cycle-start id="1170" type="scavenge" contextid="0" timestamp="2024-07-17T18:05:16.823" intervalms="75.233" />
<gc-start id="1171" type="scavenge" contextid="1170" timestamp="2024-07-17T18:05:16.824">
  <mem-info id="1172" free="6613088" total="32112640" percent="20">
    <mem type="nursery" free="0" total="10092544" percent="0">
      <mem type="allocate" free="0" total="6553600" percent="0" />
      <mem type="survivor" free="0" total="3538944" percent="0" />
    </mem>
    <mem type="tenure" free="6613088" total="22020096" percent="30">
      <mem type="soa" free="5511264" total="20918272" percent="26" />
      <mem type="loa" free="1101824" total="1101824" percent="100" />
    </mem>
    <remembered-set count="1286" />
  </mem-info>
</gc-start>
<allocation-stats totalBytes="4183888" discardedBytes="2480" >
  <allocated-bytes non-tlh="213496" tlh="3970392" />
  <largest-consumer threadName="Default Executor-thread-1" threadId="00000000007FFC00" bytes="4159312" />
</allocation-stats>
<gc-op id="1173" type="scavenge" timems="4.515" contextid="1170" timestamp="2024-07-17T18:05:16.829">
  <scavenger-info tenureage="3" tenuremask="7808" tiltratio="64" />
  <memory-copied type="nursery" objects="31696" bytes="2032064" bytesdiscarded="113192" />
  <memory-copied type="tenure" objects="11543" bytes="886088" bytesdiscarded="3808" />
  <ownableSynchronizers candidates="198" cleared="24" />
  <references type="weak" candidates="1" cleared="0" enqueued="0" />
  <references type="phantom" candidates="186" cleared="0" enqueued="0" />
  <object-monitors candidates="27" cleared="0"  />
</gc-op>
<gc-end id="1174" type="scavenge" contextid="1170" durationms="5.914" usertimems="11.909" systemtimems="1.778" stalltimems="4.860" timestamp="2024-07-17T18:05:16.829" activeThreads="4">
  <mem-info id="1175" free="10307184" total="32112640" percent="32">
    <mem type="nursery" free="4602488" total="10092544" percent="45">
      <mem type="allocate" free="4602488" total="6750208" percent="68" />
      <mem type="survivor" free="0" total="3342336" percent="0" />
    </mem>
    <mem type="tenure" free="5704696" total="22020096" percent="25">
      <mem type="soa" free="4602872" total="20918272" percent="22" />
      <mem type="loa" free="1101824" total="1101824" percent="100" />
    </mem>
    <remembered-set count="724" />
  </mem-info>
</gc-end>
<cycle-end id="1176" type="scavenge" contextid="1170" timestamp="2024-07-17T18:05:16.830" />
<allocation-satisfied id="1177" threadId="00000000007FFC00" bytesRequested="24" />
<af-end id="1178" timestamp="2024-07-17T18:05:16.831" threadId="0000000000800638" success="true" from="nursery"/>
<exclusive-end id="1179" timestamp="2024-07-17T18:05:16.832" durationms="9.457" />

<exclusive-start id="1180" timestamp="2024-07-17T18:05:16.906" intervalms="83.769">
  <response-info timems="0.065" idlems="0.065" threads="0" lastid="00000000007FFC00" lastname="Default Executor-thread-1" />
</exclusive-start>
<af-start id="1181" threadId="0000000000800638" totalBytesRequested="116960" timestamp="2024-07-17T18:05:16.906" intervalms="83.651" type="nursery" />
<cycle-start id="1182" type="scavenge" contextid="0" timestamp="2024-07-17T18:05:16.907" intervalms="83.570" />
<gc-start id="1183" type="scavenge" contextid="1182" timestamp="2024-07-17T18:05:16.907">
  <mem-info id="1184" free="5784072" total="32112640" percent="18">
    <mem type="nursery" free="80504" total="10092544" percent="0">
      <mem type="allocate" free="80504" total="6750208" percent="1" />
      <mem type="survivor" free="0" total="3342336" percent="0" />
    </mem>
    <mem type="tenure" free="5703568" total="22020096" percent="25">
      <mem type="soa" free="4601744" total="20918272" percent="21" />
      <mem type="loa" free="1101824" total="1101824" percent="100" />
    </mem>
    <remembered-set count="949" />
  </mem-info>
</gc-start>
<allocation-stats totalBytes="4437248" discardedBytes="85864" >
  <allocated-bytes non-tlh="1152" tlh="4436096" />
  <largest-consumer threadName="Default Executor-thread-1" threadId="00000000007FFC00" bytes="4404520" />
</allocation-stats>
<gc-op id="1185" type="scavenge" timems="3.497" contextid="1182" timestamp="2024-07-17T18:05:16.911">
  <scavenger-info tenureage="2" tenuremask="7c0c" tiltratio="66" />
  <memory-copied type="nursery" objects="15703" bytes="1080536" bytesdiscarded="162808" />
  <memory-copied type="tenure" objects="23349" bytes="1388568" bytesdiscarded="2424" />
  <ownableSynchronizers candidates="192" cleared="42" />
  <references type="phantom" candidates="66" cleared="0" enqueued="0" />
  <object-monitors candidates="27" cleared="0"  />
</gc-op>
<heap-resize id="1186" type="expand" space="nursery" amount="393216" count="1" timems="0.087" reason="excessive time being spent scavenging" timestamp="2024-07-17T18:05:16.912" />
<gc-end id="1187" type="scavenge" contextid="1182" durationms="4.982" usertimems="10.235" systemtimems="1.518" stalltimems="2.400" timestamp="2024-07-17T18:05:16.912" activeThreads="4">
  <mem-info id="1188" free="10092464" total="32505856" percent="31">
    <mem type="nursery" free="5964744" total="10485760" percent="56">
      <mem type="allocate" free="5964744" total="7208960" percent="82" />
      <mem type="survivor" free="0" total="3276800" percent="0" />
    </mem>
    <mem type="tenure" free="4127720" total="22020096" percent="18">
      <mem type="soa" free="3025896" total="20918272" percent="14" />
      <mem type="loa" free="1101824" total="1101824" percent="100" />
    </mem>
    <remembered-set count="553" />
  </mem-info>
</gc-end>
<cycle-end id="1189" type="scavenge" contextid="1182" timestamp="2024-07-17T18:05:16.913" />
<allocation-satisfied id="1190" threadId="00000000007FFC00" bytesRequested="116960" />
<af-end id="1191" timestamp="2024-07-17T18:05:16.914" threadId="0000000000800638" success="true" from="nursery"/>
<exclusive-end id="1192" timestamp="2024-07-17T18:05:16.914" durationms="8.025" />

<exclusive-start id="1193" timestamp="2024-07-17T18:05:16.986" intervalms="80.527">
  <response-info timems="0.048" idlems="0.048" threads="0" lastid="00000000007FFC00" lastname="Default Executor-thread-1" />
</exclusive-start>
<af-start id="1194" threadId="0000000000800638" totalBytesRequested="24" timestamp="2024-07-17T18:05:16.987" intervalms="80.676" type="nursery" />
<cycle-start id="1195" type="scavenge" contextid="0" timestamp="2024-07-17T18:05:16.987" intervalms="80.797" />
<gc-start id="1196" type="scavenge" contextid="1195" timestamp="2024-07-17T18:05:16.988">
  <mem-info id="1197" free="4127056" total="32505856" percent="12">
    <mem type="nursery" free="0" total="10485760" percent="0">
      <mem type="allocate" free="0" total="7208960" percent="0" />
      <mem type="survivor" free="0" total="3276800" percent="0" />
    </mem>
    <mem type="tenure" free="4127056" total="22020096" percent="18">
      <mem type="soa" free="3025232" total="20918272" percent="14" />
      <mem type="loa" free="1101824" total="1101824" percent="100" />
    </mem>
    <remembered-set count="832" />
  </mem-info>
</gc-start>
<allocation-stats totalBytes="5961936" discardedBytes="3472" >
  <allocated-bytes non-tlh="1138008" tlh="4823928" />
  <largest-consumer threadName="Default Executor-thread-1" threadId="00000000007FFC00" bytes="5929208" />
</allocation-stats>
<gc-op id="1198" type="scavenge" timems="2.864" contextid="1195" timestamp="2024-07-17T18:05:16.992">
  <scavenger-info tenureage="10" tenuremask="7c00" tiltratio="68" />
  <memory-copied type="nursery" objects="23311" bytes="1848504" bytesdiscarded="45320" />
  <ownableSynchronizers candidates="105" cleared="36" />
  <references type="weak" candidates="2" cleared="1" enqueued="1" />
  <references type="phantom" candidates="103" cleared="0" enqueued="0" />
  <object-monitors candidates="27" cleared="0"  />
</gc-op>
<gc-end id="1199" type="scavenge" contextid="1195" durationms="4.149" usertimems="6.610" systemtimems="0.986" stalltimems="6.759" timestamp="2024-07-17T18:05:16.992" activeThreads="5">
  <mem-info id="1200" free="9571896" total="32505856" percent="29">
    <mem type="nursery" free="5444840" total="10485760" percent="51">
      <mem type="allocate" free="5444840" total="7340032" percent="74" />
      <mem type="survivor" free="0" total="3145728" percent="0" />
    </mem>
    <mem type="tenure" free="4127056" total="22020096" percent="18">
      <mem type="soa" free="3025232" total="20918272" percent="14" />
      <mem type="loa" free="1101824" total="1101824" percent="100" />
    </mem>
    <pending-finalizers system="0" default="0" reference="1" classloader="0" />
    <remembered-set count="700" />
  </mem-info>
</gc-end>
<cycle-end id="1201" type="scavenge" contextid="1195" timestamp="2024-07-17T18:05:16.993" />
<allocation-satisfied id="1202" threadId="00000000007FFC00" bytesRequested="24" />
<af-end id="1203" timestamp="2024-07-17T18:05:16.993" threadId="0000000000800638" success="true" from="nursery"/>
<exclusive-end id="1204" timestamp="2024-07-17T18:05:16.994" durationms="7.118" />

<exclusive-start id="1205" timestamp="2024-07-17T18:05:17.022" intervalms="35.578">
  <response-info timems="0.057" idlems="0.057" threads="0" lastid="00000000007FFC00" lastname="Default Executor-thread-1" />
</exclusive-start>
<af-start id="1206" threadId="0000000000800638" totalBytesRequested="4104" timestamp="2024-07-17T18:05:17.022" intervalms="35.512" type="nursery" />
<cycle-start id="1207" type="scavenge" contextid="0" timestamp="2024-07-17T18:05:17.023" intervalms="35.496" />
<gc-start id="1208" type="scavenge" contextid="1207" timestamp="2024-07-17T18:05:17.023">
  <mem-info id="1209" free="4127056" total="32505856" percent="12">
    <mem type="nursery" free="0" total="10485760" percent="0">
      <mem type="allocate" free="0" total="7340032" percent="0" />
      <mem type="survivor" free="0" total="3145728" percent="0" />
    </mem>
    <mem type="tenure" free="4127056" total="22020096" percent="18">
      <mem type="soa" free="3025232" total="20918272" percent="14" />
      <mem type="loa" free="1101824" total="1101824" percent="100" />
    </mem>
    <remembered-set count="1125" />
  </mem-info>
</gc-start>
<allocation-stats totalBytes="5440816" discardedBytes="4024" >
  <allocated-bytes non-tlh="308856" tlh="5131960" />
  <largest-consumer threadName="Default Executor-thread-1" threadId="00000000007FFC00" bytes="5363200" />
</allocation-stats>
<gc-op id="1210" type="scavenge" timems="2.123" contextid="1207" timestamp="2024-07-17T18:05:17.026">
  <scavenger-info tenureage="2" tenuremask="7c0c" tiltratio="70" />
  <memory-copied type="nursery" objects="19914" bytes="1922336" bytesdiscarded="199656" />
  <memory-copied type="tenure" objects="15605" bytes="1076088" bytesdiscarded="408" />
  <ownableSynchronizers candidates="214" cleared="87" />
  <references type="weak" candidates="2" cleared="0" enqueued="0" />
  <references type="phantom" candidates="127" cleared="0" enqueued="0" />
  <object-monitors candidates="27" cleared="0"  />
</gc-op>
<heap-resize id="1211" type="expand" space="nursery" amount="655360" count="1" timems="0.036" reason="excessive time being spent scavenging" timestamp="2024-07-17T18:05:17.027" />
<gc-end id="1212" type="scavenge" contextid="1207" durationms="3.715" usertimems="5.538" systemtimems="0.830" stalltimems="2.062" timestamp="2024-07-17T18:05:17.027" activeThreads="4">
  <mem-info id="1213" free="8616872" total="33161216" percent="25">
    <mem type="nursery" free="5871728" total="11141120" percent="52">
      <mem type="allocate" free="5871728" total="7995392" percent="73" />
      <mem type="survivor" free="0" total="3145728" percent="0" />
    </mem>
    <mem type="tenure" free="2745144" total="22020096" percent="12">
      <mem type="soa" free="1643320" total="20918272" percent="7" />
      <mem type="loa" free="1101824" total="1101824" percent="100" />
    </mem>
    <remembered-set count="700" />
  </mem-info>
</gc-end>
<cycle-end id="1214" type="scavenge" contextid="1207" timestamp="2024-07-17T18:05:17.028" />
<allocation-satisfied id="1215" threadId="00000000007FFC00" bytesRequested="4104" />
<af-end id="1216" timestamp="2024-07-17T18:05:17.028" threadId="0000000000800638" success="true" from="nursery"/>
<exclusive-end id="1217" timestamp="2024-07-17T18:05:17.029" durationms="6.499" />

<concurrent-kickoff id="1218" timestamp="2024-07-17T18:05:17.055">
  <kickoff reason="threshold reached" targetBytes="9404664" thresholdFreeBytes="1302032"  remainingFree="1235416" tenureFreeBytes="2745000" nurseryFreeBytes="1235416" />
</concurrent-kickoff>
<exclusive-start id="1219" timestamp="2024-07-17T18:05:17.055" intervalms="33.304">
  <response-info timems="0.056" idlems="0.056" threads="0" lastid="00000000007FFC00" lastname="Default Executor-thread-1" />
</exclusive-start>
<cycle-start id="1220" type="global" contextid="0" timestamp="2024-07-17T18:05:17.056" intervalms="407.874" />
<concurrent-start id="1221" type="global mark" contextid="1220" timestamp="2024-07-17T18:05:17.056">
</concurrent-start>
<exclusive-end id="1222" timestamp="2024-07-17T18:05:17.056" durationms="0.893" />

<concurrent-end id="1223" type="global mark" contextid="1220" timestamp="2024-07-17T18:05:17.081">
<gc-op id="1224" type="trace" timems="24.809" contextid="1220" timestamp="2024-07-17T18:05:17.081">
  <trace bytesTraced="9947996" workStackOverflowCount="0" />
  <card-cleaning reason="card cleaning threshold reached" bytesTraced="43352" cardsCleaned="77" />
</gc-op>
</concurrent-end>

<exclusive-start id="1225" timestamp="2024-07-17T18:05:17.081" intervalms="26.154">
  <response-info timems="0.049" idlems="0.049" threads="0" lastid="00000000007FFC00" lastname="Default Executor-thread-1" />
</exclusive-start>
<concurrent-global-final id="1226" timestamp="2024-07-17T18:05:17.082" contextid="1220" intervalms="366.339" >
  <concurrent-trace-info reason="card cleaning threshold reached" tracedByMutators="3153596" tracedByHelpers="6837752" cardsCleaned="77" workStackOverflowCount="0" />
</concurrent-global-final>
<gc-start id="1227" type="global" contextid="1220" timestamp="2024-07-17T18:05:17.082">
  <mem-info id="1228" free="2800768" total="33161216" percent="8">
    <mem type="nursery" free="55768" total="11141120" percent="0">
      <mem type="allocate" free="55768" total="7995392" percent="0" />
      <mem type="survivor" free="0" total="3145728" percent="0" />
    </mem>
    <mem type="tenure" free="2745000" total="22020096" percent="12">
      <mem type="soa" free="1643176" total="20918272" percent="7" />
      <mem type="loa" free="1101824" total="1101824" percent="100" />
    </mem>
    <remembered-set count="1125" />
  </mem-info>
</gc-start>
<allocation-stats totalBytes="5811320" discardedBytes="4784" >
  <allocated-bytes non-tlh="85808" tlh="5725512" />
  <largest-consumer threadName="Default Executor-thread-1" threadId="00000000007FFC00" bytes="5733568" />
</allocation-stats>
<gc-op id="1229" type="rs-scan" timems="3.143" contextid="1220" timestamp="2024-07-17T18:05:17.086">
  <scan objectsFound="26147" bytesTraced="795788" workStackOverflowCount="0" />
</gc-op>
<gc-op id="1230" type="card-cleaning" timems="1.053" contextid="1220" timestamp="2024-07-17T18:05:17.087">
  <card-cleaning cardsCleaned="38" bytesTraced="128552" workStackOverflowCount="0" />
</gc-op>
<gc-op id="1231" type="mark" timems="5.019" contextid="1220" timestamp="2024-07-17T18:05:17.093">
  <trace-info objectcount="200" scancount="184" scanbytes="3544" />
  <finalization candidates="691" enqueued="0" />
  <ownableSynchronizers candidates="1257" cleared="104" />
  <references type="soft" candidates="5264" cleared="0" enqueued="0" dynamicThreshold="9" maxThreshold="32" />
  <references type="weak" candidates="1268" cleared="0" enqueued="0" />
  <references type="phantom" candidates="360" cleared="0" enqueued="0" />
  <stringconstants candidates="12609" cleared="6"  />
  <object-monitors candidates="29" cleared="0"  />
</gc-op>
<gc-op id="1232" type="sweep" timems="2.121" contextid="1220" timestamp="2024-07-17T18:05:17.095" />
<heap-resize id="1233" type="expand" space="tenure" amount="2162688" count="1" timems="0.444" reason="insufficient free space following gc" timestamp="2024-07-17T18:05:17.096" />
<gc-end id="1234" type="global" contextid="1220" durationms="14.296" usertimems="26.602" systemtimems="3.931" stalltimems="62.110" timestamp="2024-07-17T18:05:17.097" activeThreads="12">
  <mem-info id="1235" free="11928032" total="35323904" percent="33">
    <mem type="nursery" free="4660320" total="11141120" percent="41">
      <mem type="allocate" free="4660320" total="7995392" percent="58" />
      <mem type="survivor" free="0" total="3145728" percent="0" />
    </mem>
    <mem type="tenure" free="7267712" total="24182784" percent="30" micro-fragmented="229439" macro-fragmented="0">
      <mem type="soa" free="6058368" total="22973440" percent="26" />
      <mem type="loa" free="1209344" total="1209344" percent="100" />
    </mem>
    <remembered-set count="965" />
  </mem-info>
</gc-end>
<cycle-end id="1236" type="global" contextid="1220" timestamp="2024-07-17T18:05:17.097" />
<exclusive-end id="1237" timestamp="2024-07-17T18:05:17.097" durationms="15.974" />

<exclusive-start id="1238" timestamp="2024-07-17T18:05:17.121" intervalms="39.668">
  <response-info timems="0.087" idlems="0.087" threads="0" lastid="00000000007FFC00" lastname="Default Executor-thread-1" />
</exclusive-start>
<af-start id="1239" threadId="0000000000800638" totalBytesRequested="108632" timestamp="2024-07-17T18:05:17.122" intervalms="99.229" type="nursery" />
<cycle-start id="1240" type="scavenge" contextid="0" timestamp="2024-07-17T18:05:17.122" intervalms="99.186" />
<gc-start id="1241" type="scavenge" contextid="1240" timestamp="2024-07-17T18:05:17.123">
  <mem-info id="1242" free="7683240" total="35323904" percent="21">
    <mem type="nursery" free="415648" total="11141120" percent="3">
      <mem type="allocate" free="415648" total="7995392" percent="5" />
      <mem type="survivor" free="0" total="3145728" percent="0" />
    </mem>
    <mem type="tenure" free="7267592" total="24182784" percent="30">
      <mem type="soa" free="6058248" total="22973440" percent="26" />
      <mem type="loa" free="1209344" total="1209344" percent="100" />
    </mem>
    <remembered-set count="1260" />
  </mem-info>
</gc-start>
<allocation-stats totalBytes="4198376" discardedBytes="42928" >
  <allocated-bytes non-tlh="867976" tlh="3330400" />
  <largest-consumer threadName="Default Executor-thread-1" threadId="00000000007FFC00" bytes="4168656" />
</allocation-stats>
<gc-op id="1243" type="scavenge" timems="2.370" contextid="1240" timestamp="2024-07-17T18:05:17.126">
  <scavenger-info tenureage="2" tenuremask="7c04" tiltratio="71" />
  <memory-copied type="nursery" objects="36570" bytes="2612984" bytesdiscarded="128240" />
  <memory-copied type="tenure" objects="7476" bytes="763696" bytesdiscarded="1632" />
  <ownableSynchronizers candidates="2386" cleared="2198" />
  <references type="weak" candidates="3" cleared="0" enqueued="0" />
  <references type="phantom" candidates="235" cleared="0" enqueued="0" />
  <object-monitors candidates="29" cleared="0"  />
</gc-op>
<gc-end id="1244" type="scavenge" contextid="1240" durationms="3.497" usertimems="6.573" systemtimems="0.969" stalltimems="1.939" timestamp="2024-07-17T18:05:17.126" activeThreads="4">
  <mem-info id="1245" free="11203776" total="35323904" percent="31">
    <mem type="nursery" free="4726680" total="11141120" percent="42">
      <mem type="allocate" free="4726680" total="7471104" percent="63" />
      <mem type="survivor" free="0" total="3670016" percent="0" />
    </mem>
    <mem type="tenure" free="6477096" total="24182784" percent="26">
      <mem type="soa" free="5267752" total="22973440" percent="22" />
      <mem type="loa" free="1209344" total="1209344" percent="100" />
    </mem>
    <remembered-set count="932" />
  </mem-info>
</gc-end>
<cycle-end id="1246" type="scavenge" contextid="1240" timestamp="2024-07-17T18:05:17.126" />
<allocation-satisfied id="1247" threadId="00000000007FFC00" bytesRequested="108632" />
<af-end id="1248" timestamp="2024-07-17T18:05:17.127" threadId="0000000000800638" success="true" from="nursery"/>
<exclusive-end id="1249" timestamp="2024-07-17T18:05:17.127" durationms="6.219" />

<exclusive-start id="1250" timestamp="2024-07-17T18:05:17.149" intervalms="27.787">
  <response-info timems="0.070" idlems="0.070" threads="0" lastid="00000000007FFC00" lastname="Default Executor-thread-1" />
</exclusive-start>
<af-start id="1251" threadId="0000000000800638" totalBytesRequested="16392" timestamp="2024-07-17T18:05:17.149" intervalms="27.611" type="nursery" />
<cycle-start id="1252" type="scavenge" contextid="0" timestamp="2024-07-17T18:05:17.150" intervalms="27.473" />
<gc-start id="1253" type="scavenge" contextid="1252" timestamp="2024-07-17T18:05:17.150">
  <mem-info id="1254" free="6477096" total="35323904" percent="18">
    <mem type="nursery" free="0" total="11141120" percent="0">
      <mem type="allocate" free="0" total="7471104" percent="0" />
      <mem type="survivor" free="0" total="3670016" percent="0" />
    </mem>
    <mem type="tenure" free="6477096" total="24182784" percent="26">
      <mem type="soa" free="5267752" total="22973440" percent="22" />
      <mem type="loa" free="1209344" total="1209344" percent="100" />
    </mem>
    <remembered-set count="1228" />
  </mem-info>
</gc-start>
<allocation-stats totalBytes="4693856" discardedBytes="32824" >
  <allocated-bytes non-tlh="279560" tlh="4414296" />
  <largest-consumer threadName="Default Executor-thread-1" threadId="00000000007FFC00" bytes="4652944" />
</allocation-stats>
<gc-op id="1255" type="scavenge" timems="3.089" contextid="1252" timestamp="2024-07-17T18:05:17.154">
  <scavenger-info tenureage="2" tenuremask="7e04" tiltratio="67" />
  <memory-copied type="nursery" objects="34048" bytes="2343160" bytesdiscarded="224840" />
  <memory-copied type="tenure" objects="12304" bytes="1123912" bytesdiscarded="5864" />
  <ownableSynchronizers candidates="243" cleared="48" />
  <references type="weak" candidates="4" cleared="0" enqueued="0" />
  <references type="phantom" candidates="198" cleared="0" enqueued="0" />
  <object-monitors candidates="29" cleared="0"  />
</gc-op>
<heap-resize id="1256" type="expand" space="nursery" amount="917504" count="1" timems="0.030" reason="excessive time being spent scavenging" timestamp="2024-07-17T18:05:17.154" />
<gc-end id="1257" type="scavenge" contextid="1252" durationms="4.658" usertimems="9.658" systemtimems="0.000" stalltimems="2.925" timestamp="2024-07-17T18:05:17.155" activeThreads="4">
  <mem-info id="1258" free="10855784" total="36241408" percent="29">
    <mem type="nursery" free="5621352" total="12058624" percent="46">
      <mem type="allocate" free="5621352" total="8192000" percent="68" />
      <mem type="survivor" free="0" total="3866624" percent="0" />
    </mem>
    <mem type="tenure" free="5234432" total="24182784" percent="21">
      <mem type="soa" free="4025088" total="22973440" percent="17" />
      <mem type="loa" free="1209344" total="1209344" percent="100" />
    </mem>
    <remembered-set count="989" />
  </mem-info>
</gc-end>
<cycle-end id="1259" type="scavenge" contextid="1252" timestamp="2024-07-17T18:05:17.155" />
<allocation-satisfied id="1260" threadId="00000000007FFC00" bytesRequested="16392" />
<af-end id="1261" timestamp="2024-07-17T18:05:17.156" threadId="0000000000800638" success="true" from="nursery"/>
<exclusive-end id="1262" timestamp="2024-07-17T18:05:17.156" durationms="6.806" />

<exclusive-start id="1263" timestamp="2024-07-17T18:05:17.216" intervalms="67.323">
  <response-info timems="0.066" idlems="0.066" threads="0" lastid="00000000007FFC00" lastname="Default Executor-thread-1" />
</exclusive-start>
<af-start id="1264" threadId="0000000000800638" totalBytesRequested="2064" timestamp="2024-07-17T18:05:17.217" intervalms="67.337" type="nursery" />
<cycle-start id="1265" type="scavenge" contextid="0" timestamp="2024-07-17T18:05:17.217" intervalms="67.551" />
<gc-start id="1266" type="scavenge" contextid="1265" timestamp="2024-07-17T18:05:17.218">
  <mem-info id="1267" free="5233472" total="36241408" percent="14">
    <mem type="nursery" free="0" total="12058624" percent="0">
      <mem type="allocate" free="0" total="8192000" percent="0" />
      <mem type="survivor" free="0" total="3866624" percent="0" />
    </mem>
    <mem type="tenure" free="5233472" total="24182784" percent="21">
      <mem type="soa" free="4024128" total="22973440" percent="17" />
      <mem type="loa" free="1209344" total="1209344" percent="100" />
    </mem>
    <remembered-set count="2097" />
  </mem-info>
</gc-start>
<allocation-stats totalBytes="5617776" discardedBytes="4536" >
  <allocated-bytes non-tlh="17352" tlh="5600424" />
  <largest-consumer threadName="Default Executor-thread-1" threadId="00000000007FFC00" bytes="5601392" />
</allocation-stats>
<gc-op id="1268" type="scavenge" timems="3.071" contextid="1265" timestamp="2024-07-17T18:05:17.222">
  <scavenger-info tenureage="2" tenuremask="7e04" tiltratio="67" />
  <memory-copied type="nursery" objects="18806" bytes="1395008" bytesdiscarded="170040" />
  <memory-copied type="tenure" objects="24144" bytes="1485304" bytesdiscarded="1056" />
  <ownableSynchronizers candidates="167" cleared="18" />
  <references type="weak" candidates="13" cleared="8" enqueued="8" />
  <references type="phantom" candidates="69" cleared="0" enqueued="0" />
  <object-monitors candidates="29" cleared="0"  />
</gc-op>
<gc-end id="1269" type="scavenge" contextid="1265" durationms="4.536" usertimems="8.432" systemtimems="1.223" stalltimems="2.805" timestamp="2024-07-17T18:05:17.222" activeThreads="4">
  <mem-info id="1270" free="10760360" total="36241408" percent="29">
    <mem type="nursery" free="7084352" total="12058624" percent="58">
      <mem type="allocate" free="7084352" total="8650752" percent="81" />
      <mem type="survivor" free="0" total="3407872" percent="0" />
    </mem>
    <mem type="tenure" free="3676008" total="24182784" percent="15">
      <mem type="soa" free="2466664" total="22973440" percent="10" />
      <mem type="loa" free="1209344" total="1209344" percent="100" />
    </mem>
    <pending-finalizers system="0" default="0" reference="8" classloader="0" />
    <remembered-set count="795" />
  </mem-info>
</gc-end>
<cycle-end id="1271" type="scavenge" contextid="1265" timestamp="2024-07-17T18:05:17.223" />
<allocation-satisfied id="1272" threadId="00000000007FFC00" bytesRequested="2064" />
<af-end id="1273" timestamp="2024-07-17T18:05:17.223" threadId="0000000000800638" success="true" from="nursery"/>
<exclusive-end id="1274" timestamp="2024-07-17T18:05:17.224" durationms="7.269" />

<concurrent-kickoff id="1275" timestamp="2024-07-17T18:05:17.269">
  <kickoff reason="threshold reached" targetBytes="10460998" thresholdFreeBytes="1448343"  remainingFree="1382720" tenureFreeBytes="3676008" nurseryFreeBytes="1382720" />
</concurrent-kickoff>
<exclusive-start id="1276" timestamp="2024-07-17T18:05:17.270" intervalms="53.753">
  <response-info timems="0.047" idlems="0.047" threads="0" lastid="00000000007FFC00" lastname="Default Executor-thread-1" />
</exclusive-start>
<cycle-start id="1277" type="global" contextid="0" timestamp="2024-07-17T18:05:17.270" intervalms="214.653" />
<concurrent-start id="1278" type="global mark" contextid="1277" timestamp="2024-07-17T18:05:17.271">
</concurrent-start>
<exclusive-end id="1279" timestamp="2024-07-17T18:05:17.271" durationms="0.692" />

<concurrent-end id="1280" type="global mark" contextid="1277" timestamp="2024-07-17T18:05:17.295">
<gc-op id="1281" type="trace" timems="24.158" contextid="1277" timestamp="2024-07-17T18:05:17.295">
  <trace bytesTraced="10922116" workStackOverflowCount="0" />
  <card-cleaning reason="card cleaning threshold reached" bytesTraced="11020" cardsCleaned="79" />
</gc-op>
</concurrent-end>

<exclusive-start id="1282" timestamp="2024-07-17T18:05:17.295" intervalms="25.373">
  <response-info timems="0.036" idlems="0.036" threads="0" lastid="00000000007FFC00" lastname="Default Executor-thread-1" />
</exclusive-start>
<concurrent-global-final id="1283" timestamp="2024-07-17T18:05:17.296" contextid="1277" intervalms="213.924" >
  <concurrent-trace-info reason="card cleaning threshold reached" tracedByMutators="2360332" tracedByHelpers="8572804" cardsCleaned="79" workStackOverflowCount="0" />
</concurrent-global-final>
<gc-start id="1284" type="global" contextid="1277" timestamp="2024-07-17T18:05:17.296">
  <mem-info id="1285" free="3676008" total="36241408" percent="10">
    <mem type="nursery" free="0" total="12058624" percent="0">
      <mem type="allocate" free="0" total="8650752" percent="0" />
      <mem type="survivor" free="0" total="3407872" percent="0" />
    </mem>
    <mem type="tenure" free="3676008" total="24182784" percent="15">
      <mem type="soa" free="2466664" total="22973440" percent="10" />
      <mem type="loa" free="1209344" total="1209344" percent="100" />
    </mem>
    <remembered-set count="1237" />
  </mem-info>
</gc-start>
<allocation-stats totalBytes="7079696" discardedBytes="4656" >
  <allocated-bytes non-tlh="2064" tlh="7077632" />
  <largest-consumer threadName="Default Executor-thread-1" threadId="00000000007FFC00" bytes="7079696" />
</allocation-stats>
<gc-op id="1286" type="rs-scan" timems="2.791" contextid="1277" timestamp="2024-07-17T18:05:17.300">
  <scan objectsFound="19220" bytesTraced="665136" workStackOverflowCount="0" />
</gc-op>
<gc-op id="1287" type="card-cleaning" timems="0.904" contextid="1277" timestamp="2024-07-17T18:05:17.301">
  <card-cleaning cardsCleaned="0" bytesTraced="0" workStackOverflowCount="0" />
</gc-op>
<gc-op id="1288" type="mark" timems="5.270" contextid="1277" timestamp="2024-07-17T18:05:17.306">
  <trace-info objectcount="3121" scancount="2938" scanbytes="213972" />
  <finalization candidates="691" enqueued="0" />
  <ownableSynchronizers candidates="1229" cleared="0" />
  <references type="soft" candidates="5264" cleared="0" enqueued="0" dynamicThreshold="9" maxThreshold="32" />
  <references type="weak" candidates="1271" cleared="0" enqueued="0" />
  <references type="phantom" candidates="349" cleared="0" enqueued="0" />
  <stringconstants candidates="12610" cleared="0"  />
  <object-monitors candidates="29" cleared="0"  />
</gc-op>
<gc-op id="1289" type="sweep" timems="1.782" contextid="1277" timestamp="2024-07-17T18:05:17.309" />
<heap-resize id="1290" type="expand" space="tenure" amount="3407872" count="1" timems="0.036" reason="insufficient free space following gc" timestamp="2024-07-17T18:05:17.309" />
<gc-end id="1291" type="global" contextid="1277" durationms="13.162" usertimems="19.330" systemtimems="11.612" stalltimems="60.009" timestamp="2024-07-17T18:05:17.309" activeThreads="12">
  <mem-info id="1292" free="15147624" total="39649280" percent="38">
    <mem type="nursery" free="6832336" total="12058624" percent="56">
      <mem type="allocate" free="6832336" total="8650752" percent="78" />
      <mem type="survivor" free="0" total="3407872" percent="0" />
    </mem>
    <mem type="tenure" free="8315288" total="27590656" percent="30" micro-fragmented="289151" macro-fragmented="0">
      <mem type="soa" free="6934936" total="26210304" percent="26" />
      <mem type="loa" free="1380352" total="1380352" percent="100" />
    </mem>
    <remembered-set count="1225" />
  </mem-info>
</gc-end>
<cycle-end id="1293" type="global" contextid="1277" timestamp="2024-07-17T18:05:17.310" />
<exclusive-end id="1294" timestamp="2024-07-17T18:05:17.310" durationms="14.494" />

<exclusive-start id="1295" timestamp="2024-07-17T18:05:17.351" intervalms="55.468">
  <response-info timems="0.078" idlems="0.078" threads="0" lastid="00000000007FFC00" lastname="Default Executor-thread-1" />
</exclusive-start>
<af-start id="1296" threadId="0000000000800638" totalBytesRequested="16" timestamp="2024-07-17T18:05:17.351" intervalms="134.593" type="nursery" />
<cycle-start id="1297" type="scavenge" contextid="0" timestamp="2024-07-17T18:05:17.352" intervalms="134.488" />
<gc-start id="1298" type="scavenge" contextid="1297" timestamp="2024-07-17T18:05:17.352">
  <mem-info id="1299" free="8315288" total="39649280" percent="20">
    <mem type="nursery" free="0" total="12058624" percent="0">
      <mem type="allocate" free="0" total="8650752" percent="0" />
      <mem type="survivor" free="0" total="3407872" percent="0" />
    </mem>
    <mem type="tenure" free="8315288" total="27590656" percent="30">
      <mem type="soa" free="6934936" total="26210304" percent="26" />
      <mem type="loa" free="1380352" total="1380352" percent="100" />
    </mem>
    <remembered-set count="1548" />
  </mem-info>
</gc-start>
<allocation-stats totalBytes="6785928" discardedBytes="43920" >
  <allocated-bytes non-tlh="206856" tlh="6579072" />
  <largest-consumer threadName="Default Executor-thread-1" threadId="00000000007FFC00" bytes="6785928" />
</allocation-stats>
<gc-op id="1300" type="scavenge" timems="2.737" contextid="1297" timestamp="2024-07-17T18:05:17.355">
  <scavenger-info tenureage="2" tenuremask="7e04" tiltratio="71" />
  <memory-copied type="nursery" objects="14045" bytes="518320" bytesdiscarded="195432" />
  <memory-copied type="tenure" objects="9875" bytes="845912" bytesdiscarded="3456" />
  <ownableSynchronizers candidates="2413" cleared="2368" />
  <references type="weak" candidates="5" cleared="0" enqueued="0" />
  <references type="phantom" candidates="20" cleared="0" enqueued="0" />
  <object-monitors candidates="29" cleared="0"  />
</gc-op>
<gc-end id="1301" type="scavenge" contextid="1297" durationms="3.802" usertimems="0.000" systemtimems="6.416" stalltimems="4.434" timestamp="2024-07-17T18:05:17.356" activeThreads="4">
  <mem-info id="1302" free="15651352" total="39649280" percent="39">
    <mem type="nursery" free="8264168" total="12058624" percent="68">
      <mem type="allocate" free="8264168" total="8978432" percent="92" />
      <mem type="survivor" free="0" total="3080192" percent="0" />
    </mem>
    <mem type="tenure" free="7387184" total="27590656" percent="26">
      <mem type="soa" free="6006832" total="26210304" percent="22" />
      <mem type="loa" free="1380352" total="1380352" percent="100" />
    </mem>
    <remembered-set count="691" />
  </mem-info>
</gc-end>
<cycle-end id="1303" type="scavenge" contextid="1297" timestamp="2024-07-17T18:05:17.356" />
<allocation-satisfied id="1304" threadId="00000000007FFC00" bytesRequested="16" />
<af-end id="1305" timestamp="2024-07-17T18:05:17.357" threadId="0000000000800638" success="true" from="nursery"/>
<exclusive-end id="1306" timestamp="2024-07-17T18:05:17.357" durationms="6.476" />

<exclusive-start id="1307" timestamp="2024-07-17T18:05:17.421" intervalms="70.356">
  <response-info timems="0.055" idlems="0.055" threads="0" lastid="00000000007FFC00" lastname="Default Executor-thread-1" />
</exclusive-start>
<af-start id="1308" threadId="0000000000800638" totalBytesRequested="16" timestamp="2024-07-17T18:05:17.422" intervalms="70.264" type="nursery" />
<cycle-start id="1309" type="scavenge" contextid="0" timestamp="2024-07-17T18:05:17.422" intervalms="70.211" />
<gc-start id="1310" type="scavenge" contextid="1309" timestamp="2024-07-17T18:05:17.422">
  <mem-info id="1311" free="7387184" total="39649280" percent="18">
    <mem type="nursery" free="0" total="12058624" percent="0">
      <mem type="allocate" free="0" total="8978432" percent="0" />
      <mem type="survivor" free="0" total="3080192" percent="0" />
    </mem>
    <mem type="tenure" free="7387184" total="27590656" percent="26">
      <mem type="soa" free="6006832" total="26210304" percent="22" />
      <mem type="loa" free="1380352" total="1380352" percent="100" />
    </mem>
    <remembered-set count="1285" />
  </mem-info>
</gc-start>
<allocation-stats totalBytes="8258896" discardedBytes="5272" >
  <allocated-bytes non-tlh="16" tlh="8258880" />
  <largest-consumer threadName="Default Executor-thread-1" threadId="00000000007FFC00" bytes="8258896" />
</allocation-stats>
<gc-op id="1312" type="scavenge" timems="2.275" contextid="1309" timestamp="2024-07-17T18:05:17.425">
  <scavenger-info tenureage="2" tenuremask="7c04" tiltratio="74" />
  <memory-copied type="nursery" objects="10919" bytes="319816" bytesdiscarded="67008" />
  <memory-copied type="tenure" objects="6485" bytes="294800" bytesdiscarded="824" />
  <ownableSynchronizers candidates="13" cleared="0" />
  <object-monitors candidates="29" cleared="0"  />
</gc-op>
<gc-end id="1313" type="scavenge" contextid="1309" durationms="3.255" usertimems="0.000" systemtimems="5.828" stalltimems="3.095" timestamp="2024-07-17T18:05:17.426" activeThreads="4">
  <mem-info id="1314" free="16197032" total="39649280" percent="40">
    <mem type="nursery" free="9115896" total="12058624" percent="75">
      <mem type="allocate" free="9115896" total="9502720" percent="95" />
      <mem type="survivor" free="0" total="2555904" percent="0" />
    </mem>
    <mem type="tenure" free="7081136" total="27590656" percent="25">
      <mem type="soa" free="5700784" total="26210304" percent="21" />
      <mem type="loa" free="1380352" total="1380352" percent="100" />
    </mem>
    <remembered-set count="664" />
  </mem-info>
</gc-end>
<cycle-end id="1315" type="scavenge" contextid="1309" timestamp="2024-07-17T18:05:17.426" />
<allocation-satisfied id="1316" threadId="00000000007FFC00" bytesRequested="16" />
<af-end id="1317" timestamp="2024-07-17T18:05:17.426" threadId="0000000000800638" success="true" from="nursery"/>
<exclusive-end id="1318" timestamp="2024-07-17T18:05:17.427" durationms="5.416" />

<exclusive-start id="1319" timestamp="2024-07-17T18:05:17.526" intervalms="104.755">
  <response-info timems="0.059" idlems="0.059" threads="0" lastid="00000000007FFC00" lastname="Default Executor-thread-1" />
</exclusive-start>
<af-start id="1320" threadId="0000000000800638" totalBytesRequested="16" timestamp="2024-07-17T18:05:17.526" intervalms="104.890" type="nursery" />
<cycle-start id="1321" type="scavenge" contextid="0" timestamp="2024-07-17T18:05:17.527" intervalms="104.909" />
<gc-start id="1322" type="scavenge" contextid="1321" timestamp="2024-07-17T18:05:17.527">
  <mem-info id="1323" free="7080656" total="39649280" percent="17">
    <mem type="nursery" free="0" total="12058624" percent="0">
      <mem type="allocate" free="0" total="9502720" percent="0" />
      <mem type="survivor" free="0" total="2555904" percent="0" />
    </mem>
    <mem type="tenure" free="7080656" total="27590656" percent="25">
      <mem type="soa" free="5700304" total="26210304" percent="21" />
      <mem type="loa" free="1380352" total="1380352" percent="100" />
    </mem>
    <remembered-set count="1318" />
  </mem-info>
</gc-start>
<allocation-stats totalBytes="9110672" discardedBytes="5704" >
  <allocated-bytes non-tlh="496" tlh="9110176" />
  <largest-consumer threadName="Default Executor-thread-1" threadId="00000000007FFC00" bytes="9110672" />
</allocation-stats>
<gc-op id="1324" type="scavenge" timems="2.504" contextid="1321" timestamp="2024-07-17T18:05:17.530">
  <scavenger-info tenureage="2" tenuremask="7804" tiltratio="78" />
  <memory-copied type="nursery" objects="22267" bytes="1281840" bytesdiscarded="110944" />
  <memory-copied type="tenure" objects="5243" bytes="146520" bytesdiscarded="64" />
  <references type="weak" candidates="1" cleared="1" enqueued="1" />
  <object-monitors candidates="29" cleared="0"  />
</gc-op>
<gc-end id="1325" type="scavenge" contextid="1321" durationms="3.483" usertimems="6.551" systemtimems="0.924" stalltimems="2.672" timestamp="2024-07-17T18:05:17.531" activeThreads="4">
  <mem-info id="1326" free="14856752" total="39649280" percent="37">
    <mem type="nursery" free="8109920" total="12058624" percent="67">
      <mem type="allocate" free="8109920" total="9502720" percent="85" />
      <mem type="survivor" free="0" total="2555904" percent="0" />
    </mem>
    <mem type="tenure" free="6746832" total="27590656" percent="24">
      <mem type="soa" free="5366480" total="26210304" percent="20" />
      <mem type="loa" free="1380352" total="1380352" percent="100" />
    </mem>
    <pending-finalizers system="0" default="0" reference="1" classloader="0" />
    <remembered-set count="807" />
  </mem-info>
</gc-end>
<cycle-end id="1327" type="scavenge" contextid="1321" timestamp="2024-07-17T18:05:17.531" />
<allocation-satisfied id="1328" threadId="00000000007FFC00" bytesRequested="16" />
<af-end id="1329" timestamp="2024-07-17T18:05:17.532" threadId="0000000000800638" success="true" from="nursery"/>
<exclusive-end id="1330" timestamp="2024-07-17T18:05:17.532" durationms="5.798" />

<exclusive-start id="1331" timestamp="2024-07-17T18:05:17.577" intervalms="51.049">
  <response-info timems="0.063" idlems="0.063" threads="0" lastid="00000000007FFC00" lastname="Default Executor-thread-1" />
</exclusive-start>
<af-start id="1332" threadId="0000000000800638" totalBytesRequested="48" timestamp="2024-07-17T18:05:17.577" intervalms="50.989" type="nursery" />
<cycle-start id="1333" type="scavenge" contextid="0" timestamp="2024-07-17T18:05:17.578" intervalms="51.030" />
<gc-start id="1334" type="scavenge" contextid="1333" timestamp="2024-07-17T18:05:17.578">
  <mem-info id="1335" free="6746536" total="39649280" percent="17">
    <mem type="nursery" free="0" total="12058624" percent="0">
      <mem type="allocate" free="0" total="9502720" percent="0" />
      <mem type="survivor" free="0" total="2555904" percent="0" />
    </mem>
    <mem type="tenure" free="6746536" total="27590656" percent="24">
      <mem type="soa" free="5366184" total="26210304" percent="20" />
      <mem type="loa" free="1380352" total="1380352" percent="100" />
    </mem>
    <remembered-set count="1280" />
  </mem-info>
</gc-start>
<allocation-stats totalBytes="8105056" discardedBytes="5160" >
  <allocated-bytes non-tlh="312" tlh="8104744" />
  <largest-consumer threadName="Default Executor-thread-1" threadId="00000000007FFC00" bytes="8092768" />
</allocation-stats>
<gc-op id="1336" type="scavenge" timems="1.675" contextid="1333" timestamp="2024-07-17T18:05:17.580">
  <scavenger-info tenureage="11" tenuremask="7800" tiltratio="78" />
  <memory-copied type="nursery" objects="16543" bytes="481952" bytesdiscarded="64504" />
  <ownableSynchronizers candidates="4" cleared="0" />
  <references type="weak" candidates="3" cleared="1" enqueued="1" />
  <object-monitors candidates="31" cleared="0"  />
</gc-op>
<gc-end id="1337" type="scavenge" contextid="1333" durationms="2.611" usertimems="3.554" systemtimems="0.506" stalltimems="2.456" timestamp="2024-07-17T18:05:17.581" activeThreads="4">
  <mem-info id="1338" free="15899360" total="39649280" percent="40">
    <mem type="nursery" free="9152824" total="12058624" percent="75">
      <mem type="allocate" free="9152824" total="9699328" percent="94" />
      <mem type="survivor" free="0" total="2359296" percent="0" />
    </mem>
    <mem type="tenure" free="6746536" total="27590656" percent="24">
      <mem type="soa" free="5366184" total="26210304" percent="20" />
      <mem type="loa" free="1380352" total="1380352" percent="100" />
    </mem>
    <pending-finalizers system="0" default="0" reference="1" classloader="0" />
    <remembered-set count="941" />
  </mem-info>
</gc-end>
<cycle-end id="1339" type="scavenge" contextid="1333" timestamp="2024-07-17T18:05:17.581" />
<allocation-satisfied id="1340" threadId="00000000007FFC00" bytesRequested="48" />
<af-end id="1341" timestamp="2024-07-17T18:05:17.582" threadId="0000000000800638" success="true" from="nursery"/>
<exclusive-end id="1342" timestamp="2024-07-17T18:05:17.582" durationms="4.852" />

<exclusive-start id="1343" timestamp="2024-07-17T18:05:17.619" intervalms="42.402">
  <response-info timems="0.075" idlems="0.075" threads="0" lastid="00000000007FFC00" lastname="Default Executor-thread-1" />
</exclusive-start>
<af-start id="1344" threadId="0000000000800638" totalBytesRequested="32" timestamp="2024-07-17T18:05:17.620" intervalms="42.433" type="nursery" />
<cycle-start id="1345" type="scavenge" contextid="0" timestamp="2024-07-17T18:05:17.620" intervalms="42.443" />
<gc-start id="1346" type="scavenge" contextid="1345" timestamp="2024-07-17T18:05:17.621">
  <mem-info id="1347" free="6746536" total="39649280" percent="17">
    <mem type="nursery" free="0" total="12058624" percent="0">
      <mem type="allocate" free="0" total="9699328" percent="0" />
      <mem type="survivor" free="0" total="2359296" percent="0" />
    </mem>
    <mem type="tenure" free="6746536" total="27590656" percent="24">
      <mem type="soa" free="5366184" total="26210304" percent="20" />
      <mem type="loa" free="1380352" total="1380352" percent="100" />
    </mem>
    <remembered-set count="1165" />
  </mem-info>
</gc-start>
<allocation-stats totalBytes="9144952" discardedBytes="7872" >
  <allocated-bytes non-tlh="48" tlh="9144904" />
  <largest-consumer threadName="Default Executor-thread-1" threadId="00000000007FFC00" bytes="9144952" />
</allocation-stats>
<gc-op id="1348" type="scavenge" timems="1.922" contextid="1345" timestamp="2024-07-17T18:05:17.623">
  <scavenger-info tenureage="12" tenuremask="7000" tiltratio="80" />
  <memory-copied type="nursery" objects="19548" bytes="576376" bytesdiscarded="50512" />
  <ownableSynchronizers candidates="4" cleared="0" />
  <references type="weak" candidates="2" cleared="0" enqueued="0" />
  <object-monitors candidates="31" cleared="0"  />
</gc-op>
<heap-resize id="1349" type="expand" space="nursery" amount="524288" count="1" timems="0.031" reason="excessive time being spent scavenging" timestamp="2024-07-17T18:05:17.624" />
<gc-end id="1350" type="scavenge" contextid="1345" durationms="3.212" usertimems="0.000" systemtimems="5.612" stalltimems="2.507" timestamp="2024-07-17T18:05:17.624" activeThreads="4">
  <mem-info id="1351" free="16539856" total="40173568" percent="41">
    <mem type="nursery" free="9793320" total="12582912" percent="77">
      <mem type="allocate" free="9793320" total="10420224" percent="93" />
      <mem type="survivor" free="0" total="2162688" percent="0" />
    </mem>
    <mem type="tenure" free="6746536" total="27590656" percent="24">
      <mem type="soa" free="5366184" total="26210304" percent="20" />
      <mem type="loa" free="1380352" total="1380352" percent="100" />
    </mem>
    <remembered-set count="998" />
  </mem-info>
</gc-end>
<cycle-end id="1352" type="scavenge" contextid="1345" timestamp="2024-07-17T18:05:17.624" />
<allocation-satisfied id="1353" threadId="00000000007FFC00" bytesRequested="32" />
<af-end id="1354" timestamp="2024-07-17T18:05:17.625" threadId="0000000000800638" success="true" from="nursery"/>
<exclusive-end id="1355" timestamp="2024-07-17T18:05:17.625" durationms="5.941" />

<exclusive-start id="1356" timestamp="2024-07-17T18:05:17.675" intervalms="55.812">
  <response-info timems="0.072" idlems="0.072" threads="0" lastid="00000000007FFC00" lastname="Default Executor-thread-1" />
</exclusive-start>
<af-start id="1357" threadId="0000000000800638" totalBytesRequested="72" timestamp="2024-07-17T18:05:17.676" intervalms="55.751" type="nursery" />
<cycle-start id="1358" type="scavenge" contextid="0" timestamp="2024-07-17T18:05:17.676" intervalms="55.725" />
<gc-start id="1359" type="scavenge" contextid="1358" timestamp="2024-07-17T18:05:17.676">
  <mem-info id="1360" free="6746536" total="40173568" percent="16">
    <mem type="nursery" free="0" total="12582912" percent="0">
      <mem type="allocate" free="0" total="10420224" percent="0" />
      <mem type="survivor" free="0" total="2162688" percent="0" />
    </mem>
    <mem type="tenure" free="6746536" total="27590656" percent="24">
      <mem type="soa" free="5366184" total="26210304" percent="20" />
      <mem type="loa" free="1380352" total="1380352" percent="100" />
    </mem>
    <remembered-set count="1306" />
  </mem-info>
</gc-start>
<allocation-stats totalBytes="9784480" discardedBytes="8840" >
  <allocated-bytes non-tlh="32" tlh="9784448" />
  <largest-consumer threadName="Default Executor-thread-1" threadId="00000000007FFC00" bytes="9784480" />
</allocation-stats>
<gc-op id="1361" type="scavenge" timems="2.964" contextid="1358" timestamp="2024-07-17T18:05:17.680">
  <scavenger-info tenureage="13" tenuremask="6000" tiltratio="82" />
  <memory-copied type="nursery" objects="26977" bytes="1126304" bytesdiscarded="81512" />
  <ownableSynchronizers candidates="4" cleared="0" />
  <references type="weak" candidates="2" cleared="0" enqueued="0" />
  <object-monitors candidates="31" cleared="0"  />
</gc-op>
<gc-end id="1362" type="scavenge" contextid="1358" durationms="4.146" usertimems="8.015" systemtimems="1.124" stalltimems="2.985" timestamp="2024-07-17T18:05:17.681" activeThreads="4">
  <mem-info id="1363" free="16090000" total="40173568" percent="40">
    <mem type="nursery" free="9343464" total="12582912" percent="74">
      <mem type="allocate" free="9343464" total="10551296" percent="88" />
      <mem type="survivor" free="0" total="2031616" percent="0" />
    </mem>
    <mem type="tenure" free="6746536" total="27590656" percent="24">
      <mem type="soa" free="5366184" total="26210304" percent="20" />
      <mem type="loa" free="1380352" total="1380352" percent="100" />
    </mem>
    <remembered-set count="1110" />
  </mem-info>
</gc-end>
<cycle-end id="1364" type="scavenge" contextid="1358" timestamp="2024-07-17T18:05:17.681" />
<allocation-satisfied id="1365" threadId="00000000007FFC00" bytesRequested="72" />
<af-end id="1366" timestamp="2024-07-17T18:05:17.682" threadId="0000000000800638" success="true" from="nursery"/>
<exclusive-end id="1367" timestamp="2024-07-17T18:05:17.682" durationms="6.781" />

<exclusive-start id="1368" timestamp="2024-07-17T18:05:17.720" intervalms="44.560">
  <response-info timems="0.072" idlems="0.072" threads="0" lastid="00000000007FFC00" lastname="Default Executor-thread-1" />
</exclusive-start>
<af-start id="1369" threadId="0000000000800638" totalBytesRequested="1040" timestamp="2024-07-17T18:05:17.720" intervalms="44.626" type="nursery" />
<cycle-start id="1370" type="scavenge" contextid="0" timestamp="2024-07-17T18:05:17.721" intervalms="44.630" />
<gc-start id="1371" type="scavenge" contextid="1370" timestamp="2024-07-17T18:05:17.721">
  <mem-info id="1372" free="6746536" total="40173568" percent="16">
    <mem type="nursery" free="0" total="12582912" percent="0">
      <mem type="allocate" free="0" total="10551296" percent="0" />
      <mem type="survivor" free="0" total="2031616" percent="0" />
    </mem>
    <mem type="tenure" free="6746536" total="27590656" percent="24">
      <mem type="soa" free="5366184" total="26210304" percent="20" />
      <mem type="loa" free="1380352" total="1380352" percent="100" />
    </mem>
    <remembered-set count="1239" />
  </mem-info>
</gc-start>
<allocation-stats totalBytes="9337736" discardedBytes="5728" >
  <allocated-bytes non-tlh="72" tlh="9337664" />
  <largest-consumer threadName="Default Executor-thread-1" threadId="00000000007FFC00" bytes="9337736" />
</allocation-stats>
<gc-op id="1373" type="scavenge" timems="2.520" contextid="1370" timestamp="2024-07-17T18:05:17.724">
  <scavenger-info tenureage="13" tenuremask="6000" tiltratio="83" />
  <memory-copied type="nursery" objects="27444" bytes="1309560" bytesdiscarded="47368" />
  <ownableSynchronizers candidates="4" cleared="0" />
  <references type="weak" candidates="2" cleared="0" enqueued="0" />
  <object-monitors candidates="31" cleared="0"  />
</gc-op>
<heap-resize id="1374" type="expand" space="nursery" amount="655360" count="1" timems="0.036" reason="excessive time being spent scavenging" timestamp="2024-07-17T18:05:17.725" />
<gc-end id="1375" type="scavenge" contextid="1370" durationms="3.733" usertimems="7.372" systemtimems="0.000" stalltimems="3.074" timestamp="2024-07-17T18:05:17.725" activeThreads="4">
  <mem-info id="1376" free="16661784" total="40828928" percent="40">
    <mem type="nursery" free="9915248" total="13238272" percent="74">
      <mem type="allocate" free="9915248" total="11272192" percent="87" />
      <mem type="survivor" free="0" total="1966080" percent="0" />
    </mem>
    <mem type="tenure" free="6746536" total="27590656" percent="24">
      <mem type="soa" free="5366184" total="26210304" percent="20" />
      <mem type="loa" free="1380352" total="1380352" percent="100" />
    </mem>
    <remembered-set count="1149" />
  </mem-info>
</gc-end>
<cycle-end id="1377" type="scavenge" contextid="1370" timestamp="2024-07-17T18:05:17.725" />
<allocation-satisfied id="1378" threadId="00000000007FFC00" bytesRequested="1040" />
<af-end id="1379" timestamp="2024-07-17T18:05:17.726" threadId="0000000000800638" success="true" from="nursery"/>
<exclusive-end id="1380" timestamp="2024-07-17T18:05:17.726" durationms="6.071" />

<exclusive-start id="1381" timestamp="2024-07-17T18:05:17.767" intervalms="47.620">
  <response-info timems="0.064" idlems="0.064" threads="0" lastid="00000000007FFC00" lastname="Default Executor-thread-1" />
</exclusive-start>
<af-start id="1382" threadId="0000000000800638" totalBytesRequested="40" timestamp="2024-07-17T18:05:17.768" intervalms="47.596" type="nursery" />
<cycle-start id="1383" type="scavenge" contextid="0" timestamp="2024-07-17T18:05:17.768" intervalms="47.568" />
<gc-start id="1384" type="scavenge" contextid="1383" timestamp="2024-07-17T18:05:17.768">
  <mem-info id="1385" free="6746424" total="40828928" percent="16">
    <mem type="nursery" free="0" total="13238272" percent="0">
      <mem type="allocate" free="0" total="11272192" percent="0" />
      <mem type="survivor" free="0" total="1966080" percent="0" />
    </mem>
    <mem type="tenure" free="6746424" total="27590656" percent="24">
      <mem type="soa" free="5366072" total="26210304" percent="20" />
      <mem type="loa" free="1380352" total="1380352" percent="100" />
    </mem>
    <remembered-set count="1475" />
  </mem-info>
</gc-start>
<allocation-stats totalBytes="9907392" discardedBytes="7968" >
  <allocated-bytes non-tlh="1152" tlh="9906240" />
  <largest-consumer threadName="Default Executor-thread-1" threadId="00000000007FFC00" bytes="9907392" />
</allocation-stats>
<gc-op id="1386" type="scavenge" timems="2.375" contextid="1383" timestamp="2024-07-17T18:05:17.771">
  <scavenger-info tenureage="13" tenuremask="6000" tiltratio="85" />
  <memory-copied type="nursery" objects="29018" bytes="1045256" bytesdiscarded="168824" />
  <finalization candidates="2" enqueued="1" />
  <ownableSynchronizers candidates="4" cleared="0" />
  <references type="weak" candidates="2" cleared="0" enqueued="0" />
  <object-monitors candidates="31" cleared="0"  />
</gc-op>
<gc-end id="1387" type="scavenge" contextid="1383" durationms="3.092" usertimems="6.202" systemtimems="0.374" stalltimems="3.001" timestamp="2024-07-17T18:05:17.772" activeThreads="4">
  <mem-info id="1388" free="17001128" total="40828928" percent="41">
    <mem type="nursery" free="10254704" total="13238272" percent="77">
      <mem type="allocate" free="10254704" total="11468800" percent="89" />
      <mem type="survivor" free="0" total="1769472" percent="0" />
    </mem>
    <mem type="tenure" free="6746424" total="27590656" percent="24">
      <mem type="soa" free="5366072" total="26210304" percent="20" />
      <mem type="loa" free="1380352" total="1380352" percent="100" />
    </mem>
    <pending-finalizers system="1" default="0" reference="0" classloader="0" />
    <remembered-set count="1279" />
  </mem-info>
</gc-end>
<cycle-end id="1389" type="scavenge" contextid="1383" timestamp="2024-07-17T18:05:17.772" />
<allocation-satisfied id="1390" threadId="00000000007FFC00" bytesRequested="40" />
<af-end id="1391" timestamp="2024-07-17T18:05:17.772" threadId="0000000000800638" success="true" from="nursery"/>
<exclusive-end id="1392" timestamp="2024-07-17T18:05:17.772" durationms="5.063" />

<exclusive-start id="1393" timestamp="2024-07-17T18:05:17.807" intervalms="39.975">
  <response-info timems="0.061" idlems="0.061" threads="0" lastid="00000000007FFC00" lastname="Default Executor-thread-1" />
</exclusive-start>
<af-start id="1394" threadId="0000000000800638" totalBytesRequested="72" timestamp="2024-07-17T18:05:17.808" intervalms="40.000" type="nursery" />
<cycle-start id="1395" type="scavenge" contextid="0" timestamp="2024-07-17T18:05:17.808" intervalms="39.943" />
<gc-start id="1396" type="scavenge" contextid="1395" timestamp="2024-07-17T18:05:17.808">
  <mem-info id="1397" free="6746424" total="40828928" percent="16">
    <mem type="nursery" free="0" total="13238272" percent="0">
      <mem type="allocate" free="0" total="11468800" percent="0" />
      <mem type="survivor" free="0" total="1769472" percent="0" />
    </mem>
    <mem type="tenure" free="6746424" total="27590656" percent="24">
      <mem type="soa" free="5366072" total="26210304" percent="20" />
      <mem type="loa" free="1380352" total="1380352" percent="100" />
    </mem>
    <remembered-set count="1620" />
  </mem-info>
</gc-start>
<allocation-stats totalBytes="10248608" discardedBytes="6096" >
  <allocated-bytes non-tlh="40" tlh="10248568" />
  <largest-consumer threadName="Default Executor-thread-1" threadId="00000000007FFC00" bytes="10248608" />
</allocation-stats>
<gc-op id="1398" type="scavenge" timems="2.571" contextid="1395" timestamp="2024-07-17T18:05:17.812">
  <scavenger-info tenureage="14" tenuremask="4000" tiltratio="86" />
  <memory-copied type="nursery" objects="34743" bytes="1564352" bytesdiscarded="112608" />
  <finalization candidates="1" enqueued="0" />
  <ownableSynchronizers candidates="4" cleared="0" />
  <references type="weak" candidates="2" cleared="0" enqueued="0" />
  <object-monitors candidates="31" cleared="0"  />
</gc-op>
<heap-resize id="1399" type="expand" space="nursery" amount="786432" count="1" timems="0.029" reason="excessive time being spent scavenging" timestamp="2024-07-17T18:05:17.812" />
<gc-end id="1400" type="scavenge" contextid="1395" durationms="3.835" usertimems="6.198" systemtimems="0.561" stalltimems="3.665" timestamp="2024-07-17T18:05:17.812" activeThreads="4">
  <mem-info id="1401" free="16603784" total="41615360" percent="39">
    <mem type="nursery" free="9857360" total="14024704" percent="70">
      <mem type="allocate" free="9857360" total="11534336" percent="85" />
      <mem type="survivor" free="0" total="2490368" percent="0" />
    </mem>
    <mem type="tenure" free="6746424" total="27590656" percent="24">
      <mem type="soa" free="5366072" total="26210304" percent="20" />
      <mem type="loa" free="1380352" total="1380352" percent="100" />
    </mem>
    <remembered-set count="1385" />
  </mem-info>
</gc-end>
<cycle-end id="1402" type="scavenge" contextid="1395" timestamp="2024-07-17T18:05:17.813" />
<allocation-satisfied id="1403" threadId="00000000007FFC00" bytesRequested="72" />
<af-end id="1404" timestamp="2024-07-17T18:05:17.813" threadId="0000000000800638" success="true" from="nursery"/>
<exclusive-end id="1405" timestamp="2024-07-17T18:05:17.813" durationms="5.999" />

<exclusive-start id="1406" timestamp="2024-07-17T18:05:17.847" intervalms="39.409">
  <response-info timems="0.089" idlems="0.089" threads="0" lastid="00000000007FFC00" lastname="Default Executor-thread-1" />
</exclusive-start>
<af-start id="1407" threadId="0000000000800638" totalBytesRequested="1416" timestamp="2024-07-17T18:05:17.847" intervalms="39.382" type="nursery" />
<cycle-start id="1408" type="scavenge" contextid="0" timestamp="2024-07-17T18:05:17.848" intervalms="39.429" />
<gc-start id="1409" type="scavenge" contextid="1408" timestamp="2024-07-17T18:05:17.848">
  <mem-info id="1410" free="6746424" total="41615360" percent="16">
    <mem type="nursery" free="0" total="14024704" percent="0">
      <mem type="allocate" free="0" total="11534336" percent="0" />
      <mem type="survivor" free="0" total="2490368" percent="0" />
    </mem>
    <mem type="tenure" free="6746424" total="27590656" percent="24">
      <mem type="soa" free="5366072" total="26210304" percent="20" />
      <mem type="loa" free="1380352" total="1380352" percent="100" />
    </mem>
    <remembered-set count="1655" />
  </mem-info>
</gc-start>
<allocation-stats totalBytes="9850032" discardedBytes="7328" >
  <allocated-bytes non-tlh="72" tlh="9849960" />
  <largest-consumer threadName="Default Executor-thread-1" threadId="00000000007FFC00" bytes="9850032" />
</allocation-stats>
<gc-op id="1411" type="scavenge" timems="2.575" contextid="1408" timestamp="2024-07-17T18:05:17.851">
  <scavenger-info tenureage="14" tenuremask="4000" tiltratio="82" />
  <memory-copied type="nursery" objects="32086" bytes="940936" bytesdiscarded="88936" />
  <finalization candidates="1" enqueued="0" />
  <ownableSynchronizers candidates="4" cleared="0" />
  <references type="weak" candidates="2" cleared="0" enqueued="0" />
  <object-monitors candidates="31" cleared="0"  />
</gc-op>
<heap-resize id="1412" type="expand" space="nursery" amount="655360" count="1" timems="0.028" reason="excessive time being spent scavenging" timestamp="2024-07-17T18:05:17.852" />
<gc-end id="1413" type="scavenge" contextid="1408" durationms="3.939" usertimems="5.524" systemtimems="0.759" stalltimems="4.330" timestamp="2024-07-17T18:05:17.852" activeThreads="4">
  <mem-info id="1414" free="18037304" total="42270720" percent="42">
    <mem type="nursery" free="11290880" total="14680064" percent="76">
      <mem type="allocate" free="11290880" total="12320768" percent="91" />
      <mem type="survivor" free="0" total="2359296" percent="0" />
    </mem>
    <mem type="tenure" free="6746424" total="27590656" percent="24">
      <mem type="soa" free="5366072" total="26210304" percent="20" />
      <mem type="loa" free="1380352" total="1380352" percent="100" />
    </mem>
    <remembered-set count="1460" />
  </mem-info>
</gc-end>
<cycle-end id="1415" type="scavenge" contextid="1408" timestamp="2024-07-17T18:05:17.852" />
<allocation-satisfied id="1416" threadId="00000000007FFC00" bytesRequested="1416" />
<af-end id="1417" timestamp="2024-07-17T18:05:17.853" threadId="0000000000800638" success="true" from="nursery"/>
<exclusive-end id="1418" timestamp="2024-07-17T18:05:17.853" durationms="6.279" />

<exclusive-start id="1419" timestamp="2024-07-17T18:05:17.904" intervalms="57.491">
  <response-info timems="0.080" idlems="0.080" threads="0" lastid="00000000007FFC00" lastname="Default Executor-thread-1" />
</exclusive-start>
<af-start id="1420" threadId="0000000000800638" totalBytesRequested="16" timestamp="2024-07-17T18:05:17.905" intervalms="57.510" type="nursery" />
<cycle-start id="1421" type="scavenge" contextid="0" timestamp="2024-07-17T18:05:17.905" intervalms="57.526" />
<gc-start id="1422" type="scavenge" contextid="1421" timestamp="2024-07-17T18:05:17.905">
  <mem-info id="1423" free="6746424" total="42270720" percent="15">
    <mem type="nursery" free="0" total="14680064" percent="0">
      <mem type="allocate" free="0" total="12320768" percent="0" />
      <mem type="survivor" free="0" total="2359296" percent="0" />
    </mem>
    <mem type="tenure" free="6746424" total="27590656" percent="24">
      <mem type="soa" free="5366072" total="26210304" percent="20" />
      <mem type="loa" free="1380352" total="1380352" percent="100" />
    </mem>
    <remembered-set count="2069" />
  </mem-info>
</gc-start>
<allocation-stats totalBytes="11280648" discardedBytes="10232" >
  <allocated-bytes non-tlh="1416" tlh="11279232" />
  <largest-consumer threadName="Default Executor-thread-1" threadId="00000000007FFC00" bytes="11280648" />
</allocation-stats>
<gc-op id="1424" type="scavenge" timems="2.870" contextid="1421" timestamp="2024-07-17T18:05:17.909">
  <scavenger-info tenureage="14" tenuremask="4000" tiltratio="83" />
  <memory-copied type="nursery" objects="39078" bytes="1130056" bytesdiscarded="31192" />
  <finalization candidates="1" enqueued="0" />
  <ownableSynchronizers candidates="4" cleared="0" />
  <references type="weak" candidates="2" cleared="0" enqueued="0" />
  <object-monitors candidates="31" cleared="0"  />
</gc-op>
<gc-end id="1425" type="scavenge" contextid="1421" durationms="4.177" usertimems="7.436" systemtimems="1.012" stalltimems="3.487" timestamp="2024-07-17T18:05:17.910" activeThreads="4">
  <mem-info id="1426" free="18168064" total="42270720" percent="42">
    <mem type="nursery" free="11421640" total="14680064" percent="77">
      <mem type="allocate" free="11421640" total="12582912" percent="90" />
      <mem type="survivor" free="0" total="2097152" percent="0" />
    </mem>
    <mem type="tenure" free="6746424" total="27590656" percent="24">
      <mem type="soa" free="5366072" total="26210304" percent="20" />
      <mem type="loa" free="1380352" total="1380352" percent="100" />
    </mem>
    <remembered-set count="1735" />
  </mem-info>
</gc-end>
<cycle-end id="1427" type="scavenge" contextid="1421" timestamp="2024-07-17T18:05:17.910" />
<allocation-satisfied id="1428" threadId="00000000007FFC00" bytesRequested="16" />
<af-end id="1429" timestamp="2024-07-17T18:05:17.911" threadId="0000000000800638" success="true" from="nursery"/>
<exclusive-end id="1430" timestamp="2024-07-17T18:05:17.911" durationms="6.857" />

<exclusive-start id="1431" timestamp="2024-07-17T18:05:17.941" intervalms="36.332">
  <response-info timems="0.061" idlems="0.061" threads="0" lastid="00000000007FFC00" lastname="Default Executor-thread-1" />
</exclusive-start>
<af-start id="1432" threadId="0000000000800638" totalBytesRequested="40" timestamp="2024-07-17T18:05:17.941" intervalms="36.277" type="nursery" />
<cycle-start id="1433" type="scavenge" contextid="0" timestamp="2024-07-17T18:05:17.941" intervalms="36.232" />
<gc-start id="1434" type="scavenge" contextid="1433" timestamp="2024-07-17T18:05:17.942">
  <mem-info id="1435" free="6746424" total="42270720" percent="15">
    <mem type="nursery" free="0" total="14680064" percent="0">
      <mem type="allocate" free="0" total="12582912" percent="0" />
      <mem type="survivor" free="0" total="2097152" percent="0" />
    </mem>
    <mem type="tenure" free="6746424" total="27590656" percent="24">
      <mem type="soa" free="5366072" total="26210304" percent="20" />
      <mem type="loa" free="1380352" total="1380352" percent="100" />
    </mem>
    <remembered-set count="1823" />
  </mem-info>
</gc-start>
<allocation-stats totalBytes="11408216" discardedBytes="13424" >
  <allocated-bytes non-tlh="16" tlh="11408200" />
  <largest-consumer threadName="Default Executor-thread-1" threadId="00000000007FFC00" bytes="11408216" />
</allocation-stats>
<gc-op id="1436" type="scavenge" timems="3.093" contextid="1433" timestamp="2024-07-17T18:05:17.946">
  <scavenger-info tenureage="10" tenuremask="4400" tiltratio="85" />
  <memory-copied type="nursery" objects="40598" bytes="1447864" bytesdiscarded="28880" />
  <memory-copied type="tenure" objects="3513" bytes="99000" bytesdiscarded="392" />
  <finalization candidates="1" enqueued="0" />
  <ownableSynchronizers candidates="4" cleared="0" />
  <references type="weak" candidates="2" cleared="0" enqueued="0" />
  <object-monitors candidates="31" cleared="0"  />
</gc-op>
<heap-resize id="1437" type="expand" space="nursery" amount="1048576" count="1" timems="0.032" reason="excessive time being spent scavenging" timestamp="2024-07-17T18:05:17.946" />
<gc-end id="1438" type="scavenge" contextid="1433" durationms="4.371" usertimems="1.982" systemtimems="7.716" stalltimems="3.006" timestamp="2024-07-17T18:05:17.946" activeThreads="4">
  <mem-info id="1439" free="18580384" total="43319296" percent="42">
    <mem type="nursery" free="11958120" total="15728640" percent="76">
      <mem type="allocate" free="11958120" total="13434880" percent="89" />
      <mem type="survivor" free="0" total="2293760" percent="0" />
    </mem>
    <mem type="tenure" free="6622264" total="27590656" percent="24">
      <mem type="soa" free="5241912" total="26210304" percent="19" />
      <mem type="loa" free="1380352" total="1380352" percent="100" />
    </mem>
    <remembered-set count="1633" />
  </mem-info>
</gc-end>
<cycle-end id="1440" type="scavenge" contextid="1433" timestamp="2024-07-17T18:05:17.947" />
<allocation-satisfied id="1441" threadId="00000000007FFC00" bytesRequested="40" />
<af-end id="1442" timestamp="2024-07-17T18:05:17.947" threadId="0000000000800638" success="true" from="nursery"/>
<exclusive-end id="1443" timestamp="2024-07-17T18:05:17.948" durationms="6.966" />

<exclusive-start id="1444" timestamp="2024-07-17T18:05:17.974" intervalms="33.475">
  <response-info timems="0.057" idlems="0.057" threads="0" lastid="00000000007FFC00" lastname="Default Executor-thread-1" />
</exclusive-start>
<af-start id="1445" threadId="0000000000800638" totalBytesRequested="72" timestamp="2024-07-17T18:05:17.974" intervalms="33.453" type="nursery" />
<cycle-start id="1446" type="scavenge" contextid="0" timestamp="2024-07-17T18:05:17.975" intervalms="33.434" />
<gc-start id="1447" type="scavenge" contextid="1446" timestamp="2024-07-17T18:05:17.975">
  <mem-info id="1448" free="6622264" total="43319296" percent="15">
    <mem type="nursery" free="0" total="15728640" percent="0">
      <mem type="allocate" free="0" total="13434880" percent="0" />
      <mem type="survivor" free="0" total="2293760" percent="0" />
    </mem>
    <mem type="tenure" free="6622264" total="27590656" percent="24">
      <mem type="soa" free="5241912" total="26210304" percent="19" />
      <mem type="loa" free="1380352" total="1380352" percent="100" />
    </mem>
    <remembered-set count="1769" />
  </mem-info>
</gc-start>
<allocation-stats totalBytes="11948472" discardedBytes="9648" >
  <allocated-bytes non-tlh="40" tlh="11948432" />
  <largest-consumer threadName="Default Executor-thread-1" threadId="00000000007FFC00" bytes="11948472" />
</allocation-stats>
<gc-op id="1449" type="scavenge" timems="3.648" contextid="1446" timestamp="2024-07-17T18:05:17.979">
  <scavenger-info tenureage="5" tenuremask="4420" tiltratio="85" />
  <memory-copied type="nursery" objects="43690" bytes="2037192" bytesdiscarded="86072" />
  <memory-copied type="tenure" objects="8892" bytes="245704" bytesdiscarded="56" />
  <finalization candidates="1" enqueued="0" />
  <ownableSynchronizers candidates="4" cleared="0" />
  <references type="weak" candidates="2" cleared="0" enqueued="0" />
  <object-monitors candidates="31" cleared="0"  />
</gc-op>
<heap-resize id="1450" type="expand" space="nursery" amount="1048576" count="1" timems="0.026" reason="excessive time being spent scavenging" timestamp="2024-07-17T18:05:17.980" />
<gc-end id="1451" type="scavenge" contextid="1446" durationms="4.872" usertimems="10.686" systemtimems="1.096" stalltimems="3.235" timestamp="2024-07-17T18:05:17.980" activeThreads="4">
  <mem-info id="1452" free="17882664" total="44367872" percent="40">
    <mem type="nursery" free="11573744" total="16777216" percent="68">
      <mem type="allocate" free="11573744" total="13697024" percent="84" />
      <mem type="survivor" free="0" total="3080192" percent="0" />
    </mem>
    <mem type="tenure" free="6308920" total="27590656" percent="22">
      <mem type="soa" free="4928568" total="26210304" percent="18" />
      <mem type="loa" free="1380352" total="1380352" percent="100" />
    </mem>
    <remembered-set count="1222" />
  </mem-info>
</gc-end>
<cycle-end id="1453" type="scavenge" contextid="1446" timestamp="2024-07-17T18:05:17.980" />
<allocation-satisfied id="1454" threadId="00000000007FFC00" bytesRequested="72" />
<af-end id="1455" timestamp="2024-07-17T18:05:17.981" threadId="0000000000800638" success="true" from="nursery"/>
<exclusive-end id="1456" timestamp="2024-07-17T18:05:17.981" durationms="7.094" />

<exclusive-start id="1457" timestamp="2024-07-17T18:05:18.018" intervalms="44.225">
  <response-info timems="0.061" idlems="0.061" threads="0" lastid="00000000007FFC00" lastname="Default Executor-thread-1" />
</exclusive-start>
<af-start id="1458" threadId="0000000000800638" totalBytesRequested="24" timestamp="2024-07-17T18:05:18.019" intervalms="44.266" type="nursery" />
<cycle-start id="1459" type="scavenge" contextid="0" timestamp="2024-07-17T18:05:18.019" intervalms="44.242" />
<gc-start id="1460" type="scavenge" contextid="1459" timestamp="2024-07-17T18:05:18.019">
  <mem-info id="1461" free="6308920" total="44367872" percent="14">
    <mem type="nursery" free="0" total="16777216" percent="0">
      <mem type="allocate" free="0" total="13697024" percent="0" />
      <mem type="survivor" free="0" total="3080192" percent="0" />
    </mem>
    <mem type="tenure" free="6308920" total="27590656" percent="22">
      <mem type="soa" free="4928568" total="26210304" percent="18" />
      <mem type="loa" free="1380352" total="1380352" percent="100" />
    </mem>
    <remembered-set count="1358" />
  </mem-info>
</gc-start>
<allocation-stats totalBytes="11565448" discardedBytes="8296" >
  <allocated-bytes non-tlh="72" tlh="11565376" />
  <largest-consumer threadName="Default Executor-thread-1" threadId="00000000007FFC00" bytes="11565448" />
</allocation-stats>
<gc-op id="1462" type="scavenge" timems="3.441" contextid="1459" timestamp="2024-07-17T18:05:18.023">
  <scavenger-info tenureage="14" tenuremask="4000" tiltratio="81" />
  <memory-copied type="nursery" objects="50537" bytes="2589624" bytesdiscarded="339848" />
  <ownableSynchronizers candidates="4" cleared="0" />
  <references type="weak" candidates="2" cleared="0" enqueued="0" />
  <object-monitors candidates="31" cleared="0"  />
</gc-op>
<heap-resize id="1463" type="expand" space="nursery" amount="786432" count="1" timems="0.074" reason="excessive time being spent scavenging" timestamp="2024-07-17T18:05:18.024" />
<gc-end id="1464" type="scavenge" contextid="1459" durationms="4.636" usertimems="0.000" systemtimems="12.760" stalltimems="4.791" timestamp="2024-07-17T18:05:18.024" activeThreads="5">
  <mem-info id="1465" free="17207528" total="45154304" percent="38">
    <mem type="nursery" free="10898608" total="17563648" percent="62">
      <mem type="allocate" free="10898608" total="13828096" percent="78" />
      <mem type="survivor" free="0" total="3735552" percent="0" />
    </mem>
    <mem type="tenure" free="6308920" total="27590656" percent="22">
      <mem type="soa" free="4928568" total="26210304" percent="18" />
      <mem type="loa" free="1380352" total="1380352" percent="100" />
    </mem>
    <remembered-set count="1264" />
  </mem-info>
</gc-end>
<cycle-end id="1466" type="scavenge" contextid="1459" timestamp="2024-07-17T18:05:18.024" />
<allocation-satisfied id="1467" threadId="00000000007FFC00" bytesRequested="24" />
<af-end id="1468" timestamp="2024-07-17T18:05:18.025" threadId="0000000000800638" success="true" from="nursery"/>
<exclusive-end id="1469" timestamp="2024-07-17T18:05:18.025" durationms="6.709" />

<exclusive-start id="1470" timestamp="2024-07-17T18:05:18.059" intervalms="40.360">
  <response-info timems="0.058" idlems="0.058" threads="0" lastid="00000000007FFC00" lastname="Default Executor-thread-1" />
</exclusive-start>
<af-start id="1471" threadId="0000000000800638" totalBytesRequested="40" timestamp="2024-07-17T18:05:18.059" intervalms="40.392" type="nursery" />
<cycle-start id="1472" type="scavenge" contextid="0" timestamp="2024-07-17T18:05:18.059" intervalms="40.462" />
<gc-start id="1473" type="scavenge" contextid="1472" timestamp="2024-07-17T18:05:18.060">
  <mem-info id="1474" free="6308920" total="45154304" percent="13">
    <mem type="nursery" free="0" total="17563648" percent="0">
      <mem type="allocate" free="0" total="13828096" percent="0" />
      <mem type="survivor" free="0" total="3735552" percent="0" />
    </mem>
    <mem type="tenure" free="6308920" total="27590656" percent="22">
      <mem type="soa" free="4928568" total="26210304" percent="18" />
      <mem type="loa" free="1380352" total="1380352" percent="100" />
    </mem>
    <remembered-set count="1469" />
  </mem-info>
</gc-start>
<allocation-stats totalBytes="10890936" discardedBytes="7672" >
  <allocated-bytes non-tlh="24" tlh="10890912" />
  <largest-consumer threadName="Default Executor-thread-1" threadId="00000000007FFC00" bytes="10878648" />
</allocation-stats>
<gc-op id="1475" type="scavenge" timems="3.131" contextid="1472" timestamp="2024-07-17T18:05:18.064">
  <scavenger-info tenureage="14" tenuremask="4000" tiltratio="78" />
  <memory-copied type="nursery" objects="38968" bytes="1628848" bytesdiscarded="83648" />
  <ownableSynchronizers candidates="8" cleared="2" />
  <references type="weak" candidates="4" cleared="0" enqueued="0" />
  <object-monitors candidates="33" cleared="0"  />
</gc-op>
<heap-resize id="1476" type="expand" space="nursery" amount="917504" count="1" timems="0.029" reason="excessive time being spent scavenging" timestamp="2024-07-17T18:05:18.064" />
<gc-end id="1477" type="scavenge" contextid="1472" durationms="4.634" usertimems="11.072" systemtimems="0.000" stalltimems="4.563" timestamp="2024-07-17T18:05:18.064" activeThreads="5">
  <mem-info id="1478" free="19473032" total="46071808" percent="42">
    <mem type="nursery" free="13164112" total="18481152" percent="71">
      <mem type="allocate" free="13164112" total="14876672" percent="88" />
      <mem type="survivor" free="0" total="3604480" percent="0" />
    </mem>
    <mem type="tenure" free="6308920" total="27590656" percent="22">
      <mem type="soa" free="4928568" total="26210304" percent="18" />
      <mem type="loa" free="1380352" total="1380352" percent="100" />
    </mem>
    <remembered-set count="1347" />
  </mem-info>
</gc-end>
<cycle-end id="1479" type="scavenge" contextid="1472" timestamp="2024-07-17T18:05:18.065" />
<allocation-satisfied id="1480" threadId="00000000007FFC00" bytesRequested="40" />
<af-end id="1481" timestamp="2024-07-17T18:05:18.066" threadId="0000000000800638" success="true" from="nursery"/>
<exclusive-end id="1482" timestamp="2024-07-17T18:05:18.066" durationms="7.113" />

<exclusive-start id="1483" timestamp="2024-07-17T18:05:18.101" intervalms="42.642">
  <response-info timems="0.070" idlems="0.070" threads="0" lastid="00000000007FFC00" lastname="Default Executor-thread-1" />
</exclusive-start>
<af-start id="1484" threadId="0000000000800638" totalBytesRequested="48" timestamp="2024-07-17T18:05:18.102" intervalms="42.613" type="nursery" />
<cycle-start id="1485" type="scavenge" contextid="0" timestamp="2024-07-17T18:05:18.102" intervalms="42.654" />
<gc-start id="1486" type="scavenge" contextid="1485" timestamp="2024-07-17T18:05:18.102">
  <mem-info id="1487" free="6308920" total="46071808" percent="13">
    <mem type="nursery" free="0" total="18481152" percent="0">
      <mem type="allocate" free="0" total="14876672" percent="0" />
      <mem type="survivor" free="0" total="3604480" percent="0" />
    </mem>
    <mem type="tenure" free="6308920" total="27590656" percent="22">
      <mem type="soa" free="4928568" total="26210304" percent="18" />
      <mem type="loa" free="1380352" total="1380352" percent="100" />
    </mem>
    <remembered-set count="1626" />
  </mem-info>
</gc-start>
<allocation-stats totalBytes="13152928" discardedBytes="11184" >
  <allocated-bytes non-tlh="40" tlh="13152888" />
  <largest-consumer threadName="Default Executor-thread-1" threadId="00000000007FFC00" bytes="13152928" />
</allocation-stats>
<gc-op id="1488" type="scavenge" timems="3.145" contextid="1485" timestamp="2024-07-17T18:05:18.106">
  <scavenger-info tenureage="14" tenuremask="4000" tiltratio="80" />
  <memory-copied type="nursery" objects="49400" bytes="2304064" bytesdiscarded="103440" />
  <ownableSynchronizers candidates="6" cleared="0" />
  <references type="weak" candidates="4" cleared="0" enqueued="0" />
  <object-monitors candidates="33" cleared="0"  />
</gc-op>
<heap-resize id="1489" type="expand" space="nursery" amount="786432" count="1" timems="0.034" reason="excessive time being spent scavenging" timestamp="2024-07-17T18:05:18.107" />
<gc-end id="1490" type="scavenge" contextid="1485" durationms="4.390" usertimems="11.306" systemtimems="0.000" stalltimems="4.731" timestamp="2024-07-17T18:05:18.107" activeThreads="5">
  <mem-info id="1491" free="19498952" total="46858240" percent="41">
    <mem type="nursery" free="13190032" total="19267584" percent="68">
      <mem type="allocate" free="13190032" total="15597568" percent="84" />
      <mem type="survivor" free="0" total="3670016" percent="0" />
    </mem>
    <mem type="tenure" free="6308920" total="27590656" percent="22">
      <mem type="soa" free="4928568" total="26210304" percent="18" />
      <mem type="loa" free="1380352" total="1380352" percent="100" />
    </mem>
    <remembered-set count="1474" />
  </mem-info>
</gc-end>
<cycle-end id="1492" type="scavenge" contextid="1485" timestamp="2024-07-17T18:05:18.107" />
<allocation-satisfied id="1493" threadId="00000000007FFC00" bytesRequested="48" />
<af-end id="1494" timestamp="2024-07-17T18:05:18.108" threadId="0000000000800638" success="true" from="nursery"/>
<exclusive-end id="1495" timestamp="2024-07-17T18:05:18.108" durationms="6.783" />

<exclusive-start id="1496" timestamp="2024-07-17T18:05:18.171" intervalms="69.734">
  <response-info timems="0.095" idlems="0.095" threads="0" lastid="00000000007FFC00" lastname="Default Executor-thread-1" />
</exclusive-start>
<af-start id="1497" threadId="0000000000800638" totalBytesRequested="24" timestamp="2024-07-17T18:05:18.172" intervalms="69.879" type="nursery" />
<cycle-start id="1498" type="scavenge" contextid="0" timestamp="2024-07-17T18:05:18.172" intervalms="69.875" />
<gc-start id="1499" type="scavenge" contextid="1498" timestamp="2024-07-17T18:05:18.173">
  <mem-info id="1500" free="6308664" total="46858240" percent="13">
    <mem type="nursery" free="0" total="19267584" percent="0">
      <mem type="allocate" free="0" total="15597568" percent="0" />
      <mem type="survivor" free="0" total="3670016" percent="0" />
    </mem>
    <mem type="tenure" free="6308664" total="27590656" percent="22">
      <mem type="soa" free="4928312" total="26210304" percent="18" />
      <mem type="loa" free="1380352" total="1380352" percent="100" />
    </mem>
    <remembered-set count="1523" />
  </mem-info>
</gc-start>
<allocation-stats totalBytes="13179992" discardedBytes="10296" >
  <allocated-bytes non-tlh="304" tlh="13179688" />
  <largest-consumer threadName="Default Executor-thread-1" threadId="00000000007FFC00" bytes="13179992" />
</allocation-stats>
<gc-op id="1501" type="scavenge" timems="6.316" contextid="1498" timestamp="2024-07-17T18:05:18.180">
  <scavenger-info tenureage="14" tenuremask="4000" tiltratio="80" />
  <memory-copied type="nursery" objects="51657" bytes="2123656" bytesdiscarded="50816" />
  <ownableSynchronizers candidates="6" cleared="0" />
  <references type="weak" candidates="5" cleared="1" enqueued="1" />
  <object-monitors candidates="33" cleared="0"  />
</gc-op>
<heap-resize id="1502" type="expand" space="nursery" amount="1048576" count="1" timems="0.050" reason="excessive time being spent scavenging" timestamp="2024-07-17T18:05:18.181" />
<gc-end id="1503" type="scavenge" contextid="1498" durationms="9.393" usertimems="19.541" systemtimems="2.063" stalltimems="11.242" timestamp="2024-07-17T18:05:18.182" activeThreads="5">
  <mem-info id="1504" free="20911376" total="47906816" percent="43">
    <mem type="nursery" free="14602712" total="20316160" percent="71">
      <mem type="allocate" free="14602712" total="16777216" percent="87" />
      <mem type="survivor" free="0" total="3538944" percent="0" />
    </mem>
    <mem type="tenure" free="6308664" total="27590656" percent="22">
      <mem type="soa" free="4928312" total="26210304" percent="18" />
      <mem type="loa" free="1380352" total="1380352" percent="100" />
    </mem>
    <pending-finalizers system="0" default="0" reference="1" classloader="0" />
    <remembered-set count="1493" />
  </mem-info>
</gc-end>
<cycle-end id="1505" type="scavenge" contextid="1498" timestamp="2024-07-17T18:05:18.183" />
<allocation-satisfied id="1506" threadId="00000000007FFC00" bytesRequested="24" />
<af-end id="1507" timestamp="2024-07-17T18:05:18.184" threadId="0000000000800638" success="true" from="nursery"/>
<exclusive-end id="1508" timestamp="2024-07-17T18:05:18.184" durationms="12.783" />

<exclusive-start id="1509" timestamp="2024-07-17T18:05:18.441" intervalms="269.426">
  <response-info timems="0.091" idlems="0.091" threads="0" lastid="0000000000597100" lastname="Framework Event Dispatcher: Equinox Container: 32b91115-e754-46" />
</exclusive-start>
<af-start id="1510" threadId="0000000000597B38" totalBytesRequested="24" timestamp="2024-07-17T18:05:18.441" intervalms="269.361" type="nursery" />
<cycle-start id="1511" type="scavenge" contextid="0" timestamp="2024-07-17T18:05:18.441" intervalms="269.401" />
<gc-start id="1512" type="scavenge" contextid="1511" timestamp="2024-07-17T18:05:18.451">
  <mem-info id="1513" free="6308664" total="47906816" percent="13">
    <mem type="nursery" free="0" total="20316160" percent="0">
      <mem type="allocate" free="0" total="16777216" percent="0" />
      <mem type="survivor" free="0" total="3538944" percent="0" />
    </mem>
    <mem type="tenure" free="6308664" total="27590656" percent="22">
      <mem type="soa" free="4928312" total="26210304" percent="18" />
      <mem type="loa" free="1380352" total="1380352" percent="100" />
    </mem>
    <remembered-set count="2248" />
  </mem-info>
</gc-start>
<allocation-stats totalBytes="14592872" discardedBytes="9840" >
  <allocated-bytes non-tlh="24" tlh="14592848" />
  <largest-consumer threadName="Default Executor-thread-1" threadId="00000000007FFC00" bytes="14162960" />
</allocation-stats>
<gc-op id="1514" type="scavenge" timems="5.628" contextid="1511" timestamp="2024-07-17T18:05:18.466">
  <scavenger-info tenureage="7" tenuremask="4080" tiltratio="82" />
  <memory-copied type="nursery" objects="53835" bytes="1626880" bytesdiscarded="47824" />
  <memory-copied type="tenure" objects="9669" bytes="270984" bytesdiscarded="104" />
  <ownableSynchronizers candidates="6" cleared="0" />
  <references type="weak" candidates="2" cleared="0" enqueued="0" />
  <object-monitors candidates="33" cleared="0"  />
</gc-op>
<gc-end id="1515" type="scavenge" contextid="1511" durationms="15.892" usertimems="20.401" systemtimems="0.000" stalltimems="7.445" timestamp="2024-07-17T18:05:18.467" activeThreads="5">
  <mem-info id="1516" free="21398872" total="47906816" percent="44">
    <mem type="nursery" free="15495712" total="20316160" percent="76">
      <mem type="allocate" free="15495712" total="17170432" percent="90" />
      <mem type="survivor" free="0" total="3145728" percent="0" />
    </mem>
    <mem type="tenure" free="5903160" total="27590656" percent="21">
      <mem type="soa" free="4522808" total="26210304" percent="17" />
      <mem type="loa" free="1380352" total="1380352" percent="100" />
    </mem>
    <remembered-set count="1240" />
  </mem-info>
</gc-end>
<cycle-end id="1517" type="scavenge" contextid="1511" timestamp="2024-07-17T18:05:18.467" />
<allocation-satisfied id="1518" threadId="0000000000597100" bytesRequested="24" />
<af-end id="1519" timestamp="2024-07-17T18:05:18.470" threadId="0000000000597B38" success="true" from="nursery"/>
<exclusive-end id="1520" timestamp="2024-07-17T18:05:18.471" durationms="30.932" />

<exclusive-start id="1521" timestamp="2024-07-17T18:05:18.917" intervalms="476.166">
  <response-info timems="0.101" idlems="0.101" threads="0" lastid="00000000007FFC00" lastname="Default Executor-thread-1" />
</exclusive-start>
<af-start id="1522" threadId="0000000000800638" totalBytesRequested="24" timestamp="2024-07-17T18:05:18.917" intervalms="476.134" type="nursery" />
<cycle-start id="1523" type="scavenge" contextid="0" timestamp="2024-07-17T18:05:18.917" intervalms="476.076" />
<gc-start id="1524" type="scavenge" contextid="1523" timestamp="2024-07-17T18:05:18.918">
  <mem-info id="1525" free="5900960" total="47906816" percent="12">
    <mem type="nursery" free="0" total="20316160" percent="0">
      <mem type="allocate" free="0" total="17170432" percent="0" />
      <mem type="survivor" free="0" total="3145728" percent="0" />
    </mem>
    <mem type="tenure" free="5900960" total="27590656" percent="21">
      <mem type="soa" free="4520608" total="26210304" percent="17" />
      <mem type="loa" free="1380352" total="1380352" percent="100" />
    </mem>
    <remembered-set count="2310" />
  </mem-info>
</gc-start>
<allocation-stats totalBytes="15494600" discardedBytes="3312" >
  <allocated-bytes non-tlh="796376" tlh="14698224" />
  <largest-consumer threadName="Default Executor-thread-1" threadId="00000000007FFC00" bytes="15347208" />
</allocation-stats>
<gc-op id="1526" type="scavenge" timems="6.698" contextid="1523" timestamp="2024-07-17T18:05:18.925">
  <scavenger-info tenureage="14" tenuremask="4000" tiltratio="84" />
  <memory-copied type="nursery" objects="46163" bytes="3140248" bytesdiscarded="2752" />
  <memory-copied type="tenure" objects="38250" bytes="1350984" bytesdiscarded="328" />
  <copy-failed type="nursery" objects="36332" bytes="1295312" />
  <ownableSynchronizers candidates="8" cleared="2" />
  <references type="weak" candidates="7" cleared="4" enqueued="4" />
  <references type="phantom" candidates="222" cleared="0" enqueued="0" />
  <object-monitors candidates="35" cleared="0"  />
</gc-op>
<gc-end id="1527" type="scavenge" contextid="1523" durationms="7.738" usertimems="12.274" systemtimems="10.487" stalltimems="4.508" timestamp="2024-07-17T18:05:18.926" activeThreads="4">
  <mem-info id="1528" free="13277512" total="47906816" percent="27">
    <mem type="nursery" free="8716288" total="20316160" percent="42">
      <mem type="allocate" free="8716288" total="11862016" percent="73" />
      <mem type="survivor" free="0" total="8454144" percent="0" />
    </mem>
    <mem type="tenure" free="4561224" total="27590656" percent="16">
      <mem type="soa" free="3180872" total="26210304" percent="12" />
      <mem type="loa" free="1380352" total="1380352" percent="100" />
    </mem>
    <pending-finalizers system="0" default="0" reference="4" classloader="0" />
    <remembered-set count="3303" />
  </mem-info>
</gc-end>
<cycle-end id="1529" type="scavenge" contextid="1523" timestamp="2024-07-17T18:05:18.926" />
<allocation-satisfied id="1530" threadId="00000000007FFC00" bytesRequested="24" />
<af-end id="1531" timestamp="2024-07-17T18:05:18.927" threadId="0000000000800638" success="true" from="nursery"/>
<exclusive-end id="1532" timestamp="2024-07-17T18:05:18.927" durationms="10.361" />

<exclusive-start id="1533" timestamp="2024-07-17T18:05:19.008" intervalms="91.720">
  <response-info timems="0.064" idlems="0.064" threads="0" lastid="00000000007FFC00" lastname="Default Executor-thread-1" />
</exclusive-start>
<af-start id="1534" threadId="0000000000800638" totalBytesRequested="80" timestamp="2024-07-17T18:05:19.009" intervalms="91.643" type="nursery" />
<cycle-start id="1535" type="scavenge" contextid="0" timestamp="2024-07-17T18:05:19.009" intervalms="91.630" />
<gc-start id="1536" type="scavenge" contextid="1535" timestamp="2024-07-17T18:05:19.009">
  <mem-info id="1537" free="4560928" total="47906816" percent="9">
    <mem type="nursery" free="0" total="20316160" percent="0">
      <mem type="allocate" free="0" total="11862016" percent="0" />
      <mem type="survivor" free="0" total="8454144" percent="0" />
    </mem>
    <mem type="tenure" free="4560928" total="27590656" percent="16">
      <mem type="soa" free="3180576" total="26210304" percent="12" />
      <mem type="loa" free="1380352" total="1380352" percent="100" />
    </mem>
    <remembered-set count="3731" />
  </mem-info>
</gc-start>
<allocation-stats totalBytes="8713640" discardedBytes="2944" >
  <allocated-bytes non-tlh="614360" tlh="8099280" />
  <largest-consumer threadName="Default Executor-thread-1" threadId="00000000007FFC00" bytes="8705448" />
</allocation-stats>
<gc-op id="1538" type="scavenge" timems="4.978" contextid="1535" timestamp="2024-07-17T18:05:19.015">
  <scavenger-info tenureage="2" tenuremask="4004" tiltratio="58" />
  <memory-copied type="nursery" objects="44240" bytes="3328688" bytesdiscarded="158880" />
  <memory-copied type="tenure" objects="13818" bytes="423288" bytesdiscarded="48" />
  <ownableSynchronizers candidates="4" cleared="0" />
  <references type="weak" candidates="4" cleared="0" enqueued="0" />
  <references type="phantom" candidates="222" cleared="0" enqueued="0" />
  <object-monitors candidates="35" cleared="0"  />
</gc-op>
<heap-resize id="1539" type="expand" space="nursery" amount="786432" count="1" timems="0.038" reason="excessive time being spent scavenging" timestamp="2024-07-17T18:05:19.016" />
<gc-end id="1540" type="scavenge" contextid="1535" durationms="6.302" usertimems="18.430" systemtimems="0.000" stalltimems="6.758" timestamp="2024-07-17T18:05:19.016" activeThreads="5">
  <mem-info id="1541" free="13687088" total="48693248" percent="28">
    <mem type="nursery" free="9485840" total="21102592" percent="44">
      <mem type="allocate" free="9485840" total="12976128" percent="73" />
      <mem type="survivor" free="0" total="8126464" percent="0" />
    </mem>
    <mem type="tenure" free="4201248" total="27590656" percent="15">
      <mem type="soa" free="2820896" total="26210304" percent="10" />
      <mem type="loa" free="1380352" total="1380352" percent="100" />
    </mem>
    <remembered-set count="2857" />
  </mem-info>
</gc-end>
<cycle-end id="1542" type="scavenge" contextid="1535" timestamp="2024-07-17T18:05:19.016" />
<allocation-satisfied id="1543" threadId="00000000007FFC00" bytesRequested="80" />
<af-end id="1544" timestamp="2024-07-17T18:05:19.016" threadId="0000000000800638" success="true" from="nursery"/>
<exclusive-end id="1545" timestamp="2024-07-17T18:05:19.017" durationms="8.162" />

<exclusive-start id="1546" timestamp="2024-07-17T18:05:19.129" intervalms="121.058">
  <response-info timems="0.061" idlems="0.061" threads="0" lastid="00000000007FFC00" lastname="Default Executor-thread-1" />
</exclusive-start>
<af-start id="1547" threadId="0000000000800638" totalBytesRequested="24" timestamp="2024-07-17T18:05:19.130" intervalms="120.971" type="nursery" />
<cycle-start id="1548" type="scavenge" contextid="0" timestamp="2024-07-17T18:05:19.130" intervalms="120.881" />
<gc-start id="1549" type="scavenge" contextid="1548" timestamp="2024-07-17T18:05:19.130">
  <mem-info id="1550" free="4197024" total="48693248" percent="8">
    <mem type="nursery" free="0" total="21102592" percent="0">
      <mem type="allocate" free="0" total="12976128" percent="0" />
      <mem type="survivor" free="0" total="8126464" percent="0" />
    </mem>
    <mem type="tenure" free="4197024" total="27590656" percent="15">
      <mem type="soa" free="2816672" total="26210304" percent="10" />
      <mem type="loa" free="1380352" total="1380352" percent="100" />
    </mem>
    <remembered-set count="3549" />
  </mem-info>
</gc-start>
<allocation-stats totalBytes="9483688" discardedBytes="6376" >
  <allocated-bytes non-tlh="466952" tlh="9016736" />
  <largest-consumer threadName="Default Executor-thread-1" threadId="00000000007FFC00" bytes="9463208" />
</allocation-stats>
<gc-op id="1551" type="scavenge" timems="4.314" contextid="1548" timestamp="2024-07-17T18:05:19.135">
  <scavenger-info tenureage="14" tenuremask="4000" tiltratio="61" />
  <memory-copied type="nursery" objects="56207" bytes="3413512" bytesdiscarded="131200" />
  <memory-copied type="tenure" objects="930" bytes="26872" bytesdiscarded="0" />
  <ownableSynchronizers candidates="76" cleared="0" />
  <references type="weak" candidates="315" cleared="0" enqueued="0" />
  <references type="phantom" candidates="242" cleared="0" enqueued="0" />
  <object-monitors candidates="37" cleared="0"  />
</gc-op>
<gc-end id="1552" type="scavenge" contextid="1548" durationms="5.142" usertimems="17.398" systemtimems="0.000" stalltimems="8.027" timestamp="2024-07-17T18:05:19.135" activeThreads="6">
  <mem-info id="1553" free="14674144" total="48693248" percent="30">
    <mem type="nursery" free="10477120" total="21102592" percent="49">
      <mem type="allocate" free="10477120" total="14024704" percent="74" />
      <mem type="survivor" free="0" total="7077888" percent="0" />
    </mem>
    <mem type="tenure" free="4197024" total="27590656" percent="15">
      <mem type="soa" free="2816672" total="26210304" percent="10" />
      <mem type="loa" free="1380352" total="1380352" percent="100" />
    </mem>
    <remembered-set count="3168" />
  </mem-info>
</gc-end>
<cycle-end id="1554" type="scavenge" contextid="1548" timestamp="2024-07-17T18:05:19.136" />
<allocation-satisfied id="1555" threadId="00000000007FFC00" bytesRequested="24" />
<af-end id="1556" timestamp="2024-07-17T18:05:19.136" threadId="0000000000800638" success="true" from="nursery"/>
<exclusive-end id="1557" timestamp="2024-07-17T18:05:19.136" durationms="6.907" />

<exclusive-start id="1558" timestamp="2024-07-17T18:05:19.342" intervalms="212.365">
  <response-info timems="0.091" idlems="0.091" threads="0" lastid="00000000005E8300" lastname="Equinox start level thread - Equinox Container: 32b91115-e754-4" />
</exclusive-start>
<af-start id="1559" threadId="00000000005E8D38" totalBytesRequested="16" timestamp="2024-07-17T18:05:19.342" intervalms="212.542" type="nursery" />
<cycle-start id="1560" type="scavenge" contextid="0" timestamp="2024-07-17T18:05:19.343" intervalms="212.726" />
<gc-start id="1561" type="scavenge" contextid="1560" timestamp="2024-07-17T18:05:19.343">
  <mem-info id="1562" free="4107320" total="48693248" percent="8">
    <mem type="nursery" free="0" total="21102592" percent="0">
      <mem type="allocate" free="0" total="14024704" percent="0" />
      <mem type="survivor" free="0" total="7077888" percent="0" />
    </mem>
    <mem type="tenure" free="4107320" total="27590656" percent="14">
      <mem type="soa" free="2726968" total="26210304" percent="10" />
      <mem type="loa" free="1380352" total="1380352" percent="100" />
    </mem>
    <remembered-set count="5823" />
  </mem-info>
</gc-start>
<allocation-stats totalBytes="10557664" discardedBytes="9160" >
  <allocated-bytes non-tlh="306912" tlh="10250752" />
  <largest-consumer threadName="Start Level: Equinox Container: 32b91115-e754-46d0-8a1d-7f0e2543cfb4" threadId="00000000005B6B00" bytes="3551440" />
</allocation-stats>
<gc-op id="1563" type="scavenge" timems="8.773" contextid="1560" timestamp="2024-07-17T18:05:19.353">
  <scavenger-info tenureage="14" tenuremask="4000" tiltratio="66" />
  <memory-copied type="nursery" objects="93013" bytes="4687248" bytesdiscarded="119216" />
  <finalization candidates="18" enqueued="11" />
  <ownableSynchronizers candidates="1265" cleared="448" />
  <references type="soft" candidates="415" cleared="0" enqueued="0" dynamicThreshold="9" maxThreshold="32" />
  <references type="weak" candidates="658" cleared="107" enqueued="107" />
  <references type="phantom" candidates="276" cleared="0" enqueued="0" />
  <object-monitors candidates="40" cleared="0"  />
</gc-op>
<gc-end id="1564" type="scavenge" contextid="1560" durationms="10.194" usertimems="22.245" systemtimems="12.842" stalltimems="13.804" timestamp="2024-07-17T18:05:19.354" activeThreads="6">
  <mem-info id="1565" free="13447184" total="48693248" percent="27">
    <mem type="nursery" free="9339864" total="21102592" percent="44">
      <mem type="allocate" free="9339864" total="14155776" percent="65" />
      <mem type="survivor" free="0" total="6946816" percent="0" />
    </mem>
    <mem type="tenure" free="4107320" total="27590656" percent="14">
      <mem type="soa" free="2726968" total="26210304" percent="10" />
      <mem type="loa" free="1380352" total="1380352" percent="100" />
    </mem>
    <pending-finalizers system="11" default="0" reference="107" classloader="0" />
    <remembered-set count="4851" />
  </mem-info>
</gc-end>
<cycle-end id="1566" type="scavenge" contextid="1560" timestamp="2024-07-17T18:05:19.354" />
<allocation-satisfied id="1567" threadId="00000000005E8300" bytesRequested="16" />
<af-end id="1568" timestamp="2024-07-17T18:05:19.355" threadId="00000000005E8D38" success="true" from="nursery"/>
<exclusive-end id="1569" timestamp="2024-07-17T18:05:19.355" durationms="13.213" />

<exclusive-start id="1570" timestamp="2024-07-17T18:05:19.438" intervalms="95.949">
  <response-info timems="0.114" idlems="0.066" threads="1" lastid="00000000005CA500" lastname="Equinox start level thread - Equinox Container: 32b91115-e754-4" />
</exclusive-start>
<af-start id="1571" threadId="0000000000835E38" totalBytesRequested="1312" timestamp="2024-07-17T18:05:19.438" intervalms="95.888" type="nursery" />
<cycle-start id="1572" type="scavenge" contextid="0" timestamp="2024-07-17T18:05:19.438" intervalms="95.768" />
<gc-start id="1573" type="scavenge" contextid="1572" timestamp="2024-07-17T18:05:19.439">
  <mem-info id="1574" free="4031144" total="48693248" percent="8">
    <mem type="nursery" free="0" total="21102592" percent="0">
      <mem type="allocate" free="0" total="14155776" percent="0" />
      <mem type="survivor" free="0" total="6946816" percent="0" />
    </mem>
    <mem type="tenure" free="4031144" total="27590656" percent="14">
      <mem type="soa" free="2650792" total="26210304" percent="10" />
      <mem type="loa" free="1380352" total="1380352" percent="100" />
    </mem>
    <remembered-set count="6191" />
  </mem-info>
</gc-start>
<allocation-stats totalBytes="9408704" discardedBytes="7336" >
  <allocated-bytes non-tlh="256832" tlh="9151872" />
  <largest-consumer threadName="Equinox start level thread - Equinox Container: 32b91115-e754-46d0-8a1d-7f0e2543cfb4" threadId="00000000005D9400" bytes="2546592" />
</allocation-stats>
<gc-op id="1575" type="scavenge" timems="7.586" contextid="1572" timestamp="2024-07-17T18:05:19.447">
  <scavenger-info tenureage="4" tenuremask="6110" tiltratio="67" />
  <memory-copied type="nursery" objects="94708" bytes="4746224" bytesdiscarded="85592" />
  <memory-copied type="tenure" objects="22910" bytes="763648" bytesdiscarded="176" />
  <finalization candidates="38" enqueued="20" />
  <ownableSynchronizers candidates="1570" cleared="327" />
  <references type="soft" candidates="707" cleared="0" enqueued="0" dynamicThreshold="9" maxThreshold="32" />
  <references type="weak" candidates="875" cleared="181" enqueued="181" />
  <references type="phantom" candidates="290" cleared="8" enqueued="8" />
  <object-monitors candidates="44" cleared="0"  />
</gc-op>
<heap-resize id="1576" type="expand" space="nursery" amount="1048576" count="1" timems="0.037" reason="excessive time being spent scavenging" timestamp="2024-07-17T18:05:19.447" />
<gc-end id="1577" type="scavenge" contextid="1572" durationms="8.852" usertimems="34.294" systemtimems="0.000" stalltimems="11.844" timestamp="2024-07-17T18:05:19.448" activeThreads="6">
  <mem-info id="1578" free="14384432" total="49741824" percent="28">
    <mem type="nursery" free="11081096" total="22151168" percent="50">
      <mem type="allocate" free="11081096" total="15925248" percent="69" />
      <mem type="survivor" free="0" total="6225920" percent="0" />
    </mem>
    <mem type="tenure" free="3303336" total="27590656" percent="11">
      <mem type="soa" free="1922984" total="26210304" percent="7" />
      <mem type="loa" free="1380352" total="1380352" percent="100" />
    </mem>
    <pending-finalizers system="20" default="0" reference="189" classloader="0" />
    <remembered-set count="4064" />
  </mem-info>
</gc-end>
<cycle-end id="1579" type="scavenge" contextid="1572" timestamp="2024-07-17T18:05:19.448" />
<allocation-satisfied id="1580" threadId="0000000000835400" bytesRequested="1312" />
<af-end id="1581" timestamp="2024-07-17T18:05:19.449" threadId="0000000000835E38" success="true" from="nursery"/>
<exclusive-end id="1582" timestamp="2024-07-17T18:05:19.449" durationms="11.025" />

<concurrent-kickoff id="1583" timestamp="2024-07-17T18:05:19.515">
  <kickoff reason="threshold reached" targetBytes="12034134" thresholdFreeBytes="1668502"  remainingFree="1615240" tenureFreeBytes="3178744" nurseryFreeBytes="1615240" />
</concurrent-kickoff>
<exclusive-start id="1584" timestamp="2024-07-17T18:05:19.516" intervalms="77.745">
  <response-info timems="0.098" idlems="0.098" threads="0" lastid="00000000005E8300" lastname="Equinox start level thread - Equinox Container: 32b91115-e754-4" />
</exclusive-start>
<cycle-start id="1585" type="global" contextid="0" timestamp="2024-07-17T18:05:19.516" intervalms="2245.509" />
<concurrent-start id="1586" type="global mark" contextid="1585" timestamp="2024-07-17T18:05:19.516">
</concurrent-start>
<exclusive-end id="1587" timestamp="2024-07-17T18:05:19.516" durationms="0.800" />

<concurrent-end id="1588" type="global mark" contextid="1585" timestamp="2024-07-17T18:05:19.541">
<gc-op id="1589" type="trace" timems="24.749" contextid="1585" timestamp="2024-07-17T18:05:19.541">
  <trace bytesTraced="11875168" workStackOverflowCount="0" />
  <card-cleaning reason="card cleaning threshold reached" bytesTraced="30692" cardsCleaned="123" />
</gc-op>
</concurrent-end>

<exclusive-start id="1590" timestamp="2024-07-17T18:05:19.542" intervalms="26.069">
  <response-info timems="0.078" idlems="0.078" threads="0" lastid="00000000005E8300" lastname="Equinox start level thread - Equinox Container: 32b91115-e754-4" />
</exclusive-start>
<concurrent-global-final id="1591" timestamp="2024-07-17T18:05:19.542" contextid="1585" intervalms="2246.107" >
  <concurrent-trace-info reason="card cleaning threshold reached" tracedByMutators="5119468" tracedByHelpers="6786392" cardsCleaned="123" workStackOverflowCount="0" />
</concurrent-global-final>
<gc-start id="1592" type="global" contextid="1585" timestamp="2024-07-17T18:05:19.542">
  <mem-info id="1593" free="3149296" total="49741824" percent="6">
    <mem type="nursery" free="0" total="22151168" percent="0">
      <mem type="allocate" free="0" total="15925248" percent="0" />
      <mem type="survivor" free="0" total="6225920" percent="0" />
    </mem>
    <mem type="tenure" free="3149296" total="27590656" percent="11">
      <mem type="soa" free="1768944" total="26210304" percent="6" />
      <mem type="loa" free="1380352" total="1380352" percent="100" />
    </mem>
    <remembered-set count="6247" />
  </mem-info>
</gc-start>
<allocation-stats totalBytes="11188832" discardedBytes="46304" >
  <allocated-bytes non-tlh="286176" tlh="10902656" />
  <largest-consumer threadName="Equinox start level thread - Equinox Container: 32b91115-e754-46d0-8a1d-7f0e2543cfb4" threadId="00000000005E8300" bytes="3117960" />
</allocation-stats>
<gc-op id="1594" type="rs-scan" timems="3.857" contextid="1585" timestamp="2024-07-17T18:05:19.547">
  <scan objectsFound="134177" bytesTraced="4468520" workStackOverflowCount="0" />
</gc-op>
<gc-op id="1595" type="card-cleaning" timems="1.264" contextid="1585" timestamp="2024-07-17T18:05:19.548">
  <card-cleaning cardsCleaned="32" bytesTraced="35180" workStackOverflowCount="0" />
</gc-op>
<gc-op id="1596" type="mark" timems="11.767" contextid="1585" timestamp="2024-07-17T18:05:19.560">
  <trace-info objectcount="3675" scancount="3238" scanbytes="103512" />
  <finalization candidates="715" enqueued="4" />
  <ownableSynchronizers candidates="3971" cleared="694" />
  <references type="soft" candidates="6819" cleared="0" enqueued="0" dynamicThreshold="9" maxThreshold="32" />
  <references type="weak" candidates="2438" cleared="166" enqueued="166" />
  <references type="phantom" candidates="342" cleared="4" enqueued="4" />
  <stringconstants candidates="15211" cleared="42"  />
  <object-monitors candidates="53" cleared="8"  />
</gc-op>
<gc-op id="1597" type="classunload" timems="0.026" contextid="1585" timestamp="2024-07-17T18:05:19.561">
  <classunload-info classloadercandidates="87" classloadersunloaded="0" classesunloaded="0" anonymousclassesunloaded="0" quiescems="0.000" setupms="0.023" scanms="0.003" postms="0.000" />
</gc-op>
<gc-op id="1598" type="sweep" timems="1.921" contextid="1585" timestamp="2024-07-17T18:05:19.563" />
<heap-resize id="1599" type="expand" space="tenure" amount="1835008" count="1" timems="0.051" reason="insufficient free space following gc" timestamp="2024-07-17T18:05:19.563" />
<gc-end id="1600" type="global" contextid="1585" durationms="21.082" usertimems="38.853" systemtimems="23.612" stalltimems="129.725" timestamp="2024-07-17T18:05:19.563" activeThreads="12">
  <mem-info id="1601" free="18005640" total="51576832" percent="34">
    <mem type="nursery" free="9151040" total="22151168" percent="41">
      <mem type="allocate" free="9151040" total="15925248" percent="57" />
      <mem type="survivor" free="0" total="6225920" percent="0" />
    </mem>
    <mem type="tenure" free="8854600" total="29425664" percent="30" micro-fragmented="402454" macro-fragmented="0">
      <mem type="soa" free="7383112" total="27954176" percent="26" />
      <mem type="loa" free="1471488" total="1471488" percent="100" />
    </mem>
    <pending-finalizers system="4" default="0" reference="170" classloader="0" />
    <remembered-set count="5300" />
  </mem-info>
</gc-end>
<cycle-end id="1602" type="global" contextid="1585" timestamp="2024-07-17T18:05:19.564" />
<exclusive-end id="1603" timestamp="2024-07-17T18:05:19.564" durationms="22.230" />

<exclusive-start id="1604" timestamp="2024-07-17T18:05:19.575" intervalms="33.808">
  <response-info timems="0.409" idlems="0.188" threads="4" lastid="0000000000025E00" lastname="JIT Compilation Thread-001" />
</exclusive-start>
<af-start id="1605" threadId="00000000005D9E38" totalBytesRequested="235856" timestamp="2024-07-17T18:05:19.576" intervalms="137.499" type="nursery" />
<cycle-start id="1606" type="scavenge" contextid="0" timestamp="2024-07-17T18:05:19.576" intervalms="137.402" />
<gc-start id="1607" type="scavenge" contextid="1606" timestamp="2024-07-17T18:05:19.576">
  <mem-info id="1608" free="16865224" total="51576832" percent="32">
    <mem type="nursery" free="8025216" total="22151168" percent="36">
      <mem type="allocate" free="8025216" total="15925248" percent="50" />
      <mem type="survivor" free="0" total="6225920" percent="0" />
    </mem>
    <mem type="tenure" free="8840008" total="29425664" percent="30">
      <mem type="soa" free="7368520" total="27954176" percent="26" />
      <mem type="loa" free="1471488" total="1471488" percent="100" />
    </mem>
    <remembered-set count="5500" />
  </mem-info>
</gc-start>
<allocation-stats totalBytes="1133944" discardedBytes="5640" >
  <allocated-bytes non-tlh="170624" tlh="963320" />
  <largest-consumer threadName="Equinox start level thread - Equinox Container: 32b91115-e754-46d0-8a1d-7f0e2543cfb4" threadId="00000000005E8300" bytes="414432" />
</allocation-stats>
<gc-op id="1609" type="scavenge" timems="6.330" contextid="1606" timestamp="2024-07-17T18:05:19.583">
  <scavenger-info tenureage="8" tenuremask="6d00" tiltratio="71" />
  <memory-copied type="nursery" objects="122557" bytes="5812736" bytesdiscarded="116120" />
  <memory-copied type="tenure" objects="180" bytes="2880" bytesdiscarded="0" />
  <finalization candidates="23" enqueued="4" />
  <ownableSynchronizers candidates="6646" cleared="4539" />
  <references type="soft" candidates="1592" cleared="0" enqueued="0" dynamicThreshold="9" maxThreshold="32" />
  <references type="weak" candidates="1077" cleared="49" enqueued="49" />
  <references type="phantom" candidates="289" cleared="0" enqueued="0" />
  <object-monitors candidates="46" cleared="0"  />
</gc-op>
<gc-end id="1610" type="scavenge" contextid="1606" durationms="7.021" usertimems="27.247" systemtimems="3.119" stalltimems="13.712" timestamp="2024-07-17T18:05:19.583" activeThreads="7">
  <mem-info id="1611" free="17403928" total="51576832" percent="33">
    <mem type="nursery" free="8603680" total="22151168" percent="38">
      <mem type="allocate" free="8603680" total="14548992" percent="59" />
      <mem type="survivor" free="0" total="7602176" percent="0" />
    </mem>
    <mem type="tenure" free="8800248" total="29425664" percent="29">
      <mem type="soa" free="7328760" total="27954176" percent="26" />
      <mem type="loa" free="1471488" total="1471488" percent="100" />
    </mem>
    <pending-finalizers system="4" default="0" reference="49" classloader="0" />
    <remembered-set count="4370" />
  </mem-info>
</gc-end>
<cycle-end id="1612" type="scavenge" contextid="1606" timestamp="2024-07-17T18:05:19.583" />
<allocation-satisfied id="1613" threadId="00000000005D9400" bytesRequested="235856" />
<af-end id="1614" timestamp="2024-07-17T18:05:19.584" threadId="00000000005D9E38" success="true" from="nursery"/>
<exclusive-end id="1615" timestamp="2024-07-17T18:05:19.584" durationms="8.554" />

<exclusive-start id="1616" timestamp="2024-07-17T18:05:19.622" intervalms="46.172">
  <response-info timems="0.112" idlems="0.112" threads="0" lastid="00000000005D9400" lastname="Equinox start level thread - Equinox Container: 32b91115-e754-4" />
</exclusive-start>
<af-start id="1617" threadId="00000000005D9E38" totalBytesRequested="184" timestamp="2024-07-17T18:05:19.622" intervalms="46.222" type="nursery" />
<cycle-start id="1618" type="scavenge" contextid="0" timestamp="2024-07-17T18:05:19.622" intervalms="46.295" />
<gc-start id="1619" type="scavenge" contextid="1618" timestamp="2024-07-17T18:05:19.623">
  <mem-info id="1620" free="8745224" total="51576832" percent="16">
    <mem type="nursery" free="0" total="22151168" percent="0">
      <mem type="allocate" free="0" total="14548992" percent="0" />
      <mem type="survivor" free="0" total="7602176" percent="0" />
    </mem>
    <mem type="tenure" free="8745224" total="29425664" percent="29">
      <mem type="soa" free="7273736" total="27954176" percent="26" />
      <mem type="loa" free="1471488" total="1471488" percent="100" />
    </mem>
    <remembered-set count="5815" />
  </mem-info>
</gc-start>
<allocation-stats totalBytes="8643688" discardedBytes="3504" >
  <allocated-bytes non-tlh="601368" tlh="8042320" />
  <largest-consumer threadName="Equinox start level thread - Equinox Container: 32b91115-e754-46d0-8a1d-7f0e2543cfb4" threadId="00000000005CA500" bytes="3489016" />
</allocation-stats>
<gc-op id="1621" type="scavenge" timems="9.128" contextid="1618" timestamp="2024-07-17T18:05:19.632">
  <scavenger-info tenureage="3" tenuremask="7028" tiltratio="65" />
  <memory-copied type="nursery" objects="89030" bytes="3963912" bytesdiscarded="516720" />
  <memory-copied type="tenure" objects="47842" bytes="1811160" bytesdiscarded="3656" />
  <finalization candidates="26" enqueued="4" />
  <ownableSynchronizers candidates="2356" cleared="88" />
  <references type="soft" candidates="1308" cleared="0" enqueued="0" dynamicThreshold="9" maxThreshold="32" />
  <references type="weak" candidates="1043" cleared="91" enqueued="91" />
  <references type="phantom" candidates="209" cleared="1" enqueued="1" />
  <object-monitors candidates="47" cleared="0"  />
</gc-op>
<heap-resize id="1622" type="expand" space="nursery" amount="2359296" count="1" timems="0.055" reason="excessive time being spent scavenging" timestamp="2024-07-17T18:05:19.633" />
<gc-end id="1623" type="scavenge" contextid="1618" durationms="10.282" usertimems="41.832" systemtimems="4.899" stalltimems="27.611" timestamp="2024-07-17T18:05:19.633" activeThreads="8">
  <mem-info id="1624" free="18590832" total="53936128" percent="34">
    <mem type="nursery" free="11824936" total="24510464" percent="48">
      <mem type="allocate" free="11824936" total="16318464" percent="72" />
      <mem type="survivor" free="0" total="8192000" percent="0" />
    </mem>
    <mem type="tenure" free="6765896" total="29425664" percent="22">
      <mem type="soa" free="5294408" total="27954176" percent="18" />
      <mem type="loa" free="1471488" total="1471488" percent="100" />
    </mem>
    <pending-finalizers system="4" default="0" reference="92" classloader="0" />
    <remembered-set count="5100" />
  </mem-info>
</gc-end>
<cycle-end id="1625" type="scavenge" contextid="1618" timestamp="2024-07-17T18:05:19.633" />
<allocation-satisfied id="1626" threadId="00000000005D9400" bytesRequested="184" />
<af-end id="1627" timestamp="2024-07-17T18:05:19.634" threadId="00000000005D9E38" success="true" from="nursery"/>
<exclusive-end id="1628" timestamp="2024-07-17T18:05:19.634" durationms="12.203" />

<exclusive-start id="1629" timestamp="2024-07-17T18:05:19.739" intervalms="117.436">
  <response-info timems="0.381" idlems="0.243" threads="2" lastid="00000000005C6800" lastname="Equinox start level thread - Equinox Container: 32b91115-e754-4" />
</exclusive-start>
<af-start id="1630" threadId="00000000005D9E38" totalBytesRequested="48" timestamp="2024-07-17T18:05:19.739" intervalms="117.567" type="nursery" />
<cycle-start id="1631" type="scavenge" contextid="0" timestamp="2024-07-17T18:05:19.740" intervalms="117.724" />
<gc-start id="1632" type="scavenge" contextid="1631" timestamp="2024-07-17T18:05:19.741">
  <mem-info id="1633" free="6658992" total="53936128" percent="12">
    <mem type="nursery" free="0" total="24510464" percent="0">
      <mem type="allocate" free="0" total="16318464" percent="0" />
      <mem type="survivor" free="0" total="8192000" percent="0" />
    </mem>
    <mem type="tenure" free="6658992" total="29425664" percent="22">
      <mem type="soa" free="5187504" total="27954176" percent="18" />
      <mem type="loa" free="1471488" total="1471488" percent="100" />
    </mem>
    <remembered-set count="6966" />
  </mem-info>
</gc-start>
<allocation-stats totalBytes="11915728" discardedBytes="11016" >
  <allocated-bytes non-tlh="299288" tlh="11616440" />
  <largest-consumer threadName="Equinox start level thread - Equinox Container: 32b91115-e754-46d0-8a1d-7f0e2543cfb4" threadId="00000000005E8300" bytes="3543952" />
</allocation-stats>
<gc-op id="1634" type="scavenge" timems="8.278" contextid="1631" timestamp="2024-07-17T18:05:19.750">
  <scavenger-info tenureage="3" tenuremask="7008" tiltratio="66" />
  <memory-copied type="nursery" objects="86629" bytes="4114960" bytesdiscarded="326072" />
  <memory-copied type="tenure" objects="24319" bytes="902864" bytesdiscarded="3168" />
  <finalization candidates="37" enqueued="19" />
  <ownableSynchronizers candidates="2349" cleared="371" />
  <references type="soft" candidates="1243" cleared="0" enqueued="0" dynamicThreshold="9" maxThreshold="32" />
  <references type="weak" candidates="1235" cleared="181" enqueued="181" />
  <references type="phantom" candidates="237" cleared="4" enqueued="4" />
  <object-monitors candidates="48" cleared="0"  />
</gc-op>
<gc-end id="1635" type="scavenge" contextid="1631" durationms="9.712" usertimems="41.175" systemtimems="0.000" stalltimems="23.533" timestamp="2024-07-17T18:05:19.750" activeThreads="8">
  <mem-info id="1636" free="18724464" total="53936128" percent="34">
    <mem type="nursery" free="13109096" total="24510464" percent="53">
      <mem type="allocate" free="13109096" total="17563648" percent="74" />
      <mem type="survivor" free="0" total="6946816" percent="0" />
    </mem>
    <mem type="tenure" free="5615368" total="29425664" percent="19">
      <mem type="soa" free="4143880" total="27954176" percent="14" />
      <mem type="loa" free="1471488" total="1471488" percent="100" />
    </mem>
    <pending-finalizers system="19" default="0" reference="185" classloader="0" />
    <remembered-set count="5574" />
  </mem-info>
</gc-end>
<cycle-end id="1637" type="scavenge" contextid="1631" timestamp="2024-07-17T18:05:19.751" />
<allocation-satisfied id="1638" threadId="00000000005D9400" bytesRequested="48" />
<af-end id="1639" timestamp="2024-07-17T18:05:19.751" threadId="00000000005D9E38" success="true" from="nursery"/>
<exclusive-end id="1640" timestamp="2024-07-17T18:05:19.751" durationms="12.304" />

<exclusive-start id="1641" timestamp="2024-07-17T18:05:19.818" intervalms="79.379">
  <response-info timems="0.102" idlems="0.102" threads="0" lastid="00000000005C6800" lastname="Equinox start level thread - Equinox Container: 32b91115-e754-4" />
</exclusive-start>
<af-start id="1642" threadId="00000000005C7238" totalBytesRequested="24" timestamp="2024-07-17T18:05:19.819" intervalms="79.328" type="nursery" />
<cycle-start id="1643" type="scavenge" contextid="0" timestamp="2024-07-17T18:05:19.819" intervalms="79.301" />
<gc-start id="1644" type="scavenge" contextid="1643" timestamp="2024-07-17T18:05:19.820">
  <mem-info id="1645" free="5469584" total="53936128" percent="10">
    <mem type="nursery" free="0" total="24510464" percent="0">
      <mem type="allocate" free="0" total="17563648" percent="0" />
      <mem type="survivor" free="0" total="6946816" percent="0" />
    </mem>
    <mem type="tenure" free="5469584" total="29425664" percent="18">
      <mem type="soa" free="3998096" total="27954176" percent="14" />
      <mem type="loa" free="1471488" total="1471488" percent="100" />
    </mem>
    <remembered-set count="8254" />
  </mem-info>
</gc-start>
<allocation-stats totalBytes="13241784" discardedBytes="5696" >
  <allocated-bytes non-tlh="306968" tlh="12934816" />
  <largest-consumer threadName="Equinox start level thread - Equinox Container: 32b91115-e754-46d0-8a1d-7f0e2543cfb4" threadId="00000000005D9400" bytes="4644232" />
</allocation-stats>
<gc-op id="1646" type="scavenge" timems="7.270" contextid="1643" timestamp="2024-07-17T18:05:19.827">
  <scavenger-info tenureage="3" tenuremask="7008" tiltratio="71" />
  <memory-copied type="nursery" objects="74201" bytes="3948832" bytesdiscarded="254368" />
  <memory-copied type="tenure" objects="34667" bytes="1112456" bytesdiscarded="432" />
  <finalization candidates="8" enqueued="1" />
  <ownableSynchronizers candidates="2244" cleared="301" />
  <references type="soft" candidates="940" cleared="0" enqueued="0" dynamicThreshold="9" maxThreshold="32" />
  <references type="weak" candidates="1133" cleared="155" enqueued="155" />
  <references type="phantom" candidates="268" cleared="1" enqueued="1" />
  <object-monitors candidates="48" cleared="1"  />
</gc-op>
<heap-resize id="1647" type="expand" space="nursery" amount="1572864" count="1" timems="0.045" reason="excessive time being spent scavenging" timestamp="2024-07-17T18:05:19.828" />
<gc-end id="1648" type="scavenge" contextid="1643" durationms="8.598" usertimems="36.898" systemtimems="0.000" stalltimems="21.519" timestamp="2024-07-17T18:05:19.828" activeThreads="8">
  <mem-info id="1649" free="19070696" total="55508992" percent="34">
    <mem type="nursery" free="14920184" total="26083328" percent="57">
      <mem type="allocate" free="14920184" total="19136512" percent="77" />
      <mem type="survivor" free="0" total="6946816" percent="0" />
    </mem>
    <mem type="tenure" free="4150512" total="29425664" percent="14">
      <mem type="soa" free="2679024" total="27954176" percent="9" />
      <mem type="loa" free="1471488" total="1471488" percent="100" />
    </mem>
    <pending-finalizers system="1" default="0" reference="156" classloader="0" />
    <remembered-set count="6476" />
  </mem-info>
</gc-end>
<cycle-end id="1650" type="scavenge" contextid="1643" timestamp="2024-07-17T18:05:19.829" />
<allocation-satisfied id="1651" threadId="00000000005C6800" bytesRequested="24" />
<af-end id="1652" timestamp="2024-07-17T18:05:19.829" threadId="00000000005C7238" success="true" from="nursery"/>
<exclusive-end id="1653" timestamp="2024-07-17T18:05:19.829" durationms="11.064" />

<concurrent-kickoff id="1654" timestamp="2024-07-17T18:05:19.916">
  <kickoff reason="threshold reached" targetBytes="12810778" thresholdFreeBytes="1777008"  remainingFree="1732768" tenureFreeBytes="4028616" nurseryFreeBytes="1732768" />
</concurrent-kickoff>
<exclusive-start id="1655" timestamp="2024-07-17T18:05:19.917" intervalms="98.143">
  <response-info timems="0.056" idlems="0.056" threads="0" lastid="00000000005E8300" lastname="Equinox start level thread - Equinox Container: 32b91115-e754-4" />
</exclusive-start>
<cycle-start id="1656" type="global" contextid="0" timestamp="2024-07-17T18:05:19.917" intervalms="400.971" />
<concurrent-start id="1657" type="global mark" contextid="1656" timestamp="2024-07-17T18:05:19.917">
</concurrent-start>
<exclusive-end id="1658" timestamp="2024-07-17T18:05:19.917" durationms="0.714" />

<concurrent-end id="1659" type="global mark" contextid="1656" timestamp="2024-07-17T18:05:19.957">
<gc-op id="1660" type="trace" timems="40.230" contextid="1656" timestamp="2024-07-17T18:05:19.957">
  <trace bytesTraced="15568360" workStackOverflowCount="0" />
  <card-cleaning reason="card cleaning threshold reached" bytesTraced="34820" cardsCleaned="139" />
</gc-op>
</concurrent-end>

<exclusive-start id="1661" timestamp="2024-07-17T18:05:19.958" intervalms="41.314">
  <response-info timems="0.068" idlems="0.068" threads="0" lastid="00000000005C6800" lastname="Equinox start level thread - Equinox Container: 32b91115-e754-4" />
</exclusive-start>
<concurrent-global-final id="1662" timestamp="2024-07-17T18:05:19.958" contextid="1656" intervalms="416.261" >
  <concurrent-trace-info reason="card cleaning threshold reached" tracedByMutators="5275832" tracedByHelpers="10327348" cardsCleaned="139" workStackOverflowCount="0" />
</concurrent-global-final>
<gc-start id="1663" type="global" contextid="1656" timestamp="2024-07-17T18:05:19.959">
  <mem-info id="1664" free="4157840" total="55508992" percent="7">
    <mem type="nursery" free="159904" total="26083328" percent="0">
      <mem type="allocate" free="159904" total="19136512" percent="0" />
      <mem type="survivor" free="0" total="6946816" percent="0" />
    </mem>
    <mem type="tenure" free="3997936" total="29425664" percent="13">
      <mem type="soa" free="2526448" total="27954176" percent="9" />
      <mem type="loa" free="1471488" total="1471488" percent="100" />
    </mem>
    <remembered-set count="9064" />
  </mem-info>
</gc-start>
<allocation-stats totalBytes="14888848" discardedBytes="24008" >
  <allocated-bytes non-tlh="588296" tlh="14300552" />
  <largest-consumer threadName="Equinox start level thread - Equinox Container: 32b91115-e754-46d0-8a1d-7f0e2543cfb4" threadId="00000000005E8300" bytes="4611288" />
</allocation-stats>
<gc-op id="1665" type="rs-scan" timems="3.089" contextid="1656" timestamp="2024-07-17T18:05:19.962">
  <scan objectsFound="103449" bytesTraced="3613876" workStackOverflowCount="0" />
</gc-op>
<gc-op id="1666" type="card-cleaning" timems="1.172" contextid="1656" timestamp="2024-07-17T18:05:19.964">
  <card-cleaning cardsCleaned="11" bytesTraced="18500" workStackOverflowCount="0" />
</gc-op>
<gc-op id="1667" type="mark" timems="13.716" contextid="1656" timestamp="2024-07-17T18:05:19.978">
  <trace-info objectcount="4789" scancount="4640" scanbytes="117968" />
  <finalization candidates="775" enqueued="62" />
  <ownableSynchronizers candidates="5302" cleared="328" />
  <references type="soft" candidates="8729" cleared="1303" enqueued="1286" dynamicThreshold="9" maxThreshold="32" />
  <references type="weak" candidates="3554" cleared="179" enqueued="179" />
  <references type="phantom" candidates="376" cleared="39" enqueued="39" />
  <stringconstants candidates="18827" cleared="34"  />
  <object-monitors candidates="47" cleared="0"  />
</gc-op>
<gc-op id="1668" type="classunload" timems="0.671" contextid="1656" timestamp="2024-07-17T18:05:19.979">
  <classunload-info classloadercandidates="229" classloadersunloaded="5" classesunloaded="5" anonymousclassesunloaded="0" quiescems="0.000" setupms="0.640" scanms="0.024" postms="0.007" />
</gc-op>
<gc-op id="1669" type="sweep" timems="2.163" contextid="1656" timestamp="2024-07-17T18:05:19.981" />
<heap-resize id="1670" type="expand" space="tenure" amount="5570560" count="1" timems="0.189" reason="insufficient free space following gc" timestamp="2024-07-17T18:05:19.982" />
<gc-end id="1671" type="global" contextid="1656" durationms="23.428" usertimems="28.543" systemtimems="32.836" stalltimems="149.435" timestamp="2024-07-17T18:05:19.982" activeThreads="12">
  <mem-info id="1672" free="23021256" total="61079552" percent="37">
    <mem type="nursery" free="12513984" total="26083328" percent="47">
      <mem type="allocate" free="12513984" total="19136512" percent="65" />
      <mem type="survivor" free="0" total="6946816" percent="0" />
    </mem>
    <mem type="tenure" free="10507272" total="34996224" percent="30" micro-fragmented="709496" macro-fragmented="0">
      <mem type="soa" free="8757256" total="33246208" percent="26" />
      <mem type="loa" free="1750016" total="1750016" percent="100" />
    </mem>
    <pending-finalizers system="62" default="0" reference="1504" classloader="0" />
    <remembered-set count="8469" />
  </mem-info>
</gc-end>
<cycle-end id="1673" type="global" contextid="1656" timestamp="2024-07-17T18:05:19.982" />
<exclusive-end id="1674" timestamp="2024-07-17T18:05:19.983" durationms="24.776" />

<exclusive-start id="1675" timestamp="2024-07-17T18:05:20.211" intervalms="252.733">
  <response-info timems="0.063" idlems="0.063" threads="0" lastid="00000000005B6B00" lastname="Start Level: Equinox Container: 32b91115-e754-46d0-8a1d-7f0e254" />
</exclusive-start>
<af-start id="1676" threadId="00000000005B7538" totalBytesRequested="4112" timestamp="2024-07-17T18:05:20.211" intervalms="392.110" type="nursery" />
<cycle-start id="1677" type="scavenge" contextid="0" timestamp="2024-07-17T18:05:20.211" intervalms="391.960" />
<gc-start id="1678" type="scavenge" contextid="1677" timestamp="2024-07-17T18:05:20.212">
  <mem-info id="1679" free="10218352" total="61079552" percent="16">
    <mem type="nursery" free="0" total="26083328" percent="0">
      <mem type="allocate" free="0" total="19136512" percent="0" />
      <mem type="survivor" free="0" total="6946816" percent="0" />
    </mem>
    <mem type="tenure" free="10218352" total="34996224" percent="29">
      <mem type="soa" free="8468336" total="33246208" percent="25" />
      <mem type="loa" free="1750016" total="1750016" percent="100" />
    </mem>
    <remembered-set count="14342" />
  </mem-info>
</gc-start>
<allocation-stats totalBytes="12667520" discardedBytes="113224" >
  <allocated-bytes non-tlh="1312480" tlh="11355040" />
  <largest-consumer threadName="Start Level: Equinox Container: 32b91115-e754-46d0-8a1d-7f0e2543cfb4" threadId="00000000005B6B00" bytes="6369584" />
</allocation-stats>
<gc-op id="1680" type="scavenge" timems="7.446" contextid="1677" timestamp="2024-07-17T18:05:20.219">
  <scavenger-info tenureage="12" tenuremask="7000" tiltratio="73" />
  <memory-copied type="nursery" objects="139584" bytes="6829120" bytesdiscarded="96072" />
  <memory-copied type="tenure" objects="2861" bytes="73800" bytesdiscarded="32" />
  <copy-failed type="nursery" objects="2861" bytes="73800" />
  <finalization candidates="130" enqueued="124" />
  <ownableSynchronizers candidates="10664" cleared="8484" />
  <references type="soft" candidates="2443" cleared="0" enqueued="0" dynamicThreshold="9" maxThreshold="32" />
  <references type="weak" candidates="2178" cleared="429" enqueued="429" />
  <references type="phantom" candidates="328" cleared="50" enqueued="50" />
  <object-monitors candidates="49" cleared="0"  />
</gc-op>
<gc-end id="1681" type="scavenge" contextid="1677" durationms="8.479" usertimems="43.260" systemtimems="0.000" stalltimems="16.355" timestamp="2024-07-17T18:05:20.220" activeThreads="8">
  <mem-info id="1682" free="17779872" total="61079552" percent="29">
    <mem type="nursery" free="7667712" total="26083328" percent="29">
      <mem type="allocate" free="7667712" total="14614528" percent="52" />
      <mem type="survivor" free="0" total="11468800" percent="0" />
    </mem>
    <mem type="tenure" free="10112160" total="34996224" percent="28">
      <mem type="soa" free="8362144" total="33246208" percent="25" />
      <mem type="loa" free="1750016" total="1750016" percent="100" />
    </mem>
    <pending-finalizers system="124" default="0" reference="479" classloader="0" />
    <remembered-set count="13127" />
  </mem-info>
</gc-end>
<cycle-end id="1683" type="scavenge" contextid="1677" timestamp="2024-07-17T18:05:20.220" />
<allocation-satisfied id="1684" threadId="00000000005B6B00" bytesRequested="4112" />
<af-end id="1685" timestamp="2024-07-17T18:05:20.221" threadId="00000000005B7538" success="true" from="nursery"/>
<exclusive-end id="1686" timestamp="2024-07-17T18:05:20.221" durationms="10.417" />

<exclusive-start id="1687" timestamp="2024-07-17T18:05:20.279" intervalms="68.216">
  <response-info timems="0.064" idlems="0.064" threads="0" lastid="00000000005B6B00" lastname="Start Level: Equinox Container: 32b91115-e754-46d0-8a1d-7f0e254" />
</exclusive-start>
<af-start id="1688" threadId="00000000005B7538" totalBytesRequested="24" timestamp="2024-07-17T18:05:20.279" intervalms="68.373" type="nursery" />
<cycle-start id="1689" type="scavenge" contextid="0" timestamp="2024-07-17T18:05:20.280" intervalms="68.527" />
<gc-start id="1690" type="scavenge" contextid="1689" timestamp="2024-07-17T18:05:20.280">
  <mem-info id="1691" free="10058520" total="61079552" percent="16">
    <mem type="nursery" free="0" total="26083328" percent="0">
      <mem type="allocate" free="0" total="14614528" percent="0" />
      <mem type="survivor" free="0" total="11468800" percent="0" />
    </mem>
    <mem type="tenure" free="10058520" total="34996224" percent="28">
      <mem type="soa" free="8308504" total="33246208" percent="24" />
      <mem type="loa" free="1750016" total="1750016" percent="100" />
    </mem>
    <remembered-set count="13927" />
  </mem-info>
</gc-start>
<allocation-stats totalBytes="7707992" discardedBytes="9664" >
  <allocated-bytes non-tlh="108208" tlh="7599784" />
  <largest-consumer threadName="Start Level: Equinox Container: 32b91115-e754-46d0-8a1d-7f0e2543cfb4" threadId="00000000005B6B00" bytes="6949072" />
</allocation-stats>
<gc-op id="1692" type="scavenge" timems="7.669" contextid="1689" timestamp="2024-07-17T18:05:20.289">
  <scavenger-info tenureage="11" tenuremask="7800" tiltratio="56" />
  <memory-copied type="nursery" objects="139453" bytes="6843704" bytesdiscarded="99448" />
  <memory-copied type="tenure" objects="19" bytes="368" bytesdiscarded="0" />
  <finalization candidates="24" enqueued="17" />
  <ownableSynchronizers candidates="2353" cleared="84" />
  <references type="soft" candidates="2607" cleared="0" enqueued="0" dynamicThreshold="9" maxThreshold="32" />
  <references type="weak" candidates="1918" cleared="101" enqueued="101" />
  <references type="phantom" candidates="283" cleared="8" enqueued="8" />
  <object-monitors candidates="49" cleared="0"  />
</gc-op>
<heap-resize id="1693" type="expand" space="nursery" amount="1572864" count="1" timems="0.035" reason="excessive time being spent scavenging" timestamp="2024-07-17T18:05:20.289" />
<gc-end id="1694" type="scavenge" contextid="1689" durationms="9.054" usertimems="43.897" systemtimems="0.000" stalltimems="23.903" timestamp="2024-07-17T18:05:20.289" activeThreads="9">
  <mem-info id="1695" free="19256744" total="62652416" percent="30">
    <mem type="nursery" free="9223720" total="27656192" percent="33">
      <mem type="allocate" free="9223720" total="16187392" percent="56" />
      <mem type="survivor" free="0" total="11468800" percent="0" />
    </mem>
    <mem type="tenure" free="10033024" total="34996224" percent="28">
      <mem type="soa" free="8283008" total="33246208" percent="24" />
      <mem type="loa" free="1750016" total="1750016" percent="100" />
    </mem>
    <pending-finalizers system="17" default="0" reference="109" classloader="0" />
    <remembered-set count="12475" />
  </mem-info>
</gc-end>
<cycle-end id="1696" type="scavenge" contextid="1689" timestamp="2024-07-17T18:05:20.290" />
<allocation-satisfied id="1697" threadId="00000000005B6B00" bytesRequested="24" />
<af-end id="1698" timestamp="2024-07-17T18:05:20.290" threadId="00000000005B7538" success="true" from="nursery"/>
<exclusive-end id="1699" timestamp="2024-07-17T18:05:20.290" durationms="11.468" />

<exclusive-start id="1700" timestamp="2024-07-17T18:05:20.653" intervalms="374.509">
  <response-info timems="0.060" idlems="0.060" threads="0" lastid="00000000007B3E00" lastname="Scheduled Executor-thread-1" />
</exclusive-start>
<af-start id="1701" threadId="00000000007B4838" totalBytesRequested="16" timestamp="2024-07-17T18:05:20.654" intervalms="374.493" type="nursery" />
<cycle-start id="1702" type="scavenge" contextid="0" timestamp="2024-07-17T18:05:20.654" intervalms="374.470" />
<gc-start id="1703" type="scavenge" contextid="1702" timestamp="2024-07-17T18:05:20.655">
  <mem-info id="1704" free="9678640" total="62652416" percent="15">
    <mem type="nursery" free="0" total="27656192" percent="0">
      <mem type="allocate" free="0" total="16187392" percent="0" />
      <mem type="survivor" free="0" total="11468800" percent="0" />
    </mem>
    <mem type="tenure" free="9678640" total="34996224" percent="27">
      <mem type="soa" free="7928624" total="33246208" percent="23" />
      <mem type="loa" free="1750016" total="1750016" percent="100" />
    </mem>
    <remembered-set count="17195" />
  </mem-info>
</gc-start>
<allocation-stats totalBytes="9557600" discardedBytes="8224" >
  <allocated-bytes non-tlh="407672" tlh="9149928" />
  <largest-consumer threadName="Start Level: Equinox Container: 32b91115-e754-46d0-8a1d-7f0e2543cfb4" threadId="00000000005B6B00" bytes="7987616" />
</allocation-stats>
<gc-op id="1705" type="scavenge" timems="8.399" contextid="1702" timestamp="2024-07-17T18:05:20.664">
  <scavenger-info tenureage="3" tenuremask="7e08" tiltratio="58" />
  <memory-copied type="nursery" objects="121546" bytes="5632832" bytesdiscarded="244768" />
  <memory-copied type="tenure" objects="34241" bytes="1770800" bytesdiscarded="1128" />
  <finalization candidates="21" enqueued="14" />
  <ownableSynchronizers candidates="2460" cleared="44" />
  <references type="soft" candidates="2347" cleared="0" enqueued="0" dynamicThreshold="9" maxThreshold="32" />
  <references type="weak" candidates="8490" cleared="187" enqueued="185" />
  <references type="phantom" candidates="193" cleared="22" enqueued="22" />
  <object-monitors candidates="49" cleared="0"  />
</gc-op>
<gc-end id="1706" type="scavenge" contextid="1702" durationms="9.497" usertimems="50.208" systemtimems="0.000" stalltimems="24.846" timestamp="2024-07-17T18:05:20.664" activeThreads="9">
  <mem-info id="1707" free="18863704" total="62652416" percent="30">
    <mem type="nursery" free="11537376" total="27656192" percent="41">
      <mem type="allocate" free="11537376" total="17432576" percent="66" />
      <mem type="survivor" free="0" total="10223616" percent="0" />
    </mem>
    <mem type="tenure" free="7326328" total="34996224" percent="20">
      <mem type="soa" free="5576312" total="33246208" percent="16" />
      <mem type="loa" free="1750016" total="1750016" percent="100" />
    </mem>
    <pending-finalizers system="14" default="0" reference="207" classloader="0" />
    <remembered-set count="10479" />
  </mem-info>
</gc-end>
<cycle-end id="1708" type="scavenge" contextid="1702" timestamp="2024-07-17T18:05:20.665" />
<allocation-satisfied id="1709" threadId="00000000007B3E00" bytesRequested="16" />
<af-end id="1710" timestamp="2024-07-17T18:05:20.665" threadId="00000000007B4838" success="true" from="nursery"/>
<exclusive-end id="1711" timestamp="2024-07-17T18:05:20.665" durationms="11.856" />

<exclusive-start id="1712" timestamp="2024-07-17T18:05:21.006" intervalms="352.770">
  <response-info timems="0.074" idlems="0.074" threads="0" lastid="00000000005B6B00" lastname="Start Level: Equinox Container: 32b91115-e754-46d0-8a1d-7f0e254" />
</exclusive-start>
<af-start id="1713" threadId="00000000005B7538" totalBytesRequested="32" timestamp="2024-07-17T18:05:21.006" intervalms="352.683" type="nursery" />
<cycle-start id="1714" type="scavenge" contextid="0" timestamp="2024-07-17T18:05:21.007" intervalms="352.610" />
<gc-start id="1715" type="scavenge" contextid="1714" timestamp="2024-07-17T18:05:21.007">
  <mem-info id="1716" free="7205328" total="62652416" percent="11">
    <mem type="nursery" free="0" total="27656192" percent="0">
      <mem type="allocate" free="0" total="17432576" percent="0" />
      <mem type="survivor" free="0" total="10223616" percent="0" />
    </mem>
    <mem type="tenure" free="7205328" total="34996224" percent="20">
      <mem type="soa" free="5455312" total="33246208" percent="16" />
      <mem type="loa" free="1750016" total="1750016" percent="100" />
    </mem>
    <remembered-set count="12772" />
  </mem-info>
</gc-start>
<allocation-stats totalBytes="11650280" discardedBytes="8096" >
  <allocated-bytes non-tlh="389792" tlh="11260488" />
  <largest-consumer threadName="Start Level: Equinox Container: 32b91115-e754-46d0-8a1d-7f0e2543cfb4" threadId="00000000005B6B00" bytes="11484856" />
</allocation-stats>
<gc-op id="1717" type="scavenge" timems="8.467" contextid="1714" timestamp="2024-07-17T18:05:21.016">
  <scavenger-info tenureage="3" tenuremask="7e08" tiltratio="63" />
  <memory-copied type="nursery" objects="75425" bytes="3868272" bytesdiscarded="465776" />
  <memory-copied type="tenure" objects="63636" bytes="2778664" bytesdiscarded="1064" />
  <finalization candidates="23" enqueued="16" />
  <ownableSynchronizers candidates="2466" cleared="186" />
  <references type="soft" candidates="1374" cleared="0" enqueued="0" dynamicThreshold="9" maxThreshold="32" />
  <references type="weak" candidates="7989" cleared="185" enqueued="185" />
  <references type="phantom" candidates="181" cleared="7" enqueued="7" />
  <object-monitors candidates="49" cleared="0"  />
</gc-op>
<gc-end id="1718" type="scavenge" contextid="1714" durationms="9.276" usertimems="47.451" systemtimems="6.398" stalltimems="26.080" timestamp="2024-07-17T18:05:21.016" activeThreads="10">
  <mem-info id="1719" free="18401240" total="62652416" percent="29">
    <mem type="nursery" free="13806304" total="27656192" percent="49">
      <mem type="allocate" free="13806304" total="18153472" percent="76" />
      <mem type="survivor" free="0" total="9502720" percent="0" />
    </mem>
    <mem type="tenure" free="4594936" total="34996224" percent="13">
      <mem type="soa" free="2844920" total="33246208" percent="8" />
      <mem type="loa" free="1750016" total="1750016" percent="100" />
    </mem>
    <pending-finalizers system="16" default="0" reference="192" classloader="0" />
    <remembered-set count="10251" />
  </mem-info>
</gc-end>
<cycle-end id="1720" type="scavenge" contextid="1714" timestamp="2024-07-17T18:05:21.017" />
<allocation-satisfied id="1721" threadId="00000000005B6B00" bytesRequested="32" />
<af-end id="1722" timestamp="2024-07-17T18:05:21.017" threadId="00000000005B7538" success="true" from="nursery"/>
<exclusive-end id="1723" timestamp="2024-07-17T18:05:21.017" durationms="11.237" />

<concurrent-kickoff id="1724" timestamp="2024-07-17T18:05:21.072">
  <kickoff reason="threshold reached" targetBytes="15875517" thresholdFreeBytes="2199629"  remainingFree="2188952" tenureFreeBytes="4589120" nurseryFreeBytes="2188952" />
</concurrent-kickoff>
<exclusive-start id="1725" timestamp="2024-07-17T18:05:21.072" intervalms="66.423">
  <response-info timems="0.058" idlems="0.058" threads="0" lastid="00000000005B6B00" lastname="Start Level: Equinox Container: 32b91115-e754-46d0-8a1d-7f0e254" />
</exclusive-start>
<cycle-start id="1726" type="global" contextid="0" timestamp="2024-07-17T18:05:21.073" intervalms="1155.937" />
<concurrent-start id="1727" type="global mark" contextid="1726" timestamp="2024-07-17T18:05:21.073">
</concurrent-start>
<exclusive-end id="1728" timestamp="2024-07-17T18:05:21.073" durationms="0.711" />

<concurrent-end id="1729" type="global mark" contextid="1726" timestamp="2024-07-17T18:05:21.133">
<gc-op id="1730" type="trace" timems="60.152" contextid="1726" timestamp="2024-07-17T18:05:21.133">
  <trace bytesTraced="18762496" workStackOverflowCount="0" />
  <card-cleaning reason="card cleaning threshold reached" bytesTraced="26368" cardsCleaned="79" />
</gc-op>
</concurrent-end>

<exclusive-start id="1731" timestamp="2024-07-17T18:05:21.134" intervalms="61.310">
  <response-info timems="0.062" idlems="0.062" threads="0" lastid="00000000005B6B00" lastname="Start Level: Equinox Container: 32b91115-e754-46d0-8a1d-7f0e254" />
</exclusive-start>
<concurrent-global-final id="1732" timestamp="2024-07-17T18:05:21.134" contextid="1726" intervalms="1175.902" >
  <concurrent-trace-info reason="card cleaning threshold reached" tracedByMutators="1454004" tracedByHelpers="17334860" cardsCleaned="79" workStackOverflowCount="0" />
</concurrent-global-final>
<gc-start id="1733" type="global" contextid="1726" timestamp="2024-07-17T18:05:21.134">
  <mem-info id="1734" free="4934736" total="62652416" percent="7">
    <mem type="nursery" free="353944" total="27656192" percent="1">
      <mem type="allocate" free="353944" total="18153472" percent="1" />
      <mem type="survivor" free="0" total="9502720" percent="0" />
    </mem>
    <mem type="tenure" free="4580792" total="34996224" percent="13">
      <mem type="soa" free="2830776" total="33246208" percent="8" />
      <mem type="loa" free="1750016" total="1750016" percent="100" />
    </mem>
    <remembered-set count="10877" />
  </mem-info>
</gc-start>
<allocation-stats totalBytes="13461320" discardedBytes="5184" >
  <allocated-bytes non-tlh="191368" tlh="13269952" />
  <largest-consumer threadName="Start Level: Equinox Container: 32b91115-e754-46d0-8a1d-7f0e2543cfb4" threadId="00000000005B6B00" bytes="13404104" />
</allocation-stats>
<gc-op id="1735" type="rs-scan" timems="2.675" contextid="1726" timestamp="2024-07-17T18:05:21.138">
  <scan objectsFound="79080" bytesTraced="3046764" workStackOverflowCount="0" />
</gc-op>
<gc-op id="1736" type="card-cleaning" timems="0.901" contextid="1726" timestamp="2024-07-17T18:05:21.139">
  <card-cleaning cardsCleaned="1" bytesTraced="504" workStackOverflowCount="0" />
</gc-op>
<gc-op id="1737" type="mark" timems="11.596" contextid="1726" timestamp="2024-07-17T18:05:21.151">
  <trace-info objectcount="4745" scancount="4197" scanbytes="127692" />
  <finalization candidates="764" enqueued="57" />
  <ownableSynchronizers candidates="6135" cleared="64" />
  <references type="soft" candidates="8978" cleared="304" enqueued="295" dynamicThreshold="9" maxThreshold="32" />
  <references type="weak" candidates="11317" cleared="119" enqueued="114" />
  <references type="phantom" candidates="371" cleared="20" enqueued="20" />
  <stringconstants candidates="26364" cleared="74"  />
  <object-monitors candidates="49" cleared="0"  />
</gc-op>
<gc-op id="1738" type="classunload" timems="1.090" contextid="1726" timestamp="2024-07-17T18:05:21.152">
  <classunload-info classloadercandidates="298" classloadersunloaded="10" classesunloaded="4" anonymousclassesunloaded="4" quiescems="0.000" setupms="1.042" scanms="0.036" postms="0.011" />
</gc-op>
<gc-op id="1739" type="sweep" timems="2.022" contextid="1726" timestamp="2024-07-17T18:05:21.154" />
<heap-resize id="1740" type="expand" space="tenure" amount="6553600" count="1" timems="0.243" reason="insufficient free space following gc" timestamp="2024-07-17T18:05:21.155" />
<gc-end id="1741" type="global" contextid="1726" durationms="21.119" usertimems="43.154" systemtimems="12.683" stalltimems="124.697" timestamp="2024-07-17T18:05:21.156" activeThreads="12">
  <mem-info id="1742" free="25840872" total="69206016" percent="37">
    <mem type="nursery" free="13353224" total="27656192" percent="48">
      <mem type="allocate" free="13353224" total="18153472" percent="73" />
      <mem type="survivor" free="0" total="9502720" percent="0" />
    </mem>
    <mem type="tenure" free="12487648" total="41549824" percent="30" micro-fragmented="935392" macro-fragmented="0">
      <mem type="soa" free="10409952" total="39472128" percent="26" />
      <mem type="loa" free="2077696" total="2077696" percent="100" />
    </mem>
    <pending-finalizers system="57" default="0" reference="429" classloader="0" />
    <remembered-set count="10107" />
  </mem-info>
</gc-end>
<cycle-end id="1743" type="global" contextid="1726" timestamp="2024-07-17T18:05:21.156" />
<exclusive-end id="1744" timestamp="2024-07-17T18:05:21.156" durationms="22.398" />

<exclusive-start id="1745" timestamp="2024-07-17T18:05:21.484" intervalms="350.065">
  <response-info timems="0.069" idlems="0.069" threads="0" lastid="00000000005B6B00" lastname="Start Level: Equinox Container: 32b91115-e754-46d0-8a1d-7f0e254" />
</exclusive-start>
<af-start id="1746" threadId="00000000005B7538" totalBytesRequested="40" timestamp="2024-07-17T18:05:21.484" intervalms="477.961" type="nursery" />
<cycle-start id="1747" type="scavenge" contextid="0" timestamp="2024-07-17T18:05:21.485" intervalms="478.021" />
<gc-start id="1748" type="scavenge" contextid="1747" timestamp="2024-07-17T18:05:21.485">
  <mem-info id="1749" free="12484688" total="69206016" percent="18">
    <mem type="nursery" free="0" total="27656192" percent="0">
      <mem type="allocate" free="0" total="18153472" percent="0" />
      <mem type="survivor" free="0" total="9502720" percent="0" />
    </mem>
    <mem type="tenure" free="12484688" total="41549824" percent="30">
      <mem type="soa" free="10406992" total="39472128" percent="26" />
      <mem type="loa" free="2077696" total="2077696" percent="100" />
    </mem>
    <remembered-set count="11256" />
  </mem-info>
</gc-start>
<allocation-stats totalBytes="13334888" discardedBytes="19128" >
  <allocated-bytes non-tlh="1443112" tlh="11891776" />
  <largest-consumer threadName="Start Level: Equinox Container: 32b91115-e754-46d0-8a1d-7f0e2543cfb4" threadId="00000000005B6B00" bytes="13312744" />
</allocation-stats>
<gc-op id="1750" type="scavenge" timems="6.321" contextid="1747" timestamp="2024-07-17T18:05:21.492">
  <scavenger-info tenureage="9" tenuremask="7e00" tiltratio="65" />
  <memory-copied type="nursery" objects="85721" bytes="5135992" bytesdiscarded="375432" />
  <finalization candidates="13" enqueued="6" />
  <ownableSynchronizers candidates="12183" cleared="10865" />
  <references type="soft" candidates="1418" cleared="0" enqueued="0" dynamicThreshold="9" maxThreshold="32" />
  <references type="weak" candidates="7995" cleared="10" enqueued="10" />
  <references type="phantom" candidates="264" cleared="4" enqueued="4" />
  <object-monitors candidates="49" cleared="0"  />
</gc-op>
<gc-end id="1751" type="scavenge" contextid="1747" durationms="7.318" usertimems="29.055" systemtimems="3.334" stalltimems="37.187" timestamp="2024-07-17T18:05:21.493" activeThreads="11">
  <mem-info id="1752" free="25503952" total="69206016" percent="36">
    <mem type="nursery" free="13019264" total="27656192" percent="47">
      <mem type="allocate" free="13019264" total="18546688" percent="70" />
      <mem type="survivor" free="0" total="9109504" percent="0" />
    </mem>
    <mem type="tenure" free="12484688" total="41549824" percent="30">
      <mem type="soa" free="10406992" total="39472128" percent="26" />
      <mem type="loa" free="2077696" total="2077696" percent="100" />
    </mem>
    <pending-finalizers system="6" default="0" reference="14" classloader="0" />
    <remembered-set count="6909" />
  </mem-info>
</gc-end>
<cycle-end id="1753" type="scavenge" contextid="1747" timestamp="2024-07-17T18:05:21.493" />
<allocation-satisfied id="1754" threadId="00000000005B6B00" bytesRequested="40" />
<af-end id="1755" timestamp="2024-07-17T18:05:21.493" threadId="00000000005B7538" success="true" from="nursery"/>
<exclusive-end id="1756" timestamp="2024-07-17T18:05:21.494" durationms="9.762" />

<exclusive-start id="1757" timestamp="2024-07-17T18:05:21.645" intervalms="161.113">
  <response-info timems="0.080" idlems="0.080" threads="0" lastid="00000000005B6B00" lastname="Start Level: Equinox Container: 32b91115-e754-46d0-8a1d-7f0e254" />
</exclusive-start>
<af-start id="1758" threadId="00000000005B7538" totalBytesRequested="4544" timestamp="2024-07-17T18:05:21.645" intervalms="160.946" type="nursery" />
<cycle-start id="1759" type="scavenge" contextid="0" timestamp="2024-07-17T18:05:21.646" intervalms="160.950" />
<gc-start id="1760" type="scavenge" contextid="1759" timestamp="2024-07-17T18:05:21.646">
  <mem-info id="1761" free="12388976" total="69206016" percent="17">
    <mem type="nursery" free="0" total="27656192" percent="0">
      <mem type="allocate" free="0" total="18546688" percent="0" />
      <mem type="survivor" free="0" total="9109504" percent="0" />
    </mem>
    <mem type="tenure" free="12388976" total="41549824" percent="29">
      <mem type="soa" free="10311280" total="39472128" percent="26" />
      <mem type="loa" free="2077696" total="2077696" percent="100" />
    </mem>
    <remembered-set count="8276" />
  </mem-info>
</gc-start>
<allocation-stats totalBytes="12996624" discardedBytes="92736" >
  <allocated-bytes non-tlh="88456" tlh="12908168" />
  <largest-consumer threadName="Start Level: Equinox Container: 32b91115-e754-46d0-8a1d-7f0e2543cfb4" threadId="00000000005B6B00" bytes="12817688" />
</allocation-stats>
<gc-op id="1762" type="scavenge" timems="8.380" contextid="1759" timestamp="2024-07-17T18:05:21.655">
  <scavenger-info tenureage="9" tenuremask="7e00" tiltratio="67" />
  <memory-copied type="nursery" objects="95334" bytes="5404456" bytesdiscarded="173072" />
  <finalization candidates="14" enqueued="7" />
  <ownableSynchronizers candidates="1626" cleared="109" />
  <references type="soft" candidates="1587" cleared="0" enqueued="0" dynamicThreshold="9" maxThreshold="32" />
  <references type="weak" candidates="8201" cleared="114" enqueued="114" />
  <references type="phantom" candidates="286" cleared="5" enqueued="5" />
  <object-monitors candidates="50" cleared="0"  />
</gc-op>
<gc-end id="1763" type="scavenge" contextid="1759" durationms="9.422" usertimems="28.665" systemtimems="10.977" stalltimems="42.414" timestamp="2024-07-17T18:05:21.656" activeThreads="10">
  <mem-info id="1764" free="25864912" total="69206016" percent="37">
    <mem type="nursery" free="13475936" total="27656192" percent="48">
      <mem type="allocate" free="13475936" total="19070976" percent="70" />
      <mem type="survivor" free="0" total="8585216" percent="0" />
    </mem>
    <mem type="tenure" free="12388976" total="41549824" percent="29">
      <mem type="soa" free="10311280" total="39472128" percent="26" />
      <mem type="loa" free="2077696" total="2077696" percent="100" />
    </mem>
    <pending-finalizers system="7" default="0" reference="119" classloader="0" />
    <remembered-set count="6913" />
  </mem-info>
</gc-end>
<cycle-end id="1765" type="scavenge" contextid="1759" timestamp="2024-07-17T18:05:21.656" />
<allocation-satisfied id="1766" threadId="00000000005B6B00" bytesRequested="4544" />
<af-end id="1767" timestamp="2024-07-17T18:05:21.657" threadId="00000000005B7538" success="true" from="nursery"/>
<exclusive-end id="1768" timestamp="2024-07-17T18:05:21.657" durationms="12.027" />

<exclusive-start id="1769" timestamp="2024-07-17T18:05:21.885" intervalms="240.264">
  <response-info timems="0.085" idlems="0.085" threads="0" lastid="00000000005D9400" lastname="Equinox start level thread - Equinox Container: 32b91115-e754-4" />
</exclusive-start>
<af-start id="1770" threadId="00000000005D9E38" totalBytesRequested="1344" timestamp="2024-07-17T18:05:21.886" intervalms="240.364" type="nursery" />
<cycle-start id="1771" type="scavenge" contextid="0" timestamp="2024-07-17T18:05:21.886" intervalms="240.366" />
<gc-start id="1772" type="scavenge" contextid="1771" timestamp="2024-07-17T18:05:21.887">
  <mem-info id="1773" free="12310528" total="69206016" percent="17">
    <mem type="nursery" free="0" total="27656192" percent="0">
      <mem type="allocate" free="0" total="19070976" percent="0" />
      <mem type="survivor" free="0" total="8585216" percent="0" />
    </mem>
    <mem type="tenure" free="12310528" total="41549824" percent="29">
      <mem type="soa" free="10232832" total="39472128" percent="25" />
      <mem type="loa" free="2077696" total="2077696" percent="100" />
    </mem>
    <remembered-set count="8351" />
  </mem-info>
</gc-start>
<allocation-stats totalBytes="13486632" discardedBytes="59592" >
  <allocated-bytes non-tlh="74832" tlh="13411800" />
  <largest-consumer threadName="Start Level: Equinox Container: 32b91115-e754-46d0-8a1d-7f0e2543cfb4" threadId="00000000005B6B00" bytes="10843712" />
</allocation-stats>
<gc-op id="1774" type="scavenge" timems="7.128" contextid="1771" timestamp="2024-07-17T18:05:21.894">
  <scavenger-info tenureage="9" tenuremask="7e00" tiltratio="68" />
  <memory-copied type="nursery" objects="96609" bytes="5699528" bytesdiscarded="232976" />
  <memory-copied type="tenure" objects="13239" bytes="414000" bytesdiscarded="1848" />
  <finalization candidates="9" enqueued="2" />
  <ownableSynchronizers candidates="2118" cleared="245" />
  <references type="soft" candidates="1815" cleared="0" enqueued="0" dynamicThreshold="9" maxThreshold="32" />
  <references type="weak" candidates="8151" cleared="118" enqueued="118" />
  <references type="phantom" candidates="309" cleared="6" enqueued="6" />
  <object-monitors candidates="50" cleared="0"  />
</gc-op>
<gc-end id="1775" type="scavenge" contextid="1771" durationms="8.305" usertimems="28.569" systemtimems="13.433" stalltimems="20.944" timestamp="2024-07-17T18:05:21.895" activeThreads="9">
  <mem-info id="1776" free="25005736" total="69206016" percent="36">
    <mem type="nursery" free="13449296" total="27656192" percent="48">
      <mem type="allocate" free="13449296" total="19398656" percent="69" />
      <mem type="survivor" free="0" total="8257536" percent="0" />
    </mem>
    <mem type="tenure" free="11556440" total="41549824" percent="27">
      <mem type="soa" free="9478744" total="39472128" percent="24" />
      <mem type="loa" free="2077696" total="2077696" percent="100" />
    </mem>
    <pending-finalizers system="2" default="0" reference="124" classloader="0" />
    <remembered-set count="6526" />
  </mem-info>
</gc-end>
<cycle-end id="1777" type="scavenge" contextid="1771" timestamp="2024-07-17T18:05:21.895" />
<allocation-satisfied id="1778" threadId="00000000005D9400" bytesRequested="1344" />
<af-end id="1779" timestamp="2024-07-17T18:05:21.896" threadId="00000000005D9E38" success="true" from="nursery"/>
<exclusive-end id="1780" timestamp="2024-07-17T18:05:21.896" durationms="10.919" />

<exclusive-start id="1781" timestamp="2024-07-17T18:05:22.057" intervalms="171.897">
  <response-info timems="0.072" idlems="0.072" threads="0" lastid="0000000000844700" lastname="Default Executor-thread-8" />
</exclusive-start>
<af-start id="1782" threadId="0000000000845138" totalBytesRequested="29832" timestamp="2024-07-17T18:05:22.057" intervalms="171.785" type="nursery" />
<cycle-start id="1783" type="scavenge" contextid="0" timestamp="2024-07-17T18:05:22.058" intervalms="171.756" />
<gc-start id="1784" type="scavenge" contextid="1783" timestamp="2024-07-17T18:05:22.058">
  <mem-info id="1785" free="11419136" total="69206016" percent="16">
    <mem type="nursery" free="23616" total="27656192" percent="0">
      <mem type="allocate" free="23616" total="19398656" percent="0" />
      <mem type="survivor" free="0" total="8257536" percent="0" />
    </mem>
    <mem type="tenure" free="11395520" total="41549824" percent="27">
      <mem type="soa" free="9317824" total="39472128" percent="23" />
      <mem type="loa" free="2077696" total="2077696" percent="100" />
    </mem>
    <remembered-set count="9170" />
  </mem-info>
</gc-start>
<allocation-stats totalBytes="13567000" discardedBytes="18856" >
  <allocated-bytes non-tlh="1502520" tlh="12064480" />
  <largest-consumer threadName="Equinox start level thread - Equinox Container: 32b91115-e754-46d0-8a1d-7f0e2543cfb4" threadId="00000000005CA500" bytes="10916112" />
</allocation-stats>
<gc-op id="1786" type="scavenge" timems="6.625" contextid="1783" timestamp="2024-07-17T18:05:22.066">
  <scavenger-info tenureage="4" tenuremask="7e30" tiltratio="70" />
  <memory-copied type="nursery" objects="53597" bytes="3528000" bytesdiscarded="744112" />
  <memory-copied type="tenure" objects="53174" bytes="1878624" bytesdiscarded="392" />
  <finalization candidates="6" enqueued="2" />
  <ownableSynchronizers candidates="2165" cleared="79" />
  <references type="soft" candidates="1241" cleared="0" enqueued="0" dynamicThreshold="9" maxThreshold="32" />
  <references type="weak" candidates="740" cleared="120" enqueued="120" />
  <references type="phantom" candidates="300" cleared="1" enqueued="1" />
  <object-monitors candidates="52" cleared="1"  />
</gc-op>
<gc-end id="1787" type="scavenge" contextid="1783" durationms="7.836" usertimems="34.889" systemtimems="1.654" stalltimems="22.964" timestamp="2024-07-17T18:05:22.066" activeThreads="9">
  <mem-info id="1788" free="24327512" total="69206016" percent="35">
    <mem type="nursery" free="15444384" total="27656192" percent="55">
      <mem type="allocate" free="15444384" total="19726336" percent="78" />
      <mem type="survivor" free="0" total="7929856" percent="0" />
    </mem>
    <mem type="tenure" free="8883128" total="41549824" percent="21">
      <mem type="soa" free="6805432" total="39472128" percent="17" />
      <mem type="loa" free="2077696" total="2077696" percent="100" />
    </mem>
    <pending-finalizers system="2" default="0" reference="121" classloader="0" />
    <remembered-set count="5790" />
  </mem-info>
</gc-end>
<cycle-end id="1789" type="scavenge" contextid="1783" timestamp="2024-07-17T18:05:22.067" />
<allocation-satisfied id="1790" threadId="0000000000844700" bytesRequested="29832" />
<af-end id="1791" timestamp="2024-07-17T18:05:22.067" threadId="0000000000845138" success="true" from="nursery"/>
<exclusive-end id="1792" timestamp="2024-07-17T18:05:22.067" durationms="10.178" />

<exclusive-start id="1793" timestamp="2024-07-17T18:05:22.193" intervalms="135.405">
  <response-info timems="0.151" idlems="0.097" threads="1" lastid="0000000000840A00" lastname="Default Executor-thread-7" />
</exclusive-start>
<af-start id="1794" threadId="0000000000863C38" totalBytesRequested="18976" timestamp="2024-07-17T18:05:22.193" intervalms="135.388" type="nursery" />
<cycle-start id="1795" type="scavenge" contextid="0" timestamp="2024-07-17T18:05:22.193" intervalms="135.415" />
<gc-start id="1796" type="scavenge" contextid="1795" timestamp="2024-07-17T18:05:22.194">
  <mem-info id="1797" free="8761016" total="69206016" percent="12">
    <mem type="nursery" free="0" total="27656192" percent="0">
      <mem type="allocate" free="0" total="19726336" percent="0" />
      <mem type="survivor" free="0" total="7929856" percent="0" />
    </mem>
    <mem type="tenure" free="8761016" total="41549824" percent="21">
      <mem type="soa" free="6683320" total="39472128" percent="16" />
      <mem type="loa" free="2077696" total="2077696" percent="100" />
    </mem>
    <remembered-set count="7802" />
  </mem-info>
</gc-start>
<allocation-stats totalBytes="15297112" discardedBytes="269384" >
  <allocated-bytes non-tlh="546032" tlh="14751080" />
  <largest-consumer threadName="Default Executor-thread-13" threadId="0000000000863200" bytes="5057760" />
</allocation-stats>
<gc-op id="1798" type="scavenge" timems="5.341" contextid="1795" timestamp="2024-07-17T18:05:22.199">
  <scavenger-info tenureage="7" tenuremask="7e80" tiltratio="71" />
  <memory-copied type="nursery" objects="54668" bytes="3647528" bytesdiscarded="266392" />
  <memory-copied type="tenure" objects="4947" bytes="214000" bytesdiscarded="0" />
  <finalization candidates="11" enqueued="8" />
  <ownableSynchronizers candidates="1265" cleared="9" />
  <references type="soft" candidates="1240" cleared="0" enqueued="0" dynamicThreshold="9" maxThreshold="32" />
  <references type="weak" candidates="1067" cleared="156" enqueued="156" />
  <references type="phantom" candidates="352" cleared="8" enqueued="8" />
  <object-monitors candidates="154" cleared="60"  />
</gc-op>
<gc-end id="1799" type="scavenge" contextid="1795" durationms="6.250" usertimems="21.387" systemtimems="2.487" stalltimems="23.326" timestamp="2024-07-17T18:05:22.200" activeThreads="9">
  <mem-info id="1800" free="25073904" total="69206016" percent="36">
    <mem type="nursery" free="16522552" total="27656192" percent="59">
      <mem type="allocate" free="16522552" total="20447232" percent="80" />
      <mem type="survivor" free="0" total="7208960" percent="0" />
    </mem>
    <mem type="tenure" free="8551352" total="41549824" percent="20">
      <mem type="soa" free="6473656" total="39472128" percent="16" />
      <mem type="loa" free="2077696" total="2077696" percent="100" />
    </mem>
    <pending-finalizers system="8" default="0" reference="164" classloader="0" />
    <remembered-set count="6241" />
  </mem-info>
</gc-end>
<cycle-end id="1801" type="scavenge" contextid="1795" timestamp="2024-07-17T18:05:22.200" />
<allocation-satisfied id="1802" threadId="0000000000863200" bytesRequested="18976" />
<af-end id="1803" timestamp="2024-07-17T18:05:22.201" threadId="0000000000863C38" success="true" from="nursery"/>
<exclusive-end id="1804" timestamp="2024-07-17T18:05:22.201" durationms="8.479" />

<exclusive-start id="1805" timestamp="2024-07-17T18:05:22.335" intervalms="142.516">
  <response-info timems="0.061" idlems="0.061" threads="0" lastid="0000000000848300" lastname="Default Executor-thread-9" />
</exclusive-start>
<af-start id="1806" threadId="0000000000848D38" totalBytesRequested="42448" timestamp="2024-07-17T18:05:22.335" intervalms="142.483" type="nursery" />
<cycle-start id="1807" type="scavenge" contextid="0" timestamp="2024-07-17T18:05:22.336" intervalms="142.439" />
<gc-start id="1808" type="scavenge" contextid="1807" timestamp="2024-07-17T18:05:22.336">
  <mem-info id="1809" free="8373920" total="69206016" percent="12">
    <mem type="nursery" free="0" total="27656192" percent="0">
      <mem type="allocate" free="0" total="20447232" percent="0" />
      <mem type="survivor" free="0" total="7208960" percent="0" />
    </mem>
    <mem type="tenure" free="8373920" total="41549824" percent="20">
      <mem type="soa" free="6296224" total="39472128" percent="15" />
      <mem type="loa" free="2077696" total="2077696" percent="100" />
    </mem>
    <remembered-set count="8704" />
  </mem-info>
</gc-start>
<allocation-stats totalBytes="16010240" discardedBytes="689744" >
  <allocated-bytes non-tlh="819256" tlh="15190984" />
  <largest-consumer threadName="Default Executor-thread-13" threadId="0000000000863200" bytes="6360312" />
</allocation-stats>
<gc-op id="1810" type="scavenge" timems="5.977" contextid="1807" timestamp="2024-07-17T18:05:22.343">
  <scavenger-info tenureage="9" tenuremask="7e00" tiltratio="73" />
  <memory-copied type="nursery" objects="60915" bytes="4165552" bytesdiscarded="169944" />
  <finalization candidates="2" enqueued="0" />
  <ownableSynchronizers candidates="1160" cleared="1" />
  <references type="soft" candidates="1339" cleared="0" enqueued="0" dynamicThreshold="9" maxThreshold="32" />
  <references type="weak" candidates="1691" cleared="618" enqueued="618" />
  <references type="phantom" candidates="359" cleared="0" enqueued="0" />
  <object-monitors candidates="179" cleared="37"  />
</gc-op>
<gc-end id="1811" type="scavenge" contextid="1807" durationms="6.853" usertimems="14.099" systemtimems="10.658" stalltimems="22.886" timestamp="2024-07-17T18:05:22.343" activeThreads="8">
  <mem-info id="1812" free="24803016" total="69206016" percent="35">
    <mem type="nursery" free="16429096" total="27656192" percent="59">
      <mem type="allocate" free="16429096" total="20774912" percent="79" />
      <mem type="survivor" free="0" total="6881280" percent="0" />
    </mem>
    <mem type="tenure" free="8373920" total="41549824" percent="20">
      <mem type="soa" free="6296224" total="39472128" percent="15" />
      <mem type="loa" free="2077696" total="2077696" percent="100" />
    </mem>
    <pending-finalizers system="0" default="0" reference="618" classloader="0" />
    <remembered-set count="6860" />
  </mem-info>
</gc-end>
<cycle-end id="1813" type="scavenge" contextid="1807" timestamp="2024-07-17T18:05:22.343" />
<allocation-satisfied id="1814" threadId="0000000000848300" bytesRequested="42448" />
<af-end id="1815" timestamp="2024-07-17T18:05:22.344" threadId="0000000000848D38" success="true" from="nursery"/>
<exclusive-end id="1816" timestamp="2024-07-17T18:05:22.344" durationms="8.904" />

<exclusive-start id="1817" timestamp="2024-07-17T18:05:22.456" intervalms="120.457">
  <response-info timems="0.082" idlems="0.082" threads="0" lastid="0000000000848300" lastname="Default Executor-thread-9" />
</exclusive-start>
<af-start id="1818" threadId="0000000000848D38" totalBytesRequested="14344" timestamp="2024-07-17T18:05:22.456" intervalms="120.674" type="nursery" />
<cycle-start id="1819" type="scavenge" contextid="0" timestamp="2024-07-17T18:05:22.456" intervalms="120.670" />
<gc-start id="1820" type="scavenge" contextid="1819" timestamp="2024-07-17T18:05:22.457">
  <mem-info id="1821" free="8284712" total="69206016" percent="11">
    <mem type="nursery" free="0" total="27656192" percent="0">
      <mem type="allocate" free="0" total="20774912" percent="0" />
      <mem type="survivor" free="0" total="6881280" percent="0" />
    </mem>
    <mem type="tenure" free="8284712" total="41549824" percent="19">
      <mem type="soa" free="6207016" total="39472128" percent="15" />
      <mem type="loa" free="2077696" total="2077696" percent="100" />
    </mem>
    <remembered-set count="8337" />
  </mem-info>
</gc-start>
<allocation-stats totalBytes="16497800" discardedBytes="20504" >
  <allocated-bytes non-tlh="1928368" tlh="14569432" />
  <largest-consumer threadName="Default Executor-thread-13" threadId="0000000000863200" bytes="3578016" />
</allocation-stats>
<gc-op id="1822" type="scavenge" timems="6.486" contextid="1819" timestamp="2024-07-17T18:05:22.464">
  <scavenger-info tenureage="3" tenuremask="7e18" tiltratio="75" />
  <memory-copied type="nursery" objects="40385" bytes="3193824" bytesdiscarded="164536" />
  <memory-copied type="tenure" objects="26336" bytes="1306632" bytesdiscarded="760" />
  <finalization candidates="30" enqueued="28" />
  <ownableSynchronizers candidates="1163" cleared="3" />
  <references type="soft" candidates="580" cleared="0" enqueued="0" dynamicThreshold="9" maxThreshold="32" />
  <references type="weak" candidates="1118" cleared="248" enqueued="248" />
  <references type="phantom" candidates="277" cleared="13" enqueued="13" />
  <object-monitors candidates="183" cleared="33"  />
</gc-op>
<heap-resize id="1823" type="expand" space="nursery" amount="1179648" count="1" timems="0.046" reason="excessive time being spent scavenging" timestamp="2024-07-17T18:05:22.465" />
<gc-end id="1824" type="scavenge" contextid="1819" durationms="8.010" usertimems="19.040" systemtimems="10.068" stalltimems="15.719" timestamp="2024-07-17T18:05:22.465" activeThreads="7">
  <mem-info id="1825" free="25755424" total="70385664" percent="36">
    <mem type="nursery" free="18654960" total="28835840" percent="64">
      <mem type="allocate" free="18654960" total="22020096" percent="84" />
      <mem type="survivor" free="0" total="6815744" percent="0" />
    </mem>
    <mem type="tenure" free="7100464" total="41549824" percent="17">
      <mem type="soa" free="5022768" total="39472128" percent="12" />
      <mem type="loa" free="2077696" total="2077696" percent="100" />
    </mem>
    <pending-finalizers system="28" default="0" reference="261" classloader="0" />
    <remembered-set count="6420" />
  </mem-info>
</gc-end>
<cycle-end id="1826" type="scavenge" contextid="1819" timestamp="2024-07-17T18:05:22.465" />
<allocation-satisfied id="1827" threadId="0000000000848300" bytesRequested="14344" />
<af-end id="1828" timestamp="2024-07-17T18:05:22.466" threadId="0000000000848D38" success="true" from="nursery"/>
<exclusive-end id="1829" timestamp="2024-07-17T18:05:22.466" durationms="10.808" />

<exclusive-start id="1830" timestamp="2024-07-17T18:05:22.589" intervalms="133.245">
  <response-info timems="0.146" idlems="0.089" threads="2" lastid="0000000000863200" lastname="Default Executor-thread-13" />
</exclusive-start>
<af-start id="1831" threadId="0000000000841438" totalBytesRequested="36024" timestamp="2024-07-17T18:05:22.589" intervalms="133.060" type="nursery" />
<cycle-start id="1832" type="scavenge" contextid="0" timestamp="2024-07-17T18:05:22.589" intervalms="133.017" />
<gc-start id="1833" type="scavenge" contextid="1832" timestamp="2024-07-17T18:05:22.590">
  <mem-info id="1834" free="7021184" total="70385664" percent="9">
    <mem type="nursery" free="0" total="28835840" percent="0">
      <mem type="allocate" free="0" total="22020096" percent="0" />
      <mem type="survivor" free="0" total="6815744" percent="0" />
    </mem>
    <mem type="tenure" free="7021184" total="41549824" percent="16">
      <mem type="soa" free="4943488" total="39472128" percent="12" />
      <mem type="loa" free="2077696" total="2077696" percent="100" />
    </mem>
    <remembered-set count="7842" />
  </mem-info>
</gc-start>
<allocation-stats totalBytes="18523800" discardedBytes="210440" >
  <allocated-bytes non-tlh="1076784" tlh="17447016" />
  <largest-consumer threadName="Default Executor-thread-8" threadId="0000000000844700" bytes="4616728" />
</allocation-stats>
<gc-op id="1835" type="scavenge" timems="6.383" contextid="1832" timestamp="2024-07-17T18:05:22.597">
  <scavenger-info tenureage="3" tenuremask="7ec8" tiltratio="76" />
  <memory-copied type="nursery" objects="24873" bytes="1856272" bytesdiscarded="421192" />
  <memory-copied type="tenure" objects="26991" bytes="2028928" bytesdiscarded="1896" />
  <finalization candidates="6" enqueued="4" />
  <ownableSynchronizers candidates="532" cleared="45" />
  <references type="soft" candidates="445" cleared="0" enqueued="0" dynamicThreshold="9" maxThreshold="32" />
  <references type="weak" candidates="598" cleared="196" enqueued="196" />
  <references type="phantom" candidates="90" cleared="2" enqueued="2" />
  <object-monitors candidates="192" cleared="20"  />
</gc-op>
<gc-end id="1836" type="scavenge" contextid="1832" durationms="7.325" usertimems="15.651" systemtimems="14.857" stalltimems="16.049" timestamp="2024-07-17T18:05:22.597" activeThreads="7">
  <mem-info id="1837" free="25719432" total="70385664" percent="36">
    <mem type="nursery" free="20656968" total="28835840" percent="71">
      <mem type="allocate" free="20656968" total="22937600" percent="90" />
      <mem type="survivor" free="0" total="5898240" percent="0" />
    </mem>
    <mem type="tenure" free="5062464" total="41549824" percent="12">
      <mem type="soa" free="2984768" total="39472128" percent="7" />
      <mem type="loa" free="2077696" total="2077696" percent="100" />
    </mem>
    <pending-finalizers system="4" default="0" reference="198" classloader="0" />
    <remembered-set count="3711" />
  </mem-info>
</gc-end>
<cycle-end id="1838" type="scavenge" contextid="1832" timestamp="2024-07-17T18:05:22.597" />
<allocation-satisfied id="1839" threadId="0000000000840A00" bytesRequested="36024" />
<af-end id="1840" timestamp="2024-07-17T18:05:22.598" threadId="0000000000841438" success="true" from="nursery"/>
<exclusive-end id="1841" timestamp="2024-07-17T18:05:22.598" durationms="9.419" />

<concurrent-kickoff id="1842" timestamp="2024-07-17T18:05:22.786">
  <kickoff reason="threshold reached" targetBytes="19518450" thresholdFreeBytes="2702889"  remainingFree="2653320" tenureFreeBytes="4848376" nurseryFreeBytes="2653320" />
</concurrent-kickoff>
<exclusive-start id="1843" timestamp="2024-07-17T18:05:22.786" intervalms="197.450">
  <response-info timems="0.171" idlems="0.092" threads="2" lastid="0000000000863200" lastname="Default Executor-thread-13" />
</exclusive-start>
<cycle-start id="1844" type="global" contextid="0" timestamp="2024-07-17T18:05:22.787" intervalms="1713.797" />
<concurrent-start id="1845" type="global mark" contextid="1844" timestamp="2024-07-17T18:05:22.787">
</concurrent-start>
<exclusive-end id="1846" timestamp="2024-07-17T18:05:22.787" durationms="0.870" />

<concurrent-end id="1847" type="global mark" contextid="1844" timestamp="2024-07-17T18:05:22.829">
<gc-op id="1848" type="trace" timems="42.048" contextid="1844" timestamp="2024-07-17T18:05:22.829">
  <trace bytesTraced="22986284" workStackOverflowCount="0" />
  <card-cleaning reason="card cleaning threshold reached" bytesTraced="55716" cardsCleaned="182" />
</gc-op>
</concurrent-end>

<exclusive-start id="1849" timestamp="2024-07-17T18:05:22.830" intervalms="43.338">
  <response-info timems="0.105" idlems="0.105" threads="0" lastid="0000000000863200" lastname="Default Executor-thread-13" />
</exclusive-start>
<concurrent-global-final id="1850" timestamp="2024-07-17T18:05:22.830" contextid="1844" intervalms="1695.825" >
  <concurrent-trace-info reason="card cleaning threshold reached" tracedByMutators="14654308" tracedByHelpers="8387692" cardsCleaned="182" workStackOverflowCount="0" />
</concurrent-global-final>
<gc-start id="1851" type="global" contextid="1844" timestamp="2024-07-17T18:05:22.831">
  <mem-info id="1852" free="4826576" total="70385664" percent="6">
    <mem type="nursery" free="0" total="28835840" percent="0">
      <mem type="allocate" free="0" total="22937600" percent="0" />
      <mem type="survivor" free="0" total="5898240" percent="0" />
    </mem>
    <mem type="tenure" free="4826576" total="41549824" percent="11">
      <mem type="soa" free="2748880" total="39472128" percent="6" />
      <mem type="loa" free="2077696" total="2077696" percent="100" />
    </mem>
    <remembered-set count="7154" />
  </mem-info>
</gc-start>
<allocation-stats totalBytes="20704224" discardedBytes="188632" >
  <allocated-bytes non-tlh="2089024" tlh="18615200" />
  <largest-consumer threadName="Default Executor-thread-23" threadId="0000000000885300" bytes="4409344" />
</allocation-stats>
<gc-op id="1853" type="rs-scan" timems="2.171" contextid="1844" timestamp="2024-07-17T18:05:22.833">
  <scan objectsFound="31232" bytesTraced="1667820" workStackOverflowCount="0" />
</gc-op>
<gc-op id="1854" type="card-cleaning" timems="0.938" contextid="1844" timestamp="2024-07-17T18:05:22.834">
  <card-cleaning cardsCleaned="15" bytesTraced="5636" workStackOverflowCount="0" />
</gc-op>
<gc-op id="1855" type="mark" timems="14.064" contextid="1844" timestamp="2024-07-17T18:05:22.849">
  <trace-info objectcount="8942" scancount="8356" scanbytes="250804" />
  <finalization candidates="751" enqueued="42" />
  <ownableSynchronizers candidates="7283" cleared="9" />
  <references type="soft" candidates="10834" cleared="0" enqueued="0" dynamicThreshold="9" maxThreshold="32" />
  <references type="weak" candidates="13084" cleared="469" enqueued="469" />
  <references type="phantom" candidates="484" cleared="18" enqueued="18" />
  <stringconstants candidates="33447" cleared="154"  />
  <object-monitors candidates="201" cleared="47"  />
</gc-op>
<gc-op id="1856" type="classunload" timems="1.328" contextid="1844" timestamp="2024-07-17T18:05:22.850">
  <classunload-info classloadercandidates="367" classloadersunloaded="0" classesunloaded="7" anonymousclassesunloaded="7" quiescems="0.000" setupms="1.296" scanms="0.031" postms="0.000" />
</gc-op>
<gc-op id="1857" type="sweep" timems="2.516" contextid="1844" timestamp="2024-07-17T18:05:22.853" />
<heap-resize id="1858" type="expand" space="tenure" amount="8454144" count="1" timems="0.169" reason="insufficient free space following gc" timestamp="2024-07-17T18:05:22.854" />
<gc-end id="1859" type="global" contextid="1844" durationms="23.328" usertimems="8.967" systemtimems="51.984" stalltimems="149.087" timestamp="2024-07-17T18:05:22.854" activeThreads="12">
  <mem-info id="1860" free="34406152" total="78839808" percent="43">
    <mem type="nursery" free="19400112" total="28835840" percent="67">
      <mem type="allocate" free="19400112" total="22937600" percent="84" />
      <mem type="survivor" free="0" total="5898240" percent="0" />
    </mem>
    <mem type="tenure" free="15006040" total="50003968" percent="30" micro-fragmented="1140782" macro-fragmented="0">
      <mem type="soa" free="12505432" total="47503360" percent="26" />
      <mem type="loa" free="2500608" total="2500608" percent="100" />
    </mem>
    <pending-finalizers system="42" default="0" reference="487" classloader="0" />
    <remembered-set count="5026" />
  </mem-info>
</gc-end>
<cycle-end id="1861" type="global" contextid="1844" timestamp="2024-07-17T18:05:22.854" />
<exclusive-end id="1862" timestamp="2024-07-17T18:05:22.854" durationms="24.819" />

<exclusive-start id="1863" timestamp="2024-07-17T18:05:22.871" intervalms="41.153">
  <response-info timems="0.089" idlems="0.089" threads="0" lastid="0000000000885300" lastname="Default Executor-thread-23" />
</exclusive-start>
<af-start id="1864" threadId="0000000000885D38" totalBytesRequested="3520" timestamp="2024-07-17T18:05:22.871" intervalms="281.968" type="nursery" />
<cycle-start id="1865" type="scavenge" contextid="0" timestamp="2024-07-17T18:05:22.871" intervalms="281.957" />
<gc-start id="1866" type="scavenge" contextid="1865" timestamp="2024-07-17T18:05:22.872">
  <mem-info id="1867" free="14964232" total="78839808" percent="18">
    <mem type="nursery" free="0" total="28835840" percent="0">
      <mem type="allocate" free="0" total="22937600" percent="0" />
      <mem type="survivor" free="0" total="5898240" percent="0" />
    </mem>
    <mem type="tenure" free="14964232" total="50003968" percent="29">
      <mem type="soa" free="12463624" total="47503360" percent="26" />
      <mem type="loa" free="2500608" total="2500608" percent="100" />
    </mem>
    <remembered-set count="5262" />
  </mem-info>
</gc-start>
<allocation-stats totalBytes="16078480" discardedBytes="3337872" >
  <allocated-bytes non-tlh="6851424" tlh="9227056" />
  <largest-consumer threadName="Default Executor-thread-23" threadId="0000000000885300" bytes="14307824" />
</allocation-stats>
<gc-op id="1868" type="scavenge" timems="3.853" contextid="1865" timestamp="2024-07-17T18:05:22.876">
  <scavenger-info tenureage="10" tenuremask="7c00" tiltratio="79" />
  <memory-copied type="nursery" objects="41341" bytes="3104664" bytesdiscarded="98344" />
  <ownableSynchronizers candidates="14548" cleared="14412" />
  <references type="soft" candidates="1168" cleared="0" enqueued="0" dynamicThreshold="9" maxThreshold="32" />
  <references type="weak" candidates="640" cleared="8" enqueued="8" />
  <references type="phantom" candidates="135" cleared="0" enqueued="0" />
  <object-monitors candidates="157" cleared="4"  />
</gc-op>
<gc-end id="1869" type="scavenge" contextid="1865" durationms="4.615" usertimems="15.661" systemtimems="0.000" stalltimems="10.558" timestamp="2024-07-17T18:05:22.876" activeThreads="7">
  <mem-info id="1870" free="34827224" total="78839808" percent="44">
    <mem type="nursery" free="19862992" total="28835840" percent="68">
      <mem type="allocate" free="19862992" total="23068672" percent="86" />
      <mem type="survivor" free="0" total="5767168" percent="0" />
    </mem>
    <mem type="tenure" free="14964232" total="50003968" percent="29">
      <mem type="soa" free="12463624" total="47503360" percent="26" />
      <mem type="loa" free="2500608" total="2500608" percent="100" />
    </mem>
    <pending-finalizers system="0" default="0" reference="8" classloader="0" />
    <remembered-set count="4578" />
  </mem-info>
</gc-end>
<cycle-end id="1871" type="scavenge" contextid="1865" timestamp="2024-07-17T18:05:22.877" />
<allocation-satisfied id="1872" threadId="0000000000885300" bytesRequested="3520" />
<af-end id="1873" timestamp="2024-07-17T18:05:22.877" threadId="0000000000885D38" success="true" from="nursery"/>
<exclusive-end id="1874" timestamp="2024-07-17T18:05:22.877" durationms="6.539" />

<exclusive-start id="1875" timestamp="2024-07-17T18:05:23.154" intervalms="283.146">
  <response-info timems="0.067" idlems="0.067" threads="0" lastid="0000000000863200" lastname="Default Executor-thread-13" />
</exclusive-start>
<af-start id="1876" threadId="0000000000863C38" totalBytesRequested="14072" timestamp="2024-07-17T18:05:23.154" intervalms="283.108" type="nursery" />
<cycle-start id="1877" type="scavenge" contextid="0" timestamp="2024-07-17T18:05:23.154" intervalms="283.111" />
<gc-start id="1878" type="scavenge" contextid="1877" timestamp="2024-07-17T18:05:23.155">
  <mem-info id="1879" free="14764472" total="78839808" percent="18">
    <mem type="nursery" free="0" total="28835840" percent="0">
      <mem type="allocate" free="0" total="23068672" percent="0" />
      <mem type="survivor" free="0" total="5767168" percent="0" />
    </mem>
    <mem type="tenure" free="14764472" total="50003968" percent="29">
      <mem type="soa" free="12263864" total="47503360" percent="25" />
      <mem type="loa" free="2500608" total="2500608" percent="100" />
    </mem>
    <remembered-set count="7644" />
  </mem-info>
</gc-start>
<allocation-stats totalBytes="19627248" discardedBytes="416048" >
  <allocated-bytes non-tlh="512744" tlh="19114504" />
  <largest-consumer threadName="Default Executor-thread-13" threadId="0000000000863200" bytes="6080152" />
</allocation-stats>
<gc-op id="1880" type="scavenge" timems="5.324" contextid="1877" timestamp="2024-07-17T18:05:23.161">
  <scavenger-info tenureage="10" tenuremask="7c00" tiltratio="80" />
  <memory-copied type="nursery" objects="64677" bytes="4523216" bytesdiscarded="124832" />
  <finalization candidates="121" enqueued="120" />
  <ownableSynchronizers candidates="242" cleared="13" />
  <references type="soft" candidates="1436" cleared="0" enqueued="0" dynamicThreshold="9" maxThreshold="32" />
  <references type="weak" candidates="1333" cleared="331" enqueued="308" />
  <references type="phantom" candidates="225" cleared="48" enqueued="48" />
  <object-monitors candidates="178" cleared="18"  />
</gc-op>
<gc-end id="1881" type="scavenge" contextid="1877" durationms="6.160" usertimems="19.887" systemtimems="2.431" stalltimems="14.712" timestamp="2024-07-17T18:05:23.161" activeThreads="7">
  <mem-info id="1882" free="32262144" total="78839808" percent="40">
    <mem type="nursery" free="17497672" total="28835840" percent="60">
      <mem type="allocate" free="17497672" total="22151168" percent="78" />
      <mem type="survivor" free="0" total="6684672" percent="0" />
    </mem>
    <mem type="tenure" free="14764472" total="50003968" percent="29">
      <mem type="soa" free="12263864" total="47503360" percent="25" />
      <mem type="loa" free="2500608" total="2500608" percent="100" />
    </mem>
    <pending-finalizers system="117" default="3" reference="356" classloader="0" />
    <remembered-set count="6610" />
  </mem-info>
</gc-end>
<cycle-end id="1883" type="scavenge" contextid="1877" timestamp="2024-07-17T18:05:23.161" />
<allocation-satisfied id="1884" threadId="0000000000863200" bytesRequested="14072" />
<af-end id="1885" timestamp="2024-07-17T18:05:23.162" threadId="0000000000863C38" success="true" from="nursery"/>
<exclusive-end id="1886" timestamp="2024-07-17T18:05:23.162" durationms="8.236" />

<exclusive-start id="1887" timestamp="2024-07-17T18:05:23.606" intervalms="451.910">
  <response-info timems="0.060" idlems="0.060" threads="0" lastid="0000000000863200" lastname="Default Executor-thread-13" />
</exclusive-start>
<af-start id="1888" threadId="0000000000863C38" totalBytesRequested="40" timestamp="2024-07-17T18:05:23.606" intervalms="451.926" type="nursery" />
<cycle-start id="1889" type="scavenge" contextid="0" timestamp="2024-07-17T18:05:23.606" intervalms="451.913" />
<gc-start id="1890" type="scavenge" contextid="1889" timestamp="2024-07-17T18:05:23.607">
  <mem-info id="1891" free="14626104" total="78839808" percent="18">
    <mem type="nursery" free="0" total="28835840" percent="0">
      <mem type="allocate" free="0" total="22151168" percent="0" />
      <mem type="survivor" free="0" total="6684672" percent="0" />
    </mem>
    <mem type="tenure" free="14626104" total="50003968" percent="29">
      <mem type="soa" free="12125496" total="47503360" percent="25" />
      <mem type="loa" free="2500608" total="2500608" percent="100" />
    </mem>
    <remembered-set count="10350" />
  </mem-info>
</gc-start>
<allocation-stats totalBytes="17531808" discardedBytes="97576" >
  <allocated-bytes non-tlh="731888" tlh="16799920" />
  <largest-consumer threadName="Default Executor-thread-13" threadId="0000000000863200" bytes="8270120" />
</allocation-stats>
<gc-op id="1892" type="scavenge" timems="5.484" contextid="1889" timestamp="2024-07-17T18:05:23.613">
  <scavenger-info tenureage="3" tenuremask="7c28" tiltratio="76" />
  <memory-copied type="nursery" objects="58153" bytes="3483264" bytesdiscarded="104496" />
  <memory-copied type="tenure" objects="17303" bytes="1411984" bytesdiscarded="7024" />
  <finalization candidates="86" enqueued="78" />
  <ownableSynchronizers candidates="351" cleared="26" />
  <references type="soft" candidates="1219" cleared="0" enqueued="0" dynamicThreshold="9" maxThreshold="32" />
  <references type="weak" candidates="1137" cleared="225" enqueued="222" />
  <references type="phantom" candidates="175" cleared="24" enqueued="24" />
  <object-monitors candidates="175" cleared="9"  />
</gc-op>
<gc-end id="1893" type="scavenge" contextid="1889" durationms="6.534" usertimems="23.414" systemtimems="2.839" stalltimems="12.745" timestamp="2024-07-17T18:05:23.613" activeThreads="7">
  <mem-info id="1894" free="31752232" total="78839808" percent="40">
    <mem type="nursery" free="18821048" total="28835840" percent="65">
      <mem type="allocate" free="18821048" total="22413312" percent="83" />
      <mem type="survivor" free="0" total="6422528" percent="0" />
    </mem>
    <mem type="tenure" free="12931184" total="50003968" percent="25">
      <mem type="soa" free="10430576" total="47503360" percent="21" />
      <mem type="loa" free="2500608" total="2500608" percent="100" />
    </mem>
    <pending-finalizers system="64" default="14" reference="246" classloader="0" />
    <remembered-set count="7333" />
  </mem-info>
</gc-end>
<cycle-end id="1895" type="scavenge" contextid="1889" timestamp="2024-07-17T18:05:23.614" />
<allocation-satisfied id="1896" threadId="0000000000863200" bytesRequested="40" />
<af-end id="1897" timestamp="2024-07-17T18:05:23.614" threadId="0000000000863C38" success="true" from="nursery"/>
<exclusive-end id="1898" timestamp="2024-07-17T18:05:23.614" durationms="8.538" />

<exclusive-start id="1899" timestamp="2024-07-17T18:05:23.850" intervalms="243.810">
  <response-info timems="0.063" idlems="0.063" threads="0" lastid="0000000000863200" lastname="Default Executor-thread-13" />
</exclusive-start>
<af-start id="1900" threadId="0000000000863C38" totalBytesRequested="8200" timestamp="2024-07-17T18:05:23.850" intervalms="243.810" type="nursery" />
<cycle-start id="1901" type="scavenge" contextid="0" timestamp="2024-07-17T18:05:23.850" intervalms="243.823" />
<gc-start id="1902" type="scavenge" contextid="1901" timestamp="2024-07-17T18:05:23.851">
  <mem-info id="1903" free="12931136" total="78839808" percent="16">
    <mem type="nursery" free="0" total="28835840" percent="0">
      <mem type="allocate" free="0" total="22413312" percent="0" />
      <mem type="survivor" free="0" total="6422528" percent="0" />
    </mem>
    <mem type="tenure" free="12931136" total="50003968" percent="25">
      <mem type="soa" free="10430528" total="47503360" percent="21" />
      <mem type="loa" free="2500608" total="2500608" percent="100" />
    </mem>
    <remembered-set count="7406" />
  </mem-info>
</gc-start>
<allocation-stats totalBytes="18811608" discardedBytes="9488" >
  <allocated-bytes non-tlh="206064" tlh="18605544" />
  <largest-consumer threadName="Default Executor-thread-13" threadId="0000000000863200" bytes="18758368" />
</allocation-stats>
<gc-op id="1904" type="scavenge" timems="6.545" contextid="1901" timestamp="2024-07-17T18:05:23.858">
  <scavenger-info tenureage="5" tenuremask="7c20" tiltratio="77" />
  <memory-copied type="nursery" objects="112085" bytes="5746832" bytesdiscarded="93672" />
  <memory-copied type="tenure" objects="4199" bytes="213352" bytesdiscarded="248" />
  <finalization candidates="101" enqueued="61" />
  <ownableSynchronizers candidates="261" cleared="35" />
  <references type="soft" candidates="1115" cleared="0" enqueued="0" dynamicThreshold="9" maxThreshold="32" />
  <references type="weak" candidates="894" cleared="32" enqueued="32" />
  <references type="phantom" candidates="162" cleared="0" enqueued="0" />
  <object-monitors candidates="166" cleared="0"  />
</gc-op>
<gc-end id="1905" type="scavenge" contextid="1901" durationms="7.697" usertimems="29.582" systemtimems="0.000" stalltimems="16.183" timestamp="2024-07-17T18:05:23.858" activeThreads="7">
  <mem-info id="1906" free="26762368" total="78839808" percent="33">
    <mem type="nursery" free="14272072" total="28835840" percent="49">
      <mem type="allocate" free="14272072" total="20119552" percent="70" />
      <mem type="survivor" free="0" total="8716288" percent="0" />
    </mem>
    <mem type="tenure" free="12490296" total="50003968" percent="24">
      <mem type="soa" free="9989688" total="47503360" percent="21" />
      <mem type="loa" free="2500608" total="2500608" percent="100" />
    </mem>
    <pending-finalizers system="0" default="61" reference="32" classloader="0" />
    <remembered-set count="4323" />
  </mem-info>
</gc-end>
<cycle-end id="1907" type="scavenge" contextid="1901" timestamp="2024-07-17T18:05:23.859" />
<allocation-satisfied id="1908" threadId="0000000000863200" bytesRequested="8200" />
<af-end id="1909" timestamp="2024-07-17T18:05:23.860" threadId="0000000000863C38" success="true" from="nursery"/>
<exclusive-end id="1910" timestamp="2024-07-17T18:05:23.860" durationms="10.241" />

<exclusive-start id="1911" timestamp="2024-07-17T18:05:23.970" intervalms="120.415">
  <response-info timems="0.076" idlems="0.076" threads="0" lastid="0000000000863200" lastname="Default Executor-thread-13" />
</exclusive-start>
<af-start id="1912" threadId="0000000000863C38" totalBytesRequested="16392" timestamp="2024-07-17T18:05:23.970" intervalms="120.553" type="nursery" />
<cycle-start id="1913" type="scavenge" contextid="0" timestamp="2024-07-17T18:05:23.971" intervalms="120.717" />
<gc-start id="1914" type="scavenge" contextid="1913" timestamp="2024-07-17T18:05:23.971">
  <mem-info id="1915" free="12482800" total="78839808" percent="15">
    <mem type="nursery" free="0" total="28835840" percent="0">
      <mem type="allocate" free="0" total="20119552" percent="0" />
      <mem type="survivor" free="0" total="8716288" percent="0" />
    </mem>
    <mem type="tenure" free="12482800" total="50003968" percent="24">
      <mem type="soa" free="9982192" total="47503360" percent="21" />
      <mem type="loa" free="2500608" total="2500608" percent="100" />
    </mem>
    <remembered-set count="4465" />
  </mem-info>
</gc-start>
<allocation-stats totalBytes="14243776" discardedBytes="35792" >
  <allocated-bytes non-tlh="15696" tlh="14228080" />
  <largest-consumer threadName="Default Executor-thread-13" threadId="0000000000863200" bytes="14227392" />
</allocation-stats>
<gc-op id="1916" type="scavenge" timems="7.204" contextid="1913" timestamp="2024-07-17T18:05:23.979">
  <scavenger-info tenureage="3" tenuremask="7c18" tiltratio="69" />
  <memory-copied type="nursery" objects="104710" bytes="4378472" bytesdiscarded="99432" />
  <memory-copied type="tenure" objects="29245" bytes="2081528" bytesdiscarded="832" />
  <finalization candidates="104" enqueued="59" />
  <ownableSynchronizers candidates="236" cleared="10" />
  <references type="soft" candidates="204" cleared="0" enqueued="0" dynamicThreshold="9" maxThreshold="32" />
  <references type="weak" candidates="286" cleared="30" enqueued="30" />
  <references type="phantom" candidates="66" cleared="1" enqueued="1" />
  <object-monitors candidates="166" cleared="0"  />
</gc-op>
<heap-resize id="1917" type="expand" space="nursery" amount="1048576" count="1" timems="0.030" reason="excessive time being spent scavenging" timestamp="2024-07-17T18:05:23.980" />
<gc-end id="1918" type="scavenge" contextid="1913" durationms="8.579" usertimems="33.972" systemtimems="0.000" stalltimems="16.141" timestamp="2024-07-17T18:05:23.980" activeThreads="7">
  <mem-info id="1919" free="26933968" total="79888384" percent="33">
    <mem type="nursery" free="16749472" total="29884416" percent="56">
      <mem type="allocate" free="16749472" total="21233664" percent="78" />
      <mem type="survivor" free="0" total="8650752" percent="0" />
    </mem>
    <mem type="tenure" free="10184496" total="50003968" percent="20">
      <mem type="soa" free="7683888" total="47503360" percent="16" />
      <mem type="loa" free="2500608" total="2500608" percent="100" />
    </mem>
    <pending-finalizers system="2" default="57" reference="31" classloader="0" />
    <remembered-set count="1276" />
  </mem-info>
</gc-end>
<cycle-end id="1920" type="scavenge" contextid="1913" timestamp="2024-07-17T18:05:23.980" />
<allocation-satisfied id="1921" threadId="0000000000863200" bytesRequested="16392" />
<af-end id="1922" timestamp="2024-07-17T18:05:23.981" threadId="0000000000863C38" success="true" from="nursery"/>
<exclusive-end id="1923" timestamp="2024-07-17T18:05:23.981" durationms="11.431" />

<exclusive-start id="1924" timestamp="2024-07-17T18:05:24.090" intervalms="120.061">
  <response-info timems="0.065" idlems="0.065" threads="0" lastid="0000000000863200" lastname="Default Executor-thread-13" />
</exclusive-start>
<af-start id="1925" threadId="0000000000863C38" totalBytesRequested="3984" timestamp="2024-07-17T18:05:24.090" intervalms="119.940" type="nursery" />
<cycle-start id="1926" type="scavenge" contextid="0" timestamp="2024-07-17T18:05:24.091" intervalms="119.837" />
<gc-start id="1927" type="scavenge" contextid="1926" timestamp="2024-07-17T18:05:24.091">
  <mem-info id="1928" free="10156256" total="79888384" percent="12">
    <mem type="nursery" free="0" total="29884416" percent="0">
      <mem type="allocate" free="0" total="21233664" percent="0" />
      <mem type="survivor" free="0" total="8650752" percent="0" />
    </mem>
    <mem type="tenure" free="10156256" total="50003968" percent="20">
      <mem type="soa" free="7655648" total="47503360" percent="16" />
      <mem type="loa" free="2500608" total="2500608" percent="100" />
    </mem>
    <remembered-set count="1995" />
  </mem-info>
</gc-start>
<allocation-stats totalBytes="16648032" discardedBytes="129680" >
  <allocated-bytes non-tlh="175720" tlh="16472312" />
  <largest-consumer threadName="Default Executor-thread-13" threadId="0000000000863200" bytes="16619360" />
</allocation-stats>
<gc-op id="1929" type="scavenge" timems="5.764" contextid="1926" timestamp="2024-07-17T18:05:24.098">
  <scavenger-info tenureage="10" tenuremask="7c00" tiltratio="71" />
  <memory-copied type="nursery" objects="112006" bytes="5059712" bytesdiscarded="78056" />
  <finalization candidates="134" enqueued="90" />
  <ownableSynchronizers candidates="103" cleared="0" />
  <references type="soft" candidates="321" cleared="0" enqueued="0" dynamicThreshold="9" maxThreshold="32" />
  <references type="weak" candidates="349" cleared="43" enqueued="43" />
  <references type="phantom" candidates="98" cleared="1" enqueued="1" />
  <object-monitors candidates="166" cleared="0"  />
</gc-op>
<gc-end id="1930" type="scavenge" contextid="1926" durationms="6.765" usertimems="25.616" systemtimems="0.000" stalltimems="14.763" timestamp="2024-07-17T18:05:24.098" activeThreads="7">
  <mem-info id="1931" free="26898968" total="79888384" percent="33">
    <mem type="nursery" free="16742712" total="29884416" percent="56">
      <mem type="allocate" free="16742712" total="21889024" percent="76" />
      <mem type="survivor" free="0" total="7995392" percent="0" />
    </mem>
    <mem type="tenure" free="10156256" total="50003968" percent="20">
      <mem type="soa" free="7655648" total="47503360" percent="16" />
      <mem type="loa" free="2500608" total="2500608" percent="100" />
    </mem>
    <pending-finalizers system="2" default="88" reference="44" classloader="0" />
    <remembered-set count="1739" />
  </mem-info>
</gc-end>
<cycle-end id="1932" type="scavenge" contextid="1926" timestamp="2024-07-17T18:05:24.098" />
<allocation-satisfied id="1933" threadId="0000000000863200" bytesRequested="3984" />
<af-end id="1934" timestamp="2024-07-17T18:05:24.099" threadId="0000000000863C38" success="true" from="nursery"/>
<exclusive-end id="1935" timestamp="2024-07-17T18:05:24.099" durationms="9.184" />

<exclusive-start id="1936" timestamp="2024-07-17T18:05:24.226" intervalms="136.115">
  <response-info timems="0.066" idlems="0.066" threads="0" lastid="0000000000863200" lastname="Default Executor-thread-13" />
</exclusive-start>
<af-start id="1937" threadId="0000000000863C38" totalBytesRequested="2064" timestamp="2024-07-17T18:05:24.227" intervalms="136.125" type="nursery" />
<cycle-start id="1938" type="scavenge" contextid="0" timestamp="2024-07-17T18:05:24.227" intervalms="136.133" />
<gc-start id="1939" type="scavenge" contextid="1938" timestamp="2024-07-17T18:05:24.227">
  <mem-info id="1940" free="10104648" total="79888384" percent="12">
    <mem type="nursery" free="0" total="29884416" percent="0">
      <mem type="allocate" free="0" total="21889024" percent="0" />
      <mem type="survivor" free="0" total="7995392" percent="0" />
    </mem>
    <mem type="tenure" free="10104648" total="50003968" percent="20">
      <mem type="soa" free="7604040" total="47503360" percent="16" />
      <mem type="loa" free="2500608" total="2500608" percent="100" />
    </mem>
    <remembered-set count="3729" />
  </mem-info>
</gc-start>
<allocation-stats totalBytes="16783528" discardedBytes="10792" >
  <allocated-bytes non-tlh="819168" tlh="15964360" />
  <largest-consumer threadName="Default Executor-thread-13" threadId="0000000000863200" bytes="16750760" />
</allocation-stats>
<gc-op id="1941" type="scavenge" timems="5.843" contextid="1938" timestamp="2024-07-17T18:05:24.234">
  <scavenger-info tenureage="3" tenuremask="7c18" tiltratio="73" />
  <memory-copied type="nursery" objects="29890" bytes="2958688" bytesdiscarded="240488" />
  <memory-copied type="tenure" objects="70885" bytes="3064160" bytesdiscarded="2232" />
  <finalization candidates="102" enqueued="58" />
  <ownableSynchronizers candidates="122" cleared="6" />
  <references type="soft" candidates="712" cleared="0" enqueued="0" dynamicThreshold="9" maxThreshold="32" />
  <references type="weak" candidates="994" cleared="125" enqueued="125" />
  <references type="phantom" candidates="152" cleared="7" enqueued="7" />
  <object-monitors candidates="166" cleared="1"  />
</gc-op>
<gc-end id="1942" type="scavenge" contextid="1938" durationms="6.880" usertimems="25.477" systemtimems="0.142" stalltimems="13.585" timestamp="2024-07-17T18:05:24.234" activeThreads="7">
  <mem-info id="1943" free="26550728" total="79888384" percent="33">
    <mem type="nursery" free="19079360" total="29884416" percent="63">
      <mem type="allocate" free="19079360" total="22282240" percent="85" />
      <mem type="survivor" free="0" total="7602176" percent="0" />
    </mem>
    <mem type="tenure" free="7471368" total="50003968" percent="14">
      <mem type="soa" free="4970760" total="47503360" percent="10" />
      <mem type="loa" free="2500608" total="2500608" percent="100" />
    </mem>
    <pending-finalizers system="14" default="44" reference="132" classloader="0" />
    <remembered-set count="1941" />
  </mem-info>
</gc-end>
<cycle-end id="1944" type="scavenge" contextid="1938" timestamp="2024-07-17T18:05:24.235" />
<allocation-satisfied id="1945" threadId="0000000000863200" bytesRequested="2064" />
<af-end id="1946" timestamp="2024-07-17T18:05:24.235" threadId="0000000000863C38" success="true" from="nursery"/>
<exclusive-end id="1947" timestamp="2024-07-17T18:05:24.235" durationms="9.321" />

<concurrent-kickoff id="1948" timestamp="2024-07-17T18:05:24.400">
  <kickoff reason="threshold reached" targetBytes="24312981" thresholdFreeBytes="3363526"  remainingFree="3350720" tenureFreeBytes="7337232" nurseryFreeBytes="3350720" />
</concurrent-kickoff>
<exclusive-start id="1949" timestamp="2024-07-17T18:05:24.401" intervalms="174.428">
  <response-info timems="0.065" idlems="0.065" threads="0" lastid="0000000000863200" lastname="Default Executor-thread-13" />
</exclusive-start>
<cycle-start id="1950" type="global" contextid="0" timestamp="2024-07-17T18:05:24.401" intervalms="1614.367" />
<concurrent-start id="1951" type="global mark" contextid="1950" timestamp="2024-07-17T18:05:24.401">
</concurrent-start>
<exclusive-end id="1952" timestamp="2024-07-17T18:05:24.401" durationms="0.835" />

<concurrent-end id="1953" type="global mark" contextid="1950" timestamp="2024-07-17T18:05:24.466">
<gc-op id="1954" type="trace" timems="65.045" contextid="1950" timestamp="2024-07-17T18:05:24.466">
  <trace bytesTraced="26508060" workStackOverflowCount="0" />
  <card-cleaning reason="card cleaning threshold reached" bytesTraced="30764" cardsCleaned="123" />
</gc-op>
</concurrent-end>

<exclusive-start id="1955" timestamp="2024-07-17T18:05:24.467" intervalms="66.349">
  <response-info timems="0.079" idlems="0.079" threads="0" lastid="0000000000863200" lastname="Default Executor-thread-13" />
</exclusive-start>
<concurrent-global-final id="1956" timestamp="2024-07-17T18:05:24.467" contextid="1950" intervalms="1637.447" >
  <concurrent-trace-info reason="card cleaning threshold reached" tracedByMutators="4053468" tracedByHelpers="22485356" cardsCleaned="123" workStackOverflowCount="0" />
</concurrent-global-final>
<gc-start id="1957" type="global" contextid="1950" timestamp="2024-07-17T18:05:24.468">
  <mem-info id="1958" free="7498624" total="79888384" percent="9">
    <mem type="nursery" free="196800" total="29884416" percent="0">
      <mem type="allocate" free="196800" total="22282240" percent="0" />
      <mem type="survivor" free="0" total="7602176" percent="0" />
    </mem>
    <mem type="tenure" free="7301824" total="50003968" percent="14">
      <mem type="soa" free="4801216" total="47503360" percent="10" />
      <mem type="loa" free="2500608" total="2500608" percent="100" />
    </mem>
    <remembered-set count="4268" />
  </mem-info>
</gc-start>
<allocation-stats totalBytes="18885552" discardedBytes="166552" >
  <allocated-bytes non-tlh="310632" tlh="18574920" />
  <largest-consumer threadName="Default Executor-thread-13" threadId="0000000000863200" bytes="18661208" />
</allocation-stats>
<gc-op id="1959" type="rs-scan" timems="2.973" contextid="1950" timestamp="2024-07-17T18:05:24.471">
  <scan objectsFound="33181" bytesTraced="1233396" workStackOverflowCount="0" />
</gc-op>
<gc-op id="1960" type="card-cleaning" timems="1.298" contextid="1950" timestamp="2024-07-17T18:05:24.473">
  <card-cleaning cardsCleaned="5" bytesTraced="13700" workStackOverflowCount="0" />
</gc-op>
<gc-op id="1961" type="mark" timems="15.793" contextid="1950" timestamp="2024-07-17T18:05:24.489">
  <trace-info objectcount="6960" scancount="6533" scanbytes="202412" />
  <finalization candidates="770" enqueued="16" />
  <ownableSynchronizers candidates="7649" cleared="33" />
  <references type="soft" candidates="12141" cleared="6" enqueued="4" dynamicThreshold="9" maxThreshold="32" />
  <references type="weak" candidates="14553" cleared="240" enqueued="240" />
  <references type="phantom" candidates="391" cleared="9" enqueued="9" />
  <stringconstants candidates="37142" cleared="138"  />
  <object-monitors candidates="165" cleared="12"  />
</gc-op>
<gc-op id="1962" type="classunload" timems="1.981" contextid="1950" timestamp="2024-07-17T18:05:24.492">
  <classunload-info classloadercandidates="388" classloadersunloaded="1" classesunloaded="11" anonymousclassesunloaded="10" quiescems="0.000" setupms="1.888" scanms="0.078" postms="0.014" />
</gc-op>
<gc-op id="1963" type="sweep" timems="2.479" contextid="1950" timestamp="2024-07-17T18:05:24.495" />
<heap-resize id="1964" type="expand" space="tenure" amount="7798784" count="1" timems="0.536" reason="insufficient free space following gc" timestamp="2024-07-17T18:05:24.496" />
<gc-end id="1965" type="global" contextid="1950" durationms="28.157" usertimems="28.899" systemtimems="41.689" stalltimems="165.839" timestamp="2024-07-17T18:05:24.496" activeThreads="12">
  <mem-info id="1966" free="35119480" total="87687168" percent="40">
    <mem type="nursery" free="17748880" total="29884416" percent="59">
      <mem type="allocate" free="17748880" total="22282240" percent="79" />
      <mem type="survivor" free="0" total="7602176" percent="0" />
    </mem>
    <mem type="tenure" free="17370600" total="57802752" percent="30" micro-fragmented="1499365" macro-fragmented="0">
      <mem type="soa" free="14479848" total="54912000" percent="26" />
      <mem type="loa" free="2890752" total="2890752" percent="100" />
    </mem>
    <pending-finalizers system="16" default="0" reference="253" classloader="0" />
    <remembered-set count="3345" />
  </mem-info>
</gc-end>
<cycle-end id="1967" type="global" contextid="1950" timestamp="2024-07-17T18:05:24.497" />
<exclusive-end id="1968" timestamp="2024-07-17T18:05:24.497" durationms="29.938" />

<exclusive-start id="1969" timestamp="2024-07-17T18:05:24.721" intervalms="254.091">
  <response-info timems="0.094" idlems="0.094" threads="0" lastid="0000000000848300" lastname="Default Executor-thread-9" />
</exclusive-start>
<af-start id="1970" threadId="0000000000848D38" totalBytesRequested="354944" timestamp="2024-07-17T18:05:24.721" intervalms="494.921" type="nursery" />
<cycle-start id="1971" type="scavenge" contextid="0" timestamp="2024-07-17T18:05:24.722" intervalms="494.890" />
<gc-start id="1972" type="scavenge" contextid="1971" timestamp="2024-07-17T18:05:24.722">
  <mem-info id="1973" free="19862560" total="87687168" percent="22">
    <mem type="nursery" free="2576960" total="29884416" percent="8">
      <mem type="allocate" free="2576960" total="22282240" percent="11" />
      <mem type="survivor" free="0" total="7602176" percent="0" />
    </mem>
    <mem type="tenure" free="17285600" total="57802752" percent="29">
      <mem type="soa" free="14394848" total="54912000" percent="26" />
      <mem type="loa" free="2890752" total="2890752" percent="100" />
    </mem>
    <remembered-set count="4548" />
  </mem-info>
</gc-start>
<allocation-stats totalBytes="15026432" discardedBytes="195288" >
  <allocated-bytes non-tlh="3053352" tlh="11973080" />
  <largest-consumer threadName="Default Executor-thread-13" threadId="0000000000863200" bytes="5856704" />
</allocation-stats>
<gc-op id="1974" type="scavenge" timems="5.593" contextid="1971" timestamp="2024-07-17T18:05:24.728">
  <scavenger-info tenureage="10" tenuremask="7c00" tiltratio="74" />
  <memory-copied type="nursery" objects="72002" bytes="5646384" bytesdiscarded="166816" />
  <finalization candidates="90" enqueued="60" />
  <ownableSynchronizers candidates="15142" cleared="14932" />
  <references type="soft" candidates="981" cleared="0" enqueued="0" dynamicThreshold="9" maxThreshold="32" />
  <references type="weak" candidates="1354" cleared="147" enqueued="147" />
  <references type="phantom" candidates="301" cleared="45" enqueued="45" />
  <object-monitors candidates="164" cleared="8"  />
</gc-op>
<gc-end id="1975" type="scavenge" contextid="1971" durationms="6.520" usertimems="21.477" systemtimems="1.442" stalltimems="15.456" timestamp="2024-07-17T18:05:24.729" activeThreads="7">
  <mem-info id="1976" free="32045424" total="87687168" percent="36">
    <mem type="nursery" free="14759824" total="29884416" percent="49">
      <mem type="allocate" free="14759824" total="20578304" percent="71" />
      <mem type="survivor" free="0" total="9306112" percent="0" />
    </mem>
    <mem type="tenure" free="17285600" total="57802752" percent="29">
      <mem type="soa" free="14394848" total="54912000" percent="26" />
      <mem type="loa" free="2890752" total="2890752" percent="100" />
    </mem>
    <pending-finalizers system="23" default="37" reference="192" classloader="0" />
    <remembered-set count="3872" />
  </mem-info>
</gc-end>
<cycle-end id="1977" type="scavenge" contextid="1971" timestamp="2024-07-17T18:05:24.729" />
<allocation-satisfied id="1978" threadId="0000000000848300" bytesRequested="354944" />
<af-end id="1979" timestamp="2024-07-17T18:05:24.730" threadId="0000000000848D38" success="true" from="nursery"/>
<exclusive-end id="1980" timestamp="2024-07-17T18:05:24.730" durationms="8.930" />

<exclusive-start id="1981" timestamp="2024-07-17T18:05:24.779" intervalms="57.915">
  <response-info timems="0.094" idlems="0.071" threads="2" lastid="0000000000844700" lastname="Default Executor-thread-8" />
</exclusive-start>
<af-start id="1982" threadId="0000000001403538" totalBytesRequested="56" timestamp="2024-07-17T18:05:24.779" intervalms="57.958" type="nursery" />
<cycle-start id="1983" type="scavenge" contextid="0" timestamp="2024-07-17T18:05:24.780" intervalms="57.989" />
<gc-start id="1984" type="scavenge" contextid="1983" timestamp="2024-07-17T18:05:24.780">
  <mem-info id="1985" free="17283784" total="87687168" percent="19">
    <mem type="nursery" free="0" total="29884416" percent="0">
      <mem type="allocate" free="0" total="20578304" percent="0" />
      <mem type="survivor" free="0" total="9306112" percent="0" />
    </mem>
    <mem type="tenure" free="17283784" total="57802752" percent="29">
      <mem type="soa" free="14393032" total="54912000" percent="26" />
      <mem type="loa" free="2890752" total="2890752" percent="100" />
    </mem>
    <remembered-set count="4061" />
  </mem-info>
</gc-start>
<allocation-stats totalBytes="14739744" discardedBytes="21896" >
  <allocated-bytes non-tlh="1717248" tlh="13022496" />
  <largest-consumer threadName="Default Executor-thread-20" threadId="000000000087DA00" bytes="5155912" />
</allocation-stats>
<gc-op id="1986" type="scavenge" timems="8.132" contextid="1983" timestamp="2024-07-17T18:05:24.789">
  <scavenger-info tenureage="4" tenuremask="7c10" tiltratio="68" />
  <memory-copied type="nursery" objects="99546" bytes="7117408" bytesdiscarded="122840" />
  <memory-copied type="tenure" objects="13462" bytes="584000" bytesdiscarded="2216" />
  <finalization candidates="62" enqueued="31" />
  <ownableSynchronizers candidates="398" cleared="96" />
  <references type="soft" candidates="979" cleared="0" enqueued="0" dynamicThreshold="9" maxThreshold="32" />
  <references type="weak" candidates="1274" cleared="21" enqueued="21" />
  <references type="phantom" candidates="271" cleared="19" enqueued="19" />
  <object-monitors candidates="157" cleared="0"  />
</gc-op>
<heap-resize id="1987" type="expand" space="nursery" amount="2621440" count="1" timems="0.048" reason="excessive time being spent scavenging" timestamp="2024-07-17T18:05:24.790" />
<gc-end id="1988" type="scavenge" contextid="1983" durationms="9.472" usertimems="39.819" systemtimems="0.000" stalltimems="17.659" timestamp="2024-07-17T18:05:24.790" activeThreads="7">
  <mem-info id="1989" free="31116208" total="90308608" percent="34">
    <mem type="nursery" free="14578216" total="32505856" percent="44">
      <mem type="allocate" free="14578216" total="21823488" percent="66" />
      <mem type="survivor" free="0" total="10682368" percent="0" />
    </mem>
    <mem type="tenure" free="16537992" total="57802752" percent="28">
      <mem type="soa" free="13647240" total="54912000" percent="24" />
      <mem type="loa" free="2890752" total="2890752" percent="100" />
    </mem>
    <pending-finalizers system="0" default="31" reference="40" classloader="0" />
    <remembered-set count="3424" />
  </mem-info>
</gc-end>
<cycle-end id="1990" type="scavenge" contextid="1983" timestamp="2024-07-17T18:05:24.790" />
<allocation-satisfied id="1991" threadId="0000000001402B00" bytesRequested="56" />
<af-end id="1992" timestamp="2024-07-17T18:05:24.791" threadId="0000000001403538" success="true" from="nursery"/>
<exclusive-end id="1993" timestamp="2024-07-17T18:05:24.791" durationms="12.215" />

<exclusive-start id="1994" timestamp="2024-07-17T18:05:24.829" intervalms="50.504">
  <response-info timems="0.072" idlems="0.039" threads="3" lastid="0000000000876100" lastname="Default Executor-thread-18" />
</exclusive-start>
<af-start id="1995" threadId="000000000087E438" totalBytesRequested="5856" timestamp="2024-07-17T18:05:24.830" intervalms="50.352" type="nursery" />
<cycle-start id="1996" type="scavenge" contextid="0" timestamp="2024-07-17T18:05:24.830" intervalms="50.284" />
<gc-start id="1997" type="scavenge" contextid="1996" timestamp="2024-07-17T18:05:24.830">
  <mem-info id="1998" free="16536936" total="90308608" percent="18">
    <mem type="nursery" free="0" total="32505856" percent="0">
      <mem type="allocate" free="0" total="21823488" percent="0" />
      <mem type="survivor" free="0" total="10682368" percent="0" />
    </mem>
    <mem type="tenure" free="16536936" total="57802752" percent="28">
      <mem type="soa" free="13646184" total="54912000" percent="24" />
      <mem type="loa" free="2890752" total="2890752" percent="100" />
    </mem>
    <remembered-set count="3468" />
  </mem-info>
</gc-start>
<allocation-stats totalBytes="14492024" discardedBytes="87248" >
  <allocated-bytes non-tlh="1642360" tlh="12849664" />
  <largest-consumer threadName="Default Executor-thread-20" threadId="000000000087DA00" bytes="4210672" />
</allocation-stats>
<gc-op id="1999" type="scavenge" timems="7.384" contextid="1996" timestamp="2024-07-17T18:05:24.838">
  <scavenger-info tenureage="3" tenuremask="7e08" tiltratio="67" />
  <memory-copied type="nursery" objects="99986" bytes="7946960" bytesdiscarded="145944" />
  <memory-copied type="tenure" objects="8136" bytes="1747016" bytesdiscarded="5536" />
  <finalization candidates="385" enqueued="362" />
  <ownableSynchronizers candidates="303" cleared="0" />
  <references type="soft" candidates="386" cleared="0" enqueued="0" dynamicThreshold="9" maxThreshold="32" />
  <references type="weak" candidates="470" cleared="16" enqueued="16" />
  <references type="phantom" candidates="171" cleared="12" enqueued="12" />
  <object-monitors candidates="157" cleared="0"  />
</gc-op>
<heap-resize id="2000" type="expand" space="nursery" amount="2621440" count="1" timems="0.036" reason="excessive time being spent scavenging" timestamp="2024-07-17T18:05:24.839" />
<gc-end id="2001" type="scavenge" contextid="1996" durationms="8.507" usertimems="29.299" systemtimems="6.050" stalltimems="15.996" timestamp="2024-07-17T18:05:24.839" activeThreads="7">
  <mem-info id="2002" free="30745456" total="92930048" percent="33">
    <mem type="nursery" free="16019864" total="35127296" percent="45">
      <mem type="allocate" free="16019864" total="24117248" percent="66" />
      <mem type="survivor" free="0" total="11010048" percent="0" />
    </mem>
    <mem type="tenure" free="14725592" total="57802752" percent="25">
      <mem type="soa" free="11834840" total="54912000" percent="21" />
      <mem type="loa" free="2890752" total="2890752" percent="100" />
    </mem>
    <pending-finalizers system="0" default="362" reference="28" classloader="0" />
    <remembered-set count="1783" />
  </mem-info>
</gc-end>
<cycle-end id="2003" type="scavenge" contextid="1996" timestamp="2024-07-17T18:05:24.839" />
<allocation-satisfied id="2004" threadId="000000000087DA00" bytesRequested="5856" />
<af-end id="2005" timestamp="2024-07-17T18:05:24.840" threadId="000000000087E438" success="true" from="nursery"/>
<exclusive-end id="2006" timestamp="2024-07-17T18:05:24.840" durationms="10.955" />

<exclusive-start id="2007" timestamp="2024-07-17T18:05:24.877" intervalms="48.016">
  <response-info timems="0.088" idlems="0.088" threads="0" lastid="0000000000848300" lastname="Default Executor-thread-9" />
</exclusive-start>
<af-start id="2008" threadId="0000000000848D38" totalBytesRequested="1736" timestamp="2024-07-17T18:05:24.878" intervalms="48.065" type="nursery" />
<cycle-start id="2009" type="scavenge" contextid="0" timestamp="2024-07-17T18:05:24.878" intervalms="48.073" />
<gc-start id="2010" type="scavenge" contextid="2009" timestamp="2024-07-17T18:05:24.879">
  <mem-info id="2011" free="14725592" total="92930048" percent="15">
    <mem type="nursery" free="0" total="35127296" percent="0">
      <mem type="allocate" free="0" total="24117248" percent="0" />
      <mem type="survivor" free="0" total="11010048" percent="0" />
    </mem>
    <mem type="tenure" free="14725592" total="57802752" percent="25">
      <mem type="soa" free="11834840" total="54912000" percent="21" />
      <mem type="loa" free="2890752" total="2890752" percent="100" />
    </mem>
    <remembered-set count="1787" />
  </mem-info>
</gc-start>
<allocation-stats totalBytes="15985944" discardedBytes="33920" >
  <allocated-bytes non-tlh="42752" tlh="15943192" />
  <largest-consumer threadName="Default Executor-thread-2" threadId="0000000000821B00" bytes="4113784" />
</allocation-stats>
<gc-op id="2012" type="scavenge" timems="8.291" contextid="2009" timestamp="2024-07-17T18:05:24.887">
  <scavenger-info tenureage="8" tenuremask="7f00" tiltratio="68" />
  <memory-copied type="nursery" objects="105975" bytes="8855760" bytesdiscarded="478000" />
  <finalization candidates="624" enqueued="600" />
  <ownableSynchronizers candidates="291" cleared="0" />
  <references type="soft" candidates="386" cleared="0" enqueued="0" dynamicThreshold="9" maxThreshold="32" />
  <references type="weak" candidates="452" cleared="0" enqueued="0" />
  <references type="phantom" candidates="157" cleared="0" enqueued="0" />
  <object-monitors candidates="157" cleared="0"  />
</gc-op>
<heap-resize id="2013" type="expand" space="nursery" amount="3145728" count="1" timems="0.037" reason="excessive time being spent scavenging" timestamp="2024-07-17T18:05:24.888" />
<gc-end id="2014" type="scavenge" contextid="2009" durationms="9.512" usertimems="38.197" systemtimems="0.000" stalltimems="28.541" timestamp="2024-07-17T18:05:24.888" activeThreads="8">
  <mem-info id="2015" free="31537176" total="96075776" percent="32">
    <mem type="nursery" free="16811584" total="38273024" percent="43">
      <mem type="allocate" free="16811584" total="26148864" percent="64" />
      <mem type="survivor" free="0" total="12124160" percent="0" />
    </mem>
    <mem type="tenure" free="14725592" total="57802752" percent="25">
      <mem type="soa" free="11834840" total="54912000" percent="21" />
      <mem type="loa" free="2890752" total="2890752" percent="100" />
    </mem>
    <pending-finalizers system="0" default="600" reference="0" classloader="0" />
    <remembered-set count="1767" />
  </mem-info>
</gc-end>
<cycle-end id="2016" type="scavenge" contextid="2009" timestamp="2024-07-17T18:05:24.889" />
<allocation-satisfied id="2017" threadId="0000000000848300" bytesRequested="1736" />
<af-end id="2018" timestamp="2024-07-17T18:05:24.889" threadId="0000000000848D38" success="true" from="nursery"/>
<exclusive-end id="2019" timestamp="2024-07-17T18:05:24.889" durationms="11.957" />

<exclusive-start id="2020" timestamp="2024-07-17T18:05:24.927" intervalms="49.655">
  <response-info timems="0.095" idlems="0.064" threads="1" lastid="0000000000848300" lastname="Default Executor-thread-9" />
</exclusive-start>
<af-start id="2021" threadId="0000000001403538" totalBytesRequested="48" timestamp="2024-07-17T18:05:24.927" intervalms="49.638" type="nursery" />
<cycle-start id="2022" type="scavenge" contextid="0" timestamp="2024-07-17T18:05:24.928" intervalms="49.638" />
<gc-start id="2023" type="scavenge" contextid="2022" timestamp="2024-07-17T18:05:24.928">
  <mem-info id="2024" free="14725592" total="96075776" percent="15">
    <mem type="nursery" free="0" total="38273024" percent="0">
      <mem type="allocate" free="0" total="26148864" percent="0" />
      <mem type="survivor" free="0" total="12124160" percent="0" />
    </mem>
    <mem type="tenure" free="14725592" total="57802752" percent="25">
      <mem type="soa" free="11834840" total="54912000" percent="21" />
      <mem type="loa" free="2890752" total="2890752" percent="100" />
    </mem>
    <remembered-set count="1773" />
  </mem-info>
</gc-start>
<allocation-stats totalBytes="16782960" discardedBytes="28624" >
  <allocated-bytes non-tlh="428848" tlh="16354112" />
  <largest-consumer threadName="Default Executor-thread-9" threadId="0000000000848300" bytes="5000624" />
</allocation-stats>
<gc-op id="2025" type="scavenge" timems="7.686" contextid="2022" timestamp="2024-07-17T18:05:24.936">
  <scavenger-info tenureage="3" tenuremask="7fd8" tiltratio="68" />
  <memory-copied type="nursery" objects="24220" bytes="4766944" bytesdiscarded="266776" />
  <memory-copied type="tenure" objects="87542" bytes="4689928" bytesdiscarded="2120" />
  <finalization candidates="644" enqueued="620" />
  <ownableSynchronizers candidates="292" cleared="0" />
  <references type="weak" candidates="18" cleared="0" enqueued="0" />
  <references type="phantom" candidates="39" cleared="0" enqueued="0" />
  <object-monitors candidates="157" cleared="0"  />
</gc-op>
<heap-resize id="2026" type="expand" space="nursery" amount="3145728" count="1" timems="0.029" reason="excessive time being spent scavenging" timestamp="2024-07-17T18:05:24.937" />
<gc-end id="2027" type="scavenge" contextid="2022" durationms="8.788" usertimems="40.434" systemtimems="0.000" stalltimems="18.693" timestamp="2024-07-17T18:05:24.937" activeThreads="8">
  <mem-info id="2028" free="34438648" total="99221504" percent="34">
    <mem type="nursery" free="24522504" total="41418752" percent="59">
      <mem type="allocate" free="24522504" total="29556736" percent="82" />
      <mem type="survivor" free="0" total="11862016" percent="0" />
    </mem>
    <mem type="tenure" free="9916144" total="57802752" percent="17">
      <mem type="soa" free="7025392" total="54912000" percent="12" />
      <mem type="loa" free="2890752" total="2890752" percent="100" />
    </mem>
    <pending-finalizers system="0" default="620" reference="0" classloader="0" />
    <remembered-set count="2497" />
  </mem-info>
</gc-end>
<cycle-end id="2029" type="scavenge" contextid="2022" timestamp="2024-07-17T18:05:24.937" />
<allocation-satisfied id="2030" threadId="0000000001402B00" bytesRequested="48" />
<af-end id="2031" timestamp="2024-07-17T18:05:24.938" threadId="0000000001403538" success="true" from="nursery"/>
<exclusive-end id="2032" timestamp="2024-07-17T18:05:24.938" durationms="10.840" />

<exclusive-start id="2033" timestamp="2024-07-17T18:05:24.980" intervalms="52.736">
  <response-info timems="0.090" idlems="0.065" threads="2" lastid="0000000000876100" lastname="Default Executor-thread-18" />
</exclusive-start>
<af-start id="2034" threadId="000000000087E438" totalBytesRequested="27072" timestamp="2024-07-17T18:05:24.980" intervalms="52.729" type="nursery" />
<cycle-start id="2035" type="scavenge" contextid="0" timestamp="2024-07-17T18:05:24.981" intervalms="52.720" />
<gc-start id="2036" type="scavenge" contextid="2035" timestamp="2024-07-17T18:05:24.981">
  <mem-info id="2037" free="9916080" total="99221504" percent="9">
    <mem type="nursery" free="0" total="41418752" percent="0">
      <mem type="allocate" free="0" total="29556736" percent="0" />
      <mem type="survivor" free="0" total="11862016" percent="0" />
    </mem>
    <mem type="tenure" free="9916080" total="57802752" percent="17">
      <mem type="soa" free="7025328" total="54912000" percent="12" />
      <mem type="loa" free="2890752" total="2890752" percent="100" />
    </mem>
    <remembered-set count="2525" />
  </mem-info>
</gc-start>
<allocation-stats totalBytes="24431008" discardedBytes="91560" >
  <allocated-bytes non-tlh="2103248" tlh="22327760" />
  <largest-consumer threadName="Default Executor-thread-20" threadId="000000000087DA00" bytes="7269128" />
</allocation-stats>
<gc-op id="2038" type="scavenge" timems="4.930" contextid="2035" timestamp="2024-07-17T18:05:24.986">
  <scavenger-info tenureage="7" tenuremask="7f80" tiltratio="71" />
  <memory-copied type="nursery" objects="31533" bytes="5380936" bytesdiscarded="465224" />
  <finalization candidates="512" enqueued="510" />
  <ownableSynchronizers candidates="3" cleared="0" />
  <references type="weak" candidates="23" cleared="0" enqueued="0" />
  <references type="phantom" candidates="42" cleared="0" enqueued="0" />
  <object-monitors candidates="157" cleared="0"  />
</gc-op>
<heap-resize id="2039" type="expand" space="nursery" amount="2228224" count="1" timems="0.035" reason="excessive time being spent scavenging" timestamp="2024-07-17T18:05:24.987" />
<gc-end id="2040" type="scavenge" contextid="2035" durationms="6.000" usertimems="0.999" systemtimems="17.658" stalltimems="24.657" timestamp="2024-07-17T18:05:24.987" activeThreads="9">
  <mem-info id="2041" free="36968368" total="101449728" percent="36">
    <mem type="nursery" free="27052288" total="43646976" percent="61">
      <mem type="allocate" free="27052288" total="32899072" percent="82" />
      <mem type="survivor" free="0" total="10747904" percent="0" />
    </mem>
    <mem type="tenure" free="9916080" total="57802752" percent="17">
      <mem type="soa" free="7025328" total="54912000" percent="12" />
      <mem type="loa" free="2890752" total="2890752" percent="100" />
    </mem>
    <pending-finalizers system="0" default="510" reference="0" classloader="0" />
    <remembered-set count="2513" />
  </mem-info>
</gc-end>
<cycle-end id="2042" type="scavenge" contextid="2035" timestamp="2024-07-17T18:05:24.987" />
<allocation-satisfied id="2043" threadId="000000000087DA00" bytesRequested="27072" />
<af-end id="2044" timestamp="2024-07-17T18:05:24.988" threadId="000000000087E438" success="true" from="nursery"/>
<exclusive-end id="2045" timestamp="2024-07-17T18:05:24.988" durationms="8.040" />

<exclusive-start id="2046" timestamp="2024-07-17T18:05:25.020" intervalms="40.428">
  <response-info timems="0.075" idlems="0.047" threads="1" lastid="0000000000821B00" lastname="Default Executor-thread-2" />
</exclusive-start>
<af-start id="2047" threadId="0000000001403538" totalBytesRequested="88" timestamp="2024-07-17T18:05:25.021" intervalms="40.405" type="nursery" />
<cycle-start id="2048" type="scavenge" contextid="0" timestamp="2024-07-17T18:05:25.021" intervalms="40.384" />
<gc-start id="2049" type="scavenge" contextid="2048" timestamp="2024-07-17T18:05:25.021">
  <mem-info id="2050" free="9915720" total="101449728" percent="9">
    <mem type="nursery" free="0" total="43646976" percent="0">
      <mem type="allocate" free="0" total="32899072" percent="0" />
      <mem type="survivor" free="0" total="10747904" percent="0" />
    </mem>
    <mem type="tenure" free="9915720" total="57802752" percent="17">
      <mem type="soa" free="7024968" total="54912000" percent="12" />
      <mem type="loa" free="2890752" total="2890752" percent="100" />
    </mem>
    <remembered-set count="2586" />
  </mem-info>
</gc-start>
<allocation-stats totalBytes="27020880" discardedBytes="31768" >
  <allocated-bytes non-tlh="713040" tlh="26307840" />
  <largest-consumer threadName="Default Executor-thread-2" threadId="0000000000821B00" bytes="7641872" />
</allocation-stats>
<gc-op id="2051" type="scavenge" timems="5.685" contextid="2048" timestamp="2024-07-17T18:05:25.027">
  <scavenger-info tenureage="4" tenuremask="7f90" tiltratio="75" />
  <memory-copied type="nursery" objects="32015" bytes="5053976" bytesdiscarded="339960" />
  <memory-copied type="tenure" objects="6035" bytes="1745568" bytesdiscarded="928" />
  <finalization candidates="540" enqueued="538" />
  <ownableSynchronizers candidates="19" cleared="8" />
  <references type="weak" candidates="11" cleared="2" enqueued="2" />
  <references type="phantom" candidates="10" cleared="0" enqueued="0" />
  <object-monitors candidates="157" cleared="0"  />
</gc-op>
<heap-resize id="2052" type="expand" space="nursery" amount="3276800" count="1" timems="0.036" reason="excessive time being spent scavenging" timestamp="2024-07-17T18:05:25.028" />
<gc-end id="2053" type="scavenge" contextid="2048" durationms="6.762" usertimems="18.121" systemtimems="4.451" stalltimems="17.181" timestamp="2024-07-17T18:05:25.028" activeThreads="7">
  <mem-info id="2054" free="39305376" total="104726528" percent="37">
    <mem type="nursery" free="31436376" total="46923776" percent="66">
      <mem type="allocate" free="31436376" total="36831232" percent="85" />
      <mem type="survivor" free="0" total="10092544" percent="0" />
    </mem>
    <mem type="tenure" free="7869000" total="57802752" percent="13">
      <mem type="soa" free="4978248" total="54912000" percent="9" />
      <mem type="loa" free="2890752" total="2890752" percent="100" />
    </mem>
    <pending-finalizers system="0" default="538" reference="2" classloader="0" />
    <remembered-set count="2303" />
  </mem-info>
</gc-end>
<cycle-end id="2055" type="scavenge" contextid="2048" timestamp="2024-07-17T18:05:25.028" />
<allocation-satisfied id="2056" threadId="0000000001402B00" bytesRequested="88" />
<af-end id="2057" timestamp="2024-07-17T18:05:25.029" threadId="0000000001403538" success="true" from="nursery"/>
<exclusive-end id="2058" timestamp="2024-07-17T18:05:25.029" durationms="8.717" />

<concurrent-kickoff id="2059" timestamp="2024-07-17T18:05:25.058">
  <kickoff reason="threshold reached" targetBytes="28616153" thresholdFreeBytes="3962327"  remainingFree="3936400" tenureFreeBytes="7869000" nurseryFreeBytes="3936400" />
</concurrent-kickoff>
<exclusive-start id="2060" timestamp="2024-07-17T18:05:25.059" intervalms="38.822">
  <response-info timems="0.089" idlems="0.084" threads="1" lastid="000000000087DA00" lastname="Default Executor-thread-20" />
</exclusive-start>
<cycle-start id="2061" type="global" contextid="0" timestamp="2024-07-17T18:05:25.059" intervalms="658.516" />
<concurrent-start id="2062" type="global mark" contextid="2061" timestamp="2024-07-17T18:05:25.060">
</concurrent-start>
<exclusive-end id="2063" timestamp="2024-07-17T18:05:25.060" durationms="0.708" />

<concurrent-end id="2064" type="global mark" contextid="2061" timestamp="2024-07-17T18:05:25.091">
<gc-op id="2065" type="trace" timems="30.954" contextid="2061" timestamp="2024-07-17T18:05:25.091">
  <trace bytesTraced="29342536" workStackOverflowCount="0" />
  <card-cleaning reason="card cleaning threshold reached" bytesTraced="35792" cardsCleaned="70" />
</gc-op>
</concurrent-end>

<exclusive-start id="2066" timestamp="2024-07-17T18:05:25.091" intervalms="32.361">
  <response-info timems="0.088" idlems="0.088" threads="0" lastid="000000000087DA00" lastname="Default Executor-thread-20" />
</exclusive-start>
<concurrent-global-final id="2067" timestamp="2024-07-17T18:05:25.092" contextid="2061" intervalms="624.456" >
  <concurrent-trace-info reason="card cleaning threshold reached" tracedByMutators="22322028" tracedByHelpers="7056300" cardsCleaned="70" workStackOverflowCount="0" />
</concurrent-global-final>
<gc-start id="2068" type="global" contextid="2061" timestamp="2024-07-17T18:05:25.092">
  <mem-info id="2069" free="8262152" total="104726528" percent="7">
    <mem type="nursery" free="393360" total="46923776" percent="0">
      <mem type="allocate" free="393360" total="36831232" percent="1" />
      <mem type="survivor" free="0" total="10092544" percent="0" />
    </mem>
    <mem type="tenure" free="7868792" total="57802752" percent="13">
      <mem type="soa" free="4978040" total="54912000" percent="9" />
      <mem type="loa" free="2890752" total="2890752" percent="100" />
    </mem>
    <remembered-set count="2476" />
  </mem-info>
</gc-start>
<allocation-stats totalBytes="30990464" discardedBytes="52760" >
  <allocated-bytes non-tlh="582224" tlh="30408240" />
  <largest-consumer threadName="Default Executor-thread-9" threadId="0000000000848300" bytes="6953048" />
</allocation-stats>
<gc-op id="2070" type="rs-scan" timems="2.465" contextid="2061" timestamp="2024-07-17T18:05:25.095">
  <scan objectsFound="19657" bytesTraced="967820" workStackOverflowCount="0" />
</gc-op>
<gc-op id="2071" type="card-cleaning" timems="1.010" contextid="2061" timestamp="2024-07-17T18:05:25.096">
  <card-cleaning cardsCleaned="23" bytesTraced="76036" workStackOverflowCount="0" />
</gc-op>
<gc-op id="2072" type="mark" timems="14.213" contextid="2061" timestamp="2024-07-17T18:05:25.111">
  <trace-info objectcount="14644" scancount="11552" scanbytes="531288" />
  <finalization candidates="1386" enqueued="607" />
  <ownableSynchronizers candidates="7822" cleared="44" />
  <references type="soft" candidates="12291" cleared="2" enqueued="2" dynamicThreshold="9" maxThreshold="32" />
  <references type="weak" candidates="14537" cleared="1" enqueued="1" />
  <references type="phantom" candidates="429" cleared="0" enqueued="0" />
  <stringconstants candidates="37375" cleared="5"  />
  <object-monitors candidates="157" cleared="3"  />
</gc-op>
<gc-op id="2073" type="classunload" timems="0.065" contextid="2061" timestamp="2024-07-17T18:05:25.111">
  <classunload-info classloadercandidates="399" classloadersunloaded="0" classesunloaded="0" anonymousclassesunloaded="0" quiescems="0.000" setupms="0.059" scanms="0.006" postms="0.000" />
</gc-op>
<gc-op id="2074" type="sweep" timems="2.851" contextid="2061" timestamp="2024-07-17T18:05:25.114" />
<heap-resize id="2075" type="expand" space="tenure" amount="11927552" count="1" timems="1.070" reason="insufficient free space following gc" timestamp="2024-07-17T18:05:25.116" />
<gc-end id="2076" type="global" contextid="2061" durationms="24.151" usertimems="47.144" systemtimems="28.477" stalltimems="142.903" timestamp="2024-07-17T18:05:25.116" activeThreads="12">
  <mem-info id="2077" free="52166272" total="116654080" percent="44">
    <mem type="nursery" free="31210168" total="46923776" percent="66">
      <mem type="allocate" free="31210168" total="36831232" percent="84" />
      <mem type="survivor" free="0" total="10092544" percent="0" />
    </mem>
    <mem type="tenure" free="20956104" total="69730304" percent="30" micro-fragmented="1645507" macro-fragmented="0">
      <mem type="soa" free="17469384" total="66243584" percent="26" />
      <mem type="loa" free="3486720" total="3486720" percent="100" />
    </mem>
    <pending-finalizers system="0" default="607" reference="3" classloader="0" />
    <remembered-set count="2454" />
  </mem-info>
</gc-end>
<cycle-end id="2078" type="global" contextid="2061" timestamp="2024-07-17T18:05:25.117" />
<exclusive-end id="2079" timestamp="2024-07-17T18:05:25.117" durationms="25.538" />

<exclusive-start id="2080" timestamp="2024-07-17T18:05:25.153" intervalms="61.154">
  <response-info timems="0.154" idlems="0.103" threads="1" lastid="0000000000821B00" lastname="Default Executor-thread-2" />
</exclusive-start>
<af-start id="2081" threadId="0000000000845138" totalBytesRequested="16" timestamp="2024-07-17T18:05:25.153" intervalms="132.393" type="nursery" />
<cycle-start id="2082" type="scavenge" contextid="0" timestamp="2024-07-17T18:05:25.153" intervalms="132.450" />
<gc-start id="2083" type="scavenge" contextid="2082" timestamp="2024-07-17T18:05:25.154">
  <mem-info id="2084" free="20945112" total="116654080" percent="17">
    <mem type="nursery" free="0" total="46923776" percent="0">
      <mem type="allocate" free="0" total="36831232" percent="0" />
      <mem type="survivor" free="0" total="10092544" percent="0" />
    </mem>
    <mem type="tenure" free="20945112" total="69730304" percent="30">
      <mem type="soa" free="17458392" total="66243584" percent="26" />
      <mem type="loa" free="3486720" total="3486720" percent="100" />
    </mem>
    <remembered-set count="2661" />
  </mem-info>
</gc-start>
<allocation-stats totalBytes="30852792" discardedBytes="292856" >
  <allocated-bytes non-tlh="7908416" tlh="22944376" />
  <largest-consumer threadName="Default Executor-thread-20" threadId="000000000087DA00" bytes="8553640" />
</allocation-stats>
<gc-op id="2085" type="scavenge" timems="6.254" contextid="2082" timestamp="2024-07-17T18:05:25.161">
  <scavenger-info tenureage="7" tenuremask="7f80" tiltratio="78" />
  <memory-copied type="nursery" objects="63775" bytes="6665528" bytesdiscarded="316280" />
  <finalization candidates="677" enqueued="674" />
  <ownableSynchronizers candidates="15565" cleared="15527" />
  <references type="soft" candidates="2" cleared="0" enqueued="0" dynamicThreshold="9" maxThreshold="32" />
  <references type="weak" candidates="41" cleared="7" enqueued="7" />
  <references type="phantom" candidates="32" cleared="10" enqueued="10" />
  <object-monitors candidates="154" cleared="0"  />
</gc-op>
<gc-end id="2086" type="scavenge" contextid="2082" durationms="7.163" usertimems="24.186" systemtimems="3.214" stalltimems="16.510" timestamp="2024-07-17T18:05:25.161" activeThreads="7">
  <mem-info id="2087" free="51447720" total="116654080" percent="44">
    <mem type="nursery" free="30502608" total="46923776" percent="65">
      <mem type="allocate" free="30502608" total="37486592" percent="81" />
      <mem type="survivor" free="0" total="9437184" percent="0" />
    </mem>
    <mem type="tenure" free="20945112" total="69730304" percent="30">
      <mem type="soa" free="17458392" total="66243584" percent="26" />
      <mem type="loa" free="3486720" total="3486720" percent="100" />
    </mem>
    <pending-finalizers system="0" default="674" reference="17" classloader="0" />
    <remembered-set count="2514" />
  </mem-info>
</gc-end>
<cycle-end id="2088" type="scavenge" contextid="2082" timestamp="2024-07-17T18:05:25.161" />
<allocation-satisfied id="2089" threadId="0000000000844700" bytesRequested="16" />
<af-end id="2090" timestamp="2024-07-17T18:05:25.162" threadId="0000000000845138" success="true" from="nursery"/>
<exclusive-end id="2091" timestamp="2024-07-17T18:05:25.162" durationms="9.462" />

<exclusive-start id="2092" timestamp="2024-07-17T18:05:25.201" intervalms="48.195">
  <response-info timems="0.196" idlems="0.163" threads="1" lastid="0000000000848300" lastname="Default Executor-thread-9" />
</exclusive-start>
<af-start id="2093" threadId="0000000001403538" totalBytesRequested="24" timestamp="2024-07-17T18:05:25.201" intervalms="48.240" type="nursery" />
<cycle-start id="2094" type="scavenge" contextid="0" timestamp="2024-07-17T18:05:25.202" intervalms="48.275" />
<gc-start id="2095" type="scavenge" contextid="2094" timestamp="2024-07-17T18:05:25.202">
  <mem-info id="2096" free="20945112" total="116654080" percent="17">
    <mem type="nursery" free="0" total="46923776" percent="0">
      <mem type="allocate" free="0" total="37486592" percent="0" />
      <mem type="survivor" free="0" total="9437184" percent="0" />
    </mem>
    <mem type="tenure" free="20945112" total="69730304" percent="30">
      <mem type="soa" free="17458392" total="66243584" percent="26" />
      <mem type="loa" free="3486720" total="3486720" percent="100" />
    </mem>
    <remembered-set count="2838" />
  </mem-info>
</gc-start>
<allocation-stats totalBytes="30303040" discardedBytes="199568" >
  <allocated-bytes non-tlh="474320" tlh="29828720" />
  <largest-consumer threadName="ClassloaderMapProcessingThread-9" threadId="0000000001402B00" bytes="6781200" />
</allocation-stats>
<gc-op id="2097" type="scavenge" timems="5.986" contextid="2094" timestamp="2024-07-17T18:05:25.209">
  <scavenger-info tenureage="7" tenuremask="7f80" tiltratio="79" />
  <memory-copied type="nursery" objects="76215" bytes="6990624" bytesdiscarded="375504" />
  <finalization candidates="527" enqueued="525" />
  <ownableSynchronizers candidates="40" cleared="0" />
  <references type="soft" candidates="2" cleared="0" enqueued="0" dynamicThreshold="9" maxThreshold="32" />
  <references type="weak" candidates="38" cleared="1" enqueued="1" />
  <references type="phantom" candidates="76" cleared="0" enqueued="0" />
  <object-monitors candidates="154" cleared="0"  />
</gc-op>
<heap-resize id="2098" type="expand" space="nursery" amount="3801088" count="1" timems="0.037" reason="excessive time being spent scavenging" timestamp="2024-07-17T18:05:25.209" />
<gc-end id="2099" type="scavenge" contextid="2094" durationms="7.411" usertimems="15.869" systemtimems="12.214" stalltimems="13.333" timestamp="2024-07-17T18:05:25.209" activeThreads="7">
  <mem-info id="2100" free="54863064" total="120455168" percent="45">
    <mem type="nursery" free="33917952" total="50724864" percent="66">
      <mem type="allocate" free="33917952" total="41287680" percent="82" />
      <mem type="survivor" free="0" total="9437184" percent="0" />
    </mem>
    <mem type="tenure" free="20945112" total="69730304" percent="30">
      <mem type="soa" free="17458392" total="66243584" percent="26" />
      <mem type="loa" free="3486720" total="3486720" percent="100" />
    </mem>
    <pending-finalizers system="0" default="525" reference="1" classloader="0" />
    <remembered-set count="2624" />
  </mem-info>
</gc-end>
<cycle-end id="2101" type="scavenge" contextid="2094" timestamp="2024-07-17T18:05:25.210" />
<allocation-satisfied id="2102" threadId="0000000001402B00" bytesRequested="24" />
<af-end id="2103" timestamp="2024-07-17T18:05:25.210" threadId="0000000001403538" success="true" from="nursery"/>
<exclusive-end id="2104" timestamp="2024-07-17T18:05:25.211" durationms="9.846" />

<exclusive-start id="2105" timestamp="2024-07-17T18:05:25.252" intervalms="51.350">
  <response-info timems="0.083" idlems="0.083" threads="0" lastid="0000000001402B00" lastname="ClassloaderMapProcessingThread-9" />
</exclusive-start>
<af-start id="2106" threadId="0000000001403538" totalBytesRequested="24" timestamp="2024-07-17T18:05:25.253" intervalms="51.366" type="nursery" />
<cycle-start id="2107" type="scavenge" contextid="0" timestamp="2024-07-17T18:05:25.253" intervalms="51.357" />
<gc-start id="2108" type="scavenge" contextid="2107" timestamp="2024-07-17T18:05:25.253">
  <mem-info id="2109" free="20945112" total="120455168" percent="17">
    <mem type="nursery" free="0" total="50724864" percent="0">
      <mem type="allocate" free="0" total="41287680" percent="0" />
      <mem type="survivor" free="0" total="9437184" percent="0" />
    </mem>
    <mem type="tenure" free="20945112" total="69730304" percent="30">
      <mem type="soa" free="17458392" total="66243584" percent="26" />
      <mem type="loa" free="3486720" total="3486720" percent="100" />
    </mem>
    <remembered-set count="2777" />
  </mem-info>
</gc-start>
<allocation-stats totalBytes="33891160" discardedBytes="26792" >
  <allocated-bytes non-tlh="262200" tlh="33628960" />
  <largest-consumer threadName="Default Executor-thread-2" threadId="0000000000821B00" bytes="8033384" />
</allocation-stats>
<gc-op id="2110" type="scavenge" timems="7.236" contextid="2107" timestamp="2024-07-17T18:05:25.261">
  <scavenger-info tenureage="7" tenuremask="7f80" tiltratio="81" />
  <memory-copied type="nursery" objects="81912" bytes="8275104" bytesdiscarded="194832" />
  <finalization candidates="691" enqueued="689" />
  <ownableSynchronizers candidates="42" cleared="0" />
  <references type="soft" candidates="2" cleared="0" enqueued="0" dynamicThreshold="9" maxThreshold="32" />
  <references type="weak" candidates="38" cleared="0" enqueued="0" />
  <references type="phantom" candidates="83" cleared="0" enqueued="0" />
  <object-monitors candidates="154" cleared="0"  />
</gc-op>
<heap-resize id="2111" type="expand" space="nursery" amount="3670016" count="1" timems="0.038" reason="excessive time being spent scavenging" timestamp="2024-07-17T18:05:25.261" />
<gc-end id="2112" type="scavenge" contextid="2107" durationms="8.635" usertimems="29.649" systemtimems="3.959" stalltimems="17.714" timestamp="2024-07-17T18:05:25.262" activeThreads="7">
  <mem-info id="2113" free="55465456" total="124125184" percent="44">
    <mem type="nursery" free="34520344" total="54394880" percent="63">
      <mem type="allocate" free="34520344" total="42991616" percent="80" />
      <mem type="survivor" free="0" total="11403264" percent="0" />
    </mem>
    <mem type="tenure" free="20945112" total="69730304" percent="30">
      <mem type="soa" free="17458392" total="66243584" percent="26" />
      <mem type="loa" free="3486720" total="3486720" percent="100" />
    </mem>
    <pending-finalizers system="0" default="689" reference="0" classloader="0" />
    <remembered-set count="2512" />
  </mem-info>
</gc-end>
<cycle-end id="2114" type="scavenge" contextid="2107" timestamp="2024-07-17T18:05:25.263" />
<allocation-satisfied id="2115" threadId="0000000001402B00" bytesRequested="24" />
<af-end id="2116" timestamp="2024-07-17T18:05:25.263" threadId="0000000001403538" success="true" from="nursery"/>
<exclusive-end id="2117" timestamp="2024-07-17T18:05:25.263" durationms="11.044" />

<exclusive-start id="2118" timestamp="2024-07-17T18:05:25.296" intervalms="43.933">
  <response-info timems="0.128" idlems="0.128" threads="0" lastid="000000000087DA00" lastname="Default Executor-thread-20" />
</exclusive-start>
<af-start id="2119" threadId="000000000087E438" totalBytesRequested="24" timestamp="2024-07-17T18:05:25.296" intervalms="43.852" type="nursery" />
<cycle-start id="2120" type="scavenge" contextid="0" timestamp="2024-07-17T18:05:25.297" intervalms="43.833" />
<gc-start id="2121" type="scavenge" contextid="2120" timestamp="2024-07-17T18:05:25.297">
  <mem-info id="2122" free="20945112" total="124125184" percent="16">
    <mem type="nursery" free="0" total="54394880" percent="0">
      <mem type="allocate" free="0" total="42991616" percent="0" />
      <mem type="survivor" free="0" total="11403264" percent="0" />
    </mem>
    <mem type="tenure" free="20945112" total="69730304" percent="30">
      <mem type="soa" free="17458392" total="66243584" percent="26" />
      <mem type="loa" free="3486720" total="3486720" percent="100" />
    </mem>
    <remembered-set count="2940" />
  </mem-info>
</gc-start>
<allocation-stats totalBytes="34482576" discardedBytes="37768" >
  <allocated-bytes non-tlh="24" tlh="34482552" />
  <largest-consumer threadName="Default Executor-thread-2" threadId="0000000000821B00" bytes="8431344" />
</allocation-stats>
<gc-op id="2123" type="scavenge" timems="8.105" contextid="2120" timestamp="2024-07-17T18:05:25.306">
  <scavenger-info tenureage="7" tenuremask="7f80" tiltratio="79" />
  <memory-copied type="nursery" objects="88677" bytes="8779840" bytesdiscarded="250272" />
  <memory-copied type="tenure" objects="3931" bytes="162232" bytesdiscarded="288" />
  <finalization candidates="808" enqueued="807" />
  <ownableSynchronizers candidates="58" cleared="0" />
  <references type="soft" candidates="2" cleared="0" enqueued="0" dynamicThreshold="9" maxThreshold="32" />
  <references type="weak" candidates="39" cleared="0" enqueued="0" />
  <references type="phantom" candidates="132" cleared="0" enqueued="0" />
  <object-monitors candidates="154" cleared="0"  />
</gc-op>
<heap-resize id="2124" type="expand" space="nursery" amount="5242880" count="1" timems="0.063" reason="excessive time being spent scavenging" timestamp="2024-07-17T18:05:25.306" />
<gc-end id="2125" type="scavenge" contextid="2120" durationms="9.251" usertimems="43.334" systemtimems="0.000" stalltimems="12.829" timestamp="2024-07-17T18:05:25.307" activeThreads="7">
  <mem-info id="2126" free="59501296" total="129368064" percent="45">
    <mem type="nursery" free="38807472" total="59637760" percent="65">
      <mem type="allocate" free="38807472" total="47841280" percent="81" />
      <mem type="survivor" free="0" total="11796480" percent="0" />
    </mem>
    <mem type="tenure" free="20693824" total="69730304" percent="29">
      <mem type="soa" free="17207104" total="66243584" percent="25" />
      <mem type="loa" free="3486720" total="3486720" percent="100" />
    </mem>
    <pending-finalizers system="0" default="807" reference="0" classloader="0" />
    <remembered-set count="2799" />
  </mem-info>
</gc-end>
<cycle-end id="2127" type="scavenge" contextid="2120" timestamp="2024-07-17T18:05:25.307" />
<allocation-satisfied id="2128" threadId="000000000087DA00" bytesRequested="24" />
<af-end id="2129" timestamp="2024-07-17T18:05:25.307" threadId="000000000087E438" success="true" from="nursery"/>
<exclusive-end id="2130" timestamp="2024-07-17T18:05:25.308" durationms="11.490" />

<exclusive-start id="2131" timestamp="2024-07-17T18:05:25.343" intervalms="46.529">
  <response-info timems="0.210" idlems="0.150" threads="2" lastid="0000000000876100" lastname="Default Executor-thread-18" />
</exclusive-start>
<af-start id="2132" threadId="0000000000848D38" totalBytesRequested="296" timestamp="2024-07-17T18:05:25.343" intervalms="46.537" type="nursery" />
<cycle-start id="2133" type="scavenge" contextid="0" timestamp="2024-07-17T18:05:25.343" intervalms="46.505" />
<gc-start id="2134" type="scavenge" contextid="2133" timestamp="2024-07-17T18:05:25.344">
  <mem-info id="2135" free="20688456" total="129368064" percent="15">
    <mem type="nursery" free="0" total="59637760" percent="0">
      <mem type="allocate" free="0" total="47841280" percent="0" />
      <mem type="survivor" free="0" total="11796480" percent="0" />
    </mem>
    <mem type="tenure" free="20688456" total="69730304" percent="29">
      <mem type="soa" free="17201736" total="66243584" percent="25" />
      <mem type="loa" free="3486720" total="3486720" percent="100" />
    </mem>
    <remembered-set count="3067" />
  </mem-info>
</gc-start>
<allocation-stats totalBytes="38738944" discardedBytes="73896" >
  <allocated-bytes non-tlh="392168" tlh="38346776" />
  <largest-consumer threadName="Default Executor-thread-2" threadId="0000000000821B00" bytes="9193208" />
</allocation-stats>
<gc-op id="2136" type="scavenge" timems="7.007" contextid="2133" timestamp="2024-07-17T18:05:25.351">
  <scavenger-info tenureage="7" tenuremask="7f80" tiltratio="80" />
  <memory-copied type="nursery" objects="79647" bytes="9745040" bytesdiscarded="409448" />
  <memory-copied type="tenure" objects="6547" bytes="458600" bytesdiscarded="3160" />
  <finalization candidates="920" enqueued="908" />
  <ownableSynchronizers candidates="63" cleared="7" />
  <references type="soft" candidates="5" cleared="0" enqueued="0" dynamicThreshold="9" maxThreshold="32" />
  <references type="weak" candidates="107" cleared="51" enqueued="51" />
  <references type="phantom" candidates="182" cleared="19" enqueued="19" />
  <object-monitors candidates="154" cleared="0"  />
</gc-op>
<heap-resize id="2137" type="expand" space="nursery" amount="4849664" count="1" timems="0.033" reason="excessive time being spent scavenging" timestamp="2024-07-17T18:05:25.351" />
<gc-end id="2138" type="scavenge" contextid="2133" durationms="8.046" usertimems="31.805" systemtimems="4.252" stalltimems="20.085" timestamp="2024-07-17T18:05:25.352" activeThreads="8">
  <mem-info id="2139" free="61369216" total="134217728" percent="45">
    <mem type="nursery" free="41223528" total="64487424" percent="63">
      <mem type="allocate" free="41223528" total="51380224" percent="80" />
      <mem type="survivor" free="0" total="13107200" percent="0" />
    </mem>
    <mem type="tenure" free="20145688" total="69730304" percent="28">
      <mem type="soa" free="16658968" total="66243584" percent="25" />
      <mem type="loa" free="3486720" total="3486720" percent="100" />
    </mem>
    <pending-finalizers system="5" default="903" reference="70" classloader="0" />
    <remembered-set count="2392" />
  </mem-info>
</gc-end>
<cycle-end id="2140" type="scavenge" contextid="2133" timestamp="2024-07-17T18:05:25.352" />
<allocation-satisfied id="2141" threadId="0000000000848300" bytesRequested="296" />
<af-end id="2142" timestamp="2024-07-17T18:05:25.353" threadId="0000000000848D38" success="true" from="nursery"/>
<exclusive-end id="2143" timestamp="2024-07-17T18:05:25.353" durationms="10.090" />

<exclusive-start id="2144" timestamp="2024-07-17T18:05:25.389" intervalms="46.841">
  <response-info timems="0.099" idlems="0.091" threads="1" lastid="000000000087DA00" lastname="Default Executor-thread-20" />
</exclusive-start>
<af-start id="2145" threadId="0000000000822538" totalBytesRequested="3264" timestamp="2024-07-17T18:05:25.390" intervalms="46.824" type="nursery" />
<cycle-start id="2146" type="scavenge" contextid="0" timestamp="2024-07-17T18:05:25.390" intervalms="46.820" />
<gc-start id="2147" type="scavenge" contextid="2146" timestamp="2024-07-17T18:05:25.391">
  <mem-info id="2148" free="20128304" total="134217728" percent="14">
    <mem type="nursery" free="0" total="64487424" percent="0">
      <mem type="allocate" free="0" total="51380224" percent="0" />
      <mem type="survivor" free="0" total="13107200" percent="0" />
    </mem>
    <mem type="tenure" free="20128304" total="69730304" percent="28">
      <mem type="soa" free="16641584" total="66243584" percent="25" />
      <mem type="loa" free="3486720" total="3486720" percent="100" />
    </mem>
    <remembered-set count="2778" />
  </mem-info>
</gc-start>
<allocation-stats totalBytes="41153984" discardedBytes="86928" >
  <allocated-bytes non-tlh="732496" tlh="40421488" />
  <largest-consumer threadName="Default Executor-thread-9" threadId="0000000000848300" bytes="10027992" />
</allocation-stats>
<gc-op id="2149" type="scavenge" timems="8.470" contextid="2146" timestamp="2024-07-17T18:05:25.399">
  <scavenger-info tenureage="7" tenuremask="7f80" tiltratio="79" />
  <memory-copied type="nursery" objects="99672" bytes="10813168" bytesdiscarded="296424" />
  <memory-copied type="tenure" objects="8382" bytes="581128" bytesdiscarded="776" />
  <finalization candidates="1068" enqueued="1047" />
  <ownableSynchronizers candidates="55" cleared="0" />
  <references type="soft" candidates="9" cleared="0" enqueued="0" dynamicThreshold="9" maxThreshold="32" />
  <references type="weak" candidates="102" cleared="49" enqueued="49" />
  <references type="phantom" candidates="198" cleared="33" enqueued="33" />
  <object-monitors candidates="154" cleared="0"  />
</gc-op>
<heap-resize id="2150" type="expand" space="nursery" amount="5898240" count="1" timems="0.033" reason="excessive time being spent scavenging" timestamp="2024-07-17T18:05:25.400" />
<gc-end id="2151" type="scavenge" contextid="2146" durationms="9.709" usertimems="37.911" systemtimems="11.147" stalltimems="17.556" timestamp="2024-07-17T18:05:25.400" activeThreads="8">
  <mem-info id="2152" free="63728224" total="140115968" percent="45">
    <mem type="nursery" free="44592520" total="70385664" percent="63">
      <mem type="allocate" free="44592520" total="55705600" percent="80" />
      <mem type="survivor" free="0" total="14680064" percent="0" />
    </mem>
    <mem type="tenure" free="19135704" total="69730304" percent="27">
      <mem type="soa" free="15648984" total="66243584" percent="23" />
      <mem type="loa" free="3486720" total="3486720" percent="100" />
    </mem>
    <pending-finalizers system="5" default="1042" reference="82" classloader="0" />
    <remembered-set count="3232" />
  </mem-info>
</gc-end>
<cycle-end id="2153" type="scavenge" contextid="2146" timestamp="2024-07-17T18:05:25.401" />
<allocation-satisfied id="2154" threadId="0000000000821B00" bytesRequested="3264" />
<af-end id="2155" timestamp="2024-07-17T18:05:25.401" threadId="0000000000822538" success="true" from="nursery"/>
<exclusive-end id="2156" timestamp="2024-07-17T18:05:25.401" durationms="11.931" />

<exclusive-start id="2157" timestamp="2024-07-17T18:05:25.440" intervalms="50.716">
  <response-info timems="0.090" idlems="0.090" threads="0" lastid="0000000000848300" lastname="Default Executor-thread-9" />
</exclusive-start>
<af-start id="2158" threadId="0000000000848D38" totalBytesRequested="1288" timestamp="2024-07-17T18:05:25.441" intervalms="50.697" type="nursery" />
<cycle-start id="2159" type="scavenge" contextid="0" timestamp="2024-07-17T18:05:25.441" intervalms="50.696" />
<gc-start id="2160" type="scavenge" contextid="2159" timestamp="2024-07-17T18:05:25.441">
  <mem-info id="2161" free="19120104" total="140115968" percent="13">
    <mem type="nursery" free="0" total="70385664" percent="0">
      <mem type="allocate" free="0" total="55705600" percent="0" />
      <mem type="survivor" free="0" total="14680064" percent="0" />
    </mem>
    <mem type="tenure" free="19120104" total="69730304" percent="27">
      <mem type="soa" free="15633384" total="66243584" percent="23" />
      <mem type="loa" free="3486720" total="3486720" percent="100" />
    </mem>
    <remembered-set count="3657" />
  </mem-info>
</gc-start>
<allocation-stats totalBytes="44553672" discardedBytes="54448" >
  <allocated-bytes non-tlh="129112" tlh="44424560" />
  <largest-consumer threadName="Default Executor-thread-20" threadId="000000000087DA00" bytes="11387464" />
</allocation-stats>
<gc-op id="2162" type="scavenge" timems="8.840" contextid="2159" timestamp="2024-07-17T18:05:25.451">
  <scavenger-info tenureage="5" tenuremask="7fa0" tiltratio="79" />
  <memory-copied type="nursery" objects="111411" bytes="10162016" bytesdiscarded="349560" />
  <memory-copied type="tenure" objects="16748" bytes="1680912" bytesdiscarded="1456" />
  <finalization candidates="1192" enqueued="1150" />
  <ownableSynchronizers candidates="58" cleared="2" />
  <references type="soft" candidates="27" cleared="0" enqueued="0" dynamicThreshold="9" maxThreshold="32" />
  <references type="weak" candidates="144" cleared="67" enqueued="67" />
  <references type="phantom" candidates="166" cleared="54" enqueued="54" />
  <object-monitors candidates="154" cleared="0"  />
</gc-op>
<heap-resize id="2163" type="expand" space="nursery" amount="6291456" count="1" timems="0.054" reason="excessive time being spent scavenging" timestamp="2024-07-17T18:05:25.451" />
<gc-end id="2164" type="scavenge" contextid="2159" durationms="10.036" usertimems="45.630" systemtimems="6.723" stalltimems="22.549" timestamp="2024-07-17T18:05:25.451" activeThreads="9">
  <mem-info id="2165" free="68877168" total="146407424" percent="47">
    <mem type="nursery" free="51677632" total="76677120" percent="67">
      <mem type="allocate" free="51677632" total="62193664" percent="83" />
      <mem type="survivor" free="0" total="14483456" percent="0" />
    </mem>
    <mem type="tenure" free="17199536" total="69730304" percent="24">
      <mem type="soa" free="13712816" total="66243584" percent="20" />
      <mem type="loa" free="3486720" total="3486720" percent="100" />
    </mem>
    <pending-finalizers system="23" default="1127" reference="121" classloader="0" />
    <remembered-set count="4975" />
  </mem-info>
</gc-end>
<cycle-end id="2166" type="scavenge" contextid="2159" timestamp="2024-07-17T18:05:25.452" />
<allocation-satisfied id="2167" threadId="0000000000848300" bytesRequested="1288" />
<af-end id="2168" timestamp="2024-07-17T18:05:25.452" threadId="0000000000848D38" success="true" from="nursery"/>
<exclusive-end id="2169" timestamp="2024-07-17T18:05:25.452" durationms="12.177" />

<exclusive-start id="2170" timestamp="2024-07-17T18:05:25.493" intervalms="52.327">
  <response-info timems="0.103" idlems="0.103" threads="0" lastid="0000000000848300" lastname="Default Executor-thread-9" />
</exclusive-start>
<af-start id="2171" threadId="0000000000848D38" totalBytesRequested="6840" timestamp="2024-07-17T18:05:25.493" intervalms="52.400" type="nursery" />
<cycle-start id="2172" type="scavenge" contextid="0" timestamp="2024-07-17T18:05:25.493" intervalms="52.399" />
<gc-start id="2173" type="scavenge" contextid="2172" timestamp="2024-07-17T18:05:25.494">
  <mem-info id="2174" free="17192000" total="146407424" percent="11">
    <mem type="nursery" free="0" total="76677120" percent="0">
      <mem type="allocate" free="0" total="62193664" percent="0" />
      <mem type="survivor" free="0" total="14483456" percent="0" />
    </mem>
    <mem type="tenure" free="17192000" total="69730304" percent="24">
      <mem type="soa" free="13705280" total="66243584" percent="20" />
      <mem type="loa" free="3486720" total="3486720" percent="100" />
    </mem>
    <remembered-set count="5520" />
  </mem-info>
</gc-start>
<allocation-stats totalBytes="51645976" discardedBytes="39192" >
  <allocated-bytes non-tlh="8824" tlh="51637152" />
  <largest-consumer threadName="Default Executor-thread-9" threadId="0000000000848300" bytes="10931576" />
</allocation-stats>
<gc-op id="2175" type="scavenge" timems="9.559" contextid="2172" timestamp="2024-07-17T18:05:25.504">
  <scavenger-info tenureage="7" tenuremask="7f80" tiltratio="81" />
  <memory-copied type="nursery" objects="122813" bytes="11359512" bytesdiscarded="377776" />
  <memory-copied type="tenure" objects="12486" bytes="670912" bytesdiscarded="480" />
  <finalization candidates="1168" enqueued="1110" />
  <ownableSynchronizers candidates="61" cleared="6" />
  <references type="soft" candidates="80" cleared="0" enqueued="0" dynamicThreshold="9" maxThreshold="32" />
  <references type="weak" candidates="156" cleared="68" enqueued="68" />
  <references type="phantom" candidates="157" cleared="61" enqueued="61" />
  <object-monitors candidates="154" cleared="0"  />
</gc-op>
<heap-resize id="2176" type="expand" space="nursery" amount="7077888" count="1" timems="0.033" reason="excessive time being spent scavenging" timestamp="2024-07-17T18:05:25.504" />
<gc-end id="2177" type="scavenge" contextid="2172" durationms="10.606" usertimems="41.888" systemtimems="15.877" stalltimems="33.441" timestamp="2024-07-17T18:05:25.504" activeThreads="10">
  <mem-info id="2178" free="72620168" total="153485312" percent="47">
    <mem type="nursery" free="56349024" total="83755008" percent="67">
      <mem type="allocate" free="56349024" total="68091904" percent="82" />
      <mem type="survivor" free="0" total="15663104" percent="0" />
    </mem>
    <mem type="tenure" free="16271144" total="69730304" percent="23">
      <mem type="soa" free="12784424" total="66243584" percent="19" />
      <mem type="loa" free="3486720" total="3486720" percent="100" />
    </mem>
    <pending-finalizers system="37" default="1073" reference="129" classloader="0" />
    <remembered-set count="2477" />
  </mem-info>
</gc-end>
<cycle-end id="2179" type="scavenge" contextid="2172" timestamp="2024-07-17T18:05:25.505" />
<allocation-satisfied id="2180" threadId="0000000000848300" bytesRequested="6840" />
<af-end id="2181" timestamp="2024-07-17T18:05:25.505" threadId="0000000000848D38" success="true" from="nursery"/>
<exclusive-end id="2182" timestamp="2024-07-17T18:05:25.506" durationms="13.028" />

<exclusive-start id="2183" timestamp="2024-07-17T18:05:25.557" intervalms="64.965">
  <response-info timems="0.175" idlems="0.133" threads="2" lastid="000000000086AC00" lastname="Default Executor-thread-15" />
</exclusive-start>
<af-start id="2184" threadId="0000000000822538" totalBytesRequested="16528" timestamp="2024-07-17T18:05:25.558" intervalms="64.915" type="nursery" />
<cycle-start id="2185" type="scavenge" contextid="0" timestamp="2024-07-17T18:05:25.558" intervalms="64.927" />
<gc-start id="2186" type="scavenge" contextid="2185" timestamp="2024-07-17T18:05:25.559">
  <mem-info id="2187" free="16264176" total="153485312" percent="10">
    <mem type="nursery" free="0" total="83755008" percent="0">
      <mem type="allocate" free="0" total="68091904" percent="0" />
      <mem type="survivor" free="0" total="15663104" percent="0" />
    </mem>
    <mem type="tenure" free="16264176" total="69730304" percent="23">
      <mem type="soa" free="12777456" total="66243584" percent="19" />
      <mem type="loa" free="3486720" total="3486720" percent="100" />
    </mem>
    <remembered-set count="2932" />
  </mem-info>
</gc-start>
<allocation-stats totalBytes="56242760" discardedBytes="113232" >
  <allocated-bytes non-tlh="991960" tlh="55250800" />
  <largest-consumer threadName="Default Executor-thread-9" threadId="0000000000848300" bytes="12348744" />
</allocation-stats>
<gc-op id="2188" type="scavenge" timems="10.260" contextid="2185" timestamp="2024-07-17T18:05:25.569">
  <scavenger-info tenureage="7" tenuremask="7f80" tiltratio="81" />
  <memory-copied type="nursery" objects="160882" bytes="13930912" bytesdiscarded="342864" />
  <finalization candidates="1338" enqueued="1268" />
  <ownableSynchronizers candidates="31" cleared="3" />
  <references type="soft" candidates="121" cleared="0" enqueued="0" dynamicThreshold="9" maxThreshold="32" />
  <references type="weak" candidates="222" cleared="106" enqueued="106" />
  <references type="phantom" candidates="135" cleared="37" enqueued="37" />
  <object-monitors candidates="155" cleared="1"  />
</gc-op>
<heap-resize id="2189" type="expand" space="nursery" amount="6553600" count="1" timems="0.040" reason="excessive time being spent scavenging" timestamp="2024-07-17T18:05:25.570" />
<gc-end id="2190" type="scavenge" contextid="2185" durationms="11.309" usertimems="57.192" systemtimems="3.666" stalltimems="52.018" timestamp="2024-07-17T18:05:25.570" activeThreads="11">
  <mem-info id="2191" free="72697488" total="160038912" percent="45">
    <mem type="nursery" free="56433312" total="90308608" percent="62">
      <mem type="allocate" free="56433312" total="70713344" percent="79" />
      <mem type="survivor" free="0" total="19595264" percent="0" />
    </mem>
    <mem type="tenure" free="16264176" total="69730304" percent="23">
      <mem type="soa" free="12777456" total="66243584" percent="19" />
      <mem type="loa" free="3486720" total="3486720" percent="100" />
    </mem>
    <pending-finalizers system="4" default="1264" reference="143" classloader="0" />
    <remembered-set count="2662" />
  </mem-info>
</gc-end>
<cycle-end id="2192" type="scavenge" contextid="2185" timestamp="2024-07-17T18:05:25.570" />
<allocation-satisfied id="2193" threadId="0000000000821B00" bytesRequested="16528" />
<af-end id="2194" timestamp="2024-07-17T18:05:25.571" threadId="0000000000822538" success="true" from="nursery"/>
<exclusive-end id="2195" timestamp="2024-07-17T18:05:25.571" durationms="13.499" />

<exclusive-start id="2196" timestamp="2024-07-17T18:05:25.632" intervalms="74.090">
  <response-info timems="0.229" idlems="0.146" threads="1" lastid="0000000000848300" lastname="Default Executor-thread-9" />
</exclusive-start>
<af-start id="2197" threadId="000000000087E438" totalBytesRequested="65544" timestamp="2024-07-17T18:05:25.632" intervalms="74.113" type="nursery" />
<cycle-start id="2198" type="scavenge" contextid="0" timestamp="2024-07-17T18:05:25.632" intervalms="74.107" />
<gc-start id="2199" type="scavenge" contextid="2198" timestamp="2024-07-17T18:05:25.633">
  <mem-info id="2200" free="16263760" total="160038912" percent="10">
    <mem type="nursery" free="0" total="90308608" percent="0">
      <mem type="allocate" free="0" total="70713344" percent="0" />
      <mem type="survivor" free="0" total="19595264" percent="0" />
    </mem>
    <mem type="tenure" free="16263760" total="69730304" percent="23">
      <mem type="soa" free="12777040" total="66243584" percent="19" />
      <mem type="loa" free="3486720" total="3486720" percent="100" />
    </mem>
    <remembered-set count="3108" />
  </mem-info>
</gc-start>
<allocation-stats totalBytes="56268168" discardedBytes="165560" >
  <allocated-bytes non-tlh="786928" tlh="55481240" />
  <largest-consumer threadName="Default Executor-thread-9" threadId="0000000000848300" bytes="16592848" />
</allocation-stats>
<gc-op id="2201" type="scavenge" timems="13.880" contextid="2198" timestamp="2024-07-17T18:05:25.647">
  <scavenger-info tenureage="6" tenuremask="7fc0" tiltratio="78" />
  <memory-copied type="nursery" objects="169684" bytes="15712320" bytesdiscarded="446344" />
  <memory-copied type="tenure" objects="16158" bytes="1493608" bytesdiscarded="744" />
  <finalization candidates="1886" enqueued="1812" />
  <ownableSynchronizers candidates="85" cleared="28" />
  <references type="soft" candidates="123" cleared="0" enqueued="0" dynamicThreshold="9" maxThreshold="32" />
  <references type="weak" candidates="245" cleared="46" enqueued="46" />
  <references type="phantom" candidates="195" cleared="81" enqueued="81" />
  <object-monitors candidates="154" cleared="0"  />
</gc-op>
<heap-resize id="2202" type="expand" space="nursery" amount="7995392" count="1" timems="0.035" reason="excessive time being spent scavenging" timestamp="2024-07-17T18:05:25.647" />
<gc-end id="2203" type="scavenge" contextid="2198" durationms="15.063" usertimems="105.620" systemtimems="6.108" stalltimems="40.352" timestamp="2024-07-17T18:05:25.648" activeThreads="11">
  <mem-info id="2204" free="75112512" total="168034304" percent="44">
    <mem type="nursery" free="60443256" total="98304000" percent="61">
      <mem type="allocate" free="60443256" total="76611584" percent="78" />
      <mem type="survivor" free="0" total="21692416" percent="0" />
    </mem>
    <mem type="tenure" free="14669256" total="69730304" percent="21">
      <mem type="soa" free="11182536" total="66243584" percent="16" />
      <mem type="loa" free="3486720" total="3486720" percent="100" />
    </mem>
    <pending-finalizers system="0" default="1812" reference="127" classloader="0" />
    <remembered-set count="3210" />
  </mem-info>
</gc-end>
<cycle-end id="2205" type="scavenge" contextid="2198" timestamp="2024-07-17T18:05:25.648" />
<allocation-satisfied id="2206" threadId="000000000087DA00" bytesRequested="65544" />
<af-end id="2207" timestamp="2024-07-17T18:05:25.649" threadId="000000000087E438" success="true" from="nursery"/>
<exclusive-end id="2208" timestamp="2024-07-17T18:05:25.649" durationms="17.214" />

<exclusive-start id="2209" timestamp="2024-07-17T18:05:25.752" intervalms="120.552">
  <response-info timems="0.085" idlems="0.085" threads="0" lastid="0000000000876100" lastname="Default Executor-thread-18" />
</exclusive-start>
<af-start id="2210" threadId="0000000000876B38" totalBytesRequested="35944" timestamp="2024-07-17T18:05:25.752" intervalms="120.528" type="nursery" />
<cycle-start id="2211" type="scavenge" contextid="0" timestamp="2024-07-17T18:05:25.753" intervalms="120.572" />
<gc-start id="2212" type="scavenge" contextid="2211" timestamp="2024-07-17T18:05:25.753">
  <mem-info id="2213" free="14669184" total="168034304" percent="8">
    <mem type="nursery" free="0" total="98304000" percent="0">
      <mem type="allocate" free="0" total="76611584" percent="0" />
      <mem type="survivor" free="0" total="21692416" percent="0" />
    </mem>
    <mem type="tenure" free="14669184" total="69730304" percent="21">
      <mem type="soa" free="11182464" total="66243584" percent="16" />
      <mem type="loa" free="3486720" total="3486720" percent="100" />
    </mem>
    <remembered-set count="7598" />
  </mem-info>
</gc-start>
<allocation-stats totalBytes="60387384" discardedBytes="55944" >
  <allocated-bytes non-tlh="2857600" tlh="57529784" />
  <largest-consumer threadName="ClassloaderMapProcessingThread-9" threadId="0000000001402B00" bytes="17918824" />
</allocation-stats>
<gc-op id="2214" type="scavenge" timems="14.667" contextid="2211" timestamp="2024-07-17T18:05:25.769">
  <scavenger-info tenureage="7" tenuremask="7f80" tiltratio="77" />
  <memory-copied type="nursery" objects="222334" bytes="18513568" bytesdiscarded="374528" />
  <finalization candidates="1195" enqueued="1121" />
  <ownableSynchronizers candidates="45" cleared="0" />
  <references type="soft" candidates="123" cleared="0" enqueued="0" dynamicThreshold="9" maxThreshold="32" />
  <references type="weak" candidates="276" cleared="71" enqueued="71" />
  <references type="phantom" candidates="245" cleared="62" enqueued="62" />
  <object-monitors candidates="154" cleared="0"  />
</gc-op>
<heap-resize id="2215" type="expand" space="nursery" amount="5767168" count="1" timems="0.035" reason="excessive time being spent scavenging" timestamp="2024-07-17T18:05:25.769" />
<gc-end id="2216" type="scavenge" contextid="2211" durationms="16.415" usertimems="89.853" systemtimems="14.121" stalltimems="60.953" timestamp="2024-07-17T18:05:25.770" activeThreads="12">
  <mem-info id="2217" free="74611344" total="173801472" percent="42">
    <mem type="nursery" free="59942160" total="104071168" percent="57">
      <mem type="allocate" free="59942160" total="78839808" percent="76" />
      <mem type="survivor" free="0" total="25231360" percent="0" />
    </mem>
    <mem type="tenure" free="14669184" total="69730304" percent="21">
      <mem type="soa" free="11182464" total="66243584" percent="16" />
      <mem type="loa" free="3486720" total="3486720" percent="100" />
    </mem>
    <pending-finalizers system="0" default="1121" reference="133" classloader="0" />
    <remembered-set count="6471" />
  </mem-info>
</gc-end>
<cycle-end id="2218" type="scavenge" contextid="2211" timestamp="2024-07-17T18:05:25.770" />
<allocation-satisfied id="2219" threadId="0000000000876100" bytesRequested="35944" />
<af-end id="2220" timestamp="2024-07-17T18:05:25.771" threadId="0000000000876B38" success="true" from="nursery"/>
<exclusive-end id="2221" timestamp="2024-07-17T18:05:25.771" durationms="19.078" />

<exclusive-start id="2222" timestamp="2024-07-17T18:05:25.873" intervalms="120.587">
  <response-info timems="0.068" idlems="0.068" threads="0" lastid="0000000001402B00" lastname="ClassloaderMapProcessingThread-9" />
</exclusive-start>
<af-start id="2223" threadId="0000000001403538" totalBytesRequested="24" timestamp="2024-07-17T18:05:25.873" intervalms="120.591" type="nursery" />
<cycle-start id="2224" type="scavenge" contextid="0" timestamp="2024-07-17T18:05:25.873" intervalms="120.520" />
<gc-start id="2225" type="scavenge" contextid="2224" timestamp="2024-07-17T18:05:25.874">
  <mem-info id="2226" free="14668048" total="173801472" percent="8">
    <mem type="nursery" free="0" total="104071168" percent="0">
      <mem type="allocate" free="0" total="78839808" percent="0" />
      <mem type="survivor" free="0" total="25231360" percent="0" />
    </mem>
    <mem type="tenure" free="14668048" total="69730304" percent="21">
      <mem type="soa" free="11181328" total="66243584" percent="16" />
      <mem type="loa" free="3486720" total="3486720" percent="100" />
    </mem>
    <remembered-set count="6945" />
  </mem-info>
</gc-start>
<allocation-stats totalBytes="59888072" discardedBytes="55224" >
  <allocated-bytes non-tlh="3253360" tlh="56634712" />
  <largest-consumer threadName="Default Executor-thread-18" threadId="0000000000876100" bytes="22542424" />
</allocation-stats>
<gc-op id="2227" type="scavenge" timems="14.126" contextid="2224" timestamp="2024-07-17T18:05:25.888">
  <scavenger-info tenureage="7" tenuremask="7f80" tiltratio="75" />
  <memory-copied type="nursery" objects="253388" bytes="23450120" bytesdiscarded="625304" />
  <memory-copied type="tenure" objects="12282" bytes="794712" bytesdiscarded="328" />
  <finalization candidates="983" enqueued="881" />
  <ownableSynchronizers candidates="97" cleared="19" />
  <references type="soft" candidates="126" cleared="0" enqueued="0" dynamicThreshold="9" maxThreshold="32" />
  <references type="weak" candidates="254" cleared="39" enqueued="39" />
  <references type="phantom" candidates="195" cleared="0" enqueued="0" />
  <object-monitors candidates="154" cleared="0"  />
</gc-op>
<heap-resize id="2228" type="expand" space="nursery" amount="5898240" count="1" timems="0.035" reason="excessive time being spent scavenging" timestamp="2024-07-17T18:05:25.889" />
<gc-end id="2229" type="scavenge" contextid="2224" durationms="15.417" usertimems="117.693" systemtimems="0.000" stalltimems="48.371" timestamp="2024-07-17T18:05:25.889" activeThreads="12">
  <mem-info id="2230" free="66992720" total="179699712" percent="37">
    <mem type="nursery" free="52985504" total="109969408" percent="48">
      <mem type="allocate" free="52985504" total="77070336" percent="68" />
      <mem type="survivor" free="0" total="32899072" percent="0" />
    </mem>
    <mem type="tenure" free="14007216" total="69730304" percent="20">
      <mem type="soa" free="10520496" total="66243584" percent="15" />
      <mem type="loa" free="3486720" total="3486720" percent="100" />
    </mem>
    <pending-finalizers system="0" default="881" reference="39" classloader="0" />
    <remembered-set count="8639" />
  </mem-info>
</gc-end>
<cycle-end id="2231" type="scavenge" contextid="2224" timestamp="2024-07-17T18:05:25.890" />
<allocation-satisfied id="2232" threadId="0000000001402B00" bytesRequested="24" />
<af-end id="2233" timestamp="2024-07-17T18:05:25.890" threadId="0000000001403538" success="true" from="nursery"/>
<exclusive-end id="2234" timestamp="2024-07-17T18:05:25.890" durationms="17.665" />

<exclusive-start id="2235" timestamp="2024-07-17T18:05:25.934" intervalms="60.980">
  <response-info timems="0.081" idlems="0.081" threads="0" lastid="0000000001402B00" lastname="ClassloaderMapProcessingThread-9" />
</exclusive-start>
<af-start id="2236" threadId="0000000001403538" totalBytesRequested="48" timestamp="2024-07-17T18:05:25.934" intervalms="60.955" type="nursery" />
<cycle-start id="2237" type="scavenge" contextid="0" timestamp="2024-07-17T18:05:25.934" intervalms="60.954" />
<gc-start id="2238" type="scavenge" contextid="2237" timestamp="2024-07-17T18:05:25.935">
  <mem-info id="2239" free="14006128" total="179699712" percent="7">
    <mem type="nursery" free="0" total="109969408" percent="0">
      <mem type="allocate" free="0" total="77070336" percent="0" />
      <mem type="survivor" free="0" total="32899072" percent="0" />
    </mem>
    <mem type="tenure" free="14006128" total="69730304" percent="20">
      <mem type="soa" free="10519408" total="66243584" percent="15" />
      <mem type="loa" free="3486720" total="3486720" percent="100" />
    </mem>
    <remembered-set count="8837" />
  </mem-info>
</gc-start>
<allocation-stats totalBytes="52959200" discardedBytes="27392" >
  <allocated-bytes non-tlh="132200" tlh="52827000" />
  <largest-consumer threadName="Default Executor-thread-2" threadId="0000000000821B00" bytes="13243376" />
</allocation-stats>
<gc-op id="2240" type="scavenge" timems="14.450" contextid="2237" timestamp="2024-07-17T18:05:25.950">
  <scavenger-info tenureage="4" tenuremask="7fd0" tiltratio="70" />
  <memory-copied type="nursery" objects="192947" bytes="17999056" bytesdiscarded="413200" />
  <memory-copied type="tenure" objects="91711" bytes="4069296" bytesdiscarded="1616" />
  <finalization candidates="614" enqueued="523" />
  <ownableSynchronizers candidates="101" cleared="21" />
  <references type="soft" candidates="63" cleared="0" enqueued="0" dynamicThreshold="9" maxThreshold="32" />
  <references type="weak" candidates="183" cleared="22" enqueued="22" />
  <references type="phantom" candidates="182" cleared="0" enqueued="0" />
  <object-monitors candidates="155" cleared="0"  />
</gc-op>
<heap-resize id="2241" type="expand" space="nursery" amount="13369344" count="1" timems="0.099" reason="excessive time being spent scavenging" timestamp="2024-07-17T18:05:25.950" />
<gc-end id="2242" type="scavenge" contextid="2237" durationms="15.696" usertimems="125.591" systemtimems="0.498" stalltimems="41.721" timestamp="2024-07-17T18:05:25.951" activeThreads="12">
  <mem-info id="2243" free="80804256" total="193069056" percent="41">
    <mem type="nursery" free="70909024" total="123338752" percent="57">
      <mem type="allocate" free="70909024" total="89325568" percent="79" />
      <mem type="survivor" free="0" total="34013184" percent="0" />
    </mem>
    <mem type="tenure" free="9895232" total="69730304" percent="14">
      <mem type="soa" free="6408512" total="66243584" percent="9" />
      <mem type="loa" free="3486720" total="3486720" percent="100" />
    </mem>
    <pending-finalizers system="0" default="523" reference="22" classloader="0" />
    <remembered-set count="15096" />
  </mem-info>
</gc-end>
<cycle-end id="2244" type="scavenge" contextid="2237" timestamp="2024-07-17T18:05:25.951" />
<allocation-satisfied id="2245" threadId="0000000001402B00" bytesRequested="48" />
<af-end id="2246" timestamp="2024-07-17T18:05:25.952" threadId="0000000001403538" success="true" from="nursery"/>
<exclusive-end id="2247" timestamp="2024-07-17T18:05:25.952" durationms="18.189" />

<exclusive-start id="2248" timestamp="2024-07-17T18:05:25.999" intervalms="65.684">
  <response-info timems="0.075" idlems="0.058" threads="1" lastid="0000000000821B00" lastname="Default Executor-thread-2" />
</exclusive-start>
<af-start id="2249" threadId="000000000087E438" totalBytesRequested="5768" timestamp="2024-07-17T18:05:26.000" intervalms="65.681" type="nursery" />
<cycle-start id="2250" type="scavenge" contextid="0" timestamp="2024-07-17T18:05:26.000" intervalms="65.744" />
<gc-start id="2251" type="scavenge" contextid="2250" timestamp="2024-07-17T18:05:26.000">
  <mem-info id="2252" free="9895056" total="193069056" percent="5">
    <mem type="nursery" free="0" total="123338752" percent="0">
      <mem type="allocate" free="0" total="89325568" percent="0" />
      <mem type="survivor" free="0" total="34013184" percent="0" />
    </mem>
    <mem type="tenure" free="9895056" total="69730304" percent="14">
      <mem type="soa" free="6408336" total="66243584" percent="9" />
      <mem type="loa" free="3486720" total="3486720" percent="100" />
    </mem>
    <remembered-set count="15204" />
  </mem-info>
</gc-start>
<allocation-stats totalBytes="70848248" discardedBytes="60952" >
  <allocated-bytes non-tlh="811432" tlh="70036816" />
  <largest-consumer threadName="Default Executor-thread-20" threadId="000000000087DA00" bytes="15587272" />
</allocation-stats>
<gc-op id="2253" type="scavenge" timems="25.470" contextid="2250" timestamp="2024-07-17T18:05:26.026">
  <scavenger-info tenureage="3" tenuremask="7fc8" tiltratio="72" />
  <memory-copied type="nursery" objects="214762" bytes="17172456" bytesdiscarded="568096" />
  <memory-copied type="tenure" objects="79907" bytes="7308584" bytesdiscarded="3856" />
  <finalization candidates="887" enqueued="837" />
  <ownableSynchronizers candidates="72" cleared="0" />
  <references type="soft" candidates="9" cleared="0" enqueued="0" dynamicThreshold="9" maxThreshold="32" />
  <references type="weak" candidates="133" cleared="3" enqueued="3" />
  <references type="phantom" candidates="121" cleared="0" enqueued="0" />
  <object-monitors candidates="155" cleared="0"  />
  <heap-resize type="expand" space="tenure" amount="917504" count="7" timems="0.913" reason="continue current collection" />
</gc-op>
<heap-resize id="2254" type="expand" space="nursery" amount="20447232" count="1" timems="0.916" reason="excessive time being spent scavenging" timestamp="2024-07-17T18:05:26.028" />
<gc-end id="2255" type="scavenge" contextid="2250" durationms="27.582" usertimems="168.132" systemtimems="32.263" stalltimems="41.583" timestamp="2024-07-17T18:05:26.028" activeThreads="12">
  <mem-info id="2256" free="96448208" total="214433792" percent="44">
    <mem type="nursery" free="92880848" total="143785984" percent="64">
      <mem type="allocate" free="92880848" total="110624768" percent="83" />
      <mem type="survivor" free="0" total="33161216" percent="0" />
    </mem>
    <mem type="tenure" free="3567360" total="70647808" percent="5">
      <mem type="soa" free="34560" total="67115008" percent="0" />
      <mem type="loa" free="3532800" total="3532800" percent="100" />
    </mem>
    <pending-finalizers system="0" default="837" reference="3" classloader="0" />
    <remembered-set count="15053" />
  </mem-info>
</gc-end>
<cycle-end id="2257" type="scavenge" contextid="2250" timestamp="2024-07-17T18:05:26.028" />
<allocation-satisfied id="2258" threadId="000000000087DA00" bytesRequested="5768" />
<af-end id="2259" timestamp="2024-07-17T18:05:26.029" threadId="000000000087E438" success="true" from="nursery"/>
<exclusive-end id="2260" timestamp="2024-07-17T18:05:26.029" durationms="29.753" />

<concurrent-kickoff id="2261" timestamp="2024-07-17T18:05:26.103">
  <kickoff reason="threshold reached" targetBytes="35159396" thresholdFreeBytes="4891148"  remainingFree="4865576" tenureFreeBytes="3567360" nurseryFreeBytes="4865576" />
</concurrent-kickoff>
<exclusive-start id="2262" timestamp="2024-07-17T18:05:26.105" intervalms="105.412">
  <response-info timems="0.082" idlems="0.082" threads="0" lastid="0000000000821B00" lastname="Default Executor-thread-2" />
</exclusive-start>
<cycle-start id="2263" type="global" contextid="0" timestamp="2024-07-17T18:05:26.105" intervalms="1045.652" />
<concurrent-start id="2264" type="global mark" contextid="2263" timestamp="2024-07-17T18:05:26.105">
</concurrent-start>
<exclusive-end id="2265" timestamp="2024-07-17T18:05:26.105" durationms="0.645" />

<concurrent-end id="2266" type="global mark" contextid="2263" timestamp="2024-07-17T18:05:26.135">
<gc-op id="2267" type="trace" timems="29.889" contextid="2263" timestamp="2024-07-17T18:05:26.135">
  <trace bytesTraced="35099064" workStackOverflowCount="0" />
  <card-cleaning reason="card cleaning threshold reached" bytesTraced="9336" cardsCleaned="20" />
</gc-op>
</concurrent-end>

<exclusive-start id="2268" timestamp="2024-07-17T18:05:26.136" intervalms="30.821">
  <response-info timems="0.061" idlems="0.061" threads="0" lastid="0000000000821B00" lastname="Default Executor-thread-2" />
</exclusive-start>
<concurrent-global-final id="2269" timestamp="2024-07-17T18:05:26.136" contextid="2263" intervalms="1044.050" >
  <concurrent-trace-info reason="card cleaning threshold reached" tracedByMutators="27214704" tracedByHelpers="7893696" cardsCleaned="20" workStackOverflowCount="0" />
</concurrent-global-final>
<gc-start id="2270" type="global" contextid="2263" timestamp="2024-07-17T18:05:26.136">
  <mem-info id="2271" free="3567360" total="214433792" percent="1">
    <mem type="nursery" free="0" total="143785984" percent="0">
      <mem type="allocate" free="0" total="110624768" percent="0" />
      <mem type="survivor" free="0" total="33161216" percent="0" />
    </mem>
    <mem type="tenure" free="3567360" total="70647808" percent="5">
      <mem type="soa" free="34560" total="67115008" percent="0" />
      <mem type="loa" free="3532800" total="3532800" percent="100" />
    </mem>
    <remembered-set count="15291" />
  </mem-info>
</gc-start>
<allocation-stats totalBytes="92758000" discardedBytes="122848" >
  <allocated-bytes non-tlh="1484848" tlh="91273152" />
  <largest-consumer threadName="Default Executor-thread-2" threadId="0000000000821B00" bytes="21261712" />
</allocation-stats>
<heap-resize id="2272" type="loa contract" space="tenure" amount="706560" count="1" timems="0.000" reason="contract underutilized loa" timestamp="2024-07-17T18:05:26.137" />
<gc-op id="2273" type="rs-scan" timems="9.421" contextid="2263" timestamp="2024-07-17T18:05:26.146">
  <scan objectsFound="261274" bytesTraced="15915992" workStackOverflowCount="0" />
</gc-op>
<gc-op id="2274" type="card-cleaning" timems="1.043" contextid="2263" timestamp="2024-07-17T18:05:26.148">
  <card-cleaning cardsCleaned="13" bytesTraced="15384" workStackOverflowCount="0" />
</gc-op>
<gc-op id="2275" type="mark" timems="15.178" contextid="2263" timestamp="2024-07-17T18:05:26.163">
  <trace-info objectcount="49780" scancount="37588" scanbytes="1721748" />
  <finalization candidates="3551" enqueued="2670" />
  <ownableSynchronizers candidates="7893" cleared="66" />
  <references type="soft" candidates="12404" cleared="0" enqueued="0" dynamicThreshold="9" maxThreshold="32" />
  <references type="weak" candidates="14804" cleared="8" enqueued="8" />
  <references type="phantom" candidates="704" cleared="140" enqueued="140" />
  <stringconstants candidates="37775" cleared="22"  />
  <object-monitors candidates="155" cleared="0"  />
</gc-op>
<gc-op id="2276" type="classunload" timems="1.171" contextid="2263" timestamp="2024-07-17T18:05:26.164">
  <classunload-info classloadercandidates="407" classloadersunloaded="1" classesunloaded="1" anonymousclassesunloaded="0" quiescems="0.000" setupms="1.137" scanms="0.024" postms="0.009" />
</gc-op>
<gc-op id="2277" type="sweep" timems="2.474" contextid="2263" timestamp="2024-07-17T18:05:26.167" />
<heap-resize id="2278" type="expand" space="tenure" amount="18481152" count="1" timems="0.684" reason="insufficient free space following gc" timestamp="2024-07-17T18:05:26.168" />
<heap-resize id="2279" type="loa contract" space="tenure" amount="2673664" count="1" timems="0.000" reason="contract to meet minimum soa" timestamp="2024-07-17T18:05:26.169" />
<gc-end id="2280" type="global" contextid="2263" durationms="32.785" usertimems="155.480" systemtimems="0.000" stalltimems="137.806" timestamp="2024-07-17T18:05:26.169" activeThreads="12">
  <mem-info id="2281" free="108430584" total="232914944" percent="46">
    <mem type="nursery" free="81658464" total="143785984" percent="56">
      <mem type="allocate" free="81658464" total="110624768" percent="73" />
      <mem type="survivor" free="0" total="33161216" percent="0" />
    </mem>
    <mem type="tenure" free="26772120" total="89128960" percent="30" micro-fragmented="1608333" macro-fragmented="0">
      <mem type="soa" free="25880216" total="88237056" percent="29" />
      <mem type="loa" free="891904" total="891904" percent="100" />
    </mem>
    <pending-finalizers system="0" default="2670" reference="148" classloader="0" />
    <remembered-set count="15132" />
  </mem-info>
</gc-end>
<cycle-end id="2282" type="global" contextid="2263" timestamp="2024-07-17T18:05:26.169" />
<exclusive-end id="2283" timestamp="2024-07-17T18:05:26.170" durationms="33.956" />

<exclusive-start id="2284" timestamp="2024-07-17T18:05:26.226" intervalms="90.669">
  <response-info timems="0.095" idlems="0.070" threads="1" lastid="0000000000821B00" lastname="Default Executor-thread-2" />
</exclusive-start>
<af-start id="2285" threadId="000000000087E438" totalBytesRequested="354944" timestamp="2024-07-17T18:05:26.227" intervalms="226.983" type="nursery" />
<cycle-start id="2286" type="scavenge" contextid="0" timestamp="2024-07-17T18:05:26.227" intervalms="227.021" />
<gc-start id="2287" type="scavenge" contextid="2286" timestamp="2024-07-17T18:05:26.228">
  <mem-info id="2288" free="57823112" total="232914944" percent="24">
    <mem type="nursery" free="31051136" total="143785984" percent="21">
      <mem type="allocate" free="31051136" total="110624768" percent="28" />
      <mem type="survivor" free="0" total="33161216" percent="0" />
    </mem>
    <mem type="tenure" free="26771976" total="89128960" percent="30">
      <mem type="soa" free="25880072" total="88237056" percent="29" />
      <mem type="loa" free="891904" total="891904" percent="100" />
    </mem>
    <remembered-set count="15206" />
  </mem-info>
</gc-start>
<allocation-stats totalBytes="49894640" discardedBytes="590872" >
  <allocated-bytes non-tlh="12985920" tlh="36908720" />
  <largest-consumer threadName="Default Executor-thread-9" threadId="0000000000848300" bytes="15307424" />
</allocation-stats>
<gc-op id="2289" type="scavenge" timems="15.692" contextid="2286" timestamp="2024-07-17T18:05:26.244">
  <scavenger-info tenureage="3" tenuremask="7fe8" tiltratio="76" />
  <memory-copied type="nursery" objects="186926" bytes="15349712" bytesdiscarded="551912" />
  <memory-copied type="tenure" objects="69061" bytes="7631584" bytesdiscarded="16232" />
  <finalization candidates="1878" enqueued="1850" />
  <ownableSynchronizers candidates="15658" cleared="15582" />
  <references type="soft" candidates="1" cleared="0" enqueued="0" dynamicThreshold="9" maxThreshold="32" />
  <references type="weak" candidates="30" cleared="2" enqueued="2" />
  <references type="phantom" candidates="29" cleared="0" enqueued="0" />
  <object-monitors candidates="155" cleared="0"  />
</gc-op>
<gc-end id="2290" type="scavenge" contextid="2286" durationms="16.564" usertimems="112.086" systemtimems="10.015" stalltimems="49.782" timestamp="2024-07-17T18:05:26.244" activeThreads="12">
  <mem-info id="2291" free="119953032" total="232914944" percent="51">
    <mem type="nursery" free="101144040" total="143785984" percent="70">
      <mem type="allocate" free="101144040" total="117047296" percent="86" />
      <mem type="survivor" free="0" total="26738688" percent="0" />
    </mem>
    <mem type="tenure" free="18808992" total="89128960" percent="21">
      <mem type="soa" free="17917088" total="88237056" percent="20" />
      <mem type="loa" free="891904" total="891904" percent="100" />
    </mem>
    <pending-finalizers system="0" default="1850" reference="2" classloader="0" />
    <remembered-set count="1918" />
  </mem-info>
</gc-end>
<cycle-end id="2292" type="scavenge" contextid="2286" timestamp="2024-07-17T18:05:26.245" />
<allocation-satisfied id="2293" threadId="000000000087DA00" bytesRequested="354944" />
<af-end id="2294" timestamp="2024-07-17T18:05:26.245" threadId="000000000087E438" success="true" from="nursery"/>
<exclusive-end id="2295" timestamp="2024-07-17T18:05:26.245" durationms="18.949" />

<exclusive-start id="2296" timestamp="2024-07-17T18:05:26.345" intervalms="118.839">
  <response-info timems="0.075" idlems="0.075" threads="0" lastid="000000000087DA00" lastname="Default Executor-thread-20" />
</exclusive-start>
<af-start id="2297" threadId="000000000087E438" totalBytesRequested="136" timestamp="2024-07-17T18:05:26.345" intervalms="118.809" type="nursery" />
<cycle-start id="2298" type="scavenge" contextid="0" timestamp="2024-07-17T18:05:26.346" intervalms="118.779" />
<gc-start id="2299" type="scavenge" contextid="2298" timestamp="2024-07-17T18:05:26.346">
  <mem-info id="2300" free="18808992" total="232914944" percent="8">
    <mem type="nursery" free="0" total="143785984" percent="0">
      <mem type="allocate" free="0" total="117047296" percent="0" />
      <mem type="survivor" free="0" total="26738688" percent="0" />
    </mem>
    <mem type="tenure" free="18808992" total="89128960" percent="21">
      <mem type="soa" free="17917088" total="88237056" percent="20" />
      <mem type="loa" free="891904" total="891904" percent="100" />
    </mem>
    <remembered-set count="2907" />
  </mem-info>
</gc-start>
<allocation-stats totalBytes="101054400" discardedBytes="89640" >
  <allocated-bytes non-tlh="2027176" tlh="99027224" />
  <largest-consumer threadName="Default Executor-thread-20" threadId="000000000087DA00" bytes="28466408" />
</allocation-stats>
<gc-op id="2301" type="scavenge" timems="14.174" contextid="2298" timestamp="2024-07-17T18:05:26.361">
  <scavenger-info tenureage="6" tenuremask="7fc0" tiltratio="81" />
  <memory-copied type="nursery" objects="238192" bytes="24388464" bytesdiscarded="460432" />
  <finalization candidates="3471" enqueued="3471" />
  <ownableSynchronizers candidates="44" cleared="0" />
  <references type="soft" candidates="1" cleared="0" enqueued="0" dynamicThreshold="9" maxThreshold="32" />
  <references type="weak" candidates="41" cleared="6" enqueued="6" />
  <references type="phantom" candidates="33" cleared="0" enqueued="0" />
  <object-monitors candidates="155" cleared="0"  />
</gc-op>
<heap-resize id="2302" type="expand" space="nursery" amount="10616832" count="1" timems="0.042" reason="excessive time being spent scavenging" timestamp="2024-07-17T18:05:26.362" />
<gc-end id="2303" type="scavenge" contextid="2298" durationms="15.834" usertimems="109.332" systemtimems="0.000" stalltimems="62.529" timestamp="2024-07-17T18:05:26.362" activeThreads="12">
  <mem-info id="2304" free="109301080" total="243531776" percent="44">
    <mem type="nursery" free="90492088" total="154402816" percent="58">
      <mem type="allocate" free="90492088" total="115343360" percent="78" />
      <mem type="survivor" free="0" total="39059456" percent="0" />
    </mem>
    <mem type="tenure" free="18808992" total="89128960" percent="21">
      <mem type="soa" free="17917088" total="88237056" percent="20" />
      <mem type="loa" free="891904" total="891904" percent="100" />
    </mem>
    <pending-finalizers system="0" default="3471" reference="6" classloader="0" />
    <remembered-set count="2429" />
  </mem-info>
</gc-end>
<cycle-end id="2305" type="scavenge" contextid="2298" timestamp="2024-07-17T18:05:26.363" />
<allocation-satisfied id="2306" threadId="000000000087DA00" bytesRequested="136" />
<af-end id="2307" timestamp="2024-07-17T18:05:26.363" threadId="000000000087E438" success="true" from="nursery"/>
<exclusive-end id="2308" timestamp="2024-07-17T18:05:26.364" durationms="18.623" />

<exclusive-start id="2309" timestamp="2024-07-17T18:05:26.454" intervalms="109.322">
  <response-info timems="0.072" idlems="0.072" threads="0" lastid="000000000087DA00" lastname="Default Executor-thread-20" />
</exclusive-start>
<af-start id="2310" threadId="000000000087E438" totalBytesRequested="5792" timestamp="2024-07-17T18:05:26.455" intervalms="109.353" type="nursery" />
<cycle-start id="2311" type="scavenge" contextid="0" timestamp="2024-07-17T18:05:26.455" intervalms="109.324" />
<gc-start id="2312" type="scavenge" contextid="2311" timestamp="2024-07-17T18:05:26.456">
  <mem-info id="2313" free="18808992" total="243531776" percent="7">
    <mem type="nursery" free="0" total="154402816" percent="0">
      <mem type="allocate" free="0" total="115343360" percent="0" />
      <mem type="survivor" free="0" total="39059456" percent="0" />
    </mem>
    <mem type="tenure" free="18808992" total="89128960" percent="21">
      <mem type="soa" free="17917088" total="88237056" percent="20" />
      <mem type="loa" free="891904" total="891904" percent="100" />
    </mem>
    <remembered-set count="2503" />
  </mem-info>
</gc-start>
<allocation-stats totalBytes="90370064" discardedBytes="122024" >
  <allocated-bytes non-tlh="294224" tlh="90075840" />
  <largest-consumer threadName="Default Executor-thread-2" threadId="0000000000821B00" bytes="23766544" />
</allocation-stats>
<gc-op id="2314" type="scavenge" timems="15.954" contextid="2311" timestamp="2024-07-17T18:05:26.473">
  <scavenger-info tenureage="6" tenuremask="7fc0" tiltratio="74" />
  <memory-copied type="nursery" objects="261719" bytes="25842688" bytesdiscarded="577056" />
  <finalization candidates="3380" enqueued="3380" />
  <ownableSynchronizers candidates="45" cleared="1" />
  <references type="soft" candidates="1" cleared="0" enqueued="0" dynamicThreshold="9" maxThreshold="32" />
  <references type="weak" candidates="37" cleared="0" enqueued="0" />
  <references type="phantom" candidates="25" cleared="0" enqueued="0" />
  <object-monitors candidates="155" cleared="0"  />
</gc-op>
<heap-resize id="2315" type="expand" space="nursery" amount="11141120" count="1" timems="0.038" reason="excessive time being spent scavenging" timestamp="2024-07-17T18:05:26.473" />
<gc-end id="2316" type="scavenge" contextid="2311" durationms="17.436" usertimems="105.527" systemtimems="0.000" stalltimems="80.084" timestamp="2024-07-17T18:05:26.474" activeThreads="12">
  <mem-info id="2317" free="122934536" total="254672896" percent="48">
    <mem type="nursery" free="104125544" total="165543936" percent="62">
      <mem type="allocate" free="104125544" total="130547712" percent="79" />
      <mem type="survivor" free="0" total="34996224" percent="0" />
    </mem>
    <mem type="tenure" free="18808992" total="89128960" percent="21">
      <mem type="soa" free="17917088" total="88237056" percent="20" />
      <mem type="loa" free="891904" total="891904" percent="100" />
    </mem>
    <pending-finalizers system="0" default="3380" reference="0" classloader="0" />
    <remembered-set count="2474" />
  </mem-info>
</gc-end>
<cycle-end id="2318" type="scavenge" contextid="2311" timestamp="2024-07-17T18:05:26.474" />
<allocation-satisfied id="2319" threadId="000000000087DA00" bytesRequested="5792" />
<af-end id="2320" timestamp="2024-07-17T18:05:26.475" threadId="000000000087E438" success="true" from="nursery"/>
<exclusive-end id="2321" timestamp="2024-07-17T18:05:26.475" durationms="20.391" />

<exclusive-start id="2322" timestamp="2024-07-17T18:05:26.591" intervalms="136.362">
  <response-info timems="0.080" idlems="0.080" threads="0" lastid="0000000000876100" lastname="Default Executor-thread-18" />
</exclusive-start>
<af-start id="2323" threadId="0000000000876B38" totalBytesRequested="5096" timestamp="2024-07-17T18:05:26.591" intervalms="136.363" type="nursery" />
<cycle-start id="2324" type="scavenge" contextid="0" timestamp="2024-07-17T18:05:26.592" intervalms="136.464" />
<gc-start id="2325" type="scavenge" contextid="2324" timestamp="2024-07-17T18:05:26.593">
  <mem-info id="2326" free="18808992" total="254672896" percent="7">
    <mem type="nursery" free="0" total="165543936" percent="0">
      <mem type="allocate" free="0" total="130547712" percent="0" />
      <mem type="survivor" free="0" total="34996224" percent="0" />
    </mem>
    <mem type="tenure" free="18808992" total="89128960" percent="21">
      <mem type="soa" free="17917088" total="88237056" percent="20" />
      <mem type="loa" free="891904" total="891904" percent="100" />
    </mem>
    <remembered-set count="2750" />
  </mem-info>
</gc-start>
<allocation-stats totalBytes="103965272" discardedBytes="160272" >
  <allocated-bytes non-tlh="1906568" tlh="102058704" />
  <largest-consumer threadName="Default Executor-thread-2" threadId="0000000000821B00" bytes="28387240" />
</allocation-stats>
<gc-op id="2327" type="scavenge" timems="28.072" contextid="2324" timestamp="2024-07-17T18:05:26.621">
  <scavenger-info tenureage="6" tenuremask="7fc0" tiltratio="78" />
  <memory-copied type="nursery" objects="293225" bytes="28798784" bytesdiscarded="345792" />
  <finalization candidates="3786" enqueued="3784" />
  <ownableSynchronizers candidates="52" cleared="8" />
  <references type="soft" candidates="1" cleared="0" enqueued="0" dynamicThreshold="9" maxThreshold="32" />
  <references type="weak" candidates="47" cleared="3" enqueued="3" />
  <references type="phantom" candidates="26" cleared="0" enqueued="0" />
  <object-monitors candidates="155" cleared="0"  />
</gc-op>
<heap-resize id="2328" type="expand" space="nursery" amount="15335424" count="1" timems="0.049" reason="excessive time being spent scavenging" timestamp="2024-07-17T18:05:26.622" />
<gc-end id="2329" type="scavenge" contextid="2324" durationms="29.786" usertimems="172.330" systemtimems="40.676" stalltimems="74.697" timestamp="2024-07-17T18:05:26.622" activeThreads="12">
  <mem-info id="2330" free="131219424" total="270008320" percent="48">
    <mem type="nursery" free="112410432" total="180879360" percent="62">
      <mem type="allocate" free="112410432" total="141557760" percent="79" />
      <mem type="survivor" free="0" total="39321600" percent="0" />
    </mem>
    <mem type="tenure" free="18808992" total="89128960" percent="21">
      <mem type="soa" free="17917088" total="88237056" percent="20" />
      <mem type="loa" free="891904" total="891904" percent="100" />
    </mem>
    <pending-finalizers system="0" default="3784" reference="3" classloader="0" />
    <remembered-set count="2668" />
  </mem-info>
</gc-end>
<cycle-end id="2331" type="scavenge" contextid="2324" timestamp="2024-07-17T18:05:26.623" />
<allocation-satisfied id="2332" threadId="0000000000876100" bytesRequested="5096" />
<af-end id="2333" timestamp="2024-07-17T18:05:26.623" threadId="0000000000876B38" success="true" from="nursery"/>
<exclusive-end id="2334" timestamp="2024-07-17T18:05:26.624" durationms="32.829" />

<exclusive-start id="2335" timestamp="2024-07-17T18:05:26.802" intervalms="211.622">
  <response-info timems="0.104" idlems="0.104" threads="0" lastid="000000000087DA00" lastname="Default Executor-thread-20" />
</exclusive-start>
<af-start id="2336" threadId="000000000087E438" totalBytesRequested="2408" timestamp="2024-07-17T18:05:26.803" intervalms="211.658" type="nursery" />
<cycle-start id="2337" type="scavenge" contextid="0" timestamp="2024-07-17T18:05:26.803" intervalms="211.680" />
<gc-start id="2338" type="scavenge" contextid="2337" timestamp="2024-07-17T18:05:26.804">
  <mem-info id="2339" free="18808992" total="270008320" percent="6">
    <mem type="nursery" free="0" total="180879360" percent="0">
      <mem type="allocate" free="0" total="141557760" percent="0" />
      <mem type="survivor" free="0" total="39321600" percent="0" />
    </mem>
    <mem type="tenure" free="18808992" total="89128960" percent="21">
      <mem type="soa" free="17917088" total="88237056" percent="20" />
      <mem type="loa" free="891904" total="891904" percent="100" />
    </mem>
    <remembered-set count="3129" />
  </mem-info>
</gc-start>
<allocation-stats totalBytes="112321856" discardedBytes="88576" >
  <allocated-bytes non-tlh="5473360" tlh="106848496" />
  <largest-consumer threadName="Default Executor-thread-9" threadId="0000000000848300" bytes="34251544" />
</allocation-stats>
<gc-op id="2340" type="scavenge" timems="20.705" contextid="2337" timestamp="2024-07-17T18:05:26.826">
  <scavenger-info tenureage="6" tenuremask="7fc0" tiltratio="78" />
  <memory-copied type="nursery" objects="279595" bytes="29432648" bytesdiscarded="328824" />
  <memory-copied type="tenure" objects="36218" bytes="1535584" bytesdiscarded="1176" />
  <finalization candidates="3769" enqueued="3767" />
  <ownableSynchronizers candidates="71" cleared="26" />
  <references type="soft" candidates="1" cleared="0" enqueued="0" dynamicThreshold="9" maxThreshold="32" />
  <references type="weak" candidates="56" cleared="6" enqueued="6" />
  <references type="phantom" candidates="42" cleared="0" enqueued="0" />
  <object-monitors candidates="155" cleared="0"  />
</gc-op>
<heap-resize id="2341" type="expand" space="nursery" amount="8650752" count="1" timems="0.057" reason="excessive time being spent scavenging" timestamp="2024-07-17T18:05:26.826" />
<gc-end id="2342" type="scavenge" contextid="2337" durationms="22.932" usertimems="127.149" systemtimems="22.257" stalltimems="97.557" timestamp="2024-07-17T18:05:26.827" activeThreads="12">
  <mem-info id="2343" free="139767760" total="278659072" percent="50">
    <mem type="nursery" free="122934672" total="189530112" percent="64">
      <mem type="allocate" free="122934672" total="152698880" percent="80" />
      <mem type="survivor" free="0" total="36831232" percent="0" />
    </mem>
    <mem type="tenure" free="16833088" total="89128960" percent="18">
      <mem type="soa" free="15941184" total="88237056" percent="18" />
      <mem type="loa" free="891904" total="891904" percent="100" />
    </mem>
    <pending-finalizers system="0" default="3767" reference="6" classloader="0" />
    <remembered-set count="2224" />
  </mem-info>
</gc-end>
<cycle-end id="2344" type="scavenge" contextid="2337" timestamp="2024-07-17T18:05:26.828" />
<allocation-satisfied id="2345" threadId="000000000087DA00" bytesRequested="2408" />
<af-end id="2346" timestamp="2024-07-17T18:05:26.829" threadId="000000000087E438" success="true" from="nursery"/>
<exclusive-end id="2347" timestamp="2024-07-17T18:05:26.829" durationms="26.639" />

<exclusive-start id="2348" timestamp="2024-07-17T18:05:26.981" intervalms="178.388">
  <response-info timems="0.078" idlems="0.067" threads="1" lastid="0000000000876100" lastname="Default Executor-thread-18" />
</exclusive-start>
<af-start id="2349" threadId="0000000000848D38" totalBytesRequested="48" timestamp="2024-07-17T18:05:26.981" intervalms="178.272" type="nursery" />
<cycle-start id="2350" type="scavenge" contextid="0" timestamp="2024-07-17T18:05:26.981" intervalms="178.130" />
<gc-start id="2351" type="scavenge" contextid="2350" timestamp="2024-07-17T18:05:26.982">
  <mem-info id="2352" free="16828904" total="278659072" percent="6">
    <mem type="nursery" free="0" total="189530112" percent="0">
      <mem type="allocate" free="0" total="152698880" percent="0" />
      <mem type="survivor" free="0" total="36831232" percent="0" />
    </mem>
    <mem type="tenure" free="16828904" total="89128960" percent="18">
      <mem type="soa" free="15937000" total="88237056" percent="18" />
      <mem type="loa" free="891904" total="891904" percent="100" />
    </mem>
    <remembered-set count="2853" />
  </mem-info>
</gc-start>
<allocation-stats totalBytes="122824416" discardedBytes="114440" >
  <allocated-bytes non-tlh="3602960" tlh="119221456" />
  <largest-consumer threadName="Default Executor-thread-18" threadId="0000000000876100" bytes="36878472" />
</allocation-stats>
<gc-op id="2353" type="scavenge" timems="23.696" contextid="2350" timestamp="2024-07-17T18:05:27.006">
  <scavenger-info tenureage="6" tenuremask="7fc0" tiltratio="80" />
  <memory-copied type="nursery" objects="188192" bytes="17847800" bytesdiscarded="266024" />
  <memory-copied type="tenure" objects="97259" bytes="3509672" bytesdiscarded="576" />
  <finalization candidates="1332" enqueued="1332" />
  <ownableSynchronizers candidates="48" cleared="11" />
  <references type="soft" candidates="18" cleared="0" enqueued="0" dynamicThreshold="9" maxThreshold="32" />
  <references type="weak" candidates="84" cleared="29" enqueued="29" />
  <references type="phantom" candidates="34" cleared="0" enqueued="0" />
  <object-monitors candidates="163" cleared="7"  />
</gc-op>
<heap-resize id="2354" type="expand" space="nursery" amount="11796480" count="1" timems="0.958" reason="excessive time being spent scavenging" timestamp="2024-07-17T18:05:27.008" />
<gc-end id="2355" type="scavenge" contextid="2350" durationms="26.013" usertimems="134.186" systemtimems="31.978" stalltimems="60.273" timestamp="2024-07-17T18:05:27.008" activeThreads="12">
  <mem-info id="2356" free="159489664" total="290455552" percent="54">
    <mem type="nursery" free="146103288" total="201326592" percent="72">
      <mem type="allocate" free="146103288" total="164233216" percent="88" />
      <mem type="survivor" free="0" total="37093376" percent="0" />
    </mem>
    <mem type="tenure" free="13386376" total="89128960" percent="15">
      <mem type="soa" free="12494472" total="88237056" percent="14" />
      <mem type="loa" free="891904" total="891904" percent="100" />
    </mem>
    <pending-finalizers system="0" default="1332" reference="29" classloader="0" />
    <remembered-set count="3804" />
  </mem-info>
</gc-end>
<cycle-end id="2357" type="scavenge" contextid="2350" timestamp="2024-07-17T18:05:27.009" />
<allocation-satisfied id="2358" threadId="0000000000848300" bytesRequested="48" />
<af-end id="2359" timestamp="2024-07-17T18:05:27.009" threadId="0000000000848D38" success="true" from="nursery"/>
<exclusive-end id="2360" timestamp="2024-07-17T18:05:27.009" durationms="28.587" />

<exclusive-start id="2361" timestamp="2024-07-17T18:05:27.247" intervalms="266.550">
  <response-info timems="0.064" idlems="0.064" threads="0" lastid="0000000000876100" lastname="Default Executor-thread-18" />
</exclusive-start>
<af-start id="2362" threadId="0000000000876B38" totalBytesRequested="5184" timestamp="2024-07-17T18:05:27.248" intervalms="266.537" type="nursery" />
<cycle-start id="2363" type="scavenge" contextid="0" timestamp="2024-07-17T18:05:27.248" intervalms="266.512" />
<gc-start id="2364" type="scavenge" contextid="2363" timestamp="2024-07-17T18:05:27.248">
  <mem-info id="2365" free="13345344" total="290455552" percent="4">
    <mem type="nursery" free="0" total="201326592" percent="0">
      <mem type="allocate" free="0" total="164233216" percent="0" />
      <mem type="survivor" free="0" total="37093376" percent="0" />
    </mem>
    <mem type="tenure" free="13345344" total="89128960" percent="14">
      <mem type="soa" free="12453440" total="88237056" percent="14" />
      <mem type="loa" free="891904" total="891904" percent="100" />
    </mem>
    <remembered-set count="5313" />
  </mem-info>
</gc-start>
<allocation-stats totalBytes="145957856" discardedBytes="186464" >
  <allocated-bytes non-tlh="3528008" tlh="142429848" />
  <largest-consumer threadName="Default Executor-thread-18" threadId="0000000000876100" bytes="66860720" />
</allocation-stats>
<gc-op id="2366" type="scavenge" timems="17.421" contextid="2363" timestamp="2024-07-17T18:05:27.266">
  <scavenger-info tenureage="6" tenuremask="7fc0" tiltratio="81" />
  <memory-copied type="nursery" objects="197426" bytes="23804440" bytesdiscarded="504856" />
  <memory-copied type="tenure" objects="31562" bytes="2069936" bytesdiscarded="2888" />
  <finalization candidates="2583" enqueued="2582" />
  <ownableSynchronizers candidates="108" cleared="62" />
  <references type="soft" candidates="137" cleared="0" enqueued="0" dynamicThreshold="9" maxThreshold="32" />
  <references type="weak" candidates="258" cleared="141" enqueued="141" />
  <references type="phantom" candidates="226" cleared="160" enqueued="160" />
  <object-monitors candidates="200" cleared="41"  />
</gc-op>
<gc-end id="2367" type="scavenge" contextid="2363" durationms="18.425" usertimems="134.660" systemtimems="3.173" stalltimems="64.680" timestamp="2024-07-17T18:05:27.267" activeThreads="12">
  <mem-info id="2368" free="152959248" total="290455552" percent="52">
    <mem type="nursery" free="142141368" total="201326592" percent="70">
      <mem type="allocate" free="142141368" total="166461440" percent="85" />
      <mem type="survivor" free="0" total="34865152" percent="0" />
    </mem>
    <mem type="tenure" free="10817880" total="89128960" percent="12">
      <mem type="soa" free="9925976" total="88237056" percent="11" />
      <mem type="loa" free="891904" total="891904" percent="100" />
    </mem>
    <pending-finalizers system="80" default="2502" reference="301" classloader="0" />
    <remembered-set count="6457" />
  </mem-info>
</gc-end>
<cycle-end id="2369" type="scavenge" contextid="2363" timestamp="2024-07-17T18:05:27.267" />
<allocation-satisfied id="2370" threadId="0000000000876100" bytesRequested="5184" />
<af-end id="2371" timestamp="2024-07-17T18:05:27.268" threadId="0000000000876B38" success="true" from="nursery"/>
<exclusive-end id="2372" timestamp="2024-07-17T18:05:27.268" durationms="20.358" />

<exclusive-start id="2373" timestamp="2024-07-17T18:05:27.599" intervalms="351.523">
  <response-info timems="0.075" idlems="0.075" threads="0" lastid="0000000000876100" lastname="Default Executor-thread-18" />
</exclusive-start>
<af-start id="2374" threadId="0000000000876B38" totalBytesRequested="11416" timestamp="2024-07-17T18:05:27.599" intervalms="351.524" type="nursery" />
<cycle-start id="2375" type="scavenge" contextid="0" timestamp="2024-07-17T18:05:27.600" intervalms="351.545" />
<gc-start id="2376" type="scavenge" contextid="2375" timestamp="2024-07-17T18:05:27.600">
  <mem-info id="2377" free="10637088" total="290455552" percent="3">
    <mem type="nursery" free="0" total="201326592" percent="0">
      <mem type="allocate" free="0" total="166461440" percent="0" />
      <mem type="survivor" free="0" total="34865152" percent="0" />
    </mem>
    <mem type="tenure" free="10637088" total="89128960" percent="11">
      <mem type="soa" free="9745184" total="88237056" percent="11" />
      <mem type="loa" free="891904" total="891904" percent="100" />
    </mem>
    <remembered-set count="10100" />
  </mem-info>
</gc-start>
<allocation-stats totalBytes="142170000" discardedBytes="152160" >
  <allocated-bytes non-tlh="991728" tlh="141178272" />
  <largest-consumer threadName="Default Executor-thread-18" threadId="0000000000876100" bytes="99025096" />
</allocation-stats>
<gc-op id="2378" type="scavenge" timems="16.037" contextid="2375" timestamp="2024-07-17T18:05:27.617">
  <scavenger-info tenureage="6" tenuremask="7fc0" tiltratio="82" />
  <memory-copied type="nursery" objects="289568" bytes="31452216" bytesdiscarded="718880" />
  <memory-copied type="tenure" objects="33527" bytes="2434440" bytesdiscarded="1664" />
  <finalization candidates="3931" enqueued="3931" />
  <ownableSynchronizers candidates="328" cleared="43" />
  <references type="soft" candidates="999" cleared="0" enqueued="0" dynamicThreshold="9" maxThreshold="32" />
  <references type="weak" candidates="633" cleared="233" enqueued="233" />
  <references type="phantom" candidates="179" cleared="86" enqueued="86" />
  <object-monitors candidates="372" cleared="180"  />
</gc-op>
<gc-end id="2379" type="scavenge" contextid="2375" durationms="17.190" usertimems="123.008" systemtimems="11.558" stalltimems="48.009" timestamp="2024-07-17T18:05:27.618" activeThreads="12">
  <mem-info id="2380" free="134326680" total="290455552" percent="46">
    <mem type="nursery" free="125890136" total="201326592" percent="62">
      <mem type="allocate" free="125890136" total="158072832" percent="79" />
      <mem type="survivor" free="0" total="43253760" percent="0" />
    </mem>
    <mem type="tenure" free="8436544" total="89128960" percent="9">
      <mem type="soa" free="7544640" total="88237056" percent="8" />
      <mem type="loa" free="891904" total="891904" percent="100" />
    </mem>
    <pending-finalizers system="157" default="3774" reference="319" classloader="0" />
    <remembered-set count="10010" />
  </mem-info>
</gc-end>
<cycle-end id="2381" type="scavenge" contextid="2375" timestamp="2024-07-17T18:05:27.618" />
<allocation-satisfied id="2382" threadId="0000000000876100" bytesRequested="11416" />
<af-end id="2383" timestamp="2024-07-17T18:05:27.618" threadId="0000000000876B38" success="true" from="nursery"/>
<exclusive-end id="2384" timestamp="2024-07-17T18:05:27.619" durationms="19.681" />

<concurrent-kickoff id="2385" timestamp="2024-07-17T18:05:28.193">
  <kickoff reason="threshold reached" targetBytes="44376517" thresholdFreeBytes="6155169"  remainingFree="6057784" tenureFreeBytes="8258976" nurseryFreeBytes="6057784" />
</concurrent-kickoff>
<exclusive-start id="2386" timestamp="2024-07-17T18:05:28.195" intervalms="595.620">
  <response-info timems="0.090" idlems="0.090" threads="0" lastid="0000000000876100" lastname="Default Executor-thread-18" />
</exclusive-start>
<cycle-start id="2387" type="global" contextid="0" timestamp="2024-07-17T18:05:28.195" intervalms="2089.802" />
<concurrent-start id="2388" type="global mark" contextid="2387" timestamp="2024-07-17T18:05:28.195">
</concurrent-start>
<exclusive-end id="2389" timestamp="2024-07-17T18:05:28.195" durationms="0.925" />

<concurrent-end id="2390" type="global mark" contextid="2387" timestamp="2024-07-17T18:05:28.248">
<gc-op id="2391" type="trace" timems="52.952" contextid="2387" timestamp="2024-07-17T18:05:28.248">
  <trace bytesTraced="45620968" workStackOverflowCount="0" />
  <card-cleaning reason="card cleaning threshold reached" bytesTraced="16608" cardsCleaned="34" />
</gc-op>
</concurrent-end>

<exclusive-start id="2392" timestamp="2024-07-17T18:05:28.249" intervalms="54.259">
  <response-info timems="0.104" idlems="0.104" threads="0" lastid="0000000000876100" lastname="Default Executor-thread-18" />
</exclusive-start>
<concurrent-global-final id="2393" timestamp="2024-07-17T18:05:28.249" contextid="2387" intervalms="2113.210" >
  <concurrent-trace-info reason="card cleaning threshold reached" tracedByMutators="31720656" tracedByHelpers="13916920" cardsCleaned="34" workStackOverflowCount="0" />
</concurrent-global-final>
<gc-start id="2394" type="global" contextid="2387" timestamp="2024-07-17T18:05:28.250">
  <mem-info id="2395" free="8549192" total="290455552" percent="2">
    <mem type="nursery" free="290616" total="201326592" percent="0">
      <mem type="allocate" free="290616" total="158072832" percent="0" />
      <mem type="survivor" free="0" total="43253760" percent="0" />
    </mem>
    <mem type="tenure" free="8258576" total="89128960" percent="9">
      <mem type="soa" free="7366672" total="88237056" percent="8" />
      <mem type="loa" free="891904" total="891904" percent="100" />
    </mem>
    <remembered-set count="15766" />
  </mem-info>
</gc-start>
<allocation-stats totalBytes="125663976" discardedBytes="113512" >
  <allocated-bytes non-tlh="8111696" tlh="117552280" />
  <largest-consumer threadName="Default Executor-thread-18" threadId="0000000000876100" bytes="70498768" />
</allocation-stats>
<gc-op id="2396" type="rs-scan" timems="11.341" contextid="2387" timestamp="2024-07-17T18:05:28.262">
  <scan objectsFound="549475" bytesTraced="30961120" workStackOverflowCount="0" />
</gc-op>
<gc-op id="2397" type="card-cleaning" timems="1.044" contextid="2387" timestamp="2024-07-17T18:05:28.263">
  <card-cleaning cardsCleaned="11" bytesTraced="4836" workStackOverflowCount="0" />
</gc-op>
<gc-op id="2398" type="mark" timems="16.612" contextid="2387" timestamp="2024-07-17T18:05:28.280">
  <trace-info objectcount="50774" scancount="46886" scanbytes="1481248" />
  <finalization candidates="1944" enqueued="1065" />
  <ownableSynchronizers candidates="8211" cleared="128" />
  <references type="soft" candidates="14151" cleared="0" enqueued="0" dynamicThreshold="9" maxThreshold="32" />
  <references type="weak" candidates="15885" cleared="277" enqueued="277" />
  <references type="phantom" candidates="473" cleared="59" enqueued="59" />
  <stringconstants candidates="39697" cleared="24"  />
  <object-monitors candidates="367" cleared="135"  />
</gc-op>
<gc-op id="2399" type="classunload" timems="0.067" contextid="2387" timestamp="2024-07-17T18:05:28.280">
  <classunload-info classloadercandidates="435" classloadersunloaded="0" classesunloaded="0" anonymousclassesunloaded="0" quiescems="0.000" setupms="0.060" scanms="0.006" postms="0.000" />
</gc-op>
<gc-op id="2400" type="sweep" timems="3.142" contextid="2387" timestamp="2024-07-17T18:05:28.284" />
<heap-resize id="2401" type="expand" space="tenure" amount="14483456" count="1" timems="1.153" reason="insufficient free space following gc" timestamp="2024-07-17T18:05:28.285" />
<gc-end id="2402" type="global" contextid="2387" durationms="35.805" usertimems="177.542" systemtimems="25.927" stalltimems="151.338" timestamp="2024-07-17T18:05:28.286" activeThreads="12">
  <mem-info id="2403" free="137864416" total="304939008" percent="45">
    <mem type="nursery" free="106774592" total="201326592" percent="53">
      <mem type="allocate" free="106774592" total="158072832" percent="67" />
      <mem type="survivor" free="0" total="43253760" percent="0" />
    </mem>
    <mem type="tenure" free="31089824" total="103612416" percent="30" micro-fragmented="1644692" macro-fragmented="0">
      <mem type="soa" free="30053536" total="102576128" percent="29" />
      <mem type="loa" free="1036288" total="1036288" percent="100" />
    </mem>
    <pending-finalizers system="103" default="962" reference="336" classloader="0" />
    <remembered-set count="13527" />
  </mem-info>
</gc-end>
<cycle-end id="2404" type="global" contextid="2387" timestamp="2024-07-17T18:05:28.286" />
<exclusive-end id="2405" timestamp="2024-07-17T18:05:28.286" durationms="37.449" />

<exclusive-start id="2406" timestamp="2024-07-17T18:05:28.615" intervalms="366.391">
  <response-info timems="0.102" idlems="0.102" threads="0" lastid="0000000000876100" lastname="Default Executor-thread-18" />
</exclusive-start>
<af-start id="2407" threadId="0000000000876B38" totalBytesRequested="6440" timestamp="2024-07-17T18:05:28.616" intervalms="1016.419" type="nursery" />
<cycle-start id="2408" type="scavenge" contextid="0" timestamp="2024-07-17T18:05:28.616" intervalms="1016.678" />
<gc-start id="2409" type="scavenge" contextid="2408" timestamp="2024-07-17T18:05:28.617">
  <mem-info id="2410" free="31025480" total="304939008" percent="10">
    <mem type="nursery" free="0" total="201326592" percent="0">
      <mem type="allocate" free="0" total="158072832" percent="0" />
      <mem type="survivor" free="0" total="43253760" percent="0" />
    </mem>
    <mem type="tenure" free="31025480" total="103612416" percent="29">
      <mem type="soa" free="29989192" total="102576128" percent="29" />
      <mem type="loa" free="1036288" total="1036288" percent="100" />
    </mem>
    <remembered-set count="14358" />
  </mem-info>
</gc-start>
<allocation-stats totalBytes="105642024" discardedBytes="1023848" >
  <allocated-bytes non-tlh="17428616" tlh="88213408" />
  <largest-consumer threadName="Default Executor-thread-18" threadId="0000000000876100" bytes="91057024" />
</allocation-stats>
<gc-op id="2411" type="scavenge" timems="27.237" contextid="2408" timestamp="2024-07-17T18:05:28.645">
  <scavenger-info tenureage="6" tenuremask="7fc0" tiltratio="78" />
  <memory-copied type="nursery" objects="504028" bytes="40368464" bytesdiscarded="402128" />
  <memory-copied type="tenure" objects="18807" bytes="1129560" bytesdiscarded="2856" />
  <finalization candidates="2211" enqueued="2210" />
  <ownableSynchronizers candidates="16219" cleared="15946" />
  <references type="soft" candidates="2090" cleared="0" enqueued="0" dynamicThreshold="9" maxThreshold="32" />
  <references type="weak" candidates="565" cleared="69" enqueued="69" />
  <references type="phantom" candidates="126" cleared="5" enqueued="5" />
  <object-monitors candidates="241" cleared="31"  />
</gc-op>
<gc-end id="2412" type="scavenge" contextid="2408" durationms="28.399" usertimems="207.178" systemtimems="23.323" stalltimems="87.039" timestamp="2024-07-17T18:05:28.645" activeThreads="12">
  <mem-info id="2413" free="135625992" total="304939008" percent="44">
    <mem type="nursery" free="106149200" total="201326592" percent="52">
      <mem type="allocate" free="106149200" total="146931712" percent="72" />
      <mem type="survivor" free="0" total="54394880" percent="0" />
    </mem>
    <mem type="tenure" free="29476792" total="103612416" percent="28">
      <mem type="soa" free="28440504" total="102576128" percent="27" />
      <mem type="loa" free="1036288" total="1036288" percent="100" />
    </mem>
    <pending-finalizers system="18" default="2192" reference="74" classloader="0" />
    <remembered-set count="15379" />
  </mem-info>
</gc-end>
<cycle-end id="2414" type="scavenge" contextid="2408" timestamp="2024-07-17T18:05:28.646" />
<allocation-satisfied id="2415" threadId="0000000000876100" bytesRequested="6440" />
<af-end id="2416" timestamp="2024-07-17T18:05:28.646" threadId="0000000000876B38" success="true" from="nursery"/>
<exclusive-end id="2417" timestamp="2024-07-17T18:05:28.646" durationms="31.253" />

<exclusive-start id="2418" timestamp="2024-07-17T18:05:29.075" intervalms="459.519">
  <response-info timems="0.167" idlems="0.167" threads="0" lastid="0000000000876100" lastname="Default Executor-thread-18" />
</exclusive-start>
<af-start id="2419" threadId="0000000000876B38" totalBytesRequested="38976" timestamp="2024-07-17T18:05:29.075" intervalms="459.499" type="nursery" />
<cycle-start id="2420" type="scavenge" contextid="0" timestamp="2024-07-17T18:05:29.076" intervalms="459.441" />
<gc-start id="2421" type="scavenge" contextid="2420" timestamp="2024-07-17T18:05:29.076">
  <mem-info id="2422" free="29476792" total="304939008" percent="9">
    <mem type="nursery" free="0" total="201326592" percent="0">
      <mem type="allocate" free="0" total="146931712" percent="0" />
      <mem type="survivor" free="0" total="54394880" percent="0" />
    </mem>
    <mem type="tenure" free="29476792" total="103612416" percent="28">
      <mem type="soa" free="28440504" total="102576128" percent="27" />
      <mem type="loa" free="1036288" total="1036288" percent="100" />
    </mem>
    <remembered-set count="15451" />
  </mem-info>
</gc-start>
<allocation-stats totalBytes="106034936" discardedBytes="114264" >
  <allocated-bytes non-tlh="2129760" tlh="103905176" />
  <largest-consumer threadName="Default Executor-thread-18" threadId="0000000000876100" bytes="105335040" />
</allocation-stats>
<gc-op id="2423" type="scavenge" timems="31.093" contextid="2420" timestamp="2024-07-17T18:05:29.108">
  <scavenger-info tenureage="6" tenuremask="7fc0" tiltratio="72" />
  <memory-copied type="nursery" objects="504310" bytes="44537992" bytesdiscarded="567120" />
  <memory-copied type="tenure" objects="28840" bytes="2050200" bytesdiscarded="10240" />
  <finalization candidates="3206" enqueued="3205" />
  <ownableSynchronizers candidates="307" cleared="34" />
  <references type="soft" candidates="2090" cleared="0" enqueued="0" dynamicThreshold="9" maxThreshold="32" />
  <references type="weak" candidates="499" cleared="5" enqueued="5" />
  <references type="phantom" candidates="108" cleared="0" enqueued="0" />
  <object-monitors candidates="210" cleared="0"  />
</gc-op>
<heap-resize id="2424" type="expand" space="nursery" amount="8519680" count="1" timems="0.049" reason="excessive time being spent scavenging" timestamp="2024-07-17T18:05:29.108" />
<gc-end id="2425" type="scavenge" contextid="2420" durationms="32.876" usertimems="260.129" systemtimems="3.669" stalltimems="102.140" timestamp="2024-07-17T18:05:29.109" activeThreads="12">
  <mem-info id="2426" free="133850720" total="313458688" percent="42">
    <mem type="nursery" free="106272992" total="209846272" percent="50">
      <mem type="allocate" free="106272992" total="151388160" percent="70" />
      <mem type="survivor" free="0" total="58458112" percent="0" />
    </mem>
    <mem type="tenure" free="27577728" total="103612416" percent="26">
      <mem type="soa" free="26541440" total="102576128" percent="25" />
      <mem type="loa" free="1036288" total="1036288" percent="100" />
    </mem>
    <pending-finalizers system="0" default="3205" reference="5" classloader="0" />
    <remembered-set count="13449" />
  </mem-info>
</gc-end>
<cycle-end id="2427" type="scavenge" contextid="2420" timestamp="2024-07-17T18:05:29.110" />
<allocation-satisfied id="2428" threadId="0000000000876100" bytesRequested="38976" />
<af-end id="2429" timestamp="2024-07-17T18:05:29.110" threadId="0000000000876B38" success="true" from="nursery"/>
<exclusive-end id="2430" timestamp="2024-07-17T18:05:29.111" durationms="36.019" />

<exclusive-start id="2431" timestamp="2024-07-17T18:05:29.587" intervalms="512.282">
  <response-info timems="0.068" idlems="0.068" threads="0" lastid="0000000000876100" lastname="Default Executor-thread-18" />
</exclusive-start>
<af-start id="2432" threadId="0000000000876B38" totalBytesRequested="15344" timestamp="2024-07-17T18:05:29.587" intervalms="512.173" type="nursery" />
<cycle-start id="2433" type="scavenge" contextid="0" timestamp="2024-07-17T18:05:29.588" intervalms="512.045" />
<gc-start id="2434" type="scavenge" contextid="2433" timestamp="2024-07-17T18:05:29.589">
  <mem-info id="2435" free="27555408" total="313458688" percent="8">
    <mem type="nursery" free="0" total="209846272" percent="0">
      <mem type="allocate" free="0" total="151388160" percent="0" />
      <mem type="survivor" free="0" total="58458112" percent="0" />
    </mem>
    <mem type="tenure" free="27555408" total="103612416" percent="26">
      <mem type="soa" free="26519120" total="102576128" percent="25" />
      <mem type="loa" free="1036288" total="1036288" percent="100" />
    </mem>
    <remembered-set count="14376" />
  </mem-info>
</gc-start>
<allocation-stats totalBytes="106205896" discardedBytes="87240" >
  <allocated-bytes non-tlh="2933672" tlh="103272224" />
  <largest-consumer threadName="Default Executor-thread-18" threadId="0000000000876100" bytes="95336832" />
</allocation-stats>
<gc-op id="2436" type="scavenge" timems="23.469" contextid="2433" timestamp="2024-07-17T18:05:29.612">
  <scavenger-info tenureage="6" tenuremask="7fc0" tiltratio="72" />
  <memory-copied type="nursery" objects="509712" bytes="44140496" bytesdiscarded="560344" />
  <memory-copied type="tenure" objects="34165" bytes="2825416" bytesdiscarded="8624" />
  <finalization candidates="3930" enqueued="3930" />
  <ownableSynchronizers candidates="329" cleared="47" />
  <references type="soft" candidates="2141" cleared="0" enqueued="0" dynamicThreshold="9" maxThreshold="32" />
  <references type="weak" candidates="718" cleared="107" enqueued="107" />
  <references type="phantom" candidates="260" cleared="99" enqueued="99" />
  <object-monitors candidates="223" cleared="8"  />
</gc-op>
<gc-end id="2437" type="scavenge" contextid="2433" durationms="24.718" usertimems="206.634" systemtimems="0.000" stalltimems="61.249" timestamp="2024-07-17T18:05:29.613" activeThreads="12">
  <mem-info id="2438" free="137143584" total="313458688" percent="43">
    <mem type="nursery" free="112569984" total="209846272" percent="53">
      <mem type="allocate" free="112569984" total="157286400" percent="71" />
      <mem type="survivor" free="0" total="52559872" percent="0" />
    </mem>
    <mem type="tenure" free="24573600" total="103612416" percent="23">
      <mem type="soa" free="23537312" total="102576128" percent="22" />
      <mem type="loa" free="1036288" total="1036288" percent="100" />
    </mem>
    <pending-finalizers system="37" default="3893" reference="206" classloader="0" />
    <remembered-set count="9526" />
  </mem-info>
</gc-end>
<cycle-end id="2439" type="scavenge" contextid="2433" timestamp="2024-07-17T18:05:29.614" />
<allocation-satisfied id="2440" threadId="0000000000876100" bytesRequested="15344" />
<af-end id="2441" timestamp="2024-07-17T18:05:29.614" threadId="0000000000876B38" success="true" from="nursery"/>
<exclusive-end id="2442" timestamp="2024-07-17T18:05:29.614" durationms="27.509" />

<exclusive-start id="2443" timestamp="2024-07-17T18:05:29.994" intervalms="407.482">
  <response-info timems="0.060" idlems="0.060" threads="0" lastid="0000000000876100" lastname="Default Executor-thread-18" />
</exclusive-start>
<af-start id="2444" threadId="0000000000876B38" totalBytesRequested="11096" timestamp="2024-07-17T18:05:29.995" intervalms="407.602" type="nursery" />
<cycle-start id="2445" type="scavenge" contextid="0" timestamp="2024-07-17T18:05:29.995" intervalms="407.679" />
<gc-start id="2446" type="scavenge" contextid="2445" timestamp="2024-07-17T18:05:29.996">
  <mem-info id="2447" free="24573600" total="313458688" percent="7">
    <mem type="nursery" free="0" total="209846272" percent="0">
      <mem type="allocate" free="0" total="157286400" percent="0" />
      <mem type="survivor" free="0" total="52559872" percent="0" />
    </mem>
    <mem type="tenure" free="24573600" total="103612416" percent="23">
      <mem type="soa" free="23537312" total="102576128" percent="22" />
      <mem type="loa" free="1036288" total="1036288" percent="100" />
    </mem>
    <remembered-set count="9821" />
  </mem-info>
</gc-start>
<allocation-stats totalBytes="112465600" discardedBytes="104384" >
  <allocated-bytes non-tlh="3774568" tlh="108691032" />
  <largest-consumer threadName="Default Executor-thread-18" threadId="0000000000876100" bytes="111585504" />
</allocation-stats>
<gc-op id="2448" type="scavenge" timems="23.065" contextid="2445" timestamp="2024-07-17T18:05:30.020">
  <scavenger-info tenureage="4" tenuremask="7fd0" tiltratio="74" />
  <memory-copied type="nursery" objects="450119" bytes="42970720" bytesdiscarded="572376" />
  <memory-copied type="tenure" objects="93559" bytes="5601920" bytesdiscarded="6952" />
  <finalization candidates="4627" enqueued="4626" />
  <ownableSynchronizers candidates="313" cleared="1" />
  <references type="soft" candidates="1261" cleared="0" enqueued="0" dynamicThreshold="9" maxThreshold="32" />
  <references type="weak" candidates="529" cleared="27" enqueued="27" />
  <references type="phantom" candidates="138" cleared="0" enqueued="0" />
  <object-monitors candidates="215" cleared="0"  />
</gc-op>
<gc-end id="2449" type="scavenge" contextid="2445" durationms="24.520" usertimems="201.124" systemtimems="14.866" stalltimems="46.229" timestamp="2024-07-17T18:05:30.021" activeThreads="12">
  <mem-info id="2450" free="132654944" total="313458688" percent="42">
    <mem type="nursery" free="113996280" total="209846272" percent="54">
      <mem type="allocate" free="113996280" total="157548544" percent="72" />
      <mem type="survivor" free="0" total="52297728" percent="0" />
    </mem>
    <mem type="tenure" free="18658664" total="103612416" percent="18">
      <mem type="soa" free="17622376" total="102576128" percent="17" />
      <mem type="loa" free="1036288" total="1036288" percent="100" />
    </mem>
    <pending-finalizers system="0" default="4626" reference="27" classloader="0" />
    <remembered-set count="18806" />
  </mem-info>
</gc-end>
<cycle-end id="2451" type="scavenge" contextid="2445" timestamp="2024-07-17T18:05:30.021" />
<allocation-satisfied id="2452" threadId="0000000000876100" bytesRequested="11096" />
<af-end id="2453" timestamp="2024-07-17T18:05:30.022" threadId="0000000000876B38" success="true" from="nursery"/>
<exclusive-end id="2454" timestamp="2024-07-17T18:05:30.022" durationms="27.527" />

<exclusive-start id="2455" timestamp="2024-07-17T18:05:30.370" intervalms="375.352">
  <response-info timems="0.058" idlems="0.058" threads="0" lastid="0000000000876100" lastname="Default Executor-thread-18" />
</exclusive-start>
<af-start id="2456" threadId="0000000000876B38" totalBytesRequested="72" timestamp="2024-07-17T18:05:30.370" intervalms="375.341" type="nursery" />
<cycle-start id="2457" type="scavenge" contextid="0" timestamp="2024-07-17T18:05:30.371" intervalms="375.310" />
<gc-start id="2458" type="scavenge" contextid="2457" timestamp="2024-07-17T18:05:30.371">
  <mem-info id="2459" free="18658664" total="313458688" percent="5">
    <mem type="nursery" free="0" total="209846272" percent="0">
      <mem type="allocate" free="0" total="157548544" percent="0" />
      <mem type="survivor" free="0" total="52297728" percent="0" />
    </mem>
    <mem type="tenure" free="18658664" total="103612416" percent="18">
      <mem type="soa" free="17622376" total="102576128" percent="17" />
      <mem type="loa" free="1036288" total="1036288" percent="100" />
    </mem>
    <remembered-set count="19296" />
  </mem-info>
</gc-start>
<allocation-stats totalBytes="113895496" discardedBytes="100784" >
  <allocated-bytes non-tlh="2128488" tlh="111767008" />
  <largest-consumer threadName="Default Executor-thread-18" threadId="0000000000876100" bytes="113212536" />
</allocation-stats>
<gc-op id="2460" type="scavenge" timems="23.015" contextid="2457" timestamp="2024-07-17T18:05:30.395">
  <scavenger-info tenureage="4" tenuremask="7fd0" tiltratio="75" />
  <memory-copied type="nursery" objects="150568" bytes="17117584" bytesdiscarded="363728" />
  <memory-copied type="tenure" objects="323549" bytes="19636536" bytesdiscarded="11624" />
  <finalization candidates="2148" enqueued="2148" />
  <ownableSynchronizers candidates="156" cleared="49" />
  <references type="soft" candidates="51" cleared="0" enqueued="0" dynamicThreshold="9" maxThreshold="32" />
  <references type="weak" candidates="198" cleared="19" enqueued="19" />
  <references type="phantom" candidates="77" cleared="0" enqueued="0" />
  <object-monitors candidates="215" cleared="0"  />
  <heap-resize type="expand" space="tenure" amount="2097152" count="8" timems="0.265" reason="continue current collection" />
</gc-op>
<heap-resize id="2461" type="expand" space="nursery" amount="8257536" count="1" timems="0.560" reason="excessive time being spent scavenging" timestamp="2024-07-17T18:05:30.396" />
<gc-end id="2462" type="scavenge" contextid="2457" durationms="24.833" usertimems="180.931" systemtimems="22.965" stalltimems="52.911" timestamp="2024-07-17T18:05:30.396" activeThreads="12">
  <mem-info id="2463" free="147982120" total="323813376" percent="45">
    <mem type="nursery" free="146745384" total="218103808" percent="67">
      <mem type="allocate" free="146745384" total="164233216" percent="89" />
      <mem type="survivor" free="0" total="53870592" percent="0" />
    </mem>
    <mem type="tenure" free="1236736" total="105709568" percent="1">
      <mem type="soa" free="178944" total="104651776" percent="0" />
      <mem type="loa" free="1057792" total="1057792" percent="100" />
    </mem>
    <pending-finalizers system="0" default="2148" reference="19" classloader="0" />
    <remembered-set count="2267" />
  </mem-info>
</gc-end>
<cycle-end id="2464" type="scavenge" contextid="2457" timestamp="2024-07-17T18:05:30.396" />
<allocation-satisfied id="2465" threadId="0000000000876100" bytesRequested="72" />
<af-end id="2466" timestamp="2024-07-17T18:05:30.397" threadId="0000000000876B38" success="true" from="nursery"/>
<exclusive-end id="2467" timestamp="2024-07-17T18:05:30.397" durationms="27.354" />

<concurrent-kickoff id="2468" timestamp="2024-07-17T18:05:31.028">
  <kickoff reason="threshold reached" targetBytes="52933449" thresholdFreeBytes="7341335"  remainingFree="7256352" tenureFreeBytes="1231496" nurseryFreeBytes="7256352" />
</concurrent-kickoff>
<exclusive-start id="2469" timestamp="2024-07-17T18:05:31.030" intervalms="659.999">
  <response-info timems="0.080" idlems="0.080" threads="0" lastid="0000000000876100" lastname="Default Executor-thread-18" />
</exclusive-start>
<cycle-start id="2470" type="global" contextid="0" timestamp="2024-07-17T18:05:31.030" intervalms="2835.441" />
<concurrent-start id="2471" type="global mark" contextid="2470" timestamp="2024-07-17T18:05:31.031">
</concurrent-start>
<exclusive-end id="2472" timestamp="2024-07-17T18:05:31.031" durationms="1.197" />

<concurrent-end id="2473" type="global mark" contextid="2470" timestamp="2024-07-17T18:05:31.177">
<gc-op id="2474" type="trace" timems="146.490" contextid="2470" timestamp="2024-07-17T18:05:31.177">
  <trace bytesTraced="69757200" workStackOverflowCount="0" />
  <card-cleaning reason="card cleaning threshold reached" bytesTraced="101228" cardsCleaned="246" />
</gc-op>
</concurrent-end>

<exclusive-start id="2475" timestamp="2024-07-17T18:05:31.178" intervalms="148.181">
  <response-info timems="0.064" idlems="0.064" threads="0" lastid="0000000000848300" lastname="Default Executor-thread-9" />
</exclusive-start>
<concurrent-global-final id="2476" timestamp="2024-07-17T18:05:31.178" contextid="2470" intervalms="2929.269" >
  <concurrent-trace-info reason="card cleaning threshold reached" tracedByMutators="15473292" tracedByHelpers="54385136" cardsCleaned="246" workStackOverflowCount="0" />
</concurrent-global-final>
<gc-start id="2477" type="global" contextid="2470" timestamp="2024-07-17T18:05:31.179">
  <mem-info id="2478" free="1256776" total="323813376" percent="0">
    <mem type="nursery" free="35104" total="218103808" percent="0">
      <mem type="allocate" free="35104" total="164233216" percent="0" />
      <mem type="survivor" free="0" total="53870592" percent="0" />
    </mem>
    <mem type="tenure" free="1221672" total="105709568" percent="1">
      <mem type="soa" free="163880" total="104651776" percent="0" />
      <mem type="loa" free="1057792" total="1057792" percent="100" />
    </mem>
    <remembered-set count="3249" />
  </mem-info>
</gc-start>
<allocation-stats totalBytes="146616392" discardedBytes="108952" >
  <allocated-bytes non-tlh="1787128" tlh="144829264" />
  <largest-consumer threadName="Default Executor-thread-18" threadId="0000000000876100" bytes="144706312" />
</allocation-stats>
<gc-op id="2479" type="rs-scan" timems="6.658" contextid="2470" timestamp="2024-07-17T18:05:31.186">
  <scan objectsFound="187152" bytesTraced="11194952" workStackOverflowCount="0" />
</gc-op>
<gc-op id="2480" type="card-cleaning" timems="1.060" contextid="2470" timestamp="2024-07-17T18:05:31.187">
  <card-cleaning cardsCleaned="0" bytesTraced="0" workStackOverflowCount="0" />
</gc-op>
<gc-op id="2481" type="mark" timems="13.063" contextid="2470" timestamp="2024-07-17T18:05:31.201">
  <trace-info objectcount="30553" scancount="23695" scanbytes="711724" />
  <finalization candidates="1449" enqueued="570" />
  <ownableSynchronizers candidates="8293" cleared="157" />
  <references type="soft" candidates="14613" cleared="0" enqueued="0" dynamicThreshold="9" maxThreshold="32" />
  <references type="weak" candidates="15694" cleared="162" enqueued="162" />
  <references type="phantom" candidates="967" cleared="560" enqueued="560" />
  <stringconstants candidates="40243" cleared="33"  />
  <object-monitors candidates="216" cleared="8"  />
</gc-op>
<gc-op id="2482" type="classunload" timems="1.971" contextid="2470" timestamp="2024-07-17T18:05:31.203">
  <classunload-info classloadercandidates="441" classloadersunloaded="0" classesunloaded="2" anonymousclassesunloaded="2" quiescems="0.000" setupms="1.926" scanms="0.044" postms="0.001" />
</gc-op>
<gc-op id="2483" type="sweep" timems="2.783" contextid="2470" timestamp="2024-07-17T18:05:31.206" />
<heap-resize id="2484" type="expand" space="tenure" amount="34668544" count="1" timems="0.879" reason="insufficient free space following gc" timestamp="2024-07-17T18:05:31.208" />
<gc-end id="2485" type="global" contextid="2470" durationms="29.288" usertimems="95.392" systemtimems="17.803" stalltimems="129.640" timestamp="2024-07-17T18:05:31.208" activeThreads="12">
  <mem-info id="2486" free="187519216" total="358481920" percent="52">
    <mem type="nursery" free="145383352" total="218103808" percent="66">
      <mem type="allocate" free="145383352" total="164233216" percent="88" />
      <mem type="survivor" free="0" total="53870592" percent="0" />
    </mem>
    <mem type="tenure" free="42135864" total="140378112" percent="30" micro-fragmented="2037509" macro-fragmented="0">
      <mem type="soa" free="40731960" total="138974208" percent="29" />
      <mem type="loa" free="1403904" total="1403904" percent="100" />
    </mem>
    <pending-finalizers system="0" default="570" reference="722" classloader="0" />
    <remembered-set count="2936" />
  </mem-info>
</gc-end>
<cycle-end id="2487" type="global" contextid="2470" timestamp="2024-07-17T18:05:31.209" />
<exclusive-end id="2488" timestamp="2024-07-17T18:05:31.209" durationms="30.876" />

<exclusive-start id="2489" timestamp="2024-07-17T18:05:33.202" intervalms="2023.693">
  <response-info timems="0.075" idlems="0.075" threads="0" lastid="000000000083CE00" lastname="Default Executor-thread-6" />
</exclusive-start>
<af-start id="2490" threadId="000000000083D838" totalBytesRequested="45096" timestamp="2024-07-17T18:05:33.202" intervalms="2831.940" type="nursery" />
<cycle-start id="2491" type="scavenge" contextid="0" timestamp="2024-07-17T18:05:33.203" intervalms="2831.988" />
<gc-start id="2492" type="scavenge" contextid="2491" timestamp="2024-07-17T18:05:33.204">
  <mem-info id="2493" free="44027168" total="358481920" percent="12">
    <mem type="nursery" free="2361728" total="218103808" percent="1">
      <mem type="allocate" free="2361728" total="164233216" percent="1" />
      <mem type="survivor" free="0" total="53870592" percent="0" />
    </mem>
    <mem type="tenure" free="41665440" total="140378112" percent="29">
      <mem type="soa" free="40261536" total="138974208" percent="28" />
      <mem type="loa" free="1403904" total="1403904" percent="100" />
    </mem>
    <remembered-set count="12069" />
  </mem-info>
</gc-start>
<allocation-stats totalBytes="142755264" discardedBytes="656584" >
  <allocated-bytes non-tlh="20317432" tlh="122437832" />
  <largest-consumer threadName="Connection worker" threadId="0000000001869A00" bytes="62095000" />
</allocation-stats>
<gc-op id="2494" type="scavenge" timems="25.147" contextid="2491" timestamp="2024-07-17T18:05:33.230">
  <scavenger-info tenureage="6" tenuremask="7fc0" tiltratio="75" />
  <memory-copied type="nursery" objects="280651" bytes="28899296" bytesdiscarded="313240" />
  <finalization candidates="949" enqueued="943" />
  <ownableSynchronizers candidates="16523" cleared="16291" />
  <references type="soft" candidates="1045" cleared="0" enqueued="0" dynamicThreshold="9" maxThreshold="32" />
  <references type="weak" candidates="4362" cleared="3403" enqueued="3400" />
  <references type="phantom" candidates="1503" cleared="480" enqueued="480" />
  <object-monitors candidates="218" cleared="8"  />
</gc-op>
<gc-end id="2495" type="scavenge" contextid="2491" durationms="27.093" usertimems="90.432" systemtimems="95.930" stalltimems="87.022" timestamp="2024-07-17T18:05:33.231" activeThreads="12">
  <mem-info id="2496" free="179600536" total="358481920" percent="50">
    <mem type="nursery" free="137935096" total="218103808" percent="63">
      <mem type="allocate" free="137935096" total="167182336" percent="82" />
      <mem type="survivor" free="0" total="50921472" percent="0" />
    </mem>
    <mem type="tenure" free="41665440" total="140378112" percent="29">
      <mem type="soa" free="40261536" total="138974208" percent="28" />
      <mem type="loa" free="1403904" total="1403904" percent="100" />
    </mem>
    <pending-finalizers system="97" default="846" reference="3880" classloader="0" />
    <remembered-set count="10354" />
  </mem-info>
</gc-end>
<cycle-end id="2497" type="scavenge" contextid="2491" timestamp="2024-07-17T18:05:33.231" />
<allocation-satisfied id="2498" threadId="000000000083CE00" bytesRequested="45096" />
<af-end id="2499" timestamp="2024-07-17T18:05:33.232" threadId="000000000083D838" success="true" from="nursery"/>
<exclusive-end id="2500" timestamp="2024-07-17T18:05:33.232" durationms="30.311" />

<exclusive-start id="2501" timestamp="2024-07-17T18:05:35.445" intervalms="2243.215">
  <response-info timems="0.123" idlems="0.123" threads="0" lastid="000000000086AC00" lastname="Default Executor-thread-15" />
</exclusive-start>
<af-start id="2502" threadId="000000000086B638" totalBytesRequested="4112" timestamp="2024-07-17T18:05:35.445" intervalms="2243.143" type="nursery" />
<cycle-start id="2503" type="scavenge" contextid="0" timestamp="2024-07-17T18:05:35.446" intervalms="2243.104" />
<gc-start id="2504" type="scavenge" contextid="2503" timestamp="2024-07-17T18:05:35.447">
  <mem-info id="2505" free="40895096" total="358481920" percent="11">
    <mem type="nursery" free="0" total="218103808" percent="0">
      <mem type="allocate" free="0" total="167182336" percent="0" />
      <mem type="survivor" free="0" total="50921472" percent="0" />
    </mem>
    <mem type="tenure" free="40895096" total="140378112" percent="29">
      <mem type="soa" free="39491192" total="138974208" percent="28" />
      <mem type="loa" free="1403904" total="1403904" percent="100" />
    </mem>
    <remembered-set count="20655" />
  </mem-info>
</gc-start>
<allocation-stats totalBytes="138487728" discardedBytes="179480" >
  <allocated-bytes non-tlh="9826224" tlh="128661504" />
  <largest-consumer threadName="Default Executor-thread-6" threadId="000000000083CE00" bytes="86828088" />
</allocation-stats>
<gc-op id="2506" type="scavenge" timems="22.780" contextid="2503" timestamp="2024-07-17T18:05:35.471">
  <scavenger-info tenureage="6" tenuremask="7fc0" tiltratio="76" />
  <memory-copied type="nursery" objects="329852" bytes="31503784" bytesdiscarded="597072" />
  <finalization candidates="204" enqueued="195" />
  <ownableSynchronizers candidates="523" cleared="235" />
  <references type="soft" candidates="2068" cleared="0" enqueued="0" dynamicThreshold="9" maxThreshold="32" />
  <references type="weak" candidates="4679" cleared="3062" enqueued="3014" />
  <references type="phantom" candidates="1182" cleared="90" enqueued="90" />
  <object-monitors candidates="211" cleared="0"  />
</gc-op>
<gc-end id="2507" type="scavenge" contextid="2503" durationms="24.618" usertimems="152.772" systemtimems="0.000" stalltimems="92.757" timestamp="2024-07-17T18:05:35.472" activeThreads="12">
  <mem-info id="2508" free="178253752" total="358481920" percent="49">
    <mem type="nursery" free="137358656" total="218103808" percent="62">
      <mem type="allocate" free="137358656" total="169476096" percent="81" />
      <mem type="survivor" free="0" total="48627712" percent="0" />
    </mem>
    <mem type="tenure" free="40895096" total="140378112" percent="29">
      <mem type="soa" free="39491192" total="138974208" percent="28" />
      <mem type="loa" free="1403904" total="1403904" percent="100" />
    </mem>
    <pending-finalizers system="186" default="9" reference="3104" classloader="0" />
    <remembered-set count="20178" />
  </mem-info>
</gc-end>
<cycle-end id="2509" type="scavenge" contextid="2503" timestamp="2024-07-17T18:05:35.473" />
<allocation-satisfied id="2510" threadId="000000000086AC00" bytesRequested="4112" />
<af-end id="2511" timestamp="2024-07-17T18:05:35.474" threadId="000000000086B638" success="true" from="nursery"/>
<exclusive-end id="2512" timestamp="2024-07-17T18:05:35.474" durationms="29.472" />

<exclusive-start id="2513" timestamp="2024-07-17T18:05:36.795" intervalms="1349.760">
  <response-info timems="0.181" idlems="0.118" threads="1" lastid="000000000085F600" lastname="Default Executor-thread-12" />
</exclusive-start>
<af-start id="2514" threadId="0000000000822538" totalBytesRequested="24" timestamp="2024-07-17T18:05:36.795" intervalms="1349.721" type="nursery" />
<cycle-start id="2515" type="scavenge" contextid="0" timestamp="2024-07-17T18:05:36.796" intervalms="1349.753" />
<gc-start id="2516" type="scavenge" contextid="2515" timestamp="2024-07-17T18:05:36.797">
  <mem-info id="2517" free="40436752" total="358481920" percent="11">
    <mem type="nursery" free="0" total="218103808" percent="0">
      <mem type="allocate" free="0" total="169476096" percent="0" />
      <mem type="survivor" free="0" total="48627712" percent="0" />
    </mem>
    <mem type="tenure" free="40436752" total="140378112" percent="28">
      <mem type="soa" free="39032848" total="138974208" percent="28" />
      <mem type="loa" free="1403904" total="1403904" percent="100" />
    </mem>
    <remembered-set count="25955" />
  </mem-info>
</gc-start>
<allocation-stats totalBytes="137573840" discardedBytes="209568" >
  <allocated-bytes non-tlh="1870968" tlh="135702872" />
  <largest-consumer threadName="Default Executor-thread-22" threadId="0000000000706A00" bytes="63439440" />
</allocation-stats>
<gc-op id="2518" type="scavenge" timems="18.781" contextid="2515" timestamp="2024-07-17T18:05:36.817">
  <scavenger-info tenureage="6" tenuremask="7fc0" tiltratio="77" />
  <memory-copied type="nursery" objects="317193" bytes="32243368" bytesdiscarded="272864" />
  <memory-copied type="tenure" objects="20386" bytes="1428032" bytesdiscarded="9376" />
  <finalization candidates="551" enqueued="542" />
  <ownableSynchronizers candidates="553" cleared="216" />
  <references type="soft" candidates="2980" cleared="0" enqueued="0" dynamicThreshold="9" maxThreshold="32" />
  <references type="weak" candidates="4420" cleared="2284" enqueued="2275" />
  <references type="phantom" candidates="1204" cleared="73" enqueued="73" />
  <object-monitors candidates="212" cleared="1"  />
</gc-op>
<gc-end id="2519" type="scavenge" contextid="2515" durationms="20.088" usertimems="126.184" systemtimems="22.075" stalltimems="59.352" timestamp="2024-07-17T18:05:36.817" activeThreads="12">
  <mem-info id="2520" free="177758352" total="358481920" percent="49">
    <mem type="nursery" free="138973912" total="218103808" percent="63">
      <mem type="allocate" free="138973912" total="171507712" percent="81" />
      <mem type="survivor" free="0" total="46596096" percent="0" />
    </mem>
    <mem type="tenure" free="38784440" total="140378112" percent="27">
      <mem type="soa" free="37380536" total="138974208" percent="26" />
      <mem type="loa" free="1403904" total="1403904" percent="100" />
    </mem>
    <pending-finalizers system="179" default="363" reference="2348" classloader="0" />
    <remembered-set count="21528" />
  </mem-info>
</gc-end>
<cycle-end id="2521" type="scavenge" contextid="2515" timestamp="2024-07-17T18:05:36.818" />
<allocation-satisfied id="2522" threadId="0000000000821B00" bytesRequested="24" />
<af-end id="2523" timestamp="2024-07-17T18:05:36.818" threadId="0000000000822538" success="true" from="nursery"/>
<exclusive-end id="2524" timestamp="2024-07-17T18:05:36.819" durationms="24.071" />

<exclusive-start id="2525" timestamp="2024-07-17T18:05:37.404" intervalms="609.633">
  <response-info timems="0.073" idlems="0.073" threads="0" lastid="00000000007FFC00" lastname="Default Executor-thread-1" />
</exclusive-start>
<af-start id="2526" threadId="0000000000800638" totalBytesRequested="24" timestamp="2024-07-17T18:05:37.405" intervalms="609.601" type="nursery" />
<cycle-start id="2527" type="scavenge" contextid="0" timestamp="2024-07-17T18:05:37.405" intervalms="609.512" />
<gc-start id="2528" type="scavenge" contextid="2527" timestamp="2024-07-17T18:05:37.406">
  <mem-info id="2529" free="38631056" total="358481920" percent="10">
    <mem type="nursery" free="0" total="218103808" percent="0">
      <mem type="allocate" free="0" total="171507712" percent="0" />
      <mem type="survivor" free="0" total="46596096" percent="0" />
    </mem>
    <mem type="tenure" free="38631056" total="140378112" percent="27">
      <mem type="soa" free="37227152" total="138974208" percent="26" />
      <mem type="loa" free="1403904" total="1403904" percent="100" />
    </mem>
    <remembered-set count="24312" />
  </mem-info>
</gc-start>
<allocation-stats totalBytes="139001056" discardedBytes="121872" >
  <allocated-bytes non-tlh="440992" tlh="138560064" />
  <largest-consumer threadName="Default Executor-thread-21" threadId="0000000000881700" bytes="40023160" />
</allocation-stats>
<gc-op id="2530" type="scavenge" timems="24.379" contextid="2527" timestamp="2024-07-17T18:05:37.431">
  <scavenger-info tenureage="3" tenuremask="7fc8" tiltratio="78" />
  <memory-copied type="nursery" objects="155518" bytes="11618840" bytesdiscarded="613640" />
  <memory-copied type="tenure" objects="176229" bytes="20896000" bytesdiscarded="13856" />
  <finalization candidates="269" enqueued="260" />
  <ownableSynchronizers candidates="686" cleared="146" />
  <references type="soft" candidates="2652" cleared="0" enqueued="0" dynamicThreshold="9" maxThreshold="32" />
  <references type="weak" candidates="2372" cleared="602" enqueued="599" />
  <references type="phantom" candidates="337" cleared="140" enqueued="140" />
  <object-monitors candidates="222" cleared="6"  />
</gc-op>
<gc-end id="2531" type="scavenge" contextid="2527" durationms="25.634" usertimems="188.328" systemtimems="7.022" stalltimems="45.659" timestamp="2024-07-17T18:05:37.431" activeThreads="12">
  <mem-info id="2532" free="178422720" total="358481920" percent="49">
    <mem type="nursery" free="161100416" total="218103808" percent="73">
      <mem type="allocate" free="161100416" total="173342720" percent="92" />
      <mem type="survivor" free="0" total="44761088" percent="0" />
    </mem>
    <mem type="tenure" free="17322304" total="140378112" percent="12">
      <mem type="soa" free="15918400" total="138974208" percent="11" />
      <mem type="loa" free="1403904" total="1403904" percent="100" />
    </mem>
    <pending-finalizers system="201" default="59" reference="739" classloader="0" />
    <remembered-set count="12104" />
  </mem-info>
</gc-end>
<cycle-end id="2533" type="scavenge" contextid="2527" timestamp="2024-07-17T18:05:37.432" />
<allocation-satisfied id="2534" threadId="00000000007FFC00" bytesRequested="24" />
<af-end id="2535" timestamp="2024-07-17T18:05:37.432" threadId="0000000000800638" success="true" from="nursery"/>
<exclusive-end id="2536" timestamp="2024-07-17T18:05:37.433" durationms="28.309" />

<concurrent-kickoff id="2537" timestamp="2024-07-17T18:06:06.173">
  <kickoff reason="threshold reached" targetBytes="74547212" thresholdFreeBytes="10319927"  remainingFree="10260520" tenureFreeBytes="17162792" nurseryFreeBytes="10260520" />
</concurrent-kickoff>
<exclusive-start id="2538" timestamp="2024-07-17T18:06:06.175" intervalms="28770.271">
  <response-info timems="0.088" idlems="0.088" threads="0" lastid="000000000087DA00" lastname="Default Executor-thread-20" />
</exclusive-start>
<cycle-start id="2539" type="global" contextid="0" timestamp="2024-07-17T18:06:06.175" intervalms="35144.677" />
<concurrent-start id="2540" type="global mark" contextid="2539" timestamp="2024-07-17T18:06:06.175">
</concurrent-start>
<exclusive-end id="2541" timestamp="2024-07-17T18:06:06.176" durationms="1.247" />

<concurrent-end id="2542" type="global mark" contextid="2539" timestamp="2024-07-17T18:06:06.324">
<gc-op id="2543" type="trace" timems="148.404" contextid="2539" timestamp="2024-07-17T18:06:06.324">
  <trace bytesTraced="73989812" workStackOverflowCount="0" />
  <card-cleaning reason="card cleaning threshold reached" bytesTraced="17744" cardsCleaned="84" />
</gc-op>
</concurrent-end>

<exclusive-start id="2544" timestamp="2024-07-17T18:06:06.324" intervalms="149.912">
  <response-info timems="0.070" idlems="0.070" threads="0" lastid="000000000087DA00" lastname="Default Executor-thread-20" />
</exclusive-start>
<concurrent-global-final id="2545" timestamp="2024-07-17T18:06:06.325" contextid="2539" intervalms="35146.407" >
  <concurrent-trace-info reason="card cleaning threshold reached" tracedByMutators="32813340" tracedByHelpers="41194216" cardsCleaned="84" workStackOverflowCount="0" />
</concurrent-global-final>
<gc-start id="2546" type="global" contextid="2539" timestamp="2024-07-17T18:06:06.325">
  <mem-info id="2547" free="17990224" total="358481920" percent="5">
    <mem type="nursery" free="827432" total="218103808" percent="0">
      <mem type="allocate" free="827432" total="173342720" percent="0" />
      <mem type="survivor" free="0" total="44761088" percent="0" />
    </mem>
    <mem type="tenure" free="17162792" total="140378112" percent="12">
      <mem type="soa" free="15758888" total="138974208" percent="11" />
      <mem type="loa" free="1403904" total="1403904" percent="100" />
    </mem>
    <remembered-set count="44042" />
  </mem-info>
</gc-start>
<allocation-stats totalBytes="160298304" discardedBytes="134192" >
  <allocated-bytes non-tlh="2710784" tlh="157587520" />
  <largest-consumer threadName="Default Executor-thread-20" threadId="000000000087DA00" bytes="84794280" />
</allocation-stats>
<gc-op id="2548" type="rs-scan" timems="5.787" contextid="2539" timestamp="2024-07-17T18:06:06.331">
  <scan objectsFound="282763" bytesTraced="11414392" workStackOverflowCount="0" />
</gc-op>
<gc-op id="2549" type="card-cleaning" timems="1.031" contextid="2539" timestamp="2024-07-17T18:06:06.333">
  <card-cleaning cardsCleaned="0" bytesTraced="0" workStackOverflowCount="0" />
</gc-op>
<gc-op id="2550" type="mark" timems="16.445" contextid="2539" timestamp="2024-07-17T18:06:06.350">
  <trace-info objectcount="30192" scancount="26651" scanbytes="1008192" />
  <finalization candidates="1067" enqueued="177" />
  <ownableSynchronizers candidates="10887" cleared="2225" />
  <references type="soft" candidates="17699" cleared="1081" enqueued="1076" dynamicThreshold="9" maxThreshold="32" />
  <references type="weak" candidates="18901" cleared="526" enqueued="521" />
  <references type="phantom" candidates="1360" cleared="55" enqueued="55" />
  <stringconstants candidates="52832" cleared="193"  />
  <object-monitors candidates="220" cleared="5"  />
</gc-op>
<gc-op id="2551" type="classunload" timems="2.549" contextid="2539" timestamp="2024-07-17T18:06:06.353">
  <classunload-info classloadercandidates="523" classloadersunloaded="13" classesunloaded="5" anonymousclassesunloaded="1" quiescems="0.000" setupms="2.457" scanms="0.062" postms="0.029" />
</gc-op>
<gc-op id="2552" type="sweep" timems="2.707" contextid="2539" timestamp="2024-07-17T18:06:06.356" />
<heap-resize id="2553" type="expand" space="tenure" amount="23396352" count="1" timems="0.372" reason="insufficient free space following gc" timestamp="2024-07-17T18:06:06.357" />
<gc-end id="2554" type="global" contextid="2539" durationms="37.386" usertimems="113.257" systemtimems="32.226" stalltimems="136.126" timestamp="2024-07-17T18:06:06.363" activeThreads="12">
  <mem-info id="2555" free="202420600" total="381878272" percent="53">
    <mem type="nursery" free="153285216" total="218103808" percent="70">
      <mem type="allocate" free="153285216" total="173342720" percent="88" />
      <mem type="survivor" free="0" total="44761088" percent="0" />
    </mem>
    <mem type="tenure" free="49135384" total="163774464" percent="30" micro-fragmented="3434131" macro-fragmented="0">
      <mem type="soa" free="47496984" total="162136064" percent="29" />
      <mem type="loa" free="1638400" total="1638400" percent="100" />
    </mem>
    <pending-finalizers system="70" default="107" reference="1652" classloader="0" />
    <remembered-set count="41556" />
  </mem-info>
</gc-end>
<cycle-end id="2556" type="global" contextid="2539" timestamp="2024-07-17T18:06:06.363" />
<exclusive-end id="2557" timestamp="2024-07-17T18:06:06.363" durationms="38.961" />

<exclusive-start id="2558" timestamp="2024-07-17T18:06:08.727" intervalms="2402.036">
  <response-info timems="0.083" idlems="0.083" threads="0" lastid="00000000007FFC00" lastname="Default Executor-thread-1" />
</exclusive-start>
<af-start id="2559" threadId="0000000000800638" totalBytesRequested="24" timestamp="2024-07-17T18:06:08.727" intervalms="31322.157" type="nursery" />
<cycle-start id="2560" type="scavenge" contextid="0" timestamp="2024-07-17T18:06:08.727" intervalms="31322.092" />
<gc-start id="2561" type="scavenge" contextid="2560" timestamp="2024-07-17T18:06:08.728">
  <mem-info id="2562" free="48918200" total="381878272" percent="12">
    <mem type="nursery" free="0" total="218103808" percent="0">
      <mem type="allocate" free="0" total="173342720" percent="0" />
      <mem type="survivor" free="0" total="44761088" percent="0" />
    </mem>
    <mem type="tenure" free="48918200" total="163774464" percent="29">
      <mem type="soa" free="47279800" total="162136064" percent="29" />
      <mem type="loa" free="1638400" total="1638400" percent="100" />
    </mem>
    <remembered-set count="47480" />
  </mem-info>
</gc-start>
<allocation-stats totalBytes="153133328" discardedBytes="344160" >
  <allocated-bytes non-tlh="5300392" tlh="147832936" />
  <largest-consumer threadName="Default Executor-thread-1" threadId="00000000007FFC00" bytes="104866720" />
</allocation-stats>
<gc-op id="2563" type="scavenge" timems="14.957" contextid="2560" timestamp="2024-07-17T18:06:08.743">
  <scavenger-info tenureage="7" tenuremask="7f80" tiltratio="79" />
  <memory-copied type="nursery" objects="305743" bytes="16858936" bytesdiscarded="201192" />
  <finalization candidates="162" enqueued="157" />
  <ownableSynchronizers candidates="17256" cleared="16656" />
  <references type="soft" candidates="4233" cleared="0" enqueued="0" dynamicThreshold="9" maxThreshold="32" />
  <references type="weak" candidates="3415" cleared="436" enqueued="422" />
  <references type="phantom" candidates="363" cleared="75" enqueued="75" />
  <object-monitors candidates="225" cleared="7"  />
</gc-op>
<gc-end id="2564" type="scavenge" contextid="2560" durationms="16.657" usertimems="109.306" systemtimems="0.000" stalltimems="63.545" timestamp="2024-07-17T18:06:08.744" activeThreads="12">
  <mem-info id="2565" free="208984136" total="381878272" percent="54">
    <mem type="nursery" free="160065936" total="218103808" percent="73">
      <mem type="allocate" free="160065936" total="177143808" percent="90" />
      <mem type="survivor" free="0" total="40960000" percent="0" />
    </mem>
    <mem type="tenure" free="48918200" total="163774464" percent="29" macro-fragmented="9100">
      <mem type="soa" free="47279800" total="162136064" percent="29" />
      <mem type="loa" free="1638400" total="1638400" percent="100" />
    </mem>
    <pending-finalizers system="127" default="30" reference="497" classloader="0" />
    <remembered-set count="32354" />
  </mem-info>
</gc-end>
<cycle-end id="2566" type="scavenge" contextid="2560" timestamp="2024-07-17T18:06:08.745" />
<allocation-satisfied id="2567" threadId="00000000007FFC00" bytesRequested="24" />
<af-end id="2568" timestamp="2024-07-17T18:06:08.745" threadId="0000000000800638" success="true" from="nursery"/>
<exclusive-end id="2569" timestamp="2024-07-17T18:06:08.746" durationms="19.184" />

<exclusive-start id="2570" timestamp="2024-07-17T18:07:04.049" intervalms="55322.240">
  <response-info timems="0.080" idlems="0.080" threads="0" lastid="00000000018F4800" lastname="Thread-19" />
</exclusive-start>
<af-start id="2571" threadId="00000000018F5238" totalBytesRequested="72" timestamp="2024-07-17T18:07:04.049" intervalms="55322.219" type="nursery" />
<cycle-start id="2572" type="scavenge" contextid="0" timestamp="2024-07-17T18:07:04.049" intervalms="55322.240" />
<gc-start id="2573" type="scavenge" contextid="2572" timestamp="2024-07-17T18:07:04.050">
  <mem-info id="2574" free="48813032" total="381878272" percent="12">
    <mem type="nursery" free="0" total="218103808" percent="0">
      <mem type="allocate" free="0" total="177143808" percent="0" />
      <mem type="survivor" free="0" total="40960000" percent="0" />
    </mem>
    <mem type="tenure" free="48813032" total="163774464" percent="29">
      <mem type="soa" free="47174632" total="162136064" percent="29" />
      <mem type="loa" free="1638400" total="1638400" percent="100" />
    </mem>
    <remembered-set count="35317" />
  </mem-info>
</gc-start>
<allocation-stats totalBytes="160001048" discardedBytes="166488" >
  <allocated-bytes non-tlh="1053712" tlh="158947336" />
  <largest-consumer threadName="Default Executor-thread-1" threadId="00000000007FFC00" bytes="101792936" />
</allocation-stats>
<gc-op id="2575" type="scavenge" timems="11.493" contextid="2572" timestamp="2024-07-17T18:07:04.062">
  <scavenger-info tenureage="8" tenuremask="7f00" tiltratio="81" />
  <memory-copied type="nursery" objects="285712" bytes="15911048" bytesdiscarded="348640" />
  <finalization candidates="59" enqueued="54" />
  <ownableSynchronizers candidates="5278" cleared="4676" />
  <references type="soft" candidates="4579" cleared="0" enqueued="0" dynamicThreshold="9" maxThreshold="32" />
  <references type="weak" candidates="3583" cleared="334" enqueued="325" />
  <references type="phantom" candidates="315" cleared="9" enqueued="9" />
  <object-monitors candidates="219" cleared="1"  />
</gc-op>
<gc-end id="2576" type="scavenge" contextid="2572" durationms="32.693" usertimems="96.517" systemtimems="0.000" stalltimems="55.207" timestamp="2024-07-17T18:07:04.083" activeThreads="12">
  <mem-info id="2577" free="214007816" total="381878272" percent="56">
    <mem type="nursery" free="165194784" total="218103808" percent="75">
      <mem type="allocate" free="165194784" total="181469184" percent="91" />
      <mem type="survivor" free="0" total="36634624" percent="0" />
    </mem>
    <mem type="tenure" free="48813032" total="163774464" percent="29" macro-fragmented="33282812">
      <mem type="soa" free="47174632" total="162136064" percent="29" />
      <mem type="loa" free="1638400" total="1638400" percent="100" />
    </mem>
    <pending-finalizers system="20" default="34" reference="334" classloader="0" />
    <remembered-set count="31213" />
  </mem-info>
</gc-end>
<cycle-end id="2578" type="scavenge" contextid="2572" timestamp="2024-07-17T18:07:04.083" />
<allocation-satisfied id="2579" threadId="00000000018F4800" bytesRequested="72" />
<af-end id="2580" timestamp="2024-07-17T18:07:04.084" threadId="00000000018F5238" success="true" from="nursery"/>
<exclusive-end id="2581" timestamp="2024-07-17T18:07:04.085" durationms="35.896" />

<exclusive-start id="2582" timestamp="2024-07-17T18:08:06.572" intervalms="62523.224">
  <response-info timems="0.077" idlems="0.077" threads="0" lastid="0000000000F43F00" lastname="Timer-7" />
</exclusive-start>
<af-start id="2583" threadId="0000000000F44938" totalBytesRequested="24" timestamp="2024-07-17T18:08:06.573" intervalms="62523.496" type="nursery" />
<cycle-start id="2584" type="scavenge" contextid="0" timestamp="2024-07-17T18:08:06.573" intervalms="62523.594" />
<gc-start id="2585" type="scavenge" contextid="2584" timestamp="2024-07-17T18:08:06.574">
  <mem-info id="2586" free="48475904" total="381878272" percent="12">
    <mem type="nursery" free="0" total="218103808" percent="0">
      <mem type="allocate" free="0" total="181469184" percent="0" />
      <mem type="survivor" free="0" total="36634624" percent="0" />
    </mem>
    <mem type="tenure" free="48475904" total="163774464" percent="29">
      <mem type="soa" free="46837504" total="162136064" percent="28" />
      <mem type="loa" free="1638400" total="1638400" percent="100" />
    </mem>
    <remembered-set count="36245" />
  </mem-info>
</gc-start>
<allocation-stats totalBytes="165367112" discardedBytes="148552" >
  <allocated-bytes non-tlh="3265552" tlh="162101560" />
  <largest-consumer threadName="Default Executor-thread-17" threadId="0000000000872500" bytes="46545160" />
</allocation-stats>
<gc-op id="2587" type="scavenge" timems="15.674" contextid="2584" timestamp="2024-07-17T18:08:06.590">
  <scavenger-info tenureage="8" tenuremask="7f00" tiltratio="83" />
  <memory-copied type="nursery" objects="303987" bytes="15167248" bytesdiscarded="286344" />
  <memory-copied type="tenure" objects="28660" bytes="2322864" bytesdiscarded="64928" />
  <finalization candidates="114" enqueued="106" />
  <ownableSynchronizers candidates="6097" cleared="5353" />
  <references type="soft" candidates="5002" cleared="0" enqueued="0" dynamicThreshold="9" maxThreshold="32" />
  <references type="weak" candidates="4070" cleared="520" enqueued="498" />
  <references type="phantom" candidates="323" cleared="13" enqueued="13" />
  <object-monitors candidates="232" cleared="10"  />
</gc-op>
<gc-end id="2588" type="scavenge" contextid="2584" durationms="31.836" usertimems="146.935" systemtimems="0.000" stalltimems="55.090" timestamp="2024-07-17T18:08:06.606" activeThreads="12">
  <mem-info id="2589" free="215597656" total="381878272" percent="56">
    <mem type="nursery" free="169596344" total="218103808" percent="77">
      <mem type="allocate" free="169596344" total="185073664" percent="91" />
      <mem type="survivor" free="0" total="33030144" percent="0" />
    </mem>
    <mem type="tenure" free="46001312" total="163774464" percent="28" macro-fragmented="33282812">
      <mem type="soa" free="44362912" total="162136064" percent="27" />
      <mem type="loa" free="1638400" total="1638400" percent="100" />
    </mem>
    <pending-finalizers system="14" default="92" reference="511" classloader="0" />
    <remembered-set count="32786" />
  </mem-info>
</gc-end>
<cycle-end id="2590" type="scavenge" contextid="2584" timestamp="2024-07-17T18:08:06.606" />
<allocation-satisfied id="2591" threadId="0000000000F43F00" bytesRequested="24" />
<af-end id="2592" timestamp="2024-07-17T18:08:06.607" threadId="0000000000F44938" success="true" from="nursery"/>
<exclusive-end id="2593" timestamp="2024-07-17T18:08:06.608" durationms="35.553" />

<exclusive-start id="2594" timestamp="2024-07-17T18:11:51.580" intervalms="225008.498">
  <response-info timems="0.072" idlems="0.072" threads="0" lastid="0000000000F43F00" lastname="Timer-7" />
</exclusive-start>
<af-start id="2595" threadId="0000000000F44938" totalBytesRequested="1160" timestamp="2024-07-17T18:11:51.581" intervalms="225008.539" type="nursery" />
<cycle-start id="2596" type="scavenge" contextid="0" timestamp="2024-07-17T18:11:51.582" intervalms="225008.779" />
<gc-start id="2597" type="scavenge" contextid="2596" timestamp="2024-07-17T18:11:51.583">
  <mem-info id="2598" free="45917392" total="381878272" percent="12">
    <mem type="nursery" free="0" total="218103808" percent="0">
      <mem type="allocate" free="0" total="185073664" percent="0" />
      <mem type="survivor" free="0" total="33030144" percent="0" />
    </mem>
    <mem type="tenure" free="45917392" total="163774464" percent="28">
      <mem type="soa" free="44278992" total="162136064" percent="27" />
      <mem type="loa" free="1638400" total="1638400" percent="100" />
    </mem>
    <remembered-set count="35146" />
  </mem-info>
</gc-start>
<allocation-stats totalBytes="169586088" discardedBytes="86064" >
  <allocated-bytes non-tlh="732936" tlh="168853152" />
  <largest-consumer threadName="Timer-7" threadId="0000000000F43F00" bytes="41505624" />
</allocation-stats>
<gc-op id="2599" type="scavenge" timems="11.643" contextid="2596" timestamp="2024-07-17T18:11:51.595">
  <scavenger-info tenureage="10" tenuremask="7c00" tiltratio="84" />
  <memory-copied type="nursery" objects="307074" bytes="15527440" bytesdiscarded="434456" />
  <finalization candidates="8" enqueued="1" />
  <ownableSynchronizers candidates="19586" cleared="18850" />
  <references type="soft" candidates="5790" cleared="0" enqueued="0" dynamicThreshold="9" maxThreshold="32" />
  <references type="weak" candidates="3635" cleared="55" enqueued="54" />
  <references type="phantom" candidates="311" cleared="0" enqueued="0" />
  <object-monitors candidates="222" cleared="0"  />
</gc-op>
<gc-end id="2600" type="scavenge" contextid="2596" durationms="22.702" usertimems="75.774" systemtimems="32.184" stalltimems="39.223" timestamp="2024-07-17T18:11:51.605" activeThreads="12">
  <mem-info id="2601" free="217895800" total="381878272" percent="57">
    <mem type="nursery" free="171978408" total="218103808" percent="78">
      <mem type="allocate" free="171978408" total="187957248" percent="91" />
      <mem type="survivor" free="0" total="30146560" percent="0" />
    </mem>
    <mem type="tenure" free="45917392" total="163774464" percent="28" macro-fragmented="11146344">
      <mem type="soa" free="44278992" total="162136064" percent="27" />
      <mem type="loa" free="1638400" total="1638400" percent="100" />
    </mem>
    <pending-finalizers system="0" default="1" reference="54" classloader="0" />
    <remembered-set count="32974" />
  </mem-info>
</gc-end>
<cycle-end id="2602" type="scavenge" contextid="2596" timestamp="2024-07-17T18:11:51.606" />
<allocation-satisfied id="2603" threadId="0000000000F43F00" bytesRequested="1160" />
<af-end id="2604" timestamp="2024-07-17T18:11:51.607" threadId="0000000000F44938" success="true" from="nursery"/>
<exclusive-end id="2605" timestamp="2024-07-17T18:11:51.607" durationms="26.719" />

<exclusive-start id="2606" timestamp="2024-07-17T18:16:02.530" intervalms="250949.787">
  <response-info timems="0.085" idlems="0.085" threads="0" lastid="0000000000879E00" lastname="Default Executor-thread-19" />
</exclusive-start>
<af-start id="2607" threadId="000000000087A838" totalBytesRequested="24" timestamp="2024-07-17T18:16:02.531" intervalms="250949.483" type="nursery" />
<cycle-start id="2608" type="scavenge" contextid="0" timestamp="2024-07-17T18:16:02.531" intervalms="250949.207" />
<gc-start id="2609" type="scavenge" contextid="2608" timestamp="2024-07-17T18:16:02.532">
  <mem-info id="2610" free="45917392" total="381878272" percent="12">
    <mem type="nursery" free="0" total="218103808" percent="0">
      <mem type="allocate" free="0" total="187957248" percent="0" />
      <mem type="survivor" free="0" total="30146560" percent="0" />
    </mem>
    <mem type="tenure" free="45917392" total="163774464" percent="28">
      <mem type="soa" free="44278992" total="162136064" percent="27" />
      <mem type="loa" free="1638400" total="1638400" percent="100" />
    </mem>
    <remembered-set count="34045" />
  </mem-info>
</gc-start>
<allocation-stats totalBytes="171867168" discardedBytes="111240" >
  <allocated-bytes non-tlh="25752" tlh="171841416" />
  <largest-consumer threadName="Timer-7" threadId="0000000000F43F00" bytes="46375200" />
</allocation-stats>
<gc-op id="2611" type="scavenge" timems="13.014" contextid="2608" timestamp="2024-07-17T18:16:02.545">
  <scavenger-info tenureage="7" tenuremask="7a80" tiltratio="86" />
  <memory-copied type="nursery" objects="251154" bytes="12349104" bytesdiscarded="839504" />
  <memory-copied type="tenure" objects="55686" bytes="3169872" bytesdiscarded="33056" />
  <finalization candidates="7" enqueued="0" />
  <ownableSynchronizers candidates="21737" cleared="21000" />
  <references type="soft" candidates="4768" cleared="0" enqueued="0" dynamicThreshold="9" maxThreshold="32" />
  <references type="weak" candidates="2931" cleared="4" enqueued="3" />
  <references type="phantom" candidates="304" cleared="0" enqueued="0" />
  <object-monitors candidates="222" cleared="0"  />
</gc-op>
<gc-end id="2612" type="scavenge" contextid="2608" durationms="17.913" usertimems="111.280" systemtimems="7.571" stalltimems="40.551" timestamp="2024-07-17T18:16:02.550" activeThreads="12">
  <mem-info id="2613" free="219633344" total="381878272" percent="57">
    <mem type="nursery" free="177179320" total="218103808" percent="81">
      <mem type="allocate" free="177179320" total="190382080" percent="93" />
      <mem type="survivor" free="0" total="27721728" percent="0" />
    </mem>
    <mem type="tenure" free="42454024" total="163774464" percent="25" macro-fragmented="348889">
      <mem type="soa" free="40815624" total="162136064" percent="25" />
      <mem type="loa" free="1638400" total="1638400" percent="100" />
    </mem>
    <pending-finalizers system="0" default="0" reference="3" classloader="0" />
    <remembered-set count="24988" />
  </mem-info>
</gc-end>
<cycle-end id="2614" type="scavenge" contextid="2608" timestamp="2024-07-17T18:16:02.550" />
<allocation-satisfied id="2615" threadId="0000000000879E00" bytesRequested="24" />
<af-end id="2616" timestamp="2024-07-17T18:16:02.551" threadId="000000000087A838" success="true" from="nursery"/>
<exclusive-end id="2617" timestamp="2024-07-17T18:16:02.551" durationms="20.483" />

<exclusive-start id="2618" timestamp="2024-07-17T18:20:19.411" intervalms="256880.274">
  <response-info timems="0.074" idlems="0.074" threads="0" lastid="000000000085F600" lastname="Default Executor-thread-12" />
</exclusive-start>
<af-start id="2619" threadId="0000000000860038" totalBytesRequested="24" timestamp="2024-07-17T18:20:19.411" intervalms="256880.545" type="nursery" />
<cycle-start id="2620" type="scavenge" contextid="0" timestamp="2024-07-17T18:20:19.412" intervalms="256880.849" />
<gc-start id="2621" type="scavenge" contextid="2620" timestamp="2024-07-17T18:20:19.414">
  <mem-info id="2622" free="42454024" total="381878272" percent="11">
    <mem type="nursery" free="0" total="218103808" percent="0">
      <mem type="allocate" free="0" total="190382080" percent="0" />
      <mem type="survivor" free="0" total="27721728" percent="0" />
    </mem>
    <mem type="tenure" free="42454024" total="163774464" percent="25">
      <mem type="soa" free="40815624" total="162136064" percent="25" />
      <mem type="loa" free="1638400" total="1638400" percent="100" />
    </mem>
    <remembered-set count="25641" />
  </mem-info>
</gc-start>
<allocation-stats totalBytes="177037720" discardedBytes="141600" >
  <allocated-bytes non-tlh="24" tlh="177037696" />
  <largest-consumer threadName="Timer-7" threadId="0000000000F43F00" bytes="48688944" />
</allocation-stats>
<gc-op id="2623" type="scavenge" timems="10.588" contextid="2620" timestamp="2024-07-17T18:20:19.425">
  <scavenger-info tenureage="3" tenuremask="70a8" tiltratio="87" />
  <memory-copied type="nursery" objects="66786" bytes="2648120" bytesdiscarded="523296" />
  <memory-copied type="tenure" objects="184352" bytes="9699976" bytesdiscarded="13216" />
  <finalization candidates="4" enqueued="0" />
  <ownableSynchronizers candidates="22189" cleared="21493" />
  <references type="soft" candidates="1849" cleared="0" enqueued="0" dynamicThreshold="9" maxThreshold="32" />
  <references type="weak" candidates="889" cleared="2" enqueued="1" />
  <references type="phantom" candidates="28" cleared="0" enqueued="0" />
  <object-monitors candidates="222" cleared="0"  />
</gc-op>
<gc-end id="2624" type="scavenge" contextid="2620" durationms="13.174" usertimems="61.335" systemtimems="28.217" stalltimems="38.300" timestamp="2024-07-17T18:20:19.427" activeThreads="12">
  <mem-info id="2625" free="222310648" total="381878272" percent="58">
    <mem type="nursery" free="189894112" total="218103808" percent="87">
      <mem type="allocate" free="189894112" total="193069056" percent="98" />
      <mem type="survivor" free="0" total="25034752" percent="0" />
    </mem>
    <mem type="tenure" free="32416536" total="163774464" percent="19" macro-fragmented="23113062">
      <mem type="soa" free="30778136" total="162136064" percent="18" />
      <mem type="loa" free="1638400" total="1638400" percent="100" />
    </mem>
    <pending-finalizers system="0" default="0" reference="1" classloader="0" />
    <remembered-set count="2687" />
  </mem-info>
</gc-end>
<cycle-end id="2626" type="scavenge" contextid="2620" timestamp="2024-07-17T18:20:19.427" />
<allocation-satisfied id="2627" threadId="000000000085F600" bytesRequested="24" />
<af-end id="2628" timestamp="2024-07-17T18:20:19.428" threadId="0000000000860038" success="true" from="nursery"/>
<exclusive-end id="2629" timestamp="2024-07-17T18:20:19.429" durationms="18.019" />

<exclusive-start id="2630" timestamp="2024-07-17T18:24:51.580" intervalms="272169.575">
  <response-info timems="0.070" idlems="0.070" threads="0" lastid="0000000000F43F00" lastname="Timer-7" />
</exclusive-start>
<af-start id="2631" threadId="0000000000F44938" totalBytesRequested="3840" timestamp="2024-07-17T18:24:51.581" intervalms="272169.454" type="nursery" />
<cycle-start id="2632" type="scavenge" contextid="0" timestamp="2024-07-17T18:24:51.581" intervalms="272169.317" />
<gc-start id="2633" type="scavenge" contextid="2632" timestamp="2024-07-17T18:24:51.582">
  <mem-info id="2634" free="32413400" total="381878272" percent="8">
    <mem type="nursery" free="0" total="218103808" percent="0">
      <mem type="allocate" free="0" total="193069056" percent="0" />
      <mem type="survivor" free="0" total="25034752" percent="0" />
    </mem>
    <mem type="tenure" free="32413400" total="163774464" percent="19">
      <mem type="soa" free="30775000" total="162136064" percent="18" />
      <mem type="loa" free="1638400" total="1638400" percent="100" />
    </mem>
    <remembered-set count="3371" />
  </mem-info>
</gc-start>
<allocation-stats totalBytes="189738360" discardedBytes="158888" >
  <allocated-bytes non-tlh="101488" tlh="189636872" />
  <largest-consumer threadName="Timer-7" threadId="0000000000F43F00" bytes="52748696" />
</allocation-stats>
<gc-op id="2635" type="scavenge" timems="6.311" contextid="2632" timestamp="2024-07-17T18:24:51.589">
  <scavenger-info tenureage="5" tenuremask="60a0" tiltratio="88" />
  <memory-copied type="nursery" objects="17853" bytes="921552" bytesdiscarded="310592" />
  <memory-copied type="tenure" objects="50653" bytes="1791928" bytesdiscarded="1504" />
  <finalization candidates="31" enqueued="31" />
  <ownableSynchronizers candidates="23060" cleared="22780" />
  <references type="soft" candidates="790" cleared="0" enqueued="0" dynamicThreshold="9" maxThreshold="32" />
  <references type="weak" candidates="362" cleared="3" enqueued="2" />
  <references type="phantom" candidates="19" cleared="0" enqueued="0" />
  <object-monitors candidates="234" cleared="2"  />
</gc-op>
<gc-end id="2636" type="scavenge" contextid="2632" durationms="10.287" usertimems="22.460" systemtimems="4.222" stalltimems="50.323" timestamp="2024-07-17T18:24:51.592" activeThreads="12">
  <mem-info id="2637" free="225901264" total="381878272" percent="59">
    <mem type="nursery" free="195047112" total="218103808" percent="89">
      <mem type="allocate" free="195047112" total="196280320" percent="99" />
      <mem type="survivor" free="0" total="21823488" percent="0" />
    </mem>
    <mem type="tenure" free="30854152" total="163774464" percent="18" macro-fragmented="11146344">
      <mem type="soa" free="29215752" total="162136064" percent="18" />
      <mem type="loa" free="1638400" total="1638400" percent="100" />
    </mem>
    <pending-finalizers system="31" default="0" reference="2" classloader="0" />
    <remembered-set count="1040" />
  </mem-info>
</gc-end>
<cycle-end id="2638" type="scavenge" contextid="2632" timestamp="2024-07-17T18:24:51.593" />
<allocation-satisfied id="2639" threadId="0000000000F43F00" bytesRequested="3840" />
<af-end id="2640" timestamp="2024-07-17T18:24:51.593" threadId="0000000000F44938" success="true" from="nursery"/>
<exclusive-end id="2641" timestamp="2024-07-17T18:24:51.594" durationms="13.572" />

<exclusive-start id="2642" timestamp="2024-07-17T18:29:34.287" intervalms="282706.451">
  <response-info timems="0.105" idlems="0.105" threads="0" lastid="0000000001868E00" lastname="Default Executor-thread-35" />
</exclusive-start>
<af-start id="2643" threadId="0000000001869838" totalBytesRequested="120" timestamp="2024-07-17T18:29:34.287" intervalms="282706.882" type="nursery" />
<cycle-start id="2644" type="scavenge" contextid="0" timestamp="2024-07-17T18:29:34.289" intervalms="282707.470" />
<gc-start id="2645" type="scavenge" contextid="2644" timestamp="2024-07-17T18:29:34.293">
  <mem-info id="2646" free="30854152" total="381878272" percent="8">
    <mem type="nursery" free="0" total="218103808" percent="0">
      <mem type="allocate" free="0" total="196280320" percent="0" />
      <mem type="survivor" free="0" total="21823488" percent="0" />
    </mem>
    <mem type="tenure" free="30854152" total="163774464" percent="18">
      <mem type="soa" free="29215752" total="162136064" percent="18" />
      <mem type="loa" free="1638400" total="1638400" percent="100" />
    </mem>
    <remembered-set count="1363" />
  </mem-info>
</gc-start>
<allocation-stats totalBytes="194935056" discardedBytes="112056" >
  <allocated-bytes non-tlh="159536" tlh="194775520" />
  <largest-consumer threadName="Timer-7" threadId="0000000000F43F00" bytes="53638864" />
</allocation-stats>
<gc-op id="2647" type="scavenge" timems="5.046" contextid="2644" timestamp="2024-07-17T18:29:34.299">
  <scavenger-info tenureage="4" tenuremask="4010" tiltratio="89" />
  <memory-copied type="nursery" objects="4694" bytes="175000" bytesdiscarded="140784" />
  <memory-copied type="tenure" objects="13889" bytes="775008" bytesdiscarded="712" />
  <ownableSynchronizers candidates="23729" cleared="23654" />
  <references type="soft" candidates="2" cleared="0" enqueued="0" dynamicThreshold="9" maxThreshold="32" />
  <references type="weak" candidates="454" cleared="16" enqueued="15" />
  <references type="phantom" candidates="17" cleared="3" enqueued="3" />
  <object-monitors candidates="244" cleared="8"  />
</gc-op>
<gc-end id="2648" type="scavenge" contextid="2644" durationms="7.733" usertimems="13.409" systemtimems="5.197" stalltimems="26.916" timestamp="2024-07-17T18:29:34.301" activeThreads="9">
  <mem-info id="2649" free="226085464" total="381878272" percent="59">
    <mem type="nursery" free="195963904" total="218103808" percent="89">
      <mem type="allocate" free="195963904" total="196280320" percent="99" />
      <mem type="survivor" free="0" total="21823488" percent="0" />
    </mem>
    <mem type="tenure" free="30121560" total="163774464" percent="18" macro-fragmented="23113062">
      <mem type="soa" free="28483160" total="162136064" percent="17" />
      <mem type="loa" free="1638400" total="1638400" percent="100" />
    </mem>
    <pending-finalizers system="0" default="0" reference="18" classloader="0" />
    <remembered-set count="706" />
  </mem-info>
</gc-end>
<cycle-end id="2650" type="scavenge" contextid="2644" timestamp="2024-07-17T18:29:34.302" />
<allocation-satisfied id="2651" threadId="0000000001868E00" bytesRequested="120" />
<af-end id="2652" timestamp="2024-07-17T18:29:34.303" threadId="0000000001869838" success="true" from="nursery"/>
<exclusive-end id="2653" timestamp="2024-07-17T18:29:34.303" durationms="16.260" />

<exclusive-start id="2654" timestamp="2024-07-17T18:34:18.143" intervalms="283856.503">
  <response-info timems="0.060" idlems="0.060" threads="0" lastid="0000000000857D00" lastname="Default Executor-thread-11" />
</exclusive-start>
<af-start id="2655" threadId="0000000000858738" totalBytesRequested="1720" timestamp="2024-07-17T18:34:18.144" intervalms="283856.092" type="nursery" />
<cycle-start id="2656" type="scavenge" contextid="0" timestamp="2024-07-17T18:34:18.144" intervalms="283855.373" />
<gc-start id="2657" type="scavenge" contextid="2656" timestamp="2024-07-17T18:34:18.145">
  <mem-info id="2658" free="30121448" total="381878272" percent="7">
    <mem type="nursery" free="0" total="218103808" percent="0">
      <mem type="allocate" free="0" total="196280320" percent="0" />
      <mem type="survivor" free="0" total="21823488" percent="0" />
    </mem>
    <mem type="tenure" free="30121448" total="163774464" percent="18">
      <mem type="soa" free="28483048" total="162136064" percent="17" />
      <mem type="loa" free="1638400" total="1638400" percent="100" />
    </mem>
    <remembered-set count="973" />
  </mem-info>
</gc-start>
<allocation-stats totalBytes="195837464" discardedBytes="126552" >
  <allocated-bytes non-tlh="232" tlh="195837232" />
  <largest-consumer threadName="Timer-7" threadId="0000000000F43F00" bytes="54872888" />
</allocation-stats>
<gc-op id="2659" type="scavenge" timems="2.654" contextid="2656" timestamp="2024-07-17T18:34:18.148">
  <scavenger-info tenureage="3" tenuremask="ffc8" tiltratio="89" />
  <memory-copied type="nursery" objects="4729" bytes="176288" bytesdiscarded="165712" />
  <ownableSynchronizers candidates="23828" cleared="23753" />
  <references type="soft" candidates="2" cleared="0" enqueued="0" dynamicThreshold="9" maxThreshold="32" />
  <references type="weak" candidates="440" cleared="2" enqueued="1" />
  <references type="phantom" candidates="14" cleared="0" enqueued="0" />
  <object-monitors candidates="236" cleared="0"  />
</gc-op>
<gc-end id="2660" type="scavenge" contextid="2656" durationms="4.114" usertimems="4.338" systemtimems="1.848" stalltimems="11.256" timestamp="2024-07-17T18:34:18.149" activeThreads="7">
  <mem-info id="2661" free="226059496" total="381878272" percent="59">
    <mem type="nursery" free="195938048" total="218103808" percent="89">
      <mem type="allocate" free="195938048" total="196280320" percent="99" />
      <mem type="survivor" free="0" total="21823488" percent="0" />
    </mem>
    <mem type="tenure" free="30121448" total="163774464" percent="18" macro-fragmented="19260884">
      <mem type="soa" free="28483048" total="162136064" percent="17" />
      <mem type="loa" free="1638400" total="1638400" percent="100" />
    </mem>
    <pending-finalizers system="0" default="0" reference="1" classloader="0" />
    <remembered-set count="720" />
  </mem-info>
</gc-end>
<cycle-end id="2662" type="scavenge" contextid="2656" timestamp="2024-07-17T18:34:18.150" />
<allocation-satisfied id="2663" threadId="0000000000857D00" bytesRequested="1720" />
<af-end id="2664" timestamp="2024-07-17T18:34:18.150" threadId="0000000000858738" success="true" from="nursery"/>
<exclusive-end id="2665" timestamp="2024-07-17T18:34:18.151" durationms="7.429" />

<exclusive-start id="2666" timestamp="2024-07-17T18:38:58.840" intervalms="280697.273">
  <response-info timems="0.088" idlems="0.088" threads="0" lastid="0000000000876100" lastname="Default Executor-thread-18" />
</exclusive-start>
<af-start id="2667" threadId="0000000000876B38" totalBytesRequested="40" timestamp="2024-07-17T18:38:58.841" intervalms="280697.350" type="nursery" />
<cycle-start id="2668" type="scavenge" contextid="0" timestamp="2024-07-17T18:38:58.841" intervalms="280697.455" />
<gc-start id="2669" type="scavenge" contextid="2668" timestamp="2024-07-17T18:38:58.843">
  <mem-info id="2670" free="30120920" total="381878272" percent="7">
    <mem type="nursery" free="0" total="218103808" percent="0">
      <mem type="allocate" free="0" total="196280320" percent="0" />
      <mem type="survivor" free="0" total="21823488" percent="0" />
    </mem>
    <mem type="tenure" free="30120920" total="163774464" percent="18">
      <mem type="soa" free="28482520" total="162136064" percent="17" />
      <mem type="loa" free="1638400" total="1638400" percent="100" />
    </mem>
    <remembered-set count="1028" />
  </mem-info>
</gc-start>
<allocation-stats totalBytes="195855792" discardedBytes="82784" >
  <allocated-bytes non-tlh="190720" tlh="195665072" />
  <largest-consumer threadName="Timer-7" threadId="0000000000F43F00" bytes="54873272" />
</allocation-stats>
<gc-op id="2671" type="scavenge" timems="2.432" contextid="2668" timestamp="2024-07-17T18:38:58.846">
  <scavenger-info tenureage="4" tenuremask="ffd0" tiltratio="89" />
  <memory-copied type="nursery" objects="5267" bytes="191136" bytesdiscarded="170912" />
  <finalization candidates="1" enqueued="1" />
  <ownableSynchronizers candidates="23572" cleared="23494" />
  <references type="soft" candidates="2" cleared="0" enqueued="0" dynamicThreshold="9" maxThreshold="32" />
  <references type="weak" candidates="525" cleared="26" enqueued="25" />
  <references type="phantom" candidates="20" cleared="5" enqueued="5" />
  <object-monitors candidates="248" cleared="9"  />
</gc-op>
<gc-end id="2672" type="scavenge" contextid="2668" durationms="4.666" usertimems="6.885" systemtimems="0.000" stalltimems="6.656" timestamp="2024-07-17T18:38:58.848" activeThreads="5">
  <mem-info id="2673" free="226038488" total="381878272" percent="59">
    <mem type="nursery" free="195917568" total="218103808" percent="89">
      <mem type="allocate" free="195917568" total="196280320" percent="99" />
      <mem type="survivor" free="0" total="21823488" percent="0" />
    </mem>
    <mem type="tenure" free="30120920" total="163774464" percent="18" macro-fragmented="27735676">
      <mem type="soa" free="28482520" total="162136064" percent="17" />
      <mem type="loa" free="1638400" total="1638400" percent="100" />
    </mem>
    <pending-finalizers system="1" default="0" reference="30" classloader="0" />
    <remembered-set count="756" />
  </mem-info>
</gc-end>
<cycle-end id="2674" type="scavenge" contextid="2668" timestamp="2024-07-17T18:38:58.849" />
<allocation-satisfied id="2675" threadId="0000000000876100" bytesRequested="40" />
<af-end id="2676" timestamp="2024-07-17T18:38:58.849" threadId="0000000000876B38" success="true" from="nursery"/>
<exclusive-end id="2677" timestamp="2024-07-17T18:38:58.850" durationms="9.447" />

<exclusive-start id="2678" timestamp="2024-07-17T18:43:40.630" intervalms="281789.871">
  <response-info timems="0.061" idlems="0.061" threads="0" lastid="0000000001888100" lastname="Default Executor-thread-53" />
</exclusive-start>
<af-start id="2679" threadId="0000000001888B38" totalBytesRequested="16" timestamp="2024-07-17T18:43:40.631" intervalms="281789.709" type="nursery" />
<cycle-start id="2680" type="scavenge" contextid="0" timestamp="2024-07-17T18:43:40.631" intervalms="281789.601" />
<gc-start id="2681" type="scavenge" contextid="2680" timestamp="2024-07-17T18:43:40.632">
  <mem-info id="2682" free="30120920" total="381878272" percent="7">
    <mem type="nursery" free="0" total="218103808" percent="0">
      <mem type="allocate" free="0" total="196280320" percent="0" />
      <mem type="survivor" free="0" total="21823488" percent="0" />
    </mem>
    <mem type="tenure" free="30120920" total="163774464" percent="18">
      <mem type="soa" free="28482520" total="162136064" percent="17" />
      <mem type="loa" free="1638400" total="1638400" percent="100" />
    </mem>
    <remembered-set count="966" />
  </mem-info>
</gc-start>
<allocation-stats totalBytes="195780264" discardedBytes="137304" >
  <allocated-bytes non-tlh="32816" tlh="195747448" />
  <largest-consumer threadName="Timer-7" threadId="0000000000F43F00" bytes="54985672" />
</allocation-stats>
<gc-op id="2683" type="scavenge" timems="1.407" contextid="2680" timestamp="2024-07-17T18:43:40.634">
  <scavenger-info tenureage="5" tenuremask="ffe0" tiltratio="89" />
  <memory-copied type="nursery" objects="5504" bytes="200736" bytesdiscarded="114256" />
  <memory-copied type="tenure" objects="1" bytes="32" bytesdiscarded="0" />
  <ownableSynchronizers candidates="23658" cleared="23580" />
  <references type="soft" candidates="2" cleared="0" enqueued="0" dynamicThreshold="9" maxThreshold="32" />
  <references type="weak" candidates="565" cleared="2" enqueued="1" />
  <references type="phantom" candidates="17" cleared="0" enqueued="0" />
  <object-monitors candidates="239" cleared="0"  />
</gc-op>
<gc-end id="2684" type="scavenge" contextid="2680" durationms="2.854" usertimems="0.000" systemtimems="3.559" stalltimems="2.537" timestamp="2024-07-17T18:43:40.634" activeThreads="4">
  <mem-info id="2685" free="226085840" total="381878272" percent="59">
    <mem type="nursery" free="195964920" total="218103808" percent="89">
      <mem type="allocate" free="195964920" total="196280320" percent="99" />
      <mem type="survivor" free="0" total="21823488" percent="0" />
    </mem>
    <mem type="tenure" free="30120920" total="163774464" percent="18" macro-fragmented="27735676">
      <mem type="soa" free="28482520" total="162136064" percent="17" />
      <mem type="loa" free="1638400" total="1638400" percent="100" />
    </mem>
    <pending-finalizers system="0" default="0" reference="1" classloader="0" />
    <remembered-set count="756" />
  </mem-info>
</gc-end>
<cycle-end id="2686" type="scavenge" contextid="2680" timestamp="2024-07-17T18:43:40.635" />
<allocation-satisfied id="2687" threadId="0000000001888100" bytesRequested="16" />
<af-end id="2688" timestamp="2024-07-17T18:43:40.636" threadId="0000000001888B38" success="true" from="nursery"/>
<exclusive-end id="2689" timestamp="2024-07-17T18:43:40.636" durationms="5.695" />

<exclusive-start id="2690" timestamp="2024-07-17T18:48:21.603" intervalms="280972.819">
  <response-info timems="0.064" idlems="0.064" threads="0" lastid="0000000000F43F00" lastname="Timer-7" />
</exclusive-start>
<af-start id="2691" threadId="0000000000F44938" totalBytesRequested="4616" timestamp="2024-07-17T18:48:21.603" intervalms="280972.891" type="nursery" />
<cycle-start id="2692" type="scavenge" contextid="0" timestamp="2024-07-17T18:48:21.604" intervalms="280972.925" />
<gc-start id="2693" type="scavenge" contextid="2692" timestamp="2024-07-17T18:48:21.605">
  <mem-info id="2694" free="30120920" total="381878272" percent="7">
    <mem type="nursery" free="0" total="218103808" percent="0">
      <mem type="allocate" free="0" total="196280320" percent="0" />
      <mem type="survivor" free="0" total="21823488" percent="0" />
    </mem>
    <mem type="tenure" free="30120920" total="163774464" percent="18">
      <mem type="soa" free="28482520" total="162136064" percent="17" />
      <mem type="loa" free="1638400" total="1638400" percent="100" />
    </mem>
    <remembered-set count="957" />
  </mem-info>
</gc-start>
<allocation-stats totalBytes="195861208" discardedBytes="103712" >
  <allocated-bytes non-tlh="24608" tlh="195836600" />
  <largest-consumer threadName="Timer-7" threadId="0000000000F43F00" bytes="54862784" />
</allocation-stats>
<gc-op id="2695" type="scavenge" timems="1.379" contextid="2692" timestamp="2024-07-17T18:48:21.607">
  <scavenger-info tenureage="6" tenuremask="ff40" tiltratio="89" />
  <memory-copied type="nursery" objects="5677" bytes="244432" bytesdiscarded="30560" />
  <ownableSynchronizers candidates="23595" cleared="23517" />
  <references type="soft" candidates="2" cleared="0" enqueued="0" dynamicThreshold="9" maxThreshold="32" />
  <references type="weak" candidates="567" cleared="4" enqueued="3" />
  <references type="phantom" candidates="18" cleared="0" enqueued="0" />
  <object-monitors candidates="239" cleared="0"  />
</gc-op>
<gc-end id="2696" type="scavenge" contextid="2692" durationms="2.715" usertimems="2.820" systemtimems="0.370" stalltimems="1.315" timestamp="2024-07-17T18:48:21.608" activeThreads="3">
  <mem-info id="2697" free="226125912" total="381878272" percent="59">
    <mem type="nursery" free="196004992" total="218103808" percent="89">
      <mem type="allocate" free="196004992" total="196280320" percent="99" />
      <mem type="survivor" free="0" total="21823488" percent="0" />
    </mem>
    <mem type="tenure" free="30120920" total="163774464" percent="18" macro-fragmented="23113062">
      <mem type="soa" free="28482520" total="162136064" percent="17" />
      <mem type="loa" free="1638400" total="1638400" percent="100" />
    </mem>
    <pending-finalizers system="0" default="0" reference="3" classloader="0" />
    <remembered-set count="737" />
  </mem-info>
</gc-end>
<cycle-end id="2698" type="scavenge" contextid="2692" timestamp="2024-07-17T18:48:21.608" />
<allocation-satisfied id="2699" threadId="0000000000F43F00" bytesRequested="4616" />
<af-end id="2700" timestamp="2024-07-17T18:48:21.609" threadId="0000000000F44938" success="true" from="nursery"/>
<exclusive-end id="2701" timestamp="2024-07-17T18:48:21.609" durationms="6.120" />

<exclusive-start id="2702" timestamp="2024-07-17T18:53:06.614" intervalms="285011.050">
  <response-info timems="0.080" idlems="0.080" threads="0" lastid="0000000000F43F00" lastname="Timer-7" />
</exclusive-start>
<af-start id="2703" threadId="0000000000F44938" totalBytesRequested="4008" timestamp="2024-07-17T18:53:06.615" intervalms="285011.133" type="nursery" />
<cycle-start id="2704" type="scavenge" contextid="0" timestamp="2024-07-17T18:53:06.615" intervalms="285011.499" />
<gc-start id="2705" type="scavenge" contextid="2704" timestamp="2024-07-17T18:53:06.617">
  <mem-info id="2706" free="30120808" total="381878272" percent="7">
    <mem type="nursery" free="0" total="218103808" percent="0">
      <mem type="allocate" free="0" total="196280320" percent="0" />
      <mem type="survivor" free="0" total="21823488" percent="0" />
    </mem>
    <mem type="tenure" free="30120808" total="163774464" percent="18">
      <mem type="soa" free="28482408" total="162136064" percent="17" />
      <mem type="loa" free="1638400" total="1638400" percent="100" />
    </mem>
    <remembered-set count="956" />
  </mem-info>
</gc-start>
<allocation-stats totalBytes="195890456" discardedBytes="114648" >
  <allocated-bytes non-tlh="168608" tlh="195721848" />
  <largest-consumer threadName="Timer-7" threadId="0000000000F43F00" bytes="53915376" />
</allocation-stats>
<gc-op id="2707" type="scavenge" timems="2.579" contextid="2704" timestamp="2024-07-17T18:53:06.621">
  <scavenger-info tenureage="3" tenuremask="ffe8" tiltratio="89" />
  <memory-copied type="nursery" objects="3091" bytes="149680" bytesdiscarded="98496" />
  <memory-copied type="tenure" objects="2729" bytes="95960" bytesdiscarded="8" />
  <finalization candidates="1" enqueued="1" />
  <ownableSynchronizers candidates="23917" cleared="23839" />
  <references type="soft" candidates="1" cleared="0" enqueued="0" dynamicThreshold="9" maxThreshold="32" />
  <references type="weak" candidates="196" cleared="7" enqueued="6" />
  <references type="phantom" candidates="8" cleared="1" enqueued="1" />
  <object-monitors candidates="251" cleared="12"  />
</gc-op>
<gc-end id="2708" type="scavenge" contextid="2704" durationms="4.059" usertimems="3.408" systemtimems="1.979" stalltimems="2.641" timestamp="2024-07-17T18:53:06.621" activeThreads="3">
  <mem-info id="2709" free="226023072" total="381878272" percent="59">
    <mem type="nursery" free="196031800" total="218103808" percent="89">
      <mem type="allocate" free="196031800" total="196280320" percent="99" />
      <mem type="survivor" free="0" total="21823488" percent="0" />
    </mem>
    <mem type="tenure" free="29991272" total="163774464" percent="18" macro-fragmented="27735676">
      <mem type="soa" free="28352872" total="162136064" percent="17" />
      <mem type="loa" free="1638400" total="1638400" percent="100" />
    </mem>
    <pending-finalizers system="1" default="0" reference="7" classloader="0" />
    <remembered-set count="674" />
  </mem-info>
</gc-end>
<cycle-end id="2710" type="scavenge" contextid="2704" timestamp="2024-07-17T18:53:06.622" />
<allocation-satisfied id="2711" threadId="0000000000F43F00" bytesRequested="4008" />
<af-end id="2712" timestamp="2024-07-17T18:53:06.623" threadId="0000000000F44938" success="true" from="nursery"/>
<exclusive-end id="2713" timestamp="2024-07-17T18:53:06.623" durationms="9.243" />

<exclusive-start id="2714" timestamp="2024-07-17T18:57:51.622" intervalms="285007.766">
  <response-info timems="0.057" idlems="0.057" threads="0" lastid="0000000000F43F00" lastname="Timer-7" />
</exclusive-start>
<af-start id="2715" threadId="0000000000F44938" totalBytesRequested="24" timestamp="2024-07-17T18:57:51.622" intervalms="285007.739" type="nursery" />
<cycle-start id="2716" type="scavenge" contextid="0" timestamp="2024-07-17T18:57:51.623" intervalms="285007.663" />
<gc-start id="2717" type="scavenge" contextid="2716" timestamp="2024-07-17T18:57:51.625">
  <mem-info id="2718" free="29991272" total="381878272" percent="7">
    <mem type="nursery" free="0" total="218103808" percent="0">
      <mem type="allocate" free="0" total="196280320" percent="0" />
      <mem type="survivor" free="0" total="21823488" percent="0" />
    </mem>
    <mem type="tenure" free="29991272" total="163774464" percent="18">
      <mem type="soa" free="28352872" total="162136064" percent="17" />
      <mem type="loa" free="1638400" total="1638400" percent="100" />
    </mem>
    <remembered-set count="1101" />
  </mem-info>
</gc-start>
<allocation-stats totalBytes="195892328" discardedBytes="139472" >
  <allocated-bytes non-tlh="94152" tlh="195798176" />
  <largest-consumer threadName="Timer-7" threadId="0000000000F43F00" bytes="53753552" />
</allocation-stats>
<gc-op id="2719" type="scavenge" timems="1.681" contextid="2716" timestamp="2024-07-17T18:57:51.627">
  <scavenger-info tenureage="5" tenuremask="ff20" tiltratio="89" />
  <memory-copied type="nursery" objects="2930" bytes="132624" bytesdiscarded="55288" />
  <memory-copied type="tenure" objects="5" bytes="2096" bytesdiscarded="0" />
  <ownableSynchronizers candidates="23926" cleared="23862" />
  <references type="soft" candidates="1" cleared="0" enqueued="0" dynamicThreshold="9" maxThreshold="32" />
  <references type="weak" candidates="207" cleared="17" enqueued="16" />
  <references type="phantom" candidates="10" cleared="3" enqueued="3" />
  <object-monitors candidates="251" cleared="11"  />
</gc-op>
<gc-end id="2720" type="scavenge" contextid="2716" durationms="4.235" usertimems="3.702" systemtimems="0.951" stalltimems="1.969" timestamp="2024-07-17T18:57:51.629" activeThreads="3">
  <mem-info id="2721" free="226083424" total="381878272" percent="59">
    <mem type="nursery" free="196092152" total="218103808" percent="89">
      <mem type="allocate" free="196092152" total="196280320" percent="99" />
      <mem type="survivor" free="0" total="21823488" percent="0" />
    </mem>
    <mem type="tenure" free="29991272" total="163774464" percent="18" macro-fragmented="27735676">
      <mem type="soa" free="28352872" total="162136064" percent="17" />
      <mem type="loa" free="1638400" total="1638400" percent="100" />
    </mem>
    <pending-finalizers system="0" default="0" reference="19" classloader="0" />
    <remembered-set count="672" />
  </mem-info>
</gc-end>
<cycle-end id="2722" type="scavenge" contextid="2716" timestamp="2024-07-17T18:57:51.630" />
<allocation-satisfied id="2723" threadId="0000000000F43F00" bytesRequested="24" />
<af-end id="2724" timestamp="2024-07-17T18:57:51.630" threadId="0000000000F44938" success="true" from="nursery"/>
<exclusive-end id="2725" timestamp="2024-07-17T18:57:51.631" durationms="8.755" />

<exclusive-start id="2726" timestamp="2024-07-17T19:02:33.625" intervalms="282003.258">
  <response-info timems="0.092" idlems="0.092" threads="0" lastid="0000000000885300" lastname="Default Executor-thread-56" />
</exclusive-start>
<af-start id="2727" threadId="0000000000885D38" totalBytesRequested="32776" timestamp="2024-07-17T19:02:33.626" intervalms="282003.185" type="nursery" />
<cycle-start id="2728" type="scavenge" contextid="0" timestamp="2024-07-17T19:02:33.627" intervalms="282003.437" />
<gc-start id="2729" type="scavenge" contextid="2728" timestamp="2024-07-17T19:02:33.628">
  <mem-info id="2730" free="29991272" total="381878272" percent="7">
    <mem type="nursery" free="0" total="218103808" percent="0">
      <mem type="allocate" free="0" total="196280320" percent="0" />
      <mem type="survivor" free="0" total="21823488" percent="0" />
    </mem>
    <mem type="tenure" free="29991272" total="163774464" percent="18">
      <mem type="soa" free="28352872" total="162136064" percent="17" />
      <mem type="loa" free="1638400" total="1638400" percent="100" />
    </mem>
    <remembered-set count="1086" />
  </mem-info>
</gc-start>
<allocation-stats totalBytes="195909728" discardedBytes="182424" >
  <allocated-bytes non-tlh="98352" tlh="195811376" />
  <largest-consumer threadName="Timer-7" threadId="0000000000F43F00" bytes="54587608" />
</allocation-stats>
<gc-op id="2731" type="scavenge" timems="2.836" contextid="2728" timestamp="2024-07-17T19:02:33.632">
  <scavenger-info tenureage="3" tenuremask="ffa8" tiltratio="89" />
  <memory-copied type="nursery" objects="3422" bytes="125920" bytesdiscarded="25120" />
  <memory-copied type="tenure" objects="26" bytes="25368" bytesdiscarded="0" />
  <ownableSynchronizers candidates="23658" cleared="23593" />
  <references type="soft" candidates="1" cleared="0" enqueued="0" dynamicThreshold="9" maxThreshold="32" />
  <references type="weak" candidates="271" cleared="7" enqueued="6" />
  <references type="phantom" candidates="9" cleared="1" enqueued="1" />
  <object-monitors candidates="252" cleared="11"  />
</gc-op>
<gc-end id="2732" type="scavenge" contextid="2728" durationms="5.455" usertimems="8.101" systemtimems="0.000" stalltimems="2.210" timestamp="2024-07-17T19:02:33.634" activeThreads="3">
  <mem-info id="2733" free="226081128" total="381878272" percent="59">
    <mem type="nursery" free="196129024" total="218103808" percent="89">
      <mem type="allocate" free="196129024" total="196280320" percent="99" />
      <mem type="survivor" free="0" total="21823488" percent="0" />
    </mem>
    <mem type="tenure" free="29952104" total="163774464" percent="18" macro-fragmented="0">
      <mem type="soa" free="28313704" total="162136064" percent="17" />
      <mem type="loa" free="1638400" total="1638400" percent="100" />
    </mem>
    <pending-finalizers system="0" default="0" reference="7" classloader="0" />
    <remembered-set count="691" />
  </mem-info>
</gc-end>
<cycle-end id="2734" type="scavenge" contextid="2728" timestamp="2024-07-17T19:02:33.634" />
<allocation-satisfied id="2735" threadId="0000000000885300" bytesRequested="32776" />
<af-end id="2736" timestamp="2024-07-17T19:02:33.635" threadId="0000000000885D38" success="true" from="nursery"/>
<exclusive-end id="2737" timestamp="2024-07-17T19:02:33.635" durationms="10.184" />

<exclusive-start id="2738" timestamp="2024-07-17T19:03:23.108" intervalms="49483.110">
  <response-info timems="0.053" idlems="0.053" threads="0" lastid="00000000001C9000" lastname="VM Runtime State Listener" />
</exclusive-start>
<sys-start reason="vm idle" id="2739" timestamp="2024-07-17T19:03:23.109" intervalms="3492778.802" />
<cycle-start id="2740" type="global" contextid="0" timestamp="2024-07-17T19:03:23.109" intervalms="3436934.380" />
<gc-start id="2741" type="global" contextid="2740" timestamp="2024-07-17T19:03:23.111">
  <mem-info id="2742" free="188074312" total="381878272" percent="49">
    <mem type="nursery" free="158122208" total="218103808" percent="72">
      <mem type="allocate" free="158122208" total="196280320" percent="80" />
      <mem type="survivor" free="0" total="21823488" percent="0" />
    </mem>
    <mem type="tenure" free="29952104" total="163774464" percent="18">
      <mem type="soa" free="28313704" total="162136064" percent="17" />
      <mem type="loa" free="1638400" total="1638400" percent="100" />
    </mem>
    <remembered-set count="1082" />
  </mem-info>
</gc-start>
<allocation-stats totalBytes="37975488" discardedBytes="31328" >
  <allocated-bytes non-tlh="131104" tlh="37844384" />
  <largest-consumer threadName="Timer-7" threadId="0000000000F43F00" bytes="11638320" />
</allocation-stats>
<gc-op id="2743" type="mark" timems="151.651" contextid="2740" timestamp="2024-07-17T19:03:23.263">
  <trace-info objectcount="2425612" scancount="2094934" scanbytes="85342756" />
  <finalization candidates="892" enqueued="0" />
  <ownableSynchronizers candidates="13097" cleared="4191" />
  <references type="soft" candidates="18978" cleared="840" enqueued="839" dynamicThreshold="9" maxThreshold="32" />
  <references type="weak" candidates="18471" cleared="234" enqueued="226" />
  <references type="phantom" candidates="1316" cleared="25" enqueued="25" />
  <stringconstants candidates="58374" cleared="782"  />
  <object-monitors candidates="253" cleared="39"  />
</gc-op>
<gc-op id="2744" type="classunload" timems="6.943" contextid="2740" timestamp="2024-07-17T19:03:23.270">
  <classunload-info classloadercandidates="576" classloadersunloaded="6" classesunloaded="30" anonymousclassesunloaded="27" quiescems="0.000" setupms="6.400" scanms="0.225" postms="0.316" />
</gc-op>
<gc-op id="2745" type="sweep" timems="3.743" contextid="2740" timestamp="2024-07-17T19:03:23.274" />
<mem-info id="2746" free="228138944" total="381878272" percent="59">
  <mem type="nursery" free="195962736" total="218103808" percent="89">
    <mem type="allocate" free="195962736" total="196280320" percent="99" />
    <mem type="survivor" free="0" total="21823488" percent="0" />
  </mem>
  <mem type="tenure" free="32176208" total="163774464" percent="19" micro-fragmented="3619574" macro-fragmented="27735676">
    <mem type="soa" free="30537808" total="162136064" percent="18" />
    <mem type="loa" free="1638400" total="1638400" percent="100" />
  </mem>
  <pending-finalizers system="0" default="0" reference="1090" classloader="0" />
  <remembered-set count="1030" />
</mem-info>
<gc-op id="2747" type="compact" timems="300.399" contextid="2740" timestamp="2024-07-17T19:03:23.575">
  <compact-info movecount="2421401" movebytes="127296368" reason="compact on aggressive collection" />
</gc-op>
<heap-resize id="2748" type="expand" space="tenure" amount="18808832" count="1" timems="0.130" reason="insufficient free space following gc" timestamp="2024-07-17T19:03:23.576" />
<gc-end id="2749" type="global" contextid="2740" durationms="466.410" usertimems="3502.519" systemtimems="0.000" stalltimems="259.082" timestamp="2024-07-17T19:03:23.577" activeThreads="12">
  <mem-info id="2750" free="250952120" total="400687104" percent="62">
    <mem type="nursery" free="196158472" total="218103808" percent="89">
      <mem type="allocate" free="196158472" total="196280320" percent="99" />
      <mem type="survivor" free="0" total="21823488" percent="0" />
    </mem>
    <mem type="tenure" free="54793648" total="182583296" percent="30">
      <mem type="soa" free="52966832" total="180756480" percent="29" />
      <mem type="loa" free="1826816" total="1826816" percent="100" />
    </mem>
    <pending-finalizers system="0" default="0" reference="1090" classloader="0" />
    <remembered-set count="1030" />
  </mem-info>
</gc-end>
<cycle-end id="2751" type="global" contextid="2740" timestamp="2024-07-17T19:03:23.577" />
<sys-end id="2752" timestamp="2024-07-17T19:03:23.578" />
<exclusive-end id="2753" timestamp="2024-07-17T19:03:23.578" durationms="469.526" />

<heap-resize id="2754" type="release free pages" space="tenure" amount="54759424" count="1" timems="2.099" reason="idle" timestamp="2024-07-17T19:03:23.580" />
<exclusive-start id="2755" timestamp="2024-07-17T19:08:06.782" intervalms="283673.544">
  <response-info timems="0.113" idlems="0.113" threads="0" lastid="0000000001898700" lastname="Default Executor-thread-30" />
</exclusive-start>
<af-start id="2756" threadId="0000000001899138" totalBytesRequested="48" timestamp="2024-07-17T19:08:06.782" intervalms="333156.678" type="nursery" />
<cycle-start id="2757" type="scavenge" contextid="0" timestamp="2024-07-17T19:08:06.783" intervalms="333156.343" />
<gc-start id="2758" type="scavenge" contextid="2757" timestamp="2024-07-17T19:08:06.786">
  <mem-info id="2759" free="54793648" total="400687104" percent="13">
    <mem type="nursery" free="0" total="218103808" percent="0">
      <mem type="allocate" free="0" total="196280320" percent="0" />
      <mem type="survivor" free="0" total="21823488" percent="0" />
    </mem>
    <mem type="tenure" free="54793648" total="182583296" percent="30">
      <mem type="soa" free="52966832" total="180756480" percent="29" />
      <mem type="loa" free="1826816" total="1826816" percent="100" />
    </mem>
    <remembered-set count="2581" />
  </mem-info>
</gc-start>
<allocation-stats totalBytes="196003936" discardedBytes="154536" >
  <allocated-bytes non-tlh="155696" tlh="195848240" />
  <largest-consumer threadName="Timer-7" threadId="0000000000F43F00" bytes="54026344" />
</allocation-stats>
<gc-op id="2760" type="scavenge" timems="1.472" contextid="2757" timestamp="2024-07-17T19:08:06.789">
  <scavenger-info tenureage="5" tenuremask="ffe0" tiltratio="89" />
  <memory-copied type="nursery" objects="3366" bytes="151776" bytesdiscarded="50472" />
  <memory-copied type="tenure" objects="102" bytes="4408" bytesdiscarded="0" />
  <ownableSynchronizers candidates="41531" cleared="41464" />
  <references type="soft" candidates="1" cleared="0" enqueued="0" dynamicThreshold="9" maxThreshold="32" />
  <references type="weak" candidates="296" cleared="7" enqueued="6" />
  <references type="phantom" candidates="10" cleared="1" enqueued="1" />
  <object-monitors candidates="226" cleared="11"  />
</gc-op>
<gc-end id="2761" type="scavenge" contextid="2757" durationms="2.956" usertimems="3.545" systemtimems="0.000" stalltimems="1.230" timestamp="2024-07-17T19:08:06.789" activeThreads="3">
  <mem-info id="2762" free="250823856" total="400687104" percent="62">
    <mem type="nursery" free="196077824" total="218103808" percent="89">
      <mem type="allocate" free="196077824" total="196280320" percent="99" />
      <mem type="survivor" free="0" total="21823488" percent="0" />
    </mem>
    <mem type="tenure" free="54746032" total="182583296" percent="29" macro-fragmented="33282812">
      <mem type="soa" free="52919216" total="180756480" percent="29" />
      <mem type="loa" free="1826816" total="1826816" percent="100" />
    </mem>
    <pending-finalizers system="0" default="0" reference="7" classloader="0" />
    <remembered-set count="1801" />
  </mem-info>
</gc-end>
<cycle-end id="2763" type="scavenge" contextid="2757" timestamp="2024-07-17T19:08:06.790" />
<allocation-satisfied id="2764" threadId="0000000001898700" bytesRequested="48" />
<af-end id="2765" timestamp="2024-07-17T19:08:06.791" threadId="0000000001899138" success="true" from="nursery"/>
<exclusive-end id="2766" timestamp="2024-07-17T19:08:06.791" durationms="9.167" />

<exclusive-start id="2767" timestamp="2024-07-17T19:12:51.631" intervalms="284849.665">
  <response-info timems="0.060" idlems="0.060" threads="0" lastid="0000000000F43F00" lastname="Timer-7" />
</exclusive-start>
<af-start id="2768" threadId="0000000000F44938" totalBytesRequested="32" timestamp="2024-07-17T19:12:51.632" intervalms="284849.721" type="nursery" />
<cycle-start id="2769" type="scavenge" contextid="0" timestamp="2024-07-17T19:12:51.633" intervalms="284849.756" />
<gc-start id="2770" type="scavenge" contextid="2769" timestamp="2024-07-17T19:12:51.634">
  <mem-info id="2771" free="54746032" total="400687104" percent="13">
    <mem type="nursery" free="0" total="218103808" percent="0">
      <mem type="allocate" free="0" total="196280320" percent="0" />
      <mem type="survivor" free="0" total="21823488" percent="0" />
    </mem>
    <mem type="tenure" free="54746032" total="182583296" percent="29">
      <mem type="soa" free="52919216" total="180756480" percent="29" />
      <mem type="loa" free="1826816" total="1826816" percent="100" />
    </mem>
    <remembered-set count="2165" />
  </mem-info>
</gc-start>
<allocation-stats totalBytes="195951056" discardedBytes="126768" >
  <allocated-bytes non-tlh="32824" tlh="195918232" />
  <largest-consumer threadName="Timer-7" threadId="0000000000F43F00" bytes="53092032" />
</allocation-stats>
<gc-op id="2772" type="scavenge" timems="1.637" contextid="2769" timestamp="2024-07-17T19:12:51.636">
  <scavenger-info tenureage="5" tenuremask="ffa0" tiltratio="89" />
  <memory-copied type="nursery" objects="3431" bytes="162224" bytesdiscarded="17712" />
  <ownableSynchronizers candidates="23937" cleared="23870" />
  <references type="soft" candidates="2" cleared="0" enqueued="0" dynamicThreshold="9" maxThreshold="32" />
  <references type="weak" candidates="324" cleared="13" enqueued="12" />
  <references type="phantom" candidates="11" cleared="2" enqueued="2" />
  <object-monitors candidates="227" cleared="12"  />
</gc-op>
<gc-end id="2773" type="scavenge" contextid="2769" durationms="2.948" usertimems="1.679" systemtimems="1.117" stalltimems="0.712" timestamp="2024-07-17T19:12:51.637" activeThreads="2">
  <mem-info id="2774" free="250846128" total="400687104" percent="62">
    <mem type="nursery" free="196100096" total="218103808" percent="89">
      <mem type="allocate" free="196100096" total="196280320" percent="99" />
      <mem type="survivor" free="0" total="21823488" percent="0" />
    </mem>
    <mem type="tenure" free="54746032" total="182583296" percent="29" macro-fragmented="39939376">
      <mem type="soa" free="52919216" total="180756480" percent="29" />
      <mem type="loa" free="1826816" total="1826816" percent="100" />
    </mem>
    <pending-finalizers system="0" default="0" reference="14" classloader="0" />
    <remembered-set count="1786" />
  </mem-info>
</gc-end>
<cycle-end id="2775" type="scavenge" contextid="2769" timestamp="2024-07-17T19:12:51.638" />
<allocation-satisfied id="2776" threadId="0000000000F43F00" bytesRequested="32" />
<af-end id="2777" timestamp="2024-07-17T19:12:51.638" threadId="0000000000F44938" success="true" from="nursery"/>
<exclusive-end id="2778" timestamp="2024-07-17T19:12:51.639" durationms="7.355" />

<exclusive-start id="2779" timestamp="2024-07-17T19:16:11.316" intervalms="199684.886">
  <response-info timems="0.068" idlems="0.068" threads="0" lastid="00000000001C9000" lastname="VM Runtime State Listener" />
</exclusive-start>
<sys-start reason="vm idle" id="2780" timestamp="2024-07-17T19:16:11.317" intervalms="768207.831" />
<cycle-start id="2781" type="global" contextid="0" timestamp="2024-07-17T19:16:11.317" intervalms="768207.591" />
<gc-start id="2782" type="global" contextid="2781" timestamp="2024-07-17T19:16:11.317">
  <mem-info id="2783" free="112593792" total="400687104" percent="28">
    <mem type="nursery" free="57847760" total="218103808" percent="26">
      <mem type="allocate" free="57847760" total="196280320" percent="29" />
      <mem type="survivor" free="0" total="21823488" percent="0" />
    </mem>
    <mem type="tenure" free="54746032" total="182583296" percent="29">
      <mem type="soa" free="52919216" total="180756480" percent="29" />
      <mem type="loa" free="1826816" total="1826816" percent="100" />
    </mem>
    <remembered-set count="2150" />
  </mem-info>
</gc-start>
<allocation-stats totalBytes="138115872" discardedBytes="136464" >
  <allocated-bytes non-tlh="24624" tlh="138091248" />
  <largest-consumer threadName="Timer-7" threadId="0000000000F43F00" bytes="37907264" />
</allocation-stats>
<gc-op id="2784" type="mark" timems="51.568" contextid="2781" timestamp="2024-07-17T19:16:11.370">
  <trace-info objectcount="2419125" scancount="2088823" scanbytes="85159688" />
  <finalization candidates="892" enqueued="0" />
  <ownableSynchronizers candidates="25606" cleared="16700" />
  <references type="soft" candidates="18137" cleared="992" enqueued="980" dynamicThreshold="9" maxThreshold="32" />
  <references type="weak" candidates="18258" cleared="10" enqueued="6" />
  <references type="phantom" candidates="1292" cleared="1" enqueued="1" />
  <stringconstants candidates="57592" cleared="324"  />
  <object-monitors candidates="215" cleared="1"  />
</gc-op>
<gc-op id="2785" type="classunload" timems="0.063" contextid="2781" timestamp="2024-07-17T19:16:11.370">
  <classunload-info classloadercandidates="570" classloadersunloaded="0" classesunloaded="0" anonymousclassesunloaded="0" quiescems="0.000" setupms="0.056" scanms="0.007" postms="0.000" />
</gc-op>
<gc-op id="2786" type="sweep" timems="1.789" contextid="2781" timestamp="2024-07-17T19:16:11.372" />
<gc-end id="2787" type="global" contextid="2781" durationms="55.793" usertimems="491.472" systemtimems="0.000" stalltimems="150.541" timestamp="2024-07-17T19:16:11.373" activeThreads="12">
  <mem-info id="2788" free="250768368" total="400687104" percent="62">
    <mem type="nursery" free="195938888" total="218103808" percent="89">
      <mem type="allocate" free="195938888" total="196280320" percent="99" />
      <mem type="survivor" free="0" total="21823488" percent="0" />
    </mem>
    <mem type="tenure" free="54829480" total="182583296" percent="30" micro-fragmented="189488" macro-fragmented="33282812">
      <mem type="soa" free="53002664" total="180756480" percent="29" />
      <mem type="loa" free="1826816" total="1826816" percent="100" />
    </mem>
    <pending-finalizers system="0" default="0" reference="987" classloader="0" />
    <remembered-set count="1083" />
  </mem-info>
</gc-end>
<cycle-end id="2789" type="global" contextid="2781" timestamp="2024-07-17T19:16:11.374" />
<sys-end id="2790" timestamp="2024-07-17T19:16:11.374" />
<exclusive-end id="2791" timestamp="2024-07-17T19:16:11.374" durationms="57.538" />

<heap-resize id="2792" type="release free pages" space="tenure" amount="54755328" count="1" timems="0.234" reason="idle" timestamp="2024-07-17T19:16:11.374" />
<exclusive-start id="2793" timestamp="2024-07-17T19:20:55.163" intervalms="283846.550">
  <response-info timems="0.111" idlems="0.111" threads="0" lastid="00000000018C0300" lastname="Default Executor-thread-36" />
</exclusive-start>
<af-start id="2794" threadId="00000000018C0D38" totalBytesRequested="160" timestamp="2024-07-17T19:20:55.163" intervalms="483531.542" type="nursery" />
<cycle-start id="2795" type="scavenge" contextid="0" timestamp="2024-07-17T19:20:55.164" intervalms="483531.542" />
<gc-start id="2796" type="scavenge" contextid="2795" timestamp="2024-07-17T19:20:55.165">
  <mem-info id="2797" free="54829480" total="400687104" percent="13">
    <mem type="nursery" free="0" total="218103808" percent="0">
      <mem type="allocate" free="0" total="196280320" percent="0" />
      <mem type="survivor" free="0" total="21823488" percent="0" />
    </mem>
    <mem type="tenure" free="54829480" total="182583296" percent="30">
      <mem type="soa" free="53002664" total="180756480" percent="29" />
      <mem type="loa" free="1826816" total="1826816" percent="100" />
    </mem>
    <remembered-set count="2438" />
  </mem-info>
</gc-start>
<allocation-stats totalBytes="195794784" discardedBytes="143384" >
  <allocated-bytes non-tlh="260632" tlh="195534152" />
  <largest-consumer threadName="Timer-7" threadId="0000000000F43F00" bytes="54053360" />
</allocation-stats>
<gc-op id="2798" type="scavenge" timems="1.951" contextid="2795" timestamp="2024-07-17T19:20:55.168">
  <scavenger-info tenureage="6" tenuremask="ffc0" tiltratio="89" />
  <memory-copied type="nursery" objects="3341" bytes="153680" bytesdiscarded="69152" />
  <ownableSynchronizers candidates="41551" cleared="41484" />
  <references type="soft" candidates="1" cleared="0" enqueued="0" dynamicThreshold="9" maxThreshold="32" />
  <references type="weak" candidates="313" cleared="2" enqueued="1" />
  <references type="phantom" candidates="9" cleared="0" enqueued="0" />
  <object-monitors candidates="214" cleared="0"  />
</gc-op>
<heap-resize id="2799" type="contract" space="nursery" amount="2228224" count="1" timems="0.815" reason="insufficient time being spent scavenging" timestamp="2024-07-17T19:20:55.170" />
<gc-end id="2800" type="scavenge" contextid="2795" durationms="6.217" usertimems="3.095" systemtimems="2.206" stalltimems="0.762" timestamp="2024-07-17T19:20:55.172" activeThreads="2">
  <mem-info id="2801" free="248855208" total="398458880" percent="62">
    <mem type="nursery" free="194025728" total="215875584" percent="89">
      <mem type="allocate" free="194025728" total="194248704" percent="99" />
      <mem type="survivor" free="0" total="21626880" percent="0" />
    </mem>
    <mem type="tenure" free="54829480" total="182583296" percent="30" macro-fragmented="23113062">
      <mem type="soa" free="53002664" total="180756480" percent="29" />
      <mem type="loa" free="1826816" total="1826816" percent="100" />
    </mem>
    <pending-finalizers system="0" default="0" reference="1" classloader="0" />
    <remembered-set count="1675" />
  </mem-info>
</gc-end>
<cycle-end id="2802" type="scavenge" contextid="2795" timestamp="2024-07-17T19:20:55.172" />
<allocation-satisfied id="2803" threadId="00000000018C0300" bytesRequested="160" />
<af-end id="2804" timestamp="2024-07-17T19:20:55.174" threadId="00000000018C0D38" success="true" from="nursery"/>
<exclusive-end id="2805" timestamp="2024-07-17T19:20:55.174" durationms="11.218" />

<exclusive-start id="2806" timestamp="2024-07-17T19:25:36.644" intervalms="281481.072">
  <response-info timems="0.086" idlems="0.086" threads="0" lastid="0000000000F43F00" lastname="Timer-7" />
</exclusive-start>
<af-start id="2807" threadId="0000000000F44938" totalBytesRequested="4152" timestamp="2024-07-17T19:25:36.644" intervalms="281481.028" type="nursery" />
<cycle-start id="2808" type="scavenge" contextid="0" timestamp="2024-07-17T19:25:36.645" intervalms="281481.123" />
<gc-start id="2809" type="scavenge" contextid="2808" timestamp="2024-07-17T19:25:36.647">
  <mem-info id="2810" free="54829480" total="398458880" percent="13">
    <mem type="nursery" free="0" total="215875584" percent="0">
      <mem type="allocate" free="0" total="194248704" percent="0" />
      <mem type="survivor" free="0" total="21626880" percent="0" />
    </mem>
    <mem type="tenure" free="54829480" total="182583296" percent="30">
      <mem type="soa" free="53002664" total="180756480" percent="29" />
      <mem type="loa" free="1826816" total="1826816" percent="100" />
    </mem>
    <remembered-set count="2039" />
  </mem-info>
</gc-start>
<allocation-stats totalBytes="193917240" discardedBytes="108488" >
  <allocated-bytes non-tlh="24752" tlh="193892488" />
  <largest-consumer threadName="Timer-7" threadId="0000000000F43F00" bytes="53129712" />
</allocation-stats>
<gc-op id="2811" type="scavenge" timems="2.403" contextid="2808" timestamp="2024-07-17T19:25:36.650">
  <scavenger-info tenureage="4" tenuremask="fff0" tiltratio="89" />
  <memory-copied type="nursery" objects="3012" bytes="172720" bytesdiscarded="37640" />
  <memory-copied type="tenure" objects="517" bytes="21720" bytesdiscarded="200" />
  <ownableSynchronizers candidates="23615" cleared="23548" />
  <references type="soft" candidates="1" cleared="0" enqueued="0" dynamicThreshold="9" maxThreshold="32" />
  <references type="weak" candidates="160" cleared="4" enqueued="3" />
  <references type="phantom" candidates="5" cleared="0" enqueued="0" />
  <object-monitors candidates="214" cleared="0"  />
</gc-op>
<gc-end id="2812" type="scavenge" contextid="2808" durationms="4.020" usertimems="2.794" systemtimems="2.074" stalltimems="0.529" timestamp="2024-07-17T19:25:36.651" activeThreads="2">
  <mem-info id="2813" free="248779584" total="398458880" percent="62">
    <mem type="nursery" free="194038264" total="215875584" percent="89">
      <mem type="allocate" free="194038264" total="194248704" percent="99" />
      <mem type="survivor" free="0" total="21626880" percent="0" />
    </mem>
    <mem type="tenure" free="54741320" total="182583296" percent="29" macro-fragmented="19260884">
      <mem type="soa" free="52914504" total="180756480" percent="29" />
      <mem type="loa" free="1826816" total="1826816" percent="100" />
    </mem>
    <pending-finalizers system="0" default="0" reference="3" classloader="0" />
    <remembered-set count="1725" />
  </mem-info>
</gc-end>
<cycle-end id="2814" type="scavenge" contextid="2808" timestamp="2024-07-17T19:25:36.652" />
<allocation-satisfied id="2815" threadId="0000000000F43F00" bytesRequested="4152" />
<af-end id="2816" timestamp="2024-07-17T19:25:36.652" threadId="0000000000F44938" success="true" from="nursery"/>
<exclusive-end id="2817" timestamp="2024-07-17T19:25:36.653" durationms="8.711" />

<exclusive-start id="2818" timestamp="2024-07-17T19:30:20.396" intervalms="283751.565">
  <response-info timems="0.069" idlems="0.069" threads="0" lastid="0000000000866F00" lastname="Default Executor-thread-84" />
</exclusive-start>
<af-start id="2819" threadId="0000000000867938" totalBytesRequested="32776" timestamp="2024-07-17T19:30:20.396" intervalms="283751.448" type="nursery" />
<cycle-start id="2820" type="scavenge" contextid="0" timestamp="2024-07-17T19:30:20.397" intervalms="283751.336" />
<gc-start id="2821" type="scavenge" contextid="2820" timestamp="2024-07-17T19:30:20.398">
  <mem-info id="2822" free="54741320" total="398458880" percent="13">
    <mem type="nursery" free="0" total="215875584" percent="0">
      <mem type="allocate" free="0" total="194248704" percent="0" />
      <mem type="survivor" free="0" total="21626880" percent="0" />
    </mem>
    <mem type="tenure" free="54741320" total="182583296" percent="29">
      <mem type="soa" free="52914504" total="180756480" percent="29" />
      <mem type="loa" free="1826816" total="1826816" percent="100" />
    </mem>
    <remembered-set count="2172" />
  </mem-info>
</gc-start>
<allocation-stats totalBytes="193908080" discardedBytes="130184" >
  <allocated-bytes non-tlh="4152" tlh="193903928" />
  <largest-consumer threadName="Timer-7" threadId="0000000000F43F00" bytes="52073552" />
</allocation-stats>
<gc-op id="2823" type="scavenge" timems="2.026" contextid="2820" timestamp="2024-07-17T19:30:20.401">
  <scavenger-info tenureage="14" tenuremask="4000" tiltratio="89" />
  <memory-copied type="nursery" objects="3115" bytes="165424" bytesdiscarded="32896" />
  <ownableSynchronizers candidates="23798" cleared="23736" />
  <references type="soft" candidates="1" cleared="0" enqueued="0" dynamicThreshold="9" maxThreshold="32" />
  <references type="weak" candidates="171" cleared="2" enqueued="1" />
  <references type="phantom" candidates="5" cleared="0" enqueued="0" />
  <object-monitors candidates="214" cleared="0"  />
</gc-op>
<gc-end id="2824" type="scavenge" contextid="2820" durationms="3.271" usertimems="2.432" systemtimems="1.880" stalltimems="0.364" timestamp="2024-07-17T19:30:20.402" activeThreads="2">
  <mem-info id="2825" free="248791616" total="398458880" percent="62">
    <mem type="nursery" free="194050296" total="215875584" percent="89">
      <mem type="allocate" free="194050296" total="194248704" percent="99" />
      <mem type="survivor" free="0" total="21626880" percent="0" />
    </mem>
    <mem type="tenure" free="54741320" total="182583296" percent="29" macro-fragmented="0">
      <mem type="soa" free="52914504" total="180756480" percent="29" />
      <mem type="loa" free="1826816" total="1826816" percent="100" />
    </mem>
    <pending-finalizers system="0" default="0" reference="1" classloader="0" />
    <remembered-set count="762" />
  </mem-info>
</gc-end>
<cycle-end id="2826" type="scavenge" contextid="2820" timestamp="2024-07-17T19:30:20.402" />
<allocation-satisfied id="2827" threadId="0000000000866F00" bytesRequested="32776" />
<af-end id="2828" timestamp="2024-07-17T19:30:20.402" threadId="0000000000867938" success="true" from="nursery"/>
<exclusive-end id="2829" timestamp="2024-07-17T19:30:20.403" durationms="7.105" />

</verbosegc>

