<?xml version="1.0" ?>

<verbosegc xmlns="http://www.ibm.com/j9/verbosegc" version="254af5a04_CMPRSS">

<initialized id="1" timestamp="2024-07-17T20:36:03.639">
  <attribute name="gcPolicy" value="-Xgcpolicy:gencon" />
  <attribute name="maxHeapSize" value="0x20000000" />
  <attribute name="initialHeapSize" value="0x10000000" />
  <attribute name="compressedRefs" value="true" />
  <attribute name="compressedRefsDisplacement" value="0x0" />
  <attribute name="compressedRefsShift" value="0x3" />
  <attribute name="pageSize" value="0x1000" />
  <attribute name="pageType" value="not used" />
  <attribute name="requestedPageSize" value="0x1000" />
  <attribute name="requestedPageType" value="not used" />
  <attribute name="gcthreads" value="12" />
  <attribute name="gcthreads Concurrent Mark" value="1" />
  <attribute name="packetListSplit" value="2" />
  <attribute name="cacheListSplit" value="2" />
  <attribute name="splitFreeListSplitAmount" value="2" />
  <attribute name="numaNodes" value="0" />
  <system>
    <attribute name="physicalMemory" value="16621170688" />
    <attribute name="addressablePhysicalMemory" value="16621170688" />
    <attribute name="container memory limit set" value="false" />
    <attribute name="numCPUs" value="12" />
    <attribute name="numCPUs active" value="12" />
    <attribute name="architecture" value="amd64" />
    <attribute name="os" value="Linux" />
    <attribute name="osVersion" value="5.15.153.1-microsoft-standard-WSL2" />
  </system>
  <vmargs>
    <vmarg name="-Xoptionsfile=/opt/java/openjdk/lib/options.default" />
    <vmarg name="-Xlockword:mode=default,noLockword=java/lang/String,noLockword=java/util/MapEntry,noLockword=java/util/HashMap$Entry,noLockword..." />
    <vmarg name="-XX:+EnsureHashed:java/lang/Class,java/lang/Thread" />
    <vmarg name="-Xjcl:jclse29" />
    <vmarg name="-Dcom.ibm.oti.vm.bootstrap.library.path=/opt/java/openjdk/lib/default:/opt/java/openjdk/lib" />
    <vmarg name="-Dsun.boot.library.path=/opt/java/openjdk/lib/default:/opt/java/openjdk/lib" />
    <vmarg name="-Djava.library.path=/opt/java/openjdk/lib/default:/opt/java/openjdk/lib:/usr/lib64:/usr/lib" />
    <vmarg name="-Djava.home=/opt/java/openjdk" />
    <vmarg name="-Duser.dir=/gradle/daemon/8.8" />
    <vmarg name="-XX:+IgnoreUnrecognizedVMOptions" />
    <vmarg name="-XX:+PortableSharedCache" />
    <vmarg name="-XX:+IdleTuningGcOnIdle" />
    <vmarg name="-Xshareclasses:name=openj9_system_scc,cacheDir=/opt/java/.scc,readonly,nonFatal" />
    <vmarg name="-Xverbosegclog:/logs/verbosegc.%seq.log,10,1024" />
    <vmarg name="-XX:+IgnoreUnrecognizedVMOptions" />
    <vmarg name="-XX:+IdleTuningGcOnIdle" />
    <vmarg name="-Xshareclasses:name=openj9_system_scc,cacheDir=/opt/java/.scc,readonly,nonFatal" />
    <vmarg name="-Dosgi.checkConfiguration=false" />
    <vmarg name="-XX:+IgnoreUnrecognizedVMOptions" />
    <vmarg name="-XX:+IdleTuningGcOnIdle" />
    <vmarg name="-Xshareclasses:name=openj9_system_scc,cacheDir=/opt/java/.scc,readonly,nonFatal" />
    <vmarg name="-Dosgi.checkConfiguration=false" />
    <vmarg name="--add-opens=java.base/java.util=ALL-UNNAMED" />
    <vmarg name="--add-opens=java.base/java.lang=ALL-UNNAMED" />
    <vmarg name="--add-opens=java.base/java.lang.invoke=ALL-UNNAMED" />
    <vmarg name="--add-opens=java.prefs/java.util.prefs=ALL-UNNAMED" />
    <vmarg name="--add-opens=java.base/java.nio.charset=ALL-UNNAMED" />
    <vmarg name="--add-opens=java.base/java.net=ALL-UNNAMED" />
    <vmarg name="--add-opens=java.base/java.util.concurrent.atomic=ALL-UNNAMED" />
    <vmarg name="-XX:MaxMetaspaceSize=384m" />
    <vmarg name="-XX:+HeapDumpOnOutOfMemoryError" />
    <vmarg name="-Xms256m" />
    <vmarg name="-Xmx512m" />
    <vmarg name="-Dfile.encoding=UTF-8" />
    <vmarg name="-Duser.country=US" />
    <vmarg name="-Duser.language=en" />
    <vmarg name="-Duser.variant" />
    <vmarg name="-Djava.class.path=/opt/gradle/lib/gradle-launcher-8.8.jar" />
    <vmarg name="-javaagent:/opt/gradle/lib/agents/gradle-instrumentation-agent-8.8.jar" />
    <vmarg name="-Dsun.java.command=org.gradle.launcher.daemon.bootstrap.GradleDaemon 8.8" />
    <vmarg name="-Dsun.java.launcher=SUN_STANDARD" />
  </vmargs>
</initialized>

<exclusive-start id="2" timestamp="2024-07-17T20:36:04.092" intervalms="453.073">
  <response-info timems="0.029" idlems="0.029" threads="0" lastid="000000000001E500" lastname="main" />
</exclusive-start>
<af-start id="3" threadId="000000000001EF38" totalBytesRequested="56" timestamp="2024-07-17T20:36:04.093" intervalms="453.540" type="nursery" />
<cycle-start id="4" type="scavenge" contextid="0" timestamp="2024-07-17T20:36:04.093" intervalms="453.958" />
<gc-start id="5" type="scavenge" contextid="4" timestamp="2024-07-17T20:36:04.093">
  <mem-info id="6" free="200844176" total="268435456" percent="74">
    <mem type="nursery" free="0" total="67108864" percent="0">
      <mem type="allocate" free="0" total="33554432" percent="0" />
      <mem type="survivor" free="0" total="33554432" percent="0" />
    </mem>
    <mem type="tenure" free="200844176" total="201326592" percent="99">
      <mem type="soa" free="190777232" total="191259648" percent="99" />
      <mem type="loa" free="10066944" total="10066944" percent="100" />
    </mem>
    <remembered-set count="6305" />
  </mem-info>
</gc-start>
<allocation-stats totalBytes="34017016" discardedBytes="19832" >
  <allocated-bytes non-tlh="6963920" tlh="27053096" />
  <largest-consumer threadName="main" threadId="000000000001E500" bytes="33894144" />
</allocation-stats>
<gc-op id="7" type="scavenge" timems="7.233" contextid="4" timestamp="2024-07-17T20:36:04.101">
  <scavenger-info tenureage="1" tenuremask="fffe" tiltratio="50" />
  <memory-copied type="nursery" objects="41380" bytes="9563640" bytesdiscarded="319312" />
  <finalization candidates="672" enqueued="425" />
  <ownableSynchronizers candidates="7" cleared="0" />
  <references type="soft" candidates="367" cleared="0" enqueued="0" dynamicThreshold="32" maxThreshold="32" />
  <references type="weak" candidates="2540" cleared="2236" enqueued="2234" />
  <references type="phantom" candidates="540" cleared="66" enqueued="66" />
  <object-monitors candidates="1" cleared="0"  />
</gc-op>
<gc-end id="8" type="scavenge" contextid="4" durationms="8.446" usertimems="26.595" systemtimems="4.490" stalltimems="31.569" timestamp="2024-07-17T20:36:04.102" activeThreads="12">
  <mem-info id="9" free="224511592" total="268435456" percent="83">
    <mem type="nursery" free="23667416" total="67108864" percent="35">
      <mem type="allocate" free="23667416" total="33554432" percent="70" />
      <mem type="survivor" free="0" total="33554432" percent="0" />
    </mem>
    <mem type="tenure" free="200844176" total="201326592" percent="99">
      <mem type="soa" free="190777232" total="191259648" percent="99" />
      <mem type="loa" free="10066944" total="10066944" percent="100" />
    </mem>
    <pending-finalizers system="425" default="0" reference="2300" classloader="0" />
    <remembered-set count="6305" />
  </mem-info>
</gc-end>
<cycle-end id="10" type="scavenge" contextid="4" timestamp="2024-07-17T20:36:04.102" />
<allocation-satisfied id="11" threadId="000000000001E500" bytesRequested="56" />
<af-end id="12" timestamp="2024-07-17T20:36:04.103" threadId="000000000001EF38" success="true" from="nursery"/>
<exclusive-end id="13" timestamp="2024-07-17T20:36:04.103" durationms="10.823" />

<exclusive-start id="14" timestamp="2024-07-17T20:36:04.223" intervalms="131.108">
  <response-info timems="0.041" idlems="0.041" threads="0" lastid="000000000001E500" lastname="main" />
</exclusive-start>
<af-start id="15" threadId="000000000001EF38" totalBytesRequested="8200" timestamp="2024-07-17T20:36:04.224" intervalms="131.162" type="nursery" />
<cycle-start id="16" type="scavenge" contextid="0" timestamp="2024-07-17T20:36:04.224" intervalms="131.125" />
<gc-start id="17" type="scavenge" contextid="16" timestamp="2024-07-17T20:36:04.225">
  <mem-info id="18" free="200827224" total="268435456" percent="74">
    <mem type="nursery" free="0" total="67108864" percent="0">
      <mem type="allocate" free="0" total="33554432" percent="0" />
      <mem type="survivor" free="0" total="33554432" percent="0" />
    </mem>
    <mem type="tenure" free="200827224" total="201326592" percent="99">
      <mem type="soa" free="190760280" total="191259648" percent="99" />
      <mem type="loa" free="10066944" total="10066944" percent="100" />
    </mem>
    <remembered-set count="6485" />
  </mem-info>
</gc-start>
<allocation-stats totalBytes="23562960" discardedBytes="121408" >
  <allocated-bytes non-tlh="3111688" tlh="20451272" />
  <largest-consumer threadName="main" threadId="000000000001E500" bytes="23539064" />
</allocation-stats>
<gc-op id="19" type="scavenge" timems="11.596" contextid="16" timestamp="2024-07-17T20:36:04.237">
  <scavenger-info tenureage="1" tenuremask="7ffe" tiltratio="50" />
  <memory-copied type="nursery" objects="24286" bytes="4290240" bytesdiscarded="479784" />
  <memory-copied type="tenure" objects="34704" bytes="9331568" bytesdiscarded="4376" />
  <finalization candidates="268" enqueued="12" />
  <ownableSynchronizers candidates="8" cleared="0" />
  <references type="soft" candidates="30" cleared="0" enqueued="0" dynamicThreshold="32" maxThreshold="32" />
  <references type="weak" candidates="233" cleared="225" enqueued="223" />
  <references type="phantom" candidates="521" cleared="10" enqueued="10" />
  <object-monitors candidates="1" cleared="0"  />
</gc-op>
<gc-end id="20" type="scavenge" contextid="16" durationms="13.090" usertimems="37.581" systemtimems="4.637" stalltimems="74.565" timestamp="2024-07-17T20:36:04.238" activeThreads="12">
  <mem-info id="21" free="220073352" total="268435456" percent="81">
    <mem type="nursery" free="28783160" total="67108864" percent="42">
      <mem type="allocate" free="28783160" total="33554432" percent="85" />
      <mem type="survivor" free="0" total="33554432" percent="0" />
    </mem>
    <mem type="tenure" free="191290192" total="201326592" percent="95">
      <mem type="soa" free="181223248" total="191259648" percent="94" />
      <mem type="loa" free="10066944" total="10066944" percent="100" />
    </mem>
    <pending-finalizers system="12" default="0" reference="233" classloader="0" />
    <remembered-set count="6666" />
  </mem-info>
</gc-end>
<cycle-end id="22" type="scavenge" contextid="16" timestamp="2024-07-17T20:36:04.238" />
<allocation-satisfied id="23" threadId="000000000001E500" bytesRequested="8200" />
<af-end id="24" timestamp="2024-07-17T20:36:04.239" threadId="000000000001EF38" success="true" from="nursery"/>
<exclusive-end id="25" timestamp="2024-07-17T20:36:04.239" durationms="16.008" />

<exclusive-start id="26" timestamp="2024-07-17T20:36:04.743" intervalms="520.279">
  <response-info timems="0.032" idlems="0.032" threads="0" lastid="0000000000604700" lastname="Daemon worker" />
</exclusive-start>
<af-start id="27" threadId="0000000000605138" totalBytesRequested="88" timestamp="2024-07-17T20:36:04.744" intervalms="520.194" type="nursery" />
<cycle-start id="28" type="scavenge" contextid="0" timestamp="2024-07-17T20:36:04.744" intervalms="520.127" />
<gc-start id="29" type="scavenge" contextid="28" timestamp="2024-07-17T20:36:04.745">
  <mem-info id="30" free="190633880" total="268435456" percent="71">
    <mem type="nursery" free="0" total="67108864" percent="0">
      <mem type="allocate" free="0" total="33554432" percent="0" />
      <mem type="survivor" free="0" total="33554432" percent="0" />
    </mem>
    <mem type="tenure" free="190633880" total="201326592" percent="94">
      <mem type="soa" free="180566936" total="191259648" percent="94" />
      <mem type="loa" free="10066944" total="10066944" percent="100" />
    </mem>
    <remembered-set count="16429" />
  </mem-info>
</gc-start>
<allocation-stats totalBytes="29394648" discardedBytes="44824" >
  <allocated-bytes non-tlh="927976" tlh="28466672" />
  <largest-consumer threadName="main" threadId="000000000001E500" bytes="15639800" />
</allocation-stats>
<gc-op id="31" type="scavenge" timems="6.055" contextid="28" timestamp="2024-07-17T20:36:04.751">
  <scavenger-info tenureage="1" tenuremask="7ffe" tiltratio="50" />
  <memory-copied type="nursery" objects="61960" bytes="2203744" bytesdiscarded="686776" />
  <memory-copied type="tenure" objects="23542" bytes="4262384" bytesdiscarded="3736" />
  <finalization candidates="1117" enqueued="698" />
  <ownableSynchronizers candidates="73" cleared="6" />
  <references type="soft" candidates="3737" cleared="0" enqueued="0" dynamicThreshold="32" maxThreshold="32" />
  <references type="weak" candidates="4725" cleared="4286" enqueued="4239" />
  <references type="phantom" candidates="123" cleared="101" enqueued="101" />
  <object-monitors candidates="2" cleared="0"  />
</gc-op>
<gc-end id="32" type="scavenge" contextid="28" durationms="7.203" usertimems="27.440" systemtimems="2.641" stalltimems="29.071" timestamp="2024-07-17T20:36:04.752" activeThreads="11">
  <mem-info id="33" free="216754656" total="268435456" percent="80">
    <mem type="nursery" free="30660328" total="67108864" percent="45">
      <mem type="allocate" free="30660328" total="33554432" percent="91" />
      <mem type="survivor" free="0" total="33554432" percent="0" />
    </mem>
    <mem type="tenure" free="186094328" total="201326592" percent="92">
      <mem type="soa" free="176027384" total="191259648" percent="92" />
      <mem type="loa" free="10066944" total="10066944" percent="100" />
    </mem>
    <pending-finalizers system="698" default="0" reference="4340" classloader="0" />
    <remembered-set count="9850" />
  </mem-info>
</gc-end>
<cycle-end id="34" type="scavenge" contextid="28" timestamp="2024-07-17T20:36:04.752" />
<allocation-satisfied id="35" threadId="0000000000604700" bytesRequested="88" />
<af-end id="36" timestamp="2024-07-17T20:36:04.753" threadId="0000000000605138" success="true" from="nursery"/>
<exclusive-end id="37" timestamp="2024-07-17T20:36:04.753" durationms="9.520" />

<exclusive-start id="38" timestamp="2024-07-17T20:36:05.282" intervalms="538.132">
  <response-info timems="0.031" idlems="0.031" threads="0" lastid="0000000000604700" lastname="Daemon worker" />
</exclusive-start>
<af-start id="39" threadId="0000000000605138" totalBytesRequested="96" timestamp="2024-07-17T20:36:05.282" intervalms="538.090" type="nursery" />
<cycle-start id="40" type="scavenge" contextid="0" timestamp="2024-07-17T20:36:05.282" intervalms="538.062" />
<gc-start id="41" type="scavenge" contextid="40" timestamp="2024-07-17T20:36:05.283">
  <mem-info id="42" free="185649096" total="268435456" percent="69">
    <mem type="nursery" free="0" total="67108864" percent="0">
      <mem type="allocate" free="0" total="33554432" percent="0" />
      <mem type="survivor" free="0" total="33554432" percent="0" />
    </mem>
    <mem type="tenure" free="185649096" total="201326592" percent="92">
      <mem type="soa" free="175582152" total="191259648" percent="91" />
      <mem type="loa" free="10066944" total="10066944" percent="100" />
    </mem>
    <remembered-set count="15353" />
  </mem-info>
</gc-start>
<allocation-stats totalBytes="31070264" discardedBytes="35296" >
  <allocated-bytes non-tlh="445320" tlh="30624944" />
  <largest-consumer threadName="Daemon worker" threadId="0000000000604700" bytes="30963392" />
</allocation-stats>
<gc-op id="43" type="scavenge" timems="4.958" contextid="40" timestamp="2024-07-17T20:36:05.288">
  <scavenger-info tenureage="2" tenuremask="7ffc" tiltratio="50" />
  <memory-copied type="nursery" objects="95007" bytes="3322360" bytesdiscarded="281832" />
  <finalization candidates="817" enqueued="325" />
  <ownableSynchronizers candidates="248" cleared="5" />
  <references type="soft" candidates="4508" cleared="0" enqueued="0" dynamicThreshold="32" maxThreshold="32" />
  <references type="weak" candidates="5549" cleared="4825" enqueued="4825" />
  <references type="phantom" candidates="90" cleared="62" enqueued="62" />
  <object-monitors candidates="2" cleared="0"  />
</gc-op>
<gc-end id="44" type="scavenge" contextid="40" durationms="5.783" usertimems="21.752" systemtimems="2.382" stalltimems="24.721" timestamp="2024-07-17T20:36:05.288" activeThreads="10">
  <mem-info id="45" free="215595272" total="268435456" percent="80">
    <mem type="nursery" free="29946176" total="67108864" percent="44">
      <mem type="allocate" free="29946176" total="33554432" percent="89" />
      <mem type="survivor" free="0" total="33554432" percent="0" />
    </mem>
    <mem type="tenure" free="185649096" total="201326592" percent="92">
      <mem type="soa" free="175582152" total="191259648" percent="91" />
      <mem type="loa" free="10066944" total="10066944" percent="100" />
    </mem>
    <pending-finalizers system="325" default="0" reference="4887" classloader="0" />
    <remembered-set count="14698" />
  </mem-info>
</gc-end>
<cycle-end id="46" type="scavenge" contextid="40" timestamp="2024-07-17T20:36:05.289" />
<allocation-satisfied id="47" threadId="0000000000604700" bytesRequested="96" />
<af-end id="48" timestamp="2024-07-17T20:36:05.289" threadId="0000000000605138" success="true" from="nursery"/>
<exclusive-end id="49" timestamp="2024-07-17T20:36:05.289" durationms="7.674" />

<exclusive-start id="50" timestamp="2024-07-17T20:36:05.802" intervalms="520.759">
  <response-info timems="0.033" idlems="0.033" threads="0" lastid="0000000000604700" lastname="Daemon worker" />
</exclusive-start>
<af-start id="51" threadId="0000000000605138" totalBytesRequested="80" timestamp="2024-07-17T20:36:05.803" intervalms="520.762" type="nursery" />
<cycle-start id="52" type="scavenge" contextid="0" timestamp="2024-07-17T20:36:05.803" intervalms="520.764" />
<gc-start id="53" type="scavenge" contextid="52" timestamp="2024-07-17T20:36:05.803">
  <mem-info id="54" free="185299400" total="268435456" percent="69">
    <mem type="nursery" free="0" total="67108864" percent="0">
      <mem type="allocate" free="0" total="33554432" percent="0" />
      <mem type="survivor" free="0" total="33554432" percent="0" />
    </mem>
    <mem type="tenure" free="185299400" total="201326592" percent="92">
      <mem type="soa" free="175232456" total="191259648" percent="91" />
      <mem type="loa" free="10066944" total="10066944" percent="100" />
    </mem>
    <remembered-set count="18754" />
  </mem-info>
</gc-start>
<allocation-stats totalBytes="30268664" discardedBytes="27208" >
  <allocated-bytes non-tlh="534896" tlh="29733768" />
  <largest-consumer threadName="Daemon worker" threadId="0000000000604700" bytes="30239912" />
</allocation-stats>
<gc-op id="55" type="scavenge" timems="6.055" contextid="52" timestamp="2024-07-17T20:36:05.810">
  <scavenger-info tenureage="3" tenuremask="7ff8" tiltratio="50" />
  <memory-copied type="nursery" objects="124208" bytes="4303384" bytesdiscarded="130672" />
  <finalization candidates="781" enqueued="284" />
  <ownableSynchronizers candidates="444" cleared="2" />
  <references type="soft" candidates="5387" cleared="0" enqueued="0" dynamicThreshold="32" maxThreshold="32" />
  <references type="weak" candidates="5093" cleared="4025" enqueued="4022" />
  <references type="phantom" candidates="138" cleared="104" enqueued="104" />
  <object-monitors candidates="2" cleared="0"  />
</gc-op>
<gc-end id="56" type="scavenge" contextid="52" durationms="7.129" usertimems="32.502" systemtimems="2.989" stalltimems="17.349" timestamp="2024-07-17T20:36:05.811" activeThreads="9">
  <mem-info id="57" free="215397120" total="268435456" percent="80">
    <mem type="nursery" free="30097720" total="67108864" percent="44">
      <mem type="allocate" free="30097720" total="34537472" percent="87" />
      <mem type="survivor" free="0" total="32571392" percent="0" />
    </mem>
    <mem type="tenure" free="185299400" total="201326592" percent="92">
      <mem type="soa" free="175232456" total="191259648" percent="91" />
      <mem type="loa" free="10066944" total="10066944" percent="100" />
    </mem>
    <pending-finalizers system="284" default="0" reference="4126" classloader="0" />
    <remembered-set count="11169" />
  </mem-info>
</gc-end>
<cycle-end id="58" type="scavenge" contextid="52" timestamp="2024-07-17T20:36:05.811" />
<allocation-satisfied id="59" threadId="0000000000604700" bytesRequested="80" />
<af-end id="60" timestamp="2024-07-17T20:36:05.811" threadId="0000000000605138" success="true" from="nursery"/>
<exclusive-end id="61" timestamp="2024-07-17T20:36:05.812" durationms="9.264" />

<exclusive-start id="62" timestamp="2024-07-17T20:36:06.397" intervalms="595.123">
  <response-info timems="0.079" idlems="0.079" threads="0" lastid="0000000000604700" lastname="Daemon worker" />
</exclusive-start>
<af-start id="63" threadId="0000000000605138" totalBytesRequested="8424" timestamp="2024-07-17T20:36:06.398" intervalms="595.095" type="nursery" />
<cycle-start id="64" type="scavenge" contextid="0" timestamp="2024-07-17T20:36:06.398" intervalms="595.147" />
<gc-start id="65" type="scavenge" contextid="64" timestamp="2024-07-17T20:36:06.399">
  <mem-info id="66" free="184842104" total="268435456" percent="68">
    <mem type="nursery" free="0" total="67108864" percent="0">
      <mem type="allocate" free="0" total="34537472" percent="0" />
      <mem type="survivor" free="0" total="32571392" percent="0" />
    </mem>
    <mem type="tenure" free="184842104" total="201326592" percent="91">
      <mem type="soa" free="174775160" total="191259648" percent="91" />
      <mem type="loa" free="10066944" total="10066944" percent="100" />
    </mem>
    <remembered-set count="17096" />
  </mem-info>
</gc-start>
<allocation-stats totalBytes="30400112" discardedBytes="154904" >
  <allocated-bytes non-tlh="1677904" tlh="28722208" />
  <largest-consumer threadName="Daemon worker" threadId="0000000000604700" bytes="30379632" />
</allocation-stats>
<gc-op id="67" type="scavenge" timems="9.643" contextid="64" timestamp="2024-07-17T20:36:06.409">
  <scavenger-info tenureage="3" tenuremask="7ff8" tiltratio="51" />
  <memory-copied type="nursery" objects="107473" bytes="3714736" bytesdiscarded="153072" />
  <memory-copied type="tenure" objects="53776" bytes="1925728" bytesdiscarded="608" />
  <finalization candidates="829" enqueued="332" />
  <ownableSynchronizers candidates="1737" cleared="8" />
  <references type="soft" candidates="4222" cleared="0" enqueued="0" dynamicThreshold="32" maxThreshold="32" />
  <references type="weak" candidates="4508" cleared="3077" enqueued="3077" />
  <references type="phantom" candidates="146" cleared="128" enqueued="128" />
  <object-monitors candidates="2" cleared="0"  />
</gc-op>
<gc-end id="68" type="scavenge" contextid="64" durationms="10.621" usertimems="55.344" systemtimems="0.000" stalltimems="30.694" timestamp="2024-07-17T20:36:06.409" activeThreads="9">
  <mem-info id="69" free="218739416" total="268435456" percent="81">
    <mem type="nursery" free="36169328" total="67108864" percent="53">
      <mem type="allocate" free="36169328" total="40042496" percent="90" />
      <mem type="survivor" free="0" total="27066368" percent="0" />
    </mem>
    <mem type="tenure" free="182570088" total="201326592" percent="90">
      <mem type="soa" free="172503144" total="191259648" percent="90" />
      <mem type="loa" free="10066944" total="10066944" percent="100" />
    </mem>
    <pending-finalizers system="332" default="0" reference="3205" classloader="0" />
    <remembered-set count="12137" />
  </mem-info>
</gc-end>
<cycle-end id="70" type="scavenge" contextid="64" timestamp="2024-07-17T20:36:06.410" />
<allocation-satisfied id="71" threadId="0000000000604700" bytesRequested="8424" />
<af-end id="72" timestamp="2024-07-17T20:36:06.410" threadId="0000000000605138" success="true" from="nursery"/>
<exclusive-end id="73" timestamp="2024-07-17T20:36:06.411" durationms="13.121" />

<exclusive-start id="74" timestamp="2024-07-17T20:36:07.233" intervalms="835.259">
  <response-info timems="0.032" idlems="0.032" threads="0" lastid="0000000000604700" lastname="Daemon worker" />
</exclusive-start>
<af-start id="75" threadId="0000000000605138" totalBytesRequested="130056" timestamp="2024-07-17T20:36:07.233" intervalms="835.146" type="nursery" />
<cycle-start id="76" type="scavenge" contextid="0" timestamp="2024-07-17T20:36:07.233" intervalms="835.076" />
<gc-start id="77" type="scavenge" contextid="76" timestamp="2024-07-17T20:36:07.234">
  <mem-info id="78" free="182263352" total="268435456" percent="67">
    <mem type="nursery" free="9928" total="67108864" percent="0">
      <mem type="allocate" free="9928" total="40042496" percent="0" />
      <mem type="survivor" free="0" total="27066368" percent="0" />
    </mem>
    <mem type="tenure" free="182253424" total="201326592" percent="90">
      <mem type="soa" free="172186480" total="191259648" percent="90" />
      <mem type="loa" free="10066944" total="10066944" percent="100" />
    </mem>
    <remembered-set count="16559" />
  </mem-info>
</gc-start>
<allocation-stats totalBytes="36397472" discardedBytes="78592" >
  <allocated-bytes non-tlh="2332696" tlh="34064776" />
  <largest-consumer threadName="Daemon worker" threadId="0000000000604700" bytes="35581512" />
</allocation-stats>
<gc-op id="79" type="scavenge" timems="8.057" contextid="76" timestamp="2024-07-17T20:36:07.242">
  <scavenger-info tenureage="3" tenuremask="7ff8" tiltratio="59" />
  <memory-copied type="nursery" objects="148104" bytes="5974952" bytesdiscarded="403064" />
  <memory-copied type="tenure" objects="27400" bytes="941848" bytesdiscarded="768" />
  <finalization candidates="427" enqueued="340" />
  <ownableSynchronizers candidates="3456" cleared="0" />
  <references type="soft" candidates="7222" cleared="0" enqueued="0" dynamicThreshold="32" maxThreshold="32" />
  <references type="weak" candidates="4661" cleared="1907" enqueued="1907" />
  <references type="phantom" candidates="173" cleared="158" enqueued="158" />
  <object-monitors candidates="2" cleared="0"  />
</gc-op>
<gc-end id="80" type="scavenge" contextid="76" durationms="9.218" usertimems="51.559" systemtimems="3.541" stalltimems="23.062" timestamp="2024-07-17T20:36:07.243" activeThreads="10">
  <mem-info id="81" free="218424104" total="268435456" percent="81">
    <mem type="nursery" free="37196744" total="67108864" percent="55">
      <mem type="allocate" free="37196744" total="43581440" percent="85" />
      <mem type="survivor" free="0" total="23527424" percent="0" />
    </mem>
    <mem type="tenure" free="181227360" total="201326592" percent="90">
      <mem type="soa" free="171160416" total="191259648" percent="89" />
      <mem type="loa" free="10066944" total="10066944" percent="100" />
    </mem>
    <pending-finalizers system="339" default="1" reference="2065" classloader="0" />
    <remembered-set count="13241" />
  </mem-info>
</gc-end>
<cycle-end id="82" type="scavenge" contextid="76" timestamp="2024-07-17T20:36:07.243" />
<allocation-satisfied id="83" threadId="0000000000604700" bytesRequested="130056" />
<af-end id="84" timestamp="2024-07-17T20:36:07.244" threadId="0000000000605138" success="true" from="nursery"/>
<exclusive-end id="85" timestamp="2024-07-17T20:36:07.244" durationms="11.109" />

<exclusive-start id="86" timestamp="2024-07-17T20:36:08.160" intervalms="927.509">
  <response-info timems="0.048" idlems="0.048" threads="0" lastid="0000000000604700" lastname="Daemon worker" />
</exclusive-start>
<af-start id="87" threadId="0000000000605138" totalBytesRequested="5784" timestamp="2024-07-17T20:36:08.161" intervalms="927.596" type="nursery" />
<cycle-start id="88" type="scavenge" contextid="0" timestamp="2024-07-17T20:36:08.161" intervalms="927.637" />
<gc-start id="89" type="scavenge" contextid="88" timestamp="2024-07-17T20:36:08.161">
  <mem-info id="90" free="180892896" total="268435456" percent="67">
    <mem type="nursery" free="0" total="67108864" percent="0">
      <mem type="allocate" free="0" total="43581440" percent="0" />
      <mem type="survivor" free="0" total="23527424" percent="0" />
    </mem>
    <mem type="tenure" free="180892896" total="201326592" percent="89">
      <mem type="soa" free="170825952" total="191259648" percent="89" />
      <mem type="loa" free="10066944" total="10066944" percent="100" />
    </mem>
    <remembered-set count="16929" />
  </mem-info>
</gc-start>
<allocation-stats totalBytes="37473752" discardedBytes="57456" >
  <allocated-bytes non-tlh="2153568" tlh="35320184" />
  <largest-consumer threadName="Daemon worker" threadId="0000000000604700" bytes="37420504" />
</allocation-stats>
<gc-op id="91" type="scavenge" timems="9.402" contextid="88" timestamp="2024-07-17T20:36:08.171">
  <scavenger-info tenureage="3" tenuremask="7ff8" tiltratio="64" />
  <memory-copied type="nursery" objects="182299" bytes="6625416" bytesdiscarded="538344" />
  <memory-copied type="tenure" objects="31427" bytes="1050592" bytesdiscarded="240" />
  <finalization candidates="195" enqueued="190" />
  <ownableSynchronizers candidates="3294" cleared="13" />
  <references type="soft" candidates="7187" cleared="0" enqueued="0" dynamicThreshold="32" maxThreshold="32" />
  <references type="weak" candidates="5047" cleared="2604" enqueued="2336" />
  <references type="phantom" candidates="95" cleared="87" enqueued="87" />
  <object-monitors candidates="2" cleared="0"  />
</gc-op>
<gc-end id="92" type="scavenge" contextid="88" durationms="10.511" usertimems="61.453" systemtimems="0.000" stalltimems="35.403" timestamp="2024-07-17T20:36:08.172" activeThreads="11">
  <mem-info id="93" free="219300424" total="268435456" percent="81">
    <mem type="nursery" free="39415400" total="67108864" percent="58">
      <mem type="allocate" free="39415400" total="46596096" percent="84" />
      <mem type="survivor" free="0" total="20512768" percent="0" />
    </mem>
    <mem type="tenure" free="179885024" total="201326592" percent="89">
      <mem type="soa" free="169818080" total="191259648" percent="88" />
      <mem type="loa" free="10066944" total="10066944" percent="100" />
    </mem>
    <pending-finalizers system="190" default="0" reference="2423" classloader="0" />
    <remembered-set count="9972" />
  </mem-info>
</gc-end>
<cycle-end id="94" type="scavenge" contextid="88" timestamp="2024-07-17T20:36:08.172" />
<allocation-satisfied id="95" threadId="0000000000604700" bytesRequested="5784" />
<af-end id="96" timestamp="2024-07-17T20:36:08.173" threadId="0000000000605138" success="true" from="nursery"/>
<exclusive-end id="97" timestamp="2024-07-17T20:36:08.173" durationms="12.711" />

<exclusive-start id="98" timestamp="2024-07-17T20:36:08.942" intervalms="782.067">
  <response-info timems="0.038" idlems="0.038" threads="0" lastid="0000000000604700" lastname="Daemon worker" />
</exclusive-start>
<af-start id="99" threadId="0000000000605138" totalBytesRequested="37104" timestamp="2024-07-17T20:36:08.943" intervalms="782.106" type="nursery" />
<cycle-start id="100" type="scavenge" contextid="0" timestamp="2024-07-17T20:36:08.943" intervalms="782.163" />
<gc-start id="101" type="scavenge" contextid="100" timestamp="2024-07-17T20:36:08.943">
  <mem-info id="102" free="179588792" total="268435456" percent="66">
    <mem type="nursery" free="0" total="67108864" percent="0">
      <mem type="allocate" free="0" total="46596096" percent="0" />
      <mem type="survivor" free="0" total="20512768" percent="0" />
    </mem>
    <mem type="tenure" free="179588792" total="201326592" percent="89">
      <mem type="soa" free="169521848" total="191259648" percent="88" />
      <mem type="loa" free="10066944" total="10066944" percent="100" />
    </mem>
    <remembered-set count="14342" />
  </mem-info>
</gc-start>
<allocation-stats totalBytes="39646808" discardedBytes="64824" >
  <allocated-bytes non-tlh="4486696" tlh="35160112" />
  <largest-consumer threadName="Daemon worker" threadId="0000000000604700" bytes="38543280" />
</allocation-stats>
<gc-op id="103" type="scavenge" timems="8.602" contextid="100" timestamp="2024-07-17T20:36:08.953">
  <scavenger-info tenureage="3" tenuremask="7ff8" tiltratio="69" />
  <memory-copied type="nursery" objects="208613" bytes="7695560" bytesdiscarded="321576" />
  <memory-copied type="tenure" objects="39041" bytes="1410416" bytesdiscarded="776" />
  <finalization candidates="392" enqueued="392" />
  <ownableSynchronizers candidates="4196" cleared="31" />
  <references type="soft" candidates="8541" cleared="0" enqueued="0" dynamicThreshold="32" maxThreshold="32" />
  <references type="weak" candidates="7828" cleared="2857" enqueued="2709" />
  <references type="phantom" candidates="150" cleared="139" enqueued="139" />
  <object-monitors candidates="2" cleared="0"  />
</gc-op>
<gc-end id="104" type="scavenge" contextid="100" durationms="9.598" usertimems="58.976" systemtimems="3.291" stalltimems="32.045" timestamp="2024-07-17T20:36:08.953" activeThreads="11">
  <mem-info id="105" free="218719808" total="268435456" percent="81">
    <mem type="nursery" free="40592632" total="67108864" percent="60">
      <mem type="allocate" free="40592632" total="48627712" percent="83" />
      <mem type="survivor" free="0" total="18481152" percent="0" />
    </mem>
    <mem type="tenure" free="178127176" total="201326592" percent="88">
      <mem type="soa" free="168060232" total="191259648" percent="87" />
      <mem type="loa" free="10066944" total="10066944" percent="100" />
    </mem>
    <pending-finalizers system="392" default="0" reference="2848" classloader="0" />
    <remembered-set count="10151" />
  </mem-info>
</gc-end>
<cycle-end id="106" type="scavenge" contextid="100" timestamp="2024-07-17T20:36:08.953" />
<allocation-satisfied id="107" threadId="0000000000604700" bytesRequested="37104" />
<af-end id="108" timestamp="2024-07-17T20:36:08.954" threadId="0000000000605138" success="true" from="nursery"/>
<exclusive-end id="109" timestamp="2024-07-17T20:36:08.954" durationms="11.969" />

<exclusive-start id="110" timestamp="2024-07-17T20:36:09.590" intervalms="647.773">
  <response-info timems="0.054" idlems="0.054" threads="0" lastid="0000000000604700" lastname="Daemon worker" />
</exclusive-start>
<af-start id="111" threadId="0000000000605138" totalBytesRequested="456" timestamp="2024-07-17T20:36:09.591" intervalms="647.858" type="nursery" />
<cycle-start id="112" type="scavenge" contextid="0" timestamp="2024-07-17T20:36:09.591" intervalms="647.807" />
<gc-start id="113" type="scavenge" contextid="112" timestamp="2024-07-17T20:36:09.591">
  <mem-info id="114" free="177829568" total="268435456" percent="66">
    <mem type="nursery" free="0" total="67108864" percent="0">
      <mem type="allocate" free="0" total="48627712" percent="0" />
      <mem type="survivor" free="0" total="18481152" percent="0" />
    </mem>
    <mem type="tenure" free="177829568" total="201326592" percent="88">
      <mem type="soa" free="167762624" total="191259648" percent="87" />
      <mem type="loa" free="10066944" total="10066944" percent="100" />
    </mem>
    <remembered-set count="13981" />
  </mem-info>
</gc-start>
<allocation-stats totalBytes="40852000" discardedBytes="38240" >
  <allocated-bytes non-tlh="3287608" tlh="37564392" />
  <largest-consumer threadName="Daemon worker" threadId="0000000000604700" bytes="40575928" />
</allocation-stats>
<gc-op id="115" type="scavenge" timems="9.408" contextid="112" timestamp="2024-07-17T20:36:09.601">
  <scavenger-info tenureage="3" tenuremask="7ff8" tiltratio="72" />
  <memory-copied type="nursery" objects="169325" bytes="6032848" bytesdiscarded="381912" />
  <memory-copied type="tenure" objects="70925" bytes="2744920" bytesdiscarded="800" />
  <finalization candidates="609" enqueued="608" />
  <ownableSynchronizers candidates="3076" cleared="24" />
  <references type="soft" candidates="6386" cleared="0" enqueued="0" dynamicThreshold="32" maxThreshold="32" />
  <references type="weak" candidates="7470" cleared="3348" enqueued="3347" />
  <references type="phantom" candidates="120" cleared="106" enqueued="106" />
  <object-monitors candidates="2" cleared="0"  />
</gc-op>
<gc-end id="116" type="scavenge" contextid="112" durationms="10.524" usertimems="67.057" systemtimems="0.000" stalltimems="34.937" timestamp="2024-07-17T20:36:09.602" activeThreads="12">
  <mem-info id="117" free="219092008" total="268435456" percent="81">
    <mem type="nursery" free="44096632" total="67108864" percent="65">
      <mem type="allocate" free="44096632" total="50528256" percent="87" />
      <mem type="survivor" free="0" total="16580608" percent="0" />
    </mem>
    <mem type="tenure" free="174995376" total="201326592" percent="86">
      <mem type="soa" free="164928432" total="191259648" percent="86" />
      <mem type="loa" free="10066944" total="10066944" percent="100" />
    </mem>
    <pending-finalizers system="608" default="0" reference="3453" classloader="0" />
    <remembered-set count="9837" />
  </mem-info>
</gc-end>
<cycle-end id="118" type="scavenge" contextid="112" timestamp="2024-07-17T20:36:09.602" />
<allocation-satisfied id="119" threadId="0000000000604700" bytesRequested="456" />
<af-end id="120" timestamp="2024-07-17T20:36:09.603" threadId="0000000000605138" success="true" from="nursery"/>
<exclusive-end id="121" timestamp="2024-07-17T20:36:09.604" durationms="13.491" />

<exclusive-start id="122" timestamp="2024-07-17T20:36:10.268" intervalms="677.691">
  <response-info timems="0.053" idlems="0.053" threads="0" lastid="0000000000604700" lastname="Daemon worker" />
</exclusive-start>
<af-start id="123" threadId="0000000000605138" totalBytesRequested="88" timestamp="2024-07-17T20:36:10.268" intervalms="677.707" type="nursery" />
<cycle-start id="124" type="scavenge" contextid="0" timestamp="2024-07-17T20:36:10.269" intervalms="677.853" />
<gc-start id="125" type="scavenge" contextid="124" timestamp="2024-07-17T20:36:10.269">
  <mem-info id="126" free="174665472" total="268435456" percent="65">
    <mem type="nursery" free="0" total="67108864" percent="0">
      <mem type="allocate" free="0" total="50528256" percent="0" />
      <mem type="survivor" free="0" total="16580608" percent="0" />
    </mem>
    <mem type="tenure" free="174665472" total="201326592" percent="86">
      <mem type="soa" free="164598528" total="191259648" percent="86" />
      <mem type="loa" free="10066944" total="10066944" percent="100" />
    </mem>
    <remembered-set count="14598" />
  </mem-info>
</gc-start>
<allocation-stats totalBytes="44333608" discardedBytes="92928" >
  <allocated-bytes non-tlh="506576" tlh="43827032" />
  <largest-consumer threadName="Daemon worker" threadId="0000000000604700" bytes="32285016" />
</allocation-stats>
<gc-op id="127" type="scavenge" timems="7.460" contextid="124" timestamp="2024-07-17T20:36:10.277">
  <scavenger-info tenureage="3" tenuremask="7ff8" tiltratio="75" />
  <memory-copied type="nursery" objects="140227" bytes="5612488" bytesdiscarded="225992" />
  <memory-copied type="tenure" objects="64997" bytes="2211168" bytesdiscarded="600" />
  <finalization candidates="538" enqueued="537" />
  <ownableSynchronizers candidates="1374" cleared="69" />
  <references type="soft" candidates="6334" cleared="0" enqueued="0" dynamicThreshold="32" maxThreshold="32" />
  <references type="weak" candidates="6267" cleared="1872" enqueued="1872" />
  <references type="phantom" candidates="228" cleared="208" enqueued="208" />
  <object-monitors candidates="7" cleared="5"  />
</gc-op>
<gc-end id="128" type="scavenge" contextid="124" durationms="8.838" usertimems="55.731" systemtimems="0.000" stalltimems="33.526" timestamp="2024-07-17T20:36:10.278" activeThreads="12">
  <mem-info id="129" free="219535040" total="268435456" percent="81">
    <mem type="nursery" free="46580680" total="67108864" percent="69">
      <mem type="allocate" free="46580680" total="52428800" percent="88" />
      <mem type="survivor" free="0" total="14680064" percent="0" />
    </mem>
    <mem type="tenure" free="172954360" total="201326592" percent="85">
      <mem type="soa" free="162887416" total="191259648" percent="85" />
      <mem type="loa" free="10066944" total="10066944" percent="100" />
    </mem>
    <pending-finalizers system="537" default="0" reference="2080" classloader="0" />
    <remembered-set count="10765" />
  </mem-info>
</gc-end>
<cycle-end id="130" type="scavenge" contextid="124" timestamp="2024-07-17T20:36:10.279" />
<allocation-satisfied id="131" threadId="0000000000604700" bytesRequested="88" />
<af-end id="132" timestamp="2024-07-17T20:36:10.279" threadId="0000000000605138" success="true" from="nursery"/>
<exclusive-end id="133" timestamp="2024-07-17T20:36:10.279" durationms="11.477" />

<exclusive-start id="134" timestamp="2024-07-17T20:36:10.559" intervalms="291.639">
  <response-info timems="0.073" idlems="0.073" threads="0" lastid="0000000001435100" lastname="Unconstrained build operations Thread 35" />
</exclusive-start>
<af-start id="135" threadId="0000000001435B38" totalBytesRequested="48" timestamp="2024-07-17T20:36:10.560" intervalms="291.589" type="nursery" />
<cycle-start id="136" type="scavenge" contextid="0" timestamp="2024-07-17T20:36:10.560" intervalms="291.589" />
<gc-start id="137" type="scavenge" contextid="136" timestamp="2024-07-17T20:36:10.561">
  <mem-info id="138" free="172944288" total="268435456" percent="64">
    <mem type="nursery" free="0" total="67108864" percent="0">
      <mem type="allocate" free="0" total="52428800" percent="0" />
      <mem type="survivor" free="0" total="14680064" percent="0" />
    </mem>
    <mem type="tenure" free="172944288" total="201326592" percent="85">
      <mem type="soa" free="162877344" total="191259648" percent="85" />
      <mem type="loa" free="10066944" total="10066944" percent="100" />
    </mem>
    <remembered-set count="10979" />
  </mem-info>
</gc-start>
<allocation-stats totalBytes="46522888" discardedBytes="67864" >
  <allocated-bytes non-tlh="895544" tlh="45627344" />
  <largest-consumer threadName="Daemon worker" threadId="0000000000604700" bytes="22250200" />
</allocation-stats>
<gc-op id="139" type="scavenge" timems="8.311" contextid="136" timestamp="2024-07-17T20:36:10.570">
  <scavenger-info tenureage="3" tenuremask="7ff8" tiltratio="78" />
  <memory-copied type="nursery" objects="109630" bytes="5486128" bytesdiscarded="645888" />
  <memory-copied type="tenure" objects="64795" bytes="2401136" bytesdiscarded="824" />
  <finalization candidates="6" enqueued="5" />
  <ownableSynchronizers candidates="1419" cleared="69" />
  <references type="soft" candidates="2437" cleared="0" enqueued="0" dynamicThreshold="32" maxThreshold="32" />
  <references type="weak" candidates="1334" cleared="57" enqueued="57" />
  <references type="phantom" candidates="15" cleared="0" enqueued="0" />
  <object-monitors candidates="2" cleared="0"  />
</gc-op>
<gc-end id="140" type="scavenge" contextid="136" durationms="9.421" usertimems="55.456" systemtimems="0.000" stalltimems="36.286" timestamp="2024-07-17T20:36:10.570" activeThreads="12">
  <mem-info id="141" free="218379888" total="268435456" percent="81">
    <mem type="nursery" free="47924184" total="67108864" percent="71">
      <mem type="allocate" free="47924184" total="54067200" percent="88" />
      <mem type="survivor" free="0" total="13041664" percent="0" />
    </mem>
    <mem type="tenure" free="170455704" total="201326592" percent="84">
      <mem type="soa" free="160388760" total="191259648" percent="83" />
      <mem type="loa" free="10066944" total="10066944" percent="100" />
    </mem>
    <pending-finalizers system="5" default="0" reference="57" classloader="0" />
    <remembered-set count="6887" />
  </mem-info>
</gc-end>
<cycle-end id="142" type="scavenge" contextid="136" timestamp="2024-07-17T20:36:10.571" />
<allocation-satisfied id="143" threadId="0000000001435100" bytesRequested="48" />
<af-end id="144" timestamp="2024-07-17T20:36:10.571" threadId="0000000001435B38" success="true" from="nursery"/>
<exclusive-end id="145" timestamp="2024-07-17T20:36:10.572" durationms="12.150" />

<exclusive-start id="146" timestamp="2024-07-17T20:36:10.893" intervalms="333.131">
  <response-info timems="0.070" idlems="0.070" threads="0" lastid="00000000014F5900" lastname="Unconstrained build operations Thread 57" />
</exclusive-start>
<af-start id="147" threadId="00000000014F6338" totalBytesRequested="24" timestamp="2024-07-17T20:36:10.893" intervalms="333.045" type="nursery" />
<cycle-start id="148" type="scavenge" contextid="0" timestamp="2024-07-17T20:36:10.893" intervalms="333.099" />
<gc-start id="149" type="scavenge" contextid="148" timestamp="2024-07-17T20:36:10.894">
  <mem-info id="150" free="170437856" total="268435456" percent="63">
    <mem type="nursery" free="0" total="67108864" percent="0">
      <mem type="allocate" free="0" total="54067200" percent="0" />
      <mem type="survivor" free="0" total="13041664" percent="0" />
    </mem>
    <mem type="tenure" free="170437856" total="201326592" percent="84">
      <mem type="soa" free="160370912" total="191259648" percent="83" />
      <mem type="loa" free="10066944" total="10066944" percent="100" />
    </mem>
    <remembered-set count="7215" />
  </mem-info>
</gc-start>
<allocation-stats totalBytes="47872824" discardedBytes="69208" >
  <allocated-bytes non-tlh="345816" tlh="47527008" />
  <largest-consumer threadName="Daemon worker" threadId="0000000000604700" bytes="19582536" />
</allocation-stats>
<gc-op id="151" type="scavenge" timems="7.605" contextid="148" timestamp="2024-07-17T20:36:10.902">
  <scavenger-info tenureage="3" tenuremask="7ff8" tiltratio="80" />
  <memory-copied type="nursery" objects="82952" bytes="4093856" bytesdiscarded="221560" />
  <memory-copied type="tenure" objects="28121" bytes="1031704" bytesdiscarded="904" />
  <finalization candidates="22" enqueued="21" />
  <ownableSynchronizers candidates="386" cleared="117" />
  <references type="soft" candidates="845" cleared="0" enqueued="0" dynamicThreshold="32" maxThreshold="32" />
  <references type="weak" candidates="832" cleared="126" enqueued="126" />
  <references type="phantom" candidates="18" cleared="11" enqueued="11" />
  <object-monitors candidates="2" cleared="0"  />
</gc-op>
<gc-end id="152" type="scavenge" contextid="148" durationms="8.748" usertimems="34.741" systemtimems="1.605" stalltimems="46.234" timestamp="2024-07-17T20:36:10.903" activeThreads="12">
  <mem-info id="153" free="220205128" total="268435456" percent="82">
    <mem type="nursery" free="51045120" total="67108864" percent="76">
      <mem type="allocate" free="51045120" total="55377920" percent="92" />
      <mem type="survivor" free="0" total="11730944" percent="0" />
    </mem>
    <mem type="tenure" free="169160008" total="201326592" percent="84">
      <mem type="soa" free="159093064" total="191259648" percent="83" />
      <mem type="loa" free="10066944" total="10066944" percent="100" />
    </mem>
    <pending-finalizers system="21" default="0" reference="137" classloader="0" />
    <remembered-set count="2364" />
  </mem-info>
</gc-end>
<cycle-end id="154" type="scavenge" contextid="148" timestamp="2024-07-17T20:36:10.903" />
<allocation-satisfied id="155" threadId="00000000014F5900" bytesRequested="24" />
<af-end id="156" timestamp="2024-07-17T20:36:10.904" threadId="00000000014F6338" success="true" from="nursery"/>
<exclusive-end id="157" timestamp="2024-07-17T20:36:10.904" durationms="11.292" />

<exclusive-start id="158" timestamp="2024-07-17T20:36:11.285" intervalms="392.938">
  <response-info timems="0.094" idlems="0.094" threads="0" lastid="000000000154F500" lastname="Unconstrained build operations Thread 79" />
</exclusive-start>
<af-start id="159" threadId="000000000154FF38" totalBytesRequested="63032" timestamp="2024-07-17T20:36:11.286" intervalms="392.942" type="nursery" />
<cycle-start id="160" type="scavenge" contextid="0" timestamp="2024-07-17T20:36:11.286" intervalms="392.801" />
<gc-start id="161" type="scavenge" contextid="160" timestamp="2024-07-17T20:36:11.287">
  <mem-info id="162" free="169094960" total="268435456" percent="62">
    <mem type="nursery" free="0" total="67108864" percent="0">
      <mem type="allocate" free="0" total="55377920" percent="0" />
      <mem type="survivor" free="0" total="11730944" percent="0" />
    </mem>
    <mem type="tenure" free="169094960" total="201326592" percent="83">
      <mem type="soa" free="159028016" total="191259648" percent="83" />
      <mem type="loa" free="10066944" total="10066944" percent="100" />
    </mem>
    <remembered-set count="3410" />
  </mem-info>
</gc-start>
<allocation-stats totalBytes="50477240" discardedBytes="632928" >
  <allocated-bytes non-tlh="1650928" tlh="48826312" />
  <largest-consumer threadName="Daemon worker" threadId="0000000000604700" bytes="17545944" />
</allocation-stats>
<gc-op id="163" type="scavenge" timems="6.057" contextid="160" timestamp="2024-07-17T20:36:11.293">
  <scavenger-info tenureage="3" tenuremask="7fe8" tiltratio="82" />
  <memory-copied type="nursery" objects="75137" bytes="3923744" bytesdiscarded="291096" />
  <memory-copied type="tenure" objects="30078" bytes="1408544" bytesdiscarded="712" />
  <finalization candidates="198" enqueued="198" />
  <ownableSynchronizers candidates="514" cleared="241" />
  <references type="soft" candidates="161" cleared="0" enqueued="0" dynamicThreshold="32" maxThreshold="32" />
  <references type="weak" candidates="1208" cleared="659" enqueued="659" />
  <references type="phantom" candidates="138" cleared="101" enqueued="101" />
  <object-monitors candidates="38" cleared="36"  />
</gc-op>
<gc-end id="164" type="scavenge" contextid="160" durationms="6.996" usertimems="28.475" systemtimems="0.887" stalltimems="30.599" timestamp="2024-07-17T20:36:11.294" activeThreads="10">
  <mem-info id="165" free="220236768" total="268435456" percent="82">
    <mem type="nursery" free="52524832" total="67108864" percent="78">
      <mem type="allocate" free="52524832" total="56754176" percent="92" />
      <mem type="survivor" free="0" total="10354688" percent="0" />
    </mem>
    <mem type="tenure" free="167711936" total="201326592" percent="83">
      <mem type="soa" free="157644992" total="191259648" percent="82" />
      <mem type="loa" free="10066944" total="10066944" percent="100" />
    </mem>
    <pending-finalizers system="198" default="0" reference="760" classloader="0" />
    <remembered-set count="2115" />
  </mem-info>
</gc-end>
<cycle-end id="166" type="scavenge" contextid="160" timestamp="2024-07-17T20:36:11.294" />
<allocation-satisfied id="167" threadId="000000000154F500" bytesRequested="63032" />
<af-end id="168" timestamp="2024-07-17T20:36:11.295" threadId="000000000154FF38" success="true" from="nursery"/>
<exclusive-end id="169" timestamp="2024-07-17T20:36:11.295" durationms="9.659" />

<exclusive-start id="170" timestamp="2024-07-17T20:36:11.391" intervalms="105.543">
  <response-info timems="0.444" idlems="0.424" threads="2" lastid="0000000001573100" lastname="Unconstrained build operations Thread 85" />
</exclusive-start>
<af-start id="171" threadId="0000000001572F38" totalBytesRequested="5440" timestamp="2024-07-17T20:36:11.391" intervalms="105.473" type="nursery" />
<cycle-start id="172" type="scavenge" contextid="0" timestamp="2024-07-17T20:36:11.392" intervalms="105.395" />
<gc-start id="173" type="scavenge" contextid="172" timestamp="2024-07-17T20:36:11.392">
  <mem-info id="174" free="167711624" total="268435456" percent="62">
    <mem type="nursery" free="0" total="67108864" percent="0">
      <mem type="allocate" free="0" total="56754176" percent="0" />
      <mem type="survivor" free="0" total="10354688" percent="0" />
    </mem>
    <mem type="tenure" free="167711624" total="201326592" percent="83">
      <mem type="soa" free="157644680" total="191259648" percent="82" />
      <mem type="loa" free="10066944" total="10066944" percent="100" />
    </mem>
    <remembered-set count="2224" />
  </mem-info>
</gc-start>
<allocation-stats totalBytes="51982584" discardedBytes="542560" >
  <allocated-bytes non-tlh="2202888" tlh="49779696" />
  <largest-consumer threadName="Unconstrained build operations Thread 81" threadId="0000000000950600" bytes="9545136" />
</allocation-stats>
<gc-op id="175" type="scavenge" timems="4.834" contextid="172" timestamp="2024-07-17T20:36:11.397">
  <scavenger-info tenureage="6" tenuremask="7fc0" tiltratio="84" />
  <memory-copied type="nursery" objects="92893" bytes="4928640" bytesdiscarded="173928" />
  <finalization candidates="1" enqueued="1" />
  <ownableSynchronizers candidates="305" cleared="112" />
  <references type="soft" candidates="161" cleared="0" enqueued="0" dynamicThreshold="32" maxThreshold="32" />
  <references type="weak" candidates="949" cleared="96" enqueued="96" />
  <references type="phantom" candidates="61" cleared="0" enqueued="0" />
  <object-monitors candidates="4" cleared="0"  />
</gc-op>
<gc-end id="176" type="scavenge" contextid="172" durationms="5.510" usertimems="14.323" systemtimems="6.686" stalltimems="21.210" timestamp="2024-07-17T20:36:11.398" activeThreads="9">
  <mem-info id="177" free="220073136" total="268435456" percent="81">
    <mem type="nursery" free="52361512" total="67108864" percent="78">
      <mem type="allocate" free="52361512" total="57475072" percent="91" />
      <mem type="survivor" free="0" total="9633792" percent="0" />
    </mem>
    <mem type="tenure" free="167711624" total="201326592" percent="83">
      <mem type="soa" free="157644680" total="191259648" percent="82" />
      <mem type="loa" free="10066944" total="10066944" percent="100" />
    </mem>
    <pending-finalizers system="1" default="0" reference="96" classloader="0" />
    <remembered-set count="1838" />
  </mem-info>
</gc-end>
<cycle-end id="178" type="scavenge" contextid="172" timestamp="2024-07-17T20:36:11.398" />
<allocation-satisfied id="179" threadId="0000000001572500" bytesRequested="5440" />
<af-end id="180" timestamp="2024-07-17T20:36:11.398" threadId="0000000001572F38" success="true" from="nursery"/>
<exclusive-end id="181" timestamp="2024-07-17T20:36:11.399" durationms="7.553" />

<exclusive-start id="182" timestamp="2024-07-17T20:36:11.455" intervalms="63.997">
  <response-info timems="0.131" idlems="0.093" threads="2" lastid="000000000154E900" lastname="Unconstrained build operations Thread 78" />
</exclusive-start>
<af-start id="183" threadId="000000000154E738" totalBytesRequested="1824" timestamp="2024-07-17T20:36:11.455" intervalms="64.000" type="nursery" />
<cycle-start id="184" type="scavenge" contextid="0" timestamp="2024-07-17T20:36:11.456" intervalms="63.998" />
<gc-start id="185" type="scavenge" contextid="184" timestamp="2024-07-17T20:36:11.456">
  <mem-info id="186" free="167711624" total="268435456" percent="62">
    <mem type="nursery" free="0" total="67108864" percent="0">
      <mem type="allocate" free="0" total="57475072" percent="0" />
      <mem type="survivor" free="0" total="9633792" percent="0" />
    </mem>
    <mem type="tenure" free="167711624" total="201326592" percent="83">
      <mem type="soa" free="157644680" total="191259648" percent="82" />
      <mem type="loa" free="10066944" total="10066944" percent="100" />
    </mem>
    <remembered-set count="1924" />
  </mem-info>
</gc-start>
<allocation-stats totalBytes="51979680" discardedBytes="381832" >
  <allocated-bytes non-tlh="1297792" tlh="50681888" />
  <largest-consumer threadName="Unconstrained build operations Thread 85" threadId="0000000001573100" bytes="8911104" />
</allocation-stats>
<gc-op id="187" type="scavenge" timems="5.217" contextid="184" timestamp="2024-07-17T20:36:11.462">
  <scavenger-info tenureage="3" tenuremask="7f98" tiltratio="85" />
  <memory-copied type="nursery" objects="60190" bytes="3127728" bytesdiscarded="296872" />
  <memory-copied type="tenure" objects="41927" bytes="2159120" bytesdiscarded="840" />
  <ownableSynchronizers candidates="244" cleared="65" />
  <references type="soft" candidates="109" cleared="0" enqueued="0" dynamicThreshold="32" maxThreshold="32" />
  <references type="weak" candidates="961" cleared="49" enqueued="49" />
  <references type="phantom" candidates="57" cleared="0" enqueued="0" />
  <object-monitors candidates="5" cleared="1"  />
</gc-op>
<heap-resize id="188" type="expand" space="nursery" amount="3801088" count="1" timems="0.029" reason="excessive time being spent scavenging" timestamp="2024-07-17T20:36:11.462" />
<gc-end id="189" type="scavenge" contextid="184" durationms="6.141" usertimems="26.109" systemtimems="1.402" stalltimems="13.437" timestamp="2024-07-17T20:36:11.462" activeThreads="8">
  <mem-info id="190" free="223768896" total="272236544" percent="82">
    <mem type="nursery" free="58110952" total="70909952" percent="81">
      <mem type="allocate" free="58110952" total="61538304" percent="94" />
      <mem type="survivor" free="0" total="9371648" percent="0" />
    </mem>
    <mem type="tenure" free="165657944" total="201326592" percent="82">
      <mem type="soa" free="155591000" total="191259648" percent="81" />
      <mem type="loa" free="10066944" total="10066944" percent="100" />
    </mem>
    <pending-finalizers system="0" default="0" reference="49" classloader="0" />
    <remembered-set count="1384" />
  </mem-info>
</gc-end>
<cycle-end id="191" type="scavenge" contextid="184" timestamp="2024-07-17T20:36:11.463" />
<allocation-satisfied id="192" threadId="000000000154DD00" bytesRequested="1824" />
<af-end id="193" timestamp="2024-07-17T20:36:11.463" threadId="000000000154E738" success="true" from="nursery"/>
<exclusive-end id="194" timestamp="2024-07-17T20:36:11.463" durationms="8.069" />

<exclusive-start id="195" timestamp="2024-07-17T20:36:11.512" intervalms="56.498">
  <response-info timems="0.094" idlems="0.086" threads="2" lastid="0000000001573100" lastname="Unconstrained build operations Thread 85" />
</exclusive-start>
<af-start id="196" threadId="000000000154E738" totalBytesRequested="16" timestamp="2024-07-17T20:36:11.512" intervalms="56.489" type="nursery" />
<cycle-start id="197" type="scavenge" contextid="0" timestamp="2024-07-17T20:36:11.512" intervalms="56.515" />
<gc-start id="198" type="scavenge" contextid="197" timestamp="2024-07-17T20:36:11.512">
  <mem-info id="199" free="165657944" total="272236544" percent="60">
    <mem type="nursery" free="0" total="70909952" percent="0">
      <mem type="allocate" free="0" total="61538304" percent="0" />
      <mem type="survivor" free="0" total="9371648" percent="0" />
    </mem>
    <mem type="tenure" free="165657944" total="201326592" percent="82">
      <mem type="soa" free="155591000" total="191259648" percent="81" />
      <mem type="loa" free="10066944" total="10066944" percent="100" />
    </mem>
    <remembered-set count="1450" />
  </mem-info>
</gc-start>
<allocation-stats totalBytes="57765136" discardedBytes="345816" >
  <allocated-bytes non-tlh="1336992" tlh="56428144" />
  <largest-consumer threadName="Unconstrained build operations Thread 78" threadId="000000000154E900" bytes="8419920" />
</allocation-stats>
<gc-op id="200" type="scavenge" timems="4.777" contextid="197" timestamp="2024-07-17T20:36:11.518">
  <scavenger-info tenureage="8" tenuremask="7f00" tiltratio="86" />
  <memory-copied type="nursery" objects="88470" bytes="4056840" bytesdiscarded="80192" />
  <ownableSynchronizers candidates="172" cleared="40" />
  <references type="soft" candidates="109" cleared="0" enqueued="0" dynamicThreshold="32" maxThreshold="32" />
  <references type="weak" candidates="1091" cleared="41" enqueued="41" />
  <references type="phantom" candidates="61" cleared="0" enqueued="0" />
  <object-monitors candidates="4" cleared="0"  />
</gc-op>
<heap-resize id="201" type="expand" space="nursery" amount="3014656" count="1" timems="0.055" reason="excessive time being spent scavenging" timestamp="2024-07-17T20:36:11.518" />
<gc-end id="202" type="scavenge" contextid="197" durationms="5.644" usertimems="1.185" systemtimems="20.471" stalltimems="12.569" timestamp="2024-07-17T20:36:11.518" activeThreads="8">
  <mem-info id="203" free="226791888" total="275251200" percent="82">
    <mem type="nursery" free="61133944" total="73924608" percent="82">
      <mem type="allocate" free="61133944" total="65273856" percent="93" />
      <mem type="survivor" free="0" total="8650752" percent="0" />
    </mem>
    <mem type="tenure" free="165657944" total="201326592" percent="82">
      <mem type="soa" free="155591000" total="191259648" percent="81" />
      <mem type="loa" free="10066944" total="10066944" percent="100" />
    </mem>
    <pending-finalizers system="0" default="0" reference="41" classloader="0" />
    <remembered-set count="1387" />
  </mem-info>
</gc-end>
<cycle-end id="204" type="scavenge" contextid="197" timestamp="2024-07-17T20:36:11.518" />
<allocation-satisfied id="205" threadId="000000000154DD00" bytesRequested="16" />
<af-end id="206" timestamp="2024-07-17T20:36:11.519" threadId="000000000154E738" success="true" from="nursery"/>
<exclusive-end id="207" timestamp="2024-07-17T20:36:11.519" durationms="7.252" />

<exclusive-start id="208" timestamp="2024-07-17T20:36:11.594" intervalms="82.676">
  <response-info timems="0.320" idlems="0.183" threads="1" lastid="0000000001571800" lastname="Unconstrained build operations Thread 83" />
</exclusive-start>
<af-start id="209" threadId="0000000000951038" totalBytesRequested="1032" timestamp="2024-07-17T20:36:11.594" intervalms="82.672" type="nursery" />
<cycle-start id="210" type="scavenge" contextid="0" timestamp="2024-07-17T20:36:11.595" intervalms="82.642" />
<gc-start id="211" type="scavenge" contextid="210" timestamp="2024-07-17T20:36:11.595">
  <mem-info id="212" free="165657944" total="275251200" percent="60">
    <mem type="nursery" free="0" total="73924608" percent="0">
      <mem type="allocate" free="0" total="65273856" percent="0" />
      <mem type="survivor" free="0" total="8650752" percent="0" />
    </mem>
    <mem type="tenure" free="165657944" total="201326592" percent="82">
      <mem type="soa" free="155591000" total="191259648" percent="81" />
      <mem type="loa" free="10066944" total="10066944" percent="100" />
    </mem>
    <remembered-set count="1479" />
  </mem-info>
</gc-start>
<allocation-stats totalBytes="60886256" discardedBytes="247688" >
  <allocated-bytes non-tlh="322552" tlh="60563704" />
  <largest-consumer threadName="Unconstrained build operations Thread 84" threadId="0000000001572500" bytes="9861992" />
</allocation-stats>
<gc-op id="213" type="scavenge" timems="3.230" contextid="210" timestamp="2024-07-17T20:36:11.599">
  <scavenger-info tenureage="4" tenuremask="7e10" tiltratio="88" />
  <memory-copied type="nursery" objects="20256" bytes="1007624" bytesdiscarded="254320" />
  <memory-copied type="tenure" objects="25382" bytes="966616" bytesdiscarded="328" />
  <ownableSynchronizers candidates="232" cleared="100" />
  <references type="weak" candidates="1111" cleared="93" enqueued="93" />
  <references type="phantom" candidates="24" cleared="0" enqueued="0" />
  <object-monitors candidates="7" cleared="1"  />
</gc-op>
<gc-end id="214" type="scavenge" contextid="210" durationms="3.930" usertimems="12.390" systemtimems="0.814" stalltimems="11.425" timestamp="2024-07-17T20:36:11.599" activeThreads="8">
  <mem-info id="215" free="230013680" total="275251200" percent="83">
    <mem type="nursery" free="65125864" total="73924608" percent="88">
      <mem type="allocate" free="65125864" total="66387968" percent="98" />
      <mem type="survivor" free="0" total="7536640" percent="0" />
    </mem>
    <mem type="tenure" free="164887816" total="201326592" percent="81">
      <mem type="soa" free="154820872" total="191259648" percent="80" />
      <mem type="loa" free="10066944" total="10066944" percent="100" />
    </mem>
    <pending-finalizers system="0" default="0" reference="93" classloader="0" />
    <remembered-set count="1284" />
  </mem-info>
</gc-end>
<cycle-end id="216" type="scavenge" contextid="210" timestamp="2024-07-17T20:36:11.599" />
<allocation-satisfied id="217" threadId="0000000000950600" bytesRequested="1032" />
<af-end id="218" timestamp="2024-07-17T20:36:11.600" threadId="0000000000951038" success="true" from="nursery"/>
<exclusive-end id="219" timestamp="2024-07-17T20:36:11.600" durationms="5.508" />

<exclusive-start id="220" timestamp="2024-07-17T20:36:11.871" intervalms="276.899">
  <response-info timems="0.099" idlems="0.099" threads="0" lastid="0000000001579E00" lastname="Unconstrained build operations Thread 90" />
</exclusive-start>
<af-start id="221" threadId="000000000157A838" totalBytesRequested="32776" timestamp="2024-07-17T20:36:11.871" intervalms="277.018" type="nursery" />
<cycle-start id="222" type="scavenge" contextid="0" timestamp="2024-07-17T20:36:11.872" intervalms="277.042" />
<gc-start id="223" type="scavenge" contextid="222" timestamp="2024-07-17T20:36:11.872">
  <mem-info id="224" free="164838528" total="275251200" percent="59">
    <mem type="nursery" free="0" total="73924608" percent="0">
      <mem type="allocate" free="0" total="66387968" percent="0" />
      <mem type="survivor" free="0" total="7536640" percent="0" />
    </mem>
    <mem type="tenure" free="164838528" total="201326592" percent="81">
      <mem type="soa" free="154771584" total="191259648" percent="80" />
      <mem type="loa" free="10066944" total="10066944" percent="100" />
    </mem>
    <remembered-set count="2420" />
  </mem-info>
</gc-start>
<allocation-stats totalBytes="65000776" discardedBytes="174376" >
  <allocated-bytes non-tlh="1091464" tlh="63909312" />
  <largest-consumer threadName="Daemon worker" threadId="0000000000604700" bytes="5603064" />
</allocation-stats>
<gc-op id="225" type="scavenge" timems="4.501" contextid="222" timestamp="2024-07-17T20:36:11.877">
  <scavenger-info tenureage="10" tenuremask="7c00" tiltratio="89" />
  <memory-copied type="nursery" objects="41266" bytes="2992536" bytesdiscarded="152552" />
  <finalization candidates="108" enqueued="108" />
  <ownableSynchronizers candidates="252" cleared="241" />
  <references type="soft" candidates="117" cleared="0" enqueued="0" dynamicThreshold="32" maxThreshold="32" />
  <references type="weak" candidates="4601" cleared="2681" enqueued="2681" />
  <references type="phantom" candidates="144" cleared="63" enqueued="63" />
  <object-monitors candidates="52" cleared="42"  />
</gc-op>
<gc-end id="226" type="scavenge" contextid="222" durationms="5.210" usertimems="10.029" systemtimems="6.234" stalltimems="14.885" timestamp="2024-07-17T20:36:11.877" activeThreads="7">
  <mem-info id="227" free="228210624" total="275251200" percent="82">
    <mem type="nursery" free="63372096" total="73924608" percent="85">
      <mem type="allocate" free="63372096" total="66519040" percent="95" />
      <mem type="survivor" free="0" total="7405568" percent="0" />
    </mem>
    <mem type="tenure" free="164838528" total="201326592" percent="81">
      <mem type="soa" free="154771584" total="191259648" percent="80" />
      <mem type="loa" free="10066944" total="10066944" percent="100" />
    </mem>
    <pending-finalizers system="108" default="0" reference="2744" classloader="0" />
    <remembered-set count="2086" />
  </mem-info>
</gc-end>
<cycle-end id="228" type="scavenge" contextid="222" timestamp="2024-07-17T20:36:11.878" />
<allocation-satisfied id="229" threadId="0000000001579E00" bytesRequested="32776" />
<af-end id="230" timestamp="2024-07-17T20:36:11.878" threadId="000000000157A838" success="true" from="nursery"/>
<exclusive-end id="231" timestamp="2024-07-17T20:36:11.878" durationms="7.154" />

<exclusive-start id="232" timestamp="2024-07-17T20:36:12.034" intervalms="163.263">
  <response-info timems="0.091" idlems="0.089" threads="1" lastid="0000000001582300" lastname="Unconstrained build operations Thread 97" />
</exclusive-start>
<af-start id="233" threadId="000000000157A838" totalBytesRequested="53056" timestamp="2024-07-17T20:36:12.035" intervalms="163.149" type="nursery" />
<cycle-start id="234" type="scavenge" contextid="0" timestamp="2024-07-17T20:36:12.035" intervalms="163.140" />
<gc-start id="235" type="scavenge" contextid="234" timestamp="2024-07-17T20:36:12.035">
  <mem-info id="236" free="164837656" total="275251200" percent="59">
    <mem type="nursery" free="0" total="73924608" percent="0">
      <mem type="allocate" free="0" total="66519040" percent="0" />
      <mem type="survivor" free="0" total="7405568" percent="0" />
    </mem>
    <mem type="tenure" free="164837656" total="201326592" percent="81">
      <mem type="soa" free="154770712" total="191259648" percent="80" />
      <mem type="loa" free="10066944" total="10066944" percent="100" />
    </mem>
    <remembered-set count="2199" />
  </mem-info>
</gc-start>
<allocation-stats totalBytes="63256344" discardedBytes="116624" >
  <allocated-bytes non-tlh="1300648" tlh="61955696" />
  <largest-consumer threadName="Unconstrained build operations Thread 90" threadId="0000000001579E00" bytes="16729448" />
</allocation-stats>
<gc-op id="237" type="scavenge" timems="2.971" contextid="234" timestamp="2024-07-17T20:36:12.039">
  <scavenger-info tenureage="11" tenuremask="7800" tiltratio="89" />
  <memory-copied type="nursery" objects="41443" bytes="2450232" bytesdiscarded="161744" />
  <ownableSynchronizers candidates="156" cleared="140" />
  <references type="soft" candidates="117" cleared="0" enqueued="0" dynamicThreshold="32" maxThreshold="32" />
  <references type="weak" candidates="3510" cleared="918" enqueued="918" />
  <references type="phantom" candidates="70" cleared="0" enqueued="0" />
  <object-monitors candidates="13" cleared="2"  />
</gc-op>
<gc-end id="238" type="scavenge" contextid="234" durationms="3.693" usertimems="9.323" systemtimems="0.701" stalltimems="7.749" timestamp="2024-07-17T20:36:12.039" activeThreads="6">
  <mem-info id="239" free="228743848" total="275251200" percent="83">
    <mem type="nursery" free="63906192" total="73924608" percent="86">
      <mem type="allocate" free="63906192" total="66519040" percent="96" />
      <mem type="survivor" free="0" total="7405568" percent="0" />
    </mem>
    <mem type="tenure" free="164837656" total="201326592" percent="81">
      <mem type="soa" free="154770712" total="191259648" percent="80" />
      <mem type="loa" free="10066944" total="10066944" percent="100" />
    </mem>
    <pending-finalizers system="0" default="0" reference="918" classloader="0" />
    <remembered-set count="2029" />
  </mem-info>
</gc-end>
<cycle-end id="240" type="scavenge" contextid="234" timestamp="2024-07-17T20:36:12.039" />
<allocation-satisfied id="241" threadId="0000000001579E00" bytesRequested="53056" />
<af-end id="242" timestamp="2024-07-17T20:36:12.040" threadId="000000000157A838" success="true" from="nursery"/>
<exclusive-end id="243" timestamp="2024-07-17T20:36:12.040" durationms="5.403" />

<exclusive-start id="244" timestamp="2024-07-17T20:36:12.153" intervalms="118.795">
  <response-info timems="0.113" idlems="0.113" threads="0" lastid="0000000001582300" lastname="Unconstrained build operations Thread 97" />
</exclusive-start>
<af-start id="245" threadId="0000000001582D38" totalBytesRequested="64808" timestamp="2024-07-17T20:36:12.153" intervalms="118.784" type="nursery" />
<cycle-start id="246" type="scavenge" contextid="0" timestamp="2024-07-17T20:36:12.154" intervalms="118.767" />
<gc-start id="247" type="scavenge" contextid="246" timestamp="2024-07-17T20:36:12.154">
  <mem-info id="248" free="164837592" total="275251200" percent="59">
    <mem type="nursery" free="0" total="73924608" percent="0">
      <mem type="allocate" free="0" total="66519040" percent="0" />
      <mem type="survivor" free="0" total="7405568" percent="0" />
    </mem>
    <mem type="tenure" free="164837592" total="201326592" percent="81">
      <mem type="soa" free="154770648" total="191259648" percent="80" />
      <mem type="loa" free="10066944" total="10066944" percent="100" />
    </mem>
    <remembered-set count="2121" />
  </mem-info>
</gc-start>
<allocation-stats totalBytes="63771768" discardedBytes="134488" >
  <allocated-bytes non-tlh="946064" tlh="62825704" />
  <largest-consumer threadName="Unconstrained build operations Thread 90" threadId="0000000001579E00" bytes="16659176" />
</allocation-stats>
<gc-op id="249" type="scavenge" timems="3.388" contextid="246" timestamp="2024-07-17T20:36:12.158">
  <scavenger-info tenureage="12" tenuremask="7000" tiltratio="89" />
  <memory-copied type="nursery" objects="50046" bytes="2974248" bytesdiscarded="67944" />
  <ownableSynchronizers candidates="179" cleared="164" />
  <references type="soft" candidates="117" cleared="0" enqueued="0" dynamicThreshold="32" maxThreshold="32" />
  <references type="weak" candidates="5824" cleared="2973" enqueued="2973" />
  <references type="phantom" candidates="66" cleared="0" enqueued="0" />
  <object-monitors candidates="11" cleared="0"  />
</gc-op>
<gc-end id="250" type="scavenge" contextid="246" durationms="4.039" usertimems="12.233" systemtimems="0.917" stalltimems="7.523" timestamp="2024-07-17T20:36:12.158" activeThreads="6">
  <mem-info id="251" free="228313624" total="275251200" percent="82">
    <mem type="nursery" free="63476032" total="73924608" percent="85">
      <mem type="allocate" free="63476032" total="66519040" percent="95" />
      <mem type="survivor" free="0" total="7405568" percent="0" />
    </mem>
    <mem type="tenure" free="164837592" total="201326592" percent="81">
      <mem type="soa" free="154770648" total="191259648" percent="80" />
      <mem type="loa" free="10066944" total="10066944" percent="100" />
    </mem>
    <pending-finalizers system="0" default="0" reference="2973" classloader="0" />
    <remembered-set count="1675" />
  </mem-info>
</gc-end>
<cycle-end id="252" type="scavenge" contextid="246" timestamp="2024-07-17T20:36:12.158" />
<allocation-satisfied id="253" threadId="0000000001582300" bytesRequested="64808" />
<af-end id="254" timestamp="2024-07-17T20:36:12.159" threadId="0000000001582D38" success="true" from="nursery"/>
<exclusive-end id="255" timestamp="2024-07-17T20:36:12.159" durationms="5.654" />

<exclusive-start id="256" timestamp="2024-07-17T20:36:12.232" intervalms="78.701">
  <response-info timems="0.208" idlems="0.145" threads="2" lastid="000000000157E600" lastname="Unconstrained build operations Thread 94" />
</exclusive-start>
<af-start id="257" threadId="0000000001582D38" totalBytesRequested="2056" timestamp="2024-07-17T20:36:12.232" intervalms="78.736" type="nursery" />
<cycle-start id="258" type="scavenge" contextid="0" timestamp="2024-07-17T20:36:12.232" intervalms="78.772" />
<gc-start id="259" type="scavenge" contextid="258" timestamp="2024-07-17T20:36:12.233">
  <mem-info id="260" free="164836872" total="275251200" percent="59">
    <mem type="nursery" free="0" total="73924608" percent="0">
      <mem type="allocate" free="0" total="66519040" percent="0" />
      <mem type="survivor" free="0" total="7405568" percent="0" />
    </mem>
    <mem type="tenure" free="164836872" total="201326592" percent="81">
      <mem type="soa" free="154769928" total="191259648" percent="80" />
      <mem type="loa" free="10066944" total="10066944" percent="100" />
    </mem>
    <remembered-set count="1753" />
  </mem-info>
</gc-start>
<allocation-stats totalBytes="63404944" discardedBytes="71808" >
  <allocated-bytes non-tlh="438304" tlh="62966640" />
  <largest-consumer threadName="Unconstrained build operations Thread 94" threadId="000000000157E600" bytes="10182704" />
</allocation-stats>
<gc-op id="261" type="scavenge" timems="3.424" contextid="258" timestamp="2024-07-17T20:36:12.237">
  <scavenger-info tenureage="3" tenuremask="6008" tiltratio="89" />
  <memory-copied type="nursery" objects="56686" bytes="3139136" bytesdiscarded="206512" />
  <memory-copied type="tenure" objects="14203" bytes="1107384" bytesdiscarded="240" />
  <ownableSynchronizers candidates="76" cleared="63" />
  <references type="weak" candidates="4665" cleared="129" enqueued="129" />
  <references type="phantom" candidates="51" cleared="0" enqueued="0" />
  <object-monitors candidates="12" cleared="1"  />
</gc-op>
<gc-end id="262" type="scavenge" contextid="258" durationms="4.224" usertimems="4.395" systemtimems="10.427" stalltimems="5.683" timestamp="2024-07-17T20:36:12.237" activeThreads="6">
  <mem-info id="263" free="226841496" total="275251200" percent="82">
    <mem type="nursery" free="63172896" total="73924608" percent="85">
      <mem type="allocate" free="63172896" total="66519040" percent="94" />
      <mem type="survivor" free="0" total="7405568" percent="0" />
    </mem>
    <mem type="tenure" free="163668600" total="201326592" percent="81">
      <mem type="soa" free="153601656" total="191259648" percent="80" />
      <mem type="loa" free="10066944" total="10066944" percent="100" />
    </mem>
    <pending-finalizers system="0" default="0" reference="129" classloader="0" />
    <remembered-set count="2580" />
  </mem-info>
</gc-end>
<cycle-end id="264" type="scavenge" contextid="258" timestamp="2024-07-17T20:36:12.237" />
<allocation-satisfied id="265" threadId="0000000001582300" bytesRequested="2056" />
<af-end id="266" timestamp="2024-07-17T20:36:12.238" threadId="0000000001582D38" success="true" from="nursery"/>
<exclusive-end id="267" timestamp="2024-07-17T20:36:12.238" durationms="5.993" />

<exclusive-start id="268" timestamp="2024-07-17T20:36:12.306" intervalms="73.985">
  <response-info timems="0.112" idlems="0.062" threads="1" lastid="0000000000025E00" lastname="JIT Compilation Thread-001" />
</exclusive-start>
<af-start id="269" threadId="0000000001582D38" totalBytesRequested="2432" timestamp="2024-07-17T20:36:12.306" intervalms="74.033" type="nursery" />
<cycle-start id="270" type="scavenge" contextid="0" timestamp="2024-07-17T20:36:12.307" intervalms="74.055" />
<gc-start id="271" type="scavenge" contextid="270" timestamp="2024-07-17T20:36:12.307">
  <mem-info id="272" free="163668600" total="275251200" percent="59">
    <mem type="nursery" free="0" total="73924608" percent="0">
      <mem type="allocate" free="0" total="66519040" percent="0" />
      <mem type="survivor" free="0" total="7405568" percent="0" />
    </mem>
    <mem type="tenure" free="163668600" total="201326592" percent="81">
      <mem type="soa" free="153601656" total="191259648" percent="80" />
      <mem type="loa" free="10066944" total="10066944" percent="100" />
    </mem>
    <remembered-set count="2696" />
  </mem-info>
</gc-start>
<allocation-stats totalBytes="63105768" discardedBytes="67128" >
  <allocated-bytes non-tlh="701840" tlh="62403928" />
  <largest-consumer threadName="Unconstrained build operations Thread 94" threadId="000000000157E600" bytes="10234128" />
</allocation-stats>
<gc-op id="273" type="scavenge" timems="2.881" contextid="270" timestamp="2024-07-17T20:36:12.310">
  <scavenger-info tenureage="14" tenuremask="4000" tiltratio="89" />
  <memory-copied type="nursery" objects="51697" bytes="3441000" bytesdiscarded="147768" />
  <ownableSynchronizers candidates="55" cleared="53" />
  <references type="weak" candidates="8336" cleared="5889" enqueued="5889" />
  <references type="phantom" candidates="53" cleared="0" enqueued="0" />
  <object-monitors candidates="12" cleared="0"  />
</gc-op>
<gc-end id="274" type="scavenge" contextid="270" durationms="3.564" usertimems="10.984" systemtimems="0.838" stalltimems="5.626" timestamp="2024-07-17T20:36:12.311" activeThreads="6">
  <mem-info id="275" free="226598384" total="275251200" percent="82">
    <mem type="nursery" free="62929784" total="73924608" percent="85">
      <mem type="allocate" free="62929784" total="66519040" percent="94" />
      <mem type="survivor" free="0" total="7405568" percent="0" />
    </mem>
    <mem type="tenure" free="163668600" total="201326592" percent="81">
      <mem type="soa" free="153601656" total="191259648" percent="80" />
      <mem type="loa" free="10066944" total="10066944" percent="100" />
    </mem>
    <pending-finalizers system="0" default="0" reference="5889" classloader="0" />
    <remembered-set count="2592" />
  </mem-info>
</gc-end>
<cycle-end id="276" type="scavenge" contextid="270" timestamp="2024-07-17T20:36:12.311" />
<allocation-satisfied id="277" threadId="0000000001582300" bytesRequested="2432" />
<af-end id="278" timestamp="2024-07-17T20:36:12.311" threadId="0000000001582D38" success="true" from="nursery"/>
<exclusive-end id="279" timestamp="2024-07-17T20:36:12.311" durationms="5.598" />

<exclusive-start id="280" timestamp="2024-07-17T20:36:12.380" intervalms="74.343">
  <response-info timems="0.132" idlems="0.082" threads="1" lastid="0000000001584700" lastname="Unconstrained build operations Thread 98" />
</exclusive-start>
<af-start id="281" threadId="0000000001582138" totalBytesRequested="48" timestamp="2024-07-17T20:36:12.380" intervalms="74.306" type="nursery" />
<cycle-start id="282" type="scavenge" contextid="0" timestamp="2024-07-17T20:36:12.381" intervalms="74.288" />
<gc-start id="283" type="scavenge" contextid="282" timestamp="2024-07-17T20:36:12.381">
  <mem-info id="284" free="163668560" total="275251200" percent="59">
    <mem type="nursery" free="0" total="73924608" percent="0">
      <mem type="allocate" free="0" total="66519040" percent="0" />
      <mem type="survivor" free="0" total="7405568" percent="0" />
    </mem>
    <mem type="tenure" free="163668560" total="201326592" percent="81">
      <mem type="soa" free="153601616" total="191259648" percent="80" />
      <mem type="loa" free="10066944" total="10066944" percent="100" />
    </mem>
    <remembered-set count="2675" />
  </mem-info>
</gc-start>
<allocation-stats totalBytes="62828800" discardedBytes="101024" >
  <allocated-bytes non-tlh="1350936" tlh="61477864" />
  <largest-consumer threadName="Unconstrained build operations Thread 90" threadId="0000000001579E00" bytes="9716824" />
</allocation-stats>
<gc-op id="285" type="scavenge" timems="3.757" contextid="282" timestamp="2024-07-17T20:36:12.385">
  <scavenger-info tenureage="9" tenuremask="4200" tiltratio="89" />
  <memory-copied type="nursery" objects="59972" bytes="5377960" bytesdiscarded="158880" />
  <memory-copied type="tenure" objects="4935" bytes="171464" bytesdiscarded="136" />
  <ownableSynchronizers candidates="31" cleared="28" />
  <references type="weak" candidates="3287" cleared="1000" enqueued="1000" />
  <references type="phantom" candidates="50" cleared="0" enqueued="0" />
  <object-monitors candidates="12" cleared="0"  />
</gc-op>
<heap-resize id="286" type="expand" space="nursery" amount="3014656" count="1" timems="0.034" reason="excessive time being spent scavenging" timestamp="2024-07-17T20:36:12.386" />
<gc-end id="287" type="scavenge" contextid="282" durationms="4.735" usertimems="8.668" systemtimems="7.655" stalltimems="5.839" timestamp="2024-07-17T20:36:12.386" activeThreads="6">
  <mem-info id="288" free="226465848" total="278265856" percent="81">
    <mem type="nursery" free="63209960" total="76939264" percent="82">
      <mem type="allocate" free="63209960" total="68747264" percent="91" />
      <mem type="survivor" free="0" total="8192000" percent="0" />
    </mem>
    <mem type="tenure" free="163255888" total="201326592" percent="81">
      <mem type="soa" free="153188944" total="191259648" percent="80" />
      <mem type="loa" free="10066944" total="10066944" percent="100" />
    </mem>
    <pending-finalizers system="0" default="0" reference="1000" classloader="0" />
    <remembered-set count="2388" />
  </mem-info>
</gc-end>
<cycle-end id="289" type="scavenge" contextid="282" timestamp="2024-07-17T20:36:12.387" />
<allocation-satisfied id="290" threadId="0000000001581700" bytesRequested="48" />
<af-end id="291" timestamp="2024-07-17T20:36:12.387" threadId="0000000001582138" success="true" from="nursery"/>
<exclusive-end id="292" timestamp="2024-07-17T20:36:12.387" durationms="7.322" />

<exclusive-start id="293" timestamp="2024-07-17T20:36:12.443" intervalms="62.497">
  <response-info timems="0.106" idlems="0.106" threads="0" lastid="0000000001576D00" lastname="Unconstrained build operations Thread 88" />
</exclusive-start>
<af-start id="294" threadId="0000000001577738" totalBytesRequested="64" timestamp="2024-07-17T20:36:12.443" intervalms="62.500" type="nursery" />
<cycle-start id="295" type="scavenge" contextid="0" timestamp="2024-07-17T20:36:12.443" intervalms="62.495" />
<gc-start id="296" type="scavenge" contextid="295" timestamp="2024-07-17T20:36:12.444">
  <mem-info id="297" free="163255568" total="278265856" percent="58">
    <mem type="nursery" free="0" total="76939264" percent="0">
      <mem type="allocate" free="0" total="68747264" percent="0" />
      <mem type="survivor" free="0" total="8192000" percent="0" />
    </mem>
    <mem type="tenure" free="163255568" total="201326592" percent="81">
      <mem type="soa" free="153188624" total="191259648" percent="80" />
      <mem type="loa" free="10066944" total="10066944" percent="100" />
    </mem>
    <remembered-set count="2472" />
  </mem-info>
</gc-start>
<allocation-stats totalBytes="63140928" discardedBytes="69352" >
  <allocated-bytes non-tlh="996392" tlh="62144536" />
  <largest-consumer threadName="Unconstrained build operations Thread 96" threadId="0000000001581700" bytes="8839952" />
</allocation-stats>
<gc-op id="298" type="scavenge" timems="5.950" contextid="295" timestamp="2024-07-17T20:36:12.450">
  <scavenger-info tenureage="9" tenuremask="4200" tiltratio="89" />
  <memory-copied type="nursery" objects="103546" bytes="7689952" bytesdiscarded="187080" />
  <memory-copied type="tenure" objects="2823" bytes="89744" bytesdiscarded="56" />
  <ownableSynchronizers candidates="31" cleared="21" />
  <references type="weak" candidates="2310" cleared="47" enqueued="47" />
  <references type="phantom" candidates="39" cleared="0" enqueued="0" />
  <object-monitors candidates="12" cleared="0"  />
</gc-op>
<heap-resize id="299" type="expand" space="nursery" amount="3670016" count="1" timems="0.041" reason="excessive time being spent scavenging" timestamp="2024-07-17T20:36:12.451" />
<gc-end id="300" type="scavenge" contextid="295" durationms="7.577" usertimems="27.279" systemtimems="2.125" stalltimems="6.101" timestamp="2024-07-17T20:36:12.451" activeThreads="6">
  <mem-info id="301" free="224171584" total="281935872" percent="79">
    <mem type="nursery" free="61328688" total="80609280" percent="76">
      <mem type="allocate" free="61328688" total="69206016" percent="88" />
      <mem type="survivor" free="0" total="11403264" percent="0" />
    </mem>
    <mem type="tenure" free="162842896" total="201326592" percent="80">
      <mem type="soa" free="152775952" total="191259648" percent="79" />
      <mem type="loa" free="10066944" total="10066944" percent="100" />
    </mem>
    <pending-finalizers system="0" default="0" reference="47" classloader="0" />
    <remembered-set count="2147" />
  </mem-info>
</gc-end>
<cycle-end id="302" type="scavenge" contextid="295" timestamp="2024-07-17T20:36:12.452" />
<allocation-satisfied id="303" threadId="0000000001576D00" bytesRequested="64" />
<af-end id="304" timestamp="2024-07-17T20:36:12.452" threadId="0000000001577738" success="true" from="nursery"/>
<exclusive-end id="305" timestamp="2024-07-17T20:36:12.453" durationms="9.884" />

<exclusive-start id="306" timestamp="2024-07-17T20:36:12.518" intervalms="75.793">
  <response-info timems="0.167" idlems="0.167" threads="0" lastid="0000000001576D00" lastname="Unconstrained build operations Thread 88" />
</exclusive-start>
<af-start id="307" threadId="0000000001577738" totalBytesRequested="64" timestamp="2024-07-17T20:36:12.519" intervalms="75.923" type="nursery" />
<cycle-start id="308" type="scavenge" contextid="0" timestamp="2024-07-17T20:36:12.519" intervalms="76.137" />
<gc-start id="309" type="scavenge" contextid="308" timestamp="2024-07-17T20:36:12.520">
  <mem-info id="310" free="162842496" total="281935872" percent="57">
    <mem type="nursery" free="0" total="80609280" percent="0">
      <mem type="allocate" free="0" total="69206016" percent="0" />
      <mem type="survivor" free="0" total="11403264" percent="0" />
    </mem>
    <mem type="tenure" free="162842496" total="201326592" percent="80">
      <mem type="soa" free="152775552" total="191259648" percent="79" />
      <mem type="loa" free="10066944" total="10066944" percent="100" />
    </mem>
    <remembered-set count="2269" />
  </mem-info>
</gc-start>
<allocation-stats totalBytes="61257288" discardedBytes="71800" >
  <allocated-bytes non-tlh="2178920" tlh="59078368" />
  <largest-consumer threadName="Unconstrained build operations Thread 94" threadId="000000000157E600" bytes="10946304" />
</allocation-stats>
<gc-op id="311" type="scavenge" timems="5.522" contextid="308" timestamp="2024-07-17T20:36:12.527">
  <scavenger-info tenureage="8" tenuremask="4300" tiltratio="85" />
  <memory-copied type="nursery" objects="55512" bytes="4450840" bytesdiscarded="455576" />
  <memory-copied type="tenure" objects="5363" bytes="192568" bytesdiscarded="0" />
  <ownableSynchronizers candidates="53" cleared="51" />
  <references type="weak" candidates="2316" cleared="187" enqueued="187" />
  <references type="phantom" candidates="36" cleared="0" enqueued="0" />
  <object-monitors candidates="12" cleared="0"  />
</gc-op>
<heap-resize id="312" type="expand" space="nursery" amount="3276800" count="1" timems="0.970" reason="excessive time being spent scavenging" timestamp="2024-07-17T20:36:12.528" />
<gc-end id="313" type="scavenge" contextid="308" durationms="8.260" usertimems="26.170" systemtimems="0.000" stalltimems="11.871" timestamp="2024-07-17T20:36:12.528" activeThreads="7">
  <mem-info id="314" free="230612480" total="285212672" percent="80">
    <mem type="nursery" free="68034848" total="83886080" percent="81">
      <mem type="allocate" free="68034848" total="72941568" percent="93" />
      <mem type="survivor" free="0" total="10944512" percent="0" />
    </mem>
    <mem type="tenure" free="162577632" total="201326592" percent="80">
      <mem type="soa" free="152510688" total="191259648" percent="79" />
      <mem type="loa" free="10066944" total="10066944" percent="100" />
    </mem>
    <pending-finalizers system="0" default="0" reference="187" classloader="0" />
    <remembered-set count="1464" />
  </mem-info>
</gc-end>
<cycle-end id="315" type="scavenge" contextid="308" timestamp="2024-07-17T20:36:12.529" />
<allocation-satisfied id="316" threadId="0000000001576D00" bytesRequested="64" />
<af-end id="317" timestamp="2024-07-17T20:36:12.529" threadId="0000000001577738" success="true" from="nursery"/>
<exclusive-end id="318" timestamp="2024-07-17T20:36:12.529" durationms="10.946" />

<exclusive-start id="319" timestamp="2024-07-17T20:36:12.611" intervalms="92.343">
  <response-info timems="0.193" idlems="0.131" threads="1" lastid="0000000001584700" lastname="Unconstrained build operations Thread 98" />
</exclusive-start>
<af-start id="320" threadId="0000000000605138" totalBytesRequested="48" timestamp="2024-07-17T20:36:12.611" intervalms="92.223" type="nursery" />
<cycle-start id="321" type="scavenge" contextid="0" timestamp="2024-07-17T20:36:12.612" intervalms="92.065" />
<gc-start id="322" type="scavenge" contextid="321" timestamp="2024-07-17T20:36:12.612">
  <mem-info id="323" free="162576272" total="285212672" percent="57">
    <mem type="nursery" free="0" total="83886080" percent="0">
      <mem type="allocate" free="0" total="72941568" percent="0" />
      <mem type="survivor" free="0" total="10944512" percent="0" />
    </mem>
    <mem type="tenure" free="162576272" total="201326592" percent="80">
      <mem type="soa" free="152509328" total="191259648" percent="79" />
      <mem type="loa" free="10066944" total="10066944" percent="100" />
    </mem>
    <remembered-set count="1621" />
  </mem-info>
</gc-start>
<allocation-stats totalBytes="67971440" discardedBytes="64768" >
  <allocated-bytes non-tlh="1139448" tlh="66831992" />
  <largest-consumer threadName="Unconstrained build operations Thread 98" threadId="0000000001584700" bytes="13330800" />
</allocation-stats>
<gc-op id="324" type="scavenge" timems="3.257" contextid="321" timestamp="2024-07-17T20:36:12.616">
  <scavenger-info tenureage="4" tenuremask="4010" tiltratio="86" />
  <memory-copied type="nursery" objects="41715" bytes="2179000" bytesdiscarded="383008" />
  <memory-copied type="tenure" objects="5031" bytes="1020552" bytesdiscarded="536" />
  <ownableSynchronizers candidates="53" cleared="47" />
  <references type="weak" candidates="2991" cleared="1211" enqueued="1211" />
  <references type="phantom" candidates="25" cleared="0" enqueued="0" />
  <object-monitors candidates="13" cleared="0"  />
</gc-op>
<gc-end id="325" type="scavenge" contextid="321" durationms="4.342" usertimems="26.196" systemtimems="0.000" stalltimems="6.681" timestamp="2024-07-17T20:36:12.616" activeThreads="7">
  <mem-info id="326" free="233172320" total="285212672" percent="81">
    <mem type="nursery" free="71886712" total="83886080" percent="85">
      <mem type="allocate" free="71886712" total="74448896" percent="96" />
      <mem type="survivor" free="0" total="9437184" percent="0" />
    </mem>
    <mem type="tenure" free="161285608" total="201326592" percent="80">
      <mem type="soa" free="151218664" total="191259648" percent="79" />
      <mem type="loa" free="10066944" total="10066944" percent="100" />
    </mem>
    <pending-finalizers system="0" default="0" reference="1211" classloader="0" />
    <remembered-set count="2136" />
  </mem-info>
</gc-end>
<cycle-end id="327" type="scavenge" contextid="321" timestamp="2024-07-17T20:36:12.617" />
<allocation-satisfied id="328" threadId="0000000000604700" bytesRequested="48" />
<af-end id="329" timestamp="2024-07-17T20:36:12.617" threadId="0000000000605138" success="true" from="nursery"/>
<exclusive-end id="330" timestamp="2024-07-17T20:36:12.617" durationms="6.255" />

<exclusive-start id="331" timestamp="2024-07-17T20:36:12.709" intervalms="98.249">
  <response-info timems="0.124" idlems="0.124" threads="0" lastid="000000000157DA00" lastname="Unconstrained build operations Thread 93" />
</exclusive-start>
<af-start id="332" threadId="000000000157E438" totalBytesRequested="8200" timestamp="2024-07-17T20:36:12.709" intervalms="98.291" type="nursery" />
<cycle-start id="333" type="scavenge" contextid="0" timestamp="2024-07-17T20:36:12.710" intervalms="98.360" />
<gc-start id="334" type="scavenge" contextid="333" timestamp="2024-07-17T20:36:12.710">
  <mem-info id="335" free="161285608" total="285212672" percent="56">
    <mem type="nursery" free="0" total="83886080" percent="0">
      <mem type="allocate" free="0" total="74448896" percent="0" />
      <mem type="survivor" free="0" total="9437184" percent="0" />
    </mem>
    <mem type="tenure" free="161285608" total="201326592" percent="80">
      <mem type="soa" free="151218664" total="191259648" percent="79" />
      <mem type="loa" free="10066944" total="10066944" percent="100" />
    </mem>
    <remembered-set count="2246" />
  </mem-info>
</gc-start>
<allocation-stats totalBytes="71803040" discardedBytes="83672" >
  <allocated-bytes non-tlh="1078992" tlh="70724048" />
  <largest-consumer threadName="Unconstrained build operations Thread 93" threadId="000000000157DA00" bytes="15488944" />
</allocation-stats>
<gc-op id="336" type="scavenge" timems="3.782" contextid="333" timestamp="2024-07-17T20:36:12.715">
  <scavenger-info tenureage="14" tenuremask="4000" tiltratio="88" />
  <memory-copied type="nursery" objects="53587" bytes="2931256" bytesdiscarded="83384" />
  <ownableSynchronizers candidates="22" cleared="18" />
  <references type="weak" candidates="1844" cleared="19" enqueued="19" />
  <references type="phantom" candidates="23" cleared="0" enqueued="0" />
  <object-monitors candidates="13" cleared="0"  />
</gc-op>
<gc-end id="337" type="scavenge" contextid="333" durationms="5.392" usertimems="23.605" systemtimems="0.000" stalltimems="8.215" timestamp="2024-07-17T20:36:12.716" activeThreads="7">
  <mem-info id="338" free="233768312" total="285212672" percent="81">
    <mem type="nursery" free="72482704" total="83886080" percent="86">
      <mem type="allocate" free="72482704" total="75497472" percent="96" />
      <mem type="survivor" free="0" total="8388608" percent="0" />
    </mem>
    <mem type="tenure" free="161285608" total="201326592" percent="80">
      <mem type="soa" free="151218664" total="191259648" percent="79" />
      <mem type="loa" free="10066944" total="10066944" percent="100" />
    </mem>
    <pending-finalizers system="0" default="0" reference="19" classloader="0" />
    <remembered-set count="2093" />
  </mem-info>
</gc-end>
<cycle-end id="339" type="scavenge" contextid="333" timestamp="2024-07-17T20:36:12.716" />
<allocation-satisfied id="340" threadId="000000000157DA00" bytesRequested="8200" />
<af-end id="341" timestamp="2024-07-17T20:36:12.717" threadId="000000000157E438" success="true" from="nursery"/>
<exclusive-end id="342" timestamp="2024-07-17T20:36:12.717" durationms="7.941" />

<exclusive-start id="343" timestamp="2024-07-17T20:36:12.816" intervalms="106.608">
  <response-info timems="0.130" idlems="0.128" threads="1" lastid="0000000001584700" lastname="Unconstrained build operations Thread 98" />
</exclusive-start>
<af-start id="344" threadId="000000000157E438" totalBytesRequested="32" timestamp="2024-07-17T20:36:12.816" intervalms="106.580" type="nursery" />
<cycle-start id="345" type="scavenge" contextid="0" timestamp="2024-07-17T20:36:12.816" intervalms="106.496" />
<gc-start id="346" type="scavenge" contextid="345" timestamp="2024-07-17T20:36:12.817">
  <mem-info id="347" free="161285224" total="285212672" percent="56">
    <mem type="nursery" free="0" total="83886080" percent="0">
      <mem type="allocate" free="0" total="75497472" percent="0" />
      <mem type="survivor" free="0" total="8388608" percent="0" />
    </mem>
    <mem type="tenure" free="161285224" total="201326592" percent="80">
      <mem type="soa" free="151218280" total="191259648" percent="79" />
      <mem type="loa" free="10066944" total="10066944" percent="100" />
    </mem>
    <remembered-set count="2319" />
  </mem-info>
</gc-start>
<allocation-stats totalBytes="72392824" discardedBytes="90264" >
  <allocated-bytes non-tlh="619680" tlh="71773144" />
  <largest-consumer threadName="Unconstrained build operations Thread 93" threadId="000000000157DA00" bytes="16102072" />
</allocation-stats>
<gc-op id="348" type="scavenge" timems="3.399" contextid="345" timestamp="2024-07-17T20:36:12.821">
  <scavenger-info tenureage="14" tenuremask="4000" tiltratio="90" />
  <memory-copied type="nursery" objects="48616" bytes="2393192" bytesdiscarded="234880" />
  <ownableSynchronizers candidates="46" cleared="39" />
  <references type="weak" candidates="2819" cleared="861" enqueued="861" />
  <references type="phantom" candidates="19" cleared="0" enqueued="0" />
  <object-monitors candidates="13" cleared="0"  />
</gc-op>
<gc-end id="349" type="scavenge" contextid="345" durationms="4.891" usertimems="13.038" systemtimems="0.991" stalltimems="9.855" timestamp="2024-07-17T20:36:12.822" activeThreads="7">
  <mem-info id="350" free="234154544" total="285212672" percent="82">
    <mem type="nursery" free="72869320" total="83886080" percent="86">
      <mem type="allocate" free="72869320" total="75497472" percent="96" />
      <mem type="survivor" free="0" total="8388608" percent="0" />
    </mem>
    <mem type="tenure" free="161285224" total="201326592" percent="80">
      <mem type="soa" free="151218280" total="191259648" percent="79" />
      <mem type="loa" free="10066944" total="10066944" percent="100" />
    </mem>
    <pending-finalizers system="0" default="0" reference="861" classloader="0" />
    <remembered-set count="2107" />
  </mem-info>
</gc-end>
<cycle-end id="351" type="scavenge" contextid="345" timestamp="2024-07-17T20:36:12.822" />
<allocation-satisfied id="352" threadId="000000000157DA00" bytesRequested="32" />
<af-end id="353" timestamp="2024-07-17T20:36:12.822" threadId="000000000157E438" success="true" from="nursery"/>
<exclusive-end id="354" timestamp="2024-07-17T20:36:12.823" durationms="6.905" />

<exclusive-start id="355" timestamp="2024-07-17T20:36:12.900" intervalms="84.716">
  <response-info timems="0.103" idlems="0.103" threads="0" lastid="0000000001582300" lastname="Unconstrained build operations Thread 97" />
</exclusive-start>
<af-start id="356" threadId="0000000001582D38" totalBytesRequested="78304" timestamp="2024-07-17T20:36:12.901" intervalms="84.769" type="nursery" />
<cycle-start id="357" type="scavenge" contextid="0" timestamp="2024-07-17T20:36:12.901" intervalms="84.762" />
<gc-start id="358" type="scavenge" contextid="357" timestamp="2024-07-17T20:36:12.902">
  <mem-info id="359" free="161284504" total="285212672" percent="56">
    <mem type="nursery" free="0" total="83886080" percent="0">
      <mem type="allocate" free="0" total="75497472" percent="0" />
      <mem type="survivor" free="0" total="8388608" percent="0" />
    </mem>
    <mem type="tenure" free="161284504" total="201326592" percent="80">
      <mem type="soa" free="151217560" total="191259648" percent="79" />
      <mem type="loa" free="10066944" total="10066944" percent="100" />
    </mem>
    <remembered-set count="2237" />
  </mem-info>
</gc-start>
<allocation-stats totalBytes="72806392" discardedBytes="63648" >
  <allocated-bytes non-tlh="445592" tlh="72360800" />
  <largest-consumer threadName="Unconstrained build operations Thread 93" threadId="000000000157DA00" bytes="17256792" />
</allocation-stats>
<gc-op id="360" type="scavenge" timems="2.675" contextid="357" timestamp="2024-07-17T20:36:12.905">
  <scavenger-info tenureage="14" tenuremask="4000" tiltratio="90" />
  <memory-copied type="nursery" objects="64024" bytes="3590112" bytesdiscarded="450584" />
  <ownableSynchronizers candidates="35" cleared="31" />
  <references type="weak" candidates="2601" cleared="560" enqueued="560" />
  <references type="phantom" candidates="29" cleared="0" enqueued="0" />
  <object-monitors candidates="13" cleared="0"  />
</gc-op>
<gc-end id="361" type="scavenge" contextid="357" durationms="3.552" usertimems="11.731" systemtimems="0.000" stalltimems="4.341" timestamp="2024-07-17T20:36:12.905" activeThreads="6">
  <mem-info id="362" free="232741048" total="285212672" percent="81">
    <mem type="nursery" free="71456544" total="83886080" percent="85">
      <mem type="allocate" free="71456544" total="75497472" percent="94" />
      <mem type="survivor" free="0" total="8388608" percent="0" />
    </mem>
    <mem type="tenure" free="161284504" total="201326592" percent="80">
      <mem type="soa" free="151217560" total="191259648" percent="79" />
      <mem type="loa" free="10066944" total="10066944" percent="100" />
    </mem>
    <pending-finalizers system="0" default="0" reference="560" classloader="0" />
    <remembered-set count="2089" />
  </mem-info>
</gc-end>
<cycle-end id="363" type="scavenge" contextid="357" timestamp="2024-07-17T20:36:12.906" />
<allocation-satisfied id="364" threadId="0000000001582300" bytesRequested="78304" />
<af-end id="365" timestamp="2024-07-17T20:36:12.906" threadId="0000000001582D38" success="true" from="nursery"/>
<exclusive-end id="366" timestamp="2024-07-17T20:36:12.906" durationms="5.627" />

<exclusive-start id="367" timestamp="2024-07-17T20:36:12.977" intervalms="76.132">
  <response-info timems="0.128" idlems="0.117" threads="1" lastid="0000000001584700" lastname="Unconstrained build operations Thread 98" />
</exclusive-start>
<af-start id="368" threadId="000000000157D838" totalBytesRequested="64" timestamp="2024-07-17T20:36:12.977" intervalms="76.051" type="nursery" />
<cycle-start id="369" type="scavenge" contextid="0" timestamp="2024-07-17T20:36:12.977" intervalms="75.997" />
<gc-start id="370" type="scavenge" contextid="369" timestamp="2024-07-17T20:36:12.978">
  <mem-info id="371" free="161284504" total="285212672" percent="56">
    <mem type="nursery" free="0" total="83886080" percent="0">
      <mem type="allocate" free="0" total="75497472" percent="0" />
      <mem type="survivor" free="0" total="8388608" percent="0" />
    </mem>
    <mem type="tenure" free="161284504" total="201326592" percent="80">
      <mem type="soa" free="151217560" total="191259648" percent="79" />
      <mem type="loa" free="10066944" total="10066944" percent="100" />
    </mem>
    <remembered-set count="2211" />
  </mem-info>
</gc-start>
<allocation-stats totalBytes="71379160" discardedBytes="77384" >
  <allocated-bytes non-tlh="775160" tlh="70604000" />
  <largest-consumer threadName="Unconstrained build operations Thread 97" threadId="0000000001582300" bytes="14160832" />
</allocation-stats>
<gc-op id="372" type="scavenge" timems="4.460" contextid="369" timestamp="2024-07-17T20:36:12.982">
  <scavenger-info tenureage="10" tenuremask="4c00" tiltratio="90" />
  <memory-copied type="nursery" objects="57863" bytes="3261552" bytesdiscarded="284664" />
  <memory-copied type="tenure" objects="10302" bytes="388360" bytesdiscarded="48" />
  <ownableSynchronizers candidates="46" cleared="42" />
  <references type="weak" candidates="1334" cleared="118" enqueued="118" />
  <references type="phantom" candidates="26" cleared="0" enqueued="0" />
  <object-monitors candidates="13" cleared="0"  />
</gc-op>
<heap-resize id="373" type="expand" space="nursery" amount="3538944" count="1" timems="0.123" reason="excessive time being spent scavenging" timestamp="2024-07-17T20:36:12.983" />
<gc-end id="374" type="scavenge" contextid="369" durationms="5.692" usertimems="19.863" systemtimems="10.020" stalltimems="7.033" timestamp="2024-07-17T20:36:12.983" activeThreads="6">
  <mem-info id="375" free="235968568" total="288751616" percent="81">
    <mem type="nursery" free="75096736" total="87425024" percent="85">
      <mem type="allocate" free="75096736" total="78643200" percent="95" />
      <mem type="survivor" free="0" total="8781824" percent="0" />
    </mem>
    <mem type="tenure" free="160871832" total="201326592" percent="79">
      <mem type="soa" free="150804888" total="191259648" percent="78" />
      <mem type="loa" free="10066944" total="10066944" percent="100" />
    </mem>
    <pending-finalizers system="0" default="0" reference="118" classloader="0" />
    <remembered-set count="1727" />
  </mem-info>
</gc-end>
<cycle-end id="376" type="scavenge" contextid="369" timestamp="2024-07-17T20:36:12.984" />
<allocation-satisfied id="377" threadId="000000000157CE00" bytesRequested="64" />
<af-end id="378" timestamp="2024-07-17T20:36:12.984" threadId="000000000157D838" success="true" from="nursery"/>
<exclusive-end id="379" timestamp="2024-07-17T20:36:12.984" durationms="7.687" />

<exclusive-start id="380" timestamp="2024-07-17T20:36:13.064" intervalms="87.439">
  <response-info timems="0.772" idlems="0.761" threads="1" lastid="0000000000604700" lastname="Daemon worker" />
</exclusive-start>
<af-start id="381" threadId="000000000157D838" totalBytesRequested="24" timestamp="2024-07-17T20:36:13.064" intervalms="87.466" type="nursery" />
<cycle-start id="382" type="scavenge" contextid="0" timestamp="2024-07-17T20:36:13.065" intervalms="87.543" />
<gc-start id="383" type="scavenge" contextid="382" timestamp="2024-07-17T20:36:13.065">
  <mem-info id="384" free="160871832" total="288751616" percent="55">
    <mem type="nursery" free="0" total="87425024" percent="0">
      <mem type="allocate" free="0" total="78643200" percent="0" />
      <mem type="survivor" free="0" total="8781824" percent="0" />
    </mem>
    <mem type="tenure" free="160871832" total="201326592" percent="79">
      <mem type="soa" free="150804888" total="191259648" percent="78" />
      <mem type="loa" free="10066944" total="10066944" percent="100" />
    </mem>
    <remembered-set count="1888" />
  </mem-info>
</gc-start>
<allocation-stats totalBytes="75027000" discardedBytes="69736" >
  <allocated-bytes non-tlh="605216" tlh="74421784" />
  <largest-consumer threadName="Unconstrained build operations Thread 97" threadId="0000000001582300" bytes="14404984" />
</allocation-stats>
<gc-op id="385" type="scavenge" timems="5.260" contextid="382" timestamp="2024-07-17T20:36:13.071">
  <scavenger-info tenureage="5" tenuremask="4420" tiltratio="89" />
  <memory-copied type="nursery" objects="58441" bytes="3597496" bytesdiscarded="232992" />
  <memory-copied type="tenure" objects="10354" bytes="468584" bytesdiscarded="64" />
  <ownableSynchronizers candidates="52" cleared="44" />
  <references type="weak" candidates="1017" cleared="63" enqueued="63" />
  <references type="phantom" candidates="16" cleared="0" enqueued="0" />
  <object-monitors candidates="13" cleared="0"  />
</gc-op>
<gc-end id="386" type="scavenge" contextid="382" durationms="6.196" usertimems="21.597" systemtimems="1.703" stalltimems="5.190" timestamp="2024-07-17T20:36:13.072" activeThreads="6">
  <mem-info id="387" free="235286344" total="288751616" percent="81">
    <mem type="nursery" free="74812600" total="87425024" percent="85">
      <mem type="allocate" free="74812600" total="78643200" percent="95" />
      <mem type="survivor" free="0" total="8781824" percent="0" />
    </mem>
    <mem type="tenure" free="160473744" total="201326592" percent="79">
      <mem type="soa" free="150406800" total="191259648" percent="78" />
      <mem type="loa" free="10066944" total="10066944" percent="100" />
    </mem>
    <pending-finalizers system="0" default="0" reference="63" classloader="0" />
    <remembered-set count="1670" />
  </mem-info>
</gc-end>
<cycle-end id="388" type="scavenge" contextid="382" timestamp="2024-07-17T20:36:13.072" />
<allocation-satisfied id="389" threadId="000000000157CE00" bytesRequested="24" />
<af-end id="390" timestamp="2024-07-17T20:36:13.072" threadId="000000000157D838" success="true" from="nursery"/>
<exclusive-end id="391" timestamp="2024-07-17T20:36:13.072" durationms="8.365" />

<exclusive-start id="392" timestamp="2024-07-17T20:36:13.303" intervalms="238.863">
  <response-info timems="0.448" idlems="0.243" threads="1" lastid="0000000000025E00" lastname="JIT Compilation Thread-001" />
</exclusive-start>
<af-start id="393" threadId="0000000001582D38" totalBytesRequested="32" timestamp="2024-07-17T20:36:13.303" intervalms="238.814" type="nursery" />
<cycle-start id="394" type="scavenge" contextid="0" timestamp="2024-07-17T20:36:13.303" intervalms="238.727" />
<gc-start id="395" type="scavenge" contextid="394" timestamp="2024-07-17T20:36:13.304">
  <mem-info id="396" free="160473584" total="288751616" percent="55">
    <mem type="nursery" free="0" total="87425024" percent="0">
      <mem type="allocate" free="0" total="78643200" percent="0" />
      <mem type="survivor" free="0" total="8781824" percent="0" />
    </mem>
    <mem type="tenure" free="160473584" total="201326592" percent="79">
      <mem type="soa" free="150406640" total="191259648" percent="78" />
      <mem type="loa" free="10066944" total="10066944" percent="100" />
    </mem>
    <remembered-set count="2557" />
  </mem-info>
</gc-start>
<allocation-stats totalBytes="74700896" discardedBytes="111864" >
  <allocated-bytes non-tlh="1388856" tlh="73312040" />
  <largest-consumer threadName="Unconstrained build operations Thread 95" threadId="0000000001580B00" bytes="18173248" />
</allocation-stats>
<gc-op id="397" type="scavenge" timems="2.448" contextid="394" timestamp="2024-07-17T20:36:13.307">
  <scavenger-info tenureage="5" tenuremask="43a0" tiltratio="89" />
  <memory-copied type="nursery" objects="19706" bytes="1062784" bytesdiscarded="223096" />
  <memory-copied type="tenure" objects="4684" bytes="210080" bytesdiscarded="240" />
  <ownableSynchronizers candidates="143" cleared="137" />
  <references type="weak" candidates="3136" cleared="2218" enqueued="2218" />
  <references type="phantom" candidates="21" cleared="0" enqueued="0" />
  <object-monitors candidates="15" cleared="0"  />
</gc-op>
<gc-end id="398" type="scavenge" contextid="394" durationms="3.586" usertimems="8.747" systemtimems="0.668" stalltimems="5.596" timestamp="2024-07-17T20:36:13.307" activeThreads="6">
  <mem-info id="399" free="237403656" total="288751616" percent="82">
    <mem type="nursery" free="77357120" total="87425024" percent="88">
      <mem type="allocate" free="77357120" total="78643200" percent="98" />
      <mem type="survivor" free="0" total="8781824" percent="0" />
    </mem>
    <mem type="tenure" free="160046536" total="201326592" percent="79">
      <mem type="soa" free="149979592" total="191259648" percent="78" />
      <mem type="loa" free="10066944" total="10066944" percent="100" />
    </mem>
    <pending-finalizers system="0" default="0" reference="2218" classloader="0" />
    <remembered-set count="1594" />
  </mem-info>
</gc-end>
<cycle-end id="400" type="scavenge" contextid="394" timestamp="2024-07-17T20:36:13.308" />
<allocation-satisfied id="401" threadId="0000000001582300" bytesRequested="32" />
<af-end id="402" timestamp="2024-07-17T20:36:13.308" threadId="0000000001582D38" success="true" from="nursery"/>
<exclusive-end id="403" timestamp="2024-07-17T20:36:13.308" durationms="5.270" />

<exclusive-start id="404" timestamp="2024-07-17T20:36:13.466" intervalms="163.267">
  <response-info timems="0.139" idlems="0.118" threads="1" lastid="0000000001579100" lastname="Unconstrained build operations Thread 89" />
</exclusive-start>
<af-start id="405" threadId="0000000000605138" totalBytesRequested="32520" timestamp="2024-07-17T20:36:13.467" intervalms="163.436" type="nursery" />
<cycle-start id="406" type="scavenge" contextid="0" timestamp="2024-07-17T20:36:13.467" intervalms="163.476" />
<gc-start id="407" type="scavenge" contextid="406" timestamp="2024-07-17T20:36:13.467">
  <mem-info id="408" free="160046320" total="288751616" percent="55">
    <mem type="nursery" free="0" total="87425024" percent="0">
      <mem type="allocate" free="0" total="78643200" percent="0" />
      <mem type="survivor" free="0" total="8781824" percent="0" />
    </mem>
    <mem type="tenure" free="160046320" total="201326592" percent="79">
      <mem type="soa" free="149979376" total="191259648" percent="78" />
      <mem type="loa" free="10066944" total="10066944" percent="100" />
    </mem>
    <remembered-set count="2103" />
  </mem-info>
</gc-start>
<allocation-stats totalBytes="77219456" discardedBytes="137880" >
  <allocated-bytes non-tlh="377320" tlh="76842136" />
  <largest-consumer threadName="Unconstrained build operations Thread 94" threadId="000000000157E600" bytes="15777576" />
</allocation-stats>
<gc-op id="409" type="scavenge" timems="4.005" contextid="406" timestamp="2024-07-17T20:36:13.472">
  <scavenger-info tenureage="14" tenuremask="4000" tiltratio="89" />
  <memory-copied type="nursery" objects="45339" bytes="2609288" bytesdiscarded="270208" />
  <ownableSynchronizers candidates="171" cleared="166" />
  <references type="weak" candidates="3270" cleared="1858" enqueued="1858" />
  <references type="phantom" candidates="30" cleared="0" enqueued="0" />
  <object-monitors candidates="19" cleared="2"  />
</gc-op>
<gc-end id="410" type="scavenge" contextid="406" durationms="5.222" usertimems="15.835" systemtimems="1.221" stalltimems="7.341" timestamp="2024-07-17T20:36:13.472" activeThreads="6">
  <mem-info id="411" free="235809656" total="288751616" percent="81">
    <mem type="nursery" free="75763336" total="87425024" percent="86">
      <mem type="allocate" free="75763336" total="78643200" percent="96" />
      <mem type="survivor" free="0" total="8781824" percent="0" />
    </mem>
    <mem type="tenure" free="160046320" total="201326592" percent="79">
      <mem type="soa" free="149979376" total="191259648" percent="78" />
      <mem type="loa" free="10066944" total="10066944" percent="100" />
    </mem>
    <pending-finalizers system="0" default="0" reference="1858" classloader="0" />
    <remembered-set count="1828" />
  </mem-info>
</gc-end>
<cycle-end id="412" type="scavenge" contextid="406" timestamp="2024-07-17T20:36:13.473" />
<allocation-satisfied id="413" threadId="0000000000604700" bytesRequested="32520" />
<af-end id="414" timestamp="2024-07-17T20:36:13.473" threadId="0000000000605138" success="true" from="nursery"/>
<exclusive-end id="415" timestamp="2024-07-17T20:36:13.473" durationms="7.334" />

<exclusive-start id="416" timestamp="2024-07-17T20:36:13.554" intervalms="87.722">
  <response-info timems="0.117" idlems="0.117" threads="0" lastid="000000000157E600" lastname="Unconstrained build operations Thread 94" />
</exclusive-start>
<af-start id="417" threadId="000000000157F038" totalBytesRequested="8200" timestamp="2024-07-17T20:36:13.554" intervalms="87.689" type="nursery" />
<cycle-start id="418" type="scavenge" contextid="0" timestamp="2024-07-17T20:36:13.555" intervalms="87.725" />
<gc-start id="419" type="scavenge" contextid="418" timestamp="2024-07-17T20:36:13.555">
  <mem-info id="420" free="160045592" total="288751616" percent="55">
    <mem type="nursery" free="0" total="87425024" percent="0">
      <mem type="allocate" free="0" total="78643200" percent="0" />
      <mem type="survivor" free="0" total="8781824" percent="0" />
    </mem>
    <mem type="tenure" free="160045592" total="201326592" percent="79">
      <mem type="soa" free="149978648" total="191259648" percent="78" />
      <mem type="loa" free="10066944" total="10066944" percent="100" />
    </mem>
    <remembered-set count="2041" />
  </mem-info>
</gc-start>
<allocation-stats totalBytes="75617544" discardedBytes="146520" >
  <allocated-bytes non-tlh="685320" tlh="74932224" />
  <largest-consumer threadName="Unconstrained build operations Thread 94" threadId="000000000157E600" bytes="14689856" />
</allocation-stats>
<gc-op id="421" type="scavenge" timems="2.675" contextid="418" timestamp="2024-07-17T20:36:13.558">
  <scavenger-info tenureage="14" tenuremask="4000" tiltratio="89" />
  <memory-copied type="nursery" objects="33843" bytes="1925184" bytesdiscarded="305472" />
  <ownableSynchronizers candidates="136" cleared="133" />
  <references type="weak" candidates="2807" cleared="996" enqueued="996" />
  <references type="phantom" candidates="34" cleared="0" enqueued="0" />
  <object-monitors candidates="17" cleared="0"  />
</gc-op>
<gc-end id="422" type="scavenge" contextid="418" durationms="3.425" usertimems="9.686" systemtimems="0.767" stalltimems="5.652" timestamp="2024-07-17T20:36:13.559" activeThreads="6">
  <mem-info id="423" free="236457720" total="288751616" percent="81">
    <mem type="nursery" free="76412128" total="87425024" percent="87">
      <mem type="allocate" free="76412128" total="78643200" percent="97" />
      <mem type="survivor" free="0" total="8781824" percent="0" />
    </mem>
    <mem type="tenure" free="160045592" total="201326592" percent="79">
      <mem type="soa" free="149978648" total="191259648" percent="78" />
      <mem type="loa" free="10066944" total="10066944" percent="100" />
    </mem>
    <pending-finalizers system="0" default="0" reference="996" classloader="0" />
    <remembered-set count="1813" />
  </mem-info>
</gc-end>
<cycle-end id="424" type="scavenge" contextid="418" timestamp="2024-07-17T20:36:13.559" />
<allocation-satisfied id="425" threadId="000000000157E600" bytesRequested="8200" />
<af-end id="426" timestamp="2024-07-17T20:36:13.559" threadId="000000000157F038" success="true" from="nursery"/>
<exclusive-end id="427" timestamp="2024-07-17T20:36:13.559" durationms="5.601" />

<exclusive-start id="428" timestamp="2024-07-17T20:36:13.640" intervalms="86.139">
  <response-info timems="0.095" idlems="0.092" threads="1" lastid="0000000001584700" lastname="Unconstrained build operations Thread 98" />
</exclusive-start>
<af-start id="429" threadId="000000000157A838" totalBytesRequested="32" timestamp="2024-07-17T20:36:13.640" intervalms="86.007" type="nursery" />
<cycle-start id="430" type="scavenge" contextid="0" timestamp="2024-07-17T20:36:13.641" intervalms="85.970" />
<gc-start id="431" type="scavenge" contextid="430" timestamp="2024-07-17T20:36:13.641">
  <mem-info id="432" free="160045552" total="288751616" percent="55">
    <mem type="nursery" free="0" total="87425024" percent="0">
      <mem type="allocate" free="0" total="78643200" percent="0" />
      <mem type="survivor" free="0" total="8781824" percent="0" />
    </mem>
    <mem type="tenure" free="160045552" total="201326592" percent="79">
      <mem type="soa" free="149978608" total="191259648" percent="78" />
      <mem type="loa" free="10066944" total="10066944" percent="100" />
    </mem>
    <remembered-set count="2011" />
  </mem-info>
</gc-start>
<allocation-stats totalBytes="76304896" discardedBytes="107272" >
  <allocated-bytes non-tlh="218264" tlh="76086632" />
  <largest-consumer threadName="Unconstrained build operations Thread 89" threadId="0000000001579100" bytes="15089136" />
</allocation-stats>
<gc-op id="433" type="scavenge" timems="2.721" contextid="430" timestamp="2024-07-17T20:36:13.644">
  <scavenger-info tenureage="14" tenuremask="4000" tiltratio="89" />
  <memory-copied type="nursery" objects="38898" bytes="2089696" bytesdiscarded="129616" />
  <ownableSynchronizers candidates="134" cleared="128" />
  <references type="weak" candidates="3458" cleared="1255" enqueued="1255" />
  <references type="phantom" candidates="36" cleared="0" enqueued="0" />
  <object-monitors candidates="17" cleared="0"  />
</gc-op>
<gc-end id="434" type="scavenge" contextid="430" durationms="4.018" usertimems="9.743" systemtimems="0.000" stalltimems="7.011" timestamp="2024-07-17T20:36:13.645" activeThreads="6">
  <mem-info id="435" free="236469016" total="288751616" percent="81">
    <mem type="nursery" free="76423464" total="87425024" percent="87">
      <mem type="allocate" free="76423464" total="78643200" percent="97" />
      <mem type="survivor" free="0" total="8781824" percent="0" />
    </mem>
    <mem type="tenure" free="160045552" total="201326592" percent="79">
      <mem type="soa" free="149978608" total="191259648" percent="78" />
      <mem type="loa" free="10066944" total="10066944" percent="100" />
    </mem>
    <pending-finalizers system="0" default="0" reference="1255" classloader="0" />
    <remembered-set count="1870" />
  </mem-info>
</gc-end>
<cycle-end id="436" type="scavenge" contextid="430" timestamp="2024-07-17T20:36:13.645" />
<allocation-satisfied id="437" threadId="0000000001579E00" bytesRequested="32" />
<af-end id="438" timestamp="2024-07-17T20:36:13.646" threadId="000000000157A838" success="true" from="nursery"/>
<exclusive-end id="439" timestamp="2024-07-17T20:36:13.646" durationms="6.070" />

<exclusive-start id="440" timestamp="2024-07-17T20:36:13.762" intervalms="122.224">
  <response-info timems="0.083" idlems="0.083" threads="0" lastid="0000000001581700" lastname="Unconstrained build operations Thread 96" />
</exclusive-start>
<af-start id="441" threadId="0000000001582138" totalBytesRequested="56" timestamp="2024-07-17T20:36:13.762" intervalms="122.232" type="nursery" />
<cycle-start id="442" type="scavenge" contextid="0" timestamp="2024-07-17T20:36:13.763" intervalms="122.213" />
<gc-start id="443" type="scavenge" contextid="442" timestamp="2024-07-17T20:36:13.763">
  <mem-info id="444" free="160045552" total="288751616" percent="55">
    <mem type="nursery" free="0" total="87425024" percent="0">
      <mem type="allocate" free="0" total="78643200" percent="0" />
      <mem type="survivor" free="0" total="8781824" percent="0" />
    </mem>
    <mem type="tenure" free="160045552" total="201326592" percent="79">
      <mem type="soa" free="149978608" total="191259648" percent="78" />
      <mem type="loa" free="10066944" total="10066944" percent="100" />
    </mem>
    <remembered-set count="2108" />
  </mem-info>
</gc-start>
<allocation-stats totalBytes="76322088" discardedBytes="101376" >
  <allocated-bytes non-tlh="490088" tlh="75832000" />
  <largest-consumer threadName="Unconstrained build operations Thread 91" threadId="000000000157AA00" bytes="15818192" />
</allocation-stats>
<gc-op id="445" type="scavenge" timems="2.395" contextid="442" timestamp="2024-07-17T20:36:13.766">
  <scavenger-info tenureage="14" tenuremask="4000" tiltratio="89" />
  <memory-copied type="nursery" objects="35325" bytes="1591688" bytesdiscarded="160560" />
  <ownableSynchronizers candidates="192" cleared="192" />
  <references type="weak" candidates="3614" cleared="828" enqueued="828" />
  <references type="phantom" candidates="16" cleared="0" enqueued="0" />
  <object-monitors candidates="17" cleared="0"  />
</gc-op>
<gc-end id="446" type="scavenge" contextid="442" durationms="3.032" usertimems="7.250" systemtimems="0.590" stalltimems="4.109" timestamp="2024-07-17T20:36:13.766" activeThreads="5">
  <mem-info id="447" free="236936384" total="288751616" percent="82">
    <mem type="nursery" free="76890832" total="87425024" percent="87">
      <mem type="allocate" free="76890832" total="78643200" percent="97" />
      <mem type="survivor" free="0" total="8781824" percent="0" />
    </mem>
    <mem type="tenure" free="160045552" total="201326592" percent="79">
      <mem type="soa" free="149978608" total="191259648" percent="78" />
      <mem type="loa" free="10066944" total="10066944" percent="100" />
    </mem>
    <pending-finalizers system="0" default="0" reference="828" classloader="0" />
    <remembered-set count="1928" />
  </mem-info>
</gc-end>
<cycle-end id="448" type="scavenge" contextid="442" timestamp="2024-07-17T20:36:13.766" />
<allocation-satisfied id="449" threadId="0000000001581700" bytesRequested="56" />
<af-end id="450" timestamp="2024-07-17T20:36:13.767" threadId="0000000001582138" success="true" from="nursery"/>
<exclusive-end id="451" timestamp="2024-07-17T20:36:13.767" durationms="4.885" />

<exclusive-start id="452" timestamp="2024-07-17T20:36:14.230" intervalms="467.455">
  <response-info timems="0.079" idlems="0.079" threads="0" lastid="0000000000604700" lastname="Daemon worker" />
</exclusive-start>
<af-start id="453" threadId="0000000000605138" totalBytesRequested="8200" timestamp="2024-07-17T20:36:14.230" intervalms="467.662" type="nursery" />
<cycle-start id="454" type="scavenge" contextid="0" timestamp="2024-07-17T20:36:14.231" intervalms="467.915" />
<gc-start id="455" type="scavenge" contextid="454" timestamp="2024-07-17T20:36:14.231">
  <mem-info id="456" free="160036472" total="288751616" percent="55">
    <mem type="nursery" free="0" total="87425024" percent="0">
      <mem type="allocate" free="0" total="78643200" percent="0" />
      <mem type="survivor" free="0" total="8781824" percent="0" />
    </mem>
    <mem type="tenure" free="160036472" total="201326592" percent="79">
      <mem type="soa" free="149969528" total="191259648" percent="78" />
      <mem type="loa" free="10066944" total="10066944" percent="100" />
    </mem>
    <remembered-set count="2223" />
  </mem-info>
</gc-start>
<allocation-stats totalBytes="74627464" discardedBytes="2272448" >
  <allocated-bytes non-tlh="510088" tlh="74117376" />
  <largest-consumer threadName="Daemon worker" threadId="0000000000604700" bytes="71101960" />
</allocation-stats>
<gc-op id="457" type="scavenge" timems="2.453" contextid="454" timestamp="2024-07-17T20:36:14.235">
  <scavenger-info tenureage="5" tenuremask="41a0" tiltratio="89" />
  <memory-copied type="nursery" objects="29723" bytes="1096184" bytesdiscarded="98096" />
  <memory-copied type="tenure" objects="7520" bytes="347512" bytesdiscarded="16" />
  <finalization candidates="40" enqueued="40" />
  <ownableSynchronizers candidates="18" cleared="16" />
  <references type="soft" candidates="14" cleared="0" enqueued="0" dynamicThreshold="32" maxThreshold="32" />
  <references type="weak" candidates="2346" cleared="70" enqueued="70" />
  <references type="phantom" candidates="36" cleared="26" enqueued="26" />
  <object-monitors candidates="17" cleared="0"  />
</gc-op>
<gc-end id="458" type="scavenge" contextid="454" durationms="3.732" usertimems="6.950" systemtimems="0.000" stalltimems="5.036" timestamp="2024-07-17T20:36:14.235" activeThreads="5">
  <mem-info id="459" free="237350768" total="288751616" percent="82">
    <mem type="nursery" free="77445624" total="87425024" percent="88">
      <mem type="allocate" free="77445624" total="78643200" percent="98" />
      <mem type="survivor" free="0" total="8781824" percent="0" />
    </mem>
    <mem type="tenure" free="159905144" total="201326592" percent="79">
      <mem type="soa" free="149838200" total="191259648" percent="78" />
      <mem type="loa" free="10066944" total="10066944" percent="100" />
    </mem>
    <pending-finalizers system="40" default="0" reference="96" classloader="0" />
    <remembered-set count="2016" />
  </mem-info>
</gc-end>
<cycle-end id="460" type="scavenge" contextid="454" timestamp="2024-07-17T20:36:14.236" />
<allocation-satisfied id="461" threadId="0000000000604700" bytesRequested="8200" />
<af-end id="462" timestamp="2024-07-17T20:36:14.236" threadId="0000000000605138" success="true" from="nursery"/>
<exclusive-end id="463" timestamp="2024-07-17T20:36:14.237" durationms="6.882" />

<exclusive-start id="464" timestamp="2024-07-17T20:36:14.631" intervalms="401.703">
  <response-info timems="0.070" idlems="0.070" threads="0" lastid="0000000000604700" lastname="Daemon worker" />
</exclusive-start>
<af-start id="465" threadId="0000000000605138" totalBytesRequested="2344" timestamp="2024-07-17T20:36:14.632" intervalms="401.589" type="nursery" />
<cycle-start id="466" type="scavenge" contextid="0" timestamp="2024-07-17T20:36:14.632" intervalms="401.472" />
<gc-start id="467" type="scavenge" contextid="466" timestamp="2024-07-17T20:36:14.633">
  <mem-info id="468" free="159903240" total="288751616" percent="55">
    <mem type="nursery" free="0" total="87425024" percent="0">
      <mem type="allocate" free="0" total="78643200" percent="0" />
      <mem type="survivor" free="0" total="8781824" percent="0" />
    </mem>
    <mem type="tenure" free="159903240" total="201326592" percent="79">
      <mem type="soa" free="149836296" total="191259648" percent="78" />
      <mem type="loa" free="10066944" total="10066944" percent="100" />
    </mem>
    <remembered-set count="2083" />
  </mem-info>
</gc-start>
<allocation-stats totalBytes="75265368" discardedBytes="2182160" >
  <allocated-bytes non-tlh="375040" tlh="74890328" />
  <largest-consumer threadName="Daemon worker" threadId="0000000000604700" bytes="74791432" />
</allocation-stats>
<gc-op id="469" type="scavenge" timems="2.132" contextid="466" timestamp="2024-07-17T20:36:14.635">
  <scavenger-info tenureage="7" tenuremask="4480" tiltratio="89" />
  <memory-copied type="nursery" objects="32833" bytes="1404784" bytesdiscarded="109480" />
  <memory-copied type="tenure" objects="3316" bytes="125176" bytesdiscarded="0" />
  <ownableSynchronizers candidates="4" cleared="2" />
  <references type="soft" candidates="14" cleared="0" enqueued="0" dynamicThreshold="32" maxThreshold="32" />
  <references type="weak" candidates="2037" cleared="27" enqueued="27" />
  <references type="phantom" candidates="5" cleared="0" enqueued="0" />
  <object-monitors candidates="17" cleared="0"  />
</gc-op>
<gc-end id="470" type="scavenge" contextid="466" durationms="3.245" usertimems="5.435" systemtimems="0.432" stalltimems="2.778" timestamp="2024-07-17T20:36:14.636" activeThreads="4">
  <mem-info id="471" free="237032096" total="288751616" percent="82">
    <mem type="nursery" free="77128856" total="87425024" percent="88">
      <mem type="allocate" free="77128856" total="78643200" percent="98" />
      <mem type="survivor" free="0" total="8781824" percent="0" />
    </mem>
    <mem type="tenure" free="159903240" total="201326592" percent="79">
      <mem type="soa" free="149836296" total="191259648" percent="78" />
      <mem type="loa" free="10066944" total="10066944" percent="100" />
    </mem>
    <pending-finalizers system="0" default="0" reference="27" classloader="0" />
    <remembered-set count="1740" />
  </mem-info>
</gc-end>
<cycle-end id="472" type="scavenge" contextid="466" timestamp="2024-07-17T20:36:14.636" />
<allocation-satisfied id="473" threadId="0000000000604700" bytesRequested="2344" />
<af-end id="474" timestamp="2024-07-17T20:36:14.637" threadId="0000000000605138" success="true" from="nursery"/>
<exclusive-end id="475" timestamp="2024-07-17T20:36:14.637" durationms="5.937" />

<exclusive-start id="476" timestamp="2024-07-17T20:36:15.084" intervalms="452.752">
  <response-info timems="0.111" idlems="0.111" threads="0" lastid="0000000000604700" lastname="Daemon worker" />
</exclusive-start>
<af-start id="477" threadId="0000000000605138" totalBytesRequested="8200" timestamp="2024-07-17T20:36:15.085" intervalms="452.775" type="nursery" />
<cycle-start id="478" type="scavenge" contextid="0" timestamp="2024-07-17T20:36:15.085" intervalms="452.811" />
<gc-start id="479" type="scavenge" contextid="478" timestamp="2024-07-17T20:36:15.086">
  <mem-info id="480" free="159903240" total="288751616" percent="55">
    <mem type="nursery" free="0" total="87425024" percent="0">
      <mem type="allocate" free="0" total="78643200" percent="0" />
      <mem type="survivor" free="0" total="8781824" percent="0" />
    </mem>
    <mem type="tenure" free="159903240" total="201326592" percent="79">
      <mem type="soa" free="149836296" total="191259648" percent="78" />
      <mem type="loa" free="10066944" total="10066944" percent="100" />
    </mem>
    <remembered-set count="1756" />
  </mem-info>
</gc-start>
<allocation-stats totalBytes="75707208" discardedBytes="1421648" >
  <allocated-bytes non-tlh="500464" tlh="75206744" />
  <largest-consumer threadName="Daemon worker" threadId="0000000000604700" bytes="75585384" />
</allocation-stats>
<gc-op id="481" type="scavenge" timems="2.051" contextid="478" timestamp="2024-07-17T20:36:15.089">
  <scavenger-info tenureage="4" tenuremask="4070" tiltratio="89" />
  <memory-copied type="nursery" objects="12046" bytes="500312" bytesdiscarded="206800" />
  <memory-copied type="tenure" objects="14386" bytes="518944" bytesdiscarded="336" />
  <ownableSynchronizers candidates="2" cleared="0" />
  <references type="soft" candidates="14" cleared="0" enqueued="0" dynamicThreshold="32" maxThreshold="32" />
  <references type="weak" candidates="720" cleared="0" enqueued="0" />
  <references type="phantom" candidates="5" cleared="0" enqueued="0" />
  <object-monitors candidates="17" cleared="0"  />
</gc-op>
<gc-end id="482" type="scavenge" contextid="478" durationms="3.614" usertimems="5.913" systemtimems="0.465" stalltimems="1.610" timestamp="2024-07-17T20:36:15.089" activeThreads="4">
  <mem-info id="483" free="237182600" total="288751616" percent="82">
    <mem type="nursery" free="77936000" total="87425024" percent="89">
      <mem type="allocate" free="77936000" total="78643200" percent="99" />
      <mem type="survivor" free="0" total="8781824" percent="0" />
    </mem>
    <mem type="tenure" free="159246600" total="201326592" percent="79">
      <mem type="soa" free="149179656" total="191259648" percent="77" />
      <mem type="loa" free="10066944" total="10066944" percent="100" />
    </mem>
    <remembered-set count="1154" />
  </mem-info>
</gc-end>
<cycle-end id="484" type="scavenge" contextid="478" timestamp="2024-07-17T20:36:15.090" />
<allocation-satisfied id="485" threadId="0000000000604700" bytesRequested="8200" />
<af-end id="486" timestamp="2024-07-17T20:36:15.091" threadId="0000000000605138" success="true" from="nursery"/>
<exclusive-end id="487" timestamp="2024-07-17T20:36:15.091" durationms="6.789" />

<exclusive-start id="488" timestamp="2024-07-17T20:36:15.477" intervalms="392.419">
  <response-info timems="0.062" idlems="0.062" threads="0" lastid="0000000000604700" lastname="Daemon worker" />
</exclusive-start>
<af-start id="489" threadId="0000000000605138" totalBytesRequested="19880" timestamp="2024-07-17T20:36:15.477" intervalms="392.378" type="nursery" />
<cycle-start id="490" type="scavenge" contextid="0" timestamp="2024-07-17T20:36:15.477" intervalms="392.289" />
<gc-start id="491" type="scavenge" contextid="490" timestamp="2024-07-17T20:36:15.478">
  <mem-info id="492" free="159246600" total="288751616" percent="55">
    <mem type="nursery" free="0" total="87425024" percent="0">
      <mem type="allocate" free="0" total="78643200" percent="0" />
      <mem type="survivor" free="0" total="8781824" percent="0" />
    </mem>
    <mem type="tenure" free="159246600" total="201326592" percent="79">
      <mem type="soa" free="149179656" total="191259648" percent="77" />
      <mem type="loa" free="10066944" total="10066944" percent="100" />
    </mem>
    <remembered-set count="1175" />
  </mem-info>
</gc-start>
<allocation-stats totalBytes="76589728" discardedBytes="1346272" >
  <allocated-bytes non-tlh="139912" tlh="76449816" />
  <largest-consumer threadName="Daemon worker" threadId="0000000000604700" bytes="76289576" />
</allocation-stats>
<gc-op id="493" type="scavenge" timems="2.250" contextid="490" timestamp="2024-07-17T20:36:15.481">
  <scavenger-info tenureage="4" tenuremask="4010" tiltratio="89" />
  <memory-copied type="nursery" objects="5790" bytes="230272" bytesdiscarded="219696" />
  <memory-copied type="tenure" objects="6310" bytes="220872" bytesdiscarded="8" />
  <ownableSynchronizers candidates="2" cleared="0" />
  <references type="soft" candidates="14" cleared="0" enqueued="0" dynamicThreshold="32" maxThreshold="32" />
  <references type="weak" candidates="124" cleared="0" enqueued="0" />
  <references type="phantom" candidates="4" cleared="0" enqueued="0" />
  <object-monitors candidates="17" cleared="0"  />
</gc-op>
<gc-end id="494" type="scavenge" contextid="490" durationms="3.485" usertimems="6.106" systemtimems="0.477" stalltimems="2.518" timestamp="2024-07-17T20:36:15.481" activeThreads="4">
  <mem-info id="495" free="237177096" total="288751616" percent="82">
    <mem type="nursery" free="78193152" total="87425024" percent="89">
      <mem type="allocate" free="78193152" total="78643200" percent="99" />
      <mem type="survivor" free="0" total="8781824" percent="0" />
    </mem>
    <mem type="tenure" free="158983944" total="201326592" percent="78">
      <mem type="soa" free="148917000" total="191259648" percent="77" />
      <mem type="loa" free="10066944" total="10066944" percent="100" />
    </mem>
    <remembered-set count="993" />
  </mem-info>
</gc-end>
<cycle-end id="496" type="scavenge" contextid="490" timestamp="2024-07-17T20:36:15.482" />
<allocation-satisfied id="497" threadId="0000000000604700" bytesRequested="19880" />
<af-end id="498" timestamp="2024-07-17T20:36:15.482" threadId="0000000000605138" success="true" from="nursery"/>
<exclusive-end id="499" timestamp="2024-07-17T20:36:15.482" durationms="5.910" />

<exclusive-start id="500" timestamp="2024-07-17T20:36:16.276" intervalms="799.431">
  <response-info timems="0.103" idlems="0.103" threads="0" lastid="0000000000604700" lastname="Daemon worker" />
</exclusive-start>
<af-start id="501" threadId="0000000000605138" totalBytesRequested="14784" timestamp="2024-07-17T20:36:16.276" intervalms="799.465" type="nursery" />
<cycle-start id="502" type="scavenge" contextid="0" timestamp="2024-07-17T20:36:16.277" intervalms="799.463" />
<gc-start id="503" type="scavenge" contextid="502" timestamp="2024-07-17T20:36:16.277">
  <mem-info id="504" free="158672248" total="288751616" percent="54">
    <mem type="nursery" free="0" total="87425024" percent="0">
      <mem type="allocate" free="0" total="78643200" percent="0" />
      <mem type="survivor" free="0" total="8781824" percent="0" />
    </mem>
    <mem type="tenure" free="158672248" total="201326592" percent="78">
      <mem type="soa" free="148605304" total="191259648" percent="77" />
      <mem type="loa" free="10066944" total="10066944" percent="100" />
    </mem>
    <remembered-set count="6392" />
  </mem-info>
</gc-start>
<allocation-stats totalBytes="78366688" discardedBytes="138160" >
  <allocated-bytes non-tlh="1588072" tlh="76778616" />
  <largest-consumer threadName="Daemon worker" threadId="0000000000604700" bytes="78134600" />
</allocation-stats>
<gc-op id="505" type="scavenge" timems="3.191" contextid="502" timestamp="2024-07-17T20:36:16.281">
  <scavenger-info tenureage="4" tenuremask="4010" tiltratio="89" />
  <memory-copied type="nursery" objects="44139" bytes="4205288" bytesdiscarded="323504" />
  <memory-copied type="tenure" objects="4716" bytes="183496" bytesdiscarded="16" />
  <finalization candidates="454" enqueued="454" />
  <ownableSynchronizers candidates="56" cleared="0" />
  <references type="soft" candidates="2871" cleared="0" enqueued="0" dynamicThreshold="32" maxThreshold="32" />
  <references type="weak" candidates="2669" cleared="2028" enqueued="2028" />
  <references type="phantom" candidates="434" cleared="191" enqueued="191" />
  <object-monitors candidates="17" cleared="0"  />
</gc-op>
<gc-end id="506" type="scavenge" contextid="502" durationms="4.617" usertimems="10.124" systemtimems="0.792" stalltimems="2.255" timestamp="2024-07-17T20:36:16.282" activeThreads="4">
  <mem-info id="507" free="232520392" total="288751616" percent="80">
    <mem type="nursery" free="74110800" total="87425024" percent="84">
      <mem type="allocate" free="74110800" total="78643200" percent="94" />
      <mem type="survivor" free="0" total="8781824" percent="0" />
    </mem>
    <mem type="tenure" free="158409592" total="201326592" percent="78">
      <mem type="soa" free="148342648" total="191259648" percent="77" />
      <mem type="loa" free="10066944" total="10066944" percent="100" />
    </mem>
    <pending-finalizers system="454" default="0" reference="2219" classloader="0" />
    <remembered-set count="5899" />
  </mem-info>
</gc-end>
<cycle-end id="508" type="scavenge" contextid="502" timestamp="2024-07-17T20:36:16.282" />
<allocation-satisfied id="509" threadId="0000000000604700" bytesRequested="14784" />
<af-end id="510" timestamp="2024-07-17T20:36:16.283" threadId="0000000000605138" success="true" from="nursery"/>
<exclusive-end id="511" timestamp="2024-07-17T20:36:16.283" durationms="6.990" />

<exclusive-start id="512" timestamp="2024-07-17T20:36:19.919" intervalms="3642.622">
  <response-info timems="0.079" idlems="0.079" threads="0" lastid="0000000001921500" lastname="Execution worker Thread 4" />
</exclusive-start>
<af-start id="513" threadId="0000000001921F38" totalBytesRequested="18648" timestamp="2024-07-17T20:36:19.919" intervalms="3642.649" type="nursery" />
<cycle-start id="514" type="scavenge" contextid="0" timestamp="2024-07-17T20:36:19.920" intervalms="3642.766" />
<gc-start id="515" type="scavenge" contextid="514" timestamp="2024-07-17T20:36:19.920">
  <mem-info id="516" free="157882144" total="288751616" percent="54">
    <mem type="nursery" free="0" total="87425024" percent="0">
      <mem type="allocate" free="0" total="78643200" percent="0" />
      <mem type="survivor" free="0" total="8781824" percent="0" />
    </mem>
    <mem type="tenure" free="157882144" total="201326592" percent="78">
      <mem type="soa" free="147815200" total="191259648" percent="77" />
      <mem type="loa" free="10066944" total="10066944" percent="100" />
    </mem>
    <remembered-set count="14125" />
  </mem-info>
</gc-start>
<allocation-stats totalBytes="72937184" discardedBytes="1701064" >
  <allocated-bytes non-tlh="1756256" tlh="71180928" />
  <largest-consumer threadName="Execution worker Thread 4" threadId="0000000001921500" bytes="35111888" />
</allocation-stats>
<gc-op id="517" type="scavenge" timems="7.448" contextid="514" timestamp="2024-07-17T20:36:19.928">
  <scavenger-info tenureage="14" tenuremask="4000" tiltratio="89" />
  <memory-copied type="nursery" objects="154771" bytes="8762504" bytesdiscarded="9136" />
  <memory-copied type="tenure" objects="5894" bytes="232416" bytesdiscarded="352" />
  <copy-failed type="nursery" objects="5894" bytes="232808" />
  <finalization candidates="731" enqueued="730" />
  <ownableSynchronizers candidates="541" cleared="127" />
  <references type="soft" candidates="7541" cleared="0" enqueued="0" dynamicThreshold="32" maxThreshold="32" />
  <references type="weak" candidates="8948" cleared="3971" enqueued="3969" />
  <references type="phantom" candidates="645" cleared="313" enqueued="313" />
  <object-monitors candidates="18" cleared="0"  />
</gc-op>
<gc-end id="518" type="scavenge" contextid="514" durationms="9.486" usertimems="31.256" systemtimems="0.000" stalltimems="6.715" timestamp="2024-07-17T20:36:19.930" activeThreads="5">
  <mem-info id="519" free="220394272" total="288751616" percent="76">
    <mem type="nursery" free="62586880" total="87425024" percent="71">
      <mem type="allocate" free="62586880" total="71368704" percent="87" />
      <mem type="survivor" free="0" total="16056320" percent="0" />
    </mem>
    <mem type="tenure" free="157807392" total="201326592" percent="78">
      <mem type="soa" free="147740448" total="191259648" percent="77" />
      <mem type="loa" free="10066944" total="10066944" percent="100" />
    </mem>
    <pending-finalizers system="729" default="1" reference="4282" classloader="0" />
    <remembered-set count="15023" />
  </mem-info>
</gc-end>
<cycle-end id="520" type="scavenge" contextid="514" timestamp="2024-07-17T20:36:19.930" />
<allocation-satisfied id="521" threadId="0000000001921500" bytesRequested="18648" />
<af-end id="522" timestamp="2024-07-17T20:36:19.931" threadId="0000000001921F38" success="true" from="nursery"/>
<exclusive-end id="523" timestamp="2024-07-17T20:36:19.931" durationms="12.891" />

<exclusive-start id="524" timestamp="2024-07-17T20:36:20.543" intervalms="624.228">
  <response-info timems="0.077" idlems="0.077" threads="0" lastid="0000000001921500" lastname="Execution worker Thread 4" />
</exclusive-start>
<af-start id="525" threadId="0000000001921F38" totalBytesRequested="63208" timestamp="2024-07-17T20:36:20.543" intervalms="624.119" type="nursery" />
<cycle-start id="526" type="scavenge" contextid="0" timestamp="2024-07-17T20:36:20.544" intervalms="624.048" />
<gc-start id="527" type="scavenge" contextid="526" timestamp="2024-07-17T20:36:20.544">
  <mem-info id="528" free="157345856" total="288751616" percent="54">
    <mem type="nursery" free="0" total="87425024" percent="0">
      <mem type="allocate" free="0" total="71368704" percent="0" />
      <mem type="survivor" free="0" total="16056320" percent="0" />
    </mem>
    <mem type="tenure" free="157345856" total="201326592" percent="78">
      <mem type="soa" free="147278912" total="191259648" percent="77" />
      <mem type="loa" free="10066944" total="10066944" percent="100" />
    </mem>
    <remembered-set count="21635" />
  </mem-info>
</gc-start>
<allocation-stats totalBytes="62337416" discardedBytes="711000" >
  <allocated-bytes non-tlh="3145576" tlh="59191840" />
  <largest-consumer threadName="Execution worker Thread 4" threadId="0000000001921500" bytes="62317424" />
</allocation-stats>
<gc-op id="529" type="scavenge" timems="6.585" contextid="526" timestamp="2024-07-17T20:36:20.551">
  <scavenger-info tenureage="3" tenuremask="ffd8" tiltratio="81" />
  <memory-copied type="nursery" objects="167104" bytes="9730744" bytesdiscarded="90936" />
  <memory-copied type="tenure" objects="261" bytes="7160" bytesdiscarded="0" />
  <finalization candidates="270" enqueued="269" />
  <ownableSynchronizers candidates="429" cleared="3" />
  <references type="soft" candidates="7898" cleared="0" enqueued="0" dynamicThreshold="32" maxThreshold="32" />
  <references type="weak" candidates="9207" cleared="3085" enqueued="3085" />
  <references type="phantom" candidates="490" cleared="122" enqueued="122" />
  <object-monitors candidates="19" cleared="0"  />
</gc-op>
<gc-end id="530" type="scavenge" contextid="526" durationms="7.850" usertimems="27.941" systemtimems="2.432" stalltimems="10.011" timestamp="2024-07-17T20:36:20.552" activeThreads="6">
  <mem-info id="531" free="221965424" total="288751616" percent="76">
    <mem type="nursery" free="64619568" total="87425024" percent="73">
      <mem type="allocate" free="64619568" total="74448896" percent="86" />
      <mem type="survivor" free="0" total="12976128" percent="0" />
    </mem>
    <mem type="tenure" free="157345856" total="201326592" percent="78">
      <mem type="soa" free="147278912" total="191259648" percent="77" />
      <mem type="loa" free="10066944" total="10066944" percent="100" />
    </mem>
    <pending-finalizers system="269" default="0" reference="3207" classloader="0" />
    <remembered-set count="18081" />
  </mem-info>
</gc-end>
<cycle-end id="532" type="scavenge" contextid="526" timestamp="2024-07-17T20:36:20.553" />
<allocation-satisfied id="533" threadId="0000000001921500" bytesRequested="63208" />
<af-end id="534" timestamp="2024-07-17T20:36:20.553" threadId="0000000001921F38" success="true" from="nursery"/>
<exclusive-end id="535" timestamp="2024-07-17T20:36:20.554" durationms="10.981" />

<exclusive-start id="536" timestamp="2024-07-17T20:36:22.722" intervalms="2178.759">
  <response-info timems="0.139" idlems="0.139" threads="0" lastid="0000000001F43300" lastname="Unconstrained build operations Thread 119" />
</exclusive-start>
<af-start id="537" threadId="0000000001F43D38" totalBytesRequested="88" timestamp="2024-07-17T20:36:22.722" intervalms="2178.752" type="nursery" />
<cycle-start id="538" type="scavenge" contextid="0" timestamp="2024-07-17T20:36:22.722" intervalms="2178.722" />
<gc-start id="539" type="scavenge" contextid="538" timestamp="2024-07-17T20:36:22.723">
  <mem-info id="540" free="157136368" total="288751616" percent="54">
    <mem type="nursery" free="0" total="87425024" percent="0">
      <mem type="allocate" free="0" total="74448896" percent="0" />
      <mem type="survivor" free="0" total="12976128" percent="0" />
    </mem>
    <mem type="tenure" free="157136368" total="201326592" percent="78">
      <mem type="soa" free="147069424" total="191259648" percent="76" />
      <mem type="loa" free="10066944" total="10066944" percent="100" />
    </mem>
    <remembered-set count="21657" />
  </mem-info>
</gc-start>
<allocation-stats totalBytes="64705360" discardedBytes="123696" >
  <allocated-bytes non-tlh="1501816" tlh="63203544" />
  <largest-consumer threadName="Execution worker Thread 4" threadId="0000000001921500" bytes="25468568" />
</allocation-stats>
<gc-op id="541" type="scavenge" timems="10.769" contextid="538" timestamp="2024-07-17T20:36:22.734">
  <scavenger-info tenureage="3" tenuremask="ffc8" tiltratio="85" />
  <memory-copied type="nursery" objects="207649" bytes="9740168" bytesdiscarded="114640" />
  <memory-copied type="tenure" objects="36856" bytes="3962952" bytesdiscarded="1248" />
  <finalization candidates="172" enqueued="171" />
  <ownableSynchronizers candidates="612" cleared="124" />
  <references type="soft" candidates="6463" cleared="0" enqueued="0" dynamicThreshold="32" maxThreshold="32" />
  <references type="weak" candidates="7417" cleared="1207" enqueued="1207" />
  <references type="phantom" candidates="207" cleared="72" enqueued="72" />
  <object-monitors candidates="19" cleared="0"  />
</gc-op>
<gc-end id="542" type="scavenge" contextid="538" durationms="12.226" usertimems="48.531" systemtimems="14.384" stalltimems="11.969" timestamp="2024-07-17T20:36:22.735" activeThreads="7">
  <mem-info id="543" free="218994544" total="288751616" percent="75">
    <mem type="nursery" free="65892784" total="87425024" percent="75">
      <mem type="allocate" free="65892784" total="75759616" percent="86" />
      <mem type="survivor" free="0" total="11665408" percent="0" />
    </mem>
    <mem type="tenure" free="153101760" total="201326592" percent="76">
      <mem type="soa" free="143034816" total="191259648" percent="74" />
      <mem type="loa" free="10066944" total="10066944" percent="100" />
    </mem>
    <pending-finalizers system="171" default="0" reference="1279" classloader="0" />
    <remembered-set count="14709" />
  </mem-info>
</gc-end>
<cycle-end id="544" type="scavenge" contextid="538" timestamp="2024-07-17T20:36:22.735" />
<allocation-satisfied id="545" threadId="0000000001F43300" bytesRequested="88" />
<af-end id="546" timestamp="2024-07-17T20:36:22.736" threadId="0000000001F43D38" success="true" from="nursery"/>
<exclusive-end id="547" timestamp="2024-07-17T20:36:22.736" durationms="14.261" />

<exclusive-start id="548" timestamp="2024-07-17T20:36:23.982" intervalms="1260.837">
  <response-info timems="0.087" idlems="0.087" threads="0" lastid="0000000001934300" lastname="Execution worker Thread 9" />
</exclusive-start>
<af-start id="549" threadId="0000000001934D38" totalBytesRequested="176" timestamp="2024-07-17T20:36:23.983" intervalms="1260.896" type="nursery" />
<cycle-start id="550" type="scavenge" contextid="0" timestamp="2024-07-17T20:36:23.983" intervalms="1261.006" />
<gc-start id="551" type="scavenge" contextid="550" timestamp="2024-07-17T20:36:23.984">
  <mem-info id="552" free="152745144" total="288751616" percent="52">
    <mem type="nursery" free="0" total="87425024" percent="0">
      <mem type="allocate" free="0" total="75759616" percent="0" />
      <mem type="survivor" free="0" total="11665408" percent="0" />
    </mem>
    <mem type="tenure" free="152745144" total="201326592" percent="75">
      <mem type="soa" free="142678200" total="191259648" percent="74" />
      <mem type="loa" free="10066944" total="10066944" percent="100" />
    </mem>
    <remembered-set count="21244" />
  </mem-info>
</gc-start>
<allocation-stats totalBytes="66192992" discardedBytes="56408" >
  <allocated-bytes non-tlh="4063992" tlh="62129000" />
  <largest-consumer threadName="Execution worker Thread 9" threadId="0000000001934300" bytes="46080152" />
</allocation-stats>
<gc-op id="553" type="scavenge" timems="8.646" contextid="550" timestamp="2024-07-17T20:36:23.993">
  <scavenger-info tenureage="5" tenuremask="ff60" tiltratio="86" />
  <memory-copied type="nursery" objects="222050" bytes="11645208" bytesdiscarded="2152" />
  <memory-copied type="tenure" objects="47667" bytes="1860208" bytesdiscarded="848" />
  <copy-failed type="nursery" objects="47668" bytes="1865400" />
  <finalization candidates="344" enqueued="299" />
  <ownableSynchronizers candidates="562" cleared="83" />
  <references type="soft" candidates="4272" cleared="0" enqueued="0" dynamicThreshold="32" maxThreshold="32" />
  <references type="weak" candidates="6566" cleared="1372" enqueued="1185" />
  <references type="phantom" candidates="482" cleared="123" enqueued="123" />
  <object-monitors candidates="19" cleared="0"  />
</gc-op>
<gc-end id="554" type="scavenge" contextid="550" durationms="10.069" usertimems="49.419" systemtimems="10.864" stalltimems="24.303" timestamp="2024-07-17T20:36:23.994" activeThreads="10">
  <mem-info id="555" free="207038064" total="288751616" percent="71">
    <mem type="nursery" free="55705600" total="87425024" percent="63">
      <mem type="allocate" free="55705600" total="67371008" percent="82" />
      <mem type="survivor" free="0" total="20054016" percent="0" />
    </mem>
    <mem type="tenure" free="151332464" total="201326592" percent="75">
      <mem type="soa" free="141265520" total="191259648" percent="73" />
      <mem type="loa" free="10066944" total="10066944" percent="100" />
    </mem>
    <pending-finalizers system="299" default="0" reference="1308" classloader="0" />
    <remembered-set count="23492" />
  </mem-info>
</gc-end>
<cycle-end id="556" type="scavenge" contextid="550" timestamp="2024-07-17T20:36:23.995" />
<allocation-satisfied id="557" threadId="0000000001934300" bytesRequested="176" />
<af-end id="558" timestamp="2024-07-17T20:36:23.995" threadId="0000000001934D38" success="true" from="nursery"/>
<exclusive-end id="559" timestamp="2024-07-17T20:36:23.995" durationms="12.932" />

<exclusive-start id="560" timestamp="2024-07-17T20:36:24.678" intervalms="695.319">
  <response-info timems="0.125" idlems="0.123" threads="1" lastid="000000000224A500" lastname="Build operations Thread 11" />
</exclusive-start>
<af-start id="561" threadId="0000000002243638" totalBytesRequested="24" timestamp="2024-07-17T20:36:24.678" intervalms="695.221" type="nursery" />
<cycle-start id="562" type="scavenge" contextid="0" timestamp="2024-07-17T20:36:24.678" intervalms="695.057" />
<gc-start id="563" type="scavenge" contextid="562" timestamp="2024-07-17T20:36:24.679">
  <mem-info id="564" free="151250728" total="288751616" percent="52">
    <mem type="nursery" free="0" total="87425024" percent="0">
      <mem type="allocate" free="0" total="67371008" percent="0" />
      <mem type="survivor" free="0" total="20054016" percent="0" />
    </mem>
    <mem type="tenure" free="151250728" total="201326592" percent="75">
      <mem type="soa" free="141183784" total="191259648" percent="73" />
      <mem type="loa" free="10066944" total="10066944" percent="100" />
    </mem>
    <remembered-set count="24701" />
  </mem-info>
</gc-start>
<allocation-stats totalBytes="55637080" discardedBytes="150256" >
  <allocated-bytes non-tlh="303104" tlh="55333976" />
  <largest-consumer threadName="Execution worker Thread 9" threadId="0000000001934300" bytes="13625856" />
</allocation-stats>
<gc-op id="565" type="scavenge" timems="11.347" contextid="562" timestamp="2024-07-17T20:36:24.690">
  <scavenger-info tenureage="3" tenuremask="fff8" tiltratio="77" />
  <memory-copied type="nursery" objects="169987" bytes="8045600" bytesdiscarded="423280" />
  <memory-copied type="tenure" objects="97288" bytes="4532992" bytesdiscarded="2688" />
  <finalization candidates="220" enqueued="182" />
  <ownableSynchronizers candidates="463" cleared="8" />
  <references type="soft" candidates="986" cleared="0" enqueued="0" dynamicThreshold="32" maxThreshold="32" />
  <references type="weak" candidates="1993" cleared="490" enqueued="490" />
  <references type="phantom" candidates="131" cleared="75" enqueued="75" />
  <object-monitors candidates="23" cleared="3"  />
</gc-op>
<gc-end id="566" type="scavenge" contextid="562" durationms="12.698" usertimems="87.095" systemtimems="0.000" stalltimems="34.091" timestamp="2024-07-17T20:36:24.691" activeThreads="11">
  <mem-info id="567" free="206165408" total="288751616" percent="71">
    <mem type="nursery" free="59746160" total="87425024" percent="68">
      <mem type="allocate" free="59746160" total="68222976" percent="87" />
      <mem type="survivor" free="0" total="19202048" percent="0" />
    </mem>
    <mem type="tenure" free="146419248" total="201326592" percent="72">
      <mem type="soa" free="136352304" total="191259648" percent="71" />
      <mem type="loa" free="10066944" total="10066944" percent="100" />
    </mem>
    <pending-finalizers system="159" default="23" reference="565" classloader="0" />
    <remembered-set count="13025" />
  </mem-info>
</gc-end>
<cycle-end id="568" type="scavenge" contextid="562" timestamp="2024-07-17T20:36:24.692" />
<allocation-satisfied id="569" threadId="0000000002242C00" bytesRequested="24" />
<af-end id="570" timestamp="2024-07-17T20:36:24.692" threadId="0000000002243638" success="true" from="nursery"/>
<exclusive-end id="571" timestamp="2024-07-17T20:36:24.692" durationms="14.705" />

<exclusive-start id="572" timestamp="2024-07-17T20:36:24.904" intervalms="225.852">
  <response-info timems="0.104" idlems="0.104" threads="0" lastid="0000000001F44B00" lastname="Build operations Thread 6" />
</exclusive-start>
<af-start id="573" threadId="0000000001F45538" totalBytesRequested="8200" timestamp="2024-07-17T20:36:24.904" intervalms="225.856" type="nursery" />
<cycle-start id="574" type="scavenge" contextid="0" timestamp="2024-07-17T20:36:24.904" intervalms="225.883" />
<gc-start id="575" type="scavenge" contextid="574" timestamp="2024-07-17T20:36:24.905">
  <mem-info id="576" free="146419248" total="288751616" percent="50">
    <mem type="nursery" free="0" total="87425024" percent="0">
      <mem type="allocate" free="0" total="68222976" percent="0" />
      <mem type="survivor" free="0" total="19202048" percent="0" />
    </mem>
    <mem type="tenure" free="146419248" total="201326592" percent="72">
      <mem type="soa" free="136352304" total="191259648" percent="71" />
      <mem type="loa" free="10066944" total="10066944" percent="100" />
    </mem>
    <remembered-set count="13037" />
  </mem-info>
</gc-start>
<allocation-stats totalBytes="59581872" discardedBytes="164288" >
  <allocated-bytes non-tlh="279792" tlh="59302080" />
  <largest-consumer threadName="Cache worker for Java compile cache (/gradle/caches/8.8/javaCompile)" threadId="0000000001396200" bytes="10876760" />
</allocation-stats>
<gc-op id="577" type="scavenge" timems="9.469" contextid="574" timestamp="2024-07-17T20:36:24.915">
  <scavenger-info tenureage="3" tenuremask="4008" tiltratio="78" />
  <memory-copied type="nursery" objects="165515" bytes="6813272" bytesdiscarded="261128" />
  <memory-copied type="tenure" objects="32441" bytes="1520224" bytesdiscarded="960" />
  <finalization candidates="51" enqueued="14" />
  <ownableSynchronizers candidates="95" cleared="19" />
  <references type="soft" candidates="239" cleared="0" enqueued="0" dynamicThreshold="32" maxThreshold="32" />
  <references type="weak" candidates="2336" cleared="0" enqueued="0" />
  <references type="phantom" candidates="43" cleared="0" enqueued="0" />
  <object-monitors candidates="20" cleared="0"  />
</gc-op>
<gc-end id="578" type="scavenge" contextid="574" durationms="10.372" usertimems="57.138" systemtimems="0.694" stalltimems="50.724" timestamp="2024-07-17T20:36:24.915" activeThreads="12">
  <mem-info id="579" free="207808984" total="288751616" percent="71">
    <mem type="nursery" free="63111760" total="87425024" percent="72">
      <mem type="allocate" free="63111760" total="70189056" percent="89" />
      <mem type="survivor" free="0" total="17235968" percent="0" />
    </mem>
    <mem type="tenure" free="144697224" total="201326592" percent="71">
      <mem type="soa" free="134630280" total="191259648" percent="70" />
      <mem type="loa" free="10066944" total="10066944" percent="100" />
    </mem>
    <pending-finalizers system="0" default="14" reference="0" classloader="0" />
    <remembered-set count="7331" />
  </mem-info>
</gc-end>
<cycle-end id="580" type="scavenge" contextid="574" timestamp="2024-07-17T20:36:24.916" />
<allocation-satisfied id="581" threadId="0000000001F44B00" bytesRequested="8200" />
<af-end id="582" timestamp="2024-07-17T20:36:24.916" threadId="0000000001F45538" success="true" from="nursery"/>
<exclusive-end id="583" timestamp="2024-07-17T20:36:24.916" durationms="12.693" />

<exclusive-start id="584" timestamp="2024-07-17T20:36:25.151" intervalms="247.114">
  <response-info timems="0.154" idlems="0.154" threads="0" lastid="0000000001390700" lastname="Build operations Thread 3" />
</exclusive-start>
<af-start id="585" threadId="0000000001391138" totalBytesRequested="24" timestamp="2024-07-17T20:36:25.151" intervalms="247.200" type="nursery" />
<cycle-start id="586" type="scavenge" contextid="0" timestamp="2024-07-17T20:36:25.152" intervalms="247.311" />
<gc-start id="587" type="scavenge" contextid="586" timestamp="2024-07-17T20:36:25.152">
  <mem-info id="588" free="144697224" total="288751616" percent="50">
    <mem type="nursery" free="0" total="87425024" percent="0">
      <mem type="allocate" free="0" total="70189056" percent="0" />
      <mem type="survivor" free="0" total="17235968" percent="0" />
    </mem>
    <mem type="tenure" free="144697224" total="201326592" percent="71">
      <mem type="soa" free="134630280" total="191259648" percent="70" />
      <mem type="loa" free="10066944" total="10066944" percent="100" />
    </mem>
    <remembered-set count="7371" />
  </mem-info>
</gc-start>
<allocation-stats totalBytes="62975680" discardedBytes="136080" >
  <allocated-bytes non-tlh="162672" tlh="62813008" />
  <largest-consumer threadName="Cache worker for Java compile cache (/gradle/caches/8.8/javaCompile)" threadId="0000000001396200" bytes="10400160" />
</allocation-stats>
<gc-op id="589" type="scavenge" timems="12.183" contextid="586" timestamp="2024-07-17T20:36:25.165">
  <scavenger-info tenureage="14" tenuremask="4000" tiltratio="80" />
  <memory-copied type="nursery" objects="184708" bytes="7460688" bytesdiscarded="320624" />
  <finalization candidates="51" enqueued="19" />
  <ownableSynchronizers candidates="34" cleared="0" />
  <references type="soft" candidates="239" cleared="0" enqueued="0" dynamicThreshold="32" maxThreshold="32" />
  <references type="weak" candidates="3303" cleared="0" enqueued="0" />
  <references type="phantom" candidates="38" cleared="0" enqueued="0" />
  <object-monitors candidates="25" cleared="0"  />
</gc-op>
<gc-end id="590" type="scavenge" contextid="586" durationms="15.208" usertimems="9.170" systemtimems="51.119" stalltimems="62.999" timestamp="2024-07-17T20:36:25.167" activeThreads="11">
  <mem-info id="591" free="208674944" total="288751616" percent="72">
    <mem type="nursery" free="63977720" total="87425024" percent="73">
      <mem type="allocate" free="63977720" total="71761920" percent="89" />
      <mem type="survivor" free="0" total="15663104" percent="0" />
    </mem>
    <mem type="tenure" free="144697224" total="201326592" percent="71">
      <mem type="soa" free="134630280" total="191259648" percent="70" />
      <mem type="loa" free="10066944" total="10066944" percent="100" />
    </mem>
    <pending-finalizers system="0" default="19" reference="0" classloader="0" />
    <remembered-set count="6629" />
  </mem-info>
</gc-end>
<cycle-end id="592" type="scavenge" contextid="586" timestamp="2024-07-17T20:36:25.168" />
<allocation-satisfied id="593" threadId="0000000001390700" bytesRequested="24" />
<af-end id="594" timestamp="2024-07-17T20:36:25.169" threadId="0000000001391138" success="true" from="nursery"/>
<exclusive-end id="595" timestamp="2024-07-17T20:36:25.169" durationms="18.207" />

<exclusive-start id="596" timestamp="2024-07-17T20:36:25.330" intervalms="179.789">
  <response-info timems="0.127" idlems="0.127" threads="0" lastid="0000000002242C00" lastname="Build operations Thread 9" />
</exclusive-start>
<af-start id="597" threadId="0000000002243638" totalBytesRequested="8200" timestamp="2024-07-17T20:36:25.331" intervalms="179.701" type="nursery" />
<cycle-start id="598" type="scavenge" contextid="0" timestamp="2024-07-17T20:36:25.331" intervalms="179.601" />
<gc-start id="599" type="scavenge" contextid="598" timestamp="2024-07-17T20:36:25.332">
  <mem-info id="600" free="144697224" total="288751616" percent="50">
    <mem type="nursery" free="0" total="87425024" percent="0">
      <mem type="allocate" free="0" total="71761920" percent="0" />
      <mem type="survivor" free="0" total="15663104" percent="0" />
    </mem>
    <mem type="tenure" free="144697224" total="201326592" percent="71">
      <mem type="soa" free="134630280" total="191259648" percent="70" />
      <mem type="loa" free="10066944" total="10066944" percent="100" />
    </mem>
    <remembered-set count="6668" />
  </mem-info>
</gc-start>
<allocation-stats totalBytes="63903320" discardedBytes="74400" >
  <allocated-bytes non-tlh="3297768" tlh="60605552" />
  <largest-consumer threadName="Build operations Thread 6" threadId="0000000001F44B00" bytes="16825928" />
</allocation-stats>
<gc-op id="601" type="scavenge" timems="7.242" contextid="598" timestamp="2024-07-17T20:36:25.339">
  <scavenger-info tenureage="4" tenuremask="4010" tiltratio="82" />
  <memory-copied type="nursery" objects="136153" bytes="5401528" bytesdiscarded="438320" />
  <memory-copied type="tenure" objects="49111" bytes="1869624" bytesdiscarded="288" />
  <finalization candidates="32" enqueued="2" />
  <ownableSynchronizers candidates="34" cleared="0" />
  <references type="soft" candidates="72" cleared="0" enqueued="0" dynamicThreshold="32" maxThreshold="32" />
  <references type="weak" candidates="3909" cleared="0" enqueued="0" />
  <references type="phantom" candidates="31" cleared="0" enqueued="0" />
  <object-monitors candidates="26" cleared="0"  />
</gc-op>
<gc-end id="602" type="scavenge" contextid="598" durationms="8.362" usertimems="46.728" systemtimems="0.000" stalltimems="24.845" timestamp="2024-07-17T20:36:25.340" activeThreads="10">
  <mem-info id="603" free="209996720" total="288751616" percent="72">
    <mem type="nursery" free="67297784" total="87425024" percent="76">
      <mem type="allocate" free="67297784" total="73138176" percent="92" />
      <mem type="survivor" free="0" total="14286848" percent="0" />
    </mem>
    <mem type="tenure" free="142698936" total="201326592" percent="70">
      <mem type="soa" free="132631992" total="191259648" percent="69" />
      <mem type="loa" free="10066944" total="10066944" percent="100" />
    </mem>
    <pending-finalizers system="0" default="2" reference="0" classloader="0" />
    <remembered-set count="2129" />
  </mem-info>
</gc-end>
<cycle-end id="604" type="scavenge" contextid="598" timestamp="2024-07-17T20:36:25.341" />
<allocation-satisfied id="605" threadId="0000000002242C00" bytesRequested="8200" />
<af-end id="606" timestamp="2024-07-17T20:36:25.341" threadId="0000000002243638" success="true" from="nursery"/>
<exclusive-end id="607" timestamp="2024-07-17T20:36:25.341" durationms="10.901" />

<exclusive-start id="608" timestamp="2024-07-17T20:36:25.508" intervalms="177.731">
  <response-info timems="0.082" idlems="0.059" threads="1" lastid="0000000001F43F00" lastname="Build operations Thread 5" />
</exclusive-start>
<af-start id="609" threadId="0000000002243638" totalBytesRequested="8200" timestamp="2024-07-17T20:36:25.509" intervalms="177.864" type="nursery" />
<cycle-start id="610" type="scavenge" contextid="0" timestamp="2024-07-17T20:36:25.509" intervalms="177.982" />
<gc-start id="611" type="scavenge" contextid="610" timestamp="2024-07-17T20:36:25.510">
  <mem-info id="612" free="142698936" total="288751616" percent="49">
    <mem type="nursery" free="0" total="87425024" percent="0">
      <mem type="allocate" free="0" total="73138176" percent="0" />
      <mem type="survivor" free="0" total="14286848" percent="0" />
    </mem>
    <mem type="tenure" free="142698936" total="201326592" percent="70">
      <mem type="soa" free="132631992" total="191259648" percent="69" />
      <mem type="loa" free="10066944" total="10066944" percent="100" />
    </mem>
    <remembered-set count="2171" />
  </mem-info>
</gc-start>
<allocation-stats totalBytes="67211680" discardedBytes="86104" >
  <allocated-bytes non-tlh="212552" tlh="66999128" />
  <largest-consumer threadName="Build operations Thread 9" threadId="0000000002242C00" bytes="15438000" />
</allocation-stats>
<gc-op id="613" type="scavenge" timems="5.929" contextid="610" timestamp="2024-07-17T20:36:25.516">
  <scavenger-info tenureage="14" tenuremask="4000" tiltratio="83" />
  <memory-copied type="nursery" objects="148490" bytes="5709800" bytesdiscarded="149856" />
  <finalization candidates="5" enqueued="2" />
  <ownableSynchronizers candidates="14" cleared="0" />
  <references type="soft" candidates="72" cleared="0" enqueued="0" dynamicThreshold="32" maxThreshold="32" />
  <references type="weak" candidates="4926" cleared="0" enqueued="0" />
  <references type="phantom" candidates="28" cleared="0" enqueued="0" />
  <object-monitors candidates="26" cleared="0"  />
</gc-op>
<gc-end id="614" type="scavenge" contextid="610" durationms="7.492" usertimems="34.608" systemtimems="0.000" stalltimems="24.302" timestamp="2024-07-17T20:36:25.517" activeThreads="10">
  <mem-info id="615" free="211418784" total="288751616" percent="73">
    <mem type="nursery" free="68719848" total="87425024" percent="78">
      <mem type="allocate" free="68719848" total="74579968" percent="92" />
      <mem type="survivor" free="0" total="12845056" percent="0" />
    </mem>
    <mem type="tenure" free="142698936" total="201326592" percent="70">
      <mem type="soa" free="132631992" total="191259648" percent="69" />
      <mem type="loa" free="10066944" total="10066944" percent="100" />
    </mem>
    <pending-finalizers system="0" default="2" reference="0" classloader="0" />
    <remembered-set count="2125" />
  </mem-info>
</gc-end>
<cycle-end id="616" type="scavenge" contextid="610" timestamp="2024-07-17T20:36:25.518" />
<allocation-satisfied id="617" threadId="0000000002242C00" bytesRequested="8200" />
<af-end id="618" timestamp="2024-07-17T20:36:25.518" threadId="0000000002243638" success="true" from="nursery"/>
<exclusive-end id="619" timestamp="2024-07-17T20:36:25.519" durationms="10.384" />

<exclusive-start id="620" timestamp="2024-07-17T20:36:25.746" intervalms="237.788">
  <response-info timems="0.080" idlems="0.080" threads="0" lastid="0000000001F43F00" lastname="Build operations Thread 5" />
</exclusive-start>
<af-start id="621" threadId="0000000001F44938" totalBytesRequested="8200" timestamp="2024-07-17T20:36:25.746" intervalms="237.774" type="nursery" />
<cycle-start id="622" type="scavenge" contextid="0" timestamp="2024-07-17T20:36:25.747" intervalms="237.688" />
<gc-start id="623" type="scavenge" contextid="622" timestamp="2024-07-17T20:36:25.748">
  <mem-info id="624" free="142698936" total="288751616" percent="49">
    <mem type="nursery" free="0" total="87425024" percent="0">
      <mem type="allocate" free="0" total="74579968" percent="0" />
      <mem type="survivor" free="0" total="12845056" percent="0" />
    </mem>
    <mem type="tenure" free="142698936" total="201326592" percent="70">
      <mem type="soa" free="132631992" total="191259648" percent="69" />
      <mem type="loa" free="10066944" total="10066944" percent="100" />
    </mem>
    <remembered-set count="2171" />
  </mem-info>
</gc-start>
<allocation-stats totalBytes="68611880" discardedBytes="107968" >
  <allocated-bytes non-tlh="257880" tlh="68354000" />
  <largest-consumer threadName="Build operations Thread 5" threadId="0000000001F43F00" bytes="27650152" />
</allocation-stats>
<gc-op id="625" type="scavenge" timems="6.773" contextid="622" timestamp="2024-07-17T20:36:25.755">
  <scavenger-info tenureage="14" tenuremask="4000" tiltratio="85" />
  <memory-copied type="nursery" objects="149201" bytes="5669896" bytesdiscarded="113544" />
  <finalization candidates="3" enqueued="2" />
  <ownableSynchronizers candidates="14" cleared="0" />
  <references type="soft" candidates="72" cleared="0" enqueued="0" dynamicThreshold="32" maxThreshold="32" />
  <references type="weak" candidates="7267" cleared="0" enqueued="0" />
  <references type="phantom" candidates="25" cleared="0" enqueued="0" />
  <object-monitors candidates="26" cleared="0"  />
</gc-op>
<gc-end id="626" type="scavenge" contextid="622" durationms="8.147" usertimems="25.387" systemtimems="12.603" stalltimems="22.784" timestamp="2024-07-17T20:36:25.756" activeThreads="9">
  <mem-info id="627" free="212740232" total="288751616" percent="73">
    <mem type="nursery" free="70041296" total="87425024" percent="80">
      <mem type="allocate" free="70041296" total="75825152" percent="92" />
      <mem type="survivor" free="0" total="11599872" percent="0" />
    </mem>
    <mem type="tenure" free="142698936" total="201326592" percent="70">
      <mem type="soa" free="132631992" total="191259648" percent="69" />
      <mem type="loa" free="10066944" total="10066944" percent="100" />
    </mem>
    <pending-finalizers system="0" default="2" reference="0" classloader="0" />
    <remembered-set count="2117" />
  </mem-info>
</gc-end>
<cycle-end id="628" type="scavenge" contextid="622" timestamp="2024-07-17T20:36:25.756" />
<allocation-satisfied id="629" threadId="0000000001F43F00" bytesRequested="8200" />
<af-end id="630" timestamp="2024-07-17T20:36:25.757" threadId="0000000001F44938" success="true" from="nursery"/>
<exclusive-end id="631" timestamp="2024-07-17T20:36:25.757" durationms="11.092" />

<exclusive-start id="632" timestamp="2024-07-17T20:36:49.880" intervalms="24133.573">
  <response-info timems="0.068" idlems="0.068" threads="0" lastid="0000000000604700" lastname="Daemon worker" />
</exclusive-start>
<af-start id="633" threadId="0000000000605138" totalBytesRequested="136" timestamp="2024-07-17T20:36:49.880" intervalms="24133.651" type="nursery" />
<cycle-start id="634" type="scavenge" contextid="0" timestamp="2024-07-17T20:36:49.881" intervalms="24133.709" />
<gc-start id="635" type="scavenge" contextid="634" timestamp="2024-07-17T20:36:49.881">
  <mem-info id="636" free="142650976" total="288751616" percent="49">
    <mem type="nursery" free="0" total="87425024" percent="0">
      <mem type="allocate" free="0" total="75825152" percent="0" />
      <mem type="survivor" free="0" total="11599872" percent="0" />
    </mem>
    <mem type="tenure" free="142650976" total="201326592" percent="70">
      <mem type="soa" free="132584032" total="191259648" percent="69" />
      <mem type="loa" free="10066944" total="10066944" percent="100" />
    </mem>
    <remembered-set count="4372" />
  </mem-info>
</gc-start>
<allocation-stats totalBytes="70009344" discardedBytes="79912" >
  <allocated-bytes non-tlh="448248" tlh="69561096" />
  <largest-consumer threadName="Cache worker for Java compile cache (/gradle/caches/8.8/javaCompile)" threadId="0000000001396200" bytes="10307376" />
</allocation-stats>
<gc-op id="637" type="scavenge" timems="8.320" contextid="634" timestamp="2024-07-17T20:36:49.890">
  <scavenger-info tenureage="14" tenuremask="4000" tiltratio="86" />
  <memory-copied type="nursery" objects="181897" bytes="6677512" bytesdiscarded="118512" />
  <finalization candidates="153" enqueued="153" />
  <ownableSynchronizers candidates="543" cleared="220" />
  <references type="soft" candidates="109" cleared="0" enqueued="0" dynamicThreshold="32" maxThreshold="32" />
  <references type="weak" candidates="9336" cleared="286" enqueued="286" />
  <references type="phantom" candidates="84" cleared="73" enqueued="73" />
  <object-monitors candidates="27" cleared="7"  />
</gc-op>
<gc-end id="638" type="scavenge" contextid="634" durationms="12.181" usertimems="61.732" systemtimems="0.000" stalltimems="21.490" timestamp="2024-07-17T20:36:49.893" activeThreads="9">
  <mem-info id="639" free="212200592" total="288751616" percent="73">
    <mem type="nursery" free="69549616" total="87425024" percent="79">
      <mem type="allocate" free="69549616" total="76349440" percent="91" />
      <mem type="survivor" free="0" total="11075584" percent="0" />
    </mem>
    <mem type="tenure" free="142650976" total="201326592" percent="70" macro-fragmented="602881">
      <mem type="soa" free="132584032" total="191259648" percent="69" />
      <mem type="loa" free="10066944" total="10066944" percent="100" />
    </mem>
    <pending-finalizers system="152" default="1" reference="359" classloader="0" />
    <remembered-set count="3427" />
  </mem-info>
</gc-end>
<cycle-end id="640" type="scavenge" contextid="634" timestamp="2024-07-17T20:36:49.894" />
<allocation-satisfied id="641" threadId="0000000000604700" bytesRequested="136" />
<af-end id="642" timestamp="2024-07-17T20:36:49.894" threadId="0000000000605138" success="true" from="nursery"/>
<exclusive-end id="643" timestamp="2024-07-17T20:36:49.895" durationms="15.100" />

<exclusive-start id="644" timestamp="2024-07-17T20:36:50.385" intervalms="505.157">
  <response-info timems="0.103" idlems="0.103" threads="0" lastid="0000000001570C00" lastname="Unconstrained build operations Thread 33" />
</exclusive-start>
<af-start id="645" threadId="0000000001571638" totalBytesRequested="24" timestamp="2024-07-17T20:36:50.385" intervalms="505.016" type="nursery" />
<cycle-start id="646" type="scavenge" contextid="0" timestamp="2024-07-17T20:36:50.385" intervalms="504.845" />
<gc-start id="647" type="scavenge" contextid="646" timestamp="2024-07-17T20:36:50.386">
  <mem-info id="648" free="142650880" total="288751616" percent="49">
    <mem type="nursery" free="0" total="87425024" percent="0">
      <mem type="allocate" free="0" total="76349440" percent="0" />
      <mem type="survivor" free="0" total="11075584" percent="0" />
    </mem>
    <mem type="tenure" free="142650880" total="201326592" percent="70">
      <mem type="soa" free="132583936" total="191259648" percent="69" />
      <mem type="loa" free="10066944" total="10066944" percent="100" />
    </mem>
    <remembered-set count="3455" />
  </mem-info>
</gc-start>
<allocation-stats totalBytes="69443272" discardedBytes="106440" >
  <allocated-bytes non-tlh="1049576" tlh="68393696" />
  <largest-consumer threadName="Daemon worker" threadId="0000000000604700" bytes="34118888" />
</allocation-stats>
<gc-op id="649" type="scavenge" timems="7.682" contextid="646" timestamp="2024-07-17T20:36:50.394">
  <scavenger-info tenureage="14" tenuremask="4000" tiltratio="87" />
  <memory-copied type="nursery" objects="229318" bytes="9285304" bytesdiscarded="228288" />
  <ownableSynchronizers candidates="501" cleared="124" />
  <references type="soft" candidates="141" cleared="0" enqueued="0" dynamicThreshold="32" maxThreshold="32" />
  <references type="weak" candidates="9255" cleared="89" enqueued="89" />
  <references type="phantom" candidates="13" cleared="0" enqueued="0" />
  <object-monitors candidates="23" cleared="0"  />
</gc-op>
<gc-end id="650" type="scavenge" contextid="646" durationms="15.912" usertimems="44.520" systemtimems="14.412" stalltimems="18.914" timestamp="2024-07-17T20:36:50.402" activeThreads="10">
  <mem-info id="651" free="207244744" total="288751616" percent="71">
    <mem type="nursery" free="64593864" total="87425024" percent="73">
      <mem type="allocate" free="64593864" total="74121216" percent="87" />
      <mem type="survivor" free="0" total="13303808" percent="0" />
    </mem>
    <mem type="tenure" free="142650880" total="201326592" percent="70" macro-fragmented="119258368">
      <mem type="soa" free="132583936" total="191259648" percent="69" />
      <mem type="loa" free="10066944" total="10066944" percent="100" />
    </mem>
    <pending-finalizers system="0" default="0" reference="89" classloader="0" />
    <remembered-set count="2593" />
  </mem-info>
</gc-end>
<cycle-end id="652" type="scavenge" contextid="646" timestamp="2024-07-17T20:36:50.402" />
<allocation-satisfied id="653" threadId="0000000001570C00" bytesRequested="24" />
<af-end id="654" timestamp="2024-07-17T20:36:50.403" threadId="0000000001571638" success="true" from="nursery"/>
<exclusive-end id="655" timestamp="2024-07-17T20:36:50.403" durationms="18.172" />

<exclusive-start id="656" timestamp="2024-07-17T20:36:51.021" intervalms="636.546">
  <response-info timems="0.147" idlems="0.147" threads="0" lastid="000000000076FE00" lastname="Cache worker for file hash cache (/gradle/caches/8.8/fileHashes" />
</exclusive-start>
<af-start id="657" threadId="0000000000770838" totalBytesRequested="4104" timestamp="2024-07-17T20:36:51.022" intervalms="636.705" type="nursery" />
<cycle-start id="658" type="scavenge" contextid="0" timestamp="2024-07-17T20:36:51.022" intervalms="636.816" />
<gc-start id="659" type="scavenge" contextid="658" timestamp="2024-07-17T20:36:51.023">
  <mem-info id="660" free="142650880" total="288751616" percent="49">
    <mem type="nursery" free="0" total="87425024" percent="0">
      <mem type="allocate" free="0" total="74121216" percent="0" />
      <mem type="survivor" free="0" total="13303808" percent="0" />
    </mem>
    <mem type="tenure" free="142650880" total="201326592" percent="70">
      <mem type="soa" free="132583936" total="191259648" percent="69" />
      <mem type="loa" free="10066944" total="10066944" percent="100" />
    </mem>
    <remembered-set count="2677" />
  </mem-info>
</gc-start>
<allocation-stats totalBytes="64514384" discardedBytes="79480" >
  <allocated-bytes non-tlh="561592" tlh="63952792" />
  <largest-consumer threadName="Daemon worker" threadId="0000000000604700" bytes="29510224" />
</allocation-stats>
<gc-op id="661" type="scavenge" timems="7.712" contextid="658" timestamp="2024-07-17T20:36:51.031">
  <scavenger-info tenureage="3" tenuremask="4018" tiltratio="84" />
  <memory-copied type="nursery" objects="185473" bytes="7098888" bytesdiscarded="98984" />
  <memory-copied type="tenure" objects="36049" bytes="1300552" bytesdiscarded="1168" />
  <ownableSynchronizers candidates="832" cleared="343" />
  <references type="soft" candidates="158" cleared="0" enqueued="0" dynamicThreshold="32" maxThreshold="32" />
  <references type="weak" candidates="5887" cleared="46" enqueued="46" />
  <references type="phantom" candidates="11" cleared="0" enqueued="0" />
  <object-monitors candidates="24" cleared="0"  />
</gc-op>
<gc-end id="662" type="scavenge" contextid="658" durationms="21.292" usertimems="82.463" systemtimems="4.798" stalltimems="25.362" timestamp="2024-07-17T20:36:51.044" activeThreads="11">
  <mem-info id="663" free="208991128" total="288751616" percent="72">
    <mem type="nursery" free="67425712" total="87425024" percent="77">
      <mem type="allocate" free="67425712" total="74645504" percent="90" />
      <mem type="survivor" free="0" total="12779520" percent="0" />
    </mem>
    <mem type="tenure" free="141565416" total="201326592" percent="70" macro-fragmented="119258368">
      <mem type="soa" free="131498472" total="191259648" percent="68" />
      <mem type="loa" free="10066944" total="10066944" percent="100" />
    </mem>
    <pending-finalizers system="0" default="0" reference="46" classloader="0" />
    <remembered-set count="15396" />
  </mem-info>
</gc-end>
<cycle-end id="664" type="scavenge" contextid="658" timestamp="2024-07-17T20:36:51.044" />
<allocation-satisfied id="665" threadId="000000000076FE00" bytesRequested="4104" />
<af-end id="666" timestamp="2024-07-17T20:36:51.045" threadId="0000000000770838" success="true" from="nursery"/>
<exclusive-end id="667" timestamp="2024-07-17T20:36:51.045" durationms="23.724" />

<exclusive-start id="668" timestamp="2024-07-17T20:36:56.126" intervalms="5104.995">
  <response-info timems="0.253" idlems="0.119" threads="4" lastid="00000000013A1800" lastname="Unconstrained build operations Thread 103" />
</exclusive-start>
<af-start id="669" threadId="0000000001EC9238" totalBytesRequested="3144" timestamp="2024-07-17T20:36:56.127" intervalms="5104.839" type="nursery" />
<cycle-start id="670" type="scavenge" contextid="0" timestamp="2024-07-17T20:36:56.127" intervalms="5104.890" />
<gc-start id="671" type="scavenge" contextid="670" timestamp="2024-07-17T20:36:56.128">
  <mem-info id="672" free="141556824" total="288751616" percent="49">
    <mem type="nursery" free="0" total="87425024" percent="0">
      <mem type="allocate" free="0" total="74645504" percent="0" />
      <mem type="survivor" free="0" total="12779520" percent="0" />
    </mem>
    <mem type="tenure" free="141556824" total="201326592" percent="70">
      <mem type="soa" free="131489880" total="191259648" percent="68" />
      <mem type="loa" free="10066944" total="10066944" percent="100" />
    </mem>
    <remembered-set count="15957" />
  </mem-info>
</gc-start>
<allocation-stats totalBytes="67287552" discardedBytes="146752" >
  <allocated-bytes non-tlh="622936" tlh="66664616" />
  <largest-consumer threadName="Execution worker Thread 5" threadId="0000000001932B00" bytes="12062920" />
</allocation-stats>
<gc-op id="673" type="scavenge" timems="11.366" contextid="670" timestamp="2024-07-17T20:36:56.140">
  <scavenger-info tenureage="6" tenuremask="40c0" tiltratio="85" />
  <memory-copied type="nursery" objects="245002" bytes="10473888" bytesdiscarded="395488" />
  <memory-copied type="tenure" objects="27109" bytes="852104" bytesdiscarded="400" />
  <finalization candidates="29" enqueued="29" />
  <ownableSynchronizers candidates="848" cleared="337" />
  <references type="soft" candidates="180" cleared="0" enqueued="0" dynamicThreshold="32" maxThreshold="32" />
  <references type="weak" candidates="4389" cleared="86" enqueued="86" />
  <references type="phantom" candidates="29" cleared="3" enqueued="3" />
  <object-monitors candidates="26" cleared="0"  />
</gc-op>
<gc-end id="674" type="scavenge" contextid="670" durationms="110.760" usertimems="176.951" systemtimems="0.000" stalltimems="47.584" timestamp="2024-07-17T20:36:56.238" activeThreads="12">
  <mem-info id="675" free="201289952" total="288751616" percent="69">
    <mem type="nursery" free="61065096" total="87425024" percent="69">
      <mem type="allocate" free="61065096" total="71958528" percent="84" />
      <mem type="survivor" free="0" total="15466496" percent="0" />
    </mem>
    <mem type="tenure" free="140224856" total="201326592" percent="69" macro-fragmented="119258368">
      <mem type="soa" free="130157912" total="191259648" percent="68" />
      <mem type="loa" free="10066944" total="10066944" percent="100" />
    </mem>
    <pending-finalizers system="28" default="1" reference="89" classloader="0" />
    <remembered-set count="19285" />
  </mem-info>
</gc-end>
<cycle-end id="676" type="scavenge" contextid="670" timestamp="2024-07-17T20:36:56.239" />
<allocation-satisfied id="677" threadId="0000000001EC8800" bytesRequested="3144" />
<af-end id="678" timestamp="2024-07-17T20:36:56.239" threadId="0000000001EC9238" success="true" from="nursery"/>
<exclusive-end id="679" timestamp="2024-07-17T20:36:56.240" durationms="113.268" />

<exclusive-start id="680" timestamp="2024-07-17T20:37:08.171" intervalms="12044.295">
  <response-info timems="0.044" idlems="0.044" threads="0" lastid="0000000000604700" lastname="Daemon worker" />
</exclusive-start>
<af-start id="681" threadId="0000000000605138" totalBytesRequested="24" timestamp="2024-07-17T20:37:08.171" intervalms="12044.440" type="nursery" />
<cycle-start id="682" type="scavenge" contextid="0" timestamp="2024-07-17T20:37:08.171" intervalms="12044.422" />
<gc-start id="683" type="scavenge" contextid="682" timestamp="2024-07-17T20:37:08.172">
  <mem-info id="684" free="140222872" total="288751616" percent="48">
    <mem type="nursery" free="0" total="87425024" percent="0">
      <mem type="allocate" free="0" total="71958528" percent="0" />
      <mem type="survivor" free="0" total="15466496" percent="0" />
    </mem>
    <mem type="tenure" free="140222872" total="201326592" percent="69">
      <mem type="soa" free="130155928" total="191259648" percent="68" />
      <mem type="loa" free="10066944" total="10066944" percent="100" />
    </mem>
    <remembered-set count="19461" />
  </mem-info>
</gc-start>
<allocation-stats totalBytes="61023824" discardedBytes="43256" >
  <allocated-bytes non-tlh="1739928" tlh="59283896" />
  <largest-consumer threadName="Daemon worker" threadId="0000000000604700" bytes="3683040" />
</allocation-stats>
<gc-op id="685" type="scavenge" timems="7.300" contextid="682" timestamp="2024-07-17T20:37:08.180">
  <scavenger-info tenureage="3" tenuremask="4008" tiltratio="82" />
  <memory-copied type="nursery" objects="104029" bytes="4456408" bytesdiscarded="481464" />
  <memory-copied type="tenure" objects="71" bytes="1264" bytesdiscarded="0" />
  <finalization candidates="44" enqueued="44" />
  <ownableSynchronizers candidates="1176" cleared="805" />
  <references type="soft" candidates="114" cleared="0" enqueued="0" dynamicThreshold="32" maxThreshold="32" />
  <references type="weak" candidates="4019" cleared="60" enqueued="24" />
  <references type="phantom" candidates="16" cleared="2" enqueued="2" />
  <object-monitors candidates="27" cleared="7"  />
</gc-op>
<gc-end id="686" type="scavenge" contextid="682" durationms="8.947" usertimems="12.021" systemtimems="21.027" stalltimems="53.754" timestamp="2024-07-17T20:37:08.181" activeThreads="12">
  <mem-info id="687" free="207893864" total="288751616" percent="71">
    <mem type="nursery" free="67670992" total="87425024" percent="77">
      <mem type="allocate" free="67670992" total="72613888" percent="93" />
      <mem type="survivor" free="0" total="14811136" percent="0" />
    </mem>
    <mem type="tenure" free="140222872" total="201326592" percent="69" macro-fragmented="99381968">
      <mem type="soa" free="130155928" total="191259648" percent="68" />
      <mem type="loa" free="10066944" total="10066944" percent="100" />
    </mem>
    <pending-finalizers system="0" default="44" reference="26" classloader="0" />
    <remembered-set count="19323" />
  </mem-info>
</gc-end>
<cycle-end id="688" type="scavenge" contextid="682" timestamp="2024-07-17T20:37:08.181" />
<allocation-satisfied id="689" threadId="0000000000604700" bytesRequested="24" />
<af-end id="690" timestamp="2024-07-17T20:37:08.182" threadId="0000000000605138" success="true" from="nursery"/>
<exclusive-end id="691" timestamp="2024-07-17T20:37:08.182" durationms="11.603" />

<exclusive-start id="692" timestamp="2024-07-17T20:37:08.338" intervalms="167.946">
  <response-info timems="0.117" idlems="0.117" threads="0" lastid="0000000001ED7A00" lastname="Unconstrained build operations Thread 38" />
</exclusive-start>
<af-start id="693" threadId="0000000001ED8438" totalBytesRequested="8200" timestamp="2024-07-17T20:37:08.339" intervalms="167.925" type="nursery" />
<cycle-start id="694" type="scavenge" contextid="0" timestamp="2024-07-17T20:37:08.339" intervalms="167.938" />
<gc-start id="695" type="scavenge" contextid="694" timestamp="2024-07-17T20:37:08.340">
  <mem-info id="696" free="140222872" total="288751616" percent="48">
    <mem type="nursery" free="0" total="87425024" percent="0">
      <mem type="allocate" free="0" total="72613888" percent="0" />
      <mem type="survivor" free="0" total="14811136" percent="0" />
    </mem>
    <mem type="tenure" free="140222872" total="201326592" percent="69">
      <mem type="soa" free="130155928" total="191259648" percent="68" />
      <mem type="loa" free="10066944" total="10066944" percent="100" />
    </mem>
    <remembered-set count="19401" />
  </mem-info>
</gc-start>
<allocation-stats totalBytes="67599688" discardedBytes="71304" >
  <allocated-bytes non-tlh="1246120" tlh="66353568" />
  <largest-consumer threadName="Daemon worker" threadId="0000000000604700" bytes="32588864" />
</allocation-stats>
<gc-op id="697" type="scavenge" timems="6.056" contextid="694" timestamp="2024-07-17T20:37:08.347">
  <scavenger-info tenureage="10" tenuremask="4c00" tiltratio="83" />
  <memory-copied type="nursery" objects="129171" bytes="5989536" bytesdiscarded="122992" />
  <memory-copied type="tenure" objects="29570" bytes="924056" bytesdiscarded="480" />
  <ownableSynchronizers candidates="543" cleared="163" />
  <references type="soft" candidates="80" cleared="0" enqueued="0" dynamicThreshold="32" maxThreshold="32" />
  <references type="weak" candidates="2117" cleared="85" enqueued="85" />
  <references type="phantom" candidates="17" cleared="0" enqueued="0" />
  <object-monitors candidates="21" cleared="0"  />
</gc-op>
<gc-end id="698" type="scavenge" contextid="694" durationms="7.167" usertimems="40.222" systemtimems="0.000" stalltimems="18.919" timestamp="2024-07-17T20:37:08.348" activeThreads="10">
  <mem-info id="699" free="207150344" total="288751616" percent="71">
    <mem type="nursery" free="67732336" total="87425024" percent="77">
      <mem type="allocate" free="67732336" total="73859072" percent="91" />
      <mem type="survivor" free="0" total="13565952" percent="0" />
    </mem>
    <mem type="tenure" free="139418008" total="201326592" percent="69" macro-fragmented="119258368">
      <mem type="soa" free="129351064" total="191259648" percent="67" />
      <mem type="loa" free="10066944" total="10066944" percent="100" />
    </mem>
    <pending-finalizers system="0" default="0" reference="85" classloader="0" />
    <remembered-set count="3276" />
  </mem-info>
</gc-end>
<cycle-end id="700" type="scavenge" contextid="694" timestamp="2024-07-17T20:37:08.348" />
<allocation-satisfied id="701" threadId="0000000001ED7A00" bytesRequested="8200" />
<af-end id="702" timestamp="2024-07-17T20:37:08.349" threadId="0000000001ED8438" success="true" from="nursery"/>
<exclusive-end id="703" timestamp="2024-07-17T20:37:08.349" durationms="10.673" />

<exclusive-start id="704" timestamp="2024-07-17T20:37:08.626" intervalms="287.962">
  <response-info timems="0.122" idlems="0.122" threads="0" lastid="0000000001435100" lastname="Unconstrained build operations Thread 81" />
</exclusive-start>
<af-start id="705" threadId="0000000001435B38" totalBytesRequested="24" timestamp="2024-07-17T20:37:08.627" intervalms="287.839" type="nursery" />
<cycle-start id="706" type="scavenge" contextid="0" timestamp="2024-07-17T20:37:08.627" intervalms="287.850" />
<gc-start id="707" type="scavenge" contextid="706" timestamp="2024-07-17T20:37:08.628">
  <mem-info id="708" free="139418008" total="288751616" percent="48">
    <mem type="nursery" free="0" total="87425024" percent="0">
      <mem type="allocate" free="0" total="73859072" percent="0" />
      <mem type="survivor" free="0" total="13565952" percent="0" />
    </mem>
    <mem type="tenure" free="139418008" total="201326592" percent="69">
      <mem type="soa" free="129351064" total="191259648" percent="67" />
      <mem type="loa" free="10066944" total="10066944" percent="100" />
    </mem>
    <remembered-set count="3296" />
  </mem-info>
</gc-start>
<allocation-stats totalBytes="67682568" discardedBytes="49768" >
  <allocated-bytes non-tlh="500080" tlh="67182488" />
  <largest-consumer threadName="Daemon worker" threadId="0000000000604700" bytes="35335128" />
</allocation-stats>
<gc-op id="709" type="scavenge" timems="6.491" contextid="706" timestamp="2024-07-17T20:37:08.635">
  <scavenger-info tenureage="6" tenuremask="4040" tiltratio="84" />
  <memory-copied type="nursery" objects="100611" bytes="4298456" bytesdiscarded="87456" />
  <memory-copied type="tenure" objects="38422" bytes="1417376" bytesdiscarded="464" />
  <ownableSynchronizers candidates="844" cleared="357" />
  <references type="soft" candidates="58" cleared="0" enqueued="0" dynamicThreshold="32" maxThreshold="32" />
  <references type="weak" candidates="427" cleared="47" enqueued="47" />
  <references type="phantom" candidates="11" cleared="0" enqueued="0" />
  <object-monitors candidates="21" cleared="0"  />
</gc-op>
<gc-end id="710" type="scavenge" contextid="706" durationms="7.655" usertimems="25.125" systemtimems="12.048" stalltimems="25.371" timestamp="2024-07-17T20:37:08.635" activeThreads="10">
  <mem-info id="711" free="208684200" total="288751616" percent="72">
    <mem type="nursery" free="70761520" total="87425024" percent="80">
      <mem type="allocate" free="70761520" total="75169792" percent="94" />
      <mem type="survivor" free="0" total="12255232" percent="0" />
    </mem>
    <mem type="tenure" free="137922680" total="201326592" percent="68" macro-fragmented="47927252">
      <mem type="soa" free="127855736" total="191259648" percent="66" />
      <mem type="loa" free="10066944" total="10066944" percent="100" />
    </mem>
    <pending-finalizers system="0" default="0" reference="47" classloader="0" />
    <remembered-set count="949" />
  </mem-info>
</gc-end>
<cycle-end id="712" type="scavenge" contextid="706" timestamp="2024-07-17T20:37:08.636" />
<allocation-satisfied id="713" threadId="0000000001435100" bytesRequested="24" />
<af-end id="714" timestamp="2024-07-17T20:37:08.637" threadId="0000000001435B38" success="true" from="nursery"/>
<exclusive-end id="715" timestamp="2024-07-17T20:37:08.637" durationms="10.390" />

<exclusive-start id="716" timestamp="2024-07-17T20:37:12.574" intervalms="3947.732">
  <response-info timems="0.085" idlems="0.085" threads="0" lastid="0000000001570C00" lastname="Execution worker Thread 3" />
</exclusive-start>
<af-start id="717" threadId="0000000001571638" totalBytesRequested="520" timestamp="2024-07-17T20:37:12.575" intervalms="3947.847" type="nursery" />
<cycle-start id="718" type="scavenge" contextid="0" timestamp="2024-07-17T20:37:12.575" intervalms="3948.059" />
<gc-start id="719" type="scavenge" contextid="718" timestamp="2024-07-17T20:37:12.576">
  <mem-info id="720" free="137917448" total="288751616" percent="47">
    <mem type="nursery" free="0" total="87425024" percent="0">
      <mem type="allocate" free="0" total="75169792" percent="0" />
      <mem type="survivor" free="0" total="12255232" percent="0" />
    </mem>
    <mem type="tenure" free="137917448" total="201326592" percent="68">
      <mem type="soa" free="127850504" total="191259648" percent="66" />
      <mem type="loa" free="10066944" total="10066944" percent="100" />
    </mem>
    <remembered-set count="1245" />
  </mem-info>
</gc-start>
<allocation-stats totalBytes="70667848" discardedBytes="98904" >
  <allocated-bytes non-tlh="631888" tlh="70035960" />
  <largest-consumer threadName="Execution worker Thread 8" threadId="000000000139AB00" bytes="11801912" />
</allocation-stats>
<gc-op id="721" type="scavenge" timems="6.904" contextid="718" timestamp="2024-07-17T20:37:12.584">
  <scavenger-info tenureage="14" tenuremask="4000" tiltratio="85" />
  <memory-copied type="nursery" objects="183191" bytes="8303152" bytesdiscarded="118928" />
  <finalization candidates="4" enqueued="4" />
  <ownableSynchronizers candidates="828" cleared="335" />
  <references type="soft" candidates="76" cleared="0" enqueued="0" dynamicThreshold="32" maxThreshold="32" />
  <references type="weak" candidates="630" cleared="68" enqueued="68" />
  <references type="phantom" candidates="28" cleared="1" enqueued="1" />
  <object-monitors candidates="21" cleared="0"  />
</gc-op>
<gc-end id="722" type="scavenge" contextid="718" durationms="16.816" usertimems="36.954" systemtimems="11.417" stalltimems="25.927" timestamp="2024-07-17T20:37:12.593" activeThreads="10">
  <mem-info id="723" free="203002032" total="288751616" percent="70">
    <mem type="nursery" free="65084584" total="87425024" percent="74">
      <mem type="allocate" free="65084584" total="73531392" percent="88" />
      <mem type="survivor" free="0" total="13893632" percent="0" />
    </mem>
    <mem type="tenure" free="137917448" total="201326592" percent="68" macro-fragmented="119258368">
      <mem type="soa" free="127850504" total="191259648" percent="66" />
      <mem type="loa" free="10066944" total="10066944" percent="100" />
    </mem>
    <pending-finalizers system="3" default="1" reference="69" classloader="0" />
    <remembered-set count="1032" />
  </mem-info>
</gc-end>
<cycle-end id="724" type="scavenge" contextid="718" timestamp="2024-07-17T20:37:12.594" />
<allocation-satisfied id="725" threadId="0000000001570C00" bytesRequested="520" />
<af-end id="726" timestamp="2024-07-17T20:37:12.594" threadId="0000000001571638" success="true" from="nursery"/>
<exclusive-end id="727" timestamp="2024-07-17T20:37:12.595" durationms="20.647" />

<exclusive-start id="728" timestamp="2024-07-17T20:40:23.935" intervalms="191360.650">
  <response-info timems="0.033" idlems="0.033" threads="0" lastid="00000000001C9000" lastname="VM Runtime State Listener" />
</exclusive-start>
<sys-start reason="vm idle" id="729" timestamp="2024-07-17T20:40:23.935" intervalms="260296.104" />
<cycle-start id="730" type="global" contextid="0" timestamp="2024-07-17T20:40:23.936" intervalms="260296.525" />
<gc-start id="731" type="global" contextid="730" timestamp="2024-07-17T20:40:23.936">
  <mem-info id="732" free="153820128" total="288751616" percent="53">
    <mem type="nursery" free="15902880" total="87425024" percent="18">
      <mem type="allocate" free="15902880" total="73531392" percent="21" />
      <mem type="survivor" free="0" total="13893632" percent="0" />
    </mem>
    <mem type="tenure" free="137917248" total="201326592" percent="68">
      <mem type="soa" free="127850304" total="191259648" percent="66" />
      <mem type="loa" free="10066944" total="10066944" percent="100" />
    </mem>
    <remembered-set count="1135" />
  </mem-info>
</gc-start>
<allocation-stats totalBytes="49123088" discardedBytes="58816" >
  <allocated-bytes non-tlh="1885392" tlh="47237696" />
  <largest-consumer threadName="Daemon periodic checks" threadId="00000000005AF900" bytes="1170016" />
</allocation-stats>
<gc-op id="733" type="mark" timems="32.157" contextid="730" timestamp="2024-07-17T20:40:23.969">
  <trace-info objectcount="926791" scancount="803958" scanbytes="27210832" />
  <finalization candidates="824" enqueued="69" />
  <ownableSynchronizers candidates="6413" cleared="1281" />
  <references type="soft" candidates="29365" cleared="0" enqueued="0" dynamicThreshold="32" maxThreshold="32" />
  <references type="weak" candidates="28911" cleared="4974" enqueued="4934" />
  <references type="phantom" candidates="1409" cleared="2" enqueued="2" />
  <stringconstants candidates="44906" cleared="1418"  />
  <object-monitors candidates="22" cleared="13"  />
</gc-op>
<gc-op id="734" type="classunload" timems="3.000" contextid="730" timestamp="2024-07-17T20:40:23.972">
  <classunload-info classloadercandidates="208" classloadersunloaded="15" classesunloaded="14" anonymousclassesunloaded="4" quiescems="0.000" setupms="2.888" scanms="0.096" postms="0.015" />
</gc-op>
<gc-op id="735" type="sweep" timems="2.272" contextid="730" timestamp="2024-07-17T20:40:23.975" />
<gc-end id="736" type="global" contextid="730" durationms="44.825" usertimems="222.213" systemtimems="15.035" stalltimems="225.489" timestamp="2024-07-17T20:40:23.981" activeThreads="12">
  <mem-info id="737" free="221989528" total="288751616" percent="76">
    <mem type="nursery" free="71981184" total="87425024" percent="82">
      <mem type="allocate" free="71981184" total="73531392" percent="97" />
      <mem type="survivor" free="0" total="13893632" percent="0" />
    </mem>
    <mem type="tenure" free="150008344" total="201326592" percent="74" micro-fragmented="1351130" macro-fragmented="119258368">
      <mem type="soa" free="139941400" total="191259648" percent="73" />
      <mem type="loa" free="10066944" total="10066944" percent="100" />
    </mem>
    <pending-finalizers system="0" default="69" reference="4936" classloader="0" />
    <remembered-set count="1045" />
  </mem-info>
</gc-end>
<cycle-end id="738" type="global" contextid="730" timestamp="2024-07-17T20:40:23.982" />
<heap-fixup timems="4.523" reason="class unloading"  timestamp="2024-07-17T20:40:23.982" />
<sys-end id="739" timestamp="2024-07-17T20:40:23.982" />
<exclusive-end id="740" timestamp="2024-07-17T20:40:23.982" durationms="47.582" />

<heap-resize id="741" type="release free pages" space="tenure" amount="146722816" count="1" timems="2.080" reason="idle" timestamp="2024-07-17T20:40:23.985" />
